Input graph file parsed. # of vertices = 607, # of edges = 6337
s 597 599 601 602 598 600 603 583 585 587 588 584 586 589 590 592 594 595 591 593 596 604 553 555 557 558 554 556 559 539 541 543 544 540 542 545 546 548 550 551 547 549 552 560 575 577 579 580 576 578 581 561 563 565 566 562 564 567 568 570 572 573 569 571 574 582 605 463 465 467 468 464 466 469 449 451 453 454 450 452 455 456 458 460 461 457 459 462 470 419 421 423 424 420 422 425 405 407 409 410 406 408 411 412 414 416 417 413 415 418 426 441 443 445 446 442 444 447 427 429 431 432 428 430 433 434 436 438 439 435 437 440 448 471 530 532 534 535 531 533 536 516 518 520 521 517 519 522 523 525 527 528 524 526 529 537 486 488 490 491 487 489 492 472 474 476 477 473 475 478 479 481 483 484 480 482 485 493 508 510 512 513 509 511 514 494 496 498 499 495 497 501 503 505 506 502 504 507 515 538 606 193 195 197 198 194 196 199 179 181 183 184 180 182 185 186 188 190 191 187 189 192 200 149 151 153 154 150 152 155 135 137 139 140 136 138 141 142 144 146 147 143 145 148 156 171 173 175 176 172 174 177 157 159 161 162 158 160 163 164 166 168 169 165 167 170 178 201 59 61 63 64 60 62 65 45 47 49 50 46 48 51 52 54 56 57 53 55 58 66 15 17 19 20 16 18 21 2 4 6
t 597 599 601 602 598 600 603 583 585 587 588 584 586 589 590 592 594 595 591 593 596 604 553 555 557 558 554 556 559 539 541 543 544 540 542 545 546 548 550 551 547 549 552 560 575 577 579 580 576 578 581 561 563 565 566 562 564 567 568 570 572 573 569 571 574 582 605 463 465 467 468 464 466 469 449 451 453 454 450 452 455 456 458 460 461 457 459 462 470 419 421 423 424 420 422 425 405 407 409 410 406 408 411 412 414 416 417 413 415 418 426 441 443 445 446 442 444 447 427 429 431 432 428 430 433 434 436 438 439 435 437 440 448 471 530 532 534 535 531 533 516 518 520 521 517 519 522 523 525 527 528 524 526 529 537 486 488 490 491 487 489 492 472 474 476 477 473 475 478 479 481 483 484 480 482 485 493 508 510 512 513 509 511 514 494 496 498 499 495 497 500 501 503 505 506 502 504 507 515 538 606 193 195 197 198 194 196 199 179 181 183 184 180 182 185 186 188 190 191 187 189 192 200 149 151 153 154 150 152 155 135 137 139 140 136 138 141 142 144 146 147 143 145 148 156 171 173 175 176 172 174 177 157 159 161 162 158 160 163 164 166 168 169 165 167 170 178 201 59 61 63 64 60 62 65 45 47 49 50 46 48 51 52 54 56 57 53 55 58 66 15 17 19 20 16 18 21 1 5 6
Solution space ZDD construction start
Command exited with non-zero status 124
	Command being timed: "timeout 30m ../ddreconf/ddreconf ../instances_pwwt_from_heur_col/1-Insertions_6.pwwt.col --stfile=../benchmark_instances/2023result/docs/solver/benchmark/2022benchmark/benchmark/color04/1-Insertions_6_02.dat --tj --indset --st"
	User time (seconds): 1745.77
	System time (seconds): 49.96
	Percent of CPU this job got: 99%
	Elapsed (wall clock) time (h:mm:ss or m:ss): 30:00.31
	Average shared text size (kbytes): 0
	Average unshared data size (kbytes): 0
	Average stack size (kbytes): 0
	Average total size (kbytes): 0
	Maximum resident set size (kbytes): 115413980
	Average resident set size (kbytes): 0
	Major (requiring I/O) page faults: 0
	Minor (reclaiming a frame) page faults: 1542151
	Voluntary context switches: 444
	Involuntary context switches: 1221
	Swaps: 0
	File system inputs: 0
	File system outputs: 8
	Socket messages sent: 0
	Socket messages received: 0
	Signals delivered: 0
	Page size (bytes): 4096
	Exit status: 124
