Input graph file parsed. # of vertices = 852, # of edges = 12201
s 793 805 829 830 806 794 831 832 807 808 795 796 833 834 837 835 836 838 839 840 843 809 810 813 811 812 814 815 816 797 798 801 799 800 802 803 804 842 817 818 819 820 821 822 825 823 824 826 827 828 841 844 847 689 701 725 726 702 690 727 728 703 704 691 692 729 730 733 731 732 734 735 736 739 705 706 709 707 708 710 711 712 693 694 697 695 696 698 699 700 738 713 714 715 716 717 718 721 719 720 722 723 724 737 740 637 649 673 674 650 638 675 676 651 652 639 640 677 678 681 679 680 682 683 684 687 653 654 657 655 656 658 659 660 641 642 645 643 644 646 647 648 686 661 662 663 664 665 666 669 667 668 670 671 672 685 688 846 741 753 777 778 754 742 779 780 755 756 743 744 781 782 785 783 784 786 787 788 791 757 758 761 759 760 762 763 764 745 746 749 747 748 751 752 790 765 766 767 768 769 770 773 771 772 774 775 776 789 792 845 848 851 369 381 405 406 382 370 407 408 383 384 371 372 409 410 413 411 412 414 415 416 419 385 386 389 387 388 390 391 392 373 374 377 375 376 378 379 380 418 393 394 395 396 397 398 401 399 400 402 403 404 417 420 423 421 424 317 329 353 354 330 318 355 356 331 332 319 320 357 358 361 359 360 362 363 364 367 333 334 337 335 336 338 339 340 321 322 325 323 324 326 327 328 366 341 342 343 344 345 346 349 347 348 350 351 352 365 368 422 213 265 214 266 225 277 226 278 249 250 301 302 237 289 238 290 251 303 252 304 227 279 228 280 215 267 216 268 239 291 240 292 253 305 254 306 257 309 255 256 258 259 260 263 307 308 310 311 312 315 261 264 313 316 229 281 230 282 233 285 231 232 234 235 236 283 284 286 287 288 243 244 247 295 296 299 219 220 223 271 272 275 246 298 222 274 217 241 269 293 218 242 245 248 262 270 273 276 294 297 300 314 224 221
t 793 805 829 830 806 794 831 832 807 808 795 796 833 834 837 835 836 838 839 840 843 809 810 813 811 812 814 815 816 797 798 801 799 800 802 803 804 842 817 818 819 820 821 822 825 823 824 826 827 828 841 844 847 689 701 725 726 702 690 727 728 703 704 691 692 729 730 733 731 732 734 735 736 739 705 706 709 707 708 710 711 712 693 694 697 695 696 698 699 700 738 713 714 715 716 717 718 721 719 720 722 723 724 737 740 637 649 673 674 650 638 675 676 651 652 639 640 677 678 681 679 680 682 683 684 687 653 654 657 655 656 658 659 660 641 642 645 643 644 646 647 648 686 661 662 663 664 665 666 669 667 668 670 671 672 685 688 846 741 753 777 778 754 742 779 780 755 756 743 744 781 782 785 783 784 786 787 788 791 757 758 761 759 760 762 763 764 745 746 749 747 748 750 751 752 790 765 766 767 768 769 770 773 771 772 774 775 776 789 792 845 848 851 369 381 405 406 370 407 408 383 384 371 372 409 410 413 411 412 414 415 416 419 385 386 389 387 388 390 391 392 373 374 377 375 376 378 379 380 418 393 394 395 396 397 398 401 399 400 402 403 404 417 420 423 421 424 317 329 353 354 330 318 355 356 331 332 319 320 357 358 361 359 360 362 363 364 367 333 334 337 335 336 338 339 340 321 322 325 323 324 326 327 328 366 341 342 343 344 345 346 349 347 348 350 351 352 365 368 422 213 265 214 266 225 277 226 278 249 250 301 302 237 289 238 290 251 303 252 304 227 279 228 280 215 267 216 268 239 291 240 292 253 305 254 306 257 309 255 256 258 259 260 263 307 308 310 311 312 315 261 264 313 316 229 281 230 282 233 285 231 232 234 235 236 283 284 286 287 288 243 244 247 295 296 299 219 220 223 271 272 275 246 298 222 274 217 241 269 293 218 242 245 248 262 270 273 276 294 297 300 314 224 221
Solution space ZDD construction start
Command exited with non-zero status 124
	Command being timed: "timeout 30m ../ddreconf/ddreconf ../instances_pwwt_from_heur_col/2-FullIns_5.pwwt.col --stfile=../benchmark_instances/2023result/docs/solver/benchmark/2022benchmark/benchmark/color04/2-FullIns_5_02.dat --tj --indset --st"
	User time (seconds): 1729.91
	System time (seconds): 66.10
	Percent of CPU this job got: 99%
	Elapsed (wall clock) time (h:mm:ss or m:ss): 30:00.44
	Average shared text size (kbytes): 0
	Average unshared data size (kbytes): 0
	Average stack size (kbytes): 0
	Average total size (kbytes): 0
	Maximum resident set size (kbytes): 134337064
	Average resident set size (kbytes): 0
	Major (requiring I/O) page faults: 0
	Minor (reclaiming a frame) page faults: 1519316
	Voluntary context switches: 355
	Involuntary context switches: 1278
	Swaps: 0
	File system inputs: 0
	File system outputs: 8
	Socket messages sent: 0
	Socket messages received: 0
	Signals delivered: 0
	Page size (bytes): 4096
	Exit status: 124
