Input graph file parsed. # of vertices = 154, # of edges = 792
s 1 5 6 9 10 13 14 18 43 44 45 46 47 48 49 50 51 52 53 54 55 56 57 58 59 60 61 62 63 85 86 87 88 89 90 91 92 93 94 95 96 97 98 99 100 101 102 103 104 105 127 128 129 130 131 132 133 134 135 136 137 138 139 140 141 142 143 144 145 146 147 149
t 1 5 6 9 10 13 14 20 43 44 45 46 47 48 49 50 51 52 53 54 55 56 57 58 59 60 61 62 63 85 86 87 88 89 90 91 92 93 94 95 96 97 98 99 100 101 102 103 104 105 127 128 129 130 131 132 133 134 135 136 137 138 139 140 141 142 143 144 145 146 147 149
Solution space ZDD construction start
Solution space ZDD construction end
Solution space ZDD construction time = 65.046661
Solution space ZDD size = 3508485
# of elements in the solution space = 958445790577822897653308
Start searching a reconfiguration sequence from s to t
Step 1 time = 0.000283, # ZDD nodes = 149, # elems = 6
t found
a YES
a 1 5 6 9 10 13 14 18 43 44 45 46 47 48 49 50 51 52 53 54 55 56 57 58 59 60 61 62 63 85 86 87 88 89 90 91 92 93 94 95 96 97 98 99 100 101 102 103 104 105 127 128 129 130 131 132 133 134 135 136 137 138 139 140 141 142 143 144 145 146 147 149
a 1 5 6 9 10 13 14 20 43 44 45 46 47 48 49 50 51 52 53 54 55 56 57 58 59 60 61 62 63 85 86 87 88 89 90 91 92 93 94 95 96 97 98 99 100 101 102 103 104 105 127 128 129 130 131 132 133 134 135 136 137 138 139 140 141 142 143 144 145 146 147 149
Reconfiguration time = 0.000854
	Command being timed: "timeout 30m ../ddreconf/ddreconf ../benchmark_instances/2023result/docs/solver/benchmark/2022benchmark/benchmark/color04/5-FullIns_3.col --stfile=../benchmark_instances/2023result/docs/solver/benchmark/2022benchmark/benchmark/color04/5-FullIns_3_01.dat --tj --indset --st"
	User time (seconds): 64.68
	System time (seconds): 1.16
	Percent of CPU this job got: 99%
	Elapsed (wall clock) time (h:mm:ss or m:ss): 1:05.98
	Average shared text size (kbytes): 0
	Average unshared data size (kbytes): 0
	Average stack size (kbytes): 0
	Average total size (kbytes): 0
	Maximum resident set size (kbytes): 2404788
	Average resident set size (kbytes): 0
	Major (requiring I/O) page faults: 0
	Minor (reclaiming a frame) page faults: 83042
	Voluntary context switches: 11
	Involuntary context switches: 88
	Swaps: 0
	File system inputs: 0
	File system outputs: 16
	Socket messages sent: 0
	Socket messages received: 0
	Signals delivered: 0
	Page size (bytes): 4096
	Exit status: 0
