Input graph file parsed. # of vertices = 662, # of edges = 4181
s 1 461 404 402 459 457 339 326 337 398 400 263 132 202 200 259 257 261 125 128 195 191 250 252 121 188 243 322 324 331 245 255 318 307 309 313 329 335 179 181 185 119 170 166 116 9 6 8 11 17 54 311 327 297 303 233 172 176 178 174 157 159 161 390 396 453 384 388 394 371 375 436 438 443 449 512 513 517 510 547 231 237 292 294 224 151 153 133 142 138 213 215 140 149 226 283 239 287 299 368 145 204 210 279 217 272 277 285 208 270 351 268 206 266 343 405 464 349 407 472 281 357 347 355 409 364 370 422 427 366 412 426 418 466 474 420 424 470 440 501 479 483 490 431 481 485 496 523 529 494 498 534 532 503 535 540 542 544 519 555 557 561 584 582 568 573 577 587 591 579 589 593 600 604 564 598 602 607 613 611 616 622 620 624 625 629 631 636 640 638 642 645 651 647 655 660 661 4 23 25 27 37 31 86 19 29 60 68 72 74 46 48 66 82 101 33 44 64 80 88 90 92 96 98 109 111 113 94
t 1 461 404 402 459 457 339 326 337 398 400 263 132 202 200 259 257 261 125 128 195 191 250 252 121 188 243 322 324 331 245 255 318 307 309 313 329 335 179 181 185 170 166 116 9 6 8 11 17 54 311 327 297 303 233 172 176 178 174 157 159 161 390 396 453 384 388 394 371 375 436 438 443 449 512 513 517 510 547 231 237 292 294 224 151 153 133 142 138 213 215 140 149 226 283 239 287 299 368 145 204 210 279 217 272 277 285 208 270 351 268 206 266 343 405 464 349 407 472 281 357 347 355 409 364 370 422 427 366 412 426 418 466 474 420 424 470 440 501 479 483 490 431 481 485 496 523 529 494 498 534 532 503 535 540 542 544 552 519 555 557 561 584 582 568 573 577 587 591 579 589 593 600 604 564 598 602 607 613 611 616 622 620 624 625 629 631 636 640 638 642 645 651 647 655 660 661 4 23 25 27 37 31 86 19 29 60 68 72 74 46 48 66 82 101 33 44 64 80 88 90 92 96 98 109 111 113 94
Solution space ZDD construction start
Command exited with non-zero status 124
	Command being timed: "timeout 30m ../ddreconf/ddreconf ../instances_pwwt_from_heur_col/ash331GPIA.pwwt.col --stfile=../benchmark_instances/2023result/docs/solver/benchmark/2022benchmark/benchmark/color04/ash331GPIA_02.dat --tj --indset --st"
	User time (seconds): 1729.79
	System time (seconds): 67.10
	Percent of CPU this job got: 99%
	Elapsed (wall clock) time (h:mm:ss or m:ss): 30:00.39
	Average shared text size (kbytes): 0
	Average unshared data size (kbytes): 0
	Average stack size (kbytes): 0
	Average total size (kbytes): 0
	Maximum resident set size (kbytes): 132424672
	Average resident set size (kbytes): 0
	Major (requiring I/O) page faults: 0
	Minor (reclaiming a frame) page faults: 935553
	Voluntary context switches: 49
	Involuntary context switches: 1195
	Swaps: 0
	File system inputs: 0
	File system outputs: 8
	Socket messages sent: 0
	Socket messages received: 0
	Signals delivered: 0
	Page size (bytes): 4096
	Exit status: 124
