Input graph file parsed. # of vertices = 1600, # of edges = 3120
s 1 3 42 81 5 44 83 122 161 7 46 85 124 163 202 241 9 48 87 126 165 204 243 282 321 11 50 89 128 167 206 245 284 323 362 401 13 52 91 130 169 208 247 286 325 364 403 442 481 15 54 93 132 171 210 249 288 327 366 405 444 483 522 561 17 56 95 134 173 212 251 290 329 368 407 446 485 524 563 602 641 19 58 97 136 175 214 253 292 331 370 409 448 487 526 565 604 643 682 721 21 60 99 138 177 216 255 294 333 372 411 450 489 528 567 606 645 684 723 762 801 23 62 101 140 179 218 257 296 335 374 413 452 491 530 569 608 647 686 725 764 803 842 881 25 64 103 142 181 220 259 298 337 376 415 454 493 532 571 610 649 688 727 766 805 844 883 922 961 27 66 105 144 183 222 261 300 339 378 417 456 495 534 573 612 651 690 729 768 807 846 885 924 963 1002 1041 29 68 107 146 185 224 263 302 341 380 419 458 497 536 575 614 653 692 731 770 809 848 887 926 965 1004 1043 1082 1121 31 70 109 148 187 226 265 304 343 382 421 460 499 538 577 616 655 694 733 772 811 850 889 928 967 1006 1045 1084 1123 1162 1201 33 72 111 150 189 228 267 306 345 384 423 462 501 540 579 618 657 696 735 774 813 852 891 930 969 1008 1047 1086 1125 1164 1203 1242 1281 35 74 113 152 191 230 269 308 347 386 425 464 503 542 581 620 659 698 737 776 815 854 893 932 971 1010 1049 1088 1127 1166 1205 1244 1283 1322 1361 37 76 115 154 193 232 271 310 349 388 427 466 505 544 583 622 661 700 739 778 817 856 895 934 973 1012 1051 1090 1129 1168 1207 1246 1285 1324 1363 1402 1441 39 78 80 117 119 156 158 160 195 197 199 234 236 238 240 273 275 277 279 312 314 316 318 320 351 353 355 357 359 390 392 394 396 398 400 429 431 433 435 437 439 468 470 472 474 476 478 480 507 509 511 513 515 517 519 546 548 550 552 554 556 558 560 585 587 589 591 593 595 597 599 624 626 628 630 632 634 636 638 640 663 665 667 669 671 673 675 677 679 702 704 706 708 710 712 714 716 718 720 741 743 745 747 749 751 753 755 757 759 780 782 784 786 788 790 792 794 798 800 819 821 823 825 827 829 831 833 835 837 839 858 860 862 864 866 868 870 872 874 876 878 880 897 899 901 903 905 907 909 911 913 915 917 919 936 938 940 942 944 946 948 950 952 954 956 958 960 975 977 979 981 983 985 987 989 991 993 995 997 999 1014 1016 1018 1020 1022 1024 1026 1028 1030 1032 1034 1036 1038 1040 1053 1055 1057 1059 1061 1063 1065 1067 1069 1071 1073 1075 1077 1079 1092 1094 1096 1098 1100 1102 1104 1106 1108 1110 1112 1114 1116 1118 1120 1131 1133 1135 1137 1139 1141 1143 1145 1147 1149 1151 1153 1155 1157 1159 1170 1172 1174 1176 1178 1180 1182 1184 1186 1188 1190 1192 1194 1196 1198 1200 1209 1211 1213 1215 1217 1219 1221 1223 1225 1227 1229 1231 1233 1235 1237 1239 1248 1250 1252 1254 1256 1258 1260 1262 1264 1266 1268 1270 1272 1274 1276 1278 1280 1287 1289 1291 1293 1295 1297 1299 1301 1303 1305 1307 1309 1311 1313 1315 1317 1319 1326 1328 1330 1332 1334 1336 1338 1340 1342 1344 1346 1348 1350 1352 1354 1356 1358 1360 1365 1367 1369 1371 1373 1375 1377 1379 1381 1383 1385 1387 1389 1391 1393 1395 1397 1399 1404 1406 1408 1410 1412 1414 1416 1418 1420 1422 1424 1426 1428 1430 1432 1434 1436 1438 1440 1443 1445 1447 1449 1451 1453 1455 1457 1459 1461 1463 1465 1467 1469 1471 1473 1475 1477 1479 1482 1484 1486 1488 1490 1492 1494 1496 1498 1500 1502 1504 1506 1508 1510 1512 1514 1516 1518 1520 1521 1523 1562 1525 1564 1527 1566 1529 1568 1531 1570 1533 1572 1535 1574 1537 1576 1539 1578 1541 1580 1543 1582 1545 1584 1547 1586 1549 1588 1551 1590 1553 1592 1555 1594 1557 1596 1559 1598 1600
t 2 41 4 43 82 121 6 45 84 123 162 201 8 47 86 125 164 203 242 281 10 49 88 127 166 205 244 283 322 361 12 51 90 129 168 207 246 285 324 363 402 441 14 53 92 131 170 209 248 287 326 365 404 443 482 521 16 55 94 133 172 211 250 289 328 367 406 445 484 523 562 601 18 57 96 135 174 213 252 291 330 369 408 447 486 525 564 603 642 681 20 59 98 137 176 215 254 293 332 371 410 449 488 527 566 605 644 683 722 761 22 61 100 139 178 217 256 295 334 373 412 451 490 529 568 607 646 685 724 763 802 841 24 63 102 141 180 219 258 297 336 375 414 453 492 531 570 609 648 687 726 765 804 843 882 921 26 65 104 143 182 221 260 299 338 377 416 455 494 533 572 611 650 689 728 767 806 845 884 923 962 1001 28 67 106 145 184 223 262 301 340 379 418 457 496 535 574 613 652 691 730 769 808 847 886 925 964 1003 1042 1081 30 69 108 147 186 225 264 303 342 381 420 459 498 537 576 615 654 693 732 771 810 849 888 927 966 1005 1044 1083 1122 1161 32 71 110 149 188 227 266 305 344 383 422 461 500 539 578 617 656 695 734 773 812 851 890 929 968 1007 1046 1085 1124 1163 1202 1241 34 73 112 151 190 229 268 307 346 385 424 463 502 541 580 619 658 697 736 775 814 853 892 931 970 1009 1048 1087 1126 1165 1204 1243 1282 1321 36 75 114 153 192 231 270 309 348 387 426 465 504 543 582 621 660 699 738 777 816 894 933 972 1011 1050 1089 1128 1167 1206 1245 1284 1323 1362 1401 38 77 116 155 194 233 272 311 350 389 428 467 506 545 584 623 662 701 740 779 818 857 896 935 974 1013 1052 1091 1130 1169 1208 1247 1286 1325 1364 1403 1442 1481 40 79 118 120 157 159 196 198 200 235 237 239 274 276 278 280 313 315 317 319 352 354 356 358 360 391 393 395 397 399 430 432 434 436 438 440 469 471 473 475 477 479 508 510 512 514 516 518 520 547 549 551 553 555 557 559 586 588 590 592 594 596 598 600 625 627 629 631 633 635 637 639 664 666 668 670 672 674 676 678 680 703 705 707 709 711 713 715 717 719 742 744 746 748 750 752 754 756 758 760 781 783 785 787 789 791 793 795 797 799 820 822 824 826 828 830 832 834 836 838 840 859 861 863 865 867 869 871 873 875 877 879 898 900 902 904 906 908 910 912 914 916 918 920 937 939 941 943 945 947 949 951 953 955 957 959 976 978 980 982 984 986 988 990 992 994 996 998 1000 1015 1017 1019 1021 1023 1025 1027 1029 1031 1033 1035 1037 1039 1054 1056 1058 1060 1062 1064 1066 1068 1070 1072 1074 1076 1078 1080 1093 1095 1097 1099 1101 1103 1105 1107 1109 1111 1113 1115 1117 1119 1132 1134 1136 1138 1140 1142 1144 1146 1148 1150 1152 1154 1156 1158 1160 1171 1173 1175 1177 1179 1181 1183 1185 1187 1189 1191 1193 1195 1197 1199 1210 1212 1214 1216 1218 1220 1222 1224 1226 1228 1230 1232 1234 1236 1238 1240 1249 1251 1253 1255 1257 1259 1261 1263 1265 1267 1269 1271 1273 1275 1277 1279 1288 1290 1292 1294 1296 1298 1300 1302 1304 1306 1308 1310 1312 1314 1316 1318 1320 1327 1329 1331 1333 1335 1337 1339 1341 1343 1345 1347 1349 1351 1353 1355 1357 1359 1366 1368 1370 1372 1374 1376 1378 1380 1382 1384 1386 1388 1390 1392 1394 1396 1398 1400 1405 1407 1409 1411 1413 1415 1417 1419 1421 1423 1425 1427 1429 1431 1433 1435 1437 1439 1444 1446 1448 1450 1452 1454 1456 1458 1460 1462 1464 1466 1468 1470 1472 1474 1476 1478 1480 1483 1485 1487 1489 1491 1493 1495 1497 1499 1501 1503 1505 1507 1509 1511 1513 1515 1517 1519 1522 1561 1524 1563 1526 1565 1528 1567 1530 1569 1532 1571 1534 1573 1536 1575 1538 1577 1540 1579 1542 1581 1544 1583 1546 1585 1548 1587 1550 1589 1552 1591 1554 1593 1556 1595 1558 1597 1560 1599
Solution space ZDD construction start
Command exited with non-zero status 124
	Command being timed: "timeout 30m ../ddreconf/ddreconf ../instances_pwwt_from_heur_col/grid040x040.pwwt.col --stfile=../benchmark_instances/2023result/docs/solver/benchmark/2022benchmark/benchmark/grid/grid040x040_01_6703.dat --tj --indset --st"
	User time (seconds): 1787.24
	System time (seconds): 8.94
	Percent of CPU this job got: 99%
	Elapsed (wall clock) time (h:mm:ss or m:ss): 30:00.06
	Average shared text size (kbytes): 0
	Average unshared data size (kbytes): 0
	Average stack size (kbytes): 0
	Average total size (kbytes): 0
	Maximum resident set size (kbytes): 18551908
	Average resident set size (kbytes): 0
	Major (requiring I/O) page faults: 0
	Minor (reclaiming a frame) page faults: 347092
	Voluntary context switches: 137
	Involuntary context switches: 976
	Swaps: 0
	File system inputs: 0
	File system outputs: 16
	Socket messages sent: 0
	Socket messages received: 0
	Signals delivered: 0
	Page size (bytes): 4096
	Exit status: 124
