Input graph file parsed. # of vertices = 450, # of edges = 16680
s 314 221 20 311 304 26 192 90 335 40 99 432 202 33 86 171 199 227 245 169 290 25 269 449 68 144 404 89 207 278 303 104 328 419 58 200 258 324 444 437
t 314 221 20 311 304 26 192 90 335 40 99 432 202 33 86 422 171 227 169 290 25 251 269 449 47 68 144 404 89 207 278 303 104 419 58 200 258 324 444 437
Solution space ZDD construction start
Command exited with non-zero status 124
	Command being timed: "timeout 30m ../ddreconf/ddreconf ../instances_pwwt_from_heur_col/le450_15c.pwwt.col --stfile=../benchmark_instances/2023result/docs/solver/benchmark/2022benchmark/benchmark/color04/le450_15c_02.dat --tj --indset --st"
	User time (seconds): 1730.97
	System time (seconds): 65.73
	Percent of CPU this job got: 99%
	Elapsed (wall clock) time (h:mm:ss or m:ss): 30:00.42
	Average shared text size (kbytes): 0
	Average unshared data size (kbytes): 0
	Average stack size (kbytes): 0
	Average total size (kbytes): 0
	Maximum resident set size (kbytes): 133730392
	Average resident set size (kbytes): 0
	Major (requiring I/O) page faults: 0
	Minor (reclaiming a frame) page faults: 1258734
	Voluntary context switches: 113
	Involuntary context switches: 1391
	Swaps: 0
	File system inputs: 0
	File system outputs: 8
	Socket messages sent: 0
	Socket messages received: 0
	Signals delivered: 0
	Page size (bytes): 4096
	Exit status: 124
