Input graph file parsed. # of vertices = 440, # of edges = 512
s 1 4 6 8 10 12 14 17 19 21 23 25 27 30 32 34 36 38 40 43 45 47 49 51 53 56 58 60 62 64 66 69 71 73 75 77 79 82 84 86 88 90 92 95 97 99 101 103 106 108 110 111 113 115 118 120 122 123 125 127 130 132 134 135 137 139 142 144 146 147 149 151 154 156 158 159 161 163 166 168 170 171 173 175 178 180 182 183 185 187 190 192 194 195 197 199 202 204 206 207 209 211 214 216 218 219 221 223 226 228 230 231 233 235 238 240 242 243 245 247 250 252 254 255 257 259 262 264 266 267 269 271 274 276 278 279 281 283 286 288 290 291 293 295 298 300 302 303 305 307 310 312 314 315 317 319 322 324 326 327 329 331 334 336 338 339 341 343 346 348 350 351 353 355 358 360 362 363 365 367 370 372 374 375 377 379 382 384 386 387 389 391 394 396 398 399 401 403 406 408 410 411 413 415 418 420 422 423 425 427 430 432 434 435 437 439
t 1 4 6 8 10 12 14 17 19 21 23 25 27 30 32 34 36 38 40 43 45 47 49 51 53 56 58 60 62 64 66 69 71 73 75 77 79 82 84 86 88 90 93 94 97 99 101 103 106 108 110 111 113 115 118 120 122 123 125 127 130 132 134 135 137 139 142 144 146 147 149 151 154 156 158 159 161 163 166 168 170 171 173 175 178 180 182 183 185 187 190 192 194 195 197 199 202 204 206 207 209 211 214 216 218 219 221 223 226 228 230 231 233 235 238 240 242 243 245 247 250 252 254 255 257 259 262 264 266 267 269 271 274 276 278 279 281 283 286 288 290 291 293 295 298 300 302 303 305 307 310 312 314 315 317 319 322 324 326 327 329 331 334 336 338 339 341 343 346 348 350 351 353 355 358 360 362 363 365 367 370 372 374 375 377 379 382 384 386 387 389 391 394 396 398 399 401 403 406 408 410 411 413 415 418 420 422 423 425 427 430 432 434 435 437 439
Solution space ZDD construction start
Solution space ZDD construction end
Solution space ZDD construction time = 788.911510
Solution space ZDD size = 94290549
# of elements in the solution space = 359060566196216750998743630035998992574155431687784356274219296186833753951411469657575287300
Start searching a reconfiguration sequence from s to t
Step 1 time = 0.003898, # ZDD nodes = 476, # elems = 50
Step 2 time = 0.008289, # ZDD nodes = 947, # elems = 1269
Step 3 time = 0.014650, # ZDD nodes = 1508, # elems = 21815
Step 4 time = 0.024701, # ZDD nodes = 2388, # elems = 285850
Step 5 time = 0.044675, # ZDD nodes = 3320, # elems = 3045353
Step 6 time = 0.064244, # ZDD nodes = 4238, # elems = 27472092
Step 7 time = 0.086927, # ZDD nodes = 5301, # elems = 215768179
Step 8 time = 0.110900, # ZDD nodes = 6349, # elems = 1505554413
Step 9 time = 0.141162, # ZDD nodes = 7421, # elems = 9476636444
Step 10 time = 0.147500, # ZDD nodes = 8485, # elems = 54455301425
Step 11 time = 0.160228, # ZDD nodes = 9534, # elems = 288402214465
Step 12 time = 0.169366, # ZDD nodes = 10612, # elems = 1418771580254
Step 13 time = 0.186763, # ZDD nodes = 11841, # elems = 6525133386861
Step 14 time = 0.186166, # ZDD nodes = 13258, # elems = 28209277771662
Step 15 time = 0.195248, # ZDD nodes = 14956, # elems = 115168089911352
Step 16 time = 0.557729, # ZDD nodes = 16862, # elems = 445800946949246
Step 17 time = 0.217706, # ZDD nodes = 18775, # elems = 1641803223605640
Step 18 time = 0.236228, # ZDD nodes = 20822, # elems = 5770152545329959
Step 19 time = 0.397486, # ZDD nodes = 23004, # elems = 19404301521567092
Step 20 time = 0.247901, # ZDD nodes = 25243, # elems = 62586458556238990
Step 21 time = 0.254223, # ZDD nodes = 27490, # elems = 194021640169073711
Step 22 time = 0.260441, # ZDD nodes = 29715, # elems = 579199350559530999
Step 23 time = 0.264120, # ZDD nodes = 31904, # elems = 1667834207653146963
Step 24 time = 0.266625, # ZDD nodes = 34054, # elems = 4639727897326380058
Step 25 time = 0.268638, # ZDD nodes = 36147, # elems = 12486855318282206519
Step 26 time = 0.267440, # ZDD nodes = 38276, # elems = 32552663819686287920
Step 27 time = 0.267319, # ZDD nodes = 40502, # elems = 82299484435779442371
Step 28 time = 0.268945, # ZDD nodes = 42773, # elems = 201997891978796571501
Step 29 time = 0.271934, # ZDD nodes = 44921, # elems = 481792646861579024944
Step 30 time = 0.273543, # ZDD nodes = 47175, # elems = 1117707199442380552741
Step 31 time = 0.278530, # ZDD nodes = 49405, # elems = 2524127995055429113526
Step 32 time = 0.281812, # ZDD nodes = 51602, # elems = 5553208784999795229913
Step 33 time = 0.285690, # ZDD nodes = 53753, # elems = 11910647823435508542816
Step 34 time = 0.309257, # ZDD nodes = 55848, # elems = 24921424150411700129926
Step 35 time = 0.331847, # ZDD nodes = 57877, # elems = 50900689655263149529486
Step 36 time = 0.332451, # ZDD nodes = 59861, # elems = 101539902666462960378254
Step 37 time = 0.294312, # ZDD nodes = 61787, # elems = 197944879255962380733390
Step 38 time = 0.315275, # ZDD nodes = 63662, # elems = 377279397050184921216608
Step 39 time = 0.301905, # ZDD nodes = 65489, # elems = 703389572833300768485741
Step 40 time = 0.292222, # ZDD nodes = 67319, # elems = 1283312746631352431530051
Step 41 time = 0.296699, # ZDD nodes = 69204, # elems = 2292189662300955675851476
Step 42 time = 0.296709, # ZDD nodes = 71385, # elems = 4009743935617589138390138
Step 43 time = 0.308632, # ZDD nodes = 74033, # elems = 6872061485488821708531796
Step 44 time = 0.321566, # ZDD nodes = 77079, # elems = 11542726074258455663400494
Step 45 time = 0.339040, # ZDD nodes = 80493, # elems = 19007210337866025355339122
Step 46 time = 0.360218, # ZDD nodes = 84072, # elems = 30693492906423666846979891
Step 47 time = 0.538809, # ZDD nodes = 88021, # elems = 48619852891400230796746346
Step 48 time = 0.404746, # ZDD nodes = 92309, # elems = 75567393297971225775903943
Step 49 time = 0.429073, # ZDD nodes = 96599, # elems = 115269885366903603245621085
Step 50 time = 0.443086, # ZDD nodes = 100847, # elems = 172607039539052760146917325
Step 51 time = 0.452710, # ZDD nodes = 104985, # elems = 253779649001767232947025861
Step 52 time = 0.457284, # ZDD nodes = 108933, # elems = 366436981402387122151191315
Step 53 time = 0.458292, # ZDD nodes = 112798, # elems = 519719524713856046810708250
Step 54 time = 0.461788, # ZDD nodes = 116591, # elems = 724175340130155863399220926
Step 55 time = 0.458689, # ZDD nodes = 120240, # elems = 991507703262197534323235250
Step 56 time = 0.503810, # ZDD nodes = 123839, # elems = 1334117262807215918694351633
Step 57 time = 0.539415, # ZDD nodes = 127331, # elems = 1764415042598725020916783016
Step 58 time = 0.590921, # ZDD nodes = 130666, # elems = 2293903840664247611576786448
Step 59 time = 0.490359, # ZDD nodes = 133881, # elems = 2932054258157016636402155811
Step 60 time = 0.445937, # ZDD nodes = 136984, # elems = 3685035493563915389417075277
Step 61 time = 0.442772, # ZDD nodes = 139932, # elems = 4554396333133434259931452157
Step 62 time = 0.513842, # ZDD nodes = 142726, # elems = 5535823288460618239302339788
Step 63 time = 0.513472, # ZDD nodes = 145369, # elems = 6618124682709049244351935223
Step 64 time = 0.425898, # ZDD nodes = 147857, # elems = 7782595969075317416379044728
Step 65 time = 0.419352, # ZDD nodes = 150251, # elems = 9002908278172452031472063860
Step 66 time = 0.416900, # ZDD nodes = 152571, # elems = 10245627123185952245443516932
Step 67 time = 0.450646, # ZDD nodes = 154912, # elems = 11471412561517447250267872647
Step 68 time = 0.410421, # ZDD nodes = 157201, # elems = 12636880734198164750932893695
Step 69 time = 0.409391, # ZDD nodes = 159392, # elems = 13697027720284648568183291762
Step 70 time = 0.454125, # ZDD nodes = 161396, # elems = 14608040565521018716304674081
Step 71 time = 0.474497, # ZDD nodes = 163372, # elems = 15330258519920664021115712873
Step 72 time = 0.451240, # ZDD nodes = 165278, # elems = 15831010247211577529049240248
Step 73 time = 0.472182, # ZDD nodes = 167139, # elems = 16087047419829034825210796773
Step 74 time = 0.411604, # ZDD nodes = 168850, # elems = 16086324621455854633413281468
Step 75 time = 0.435011, # ZDD nodes = 170503, # elems = 15828937550639566790973933640
Step 76 time = 0.451157, # ZDD nodes = 172141, # elems = 15327118747905830885820996459
Step 77 time = 0.402909, # ZDD nodes = 173668, # elems = 14604290991565655418266957649
Step 78 time = 0.393734, # ZDD nodes = 175166, # elems = 13693279420284014972792386492
Step 79 time = 0.432104, # ZDD nodes = 176633, # elems = 12633870643946686115505757017
Step 80 time = 0.393151, # ZDD nodes = 177947, # elems = 11469969146214680260947348238
Step 81 time = 0.430485, # ZDD nodes = 179152, # elems = 10246630770303140380005662701
Step 82 time = 0.386286, # ZDD nodes = 180310, # elems = 9007247730032096095542071026
Step 83 time = 0.395987, # ZDD nodes = 181400, # elems = 7791122337970040959689135747
Step 84 time = 0.471013, # ZDD nodes = 182460, # elems = 6631604851185990778473921014
Step 85 time = 0.389571, # ZDD nodes = 183332, # elems = 5554894781492904436355836878
Step 86 time = 0.390675, # ZDD nodes = 184128, # elems = 4579526020877838138624475056
Step 87 time = 0.458566, # ZDD nodes = 184858, # elems = 3716484680451430644380107617
Step 88 time = 0.545997, # ZDD nodes = 185450, # elems = 2969852756592397132500660145
Step 89 time = 0.386152, # ZDD nodes = 185901, # elems = 2337835436304492685386889960
Step 90 time = 0.434009, # ZDD nodes = 186224, # elems = 1814016274990337180356273738
Step 91 time = 0.395331, # ZDD nodes = 186399, # elems = 1388690653253511491215016211
Step 92 time = 0.383973, # ZDD nodes = 186446, # elems = 1050149499122383754012471140
Step 93 time = 0.379692, # ZDD nodes = 186345, # elems = 785816607026242777533322189
Step 94 time = 0.415129, # ZDD nodes = 186057, # elems = 583178149132174347500967630
Step 95 time = 0.370640, # ZDD nodes = 185628, # elems = 430477016464506597341199336
Step 96 time = 0.414484, # ZDD nodes = 185052, # elems = 317173613835124153849388891
Step 97 time = 0.417629, # ZDD nodes = 184310, # elems = 234196402188317105675770956
Step 98 time = 0.354493, # ZDD nodes = 183470, # elems = 174019094981729863741758975
Step 99 time = 0.345920, # ZDD nodes = 182490, # elems = 130607477833964815036335998
Step 100 time = 0.334083, # ZDD nodes = 181384, # elems = 99278684338973375758216881
Step 101 time = 0.329777, # ZDD nodes = 180170, # elems = 76511198602383098227782315
Step 102 time = 0.320109, # ZDD nodes = 178911, # elems = 59736691340316890351184345
Step 103 time = 0.315102, # ZDD nodes = 177588, # elems = 47136638160167725335666384
Step 104 time = 0.313602, # ZDD nodes = 176424, # elems = 37458750334052067261070662
Step 105 time = 0.357091, # ZDD nodes = 175773, # elems = 29861381780604560637361685
Step 106 time = 0.329867, # ZDD nodes = 175479, # elems = 23788679002229542291259296
Step 107 time = 0.348994, # ZDD nodes = 175776, # elems = 18875414023161654731993578
Step 108 time = 0.397357, # ZDD nodes = 176333, # elems = 14878063084210619031071530
Step 109 time = 0.446394, # ZDD nodes = 177208, # elems = 11627516753359513371433913
Step 110 time = 0.450887, # ZDD nodes = 178727, # elems = 8998529784680618293741277
Step 111 time = 0.456028, # ZDD nodes = 180493, # elems = 6891345504554878887759723
Step 112 time = 0.505598, # ZDD nodes = 182273, # elems = 5221602414975500943379738
Step 113 time = 0.507198, # ZDD nodes = 184036, # elems = 3915447875161219873948122
Step 114 time = 0.523350, # ZDD nodes = 185701, # elems = 2907601457200137452859735
Step 115 time = 0.707947, # ZDD nodes = 187295, # elems = 2140838778520121494885779
Step 116 time = 0.542441, # ZDD nodes = 188964, # elems = 1565959475538515388324511
Step 117 time = 0.542806, # ZDD nodes = 190412, # elems = 1141747974232121318931102
Step 118 time = 0.545509, # ZDD nodes = 191728, # elems = 834742796425588620760883
Step 119 time = 0.547150, # ZDD nodes = 192856, # elems = 618822192775393119090491
Step 120 time = 0.690460, # ZDD nodes = 193838, # elems = 474718912498203796939375
Step 121 time = 0.523307, # ZDD nodes = 194451, # elems = 389622195903325075320173
Step 122 time = 0.515276, # ZDD nodes = 194810, # elems = 357033295774051252851480
Step 123 time = 0.498774, # ZDD nodes = 194988, # elems = 377027942997077589951978
Step 124 time = 0.487088, # ZDD nodes = 194984, # elems = 457053740978492857407135
Step 125 time = 0.476759, # ZDD nodes = 195023, # elems = 613354298593162223810559
Step 126 time = 0.543332, # ZDD nodes = 194890, # elems = 873061598935752145871753
Step 127 time = 0.611847, # ZDD nodes = 194602, # elems = 1276927417035336746278283
Step 128 time = 0.519897, # ZDD nodes = 194178, # elems = 1882567380193165774828482
Step 129 time = 0.440697, # ZDD nodes = 193732, # elems = 2767964641139796437148686
Step 130 time = 0.505275, # ZDD nodes = 193172, # elems = 4034827719907136972500516
Step 131 time = 0.582389, # ZDD nodes = 192514, # elems = 5811231596789474989081755
Step 132 time = 0.410701, # ZDD nodes = 192147, # elems = 8252815875609208899596424
Step 133 time = 0.404570, # ZDD nodes = 191774, # elems = 11541702051880685830442987
Step 134 time = 0.487706, # ZDD nodes = 191385, # elems = 15882263740969588990701798
Step 135 time = 0.405300, # ZDD nodes = 191201, # elems = 21492980091785342449268099
Step 136 time = 0.501591, # ZDD nodes = 191113, # elems = 28593856654869232541303105
Step 137 time = 0.413856, # ZDD nodes = 191144, # elems = 37389324836457892083121953
Step 138 time = 0.427060, # ZDD nodes = 191515, # elems = 48047118145485908445062920
Step 139 time = 0.426211, # ZDD nodes = 191947, # elems = 60674323453475254872368413
Step 140 time = 0.428983, # ZDD nodes = 192211, # elems = 75292535044468636313907142
Step 141 time = 0.423594, # ZDD nodes = 192356, # elems = 91814684890016097895930727
Step 142 time = 0.418299, # ZDD nodes = 192256, # elems = 110026555211433786844808766
Step 143 time = 0.402983, # ZDD nodes = 192001, # elems = 129576075747917164611514544
Step 144 time = 0.391233, # ZDD nodes = 191909, # elems = 149973176533903693748616802
Step 145 time = 0.547774, # ZDD nodes = 191665, # elems = 170602172053366316275283082
Step 146 time = 0.377236, # ZDD nodes = 191356, # elems = 190747433566051820675895639
Step 147 time = 0.372717, # ZDD nodes = 191218, # elems = 209631583075596334460286880
Step 148 time = 0.389842, # ZDD nodes = 191031, # elems = 226463806058733714037554745
Step 149 time = 0.370910, # ZDD nodes = 191007, # elems = 240494367947516880327592194
Step 150 time = 0.390039, # ZDD nodes = 191026, # elems = 251070276682125628033826587
Step 151 time = 0.446555, # ZDD nodes = 190951, # elems = 257686469499166302821533401
Step 152 time = 0.365060, # ZDD nodes = 190804, # elems = 260027047947355412161923485
Step 153 time = 0.358139, # ZDD nodes = 190738, # elems = 257991965061367955710403898
Step 154 time = 0.348049, # ZDD nodes = 190443, # elems = 251706088632070115425340115
Step 155 time = 0.414158, # ZDD nodes = 190013, # elems = 241509523748126642495285327
Step 156 time = 0.327322, # ZDD nodes = 189602, # elems = 227930200806524760510939064
Step 157 time = 0.475781, # ZDD nodes = 189157, # elems = 211641718891212080166585508
Step 158 time = 0.383781, # ZDD nodes = 188818, # elems = 193411000318545212033465729
Step 159 time = 0.294626, # ZDD nodes = 188392, # elems = 174041253440602787231434990
Step 160 time = 0.282615, # ZDD nodes = 187833, # elems = 154315954855321812001297315
Step 161 time = 0.276102, # ZDD nodes = 187222, # elems = 134949062573857784257053364
Step 162 time = 0.348246, # ZDD nodes = 186697, # elems = 116545578472415347408758063
Step 163 time = 0.256645, # ZDD nodes = 186438, # elems = 99575089837879389137746962
Step 164 time = 0.268392, # ZDD nodes = 186610, # elems = 84359273054922301493570337
Step 165 time = 0.271890, # ZDD nodes = 186835, # elems = 71072770984455315401945130
Step 166 time = 0.274244, # ZDD nodes = 187114, # elems = 59755552726308561129185090
Step 167 time = 0.354610, # ZDD nodes = 187449, # elems = 50333958761719905649828958
Step 168 time = 0.268384, # ZDD nodes = 187777, # elems = 42647179637835280835243711
Step 169 time = 0.343590, # ZDD nodes = 188109, # elems = 36475895559335076489408893
Step 170 time = 0.268558, # ZDD nodes = 188357, # elems = 31570145342965569403124179
Step 171 time = 0.263138, # ZDD nodes = 188446, # elems = 27674089959257652417315251
Step 172 time = 0.263515, # ZDD nodes = 188698, # elems = 24546070283883206250125674
Step 173 time = 0.326946, # ZDD nodes = 188845, # elems = 21973119865637204502359838
Step 174 time = 0.311094, # ZDD nodes = 189054, # elems = 19779791193518668955493240
Step 175 time = 0.311912, # ZDD nodes = 189258, # elems = 17831725251864683731487495
Step 176 time = 0.315474, # ZDD nodes = 189277, # elems = 16034804793890746096613007
Step 177 time = 0.274798, # ZDD nodes = 189165, # elems = 14330972947507673273124302
Step 178 time = 0.274240, # ZDD nodes = 188982, # elems = 12691881776163173944069147
Step 179 time = 0.273028, # ZDD nodes = 188756, # elems = 11111485403373283460681773
Step 180 time = 0.314463, # ZDD nodes = 188380, # elems = 9598542393746659835199280
Step 181 time = 0.294571, # ZDD nodes = 187904, # elems = 8169778325425880005536894
Step 182 time = 0.274418, # ZDD nodes = 187484, # elems = 6844216882428006800677593
Step 183 time = 0.276133, # ZDD nodes = 187100, # elems = 5638947237035351568901850
Step 184 time = 0.303657, # ZDD nodes = 186789, # elems = 4566381631630720181058025
Step 185 time = 0.278778, # ZDD nodes = 186381, # elems = 3632886991069506462233256
Step 186 time = 0.375582, # ZDD nodes = 185728, # elems = 2838557142782934510727988
Step 187 time = 0.294252, # ZDD nodes = 184911, # elems = 2177829158981929363356518
Step 188 time = 0.268277, # ZDD nodes = 183981, # elems = 1640633309994750237263266
Step 189 time = 0.287831, # ZDD nodes = 182852, # elems = 1213791231795639950244229
Step 190 time = 0.256696, # ZDD nodes = 181624, # elems = 882428645536619885256739
Step 191 time = 0.254065, # ZDD nodes = 180540, # elems = 631234323512680595771373
Step 192 time = 0.301644, # ZDD nodes = 179535, # elems = 445464330732869092387683
Step 193 time = 0.264986, # ZDD nodes = 178528, # elems = 311650885494449595666305
Step 194 time = 0.307291, # ZDD nodes = 177441, # elems = 218022753150768015395609
Step 195 time = 0.266423, # ZDD nodes = 176337, # elems = 154676461696859338998709
Step 196 time = 0.265865, # ZDD nodes = 175132, # elems = 113555116444452575200617
Step 197 time = 0.265371, # ZDD nodes = 174097, # elems = 88296461617744623233215
Step 198 time = 0.266827, # ZDD nodes = 172877, # elems = 74007419319667922199822
Step 199 time = 0.268828, # ZDD nodes = 171532, # elems = 67012216821223240252565
Step 200 time = 0.281732, # ZDD nodes = 170186, # elems = 64608627021279981085974
Step 201 time = 0.276357, # ZDD nodes = 168726, # elems = 64854316891018294824687
Step 202 time = 0.282899, # ZDD nodes = 167262, # elems = 66394499084533631456117
Step 203 time = 0.286242, # ZDD nodes = 166093, # elems = 68333875845955371749549
Step 204 time = 0.284814, # ZDD nodes = 164833, # elems = 70150445729684429125323
Step 205 time = 0.285376, # ZDD nodes = 163491, # elems = 71645821270486857989409
Step 206 time = 0.284385, # ZDD nodes = 162187, # elems = 72925685759738979474165
Step 207 time = 0.283983, # ZDD nodes = 160776, # elems = 74404160927745990753853
Step 208 time = 0.329588, # ZDD nodes = 159320, # elems = 76826408958648222194115
Step 209 time = 0.287298, # ZDD nodes = 157689, # elems = 81304083646748490797496
Step 210 time = 0.290541, # ZDD nodes = 156156, # elems = 89357784523743384100584
Step 211 time = 0.297033, # ZDD nodes = 154657, # elems = 102959215304288772745537
Step 212 time = 0.303346, # ZDD nodes = 153382, # elems = 124563378315739251251903
Step 213 time = 0.309224, # ZDD nodes = 152218, # elems = 157118268381797776884209
Step 214 time = 0.314200, # ZDD nodes = 151130, # elems = 204036908987645109011317
Step 215 time = 0.338222, # ZDD nodes = 150239, # elems = 269115191409530741319132
Step 216 time = 0.318224, # ZDD nodes = 149288, # elems = 356379912570051274407354
Step 217 time = 0.316035, # ZDD nodes = 148348, # elems = 469855601368448328682800
Step 218 time = 0.312711, # ZDD nodes = 147314, # elems = 613246716039730512861676
Step 219 time = 0.308544, # ZDD nodes = 146220, # elems = 789543469254747439919876
Step 220 time = 0.302477, # ZDD nodes = 144921, # elems = 1000573936221397017392285
Step 221 time = 0.296112, # ZDD nodes = 143446, # elems = 1246540385601934106004888
Step 222 time = 0.289367, # ZDD nodes = 141840, # elems = 1525591373510142703284905
Step 223 time = 0.282805, # ZDD nodes = 140332, # elems = 1833490113665214997577004
Step 224 time = 0.277110, # ZDD nodes = 138841, # elems = 2163441199938020295659517
Step 225 time = 0.291827, # ZDD nodes = 137547, # elems = 2506129916552894438293818
Step 226 time = 0.287425, # ZDD nodes = 136446, # elems = 2850010507147984627959746
Step 227 time = 0.262360, # ZDD nodes = 135422, # elems = 3181853045301191898524073
Step 228 time = 0.258427, # ZDD nodes = 134502, # elems = 3487525977122645588410618
Step 229 time = 0.274336, # ZDD nodes = 133468, # elems = 3752957567359202275097120
Step 230 time = 0.249247, # ZDD nodes = 132413, # elems = 3965189815256133400546627
Step 231 time = 0.245411, # ZDD nodes = 131281, # elems = 4113418253995494448170862
Step 232 time = 0.243837, # ZDD nodes = 130166, # elems = 4189904588951513261454334
Step 233 time = 0.238640, # ZDD nodes = 129088, # elems = 4190658477465545138749471
Step 234 time = 0.241917, # ZDD nodes = 127990, # elems = 4115809404984233559099195
Step 235 time = 0.234140, # ZDD nodes = 126985, # elems = 3969626430392441007170732
Step 236 time = 0.236613, # ZDD nodes = 126115, # elems = 3760187320360887688761754
Step 237 time = 0.232711, # ZDD nodes = 125452, # elems = 3498742949756591402716371
Step 238 time = 0.234371, # ZDD nodes = 124944, # elems = 3198861703281764380424865
Step 239 time = 0.239049, # ZDD nodes = 124698, # elems = 2875467366518260205385532
Step 240 time = 0.251667, # ZDD nodes = 125084, # elems = 2543900553236081754288463
Step 241 time = 0.270387, # ZDD nodes = 125884, # elems = 2219139008154645381665113
Step 242 time = 0.302582, # ZDD nodes = 127034, # elems = 1915309947039265298343905
Step 243 time = 0.323551, # ZDD nodes = 128509, # elems = 1645623798107840467694392
Step 244 time = 0.355879, # ZDD nodes = 130187, # elems = 1422859798715602904660464
Step 245 time = 0.387832, # ZDD nodes = 132244, # elems = 1260545255124758165081916
Step 246 time = 0.442038, # ZDD nodes = 134514, # elems = 1174994176709195818088505
Step 247 time = 0.459537, # ZDD nodes = 136878, # elems = 1188404791940273963933340
Step 248 time = 0.469860, # ZDD nodes = 139389, # elems = 1333250096105404166791353
Step 249 time = 0.515512, # ZDD nodes = 142125, # elems = 1658214942837306541398850
Step 250 time = 0.512678, # ZDD nodes = 144982, # elems = 2235914517637160468876788
Step 251 time = 0.551564, # ZDD nodes = 147904, # elems = 3172544951455197110131457
Step 252 time = 0.551904, # ZDD nodes = 150960, # elems = 4619439295435555461129699
Step 253 time = 0.561742, # ZDD nodes = 153977, # elems = 6786208365538648305032775
Step 254 time = 0.611675, # ZDD nodes = 156861, # elems = 9954726538725757282876863
Step 255 time = 0.578195, # ZDD nodes = 159626, # elems = 14492689913501839605954197
Step 256 time = 0.578500, # ZDD nodes = 162061, # elems = 20864871049515040866147688
Step 257 time = 0.571367, # ZDD nodes = 164339, # elems = 29639599054162426761796812
Step 258 time = 0.717129, # ZDD nodes = 166734, # elems = 41487519652155711025028639
Step 259 time = 0.559939, # ZDD nodes = 169155, # elems = 57169477449000226870387026
Step 260 time = 0.564009, # ZDD nodes = 171707, # elems = 77510560894039002031086004
Step 261 time = 0.549870, # ZDD nodes = 174259, # elems = 103358089412778058583324724
Step 262 time = 0.541407, # ZDD nodes = 176830, # elems = 135522678405302715505086705
Step 263 time = 0.535641, # ZDD nodes = 179476, # elems = 174703479332782017987173040
Step 264 time = 0.555952, # ZDD nodes = 182224, # elems = 221401130345342395871241458
Step 265 time = 0.546907, # ZDD nodes = 185135, # elems = 275824610726131126112910840
Step 266 time = 0.548160, # ZDD nodes = 188340, # elems = 337800696406656430063704109
Step 267 time = 0.553210, # ZDD nodes = 192086, # elems = 406696614883455897490520984
Step 268 time = 0.571161, # ZDD nodes = 196138, # elems = 481367339106041464676249343
Step 269 time = 0.746284, # ZDD nodes = 200325, # elems = 560138362996884361522773379
Step 270 time = 0.598245, # ZDD nodes = 204504, # elems = 640832556741610688769956651
Step 271 time = 0.600259, # ZDD nodes = 208509, # elems = 720845841938652457230390208
Step 272 time = 0.594161, # ZDD nodes = 212345, # elems = 797271272268146982196580420
Step 273 time = 0.586628, # ZDD nodes = 216089, # elems = 867065243866851928092333522
Step 274 time = 0.574236, # ZDD nodes = 219759, # elems = 927243785257041970620395641
Step 275 time = 0.564642, # ZDD nodes = 223362, # elems = 975092070625263511717552076
Step 276 time = 0.559744, # ZDD nodes = 226899, # elems = 1008367280600133736876070481
Step 277 time = 0.738095, # ZDD nodes = 230384, # elems = 1025474302337558195073574209
Step 278 time = 0.555223, # ZDD nodes = 233872, # elems = 1025595772964761516237843879
Step 279 time = 0.561921, # ZDD nodes = 237293, # elems = 1008762471031124438630995860
Step 280 time = 1.047762, # ZDD nodes = 240688, # elems = 975856484924512844162839869
Step 281 time = 0.571357, # ZDD nodes = 243939, # elems = 928547045428353137222252667
Step 282 time = 0.739710, # ZDD nodes = 247151, # elems = 869166334396956719013173482
Step 283 time = 0.576530, # ZDD nodes = 250420, # elems = 800538912022710838359339803
Step 284 time = 0.575863, # ZDD nodes = 253736, # elems = 725782770617472553694895509
Step 285 time = 0.573290, # ZDD nodes = 257162, # elems = 648101889425815044016979994
Step 286 time = 0.726051, # ZDD nodes = 260499, # elems = 570589417006199010286321355
Step 287 time = 0.559727, # ZDD nodes = 263643, # elems = 496057548620801666824650890
Step 288 time = 0.552266, # ZDD nodes = 266530, # elems = 426905442272062199265001204
Step 289 time = 0.542844, # ZDD nodes = 269238, # elems = 365030982840630295280213001
Step 290 time = 0.531877, # ZDD nodes = 271747, # elems = 311786757311274948870276273
Step 291 time = 0.521901, # ZDD nodes = 274138, # elems = 267976027642456498759683123
Step 292 time = 0.511703, # ZDD nodes = 276513, # elems = 233881323453983077907000104
Step 293 time = 0.670634, # ZDD nodes = 279199, # elems = 209316757520752362292218683
Step 294 time = 0.680320, # ZDD nodes = 282308, # elems = 193695212800680131687316180
Step 295 time = 0.699512, # ZDD nodes = 285789, # elems = 186102820847903633516654836
Step 296 time = 0.556392, # ZDD nodes = 289538, # elems = 185375145698118122330213584
Step 297 time = 0.567711, # ZDD nodes = 293380, # elems = 190171655776124327399004647
Step 298 time = 0.577851, # ZDD nodes = 297523, # elems = 199046924996177618671470599
Step 299 time = 0.598917, # ZDD nodes = 302249, # elems = 210518219691634557207511856
Step 300 time = 0.626510, # ZDD nodes = 307163, # elems = 223129564446955585294108043
Step 301 time = 0.817497, # ZDD nodes = 312627, # elems = 235512101391889692377061036
Step 302 time = 0.692239, # ZDD nodes = 318546, # elems = 246439790428888227108434642
Step 303 time = 0.743333, # ZDD nodes = 324536, # elems = 254878564290895708691178354
Step 304 time = 0.915127, # ZDD nodes = 330360, # elems = 260026290344582701633824762
Step 305 time = 0.743857, # ZDD nodes = 335792, # elems = 261340578792723470485063553
Step 306 time = 0.733984, # ZDD nodes = 340528, # elems = 258551775267076752469948180
Step 307 time = 0.714355, # ZDD nodes = 344648, # elems = 251659399745302431085214104
Step 308 time = 0.691439, # ZDD nodes = 348150, # elems = 240911716098811223744275007
Step 309 time = 1.169903, # ZDD nodes = 351001, # elems = 226769800955441514060465780
Step 310 time = 0.678774, # ZDD nodes = 353278, # elems = 209859134637202833977155840
Step 311 time = 0.617045, # ZDD nodes = 355098, # elems = 190913074018324089206436907
Step 312 time = 0.759332, # ZDD nodes = 356384, # elems = 170713362631120432676740280
Step 313 time = 0.574835, # ZDD nodes = 357110, # elems = 150032964995817591249537588
Step 314 time = 0.562461, # ZDD nodes = 357272, # elems = 129585977321886071976059849
Step 315 time = 0.693493, # ZDD nodes = 356831, # elems = 109988274921059308148466985
Step 316 time = 0.508705, # ZDD nodes = 355866, # elems = 91731101139977919815580719
Step 317 time = 0.487125, # ZDD nodes = 354413, # elems = 75168218759352257356978130
Step 318 time = 0.792351, # ZDD nodes = 352386, # elems = 60515764977203589547407355
Step 319 time = 0.447145, # ZDD nodes = 349773, # elems = 47862765194636344152446789
Step 320 time = 0.430147, # ZDD nodes = 346642, # elems = 37189489607828124448278415
Step 321 time = 0.578565, # ZDD nodes = 343058, # elems = 28390521202612288516748265
Step 322 time = 0.407541, # ZDD nodes = 339034, # elems = 21299510996583079652068472
Step 323 time = 0.393640, # ZDD nodes = 334594, # elems = 15713036527810263771864155
Step 324 time = 0.467380, # ZDD nodes = 329895, # elems = 11411630857475363906936594
Step 325 time = 0.362464, # ZDD nodes = 325025, # elems = 8176783473812671294228455
Step 326 time = 0.367758, # ZDD nodes = 319923, # elems = 5803418335485239292020449
Step 327 time = 0.332289, # ZDD nodes = 314705, # elems = 4107944352431071631306668
Step 328 time = 0.473643, # ZDD nodes = 309293, # elems = 2932402150093902325530539
Step 329 time = 0.315455, # ZDD nodes = 303713, # elems = 2145484786950841404174672
Step 330 time = 0.308582, # ZDD nodes = 298053, # elems = 1641303760885493109839067
Step 331 time = 0.346152, # ZDD nodes = 292104, # elems = 1336737916723143878928152
Step 332 time = 0.299915, # ZDD nodes = 285940, # elems = 1168082783757358120677992
Step 333 time = 0.295347, # ZDD nodes = 279578, # elems = 1087552263801701721514096
Step 334 time = 0.294290, # ZDD nodes = 272968, # elems = 1060008182519926118015917
Step 335 time = 0.286016, # ZDD nodes = 266216, # elems = 1060131490612344172744139
Step 336 time = 0.278863, # ZDD nodes = 259415, # elems = 1070117388194080183860079
Step 337 time = 0.277052, # ZDD nodes = 252619, # elems = 1077881960413597942469938
Step 338 time = 0.310028, # ZDD nodes = 245671, # elems = 1075709755542751102316043
Step 339 time = 0.265301, # ZDD nodes = 238534, # elems = 1059245198706865345975551
Step 340 time = 0.262965, # ZDD nodes = 231341, # elems = 1026728436525593441240824
Step 341 time = 0.260938, # ZDD nodes = 224062, # elems = 978390030311668877987036
Step 342 time = 0.258056, # ZDD nodes = 216820, # elems = 915941233373683616279267
Step 343 time = 0.256802, # ZDD nodes = 209781, # elems = 842121049056031086927126
Step 344 time = 0.332333, # ZDD nodes = 203074, # elems = 760283189048456350666318
Step 345 time = 0.246614, # ZDD nodes = 196768, # elems = 674022532528351833690004
Step 346 time = 0.240522, # ZDD nodes = 190764, # elems = 586850489006545699293157
Step 347 time = 0.233128, # ZDD nodes = 184933, # elems = 501931952845287683377797
Step 348 time = 0.225595, # ZDD nodes = 179199, # elems = 421894492217970128806744
Step 349 time = 0.218821, # ZDD nodes = 173616, # elems = 348714828035618927535683
Step 350 time = 0.251362, # ZDD nodes = 168235, # elems = 283680499218524507233703
Step 351 time = 0.203822, # ZDD nodes = 163056, # elems = 227417670380359381290060
Step 352 time = 0.196993, # ZDD nodes = 158192, # elems = 179970667658373559581650
Step 353 time = 0.189986, # ZDD nodes = 153760, # elems = 140915804559465152091706
Step 354 time = 0.182419, # ZDD nodes = 149576, # elems = 109491574783016541192723
Step 355 time = 0.176927, # ZDD nodes = 145725, # elems = 84729046082067424809622
Step 356 time = 0.170765, # ZDD nodes = 141972, # elems = 65569662957692666520974
Step 357 time = 0.165135, # ZDD nodes = 138299, # elems = 50961886478338957022162
Step 358 time = 0.160023, # ZDD nodes = 134738, # elems = 39932419893308335603901
Step 359 time = 0.237723, # ZDD nodes = 131407, # elems = 31631588344309737956108
Step 360 time = 0.315917, # ZDD nodes = 128297, # elems = 25355372017689195668560
Step 361 time = 0.152066, # ZDD nodes = 125774, # elems = 20548471092848945616451
Step 362 time = 0.156312, # ZDD nodes = 123948, # elems = 16793638073468210117197
Step 363 time = 0.164250, # ZDD nodes = 122448, # elems = 13792516874258284791491
Step 364 time = 0.319374, # ZDD nodes = 121234, # elems = 11342621878416583691879
Step 365 time = 0.171388, # ZDD nodes = 120308, # elems = 9314136113526518799270
Step 366 time = 0.171896, # ZDD nodes = 119374, # elems = 7629143979547575461213
Step 367 time = 0.172597, # ZDD nodes = 118626, # elems = 6244929595776062649403
Step 368 time = 0.337274, # ZDD nodes = 118038, # elems = 5142196059944684794387
Step 369 time = 0.177084, # ZDD nodes = 117505, # elems = 4318563539334587471520
Step 370 time = 0.421657, # ZDD nodes = 117180, # elems = 3787501677552187285335
Step 371 time = 0.360257, # ZDD nodes = 117034, # elems = 3582915288723717084879
Step 372 time = 0.249047, # ZDD nodes = 117096, # elems = 3769863587043407673310
Step 373 time = 0.223252, # ZDD nodes = 117221, # elems = 4462249142667075534361
Step 374 time = 0.251722, # ZDD nodes = 117341, # elems = 5848628064568433536751
Step 375 time = 0.252997, # ZDD nodes = 117416, # elems = 8227404309691947822706
Step 376 time = 0.330740, # ZDD nodes = 117689, # elems = 12052396865565494982091
Step 377 time = 0.297042, # ZDD nodes = 118217, # elems = 17988928268774902058719
Step 378 time = 0.342118, # ZDD nodes = 118664, # elems = 26979029565799744089547
Step 379 time = 0.265691, # ZDD nodes = 119106, # elems = 40312023346617112563855
Step 380 time = 0.280124, # ZDD nodes = 119686, # elems = 59693701380629371795891
Step 381 time = 0.276511, # ZDD nodes = 120201, # elems = 87303815435953528959081
Step 382 time = 0.321694, # ZDD nodes = 120619, # elems = 125828135594775941844348
Step 383 time = 0.448263, # ZDD nodes = 121171, # elems = 178448614058487503450983
Step 384 time = 0.285674, # ZDD nodes = 121433, # elems = 248774109128213939401335
Step 385 time = 0.284301, # ZDD nodes = 121599, # elems = 340695603638336920517107
Step 386 time = 0.361242, # ZDD nodes = 121683, # elems = 458154676941676639497426
Step 387 time = 0.275578, # ZDD nodes = 121618, # elems = 604822558509057951181968
Step 388 time = 0.272595, # ZDD nodes = 121627, # elems = 783699185285089386874549
Step 389 time = 0.353300, # ZDD nodes = 121754, # elems = 996656295671032649978301
Step 390 time = 0.273612, # ZDD nodes = 121986, # elems = 1243963880519152366688322
Step 391 time = 0.278924, # ZDD nodes = 122265, # elems = 1523852745586501721551146
Step 392 time = 0.361209, # ZDD nodes = 122884, # elems = 1832174644703144414734839
Step 393 time = 0.279559, # ZDD nodes = 123632, # elems = 2162222718015137645410305
Step 394 time = 0.285840, # ZDD nodes = 124676, # elems = 2504766905394035576327318
Step 395 time = 0.293693, # ZDD nodes = 126192, # elems = 2848341065667733825115262
Step 396 time = 0.316770, # ZDD nodes = 127914, # elems = 3179791958933708993025139
Step 397 time = 0.408607, # ZDD nodes = 129970, # elems = 3485068150262320679007171
Step 398 time = 0.344027, # ZDD nodes = 132412, # elems = 3750193941544188819679878
Step 399 time = 0.363124, # ZDD nodes = 134832, # elems = 3962345179669074819350703
Step 400 time = 0.374197, # ZDD nodes = 137337, # elems = 4110925659161490888724157
Step 401 time = 0.376592, # ZDD nodes = 139983, # elems = 4188539068539428366904128
Step 402 time = 0.467699, # ZDD nodes = 142572, # elems = 4191764075299894420749931
Step 403 time = 0.371103, # ZDD nodes = 145475, # elems = 4121668437589052061258152
Step 404 time = 0.364220, # ZDD nodes = 148526, # elems = 3984038238062345535884201
Step 405 time = 0.362852, # ZDD nodes = 151564, # elems = 3789344165470068519834267
Step 406 time = 0.445373, # ZDD nodes = 154612, # elems = 3552510277639376260195837
Step 407 time = 0.365252, # ZDD nodes = 157724, # elems = 3292583517467526365286907
Step 408 time = 0.371554, # ZDD nodes = 160777, # elems = 3032417047794181232335215
Step 409 time = 0.386482, # ZDD nodes = 163813, # elems = 2798472110144550035799050
Step 410 time = 0.461519, # ZDD nodes = 166819, # elems = 2620809759913648096679658
Step 411 time = 0.397202, # ZDD nodes = 169622, # elems = 2533287544421028646607614
Step 412 time = 0.386633, # ZDD nodes = 172225, # elems = 2573903091085668206032493
Step 413 time = 0.546856, # ZDD nodes = 174748, # elems = 2785146545528297235034528
Step 414 time = 0.375744, # ZDD nodes = 177017, # elems = 3214149720368867478159234
Step 415 time = 0.365215, # ZDD nodes = 178973, # elems = 3912366295006882297897976
Step 416 time = 0.352577, # ZDD nodes = 180629, # elems = 4934499034558706880316695
Step 417 time = 0.341943, # ZDD nodes = 182228, # elems = 6336419128655554162028173
Step 418 time = 0.329069, # ZDD nodes = 183564, # elems = 8171906981621260053234531
Step 419 time = 0.316185, # ZDD nodes = 184743, # elems = 10488183407188999821133103
Step 420 time = 0.306565, # ZDD nodes = 185668, # elems = 13320386123092440009019563
Step 421 time = 0.294197, # ZDD nodes = 186465, # elems = 16685359299921137460171719
Step 422 time = 0.284566, # ZDD nodes = 187097, # elems = 20575334692181015518126642
Step 423 time = 0.373409, # ZDD nodes = 187923, # elems = 24952255831451008936437088
Step 424 time = 0.287938, # ZDD nodes = 188947, # elems = 29743594452357061560031456
Step 425 time = 0.299124, # ZDD nodes = 189824, # elems = 34840498300780654995076788
Step 426 time = 0.305816, # ZDD nodes = 190638, # elems = 40098971560300618390605262
Step 427 time = 0.387974, # ZDD nodes = 191459, # elems = 45344521787248603016054057
Step 428 time = 0.339371, # ZDD nodes = 192028, # elems = 50380331381288869413221397
Step 429 time = 0.298181, # ZDD nodes = 192575, # elems = 54998570495189315660848316
Step 430 time = 0.335192, # ZDD nodes = 192966, # elems = 58994022784815632342953768
Step 431 time = 0.292578, # ZDD nodes = 193095, # elems = 62178814992330803711854575
Step 432 time = 0.293204, # ZDD nodes = 193190, # elems = 64396792148878278512509878
Step 433 time = 0.294767, # ZDD nodes = 193084, # elems = 65536012275512555453403924
Step 434 time = 0.460126, # ZDD nodes = 192713, # elems = 65537971289913441978641619
Step 435 time = 0.295630, # ZDD nodes = 192306, # elems = 64402500976702071435058889
Step 436 time = 0.337120, # ZDD nodes = 191678, # elems = 62187767998434536207590308
Step 437 time = 0.291641, # ZDD nodes = 190823, # elems = 59005371099077117040265098
Step 438 time = 0.370897, # ZDD nodes = 189956, # elems = 55011103159321612003721436
Step 439 time = 0.286465, # ZDD nodes = 189044, # elems = 50392430870017209310981085
Step 440 time = 0.325476, # ZDD nodes = 188138, # elems = 45354078552261246669981426
Step 441 time = 0.339921, # ZDD nodes = 187294, # elems = 40103241670779327190942112
Step 442 time = 0.288493, # ZDD nodes = 186618, # elems = 34835890380739081916541817
Step 443 time = 0.291705, # ZDD nodes = 185949, # elems = 29725377355283041373510325
Step 444 time = 0.296251, # ZDD nodes = 185300, # elems = 24914187097079353408295639
Step 445 time = 0.460250, # ZDD nodes = 184523, # elems = 20509221780769562921115854
Step 446 time = 0.545781, # ZDD nodes = 183551, # elems = 16580580465408500990952277
Step 447 time = 0.295099, # ZDD nodes = 182545, # elems = 13163414563710835203505077
Step 448 time = 0.290920, # ZDD nodes = 181430, # elems = 10262175313268087134759838
Step 449 time = 0.325871, # ZDD nodes = 180144, # elems = 7856428841213922251939675
Step 450 time = 0.320514, # ZDD nodes = 179032, # elems = 5907399098928424846912217
Step 451 time = 0.277367, # ZDD nodes = 178118, # elems = 4364488015638410597311845
Step 452 time = 0.322127, # ZDD nodes = 177429, # elems = 3171183508545141537068719
Step 453 time = 0.289157, # ZDD nodes = 176923, # elems = 2269963044892308797195213
Step 454 time = 0.291323, # ZDD nodes = 176286, # elems = 1605999285288291801235833
Step 455 time = 0.291312, # ZDD nodes = 175661, # elems = 1129648307372624594135293
Step 456 time = 0.290588, # ZDD nodes = 175073, # elems = 797833268890322541437087
Step 457 time = 0.449369, # ZDD nodes = 174420, # elems = 574520517391313245576475
Step 458 time = 0.293336, # ZDD nodes = 173604, # elems = 430523092954864494891016
Step 459 time = 0.296632, # ZDD nodes = 172772, # elems = 342866316540841412110659
Step 460 time = 0.299968, # ZDD nodes = 171793, # elems = 293922846065795066968480
Step 461 time = 0.382264, # ZDD nodes = 170662, # elems = 270481882935769494276912
Step 462 time = 0.348030, # ZDD nodes = 169636, # elems = 262869409939853349234294
Step 463 time = 0.309637, # ZDD nodes = 168809, # elems = 264191232451186439983242
Step 464 time = 0.313944, # ZDD nodes = 168149, # elems = 269733108789811180854795
Step 465 time = 0.314087, # ZDD nodes = 167518, # elems = 276524632727488403949704
Step 466 time = 0.314183, # ZDD nodes = 166989, # elems = 283055825781266768156511
Step 467 time = 0.313335, # ZDD nodes = 166525, # elems = 289126112858071342857394
Step 468 time = 0.313289, # ZDD nodes = 166270, # elems = 295802076684070693778206
Step 469 time = 0.316244, # ZDD nodes = 165866, # elems = 305460339230847256996027
Step 470 time = 0.494776, # ZDD nodes = 165385, # elems = 321892438041191724430130
Step 471 time = 0.328720, # ZDD nodes = 164785, # elems = 350447492429677798860326
Step 472 time = 0.336287, # ZDD nodes = 164065, # elems = 398184461789676756949115
Step 473 time = 0.508527, # ZDD nodes = 163296, # elems = 473998646525391900513268
Step 474 time = 0.348853, # ZDD nodes = 162600, # elems = 588677770989436258471779
Step 475 time = 0.353637, # ZDD nodes = 161793, # elems = 754833747094706630419485
Step 476 time = 0.355081, # ZDD nodes = 160947, # elems = 986650281349023871979240
Step 477 time = 0.356474, # ZDD nodes = 160016, # elems = 1299387614335675300143451
Step 478 time = 0.361395, # ZDD nodes = 159098, # elems = 1708597421387760836965458
Step 479 time = 0.388179, # ZDD nodes = 158099, # elems = 2229025699232977553524855
Step 480 time = 0.341923, # ZDD nodes = 157072, # elems = 2873219722884323298626384
Step 481 time = 0.376455, # ZDD nodes = 155939, # elems = 3649904507117809076160301
Step 482 time = 0.329872, # ZDD nodes = 154787, # elems = 4562249164588221266600826
Step 483 time = 0.323797, # ZDD nodes = 153433, # elems = 5606195808998688824259035
Step 484 time = 0.317711, # ZDD nodes = 151917, # elems = 6769063072715312102526313
Step 485 time = 0.312091, # ZDD nodes = 150285, # elems = 8028652603666272434815244
Step 486 time = 0.306371, # ZDD nodes = 148592, # elems = 9353071737304114359490085
Step 487 time = 0.300290, # ZDD nodes = 146900, # elems = 10701434668940091260437154
Step 488 time = 0.294954, # ZDD nodes = 145398, # elems = 12025519446124716553188255
Step 489 time = 0.289568, # ZDD nodes = 144088, # elems = 13272347096931024389991557
Step 490 time = 0.329152, # ZDD nodes = 142862, # elems = 14387526405039173162578438
Step 491 time = 0.280990, # ZDD nodes = 141743, # elems = 15319091613733475712225227
Step 492 time = 0.275878, # ZDD nodes = 140511, # elems = 16021470225562343385268942
Step 493 time = 0.271232, # ZDD nodes = 139261, # elems = 16459171135668686248921255
Step 494 time = 0.267103, # ZDD nodes = 137936, # elems = 16609790725396786407473082
Step 495 time = 0.261602, # ZDD nodes = 136476, # elems = 16465998901793732966463074
Step 496 time = 0.256258, # ZDD nodes = 134986, # elems = 16036281633203107393669337
Step 497 time = 0.251521, # ZDD nodes = 133427, # elems = 15344366105494153656788447
Step 498 time = 0.251375, # ZDD nodes = 131927, # elems = 14427418403791684472064425
Step 499 time = 0.244496, # ZDD nodes = 130608, # elems = 13333259339917503632517822
Step 500 time = 0.327326, # ZDD nodes = 129330, # elems = 12116972572792697487806530
Step 501 time = 0.239262, # ZDD nodes = 128163, # elems = 10837368631190750407165719
Step 502 time = 0.236642, # ZDD nodes = 126936, # elems = 9553816874948246434505633
Step 503 time = 0.315892, # ZDD nodes = 126061, # elems = 8323973306537805830089164
Step 504 time = 0.233879, # ZDD nodes = 125455, # elems = 7202932552017244029898565
Step 505 time = 0.320339, # ZDD nodes = 125295, # elems = 6244338798987047514889970
Step 506 time = 0.254194, # ZDD nodes = 125770, # elems = 5504023028655889803529854
Step 507 time = 0.317889, # ZDD nodes = 126812, # elems = 5046804022484690646978445
Step 508 time = 0.307786, # ZDD nodes = 128621, # elems = 4957194319862927287184810
Step 509 time = 0.436295, # ZDD nodes = 131126, # elems = 5354864007540187656694703
Step 510 time = 0.483543, # ZDD nodes = 134209, # elems = 6415784348364429526355122
Step 511 time = 0.533080, # ZDD nodes = 138025, # elems = 8399924507584214165357576
Step 512 time = 0.518273, # ZDD nodes = 142453, # elems = 11686113706097414308656859
Step 513 time = 0.743348, # ZDD nodes = 147205, # elems = 16814107126588795732940337
Step 514 time = 0.637300, # ZDD nodes = 152393, # elems = 24532919141811104612923535
Step 515 time = 0.879107, # ZDD nodes = 158060, # elems = 35853064088527537568564926
Step 516 time = 0.785137, # ZDD nodes = 164037, # elems = 52098495803080596962875858
Step 517 time = 0.821697, # ZDD nodes = 170493, # elems = 74951886391054474890879983
Step 518 time = 0.962945, # ZDD nodes = 177429, # elems = 106484679251398187205441447
Step 519 time = 0.944169, # ZDD nodes = 184571, # elems = 149161466159115034431365943
Step 520 time = 1.148950, # ZDD nodes = 191873, # elems = 205807154469930785260105685
Step 521 time = 1.245093, # ZDD nodes = 199336, # elems = 279525641144902169536262285
Step 522 time = 1.100010, # ZDD nodes = 206732, # elems = 373560791215791495724824560
Step 523 time = 1.275685, # ZDD nodes = 214195, # elems = 491094773049527841796559933
Step 524 time = 1.297856, # ZDD nodes = 221787, # elems = 634985297194476385788196470
Step 525 time = 1.315090, # ZDD nodes = 229356, # elems = 807451718431435784510555031
Step 526 time = 1.493103, # ZDD nodes = 236934, # elems = 1009729520496501964970057058
Step 527 time = 1.343816, # ZDD nodes = 244490, # elems = 1241722201121437586523943886
Step 528 time = 1.339492, # ZDD nodes = 252101, # elems = 1501687474344295848446563428
Step 529 time = 1.347790, # ZDD nodes = 259824, # elems = 1785999348861933412005356892
Step 530 time = 1.199602, # ZDD nodes = 267809, # elems = 2089027530708423274352285953
Step 531 time = 1.622434, # ZDD nodes = 275920, # elems = 2403169724067767246638486823
Step 532 time = 1.561863, # ZDD nodes = 284467, # elems = 2719060528274234036886949275
Step 533 time = 1.857739, # ZDD nodes = 293669, # elems = 3025963483262725073249275778
Step 534 time = 1.642111, # ZDD nodes = 303546, # elems = 3312332136531087963187886307
Step 535 time = 1.443817, # ZDD nodes = 313902, # elems = 3566504378629583614012064705
Step 536 time = 1.573057, # ZDD nodes = 324640, # elems = 3777474812994633219198084058
Step 537 time = 1.442885, # ZDD nodes = 335290, # elems = 3935675698178018120214269195
Step 538 time = 1.628526, # ZDD nodes = 345645, # elems = 4033690603772744784413787960
Step 539 time = 1.471293, # ZDD nodes = 355588, # elems = 4066827901027927632741080586
Step 540 time = 1.777512, # ZDD nodes = 365168, # elems = 4033493730467662633436936276
Step 541 time = 1.695214, # ZDD nodes = 374325, # elems = 3935324823350593180264667046
Step 542 time = 1.599801, # ZDD nodes = 382982, # elems = 3777067837033555288597512741
Step 543 time = 1.492587, # ZDD nodes = 391217, # elems = 3566220104269759294356530473
Step 544 time = 1.546727, # ZDD nodes = 399039, # elems = 3312472959528823383621310158
Step 545 time = 1.537377, # ZDD nodes = 406519, # elems = 3027019466788399757691047835
Step 546 time = 1.682510, # ZDD nodes = 413687, # elems = 2721800706173619721901799727
Step 547 time = 1.344635, # ZDD nodes = 420511, # elems = 2408767368797257322242264679
Step 548 time = 1.333315, # ZDD nodes = 427250, # elems = 2099226332510465398672175230
Step 549 time = 1.320583, # ZDD nodes = 433725, # elems = 1803326609355256697773371079
Step 550 time = 1.308731, # ZDD nodes = 439894, # elems = 1529718100609703598653890498
Step 551 time = 1.481745, # ZDD nodes = 445634, # elems = 1285393097963935753780825713
Step 552 time = 1.285677, # ZDD nodes = 450929, # elems = 1075697640681474678677059974
Step 553 time = 1.517138, # ZDD nodes = 455718, # elems = 904480504800349484124023034
Step 554 time = 1.260510, # ZDD nodes = 460062, # elems = 774333864031816920525676169
Step 555 time = 1.245270, # ZDD nodes = 464002, # elems = 686872726330463993369363355
Step 556 time = 1.307892, # ZDD nodes = 467538, # elems = 643000403042209794827234314
Step 557 time = 1.212031, # ZDD nodes = 470772, # elems = 643113988406315241812185917
Step 558 time = 1.197311, # ZDD nodes = 474067, # elems = 687215963374113143979147129
Step 559 time = 1.238236, # ZDD nodes = 477795, # elems = 774913998827365137092871575
Step 560 time = 1.231208, # ZDD nodes = 482076, # elems = 905308966302278379529474792
Step 561 time = 1.275458, # ZDD nodes = 486742, # elems = 1076789096496939494427743156
Step 562 time = 1.498967, # ZDD nodes = 491869, # elems = 1286764184703744067746230616
Step 563 time = 1.378859, # ZDD nodes = 497311, # elems = 1531385875639361137271303196
Step 564 time = 1.407399, # ZDD nodes = 503368, # elems = 1805306778629155577659406340
Step 565 time = 1.659063, # ZDD nodes = 509984, # elems = 2101531316110757407280558270
Step 566 time = 1.611933, # ZDD nodes = 517407, # elems = 2411404273823160759277328661
Step 567 time = 1.908344, # ZDD nodes = 526176, # elems = 2724769287582062458893326935
Step 568 time = 2.255255, # ZDD nodes = 536505, # elems = 3030310171533762050922673119
Step 569 time = 2.066673, # ZDD nodes = 547962, # elems = 3316065167074740407239541421
Step 570 time = 2.278925, # ZDD nodes = 559950, # elems = 3570080694437457732951567837
Step 571 time = 2.400132, # ZDD nodes = 572009, # elems = 3781150229611360050213823674
Step 572 time = 2.478987, # ZDD nodes = 583630, # elems = 3939568637332098718819444105
Step 573 time = 2.791795, # ZDD nodes = 594607, # elems = 4037825198904298568466342082
Step 574 time = 2.637785, # ZDD nodes = 604834, # elems = 4071161146712603063812570040
Step 575 time = 2.457731, # ZDD nodes = 613975, # elems = 4037929830790525405243376181
Step 576 time = 2.558163, # ZDD nodes = 621947, # elems = 3939718288023228571920934000
Step 577 time = 2.449509, # ZDD nodes = 628708, # elems = 3781215238410195891724495775
Step 578 time = 2.383246, # ZDD nodes = 634271, # elems = 3569838773214880262670999025
Step 579 time = 2.468837, # ZDD nodes = 638676, # elems = 3315163294062645511437825528
Step 580 time = 2.060520, # ZDD nodes = 641963, # elems = 3028206016935669302394258641
Step 581 time = 1.985432, # ZDD nodes = 644135, # elems = 2720645902810718703770792475
Step 582 time = 2.081255, # ZDD nodes = 645244, # elems = 2404050884295789344957898837
Step 583 time = 1.839040, # ZDD nodes = 645426, # elems = 2089182885143902290101516244
Step 584 time = 1.767451, # ZDD nodes = 644769, # elems = 1785435917991392601175666409
Step 585 time = 1.697986, # ZDD nodes = 643405, # elems = 1500443069970842989833793337
Step 586 time = 1.626542, # ZDD nodes = 641427, # elems = 1239866554191539891775447412
Step 587 time = 1.558283, # ZDD nodes = 639168, # elems = 1007364311220208811684388639
Step 588 time = 1.694219, # ZDD nodes = 636629, # elems = 804709479300181929897364912
Step 589 time = 1.444031, # ZDD nodes = 633781, # elems = 632027157082427635113469849
Step 590 time = 1.389077, # ZDD nodes = 630546, # elems = 488106994881579064520644397
Step 591 time = 1.688811, # ZDD nodes = 627069, # elems = 370750037280616899156977104
Step 592 time = 1.714202, # ZDD nodes = 623292, # elems = 277112892479652675940641211
Step 593 time = 1.414639, # ZDD nodes = 619292, # elems = 204020227750106076728391880
Step 594 time = 1.208193, # ZDD nodes = 614874, # elems = 148226124839226689342138254
Step 595 time = 1.173331, # ZDD nodes = 610066, # elems = 106614432076698506529178358
Step 596 time = 1.139939, # ZDD nodes = 604771, # elems = 76336705529892375626010105
Step 597 time = 1.116017, # ZDD nodes = 598835, # elems = 54892859996322279122283625
Step 598 time = 1.072950, # ZDD nodes = 592298, # elems = 40163921982065576525284484
Step 599 time = 1.034226, # ZDD nodes = 585110, # elems = 30408349452626691933811066
Step 600 time = 0.997528, # ZDD nodes = 577108, # elems = 24233595675131941388928346
Step 601 time = 0.946840, # ZDD nodes = 568252, # elems = 20553441822482203211933403
Step 602 time = 0.890944, # ZDD nodes = 558519, # elems = 18539641912303321035489579
Step 603 time = 0.925725, # ZDD nodes = 547949, # elems = 17574104212804540940021114
Step 604 time = 0.955224, # ZDD nodes = 536525, # elems = 17205563661900421179983368
Step 605 time = 0.735833, # ZDD nodes = 524064, # elems = 17112743244379398808975179
Step 606 time = 0.781900, # ZDD nodes = 510871, # elems = 17074499270522268837876534
Step 607 time = 0.738321, # ZDD nodes = 496939, # elems = 16946433669889625256933034
Step 608 time = 0.619780, # ZDD nodes = 482457, # elems = 16642897974049462286861929
Step 609 time = 0.594771, # ZDD nodes = 467515, # elems = 16123124420460204935752482
Step 610 time = 0.650542, # ZDD nodes = 452172, # elems = 15380294571061456085882405
Step 611 time = 0.578974, # ZDD nodes = 436539, # elems = 14432589153981142267200274
Step 612 time = 0.516783, # ZDD nodes = 420610, # elems = 13315561514702723405181535
Step 613 time = 0.489486, # ZDD nodes = 404388, # elems = 12075468928864389155117445
Step 614 time = 0.461824, # ZDD nodes = 387901, # elems = 10763432893672704744567079
Step 615 time = 0.435567, # ZDD nodes = 371071, # elems = 9430456651771604318917678
Step 616 time = 0.406975, # ZDD nodes = 354153, # elems = 8123401164449620597891610
Step 617 time = 0.377395, # ZDD nodes = 337278, # elems = 6882020490873451975980375
Step 618 time = 0.354917, # ZDD nodes = 320959, # elems = 5737104689568173006473369
Step 619 time = 0.488327, # ZDD nodes = 305272, # elems = 4709697569279473167658283
Step 620 time = 0.306891, # ZDD nodes = 290087, # elems = 3811271514343286554860543
Step 621 time = 0.393465, # ZDD nodes = 275446, # elems = 3044671117573736287670055
Step 622 time = 0.275059, # ZDD nodes = 261211, # elems = 2405593540663101696643984
Step 623 time = 0.260777, # ZDD nodes = 247550, # elems = 1884361069147494685992346
Step 624 time = 0.250063, # ZDD nodes = 234691, # elems = 1467758367177687435792866
Step 625 time = 0.279762, # ZDD nodes = 222986, # elems = 1140746831768414455220310
Step 626 time = 0.230160, # ZDD nodes = 212161, # elems = 887922010119818896856016
Step 627 time = 0.225402, # ZDD nodes = 202370, # elems = 694637691166859522155555
Step 628 time = 0.225338, # ZDD nodes = 193492, # elems = 547773745283768227557211
Step 629 time = 0.230487, # ZDD nodes = 185368, # elems = 436168185668383166647730
Step 630 time = 0.234303, # ZDD nodes = 178222, # elems = 350764166853728964613388
Step 631 time = 0.236491, # ZDD nodes = 172086, # elems = 284539228445242347160466
Step 632 time = 0.279717, # ZDD nodes = 166893, # elems = 232288577762675220472707
Step 633 time = 0.246281, # ZDD nodes = 162957, # elems = 190329411271677324311272
Step 634 time = 0.262697, # ZDD nodes = 160037, # elems = 156182569101480138020761
Step 635 time = 0.278486, # ZDD nodes = 157916, # elems = 128274489336413429012941
Step 636 time = 0.296106, # ZDD nodes = 156878, # elems = 105689261363271873994351
Step 637 time = 0.315466, # ZDD nodes = 156497, # elems = 87989606361559768594478
Step 638 time = 0.331525, # ZDD nodes = 156551, # elems = 75118044705416472466540
Step 639 time = 0.345818, # ZDD nodes = 156958, # elems = 67385741226790449292747
Step 640 time = 0.356915, # ZDD nodes = 157505, # elems = 65556206437149662254819
Step 641 time = 0.363903, # ZDD nodes = 158164, # elems = 71033174975437366972371
Step 642 time = 0.361364, # ZDD nodes = 158860, # elems = 86165009264842767118937
Step 643 time = 0.360039, # ZDD nodes = 159556, # elems = 114679837076050500406026
Step 644 time = 0.357946, # ZDD nodes = 160299, # elems = 162263939998479653649280
Step 645 time = 0.359386, # ZDD nodes = 160992, # elems = 237288172927892465524515
Step 646 time = 0.360267, # ZDD nodes = 161673, # elems = 351671177067445172848514
Step 647 time = 0.360690, # ZDD nodes = 162333, # elems = 521842389171330582565303
Step 648 time = 0.360840, # ZDD nodes = 163110, # elems = 769732305581671875796689
Step 649 time = 0.525556, # ZDD nodes = 164089, # elems = 1123674193032740380608974
Step 650 time = 0.353618, # ZDD nodes = 164821, # elems = 1619055181911284089704178
Step 651 time = 0.347285, # ZDD nodes = 165222, # elems = 2298513066737572300669942
Step 652 time = 0.337330, # ZDD nodes = 165519, # elems = 3211448372736068588869897
Step 653 time = 0.496989, # ZDD nodes = 165584, # elems = 4412620993823795071857419
Step 654 time = 0.315900, # ZDD nodes = 165551, # elems = 5959638179917319020912291
Step 655 time = 0.390841, # ZDD nodes = 165621, # elems = 7909223999697498010914281
Step 656 time = 0.303154, # ZDD nodes = 165448, # elems = 10312291793922999213519742
Step 657 time = 0.297004, # ZDD nodes = 165124, # elems = 13208014126504192770528018
Step 658 time = 0.287534, # ZDD nodes = 164748, # elems = 16617282735376670049686502
Step 659 time = 0.280824, # ZDD nodes = 164320, # elems = 20536147452880293714512265
Step 660 time = 0.280087, # ZDD nodes = 163912, # elems = 24929984078499385439646911
Step 661 time = 0.280839, # ZDD nodes = 163546, # elems = 29729230313655835823456833
Step 662 time = 0.283184, # ZDD nodes = 163333, # elems = 34827513904107858647037419
Step 663 time = 0.293823, # ZDD nodes = 163319, # elems = 40082857550790124211760957
Step 664 time = 0.656644, # ZDD nodes = 163779, # elems = 45322378685289386085286513
Step 665 time = 0.471943, # ZDD nodes = 164316, # elems = 50350528913076411473020343
Step 666 time = 0.316708, # ZDD nodes = 164928, # elems = 54960480238131020275911464
Step 667 time = 0.335515, # ZDD nodes = 165750, # elems = 58947823298928860109616072
Step 668 time = 0.311206, # ZDD nodes = 166427, # elems = 62125365751309065862172821
Step 669 time = 0.305656, # ZDD nodes = 166972, # elems = 64337572415308330136814764
Step 670 time = 0.298716, # ZDD nodes = 167628, # elems = 65473122760181359305711769
Step 671 time = 0.296491, # ZDD nodes = 168221, # elems = 65474199041295473783716572
Step 672 time = 0.471411, # ZDD nodes = 168938, # elems = 64341450411972183674361797
Step 673 time = 0.297133, # ZDD nodes = 169972, # elems = 62134062192875488815145916
Step 674 time = 0.298336, # ZDD nodes = 171222, # elems = 58964926274681292031693285
Step 675 time = 0.303020, # ZDD nodes = 172934, # elems = 54991474756213576316327430
Step 676 time = 0.459013, # ZDD nodes = 174690, # elems = 50403220963618415650748026
Step 677 time = 0.305239, # ZDD nodes = 176359, # elems = 45407381575655627421083417
Step 678 time = 0.468794, # ZDD nodes = 177864, # elems = 40214089111197275102667913
Step 679 time = 0.464003, # ZDD nodes = 179303, # elems = 35022637040452762948467208
Step 680 time = 0.289860, # ZDD nodes = 180518, # elems = 30009954648035591284633598
Step 681 time = 0.281421, # ZDD nodes = 181552, # elems = 25322136317024729386030210
Step 682 time = 0.274581, # ZDD nodes = 182494, # elems = 21069416406225700444585573
Step 683 time = 0.265882, # ZDD nodes = 183336, # elems = 17324555188380463643157879
Step 684 time = 0.257303, # ZDD nodes = 183978, # elems = 14124242626104806196712357
Step 685 time = 0.248786, # ZDD nodes = 184641, # elems = 11472875665463438315891558
Step 686 time = 0.240958, # ZDD nodes = 185151, # elems = 9347938699521320454006217
Step 687 time = 0.231720, # ZDD nodes = 185490, # elems = 7706210689199505253432243
Step 688 time = 0.223880, # ZDD nodes = 185728, # elems = 6490112812198583418153604
Step 689 time = 0.241013, # ZDD nodes = 186344, # elems = 5633663246323598219598077
Step 690 time = 0.227803, # ZDD nodes = 187152, # elems = 5067683746109016998181141
Step 691 time = 0.238219, # ZDD nodes = 188022, # elems = 4724073308115483899353869
Step 692 time = 0.241727, # ZDD nodes = 188784, # elems = 4539103990566976779320635
Step 693 time = 0.240056, # ZDD nodes = 189565, # elems = 4455790909447425987662011
Step 694 time = 0.237470, # ZDD nodes = 190064, # elems = 4425441659667748056975679
Step 695 time = 0.234009, # ZDD nodes = 190447, # elems = 4408507472968847157305353
Step 696 time = 0.235512, # ZDD nodes = 190649, # elems = 4374851674298198110266358
Step 697 time = 0.230419, # ZDD nodes = 190535, # elems = 4303533714016352560427852
Step 698 time = 0.230360, # ZDD nodes = 190384, # elems = 4182190265311003996996185
Step 699 time = 0.231540, # ZDD nodes = 190094, # elems = 4006085407053318957518497
Step 700 time = 0.231857, # ZDD nodes = 189733, # elems = 3776901805717590305624005
Step 701 time = 0.234121, # ZDD nodes = 189488, # elems = 3501351995315169251208009
Step 702 time = 0.236815, # ZDD nodes = 189094, # elems = 3189698651954589071015995
Step 703 time = 0.235685, # ZDD nodes = 188473, # elems = 2854279721618189467830794
Step 704 time = 0.234116, # ZDD nodes = 187744, # elems = 2508133857796269055067729
Step 705 time = 0.232016, # ZDD nodes = 186972, # elems = 2163811420527795221168556
Step 706 time = 0.231615, # ZDD nodes = 186115, # elems = 1832436395718632608956482
Step 707 time = 0.276088, # ZDD nodes = 185191, # elems = 1523057453807428530536957
Step 708 time = 0.234568, # ZDD nodes = 184227, # elems = 1242295986271396267762348
Step 709 time = 0.403337, # ZDD nodes = 183103, # elems = 994269881716798323873555
Step 710 time = 0.240193, # ZDD nodes = 181767, # elems = 780748096090388914741227
Step 711 time = 0.239400, # ZDD nodes = 180295, # elems = 601475543929439007371314
Step 712 time = 0.236971, # ZDD nodes = 178576, # elems = 454601643484811024352474
Step 713 time = 0.233829, # ZDD nodes = 176727, # elems = 337148488431246960577702
Step 714 time = 0.228755, # ZDD nodes = 175035, # elems = 245464276159592661845254
Step 715 time = 0.222940, # ZDD nodes = 173295, # elems = 175621703070914124320724
Step 716 time = 0.217938, # ZDD nodes = 171591, # elems = 123736759928471058737490
Step 717 time = 0.386465, # ZDD nodes = 170175, # elems = 86198268106221874600903
Step 718 time = 0.222921, # ZDD nodes = 169007, # elems = 59810800413441855443070
Step 719 time = 0.231873, # ZDD nodes = 167912, # elems = 41862348874494836383704
Step 720 time = 0.237343, # ZDD nodes = 166864, # elems = 30133030941078574381543
Step 721 time = 0.237982, # ZDD nodes = 165744, # elems = 22862667246373092863913
Step 722 time = 0.238149, # ZDD nodes = 164521, # elems = 18693998630617119006972
Step 723 time = 0.238736, # ZDD nodes = 163280, # elems = 16605565480967885021695
Step 724 time = 0.240489, # ZDD nodes = 161844, # elems = 15844734897494672972479
Step 725 time = 0.240974, # ZDD nodes = 160248, # elems = 15867752489767184413284
Step 726 time = 0.242363, # ZDD nodes = 158675, # elems = 16290515969370975807055
Step 727 time = 0.244828, # ZDD nodes = 157045, # elems = 16851293816968394372997
Step 728 time = 0.245677, # ZDD nodes = 155515, # elems = 17384930386284697245197
Step 729 time = 0.247057, # ZDD nodes = 154185, # elems = 17807133667012427468051
Step 730 time = 0.332934, # ZDD nodes = 152842, # elems = 18107087259612978363870
Step 731 time = 0.249945, # ZDD nodes = 151415, # elems = 18346669786423513186249
Step 732 time = 0.248268, # ZDD nodes = 150032, # elems = 18664795000212452306105
Step 733 time = 0.246543, # ZDD nodes = 148800, # elems = 19285608869526209720297
Step 734 time = 0.245256, # ZDD nodes = 147725, # elems = 20529335299573030419828
Step 735 time = 0.246582, # ZDD nodes = 146860, # elems = 22824344476770082256183
Step 736 time = 0.249704, # ZDD nodes = 146103, # elems = 26718495877731297784200
Step 737 time = 0.254199, # ZDD nodes = 145341, # elems = 32887039650185941163311
Step 738 time = 0.258556, # ZDD nodes = 144654, # elems = 42133498311046709544557
Step 739 time = 0.262384, # ZDD nodes = 143965, # elems = 55379234542832951815772
Step 740 time = 0.265741, # ZDD nodes = 143453, # elems = 73637136483579373498779
Step 741 time = 0.267431, # ZDD nodes = 142849, # elems = 97965322072071688500291
Step 742 time = 0.266404, # ZDD nodes = 142207, # elems = 129398219471567258475868
Step 743 time = 0.263106, # ZDD nodes = 141328, # elems = 168854923341230007996032
Step 744 time = 0.258848, # ZDD nodes = 140282, # elems = 217028251154861557872189
Step 745 time = 0.254291, # ZDD nodes = 139117, # elems = 274262075287088615574706
Step 746 time = 0.248645, # ZDD nodes = 137877, # elems = 340428686438216835949312
Step 747 time = 0.242817, # ZDD nodes = 136638, # elems = 414821372721767096608680
Step 748 time = 0.236493, # ZDD nodes = 135599, # elems = 496079239063070155152207
Step 749 time = 0.231020, # ZDD nodes = 134738, # elems = 582160815442160909866805
Step 750 time = 0.225325, # ZDD nodes = 133949, # elems = 670379772711022134031825
Step 751 time = 0.220340, # ZDD nodes = 133225, # elems = 757510089336641239242981
Step 752 time = 0.215257, # ZDD nodes = 132383, # elems = 839959829658160344818135
Step 753 time = 0.210049, # ZDD nodes = 131506, # elems = 914003353595368180431132
Step 754 time = 0.206516, # ZDD nodes = 130548, # elems = 976052704532475823918370
Step 755 time = 0.202763, # ZDD nodes = 129463, # elems = 1022941679573197925929483
Step 756 time = 0.198539, # ZDD nodes = 128340, # elems = 1052192077555091470267642
Step 757 time = 0.195597, # ZDD nodes = 127179, # elems = 1062231792334729228055367
Step 758 time = 0.191162, # ZDD nodes = 125869, # elems = 1052539039488494637201841
Step 759 time = 0.269505, # ZDD nodes = 124623, # elems = 1023695568087229803224583
Step 760 time = 0.183178, # ZDD nodes = 123338, # elems = 977343005073779890616663
Step 761 time = 0.178996, # ZDD nodes = 122111, # elems = 916048817742936676117768
Step 762 time = 0.176817, # ZDD nodes = 120862, # elems = 843099929456941318701620
Step 763 time = 0.174716, # ZDD nodes = 119759, # elems = 762251197482933516433232
Step 764 time = 0.171827, # ZDD nodes = 118635, # elems = 677461758598952863131653
Step 765 time = 0.167371, # ZDD nodes = 117398, # elems = 592654480979432469448201
Step 766 time = 0.163956, # ZDD nodes = 116112, # elems = 511533116174762695774898
Step 767 time = 0.160380, # ZDD nodes = 114883, # elems = 437489652401496298831685
Step 768 time = 0.157766, # ZDD nodes = 113677, # elems = 373632697483568974674770
Step 769 time = 0.156936, # ZDD nodes = 112745, # elems = 322968332047991798917520
Step 770 time = 0.159426, # ZDD nodes = 112075, # elems = 288769116782463698546391
Step 771 time = 0.164679, # ZDD nodes = 111706, # elems = 275175108810428044411515
Step 772 time = 0.176177, # ZDD nodes = 111875, # elems = 288081619067239095855040
Step 773 time = 0.193983, # ZDD nodes = 112403, # elems = 336378947276568160640188
Step 774 time = 0.215906, # ZDD nodes = 113242, # elems = 433614420939810957111651
Step 775 time = 0.252867, # ZDD nodes = 114447, # elems = 600139955519095983371706
Step 776 time = 0.269565, # ZDD nodes = 115688, # elems = 865781193800169241981807
Step 777 time = 0.292948, # ZDD nodes = 117077, # elems = 1273009380907596954400132
Step 778 time = 0.317586, # ZDD nodes = 118678, # elems = 1880508764410507096013225
Step 779 time = 0.341151, # ZDD nodes = 120208, # elems = 2766909024260807066246063
Step 780 time = 0.359266, # ZDD nodes = 121859, # elems = 4034299363408453126253183
Step 781 time = 0.381528, # ZDD nodes = 123924, # elems = 5810972746397287583307265
Step 782 time = 0.405829, # ZDD nodes = 126222, # elems = 8252689876602030783228173
Step 783 time = 0.594000, # ZDD nodes = 128812, # elems = 11541636968489063109986229
Step 784 time = 0.453303, # ZDD nodes = 131597, # elems = 15882219810046580759669351
Step 785 time = 0.634210, # ZDD nodes = 134345, # elems = 21492930169440002606022428
Step 786 time = 0.493332, # ZDD nodes = 136964, # elems = 28593772413504042475487849
Step 787 time = 0.506365, # ZDD nodes = 139541, # elems = 37389163321666078053600070
Step 788 time = 0.512774, # ZDD nodes = 141966, # elems = 48046803743787502084638097
Step 789 time = 0.513156, # ZDD nodes = 144272, # elems = 60673719539044256732662016
Step 790 time = 0.511470, # ZDD nodes = 146830, # elems = 75291397631308605625683206
Step 791 time = 0.512580, # ZDD nodes = 149390, # elems = 91812587517086074281874826
Step 792 time = 0.514983, # ZDD nodes = 151953, # elems = 110022770053782077552291292
Step 793 time = 0.516846, # ZDD nodes = 154469, # elems = 129569390732182745526038929
Step 794 time = 0.512976, # ZDD nodes = 156932, # elems = 149961622472738150295316693
Step 795 time = 0.511208, # ZDD nodes = 159457, # elems = 170582628372257478492969867
Step 796 time = 0.512773, # ZDD nodes = 162193, # elems = 190715077560159084594052196
Step 797 time = 50.798075, # ZDD nodes = 165085, # elems = 209579148042426947779871604
Step 798 time = 0.524218, # ZDD nodes = 168278, # elems = 226380621182344952070850062
Step 799 time = 0.541369, # ZDD nodes = 171870, # elems = 240365171352697832500206130
Step 800 time = 0.561567, # ZDD nodes = 175875, # elems = 250873827167743802726252493
Step 801 time = 0.630067, # ZDD nodes = 180018, # elems = 257394036941536911505987469
Step 802 time = 0.769895, # ZDD nodes = 184148, # elems = 259600941890996158972272702
Step 803 time = 0.609033, # ZDD nodes = 188120, # elems = 257384369423176881585135606
Step 804 time = 0.610231, # ZDD nodes = 191790, # elems = 250858610043303674854356700
Step 805 time = 0.601667, # ZDD nodes = 195317, # elems = 240354031858299866969206298
Step 806 time = 0.589075, # ZDD nodes = 199002, # elems = 226391737761154034956343703
Step 807 time = 0.584763, # ZDD nodes = 202850, # elems = 209644474959599839189244792
Step 808 time = 0.581241, # ZDD nodes = 207024, # elems = 190888580714242151982964723
Step 809 time = 0.579166, # ZDD nodes = 211345, # elems = 170952678090035672401711255
Step 810 time = 0.588834, # ZDD nodes = 215809, # elems = 150669009255899228051655414
Step 811 time = 0.603207, # ZDD nodes = 220339, # elems = 130832713100452974348848118
Step 812 time = 0.612574, # ZDD nodes = 224891, # elems = 112173124620290953134234368
Step 813 time = 0.651538, # ZDD nodes = 229336, # elems = 95339479282223929413277816
Step 814 time = 0.642098, # ZDD nodes = 233623, # elems = 80901471356567345717842006
Step 815 time = 0.647843, # ZDD nodes = 237773, # elems = 69363170524265945994865351
Step 816 time = 0.655553, # ZDD nodes = 241759, # elems = 61187050257266442855563038
Step 817 time = 0.652064, # ZDD nodes = 245524, # elems = 56823486758904655390052332
Step 818 time = 0.643141, # ZDD nodes = 249254, # elems = 56740164879647282186079498
Step 819 time = 0.637431, # ZDD nodes = 252773, # elems = 61445454007172736417873015
Step 820 time = 0.625031, # ZDD nodes = 256057, # elems = 71500039641112214868614926
Step 821 time = 0.611843, # ZDD nodes = 259189, # elems = 87511939926391294138121693
Step 822 time = 0.626716, # ZDD nodes = 262311, # elems = 110111501302505776742759934
Step 823 time = 0.592567, # ZDD nodes = 265368, # elems = 139905017152945303477257986
Step 824 time = 0.581975, # ZDD nodes = 268506, # elems = 177408153493939210482292373
Step 825 time = 0.583352, # ZDD nodes = 271856, # elems = 222963221689207954545688818
Step 826 time = 0.593835, # ZDD nodes = 275597, # elems = 276647241390366422666181354
Step 827 time = 0.720029, # ZDD nodes = 279468, # elems = 338180329971299157227728899
Step 828 time = 0.640055, # ZDD nodes = 283503, # elems = 406845822088544389026026347
Step 829 time = 0.676980, # ZDD nodes = 287573, # elems = 481434248534019746755761685
Step 830 time = 0.669981, # ZDD nodes = 291887, # elems = 560222548534926039023569974
Step 831 time = 0.699161, # ZDD nodes = 296649, # elems = 640997477242744276215286934
Step 832 time = 0.731860, # ZDD nodes = 301641, # elems = 721128157238351105612342188
Step 833 time = 0.765219, # ZDD nodes = 307140, # elems = 797687439417579961160564056
Step 834 time = 0.811501, # ZDD nodes = 313177, # elems = 867615778413445616156229279
Step 835 time = 1.009877, # ZDD nodes = 319273, # elems = 927915483750301971365960664
Step 836 time = 0.870748, # ZDD nodes = 325156, # elems = 975858357488692374541464429
Step 837 time = 0.880479, # ZDD nodes = 330583, # elems = 1009186686398159740876783637
Step 838 time = 0.870766, # ZDD nodes = 335396, # elems = 1026286920521263788044273834
Step 839 time = 0.850225, # ZDD nodes = 339643, # elems = 1026317398390632532790127528
Step 840 time = 0.823130, # ZDD nodes = 343367, # elems = 1009276019357747536586777980
Step 841 time = 0.791694, # ZDD nodes = 346457, # elems = 976000255848845374295821703
Step 842 time = 1.263253, # ZDD nodes = 349017, # elems = 928099457514120398281630890
Step 843 time = 0.733320, # ZDD nodes = 351087, # elems = 867826958961978195578330185
Step 844 time = 0.707427, # ZDD nodes = 352639, # elems = 797905996913202026035785443
Step 845 time = 0.682435, # ZDD nodes = 353646, # elems = 721327986162293309606466537
Step 846 time = 0.848121, # ZDD nodes = 354030, # elems = 641143738159195140766976696
Step 847 time = 0.789334, # ZDD nodes = 353868, # elems = 560267580949245696968468557
Step 848 time = 0.679564, # ZDD nodes = 353119, # elems = 481311316747030293593022138
Step 849 time = 0.910224, # ZDD nodes = 351893, # elems = 406460138128925060831158862
Step 850 time = 0.543649, # ZDD nodes = 350242, # elems = 337396836512496417495030883
Step 851 time = 0.859354, # ZDD nodes = 348264, # elems = 275274760447460949683407741
Step 852 time = 0.522523, # ZDD nodes = 346101, # elems = 220734812152084278240488409
Step 853 time = 0.484524, # ZDD nodes = 343881, # elems = 173957899545831694107485277
Step 854 time = 0.817164, # ZDD nodes = 341521, # elems = 134742006250034388873953092
Step 855 time = 0.460407, # ZDD nodes = 338983, # elems = 102592438830284913973896212
Step 856 time = 0.779612, # ZDD nodes = 336172, # elems = 76814650158917660339740355
Step 857 time = 0.510956, # ZDD nodes = 333229, # elems = 56600942012908218275124835
Step 858 time = 0.407111, # ZDD nodes = 330016, # elems = 41104861469943519616157423
Step 859 time = 0.474714, # ZDD nodes = 326472, # elems = 29499774106614080761556997
Step 860 time = 0.381657, # ZDD nodes = 322504, # elems = 21020547249493694748114088
Step 861 time = 0.452995, # ZDD nodes = 318232, # elems = 14989249250662930325967268
Step 862 time = 0.356326, # ZDD nodes = 313648, # elems = 10827134923159077443154685
Step 863 time = 0.350995, # ZDD nodes = 308788, # elems = 8055928573027762471380926
Step 864 time = 0.341632, # ZDD nodes = 303742, # elems = 6291609235224840433462069
Step 865 time = 0.502411, # ZDD nodes = 298499, # elems = 5233676721218328960740239
Step 866 time = 0.374551, # ZDD nodes = 292975, # elems = 4652381145662104645168101
Step 867 time = 0.327233, # ZDD nodes = 287123, # elems = 4375774720377259926479473
Step 868 time = 0.320236, # ZDD nodes = 281049, # elems = 4277809325045719552324815
Step 869 time = 0.317114, # ZDD nodes = 274848, # elems = 4268139021719480461802186
Step 870 time = 0.310117, # ZDD nodes = 268699, # elems = 4283840594757966836115051
Step 871 time = 0.306032, # ZDD nodes = 262521, # elems = 4282954302856233173800552
Step 872 time = 0.556060, # ZDD nodes = 256626, # elems = 4239565351188588606396994
Step 873 time = 0.302558, # ZDD nodes = 250607, # elems = 4140073421086836683443443
Step 874 time = 0.301358, # ZDD nodes = 244355, # elems = 3980304898917803830008489
Step 875 time = 0.300134, # ZDD nodes = 237881, # elems = 3763180749266975816842253
Step 876 time = 0.295910, # ZDD nodes = 231197, # elems = 3496735501789839755698506
Step 877 time = 0.290639, # ZDD nodes = 224385, # elems = 3192368004006522864661607
Step 878 time = 0.284223, # ZDD nodes = 217622, # elems = 2863277259639384967979947
Step 879 time = 0.276822, # ZDD nodes = 211187, # elems = 2523088163428641566777424
Step 880 time = 0.268238, # ZDD nodes = 204835, # elems = 2184699466598155345148102
Step 881 time = 0.260038, # ZDD nodes = 198727, # elems = 1859391762105422439012205
Step 882 time = 0.251334, # ZDD nodes = 192693, # elems = 1556221772317401246953879
Step 883 time = 0.243065, # ZDD nodes = 186689, # elems = 1281707489852472944866189
Step 884 time = 0.234630, # ZDD nodes = 180829, # elems = 1039783665292876375641096
Step 885 time = 0.225706, # ZDD nodes = 175061, # elems = 831984641816722600197119
Step 886 time = 0.216900, # ZDD nodes = 169541, # elems = 657795717381214634156139
Step 887 time = 0.294191, # ZDD nodes = 164356, # elems = 515107093082922677675701
Step 888 time = 0.202229, # ZDD nodes = 159606, # elems = 400706088382241784615025
Step 889 time = 0.195139, # ZDD nodes = 155119, # elems = 310752170301115589545481
Step 890 time = 0.189932, # ZDD nodes = 150984, # elems = 241193015411407383956659
Step 891 time = 0.184299, # ZDD nodes = 147090, # elems = 188095557673649697103145
Step 892 time = 0.353184, # ZDD nodes = 143369, # elems = 147881266733646226250731
Step 893 time = 0.178400, # ZDD nodes = 140025, # elems = 117467851348156214845020
Step 894 time = 0.183069, # ZDD nodes = 137156, # elems = 94329069528316089358316
Step 895 time = 0.191520, # ZDD nodes = 134641, # elems = 76489998058264636193699
Step 896 time = 0.197915, # ZDD nodes = 132580, # elems = 62477247918992024217018
Step 897 time = 0.201452, # ZDD nodes = 131071, # elems = 51242912939669597399837
Step 898 time = 0.202176, # ZDD nodes = 129710, # elems = 42078418845748962743853
Step 899 time = 0.204786, # ZDD nodes = 128772, # elems = 34530831567266740601765
Step 900 time = 0.552232, # ZDD nodes = 128104, # elems = 28330405748794841704273
Step 901 time = 0.383606, # ZDD nodes = 127608, # elems = 23334833174602910376523
Step 902 time = 0.312935, # ZDD nodes = 127388, # elems = 19493190872607522200645
Step 903 time = 0.236083, # ZDD nodes = 127385, # elems = 16831176565555176636121
Step 904 time = 0.334186, # ZDD nodes = 127410, # elems = 15458844092653899515044
Step 905 time = 0.261386, # ZDD nodes = 127456, # elems = 15602529695986387577885
Step 906 time = 0.274033, # ZDD nodes = 127392, # elems = 17663656083002633829301
Step 907 time = 0.283421, # ZDD nodes = 127373, # elems = 22308145103970864567128
Step 908 time = 0.291357, # ZDD nodes = 127376, # elems = 30590678382492951875909
Step 909 time = 0.298497, # ZDD nodes = 127454, # elems = 44117357508600778400267
Step 910 time = 0.303456, # ZDD nodes = 127545, # elems = 65247759009832088953063
Step 911 time = 0.308788, # ZDD nodes = 127897, # elems = 97332378046757253694212
Step 912 time = 0.315194, # ZDD nodes = 128621, # elems = 144973682561821130508012
Step 913 time = 0.322435, # ZDD nodes = 129284, # elems = 214288569728999757408374
Step 914 time = 0.327852, # ZDD nodes = 129807, # elems = 313137675757975955163175
Step 915 time = 0.330618, # ZDD nodes = 130324, # elems = 451274266469846346050303
Step 916 time = 0.332629, # ZDD nodes = 130585, # elems = 640354674217430913655747
Step 917 time = 0.332501, # ZDD nodes = 130708, # elems = 893746462419814305213773
Step 918 time = 0.329769, # ZDD nodes = 130939, # elems = 1226073003766715002866851
Step 919 time = 0.346901, # ZDD nodes = 130961, # elems = 1652446948217285450597836
Step 920 time = 0.322940, # ZDD nodes = 131042, # elems = 2187372024374160898071050
Step 921 time = 0.321113, # ZDD nodes = 131312, # elems = 2843332716406856627532244
Step 922 time = 0.324806, # ZDD nodes = 131662, # elems = 3629141919984332354723140
Step 923 time = 0.329629, # ZDD nodes = 132086, # elems = 4548172107061776125092318
Step 924 time = 0.501689, # ZDD nodes = 132553, # elems = 5596647566479831152952608
Step 925 time = 0.331483, # ZDD nodes = 133090, # elems = 6762213988823936148384612
Step 926 time = 0.338427, # ZDD nodes = 133837, # elems = 8023017013698819358023608
Step 927 time = 0.347022, # ZDD nodes = 135114, # elems = 9347505333780051461587724
Step 928 time = 0.360019, # ZDD nodes = 136678, # elems = 10695122648010616039878024
Step 929 time = 0.547906, # ZDD nodes = 138666, # elems = 12017968080257799073474890
Step 930 time = 0.735445, # ZDD nodes = 141214, # elems = 13263395116407952316827450
Step 931 time = 0.590747, # ZDD nodes = 143789, # elems = 14377399230409293311062891
Step 932 time = 0.427977, # ZDD nodes = 146342, # elems = 15308532930637075206761909
Step 933 time = 0.601021, # ZDD nodes = 148823, # elems = 16012003848914182894658866
Step 934 time = 0.428740, # ZDD nodes = 151028, # elems = 16453573982669888495728919
Step 935 time = 0.423676, # ZDD nodes = 153193, # elems = 16612897240589865737636368
Step 936 time = 0.416662, # ZDD nodes = 155633, # elems = 16486009819490720384796412
Step 937 time = 0.414282, # ZDD nodes = 158175, # elems = 16086814916421360537726551
Step 938 time = 0.413904, # ZDD nodes = 161208, # elems = 15447561118760842377172457
Step 939 time = 0.416323, # ZDD nodes = 164363, # elems = 14618476198639316681201212
Step 940 time = 0.423244, # ZDD nodes = 167497, # elems = 13666855008371152377652226
Step 941 time = 0.427754, # ZDD nodes = 170632, # elems = 12675982953045633893617009
Step 942 time = 0.433729, # ZDD nodes = 173748, # elems = 11744282435319905730100830
Step 943 time = 0.439942, # ZDD nodes = 176634, # elems = 10984986462273408011421537
Step 944 time = 0.778121, # ZDD nodes = 179333, # elems = 10526472505564894985118815
Step 945 time = 0.436039, # ZDD nodes = 181825, # elems = 10513146940948642184354293
Step 946 time = 0.430437, # ZDD nodes = 184043, # elems = 11106486901403861565833869
Step 947 time = 0.418645, # ZDD nodes = 185960, # elems = 12485565651989715217124231
Step 948 time = 0.405863, # ZDD nodes = 187761, # elems = 14846161595462753891408433
Step 949 time = 0.561586, # ZDD nodes = 189344, # elems = 18397434178590010818402078
Step 950 time = 0.382124, # ZDD nodes = 190651, # elems = 23355191439842403393477375
Step 951 time = 0.457857, # ZDD nodes = 191697, # elems = 29931008552024520916712502
Step 952 time = 0.534582, # ZDD nodes = 192729, # elems = 38316895640558254045415370
Step 953 time = 0.345483, # ZDD nodes = 193638, # elems = 48665835811823837343558916
Step 954 time = 0.336047, # ZDD nodes = 194532, # elems = 61069263522383592808451027
Step 955 time = 0.332412, # ZDD nodes = 195648, # elems = 75533335946645601923755012
Step 956 time = 0.338425, # ZDD nodes = 197095, # elems = 91956544275910223474766905
Step 957 time = 0.436139, # ZDD nodes = 198535, # elems = 110111683276769741009671974
Step 958 time = 0.360610, # ZDD nodes = 199877, # elems = 129635320144889343882150594
Step 959 time = 0.364051, # ZDD nodes = 201112, # elems = 150027586100686937961767563
Step 960 time = 0.534621, # ZDD nodes = 201954, # elems = 170664323029618745814957504
Step 961 time = 0.532477, # ZDD nodes = 202713, # elems = 190822395224027406480729032
Step 962 time = 0.358165, # ZDD nodes = 203343, # elems = 209717446448542420433077538
Step 963 time = 0.355917, # ZDD nodes = 203740, # elems = 226551739653624621128878056
Step 964 time = 0.355162, # ZDD nodes = 204167, # elems = 240568200421214030228166537
Step 965 time = 0.356605, # ZDD nodes = 204414, # elems = 251105642201537270020722145
Step 966 time = 0.377651, # ZDD nodes = 204468, # elems = 257649590706635079656409996
Step 967 time = 0.537389, # ZDD nodes = 204500, # elems = 259873276691006347379614310
Step 968 time = 0.362643, # ZDD nodes = 204265, # elems = 257664252540562605074694740
Step 969 time = 0.535618, # ZDD nodes = 203735, # elems = 251133611364127166661555914
Step 970 time = 0.357239, # ZDD nodes = 203091, # elems = 240606743233535336686635731
Step 971 time = 0.350806, # ZDD nodes = 202350, # elems = 226596673126850474562557927
Step 972 time = 0.516097, # ZDD nodes = 201495, # elems = 209762983680677185024949045
Step 973 time = 0.346112, # ZDD nodes = 200657, # elems = 190860854252379395175626059
Step 974 time = 0.344841, # ZDD nodes = 199843, # elems = 170685641473796865088446440
Step 975 time = 0.347384, # ZDD nodes = 199041, # elems = 150018587959062697150975680
Step 976 time = 0.350028, # ZDD nodes = 198279, # elems = 129578696503880803889289893
Step 977 time = 0.349883, # ZDD nodes = 197544, # elems = 109984676613871039619463635
Step 978 time = 0.347816, # ZDD nodes = 196668, # elems = 91729366698540458693874095
Step 979 time = 0.345387, # ZDD nodes = 195719, # elems = 75167403906968252523868847
Step 980 time = 0.340064, # ZDD nodes = 194593, # elems = 60515392123156986250333046
Step 981 time = 0.334073, # ZDD nodes = 193297, # elems = 47862599183601345581156867
Step 982 time = 0.503666, # ZDD nodes = 192059, # elems = 37189417817121269437116807
Step 983 time = 0.325839, # ZDD nodes = 191024, # elems = 28390491269048844830923575
Step 984 time = 0.329501, # ZDD nodes = 190097, # elems = 21299499464325899233232456
Step 985 time = 0.335253, # ZDD nodes = 189408, # elems = 15713033668004285778487994
Step 986 time = 0.337824, # ZDD nodes = 188710, # elems = 11411633854364152732811610
Step 987 time = 0.337504, # ZDD nodes = 188114, # elems = 8176794146098366729635058
Step 988 time = 0.336902, # ZDD nodes = 187593, # elems = 5803443906443547734003426
Step 989 time = 0.337096, # ZDD nodes = 186974, # elems = 4108001378942552182384688
Step 990 time = 0.338928, # ZDD nodes = 186222, # elems = 2932525186609124876039871
Step 991 time = 0.515096, # ZDD nodes = 185533, # elems = 2145743195777341694015237
Step 992 time = 0.346182, # ZDD nodes = 184746, # elems = 1641832772952814219546630
Step 993 time = 0.352311, # ZDD nodes = 183854, # elems = 1337794138497270468247067
Step 994 time = 0.357246, # ZDD nodes = 183006, # elems = 1170140455482259322590345
Step 995 time = 0.362017, # ZDD nodes = 182160, # elems = 1091465371392604350462928
Step 996 time = 0.367605, # ZDD nodes = 181239, # elems = 1067275634116620464349243
Step 997 time = 0.369067, # ZDD nodes = 180335, # elems = 1073318383908339374022035
Step 998 time = 0.368600, # ZDD nodes = 179531, # elems = 1093504799749752792944252
Step 999 time = 0.369664, # ZDD nodes = 178854, # elems = 1118439680156637695818404
Step 1000 time = 0.369714, # ZDD nodes = 178283, # elems = 1144508648050897208741815
Step 1001 time = 0.371751, # ZDD nodes = 177681, # elems = 1173444354554256061788138
Step 1002 time = 0.379512, # ZDD nodes = 177179, # elems = 1212280966814181018061757
Step 1003 time = 0.723490, # ZDD nodes = 176846, # elems = 1273602346385787474064689
Step 1004 time = 0.394877, # ZDD nodes = 176424, # elems = 1375984731491393537235598
Step 1005 time = 0.404336, # ZDD nodes = 175828, # elems = 1544523038785938180752839
Step 1006 time = 0.423267, # ZDD nodes = 175082, # elems = 1811308371734182714794488
Step 1007 time = 0.590864, # ZDD nodes = 174165, # elems = 2215694626399211546353647
Step 1008 time = 0.422412, # ZDD nodes = 173145, # elems = 2804160445958558661383772
Step 1009 time = 0.464519, # ZDD nodes = 172123, # elems = 3629549413768842061013955
Step 1010 time = 0.420243, # ZDD nodes = 170992, # elems = 4749469064167166639507634
Step 1011 time = 0.416916, # ZDD nodes = 169823, # elems = 6223661016305437562613004
Step 1012 time = 0.410934, # ZDD nodes = 168553, # elems = 8110230457840736989260148
Step 1013 time = 0.404850, # ZDD nodes = 167284, # elems = 10460747350622870765276998
Step 1014 time = 0.398194, # ZDD nodes = 165966, # elems = 13314399093823331194912366
Step 1015 time = 0.391797, # ZDD nodes = 164671, # elems = 16691569203589042465646546
Step 1016 time = 0.390299, # ZDD nodes = 163303, # elems = 20587412553420031269546475
Step 1017 time = 0.378566, # ZDD nodes = 161928, # elems = 24966160649968494628201418
Step 1018 time = 0.371648, # ZDD nodes = 160354, # elems = 29756983222684387721090677
Step 1019 time = 0.365623, # ZDD nodes = 158606, # elems = 34852222082625790157268796
Step 1020 time = 0.358742, # ZDD nodes = 156737, # elems = 40108678456035194607930738
Step 1021 time = 0.353483, # ZDD nodes = 154802, # elems = 45352372949299946563107051
Step 1022 time = 0.357801, # ZDD nodes = 152881, # elems = 50386827617035005366195404
Step 1023 time = 0.342003, # ZDD nodes = 151160, # elems = 55004484561828389817983477
Step 1024 time = 0.335674, # ZDD nodes = 149638, # elems = 59000435341266016650064164
Step 1025 time = 0.330017, # ZDD nodes = 148220, # elems = 62187259380003678508993862
Step 1026 time = 0.325472, # ZDD nodes = 146921, # elems = 64409523700361291753888506
Step 1027 time = 0.319975, # ZDD nodes = 145518, # elems = 65556430988421549008126353
Step 1028 time = 0.315269, # ZDD nodes = 144103, # elems = 65571242396062313016526748
Step 1029 time = 0.310991, # ZDD nodes = 142616, # elems = 64456437365887780424393940
Step 1030 time = 0.305534, # ZDD nodes = 141003, # elems = 62274065044282678488985282
Step 1031 time = 0.301945, # ZDD nodes = 139357, # elems = 59141325482406449155039992
Step 1032 time = 0.377693, # ZDD nodes = 137654, # elems = 55222016421996039249176444
Step 1033 time = 0.289483, # ZDD nodes = 135848, # elems = 50715018947692635999543837
Step 1034 time = 0.283353, # ZDD nodes = 134137, # elems = 45841417418849197961883850
Step 1035 time = 0.278530, # ZDD nodes = 132390, # elems = 40832131385469500158606660
Step 1036 time = 0.272533, # ZDD nodes = 130762, # elems = 35918091364694046694639067
Step 1037 time = 0.268584, # ZDD nodes = 129112, # elems = 31325061532490343764499157
Step 1038 time = 0.264027, # ZDD nodes = 127636, # elems = 27275267686197986922408713
Step 1039 time = 0.258740, # ZDD nodes = 126226, # elems = 23998098402144870673270468
Step 1040 time = 0.253784, # ZDD nodes = 124754, # elems = 21752360169990548998031083
Step 1041 time = 0.271002, # ZDD nodes = 123443, # elems = 20862885378543668025042418
Step 1042 time = 0.248610, # ZDD nodes = 122343, # elems = 21774646698252123441986762
Step 1043 time = 0.253352, # ZDD nodes = 121883, # elems = 25127767183351330727382886
Step 1044 time = 0.269479, # ZDD nodes = 122270, # elems = 31856686569584695951731519
Step 1045 time = 0.295139, # ZDD nodes = 123571, # elems = 43315929688629516584325570
Step 1046 time = 0.331676, # ZDD nodes = 126017, # elems = 61433064482063943935566601
Step 1047 time = 0.387559, # ZDD nodes = 129698, # elems = 88886204062969087167842445
Step 1048 time = 0.454716, # ZDD nodes = 134371, # elems = 129298586159836785996496607
Step 1049 time = 0.572943, # ZDD nodes = 140151, # elems = 187436365423961368927634244
Step 1050 time = 0.625108, # ZDD nodes = 146973, # elems = 269388125532558901776267607
Step 1051 time = 0.722435, # ZDD nodes = 154534, # elems = 382696527600313335516715619
Step 1052 time = 0.823114, # ZDD nodes = 163081, # elems = 536405186259134195626527411
Step 1053 time = 1.127925, # ZDD nodes = 172595, # elems = 740978940990427792678266416
Step 1054 time = 1.077720, # ZDD nodes = 182899, # elems = 1008055052892068735702955006
Step 1055 time = 1.207968, # ZDD nodes = 194191, # elems = 1349988359609882503107316022
Step 1056 time = 1.404683, # ZDD nodes = 206578, # elems = 1779166501866398777945609504
Step 1057 time = 1.594336, # ZDD nodes = 219832, # elems = 2307092577905300740417138799
Step 1058 time = 1.733075, # ZDD nodes = 233867, # elems = 2943261303925093354914758606
Step 1059 time = 1.792024, # ZDD nodes = 248458, # elems = 3693888723658274850429593160
Step 1060 time = 1.930041, # ZDD nodes = 263323, # elems = 4560590879979252732057711713
Step 1061 time = 2.053052, # ZDD nodes = 278344, # elems = 5539138459646113074701884173
Step 1062 time = 2.171309, # ZDD nodes = 293553, # elems = 6618436349225752054715125988
Step 1063 time = 2.538754, # ZDD nodes = 308875, # elems = 7779883592761496157039634980
Step 1064 time = 2.370909, # ZDD nodes = 324087, # elems = 8997256015961377284408217565
Step 1065 time = 2.455683, # ZDD nodes = 339247, # elems = 10237218762664279477050279028
Step 1066 time = 2.524237, # ZDD nodes = 354212, # elems = 11460520392176093563613092676
Step 1067 time = 2.588798, # ZDD nodes = 369066, # elems = 12623848822189133283605692793
Step 1068 time = 2.659197, # ZDD nodes = 383853, # elems = 13682250409446918377464783425
Step 1069 time = 2.722859, # ZDD nodes = 398781, # elems = 14591937351909171942329410572
Step 1070 time = 2.794686, # ZDD nodes = 414308, # elems = 15313246723588808822986329089
Step 1071 time = 2.935494, # ZDD nodes = 430904, # elems = 15813477126626419571889095409
Step 1072 time = 3.006558, # ZDD nodes = 448739, # elems = 16069323551462233294203936109
Step 1073 time = 3.140201, # ZDD nodes = 467621, # elems = 16068660534749104021083403144
Step 1074 time = 3.458686, # ZDD nodes = 487535, # elems = 15811485832846026117202933351
Step 1075 time = 3.773460, # ZDD nodes = 508169, # elems = 15309924218359496656242353398
Step 1076 time = 4.370355, # ZDD nodes = 529175, # elems = 14587292239243893796940616988
Step 1077 time = 4.744603, # ZDD nodes = 550273, # elems = 13676326201654675288599492145
Step 1078 time = 3.842564, # ZDD nodes = 571371, # elems = 12616763605942007082189893377
Step 1079 time = 3.995341, # ZDD nodes = 592084, # elems = 11452531384729062073658075028
Step 1080 time = 4.234297, # ZDD nodes = 612418, # elems = 10228825217416407249107174084
Step 1081 time = 4.144226, # ZDD nodes = 632526, # elems = 8989360657685681394520730347
Step 1082 time = 4.231460, # ZDD nodes = 652456, # elems = 7774041696340846051921190016
Step 1083 time = 3.882753, # ZDD nodes = 672337, # elems = 6617232889839730107490061026
Step 1084 time = 4.209150, # ZDD nodes = 691728, # elems = 5546747269194909868454861409
Step 1085 time = 3.850282, # ZDD nodes = 710474, # elems = 4583584686334591889406983011
Step 1086 time = 4.137870, # ZDD nodes = 728403, # elems = 3742383762009635901617332224
Step 1087 time = 3.978992, # ZDD nodes = 745324, # elems = 3032492288565524121613758935
Step 1088 time = 4.291191, # ZDD nodes = 761201, # elems = 2459519479805619108626584418
Step 1089 time = 4.514851, # ZDD nodes = 775852, # elems = 2027208973732110405662984894
Step 1090 time = 3.679424, # ZDD nodes = 789227, # elems = 1739461201871479366015172334
Step 1091 time = 3.605499, # ZDD nodes = 801275, # elems = 1602333145876300234267068976
Step 1092 time = 3.525420, # ZDD nodes = 811899, # elems = 1625847870298506024909958969
Step 1093 time = 3.434567, # ZDD nodes = 821114, # elems = 1825452011817507409073369696
Step 1094 time = 3.337999, # ZDD nodes = 828775, # elems = 2222965393932565313516055112
Step 1095 time = 3.239762, # ZDD nodes = 834971, # elems = 2846874750470680781144916197
Step 1096 time = 3.191351, # ZDD nodes = 840094, # elems = 3731837490790598687527215503
Step 1097 time = 3.099241, # ZDD nodes = 844800, # elems = 4917287604229581460018625940
Step 1098 time = 3.088754, # ZDD nodes = 849068, # elems = 6445080492517505395277535261
Step 1099 time = 3.111926, # ZDD nodes = 852870, # elems = 8356181353514569342971308575
Step 1100 time = 3.140805, # ZDD nodes = 855990, # elems = 10686493679165903418403423144
Step 1101 time = 3.174446, # ZDD nodes = 858550, # elems = 13462036204518508274667587929
Step 1102 time = 3.751954, # ZDD nodes = 860632, # elems = 16693797981066250508273369890
Step 1103 time = 3.999185, # ZDD nodes = 862346, # elems = 20372716251498073457980570837
Step 1104 time = 3.409403, # ZDD nodes = 864345, # elems = 24465310651768123506516774610
Step 1105 time = 3.924316, # ZDD nodes = 867631, # elems = 28910549146726292443706366146
Step 1106 time = 3.926662, # ZDD nodes = 872833, # elems = 33618498026195238774272868390
Step 1107 time = 4.866770, # ZDD nodes = 879719, # elems = 38471209143386601098513864599
Step 1108 time = 4.534049, # ZDD nodes = 887604, # elems = 43326121651860842906672461702
Step 1109 time = 5.203965, # ZDD nodes = 895889, # elems = 48022014581151701630405304265
Step 1110 time = 6.478177, # ZDD nodes = 903615, # elems = 52387265027501338011681087278
Step 1111 time = 6.287263, # ZDD nodes = 910413, # elems = 56249879064298612330887432382
Step 1112 time = 6.190482, # ZDD nodes = 915932, # elems = 59448508808183467033591595652
Step 1113 time = 6.366553, # ZDD nodes = 919980, # elems = 61843488841655344397803364139
Step 1114 time = 6.838290, # ZDD nodes = 922550, # elems = 63326850323958438644747509184
Step 1115 time = 5.606038, # ZDD nodes = 923693, # elems = 63830319970833085002737869642
Step 1116 time = 5.169169, # ZDD nodes = 923684, # elems = 63330484332868411653334203464
Step 1117 time = 5.952692, # ZDD nodes = 922849, # elems = 61850579310733545545315023295
Step 1118 time = 5.521190, # ZDD nodes = 921548, # elems = 59458715819061570927922788370
Step 1119 time = 5.244293, # ZDD nodes = 920011, # elems = 56262728717251543780916535308
Step 1120 time = 5.143720, # ZDD nodes = 918514, # elems = 52402187246184517070927379207
Step 1121 time = 5.215224, # ZDD nodes = 917226, # elems = 48038384960454701932817816815
Step 1122 time = 5.306412, # ZDD nodes = 916271, # elems = 43343300638890802064013390877
Step 1123 time = 5.202441, # ZDD nodes = 915546, # elems = 38488570639733759588962234510
Step 1124 time = 4.403272, # ZDD nodes = 914904, # elems = 33635438222738590881781491026
Step 1125 time = 4.648180, # ZDD nodes = 914341, # elems = 28926464782344083641906619136
Step 1126 time = 4.827967, # ZDD nodes = 913782, # elems = 24479533670517772506105354888
Step 1127 time = 5.385614, # ZDD nodes = 913129, # elems = 20384388874660540218743350375
Step 1128 time = 4.387723, # ZDD nodes = 912458, # elems = 16701668583097965894639898064
Step 1129 time = 4.308972, # ZDD nodes = 911962, # elems = 13464152477205102750753044171
Step 1130 time = 4.558091, # ZDD nodes = 911728, # elems = 10679766175551403861514005717
Step 1131 time = 4.500635, # ZDD nodes = 911768, # elems = 8335788838191521860306344957
Step 1132 time = 4.469398, # ZDD nodes = 912173, # elems = 6403690182545848305116848449
Step 1133 time = 4.947305, # ZDD nodes = 913064, # elems = 4844070192766583493248545152
Step 1134 time = 3.677454, # ZDD nodes = 914199, # elems = 3611270601803381480778175037
Step 1135 time = 3.669892, # ZDD nodes = 915458, # elems = 2657350572043976920116870986
Step 1136 time = 4.004121, # ZDD nodes = 916579, # elems = 1935249209341224039653788443
Step 1137 time = 3.809264, # ZDD nodes = 917287, # elems = 1401077369175808560291694030
Step 1138 time = 3.605706, # ZDD nodes = 917244, # elems = 1015578606091857884012176016
Step 1139 time = 4.271900, # ZDD nodes = 916204, # elems = 744867792583707871236727546
Step 1140 time = 3.982070, # ZDD nodes = 914078, # elems = 560594901861739483587067284
Step 1141 time = 4.038515, # ZDD nodes = 910894, # elems = 439693848523678086063312192
Step 1142 time = 3.242215, # ZDD nodes = 906572, # elems = 363867873027053333635089965
Step 1143 time = 3.652805, # ZDD nodes = 900884, # elems = 318940617126142136014707158
Step 1144 time = 3.379758, # ZDD nodes = 894180, # elems = 294172498653206334569931967
Step 1145 time = 3.279577, # ZDD nodes = 886227, # elems = 281610954877176417111155437
Step 1146 Command exited with non-zero status 124
	Command being timed: "timeout 30m ../ddreconf/ddreconf ../benchmark_instances/2023result/docs/solver/benchmark/exp_instance/LGC_exp_instance008.col --stfile=../benchmark_instances/2023result/docs/solver/benchmark/exp_instance/LGC_exp_instance008_01.dat --tj --indset --st"
	User time (seconds): 1727.10
	System time (seconds): 69.43
	Percent of CPU this job got: 99%
	Elapsed (wall clock) time (h:mm:ss or m:ss): 30:00.45
	Average shared text size (kbytes): 0
	Average unshared data size (kbytes): 0
	Average stack size (kbytes): 0
	Average total size (kbytes): 0
	Maximum resident set size (kbytes): 135519848
	Average resident set size (kbytes): 0
	Major (requiring I/O) page faults: 0
	Minor (reclaiming a frame) page faults: 1807679
	Voluntary context switches: 68
	Involuntary context switches: 1559
	Swaps: 0
	File system inputs: 0
	File system outputs: 1416
	Socket messages sent: 0
	Socket messages received: 0
	Signals delivered: 0
	Page size (bytes): 4096
	Exit status: 124
