Input graph file parsed. # of vertices = 900, # of edges = 26100
s 8 51 78 119 140 157 190 229 268 292 303 332 385 404 424 465 503 511 549 575 613 641 684 737 756 792 826 866 900
t 45 89 91 134 152 203 236 257 282 306 354 388 408 425 453 487 532 559 581 610 657 690 706 741 758 793 819 844 895
Solution space ZDD construction start
Command exited with non-zero status 124
	Command being timed: "timeout 30m ../ddreconf/ddreconf ../benchmark_instances/2023result/docs/solver/benchmark/2022benchmark/benchmark/color04/qg.order30.col --stfile=../benchmark_instances/2023result/docs/solver/benchmark/2022benchmark/benchmark/color04/qg.order30_02.dat --tj --indset --st"
	User time (seconds): 1676.55
	System time (seconds): 120.03
	Percent of CPU this job got: 99%
	Elapsed (wall clock) time (h:mm:ss or m:ss): 30:00.81
	Average shared text size (kbytes): 0
	Average unshared data size (kbytes): 0
	Average stack size (kbytes): 0
	Average total size (kbytes): 0
	Maximum resident set size (kbytes): 265008000
	Average resident set size (kbytes): 0
	Major (requiring I/O) page faults: 0
	Minor (reclaiming a frame) page faults: 1915281
	Voluntary context switches: 38
	Involuntary context switches: 1494
	Swaps: 0
	File system inputs: 0
	File system outputs: 8
	Socket messages sent: 0
	Socket messages received: 0
	Signals delivered: 0
	Page size (bytes): 4096
	Exit status: 124
