Input graph file parsed. # of vertices = 900, # of edges = 26100
s 21 55 87 99 150 168 226 251 282 329 358 382 391 435 470 499 534 543 584 605 637 686 700 722 756 793 814 863 878
t 4 49 85 103 142 174 215 250 276 323 344 378 393 447 458 501 538 557 600 620 631 675 697 746 752 791 826 869 879
Solution space ZDD construction start
Command exited with non-zero status 124
	Command being timed: "timeout 30m ../ddreconf/ddreconf ../benchmark_instances/2023result/docs/solver/benchmark/2022benchmark/benchmark/color04/qg.order30.col --stfile=../benchmark_instances/2023result/docs/solver/benchmark/2022benchmark/benchmark/color04/qg.order30_01.dat --tj --indset --st"
	User time (seconds): 1678.24
	System time (seconds): 118.34
	Percent of CPU this job got: 99%
	Elapsed (wall clock) time (h:mm:ss or m:ss): 30:00.89
	Average shared text size (kbytes): 0
	Average unshared data size (kbytes): 0
	Average stack size (kbytes): 0
	Average total size (kbytes): 0
	Maximum resident set size (kbytes): 253898572
	Average resident set size (kbytes): 0
	Major (requiring I/O) page faults: 0
	Minor (reclaiming a frame) page faults: 2969551
	Voluntary context switches: 53
	Involuntary context switches: 1803
	Swaps: 0
	File system inputs: 0
	File system outputs: 8
	Socket messages sent: 0
	Socket messages received: 0
	Signals delivered: 0
	Page size (bytes): 4096
	Exit status: 124
