Input graph file parsed. # of vertices = 900, # of edges = 43210
s 21 48 82 109 162 190 226 247 287 329 355 368 414 447 480 508 533 560 576 615 643 671 699 725 753 781 814 842 896
t 21 48 82 109 134 162 188 226 247 287 310 359 384 416 448 480 507 530 563 576 615 643 671 699 725 753 781 814 895
Solution space ZDD construction start
Command exited with non-zero status 124
	Command being timed: "timeout 30m ../ddreconf/ddreconf ../benchmark_instances/2023result/docs/solver/benchmark/2022benchmark/benchmark/queen/queen030x030.col --stfile=../benchmark_instances/2023result/docs/solver/benchmark/2022benchmark/benchmark/queen/queen030x030_01_3761.dat --tj --indset --st"
	User time (seconds): 1684.22
	System time (seconds): 112.32
	Percent of CPU this job got: 99%
	Elapsed (wall clock) time (h:mm:ss or m:ss): 30:00.82
	Average shared text size (kbytes): 0
	Average unshared data size (kbytes): 0
	Average stack size (kbytes): 0
	Average total size (kbytes): 0
	Maximum resident set size (kbytes): 232321160
	Average resident set size (kbytes): 0
	Major (requiring I/O) page faults: 0
	Minor (reclaiming a frame) page faults: 2938929
	Voluntary context switches: 59
	Involuntary context switches: 1833
	Swaps: 0
	File system inputs: 0
	File system outputs: 8
	Socket messages sent: 0
	Socket messages received: 0
	Signals delivered: 0
	Page size (bytes): 4096
	Exit status: 124
