Input graph file parsed. # of vertices = 6400, # of edges = 840560
s 1123 695 219 3117 301 1319 1963 1844 769 1023 2010 819 4416 517 2471 2344 5386 947 4590 5849 5232 5693 1074 4263 4756 4909 2680 3265 3621 3804 6046 2235 3686 1762 3029 610 1687 1233 1412 3193 4178 454 4115 1448 6201 4365 378 4518 60 3471 5102 4691 2608 4812 144 4042 4987 3576 3426 5137 6377 5302 2868 1614 3350 5615 1545 5771 5599 2954 3967 2556 2268 5925 5512 2158 6081 2800 6293
t 695 219 1147 3117 301 1283 1844 1023 1208 819 4096 517 2471 2344 5386 947 2030 5849 4592 5693 4756 5223 3958 4909 3265 3621 3804 1075 6046 2235 3686 1762 3029 610 1687 3860 1412 3193 2693 4178 454 4439 4283 6201 4365 1634 378 4497 60 3471 5102 4680 2608 4812 144 4042 5007 3576 3426 5153 6377 5290 2868 3350 1454 5615 1545 5771 5599 2954 1942 2556 2268 5925 5512 2158 6081 2800 6291
Solution space ZDD construction start
Command exited with non-zero status 124
	Command being timed: "timeout 30m ../ddreconf/ddreconf ../instances_pwwt_from_heur_col/queen080x080.pwwt.col --stfile=../benchmark_instances/2023result/docs/solver/benchmark/2022benchmark/benchmark/queen/queen080x080_02_2368.dat --tj --indset --st"
	User time (seconds): 1724.38
	System time (seconds): 72.75
	Percent of CPU this job got: 99%
	Elapsed (wall clock) time (h:mm:ss or m:ss): 30:01.11
	Average shared text size (kbytes): 0
	Average unshared data size (kbytes): 0
	Average stack size (kbytes): 0
	Average total size (kbytes): 0
	Maximum resident set size (kbytes): 139564004
	Average resident set size (kbytes): 0
	Major (requiring I/O) page faults: 0
	Minor (reclaiming a frame) page faults: 5698674
	Voluntary context switches: 59
	Involuntary context switches: 2361
	Swaps: 0
	File system inputs: 8
	File system outputs: 8
	Socket messages sent: 0
	Socket messages received: 0
	Signals delivered: 0
	Page size (bytes): 4096
	Exit status: 124
