Input graph file parsed. # of vertices = 6400, # of edges = 840560
s 60 144 219 301 378 454 517 610 695 769 819 947 1023 1074 1123 1233 1319 1412 1448 1545 1614 1687 1762 1844 1963 2010 2158 2235 2268 2344 2471 2556 2608 2680 2800 2868 2954 3029 3117 3193 3265 3350 3426 3471 3576 3621 3686 3804 3967 4042 4115 4178 4263 4365 4416 4518 4590 4691 4756 4812 4909 4987 5102 5137 5232 5302 5386 5512 5599 5615 5693 5771 5849 5925 6046 6081 6201 6293 6377
t 60 144 219 301 378 454 517 610 695 819 947 1023 1075 1147 1208 1283 1412 1454 1545 1634 1687 1762 1844 1942 2030 2158 2235 2268 2344 2471 2556 2608 2693 2800 2868 2954 3029 3117 3193 3265 3350 3426 3471 3576 3621 3686 3804 3860 3958 4042 4096 4178 4283 4365 4439 4497 4592 4680 4756 4812 4909 5007 5102 5153 5223 5290 5386 5512 5599 5615 5693 5771 5849 5925 6046 6081 6201 6291 6377
Solution space ZDD construction start
Command exited with non-zero status 124
	Command being timed: "timeout 30m ../ddreconf/ddreconf ../benchmark_instances/2023result/docs/solver/benchmark/2022benchmark/benchmark/queen/queen080x080.col --stfile=../benchmark_instances/2023result/docs/solver/benchmark/2022benchmark/benchmark/queen/queen080x080_02_2368.dat --tj --indset --st"
	User time (seconds): 1660.71
	System time (seconds): 136.96
	Percent of CPU this job got: 99%
	Elapsed (wall clock) time (h:mm:ss or m:ss): 30:01.67
	Average shared text size (kbytes): 0
	Average unshared data size (kbytes): 0
	Average stack size (kbytes): 0
	Average total size (kbytes): 0
	Maximum resident set size (kbytes): 266763888
	Average resident set size (kbytes): 0
	Major (requiring I/O) page faults: 0
	Minor (reclaiming a frame) page faults: 7403049
	Voluntary context switches: 23
	Involuntary context switches: 2203
	Swaps: 0
	File system inputs: 0
	File system outputs: 8
	Socket messages sent: 0
	Socket messages received: 0
	Signals delivered: 0
	Page size (bytes): 4096
	Exit status: 124
