Input graph file parsed. # of vertices = 1600, # of edges = 103480
s 569 27 343 1008 225 71 407 277 483 1412 454 673 1176 301 180 702 1097 104 935 146 1499 789 1050 978 1270 1133 832 1205 908 1282 874 756 1366 558 1441 1595 371 1360 1559
t 27 343 1248 225 277 604 491 1401 454 673 1176 683 301 180 562 1022 1097 104 935 146 1499 789 1047 978 1133 832 1205 908 874 1310 756 369 1366 558 1450 1595 412 1360 1559
Solution space ZDD construction start
Command exited with non-zero status 124
	Command being timed: "timeout 30m ../ddreconf/ddreconf ../instances_pwwt_from_heur_col/queen040x040.pwwt.col --stfile=../benchmark_instances/2023result/docs/solver/benchmark/2022benchmark/benchmark/queen/queen040x040_01_6291.dat --tj --indset --st"
	User time (seconds): 1727.78
	System time (seconds): 68.96
	Percent of CPU this job got: 99%
	Elapsed (wall clock) time (h:mm:ss or m:ss): 30:00.64
	Average shared text size (kbytes): 0
	Average unshared data size (kbytes): 0
	Average stack size (kbytes): 0
	Average total size (kbytes): 0
	Maximum resident set size (kbytes): 138203868
	Average resident set size (kbytes): 0
	Major (requiring I/O) page faults: 0
	Minor (reclaiming a frame) page faults: 3053211
	Voluntary context switches: 103
	Involuntary context switches: 2090
	Swaps: 0
	File system inputs: 8
	File system outputs: 8
	Socket messages sent: 0
	Socket messages received: 0
	Signals delivered: 0
	Page size (bytes): 4096
	Exit status: 124
