Input graph file parsed. # of vertices = 400, # of edges = 12540
s 9 91 146 68 52 234 270 193 285 303 260 216 321 107 344 138 362 179 397
t 49 31 108 72 270 193 285 303 260 16 237 321 86 344 138 362 147 179 394
Solution space ZDD construction start
Command exited with non-zero status 124
	Command being timed: "timeout 30m ../ddreconf/ddreconf ../instances_pwwt_from_heur_col/queen020x020.pwwt.col --stfile=../benchmark_instances/2023result/docs/solver/benchmark/2022benchmark/benchmark/queen/queen020x020_04_0961.dat --tj --indset --st"
	User time (seconds): 1728.84
	System time (seconds): 67.92
	Percent of CPU this job got: 99%
	Elapsed (wall clock) time (h:mm:ss or m:ss): 30:00.45
	Average shared text size (kbytes): 0
	Average unshared data size (kbytes): 0
	Average stack size (kbytes): 0
	Average total size (kbytes): 0
	Maximum resident set size (kbytes): 137491948
	Average resident set size (kbytes): 0
	Major (requiring I/O) page faults: 0
	Minor (reclaiming a frame) page faults: 1662067
	Voluntary context switches: 77
	Involuntary context switches: 1608
	Swaps: 0
	File system inputs: 8
	File system outputs: 8
	Socket messages sent: 0
	Socket messages received: 0
	Signals delivered: 0
	Page size (bytes): 4096
	Exit status: 124
