Input graph file parsed. # of vertices = 900, # of edges = 43210
s 18 50 82 106 128 162 229 254 277 310 357 389 413 448 480 504 536 561 576 615 643 671 699 725 753 781 814 842 895
t 17 53 78 106 139 160 200 224 248 299 312 390 414 442 475 508 536 561 576 615 643 671 699 725 753 781 814 842 897
Solution space ZDD construction start
Command exited with non-zero status 124
	Command being timed: "timeout 30m ../ddreconf/ddreconf ../benchmark_instances/2023result/docs/solver/benchmark/2022benchmark/benchmark/queen/queen030x030.col --stfile=../benchmark_instances/2023result/docs/solver/benchmark/2022benchmark/benchmark/queen/queen030x030_02_4963.dat --tj --indset --st"
	User time (seconds): 1684.71
	System time (seconds): 111.99
	Percent of CPU this job got: 99%
	Elapsed (wall clock) time (h:mm:ss or m:ss): 30:00.84
	Average shared text size (kbytes): 0
	Average unshared data size (kbytes): 0
	Average stack size (kbytes): 0
	Average total size (kbytes): 0
	Maximum resident set size (kbytes): 232317804
	Average resident set size (kbytes): 0
	Major (requiring I/O) page faults: 0
	Minor (reclaiming a frame) page faults: 2936238
	Voluntary context switches: 79
	Involuntary context switches: 1857
	Swaps: 0
	File system inputs: 0
	File system outputs: 8
	Socket messages sent: 0
	Socket messages received: 0
	Signals delivered: 0
	Page size (bytes): 4096
	Exit status: 124
