Input graph file parsed. # of vertices = 900, # of edges = 43210
s 247 447 21 109 576 814 329 753 162 699 226 355 643 48 368 287 82 615 533 671 414 896 725 190 508 781 480 560 842
t 247 21 109 576 814 753 162 699 134 226 643 507 48 359 530 563 287 82 615 671 384 416 310 725 448 781 895 188 480
Solution space ZDD construction start
Command exited with non-zero status 124
	Command being timed: "timeout 30m ../ddreconf/ddreconf ../instances_pwwt_from_heur_col/queen030x030.pwwt.col --stfile=../benchmark_instances/2023result/docs/solver/benchmark/2022benchmark/benchmark/queen/queen030x030_01_3761.dat --tj --indset --st"
	User time (seconds): 1729.20
	System time (seconds): 67.50
	Percent of CPU this job got: 99%
	Elapsed (wall clock) time (h:mm:ss or m:ss): 30:00.53
	Average shared text size (kbytes): 0
	Average unshared data size (kbytes): 0
	Average stack size (kbytes): 0
	Average total size (kbytes): 0
	Maximum resident set size (kbytes): 136907848
	Average resident set size (kbytes): 0
	Major (requiring I/O) page faults: 0
	Minor (reclaiming a frame) page faults: 2310991
	Voluntary context switches: 134
	Involuntary context switches: 1858
	Swaps: 0
	File system inputs: 8
	File system outputs: 8
	Socket messages sent: 0
	Socket messages received: 0
	Signals delivered: 0
	Page size (bytes): 4096
	Exit status: 124
