Input graph file parsed. # of vertices = 1600, # of edges = 103480
s 27 71 104 146 180 225 277 301 343 371 407 454 483 558 604 673 685 756 789 832 874 908 935 978 1008 1050 1097 1133 1176 1230 1246 1282 1360 1361 1412 1462 1499 1559 1595
t 27 71 104 146 180 225 277 301 343 368 405 454 490 558 567 604 673 681 756 789 832 908 935 978 1011 1049 1097 1133 1176 1230 1262 1282 1360 1366 1412 1443 1499 1559 1595
Solution space ZDD construction start
Command exited with non-zero status 124
	Command being timed: "timeout 30m ../ddreconf/ddreconf ../benchmark_instances/2023result/docs/solver/benchmark/2022benchmark/benchmark/queen/queen040x040.col --stfile=../benchmark_instances/2023result/docs/solver/benchmark/2022benchmark/benchmark/queen/queen040x040_02_9487.dat --tj --indset --st"
	User time (seconds): 1666.64
	System time (seconds): 130.23
	Percent of CPU this job got: 99%
	Elapsed (wall clock) time (h:mm:ss or m:ss): 30:00.88
	Average shared text size (kbytes): 0
	Average unshared data size (kbytes): 0
	Average stack size (kbytes): 0
	Average total size (kbytes): 0
	Maximum resident set size (kbytes): 264415072
	Average resident set size (kbytes): 0
	Major (requiring I/O) page faults: 0
	Minor (reclaiming a frame) page faults: 2595330
	Voluntary context switches: 39
	Involuntary context switches: 1534
	Swaps: 0
	File system inputs: 0
	File system outputs: 8
	Socket messages sent: 0
	Socket messages received: 0
	Signals delivered: 0
	Page size (bytes): 4096
	Exit status: 124
