Input graph file parsed. # of vertices = 1600, # of edges = 103480
s 27 343 1246 1008 225 71 407 277 604 483 1412 454 673 1176 301 180 685 1097 104 935 146 1499 789 1050 978 1133 832 908 1282 874 756 1230 1361 558 1462 1595 371 1360 1559
t 567 27 343 368 225 71 405 277 604 1412 454 673 1176 681 1011 301 180 1262 1097 104 935 146 1499 789 1049 978 1133 832 908 1282 490 756 1230 1366 558 1443 1595 1360 1559
Solution space ZDD construction start
Command exited with non-zero status 124
	Command being timed: "timeout 30m ../ddreconf/ddreconf ../instances_pwwt_from_heur_col/queen040x040.pwwt.col --stfile=../benchmark_instances/2023result/docs/solver/benchmark/2022benchmark/benchmark/queen/queen040x040_02_9487.dat --tj --indset --st"
	User time (seconds): 1727.65
	System time (seconds): 69.09
	Percent of CPU this job got: 99%
	Elapsed (wall clock) time (h:mm:ss or m:ss): 30:00.69
	Average shared text size (kbytes): 0
	Average unshared data size (kbytes): 0
	Average stack size (kbytes): 0
	Average total size (kbytes): 0
	Maximum resident set size (kbytes): 138273364
	Average resident set size (kbytes): 0
	Major (requiring I/O) page faults: 0
	Minor (reclaiming a frame) page faults: 3049066
	Voluntary context switches: 83
	Involuntary context switches: 2081
	Swaps: 0
	File system inputs: 8
	File system outputs: 8
	Socket messages sent: 0
	Socket messages received: 0
	Signals delivered: 0
	Page size (bytes): 4096
	Exit status: 124
