Input graph file parsed. # of vertices = 400, # of edges = 12540
s 13 27 54 68 91 109 126 158 176 199 212 240 255 270 303 321 344 362 397
t 12 34 49 71 86 120 127 157 168 193 219 236 258 270 285 303 321 344 395
Solution space ZDD construction start
Command exited with non-zero status 124
	Command being timed: "timeout 30m ../ddreconf/ddreconf ../benchmark_instances/2023result/docs/solver/benchmark/2022benchmark/benchmark/queen/queen020x020.col --stfile=../benchmark_instances/2023result/docs/solver/benchmark/2022benchmark/benchmark/queen/queen020x020_01_7075.dat --tj --indset --st"
	User time (seconds): 1724.86
	System time (seconds): 71.50
	Percent of CPU this job got: 99%
	Elapsed (wall clock) time (h:mm:ss or m:ss): 30:00.48
	Average shared text size (kbytes): 0
	Average unshared data size (kbytes): 0
	Average stack size (kbytes): 0
	Average total size (kbytes): 0
	Maximum resident set size (kbytes): 145655328
	Average resident set size (kbytes): 0
	Major (requiring I/O) page faults: 0
	Minor (reclaiming a frame) page faults: 2160432
	Voluntary context switches: 60
	Involuntary context switches: 1635
	Swaps: 0
	File system inputs: 0
	File system outputs: 8
	Socket messages sent: 0
	Socket messages received: 0
	Signals delivered: 0
	Page size (bytes): 4096
	Exit status: 124
