Input graph file parsed. # of vertices = 169, # of edges = 507
s 1 3 6 7 8 24 25 33 35 38 39 40 41 48 53 61 62 63 67 68 70 74 76 78 79 84 88 89 91 169 147 104 105 106 107 108 109 110 159 126 142 145 160 130 131 132 137 156 164 141 143 149 150 152 153 166
t 1 3 10 12 13 21 23 25 33 28 29 36 39 40 46 47 54 56 58 61 62 65 66 68 70 76 77 151 89 91 169 97 98 147 100 102 116 107 110 112 114 148 118 142 120 122 125 128 130 163 164 138 152 155 161 166
Solution space ZDD construction start
Command exited with non-zero status 124
	Command being timed: "timeout 30m ../ddreconf/ddreconf ../benchmark_instances/2023result/docs/solver/benchmark/random_instance/random_instance013_graph002.col --stfile=../benchmark_instances/2023result/docs/solver/benchmark/random_instance/random_instance013_graph002_01.dat --tj --indset --st"
	User time (seconds): 1727.35
	System time (seconds): 69.01
	Percent of CPU this job got: 99%
	Elapsed (wall clock) time (h:mm:ss or m:ss): 30:00.41
	Average shared text size (kbytes): 0
	Average unshared data size (kbytes): 0
	Average stack size (kbytes): 0
	Average total size (kbytes): 0
	Maximum resident set size (kbytes): 136763324
	Average resident set size (kbytes): 0
	Major (requiring I/O) page faults: 0
	Minor (reclaiming a frame) page faults: 1161269
	Voluntary context switches: 76
	Involuntary context switches: 1368
	Swaps: 0
	File system inputs: 0
	File system outputs: 8
	Socket messages sent: 0
	Socket messages received: 0
	Signals delivered: 0
	Page size (bytes): 4096
	Exit status: 124
