Input graph file parsed. # of vertices = 143, # of edges = 429
s 2 3 4 9 12 15 17 18 20 21 30 32 33 35 38 73 134 50 51 54 97 62 60 63 67 132 69 70 72 77 81 83 141 98 127 101 118 105 107 108 112 115 138 142 130 137 122 139
t 1 4 6 10 18 26 27 28 31 34 73 92 134 49 52 58 97 59 86 61 63 95 66 102 69 74 76 77 79 80 81 85 89 90 128 127 103 104 135 123 111 126 115 138 120 119 130 143
Solution space ZDD construction start
Command exited with non-zero status 124
	Command being timed: "timeout 30m ../ddreconf/ddreconf ../benchmark_instances/2023result/docs/solver/benchmark/random_instance/random_instance011_graph005.col --stfile=../benchmark_instances/2023result/docs/solver/benchmark/random_instance/random_instance011_graph005_01.dat --tj --indset --st"
	User time (seconds): 1729.28
	System time (seconds): 67.24
	Percent of CPU this job got: 99%
	Elapsed (wall clock) time (h:mm:ss or m:ss): 30:00.40
	Average shared text size (kbytes): 0
	Average unshared data size (kbytes): 0
	Average stack size (kbytes): 0
	Average total size (kbytes): 0
	Maximum resident set size (kbytes): 133026256
	Average resident set size (kbytes): 0
	Major (requiring I/O) page faults: 0
	Minor (reclaiming a frame) page faults: 1142515
	Voluntary context switches: 72
	Involuntary context switches: 1247
	Swaps: 0
	File system inputs: 0
	File system outputs: 8
	Socket messages sent: 0
	Socket messages received: 0
	Signals delivered: 0
	Page size (bytes): 4096
	Exit status: 124
