Input graph file parsed. # of vertices = 156, # of edges = 468
s 63 4 27 15 121 34 30 106 82 2 54 141 87 52 9 102 53 47 154 129 11 69 21 39 6 126 146 73 42 95 76 85 124 33 148 62 101 153 147 77 114 110 130 131 122 132
t 63 4 25 27 44 35 12 34 88 7 56 22 80 19 141 23 3 152 53 47 143 145 8 129 18 37 1 66 83 73 144 133 45 85 124 33 100 65 92 72 153 110 107 131 122 137
Solution space ZDD construction start
Command exited with non-zero status 124
	Command being timed: "timeout 30m ../ddreconf/ddreconf ../instances_pwwt_from_heur_col/random_instance012_graph003.pwwt.col --stfile=../benchmark_instances/2023result/docs/solver/benchmark/random_instance/random_instance012_graph003_01.dat --tj --indset --st"
	User time (seconds): 1760.10
	System time (seconds): 36.66
	Percent of CPU this job got: 99%
	Elapsed (wall clock) time (h:mm:ss or m:ss): 30:00.21
	Average shared text size (kbytes): 0
	Average unshared data size (kbytes): 0
	Average stack size (kbytes): 0
	Average total size (kbytes): 0
	Maximum resident set size (kbytes): 71507116
	Average resident set size (kbytes): 0
	Major (requiring I/O) page faults: 0
	Minor (reclaiming a frame) page faults: 788858
	Voluntary context switches: 28
	Involuntary context switches: 1052
	Swaps: 0
	File system inputs: 8
	File system outputs: 8
	Socket messages sent: 0
	Socket messages received: 0
	Signals delivered: 0
	Page size (bytes): 4096
	Exit status: 124
