Input graph file parsed. # of vertices = 260, # of edges = 780
s 20 78 195 241 251 85 64 87 209 211 65 60 117 178 203 254 42 84 15 144 140 205 167 245 185 76 188 207 34 206 88 176 26 157 122 131 104 182 162 246 70 86 9 28 82 92 107 36 5 54 134 77 191 247 45 95 4 152 52 113 105 108 119 192 215 3 123 145 200 242 10 24 258 179 71 231 249 184 213 212 181
t 20 78 195 241 199 12 68 251 85 257 27 87 209 211 35 146 187 138 178 254 217 42 66 158 30 229 167 245 166 17 173 126 159 26 194 122 131 160 182 162 70 49 100 102 57 61 56 112 77 96 22 198 16 234 50 228 52 113 111 99 232 248 239 189 53 141 196 10 29 24 79 258 260 120 214 231 249 171 212 181 259
Solution space ZDD construction start
Command exited with non-zero status 124
	Command being timed: "timeout 30m ../ddreconf/ddreconf ../instances_pwwt_from_heur_col/random_instance020_graph005.pwwt.col --stfile=../benchmark_instances/2023result/docs/solver/benchmark/random_instance/random_instance020_graph005_01.dat --tj --indset --st"
	User time (seconds): 1725.30
	System time (seconds): 71.62
	Percent of CPU this job got: 99%
	Elapsed (wall clock) time (h:mm:ss or m:ss): 30:00.41
	Average shared text size (kbytes): 0
	Average unshared data size (kbytes): 0
	Average stack size (kbytes): 0
	Average total size (kbytes): 0
	Maximum resident set size (kbytes): 140683732
	Average resident set size (kbytes): 0
	Major (requiring I/O) page faults: 0
	Minor (reclaiming a frame) page faults: 1243996
	Voluntary context switches: 65
	Involuntary context switches: 1282
	Swaps: 0
	File system inputs: 8
	File system outputs: 8
	Socket messages sent: 0
	Socket messages received: 0
	Signals delivered: 0
	Page size (bytes): 4096
	Exit status: 124
