Input graph file parsed. # of vertices = 182, # of edges = 546
s 1 5 7 8 17 18 19 27 29 33 36 38 42 44 49 50 52 55 56 59 62 64 65 69 71 74 79 80 88 90 92 93 94 95 121 101 155 103 105 106 112 115 116 172 159 127 128 131 170 134 137 173 144 146 147 152 156 158 167 165 182
t 9 14 23 31 33 38 42 44 45 47 49 50 51 53 54 55 56 59 60 61 63 64 71 72 77 79 80 135 84 90 92 93 94 96 101 155 105 108 116 117 120 172 129 131 132 170 177 137 139 162 142 180 181 154 161 171 179 167 166 175 176
Solution space ZDD construction start
Command exited with non-zero status 124
	Command being timed: "timeout 30m ../ddreconf/ddreconf ../benchmark_instances/2023result/docs/solver/benchmark/random_instance/random_instance014_graph001.col --stfile=../benchmark_instances/2023result/docs/solver/benchmark/random_instance/random_instance014_graph001_01.dat --tj --indset --st"
	User time (seconds): 1752.05
	System time (seconds): 44.29
	Percent of CPU this job got: 99%
	Elapsed (wall clock) time (h:mm:ss or m:ss): 30:00.31
	Average shared text size (kbytes): 0
	Average unshared data size (kbytes): 0
	Average stack size (kbytes): 0
	Average total size (kbytes): 0
	Maximum resident set size (kbytes): 101064872
	Average resident set size (kbytes): 0
	Major (requiring I/O) page faults: 0
	Minor (reclaiming a frame) page faults: 956147
	Voluntary context switches: 68
	Involuntary context switches: 1188
	Swaps: 0
	File system inputs: 0
	File system outputs: 8
	Socket messages sent: 0
	Socket messages received: 0
	Signals delivered: 0
	Page size (bytes): 4096
	Exit status: 124
