Input graph file parsed. # of vertices = 130, # of edges = 390
s 1 113 6 7 62 11 20 21 26 27 29 58 32 36 38 41 42 46 47 48 53 55 57 59 60 63 68 69 71 74 78 86 87 127 89 92 123 104 110 115 130
t 1 4 5 6 62 10 11 15 16 20 21 24 26 27 58 37 42 43 48 53 76 60 79 64 69 72 73 103 83 85 127 89 91 126 94 100 104 110 119 120 122
Solution space ZDD construction start
Command exited with non-zero status 124
	Command being timed: "timeout 30m ../ddreconf/ddreconf ../benchmark_instances/2023result/docs/solver/benchmark/random_instance/random_instance010_graph004.col --stfile=../benchmark_instances/2023result/docs/solver/benchmark/random_instance/random_instance010_graph004_01.dat --tj --indset --st"
	User time (seconds): 1759.49
	System time (seconds): 36.86
	Percent of CPU this job got: 99%
	Elapsed (wall clock) time (h:mm:ss or m:ss): 30:00.22
	Average shared text size (kbytes): 0
	Average unshared data size (kbytes): 0
	Average stack size (kbytes): 0
	Average total size (kbytes): 0
	Maximum resident set size (kbytes): 72880184
	Average resident set size (kbytes): 0
	Major (requiring I/O) page faults: 0
	Minor (reclaiming a frame) page faults: 829921
	Voluntary context switches: 52
	Involuntary context switches: 1138
	Swaps: 0
	File system inputs: 0
	File system outputs: 8
	Socket messages sent: 0
	Socket messages received: 0
	Signals delivered: 0
	Page size (bytes): 4096
	Exit status: 124
