Input graph file parsed. # of vertices = 260, # of edges = 780
s 7 9 10 13 14 16 23 25 27 29 32 33 34 37 38 39 40 41 42 45 46 48 150 57 64 66 69 71 74 75 76 151 85 188 89 98 99 101 235 131 108 115 118 121 123 127 128 132 203 137 149 140 141 144 146 148 155 160 161 166 167 212 171 223 176 179 216 190 196 224 202 204 247 215 219 225 237 256 234 258 254 244 257 251
t 1 5 11 12 13 24 26 27 32 35 46 49 50 51 54 55 59 62 64 66 70 74 75 77 78 151 82 83 86 87 88 89 93 94 97 99 102 103 104 131 109 114 118 121 123 124 135 137 149 140 143 146 156 160 162 163 169 170 174 176 216 186 187 205 192 194 197 198 224 202 204 206 213 239 217 219 225 236 260 249 253 259 257 251
Solution space ZDD construction start
Command exited with non-zero status 124
	Command being timed: "timeout 30m ../ddreconf/ddreconf ../benchmark_instances/2023result/docs/solver/benchmark/random_instance/random_instance020_graph002.col --stfile=../benchmark_instances/2023result/docs/solver/benchmark/random_instance/random_instance020_graph002_01.dat --tj --indset --st"
	User time (seconds): 1728.50
	System time (seconds): 68.01
	Percent of CPU this job got: 99%
	Elapsed (wall clock) time (h:mm:ss or m:ss): 30:00.41
	Average shared text size (kbytes): 0
	Average unshared data size (kbytes): 0
	Average stack size (kbytes): 0
	Average total size (kbytes): 0
	Maximum resident set size (kbytes): 136067272
	Average resident set size (kbytes): 0
	Major (requiring I/O) page faults: 0
	Minor (reclaiming a frame) page faults: 1270406
	Voluntary context switches: 78
	Involuntary context switches: 1252
	Swaps: 0
	File system inputs: 0
	File system outputs: 8
	Socket messages sent: 0
	Socket messages received: 0
	Signals delivered: 0
	Page size (bytes): 4096
	Exit status: 124
