Input graph file parsed. # of vertices = 403, # of edges = 1209
s 153 2 3 5 6 10 13 20 24 25 26 30 33 36 45 49 53 55 56 57 59 63 66 67 68 70 76 77 80 104 110 87 91 92 96 99 105 107 111 113 116 118 119 126 127 128 130 131 136 137 139 141 142 144 151 164 165 166 170 172 173 174 177 181 182 184 185 187 188 190 191 193 194 400 199 251 209 350 214 217 226 268 232 233 234 235 330 244 248 252 256 258 263 264 369 370 272 273 274 281 282 292 299 302 304 305 306 307 353 313 354 318 341 325 326 402 334 336 337 373 347 352 401 362 381 403 385 387 393
t 1 4 15 16 20 21 22 24 25 27 29 30 32 33 34 35 37 42 44 52 54 55 56 60 61 63 64 67 73 76 79 81 82 83 110 88 101 113 114 115 117 120 121 123 126 131 133 134 142 143 144 197 148 149 156 367 171 172 174 175 178 180 183 184 187 194 200 201 203 213 214 219 223 366 222 224 227 268 230 233 234 237 241 331 243 286 247 248 332 253 255 258 259 264 399 369 269 272 274 340 290 295 302 305 306 307 356 313 382 316 354 318 321 322 325 327 402 365 335 337 345 397 384 361 364 377 385 387 389
Solution space ZDD construction start
Command exited with non-zero status 124
	Command being timed: "timeout 30m ../ddreconf/ddreconf ../benchmark_instances/2023result/docs/solver/benchmark/random_instance/random_instance031_graph005.col --stfile=../benchmark_instances/2023result/docs/solver/benchmark/random_instance/random_instance031_graph005_01.dat --tj --indset --st"
	User time (seconds): 1728.57
	System time (seconds): 67.69
	Percent of CPU this job got: 99%
	Elapsed (wall clock) time (h:mm:ss or m:ss): 30:00.43
	Average shared text size (kbytes): 0
	Average unshared data size (kbytes): 0
	Average stack size (kbytes): 0
	Average total size (kbytes): 0
	Maximum resident set size (kbytes): 136283972
	Average resident set size (kbytes): 0
	Major (requiring I/O) page faults: 0
	Minor (reclaiming a frame) page faults: 1529571
	Voluntary context switches: 95
	Involuntary context switches: 1350
	Swaps: 0
	File system inputs: 0
	File system outputs: 8
	Socket messages sent: 0
	Socket messages received: 0
	Signals delivered: 0
	Page size (bytes): 4096
	Exit status: 124
