Input graph file parsed. # of vertices = 442, # of edges = 1326
s 3 7 9 11 15 16 18 22 23 30 33 36 38 39 40 41 43 47 48 49 50 53 55 56 58 63 66 67 68 69 70 271 76 77 198 86 91 92 98 100 101 102 103 104 105 107 108 112 119 124 126 127 130 136 138 158 161 164 165 166 173 174 231 182 183 184 187 353 194 195 196 200 203 205 206 210 215 217 219 221 223 226 228 341 234 240 386 250 306 362 397 396 260 274 401 328 406 267 392 307 275 278 282 293 294 319 381 301 332 305 308 309 310 312 314 350 326 343 335 338 339 431 346 355 358 360 394 366 367 432 400 379 380 382 385 425 409 419 427
t 2 3 4 8 9 11 20 24 28 34 35 36 40 49 50 56 434 60 65 67 271 76 198 83 86 88 98 101 102 103 105 106 108 109 374 239 115 116 117 120 126 129 130 132 139 140 141 281 424 149 150 155 156 413 158 162 171 172 175 231 181 183 185 389 192 353 200 201 203 204 206 402 213 216 217 218 219 223 225 341 230 235 348 422 306 256 397 396 274 262 349 307 275 282 284 285 286 288 289 293 294 295 296 297 299 381 301 332 303 384 330 311 312 314 315 322 323 324 325 326 329 334 335 336 338 346 347 375 440 368 432 380 382 387 393 398 399 428 423
Solution space ZDD construction start
Command exited with non-zero status 124
	Command being timed: "timeout 30m ../ddreconf/ddreconf ../benchmark_instances/2023result/docs/solver/benchmark/random_instance/random_instance034_graph002.col --stfile=../benchmark_instances/2023result/docs/solver/benchmark/random_instance/random_instance034_graph002_01.dat --tj --indset --st"
	User time (seconds): 1728.80
	System time (seconds): 67.50
	Percent of CPU this job got: 99%
	Elapsed (wall clock) time (h:mm:ss or m:ss): 30:00.44
	Average shared text size (kbytes): 0
	Average unshared data size (kbytes): 0
	Average stack size (kbytes): 0
	Average total size (kbytes): 0
	Maximum resident set size (kbytes): 136519832
	Average resident set size (kbytes): 0
	Major (requiring I/O) page faults: 0
	Minor (reclaiming a frame) page faults: 1420113
	Voluntary context switches: 123
	Involuntary context switches: 1314
	Swaps: 0
	File system inputs: 0
	File system outputs: 8
	Socket messages sent: 0
	Socket messages received: 0
	Signals delivered: 0
	Page size (bytes): 4096
	Exit status: 124
