Input graph file parsed. # of vertices = 117, # of edges = 351
s 48 86 85 15 56 34 10 55 19 92 41 103 111 108 1 13 50 91 31 33 62 53 23 47 88 95 110 14 113 73 101 74 61
t 86 87 85 27 15 10 25 19 92 41 103 117 80 7 90 32 31 8 11 107 51 72 100 98 110 43 42 104 114 73 40 78 61
Solution space ZDD construction start
Command exited with non-zero status 124
	Command being timed: "timeout 30m ../ddreconf/ddreconf ../instances_pwwt_from_heur_col/random_instance009_graph001.pwwt.col --stfile=../benchmark_instances/2023result/docs/solver/benchmark/random_instance/random_instance009_graph001_01.dat --tj --indset --st"
	User time (seconds): 1760.11
	System time (seconds): 36.72
	Percent of CPU this job got: 99%
	Elapsed (wall clock) time (h:mm:ss or m:ss): 30:00.21
	Average shared text size (kbytes): 0
	Average unshared data size (kbytes): 0
	Average stack size (kbytes): 0
	Average total size (kbytes): 0
	Maximum resident set size (kbytes): 71859552
	Average resident set size (kbytes): 0
	Major (requiring I/O) page faults: 0
	Minor (reclaiming a frame) page faults: 789806
	Voluntary context switches: 42
	Involuntary context switches: 1080
	Swaps: 0
	File system inputs: 8
	File system outputs: 8
	Socket messages sent: 0
	Socket messages received: 0
	Signals delivered: 0
	Page size (bytes): 4096
	Exit status: 124
