Input graph file parsed. # of vertices = 286, # of edges = 858
s 1 3 4 7 9 16 17 20 140 29 31 35 36 37 38 40 43 47 48 49 51 53 55 56 57 60 61 65 68 75 82 84 85 86 88 198 93 101 103 104 112 116 118 121 123 124 127 130 135 275 143 144 176 149 150 151 154 158 159 204 162 164 166 207 175 179 245 269 282 201 248 268 213 221 219 227 233 274 262 241 246 249 252 255 260 284 272 279 281
t 2 3 4 7 9 10 13 15 16 22 23 25 140 32 36 37 38 39 40 52 53 54 56 59 65 68 72 73 74 75 81 82 83 84 87 89 92 94 96 98 101 106 107 111 128 114 124 125 126 133 141 144 234 148 152 153 155 157 278 161 162 192 165 166 207 181 182 223 190 194 201 200 268 225 221 217 224 226 231 274 240 243 280 250 255 257 261 281 283
Solution space ZDD construction start
Command exited with non-zero status 124
	Command being timed: "timeout 30m ../ddreconf/ddreconf ../benchmark_instances/2023result/docs/solver/benchmark/random_instance/random_instance022_graph003.col --stfile=../benchmark_instances/2023result/docs/solver/benchmark/random_instance/random_instance022_graph003_01.dat --tj --indset --st"
	User time (seconds): 1729.14
	System time (seconds): 67.32
	Percent of CPU this job got: 99%
	Elapsed (wall clock) time (h:mm:ss or m:ss): 30:00.42
	Average shared text size (kbytes): 0
	Average unshared data size (kbytes): 0
	Average stack size (kbytes): 0
	Average total size (kbytes): 0
	Maximum resident set size (kbytes): 134807136
	Average resident set size (kbytes): 0
	Major (requiring I/O) page faults: 0
	Minor (reclaiming a frame) page faults: 1255026
	Voluntary context switches: 90
	Involuntary context switches: 1274
	Swaps: 0
	File system inputs: 0
	File system outputs: 8
	Socket messages sent: 0
	Socket messages received: 0
	Signals delivered: 0
	Page size (bytes): 4096
	Exit status: 124
