Input graph file parsed. # of vertices = 221, # of edges = 663
s 3 4 6 7 8 11 13 15 22 28 29 33 41 45 47 50 56 58 59 60 62 65 68 73 74 75 79 84 195 129 217 93 96 206 140 101 102 108 110 111 160 113 117 119 122 124 126 131 132 133 137 181 150 196 172 163 164 165 166 202 192 209 208 184 185 205 189 200 212 213
t 6 10 11 13 14 17 18 19 23 25 26 29 30 32 39 43 44 47 49 53 56 57 63 69 71 79 195 129 90 92 107 96 140 99 101 104 159 106 110 122 126 132 134 137 142 143 181 146 147 148 151 152 155 156 157 196 163 165 219 207 176 177 178 179 199 208 210 203 211 220
Solution space ZDD construction start
Command exited with non-zero status 124
	Command being timed: "timeout 30m ../ddreconf/ddreconf ../benchmark_instances/2023result/docs/solver/benchmark/random_instance/random_instance017_graph005.col --stfile=../benchmark_instances/2023result/docs/solver/benchmark/random_instance/random_instance017_graph005_01.dat --tj --indset --st"
	User time (seconds): 1759.87
	System time (seconds): 36.56
	Percent of CPU this job got: 99%
	Elapsed (wall clock) time (h:mm:ss or m:ss): 30:00.23
	Average shared text size (kbytes): 0
	Average unshared data size (kbytes): 0
	Average stack size (kbytes): 0
	Average total size (kbytes): 0
	Maximum resident set size (kbytes): 74516860
	Average resident set size (kbytes): 0
	Major (requiring I/O) page faults: 0
	Minor (reclaiming a frame) page faults: 880695
	Voluntary context switches: 41
	Involuntary context switches: 1051
	Swaps: 0
	File system inputs: 0
	File system outputs: 8
	Socket messages sent: 0
	Socket messages received: 0
	Signals delivered: 0
	Page size (bytes): 4096
	Exit status: 124
