Input graph file parsed. # of vertices = 91, # of edges = 273
s 22 16 18 11 65 46 51 58 10 31 6 39 15 42 89 21 24 4 59 25 52 64 87 88 41 78 3 81 74 84 83 75
t 22 16 67 17 46 9 10 31 47 20 28 63 15 12 89 91 29 59 25 33 52 66 19 85 8 41 78 70 45 61 73 69
Solution space ZDD construction start
Solution space ZDD construction end
Solution space ZDD construction time = 380.317631
Solution space ZDD size = 2780994
# of elements in the solution space = 1107929080040276
Start searching a reconfiguration sequence from s to t
Step 1 time = 0.000268, # ZDD nodes = 91, # elems = 11
Step 2 time = 0.001082, # ZDD nodes = 369, # elems = 130
Step 3 time = 0.005720, # ZDD nodes = 1120, # elems = 993
Step 4 time = 0.023407, # ZDD nodes = 3048, # elems = 5694
Step 5 time = 0.081144, # ZDD nodes = 7269, # elems = 28263
Step 6 time = 0.241505, # ZDD nodes = 16026, # elems = 126688
Step 7 time = 0.764000, # ZDD nodes = 32292, # elems = 500458
Step 8 time = 1.746807, # ZDD nodes = 60669, # elems = 1689527
Step 9 time = 3.431916, # ZDD nodes = 106923, # elems = 4860807
Step 10 time = 7.740622, # ZDD nodes = 178289, # elems = 12108026
Step 11 time = 15.394171, # ZDD nodes = 282701, # elems = 26495994
Step 12 time = 41.112683, # ZDD nodes = 425627, # elems = 51414714
Step 13 time = 43.294041, # ZDD nodes = 608202, # elems = 88912959
Step 14 time = 79.182556, # ZDD nodes = 822569, # elems = 136787841
Step 15 time = 100.019218, # ZDD nodes = 1044524, # elems = 185473831
Step 16 time = 133.224923, # ZDD nodes = 1240777, # elems = 218863315
Step 17 time = 173.847045, # ZDD nodes = 1370134, # elems = 222554408
Step 18 time = 193.344321, # ZDD nodes = 1398124, # elems = 194536909
Step 19 time = 148.806535, # ZDD nodes = 1311573, # elems = 147248171
Step 20 time = 123.936798, # ZDD nodes = 1121428, # elems = 98190894
t found
a YES
a 3 4 6 10 11 15 16 18 21 22 24 25 31 39 41 42 46 51 52 58 59 64 65 74 75 78 81 83 84 87 88 89
a 3 4 6 10 11 15 16 18 21 22 24 25 31 39 41 42 46 51 52 58 59 64 65 70 74 75 78 81 84 87 88 89
a 3 4 6 10 11 15 16 18 21 22 24 25 31 39 41 42 46 51 52 58 59 64 65 69 70 74 78 81 84 87 88 89
a 3 4 6 10 11 15 16 18 19 21 22 24 25 31 39 41 42 46 51 52 58 59 64 65 69 70 74 78 81 87 88 89
a 3 4 6 10 11 15 16 18 19 21 22 24 25 31 39 41 42 46 51 52 58 59 64 65 69 70 73 78 81 87 88 89
a 4 6 8 10 11 15 16 18 19 21 22 24 25 31 39 41 42 46 51 52 58 59 64 65 69 70 73 78 81 87 88 89
a 4 6 8 10 11 15 16 18 19 21 22 25 31 39 41 42 46 51 52 58 59 64 65 69 70 73 78 81 85 87 88 89
a 4 6 8 10 11 15 16 18 19 22 25 29 31 39 41 42 46 51 52 58 59 64 65 69 70 73 78 81 85 87 88 89
a 6 8 10 11 15 16 18 19 22 25 29 31 39 41 42 46 51 52 58 59 64 65 69 70 73 78 81 85 87 88 89 91
a 8 10 11 15 16 18 19 22 25 29 31 39 41 42 46 51 52 58 59 63 64 65 69 70 73 78 81 85 87 88 89 91
a 8 10 11 15 16 18 19 20 22 25 29 31 39 41 42 46 51 52 59 63 64 65 69 70 73 78 81 85 87 88 89 91
a 8 10 11 15 16 18 19 20 22 25 29 31 39 41 42 46 51 52 59 61 63 64 69 70 73 78 81 85 87 88 89 91
a 8 10 11 15 16 18 19 20 22 25 29 31 39 41 42 45 46 51 52 59 61 63 64 69 70 73 78 81 85 87 89 91
a 8 10 11 15 16 18 19 20 22 25 29 31 39 41 42 45 46 51 52 59 61 63 64 66 69 70 73 78 81 85 89 91
a 8 10 11 15 16 18 19 20 22 25 29 31 33 39 41 42 45 46 51 52 59 61 63 64 66 69 70 73 78 85 89 91
a 8 10 11 15 16 18 19 20 22 25 29 31 33 39 41 42 45 46 47 51 52 59 61 63 66 69 70 73 78 85 89 91
a 8 9 10 11 15 16 18 19 20 22 25 29 31 33 39 41 42 45 46 47 52 59 61 63 66 69 70 73 78 85 89 91
a 8 9 10 11 12 15 16 18 19 20 22 25 29 31 33 39 41 45 46 47 52 59 61 63 66 69 70 73 78 85 89 91
a 8 9 10 11 12 15 16 18 19 20 22 25 28 29 31 33 41 45 46 47 52 59 61 63 66 69 70 73 78 85 89 91
a 8 9 10 12 15 16 18 19 20 22 25 28 29 31 33 41 45 46 47 52 59 61 63 66 67 69 70 73 78 85 89 91
a 8 9 10 12 15 16 17 19 20 22 25 28 29 31 33 41 45 46 47 52 59 61 63 66 67 69 70 73 78 85 89 91
Reconfiguration time = 1069.261828
	Command being timed: "timeout 30m ../ddreconf/ddreconf ../instances_pwwt_from_heur_col/random_instance007_graph005.pwwt.col --stfile=../benchmark_instances/2023result/docs/solver/benchmark/random_instance/random_instance007_graph005_01.dat --tj --indset --st"
	User time (seconds): 1412.99
	System time (seconds): 34.92
	Percent of CPU this job got: 99%
	Elapsed (wall clock) time (h:mm:ss or m:ss): 24:10.91
	Average shared text size (kbytes): 0
	Average unshared data size (kbytes): 0
	Average stack size (kbytes): 0
	Average total size (kbytes): 0
	Maximum resident set size (kbytes): 68838060
	Average resident set size (kbytes): 0
	Major (requiring I/O) page faults: 0
	Minor (reclaiming a frame) page faults: 564696
	Voluntary context switches: 18
	Involuntary context switches: 1012
	Swaps: 0
	File system inputs: 8
	File system outputs: 112
	Socket messages sent: 0
	Socket messages received: 0
	Signals delivered: 0
	Page size (bytes): 4096
	Exit status: 0
