Input graph file parsed. # of vertices = 143, # of edges = 429
s 48 76 78 119 14 32 81 37 60 53 126 131 132 20 36 58 111 79 109 110 11 27 38 68 22 63 97 86 5 41 112 130 10 142 141 62 70 137 135 74 59 93 85 114 124
t 44 48 76 78 14 32 81 118 37 60 126 131 65 9 132 51 96 3 20 1 58 111 52 27 38 22 63 64 86 55 122 107 141 62 70 30 59 93 113 89 85 92 143 129 125
Solution space ZDD construction start
Command exited with non-zero status 124
	Command being timed: "timeout 30m ../ddreconf/ddreconf ../instances_pwwt_from_heur_col/random_instance011_graph001.pwwt.col --stfile=../benchmark_instances/2023result/docs/solver/benchmark/random_instance/random_instance011_graph001_01.dat --tj --indset --st"
	User time (seconds): 1727.87
	System time (seconds): 69.05
	Percent of CPU this job got: 99%
	Elapsed (wall clock) time (h:mm:ss or m:ss): 30:00.39
	Average shared text size (kbytes): 0
	Average unshared data size (kbytes): 0
	Average stack size (kbytes): 0
	Average total size (kbytes): 0
	Maximum resident set size (kbytes): 134845356
	Average resident set size (kbytes): 0
	Major (requiring I/O) page faults: 0
	Minor (reclaiming a frame) page faults: 1074208
	Voluntary context switches: 64
	Involuntary context switches: 1210
	Swaps: 0
	File system inputs: 8
	File system outputs: 8
	Socket messages sent: 0
	Socket messages received: 0
	Signals delivered: 0
	Page size (bytes): 4096
	Exit status: 124
