Input graph file parsed. # of vertices = 260, # of edges = 780
s 20 112 120 196 215 130 142 22 55 184 93 97 96 100 152 123 12 59 21 199 78 83 191 50 10 255 74 244 260 11 138 232 46 42 104 143 189 92 126 146 58 41 238 107 3 33 75 227 114 118 241 48 54 181 5 15 25 63 65 76 210 162 99 159 28 172 66 133 168 198 254 235 154 180 163 243 17 61 32 150 239
t 20 215 22 184 226 97 96 223 19 108 214 123 165 59 245 21 39 82 35 140 191 217 220 244 242 144 260 56 85 64 161 232 237 115 205 212 171 143 37 92 95 119 146 160 58 107 40 70 49 75 80 114 87 241 81 1 124 225 240 15 206 102 65 162 177 110 179 28 202 187 133 72 106 193 154 175 163 169 158 117 186
Solution space ZDD construction start
Command exited with non-zero status 124
	Command being timed: "timeout 30m ../ddreconf/ddreconf ../instances_pwwt_from_heur_col/random_instance020_graph001.pwwt.col --stfile=../benchmark_instances/2023result/docs/solver/benchmark/random_instance/random_instance020_graph001_01.dat --tj --indset --st"
	User time (seconds): 1729.04
	System time (seconds): 67.89
	Percent of CPU this job got: 99%
	Elapsed (wall clock) time (h:mm:ss or m:ss): 30:00.39
	Average shared text size (kbytes): 0
	Average unshared data size (kbytes): 0
	Average stack size (kbytes): 0
	Average total size (kbytes): 0
	Maximum resident set size (kbytes): 133720124
	Average resident set size (kbytes): 0
	Major (requiring I/O) page faults: 0
	Minor (reclaiming a frame) page faults: 1092060
	Voluntary context switches: 80
	Involuntary context switches: 1123
	Swaps: 0
	File system inputs: 8
	File system outputs: 8
	Socket messages sent: 0
	Socket messages received: 0
	Signals delivered: 0
	Page size (bytes): 4096
	Exit status: 124
