Input graph file parsed. # of vertices = 494, # of edges = 1482
s 7 8 11 13 14 27 28 31 33 34 90 40 41 42 43 45 46 51 56 61 63 66 256 68 70 73 82 84 99 102 105 106 108 110 112 116 119 124 125 126 399 135 136 138 142 143 146 152 160 161 443 171 177 178 384 182 183 184 189 195 196 197 199 201 202 203 205 206 209 369 213 467 478 219 222 226 227 307 237 241 242 244 246 247 254 257 480 265 466 271 272 273 274 275 276 277 414 282 426 286 292 295 297 338 300 475 305 310 311 314 364 468 325 326 331 334 350 337 367 346 433 356 358 437 368 370 371 394 374 378 400 389 398 461 448 463 476 408 409 455 458 446 470 490 424 429 439 477 449 451 486 482 472 479 488
t 3 8 9 13 17 22 25 29 31 33 90 36 41 44 49 56 57 58 66 256 68 74 75 79 81 84 89 93 94 95 99 101 102 103 106 110 115 118 122 123 125 127 128 130 399 133 135 138 142 145 147 150 151 152 156 164 167 168 173 174 177 181 184 190 194 196 200 208 210 211 213 214 467 217 222 227 229 307 235 236 237 239 240 241 261 262 263 267 377 272 273 275 276 279 281 284 292 294 296 338 299 300 303 304 305 310 316 315 318 319 364 322 323 324 326 406 341 351 335 367 342 357 358 359 363 370 371 394 373 380 392 393 401 463 476 450 410 489 494 423 419 420 446 470 430 431 440 477 444 451 486 460 479 481 493
Solution space ZDD construction start
Command exited with non-zero status 124
	Command being timed: "timeout 30m ../ddreconf/ddreconf ../benchmark_instances/2023result/docs/solver/benchmark/random_instance/random_instance038_graph001.col --stfile=../benchmark_instances/2023result/docs/solver/benchmark/random_instance/random_instance038_graph001_01.dat --tj --indset --st"
	User time (seconds): 1728.17
	System time (seconds): 68.16
	Percent of CPU this job got: 99%
	Elapsed (wall clock) time (h:mm:ss or m:ss): 30:00.46
	Average shared text size (kbytes): 0
	Average unshared data size (kbytes): 0
	Average stack size (kbytes): 0
	Average total size (kbytes): 0
	Maximum resident set size (kbytes): 138824400
	Average resident set size (kbytes): 0
	Major (requiring I/O) page faults: 0
	Minor (reclaiming a frame) page faults: 1657944
	Voluntary context switches: 120
	Involuntary context switches: 1307
	Swaps: 0
	File system inputs: 0
	File system outputs: 8
	Socket messages sent: 0
	Socket messages received: 0
	Signals delivered: 0
	Page size (bytes): 4096
	Exit status: 124
