Input graph file parsed. # of vertices = 195, # of edges = 585
s 3 10 11 13 14 18 21 24 26 27 30 36 40 41 42 45 50 53 54 55 56 59 61 65 70 73 78 79 80 82 84 88 98 99 100 102 105 106 108 114 118 121 123 126 127 191 131 134 162 139 140 156 147 158 150 176 166 195 168 179 170 171
t 1 6 7 8 10 11 13 20 25 27 30 32 35 40 42 45 46 50 173 58 60 61 63 68 69 70 71 76 77 78 80 84 87 88 91 92 93 96 98 112 113 115 118 124 127 191 178 140 148 192 152 153 154 164 165 167 179 187 185 188 190 193
Solution space ZDD construction start
Command exited with non-zero status 124
	Command being timed: "timeout 30m ../ddreconf/ddreconf ../benchmark_instances/2023result/docs/solver/benchmark/random_instance/random_instance015_graph001.col --stfile=../benchmark_instances/2023result/docs/solver/benchmark/random_instance/random_instance015_graph001_01.dat --tj --indset --st"
	User time (seconds): 1726.96
	System time (seconds): 69.48
	Percent of CPU this job got: 99%
	Elapsed (wall clock) time (h:mm:ss or m:ss): 30:00.41
	Average shared text size (kbytes): 0
	Average unshared data size (kbytes): 0
	Average stack size (kbytes): 0
	Average total size (kbytes): 0
	Maximum resident set size (kbytes): 137661736
	Average resident set size (kbytes): 0
	Major (requiring I/O) page faults: 0
	Minor (reclaiming a frame) page faults: 1157903
	Voluntary context switches: 56
	Involuntary context switches: 1298
	Swaps: 0
	File system inputs: 0
	File system outputs: 8
	Socket messages sent: 0
	Socket messages received: 0
	Signals delivered: 0
	Page size (bytes): 4096
	Exit status: 124
