Input graph file parsed. # of vertices = 182, # of edges = 546
s 50 53 64 182 71 149 21 6 31 66 119 9 25 7 38 30 58 124 45 44 103 72 156 131 107 130 128 10 122 76 39 92 95 20 4 16 24 41 178 87 150 148 97 179 77 3 78 147 85 121 90 91 94 180 144 164
t 42 50 64 13 69 71 149 99 88 132 56 79 66 25 62 137 30 174 45 169 40 111 17 131 8 141 173 128 10 110 122 26 117 39 143 159 57 24 49 68 46 153 55 140 78 147 168 112 123 158 90 91 94 93 104 145
Solution space ZDD construction start
Command exited with non-zero status 124
	Command being timed: "timeout 30m ../ddreconf/ddreconf ../instances_pwwt_from_heur_col/random_instance014_graph004.pwwt.col --stfile=../benchmark_instances/2023result/docs/solver/benchmark/random_instance/random_instance014_graph004_01.dat --tj --indset --st"
	User time (seconds): 1726.54
	System time (seconds): 70.44
	Percent of CPU this job got: 99%
	Elapsed (wall clock) time (h:mm:ss or m:ss): 30:00.40
	Average shared text size (kbytes): 0
	Average unshared data size (kbytes): 0
	Average stack size (kbytes): 0
	Average total size (kbytes): 0
	Maximum resident set size (kbytes): 137752680
	Average resident set size (kbytes): 0
	Major (requiring I/O) page faults: 0
	Minor (reclaiming a frame) page faults: 1084909
	Voluntary context switches: 46
	Involuntary context switches: 1262
	Swaps: 0
	File system inputs: 8
	File system outputs: 8
	Socket messages sent: 0
	Socket messages received: 0
	Signals delivered: 0
	Page size (bytes): 4096
	Exit status: 124
