Input graph file parsed. # of vertices = 130, # of edges = 390
s 4 5 6 10 17 18 21 23 33 35 89 39 40 110 49 53 59 61 62 90 67 70 73 75 77 104 130 87 103 83 85 91 100 96 97 105 118 111 128 124
t 1 4 6 12 14 16 18 20 26 27 29 39 57 44 45 110 49 53 55 56 58 61 63 65 66 67 70 75 77 78 130 87 103 129 106 105 127 113 128 122
Solution space ZDD construction start
Command exited with non-zero status 124
	Command being timed: "timeout 30m ../ddreconf/ddreconf ../benchmark_instances/2023result/docs/solver/benchmark/random_instance/random_instance010_graph005.col --stfile=../benchmark_instances/2023result/docs/solver/benchmark/random_instance/random_instance010_graph005_01.dat --tj --indset --st"
	User time (seconds): 1739.81
	System time (seconds): 56.53
	Percent of CPU this job got: 99%
	Elapsed (wall clock) time (h:mm:ss or m:ss): 30:00.33
	Average shared text size (kbytes): 0
	Average unshared data size (kbytes): 0
	Average stack size (kbytes): 0
	Average total size (kbytes): 0
	Maximum resident set size (kbytes): 115995416
	Average resident set size (kbytes): 0
	Major (requiring I/O) page faults: 0
	Minor (reclaiming a frame) page faults: 935951
	Voluntary context switches: 63
	Involuntary context switches: 1209
	Swaps: 0
	File system inputs: 0
	File system outputs: 8
	Socket messages sent: 0
	Socket messages received: 0
	Signals delivered: 0
	Page size (bytes): 4096
	Exit status: 124
