Input graph file parsed. # of vertices = 143, # of edges = 429
s 60 100 46 35 72 24 56 48 37 43 10 68 86 128 123 42 67 126 33 109 7 38 53 104 130 47 52 131 44 65 19 40 138 101 98 21 120 4 77 118 115 82 66 132 135
t 60 100 46 35 72 24 16 25 18 10 68 110 12 123 11 57 8 126 109 45 23 7 53 106 130 47 50 39 61 80 65 117 90 14 58 98 21 143 75 77 6 73 132 74 135
Solution space ZDD construction start
Command exited with non-zero status 124
	Command being timed: "timeout 30m ../ddreconf/ddreconf ../instances_pwwt_from_heur_col/random_instance011_graph003.pwwt.col --stfile=../benchmark_instances/2023result/docs/solver/benchmark/random_instance/random_instance011_graph003_01.dat --tj --indset --st"
	User time (seconds): 1726.31
	System time (seconds): 70.56
	Percent of CPU this job got: 99%
	Elapsed (wall clock) time (h:mm:ss or m:ss): 30:00.40
	Average shared text size (kbytes): 0
	Average unshared data size (kbytes): 0
	Average stack size (kbytes): 0
	Average total size (kbytes): 0
	Maximum resident set size (kbytes): 137868668
	Average resident set size (kbytes): 0
	Major (requiring I/O) page faults: 0
	Minor (reclaiming a frame) page faults: 1084945
	Voluntary context switches: 47
	Involuntary context switches: 1200
	Swaps: 0
	File system inputs: 8
	File system outputs: 8
	Socket messages sent: 0
	Socket messages received: 0
	Signals delivered: 0
	Page size (bytes): 4096
	Exit status: 124
