Input graph file parsed. # of vertices = 273, # of edges = 819
s 7 9 12 14 20 23 28 30 33 37 41 42 43 50 53 56 57 58 60 62 64 65 70 242 75 79 80 218 89 94 99 103 106 111 115 116 117 118 120 122 125 129 134 189 138 140 141 144 147 148 149 151 216 155 161 207 170 171 173 175 179 203 183 184 264 266 187 210 191 192 194 198 213 220 259 231 232 243 272 247 254 265 257
t 2 5 6 12 18 23 30 35 38 40 41 44 45 49 52 54 55 59 60 62 65 242 74 81 84 85 87 88 93 102 169 109 115 116 117 118 122 123 127 128 130 136 137 138 139 140 221 151 152 216 156 158 207 163 165 171 173 175 178 255 273 185 186 188 263 194 206 198 199 204 208 220 226 230 232 233 237 239 243 244 250 251 257
Solution space ZDD construction start
Command exited with non-zero status 124
	Command being timed: "timeout 30m ../ddreconf/ddreconf ../benchmark_instances/2023result/docs/solver/benchmark/random_instance/random_instance021_graph002.col --stfile=../benchmark_instances/2023result/docs/solver/benchmark/random_instance/random_instance021_graph002_01.dat --tj --indset --st"
	User time (seconds): 1729.80
	System time (seconds): 66.57
	Percent of CPU this job got: 99%
	Elapsed (wall clock) time (h:mm:ss or m:ss): 30:00.42
	Average shared text size (kbytes): 0
	Average unshared data size (kbytes): 0
	Average stack size (kbytes): 0
	Average total size (kbytes): 0
	Maximum resident set size (kbytes): 133704284
	Average resident set size (kbytes): 0
	Major (requiring I/O) page faults: 0
	Minor (reclaiming a frame) page faults: 1332670
	Voluntary context switches: 100
	Involuntary context switches: 1272
	Swaps: 0
	File system inputs: 0
	File system outputs: 8
	Socket messages sent: 0
	Socket messages received: 0
	Signals delivered: 0
	Page size (bytes): 4096
	Exit status: 124
