Input graph file parsed. # of vertices = 182, # of edges = 546
s 3 4 6 7 9 10 16 20 21 24 25 30 31 38 39 41 44 45 50 53 58 64 66 71 72 76 77 78 85 87 90 91 92 94 95 97 103 107 128 119 121 122 124 130 131 156 147 144 148 149 150 164 179 182 178 180
t 132 8 10 13 17 24 25 26 30 39 40 42 45 46 49 50 55 56 57 62 64 66 68 69 71 78 79 158 88 90 91 93 94 99 112 104 174 110 111 128 141 117 122 123 131 137 140 147 143 145 149 173 153 159 168 169
Solution space ZDD construction start
Command exited with non-zero status 124
	Command being timed: "timeout 30m ../ddreconf/ddreconf ../benchmark_instances/2023result/docs/solver/benchmark/random_instance/random_instance014_graph004.col --stfile=../benchmark_instances/2023result/docs/solver/benchmark/random_instance/random_instance014_graph004_01.dat --tj --indset --st"
	User time (seconds): 1760.81
	System time (seconds): 35.64
	Percent of CPU this job got: 99%
	Elapsed (wall clock) time (h:mm:ss or m:ss): 30:00.22
	Average shared text size (kbytes): 0
	Average unshared data size (kbytes): 0
	Average stack size (kbytes): 0
	Average total size (kbytes): 0
	Maximum resident set size (kbytes): 71644904
	Average resident set size (kbytes): 0
	Major (requiring I/O) page faults: 0
	Minor (reclaiming a frame) page faults: 852096
	Voluntary context switches: 34
	Involuntary context switches: 1040
	Swaps: 0
	File system inputs: 0
	File system outputs: 8
	Socket messages sent: 0
	Socket messages received: 0
	Signals delivered: 0
	Page size (bytes): 4096
	Exit status: 124
