Input graph file parsed. # of vertices = 117, # of edges = 351
s 2 3 8 14 15 16 19 20 76 24 32 34 50 39 114 55 60 63 104 68 69 70 72 75 77 117 106 80 83 85 116 92 94 95 99 112 102 108
t 8 10 14 16 19 76 22 23 28 29 38 39 40 42 66 46 48 52 55 57 63 104 65 69 71 73 75 77 117 79 82 85 91 92 95 112 105 111
Solution space ZDD construction start
Command exited with non-zero status 124
	Command being timed: "timeout 30m ../ddreconf/ddreconf ../benchmark_instances/2023result/docs/solver/benchmark/random_instance/random_instance009_graph005.col --stfile=../benchmark_instances/2023result/docs/solver/benchmark/random_instance/random_instance009_graph005_01.dat --tj --indset --st"
	User time (seconds): 1729.71
	System time (seconds): 66.76
	Percent of CPU this job got: 99%
	Elapsed (wall clock) time (h:mm:ss or m:ss): 30:00.39
	Average shared text size (kbytes): 0
	Average unshared data size (kbytes): 0
	Average stack size (kbytes): 0
	Average total size (kbytes): 0
	Maximum resident set size (kbytes): 131585296
	Average resident set size (kbytes): 0
	Major (requiring I/O) page faults: 0
	Minor (reclaiming a frame) page faults: 986546
	Voluntary context switches: 58
	Involuntary context switches: 1159
	Swaps: 0
	File system inputs: 0
	File system outputs: 8
	Socket messages sent: 0
	Socket messages received: 0
	Signals delivered: 0
	Page size (bytes): 4096
	Exit status: 124
