Input graph file parsed. # of vertices = 91, # of edges = 273
s 17 35 36 88 83 21 31 12 62 70 42 48 72 76 84 78 11 9 28 22 82 30 33 40 46 24 25 80 13
t 17 35 36 16 88 21 31 61 70 87 26 57 8 76 49 78 19 9 27 22 82 58 33 40 41 46 25 80 13
Solution space ZDD construction start
Solution space ZDD construction end
Solution space ZDD construction time = 365.298207
Solution space ZDD size = 3708159
# of elements in the solution space = 795908695346840
Start searching a reconfiguration sequence from s to t
Step 1 time = 0.000315, # ZDD nodes = 117, # elems = 16
Step 2 time = 0.001416, # ZDD nodes = 455, # elems = 192
Step 3 time = 0.007648, # ZDD nodes = 1553, # elems = 1798
Step 4 time = 0.036373, # ZDD nodes = 4876, # elems = 13817
Step 5 time = 0.157615, # ZDD nodes = 13972, # elems = 92420
Step 6 time = 1.869644, # ZDD nodes = 36236, # elems = 533174
Step 7 time = 2.117443, # ZDD nodes = 86587, # elems = 2630252
Step 8 time = 6.451367, # ZDD nodes = 190405, # elems = 11139275
Step 9 time = 23.751348, # ZDD nodes = 389517, # elems = 40775069
Step 10 time = 47.821608, # ZDD nodes = 742982, # elems = 129654355
Step 11 time = 123.710057, # ZDD nodes = 1325134, # elems = 359401685
t found
a YES
a 9 11 12 13 17 21 22 24 25 28 30 31 33 35 36 40 42 46 48 62 70 72 76 78 80 82 83 84 88
a 9 11 12 13 17 21 22 24 25 27 28 30 31 33 35 36 40 42 46 48 62 70 72 76 78 80 82 83 88
a 9 11 12 13 17 21 22 24 25 27 28 30 31 33 35 36 40 41 42 46 62 70 72 76 78 80 82 83 88
a 9 11 12 13 17 21 22 25 27 28 30 31 33 35 36 40 41 42 46 58 62 70 72 76 78 80 82 83 88
a 8 9 11 13 17 21 22 25 27 28 30 31 33 35 36 40 41 42 46 58 62 70 72 76 78 80 82 83 88
a 8 9 11 13 17 21 22 25 27 28 30 31 33 35 36 40 41 46 57 58 62 70 72 76 78 80 82 83 88
a 8 9 11 13 17 21 22 25 27 28 31 33 35 36 40 41 46 57 58 62 70 72 76 78 80 82 83 87 88
a 8 9 11 13 17 19 21 22 25 27 31 33 35 36 40 41 46 57 58 62 70 72 76 78 80 82 83 87 88
a 8 9 13 17 19 21 22 25 27 31 33 35 36 40 41 46 49 57 58 62 70 72 76 78 80 82 83 87 88
a 8 9 13 17 19 21 22 25 26 27 31 33 35 36 40 41 46 49 57 58 70 72 76 78 80 82 83 87 88
a 8 9 13 17 19 21 22 25 26 27 31 33 35 36 40 41 46 49 57 58 61 70 76 78 80 82 83 87 88
a 8 9 13 16 17 19 21 22 25 26 27 31 33 35 36 40 41 46 49 57 58 61 70 76 78 80 82 87 88
Reconfiguration time = 206.728092
	Command being timed: "timeout 30m ../ddreconf/ddreconf ../instances_pwwt_from_heur_col/random_instance007_graph001.pwwt.col --stfile=../benchmark_instances/2023result/docs/solver/benchmark/random_instance/random_instance007_graph001_01.dat --tj --indset --st"
	User time (seconds): 555.71
	System time (seconds): 16.82
	Percent of CPU this job got: 99%
	Elapsed (wall clock) time (h:mm:ss or m:ss): 9:33.66
	Average shared text size (kbytes): 0
	Average unshared data size (kbytes): 0
	Average stack size (kbytes): 0
	Average total size (kbytes): 0
	Maximum resident set size (kbytes): 33810080
	Average resident set size (kbytes): 0
	Major (requiring I/O) page faults: 0
	Minor (reclaiming a frame) page faults: 180021
	Voluntary context switches: 31
	Involuntary context switches: 482
	Swaps: 0
	File system inputs: 8
	File system outputs: 56
	Socket messages sent: 0
	Socket messages received: 0
	Signals delivered: 0
	Page size (bytes): 4096
	Exit status: 0
