Input graph file parsed. # of vertices = 247, # of edges = 741
s 88 130 136 155 163 180 156 38 76 112 168 194 206 81 82 172 19 190 149 201 5 16 139 91 56 10 25 138 125 119 151 211 205 68 198 117 86 12 145 179 18 169 184 62 186 61 128 100 71 89 27 239 199 32 217 63 44 46 203 30 220 177 45 78 132 196 146 236 219 202 111 227 133 238 228 171 185 226 157
t 88 130 155 163 180 240 23 38 112 168 194 172 19 190 129 8 175 5 16 91 126 13 10 105 90 141 48 60 147 35 83 34 84 212 109 145 144 179 3 18 50 103 166 208 184 42 161 170 4 20 43 49 94 55 27 239 99 63 74 178 30 220 193 181 45 78 146 164 246 236 219 207 202 191 235 209 104 189 29
Solution space ZDD construction start
Command exited with non-zero status 124
	Command being timed: "timeout 30m ../ddreconf/ddreconf ../instances_pwwt_from_heur_col/random_instance019_graph001.pwwt.col --stfile=../benchmark_instances/2023result/docs/solver/benchmark/random_instance/random_instance019_graph001_01.dat --tj --indset --st"
	User time (seconds): 1728.73
	System time (seconds): 68.11
	Percent of CPU this job got: 99%
	Elapsed (wall clock) time (h:mm:ss or m:ss): 30:00.39
	Average shared text size (kbytes): 0
	Average unshared data size (kbytes): 0
	Average stack size (kbytes): 0
	Average total size (kbytes): 0
	Maximum resident set size (kbytes): 133959892
	Average resident set size (kbytes): 0
	Major (requiring I/O) page faults: 0
	Minor (reclaiming a frame) page faults: 1148224
	Voluntary context switches: 77
	Involuntary context switches: 1166
	Swaps: 0
	File system inputs: 8
	File system outputs: 8
	Socket messages sent: 0
	Socket messages received: 0
	Signals delivered: 0
	Page size (bytes): 4096
	Exit status: 124
