Input graph file parsed. # of vertices = 78, # of edges = 234
s 4 5 6 12 15 17 21 24 25 27 29 31 36 52 77 43 44 47 49 57 63 73 75
t 8 10 11 12 13 15 17 27 28 33 37 77 44 65 53 54 55 57 58 76 67 71 78
Solution space ZDD construction start
Solution space ZDD construction end
Solution space ZDD construction time = 1766.779517
Solution space ZDD size = 18327403
# of elements in the solution space = 3706721252978
Start searching a reconfiguration sequence from s to t
Step 1 time = 0.000635, # ZDD nodes = 231, # elems = 21
Step 2 time = 0.005535, # ZDD nodes = 1465, # elems = 365
Step 3 time = 0.036411, # ZDD nodes = 7018, # elems = 4338
Step 4 time = 0.220841, # ZDD nodes = 27325, # elems = 37078
Step 5 time = 1.131220, # ZDD nodes = 88524, # elems = 241861
Step 6 time = 4.917762, # ZDD nodes = 246626, # elems = 1249784
Step 7 Command exited with non-zero status 124
	Command being timed: "timeout 30m ../ddreconf/ddreconf ../benchmark_instances/2023result/docs/solver/benchmark/random_instance/random_instance006_graph001.col --stfile=../benchmark_instances/2023result/docs/solver/benchmark/random_instance/random_instance006_graph001_01.dat --tj --indset --st"
	User time (seconds): 1758.69
	System time (seconds): 37.66
	Percent of CPU this job got: 99%
	Elapsed (wall clock) time (h:mm:ss or m:ss): 30:00.21
	Average shared text size (kbytes): 0
	Average unshared data size (kbytes): 0
	Average stack size (kbytes): 0
	Average total size (kbytes): 0
	Maximum resident set size (kbytes): 72964736
	Average resident set size (kbytes): 0
	Major (requiring I/O) page faults: 0
	Minor (reclaiming a frame) page faults: 819039
	Voluntary context switches: 43
	Involuntary context switches: 1138
	Swaps: 0
	File system inputs: 0
	File system outputs: 32
	Socket messages sent: 0
	Socket messages received: 0
	Signals delivered: 0
	Page size (bytes): 4096
	Exit status: 124
