Input graph file parsed. # of vertices = 247, # of edges = 741
s 3 7 8 15 16 17 18 19 21 22 23 24 29 30 36 40 43 49 243 53 56 57 146 62 66 213 71 73 75 81 83 84 87 89 91 94 96 99 103 247 106 107 108 110 113 114 117 118 120 125 130 135 136 142 138 144 148 200 153 154 218 158 161 245 170 171 175 183 216 186 221 192 193 241 198 199 238 207 225 210 212 224 235
t 4 7 15 16 19 20 23 24 180 29 30 46 48 49 243 53 56 57 146 62 66 213 71 75 80 82 83 84 88 89 90 91 94 96 132 101 247 105 202 117 118 239 120 122 125 130 160 195 135 227 142 138 140 149 150 200 153 154 218 157 161 162 164 166 171 173 178 179 184 216 186 188 199 201 205 220 210 212 223 224 237 246 244
Solution space ZDD construction start
Command exited with non-zero status 124
	Command being timed: "timeout 30m ../ddreconf/ddreconf ../benchmark_instances/2023result/docs/solver/benchmark/random_instance/random_instance019_graph002.col --stfile=../benchmark_instances/2023result/docs/solver/benchmark/random_instance/random_instance019_graph002_01.dat --tj --indset --st"
	User time (seconds): 1758.88
	System time (seconds): 37.43
	Percent of CPU this job got: 99%
	Elapsed (wall clock) time (h:mm:ss or m:ss): 30:00.24
	Average shared text size (kbytes): 0
	Average unshared data size (kbytes): 0
	Average stack size (kbytes): 0
	Average total size (kbytes): 0
	Maximum resident set size (kbytes): 76221664
	Average resident set size (kbytes): 0
	Major (requiring I/O) page faults: 0
	Minor (reclaiming a frame) page faults: 1091561
	Voluntary context switches: 64
	Involuntary context switches: 1203
	Swaps: 0
	File system inputs: 0
	File system outputs: 8
	Socket messages sent: 0
	Socket messages received: 0
	Signals delivered: 0
	Page size (bytes): 4096
	Exit status: 124
