Input graph file parsed. # of vertices = 273, # of edges = 819
s 3 13 19 20 23 24 32 213 37 38 44 48 50 51 52 56 58 59 63 70 69 72 73 75 78 80 83 84 85 88 90 91 95 97 98 104 112 114 120 199 195 127 126 132 229 143 144 147 148 154 190 157 228 176 168 270 170 173 175 215 182 183 186 212 193 256 200 203 205 273 218 233 241 223 237 225 234 235 239 240 255 245 264 251 252 257 267 265
t 3 9 12 14 19 22 23 24 25 33 34 36 44 45 49 50 51 53 54 57 59 60 61 64 70 67 68 73 75 78 81 87 88 91 93 96 97 109 110 113 199 195 123 133 229 146 147 150 154 156 157 228 163 176 167 169 174 175 177 215 182 183 184 185 191 192 256 197 206 209 211 214 217 233 241 222 266 230 254 235 236 245 248 264 249 267 260 265
Solution space ZDD construction start
Command exited with non-zero status 124
	Command being timed: "timeout 30m ../ddreconf/ddreconf ../benchmark_instances/2023result/docs/solver/benchmark/random_instance/random_instance021_graph003.col --stfile=../benchmark_instances/2023result/docs/solver/benchmark/random_instance/random_instance021_graph003_01.dat --tj --indset --st"
	User time (seconds): 1730.00
	System time (seconds): 66.46
	Percent of CPU this job got: 99%
	Elapsed (wall clock) time (h:mm:ss or m:ss): 30:00.41
	Average shared text size (kbytes): 0
	Average unshared data size (kbytes): 0
	Average stack size (kbytes): 0
	Average total size (kbytes): 0
	Maximum resident set size (kbytes): 133450096
	Average resident set size (kbytes): 0
	Major (requiring I/O) page faults: 0
	Minor (reclaiming a frame) page faults: 1334925
	Voluntary context switches: 106
	Involuntary context switches: 1277
	Swaps: 0
	File system inputs: 0
	File system outputs: 8
	Socket messages sent: 0
	Socket messages received: 0
	Signals delivered: 0
	Page size (bytes): 4096
	Exit status: 124
