Input graph file parsed. # of vertices = 442, # of edges = 1326
s 1 2 4 12 15 36 21 25 26 28 30 31 255 38 39 41 42 47 49 50 51 54 55 59 60 67 71 74 78 80 90 91 92 93 100 107 108 109 110 112 114 117 122 125 127 132 133 137 141 142 143 146 148 153 155 157 164 169 176 415 180 181 182 185 186 189 195 197 201 204 207 208 211 214 215 217 219 222 226 227 231 232 233 234 238 250 243 244 247 251 259 342 273 420 411 281 282 284 288 293 296 326 362 306 310 311 313 318 321 380 346 433 432 425 335 373 339 421 412 361 410 343 345 348 397 388 353 365 379 358 359 422 366 419 426 375 395 391 403 409 438 437
t 1 2 5 7 9 15 16 36 22 30 33 34 255 38 39 41 46 49 51 52 56 60 61 64 66 67 69 72 73 75 77 79 80 81 82 84 90 93 94 96 100 103 104 107 108 109 110 113 115 117 121 130 132 134 135 136 138 140 143 148 149 150 155 157 159 166 167 168 176 177 179 181 186 189 192 194 198 199 200 201 203 204 207 209 210 213 216 217 218 277 227 230 231 240 250 389 436 266 270 342 273 420 278 280 441 289 296 326 298 301 362 305 306 308 309 311 313 315 329 346 433 432 333 335 337 373 421 361 410 350 352 355 356 427 422 419 440 385 387 404 403 416
Solution space ZDD construction start
Command exited with non-zero status 124
	Command being timed: "timeout 30m ../ddreconf/ddreconf ../benchmark_instances/2023result/docs/solver/benchmark/random_instance/random_instance034_graph003.col --stfile=../benchmark_instances/2023result/docs/solver/benchmark/random_instance/random_instance034_graph003_01.dat --tj --indset --st"
	User time (seconds): 1730.58
	System time (seconds): 65.89
	Percent of CPU this job got: 99%
	Elapsed (wall clock) time (h:mm:ss or m:ss): 30:00.43
	Average shared text size (kbytes): 0
	Average unshared data size (kbytes): 0
	Average stack size (kbytes): 0
	Average total size (kbytes): 0
	Maximum resident set size (kbytes): 133417772
	Average resident set size (kbytes): 0
	Major (requiring I/O) page faults: 0
	Minor (reclaiming a frame) page faults: 1512762
	Voluntary context switches: 88
	Involuntary context switches: 1309
	Swaps: 0
	File system inputs: 0
	File system outputs: 8
	Socket messages sent: 0
	Socket messages received: 0
	Signals delivered: 0
	Page size (bytes): 4096
	Exit status: 124
