Input graph file parsed. # of vertices = 312, # of edges = 936
s 1 3 5 7 57 10 12 13 24 26 30 33 116 41 47 50 51 58 61 62 216 66 238 183 71 72 73 143 87 88 136 93 96 97 101 106 108 110 211 309 118 308 120 217 122 123 125 127 299 140 145 268 151 163 246 157 166 168 169 298 172 289 202 269 175 224 181 236 293 197 201 203 204 206 277 230 213 222 273 225 226 303 232 272 239 281 310 242 312 244 249 250 253 257 294 261 264 278 275 274 286 306 301 307
t 5 7 9 14 20 21 26 33 34 116 36 38 39 46 47 51 52 54 55 58 59 61 63 216 67 68 76 77 143 87 88 136 93 94 96 100 103 104 106 107 108 211 308 120 121 122 124 304 192 130 137 139 140 145 146 148 163 246 159 160 165 169 170 171 289 269 177 178 180 181 293 191 196 199 201 205 206 230 214 219 233 223 225 303 229 232 234 272 237 310 242 247 248 252 253 284 278 267 271 274 283 288 306 301
Solution space ZDD construction start
Command exited with non-zero status 124
	Command being timed: "timeout 30m ../ddreconf/ddreconf ../benchmark_instances/2023result/docs/solver/benchmark/random_instance/random_instance024_graph005.col --stfile=../benchmark_instances/2023result/docs/solver/benchmark/random_instance/random_instance024_graph005_01.dat --tj --indset --st"
	User time (seconds): 1727.11
	System time (seconds): 69.24
	Percent of CPU this job got: 99%
	Elapsed (wall clock) time (h:mm:ss or m:ss): 30:00.43
	Average shared text size (kbytes): 0
	Average unshared data size (kbytes): 0
	Average stack size (kbytes): 0
	Average total size (kbytes): 0
	Maximum resident set size (kbytes): 138544944
	Average resident set size (kbytes): 0
	Major (requiring I/O) page faults: 0
	Minor (reclaiming a frame) page faults: 1399950
	Voluntary context switches: 92
	Involuntary context switches: 1371
	Swaps: 0
	File system inputs: 0
	File system outputs: 8
	Socket messages sent: 0
	Socket messages received: 0
	Signals delivered: 0
	Page size (bytes): 4096
	Exit status: 124
