Input graph file parsed. # of vertices = 260, # of edges = 780
s 7 64 69 151 190 224 13 25 27 32 46 38 167 41 66 76 23 14 149 131 150 141 244 204 203 37 75 40 202 45 57 98 108 118 123 235 99 115 196 140 85 132 155 101 146 216 237 74 171 128 71 42 33 225 251 219 34 39 257 48 188 258 89 9 10 223 16 29 121 254 247 127 148 179 166 234 160 137 161 144 176 212 215 256
t 64 151 224 13 26 27 32 46 156 62 87 66 143 124 149 131 59 236 217 187 83 109 204 75 35 202 118 123 77 99 206 54 114 11 140 93 174 186 146 216 74 104 24 163 1 82 97 225 197 12 251 219 257 51 249 50 194 86 89 55 94 259 260 162 78 253 5 70 213 198 205 102 121 103 49 88 160 137 135 176 170 169 239 192
Solution space ZDD construction start
Command exited with non-zero status 124
	Command being timed: "timeout 30m ../ddreconf/ddreconf ../instances_pwwt_from_heur_col/random_instance020_graph002.pwwt.col --stfile=../benchmark_instances/2023result/docs/solver/benchmark/random_instance/random_instance020_graph002_01.dat --tj --indset --st"
	User time (seconds): 1728.61
	System time (seconds): 68.15
	Percent of CPU this job got: 99%
	Elapsed (wall clock) time (h:mm:ss or m:ss): 30:00.40
	Average shared text size (kbytes): 0
	Average unshared data size (kbytes): 0
	Average stack size (kbytes): 0
	Average total size (kbytes): 0
	Maximum resident set size (kbytes): 134370792
	Average resident set size (kbytes): 0
	Major (requiring I/O) page faults: 0
	Minor (reclaiming a frame) page faults: 1172176
	Voluntary context switches: 90
	Involuntary context switches: 1243
	Swaps: 0
	File system inputs: 8
	File system outputs: 8
	Socket messages sent: 0
	Socket messages received: 0
	Signals delivered: 0
	Page size (bytes): 4096
	Exit status: 124
