Input graph file parsed. # of vertices = 156, # of edges = 468
s 4 10 14 15 152 17 22 74 66 29 30 129 58 34 39 40 42 43 44 46 47 48 51 52 56 57 61 62 63 67 73 75 76 148 82 83 105 87 106 92 93 98 99 101 144 142 118 150 124 126 147 141 154
t 4 6 7 9 13 152 19 22 74 25 66 58 35 37 39 43 44 45 47 48 64 52 53 55 57 59 63 65 68 71 73 75 148 78 105 86 91 96 94 95 99 127 107 103 110 111 121 122 125 130 146 137 141
Solution space ZDD construction start
Command exited with non-zero status 124
	Command being timed: "timeout 30m ../ddreconf/ddreconf ../benchmark_instances/2023result/docs/solver/benchmark/random_instance/random_instance012_graph002.col --stfile=../benchmark_instances/2023result/docs/solver/benchmark/random_instance/random_instance012_graph002_01.dat --tj --indset --st"
	User time (seconds): 1758.76
	System time (seconds): 37.53
	Percent of CPU this job got: 99%
	Elapsed (wall clock) time (h:mm:ss or m:ss): 30:00.23
	Average shared text size (kbytes): 0
	Average unshared data size (kbytes): 0
	Average stack size (kbytes): 0
	Average total size (kbytes): 0
	Maximum resident set size (kbytes): 75252140
	Average resident set size (kbytes): 0
	Major (requiring I/O) page faults: 0
	Minor (reclaiming a frame) page faults: 979433
	Voluntary context switches: 77
	Involuntary context switches: 1203
	Swaps: 0
	File system inputs: 0
	File system outputs: 8
	Socket messages sent: 0
	Socket messages received: 0
	Signals delivered: 0
	Page size (bytes): 4096
	Exit status: 124
