Input graph file parsed. # of vertices = 169, # of edges = 507
s 8 12 15 16 18 21 27 28 29 140 35 40 44 45 47 49 52 55 59 66 69 77 78 80 83 105 87 91 162 95 130 118 100 101 102 107 147 111 113 115 119 120 148 126 128 129 139 159 145 168 149 154 158
t 7 9 12 13 17 21 28 140 40 45 49 51 54 55 58 60 62 63 67 73 84 75 76 77 164 80 81 85 87 89 162 95 130 104 109 111 112 114 121 123 125 128 155 139 159 146 151 152 156 158 166 161 169
Solution space ZDD construction start
Command exited with non-zero status 124
	Command being timed: "timeout 30m ../ddreconf/ddreconf ../benchmark_instances/2023result/docs/solver/benchmark/random_instance/random_instance013_graph001.col --stfile=../benchmark_instances/2023result/docs/solver/benchmark/random_instance/random_instance013_graph001_01.dat --tj --indset --st"
	User time (seconds): 1734.19
	System time (seconds): 62.20
	Percent of CPU this job got: 99%
	Elapsed (wall clock) time (h:mm:ss or m:ss): 30:00.41
	Average shared text size (kbytes): 0
	Average unshared data size (kbytes): 0
	Average stack size (kbytes): 0
	Average total size (kbytes): 0
	Maximum resident set size (kbytes): 132848456
	Average resident set size (kbytes): 0
	Major (requiring I/O) page faults: 0
	Minor (reclaiming a frame) page faults: 1068263
	Voluntary context switches: 67
	Involuntary context switches: 1159
	Swaps: 0
	File system inputs: 0
	File system outputs: 8
	Socket messages sent: 0
	Socket messages received: 0
	Signals delivered: 0
	Page size (bytes): 4096
	Exit status: 124
