Input graph file parsed. # of vertices = 169, # of edges = 507
s 64 86 105 136 125 163 79 63 94 154 135 12 3 112 9 143 17 1 169 20 6 148 74 51 13 45 72 16 99 61 70 76 113 84 34 109 132 121 152 134 110 28 164 49 40 146 98 57 166 15 150 147
t 64 86 18 136 125 163 81 87 154 142 158 133 22 95 20 131 6 148 23 108 153 165 168 29 88 83 72 92 97 7 66 99 76 130 84 100 90 121 89 134 35 96 47 28 49 146 101 162 119 151 141 147
Solution space ZDD construction start
Command exited with non-zero status 124
	Command being timed: "timeout 30m ../ddreconf/ddreconf ../instances_pwwt_from_heur_col/random_instance013_graph004.pwwt.col --stfile=../benchmark_instances/2023result/docs/solver/benchmark/random_instance/random_instance013_graph004_01.dat --tj --indset --st"
	User time (seconds): 1760.56
	System time (seconds): 36.21
	Percent of CPU this job got: 99%
	Elapsed (wall clock) time (h:mm:ss or m:ss): 30:00.21
	Average shared text size (kbytes): 0
	Average unshared data size (kbytes): 0
	Average stack size (kbytes): 0
	Average total size (kbytes): 0
	Maximum resident set size (kbytes): 70972688
	Average resident set size (kbytes): 0
	Major (requiring I/O) page faults: 0
	Minor (reclaiming a frame) page faults: 789384
	Voluntary context switches: 40
	Involuntary context switches: 993
	Swaps: 0
	File system inputs: 8
	File system outputs: 8
	Socket messages sent: 0
	Socket messages received: 0
	Signals delivered: 0
	Page size (bytes): 4096
	Exit status: 124
