Input graph file parsed. # of vertices = 442, # of edges = 1326
s 103 108 274 294 43 67 86 431 127 7 182 126 332 130 328 401 40 105 380 9 49 310 15 100 343 77 102 326 267 381 66 203 183 282 339 70 58 76 36 158 55 217 386 91 63 206 30 427 16 350 164 382 101 223 293 226 396 314 397 3 335 231 68 173 366 33 205 23 301 341 198 174 50 161 425 184 187 200 210 228 107 53 124 47 221 196 138 22 166 309 119 400 260 385 48 69 215 136 104 234 355 432 338 11 41 306 56 358 39 379 394 240 308 194 92 278 98 392 18 312 219 271 250 346 275 419 165 305 360 112 38 195 307 367 353 406 362 319 409
t 103 108 274 294 28 67 86 139 88 230 126 216 332 60 130 129 40 413 105 380 9 49 330 115 402 20 102 326 185 149 281 381 295 203 155 213 175 256 183 303 282 218 76 36 158 217 239 399 24 206 434 382 387 101 223 293 299 262 315 428 396 314 397 3 335 8 65 231 311 141 325 347 225 368 106 297 301 341 198 50 200 4 322 235 384 192 140 423 116 336 34 109 83 172 284 389 323 375 424 35 171 132 432 338 11 204 306 56 329 150 2 98 349 422 120 312 219 156 348 271 285 346 201 275 334 324 398 117 374 286 393 162 181 307 440 288 353 296 289
Solution space ZDD construction start
Command exited with non-zero status 124
	Command being timed: "timeout 30m ../ddreconf/ddreconf ../instances_pwwt_from_heur_col/random_instance034_graph002.pwwt.col --stfile=../benchmark_instances/2023result/docs/solver/benchmark/random_instance/random_instance034_graph002_01.dat --tj --indset --st"
	User time (seconds): 1728.04
	System time (seconds): 68.32
	Percent of CPU this job got: 99%
	Elapsed (wall clock) time (h:mm:ss or m:ss): 30:00.41
	Average shared text size (kbytes): 0
	Average unshared data size (kbytes): 0
	Average stack size (kbytes): 0
	Average total size (kbytes): 0
	Maximum resident set size (kbytes): 135777288
	Average resident set size (kbytes): 0
	Major (requiring I/O) page faults: 0
	Minor (reclaiming a frame) page faults: 1338212
	Voluntary context switches: 160
	Involuntary context switches: 1192
	Swaps: 0
	File system inputs: 8
	File system outputs: 8
	Socket messages sent: 0
	Socket messages received: 0
	Signals delivered: 0
	Page size (bytes): 4096
	Exit status: 124
