Input graph file parsed. # of vertices = 104, # of edges = 312
s 28 19 41 92 17 5 6 54 71 8 67 9 82 4 26 79 47 98 57 35 77 45 84 43 66 40 62 36 32 22 97 99 63 104 80 70
t 28 7 41 92 17 5 6 54 71 27 67 39 79 47 87 98 57 53 77 102 84 101 43 40 64 36 32 44 22 58 13 81 49 90 68 94
Solution space ZDD construction start
Solution space ZDD construction end
Solution space ZDD construction time = 1742.233626
Solution space ZDD size = 33605458
# of elements in the solution space = 86776122135880556
Start searching a reconfiguration sequence from s to t
Step 1 time = 0.001001, # ZDD nodes = 172, # elems = 15
Step 2 time = 0.004067, # ZDD nodes = 671, # elems = 224
Step 3 time = 0.015374, # ZDD nodes = 2410, # elems = 2260
Step 4 time = 0.072178, # ZDD nodes = 7414, # elems = 17656
Step 5 time = 0.324211, # ZDD nodes = 20276, # elems = 110374
Step 6 time = 1.031130, # ZDD nodes = 49915, # elems = 563576
Step 7 time = 3.139151, # ZDD nodes = 111328, # elems = 2380851
Step 8 time = 8.554010, # ZDD nodes = 227011, # elems = 8415852
Step 9 Command exited with non-zero status 124
	Command being timed: "timeout 30m ../ddreconf/ddreconf ../instances_pwwt_from_heur_col/random_instance008_graph003.pwwt.col --stfile=../benchmark_instances/2023result/docs/solver/benchmark/random_instance/random_instance008_graph003_01.dat --tj --indset --st"
	User time (seconds): 1758.82
	System time (seconds): 37.86
	Percent of CPU this job got: 99%
	Elapsed (wall clock) time (h:mm:ss or m:ss): 30:00.22
	Average shared text size (kbytes): 0
	Average unshared data size (kbytes): 0
	Average stack size (kbytes): 0
	Average total size (kbytes): 0
	Maximum resident set size (kbytes): 72849224
	Average resident set size (kbytes): 0
	Major (requiring I/O) page faults: 0
	Minor (reclaiming a frame) page faults: 856112
	Voluntary context switches: 30
	Involuntary context switches: 1216
	Swaps: 0
	File system inputs: 8
	File system outputs: 32
	Socket messages sent: 0
	Socket messages received: 0
	Signals delivered: 0
	Page size (bytes): 4096
	Exit status: 124
