Input graph file parsed. # of vertices = 156, # of edges = 468
s 145 6 10 11 12 15 19 20 23 24 27 29 40 46 47 49 149 62 150 81 65 66 70 72 73 74 76 83 93 112 98 104 105 106 138 108 115 116 142 121 126 152 148 133 135 137 144
t 4 145 6 9 10 15 31 33 39 42 50 52 53 55 58 61 62 64 68 136 70 71 76 77 79 83 86 89 90 93 94 99 101 103 123 125 105 106 138 110 113 140 118 120 121 134 137
Solution space ZDD construction start
Command exited with non-zero status 124
	Command being timed: "timeout 30m ../ddreconf/ddreconf ../benchmark_instances/2023result/docs/solver/benchmark/random_instance/random_instance012_graph004.col --stfile=../benchmark_instances/2023result/docs/solver/benchmark/random_instance/random_instance012_graph004_01.dat --tj --indset --st"
	User time (seconds): 1758.92
	System time (seconds): 37.47
	Percent of CPU this job got: 99%
	Elapsed (wall clock) time (h:mm:ss or m:ss): 30:00.23
	Average shared text size (kbytes): 0
	Average unshared data size (kbytes): 0
	Average stack size (kbytes): 0
	Average total size (kbytes): 0
	Maximum resident set size (kbytes): 74689936
	Average resident set size (kbytes): 0
	Major (requiring I/O) page faults: 0
	Minor (reclaiming a frame) page faults: 984141
	Voluntary context switches: 72
	Involuntary context switches: 1151
	Swaps: 0
	File system inputs: 0
	File system outputs: 8
	Socket messages sent: 0
	Socket messages received: 0
	Signals delivered: 0
	Page size (bytes): 4096
	Exit status: 124
