Input graph file parsed. # of vertices = 312, # of edges = 936
s 1 3 10 11 15 16 20 28 32 38 41 43 44 45 51 54 57 58 60 61 62 64 65 66 68 74 78 311 86 87 89 90 92 94 95 96 97 98 100 102 103 108 109 111 112 118 121 122 127 137 249 169 140 181 155 147 148 152 156 158 163 165 166 180 182 186 188 267 194 197 198 206 207 265 213 215 216 251 302 222 226 227 231 235 237 238 242 247 248 255 288 294 261 284 303 281 279 293 285 286 297
t 2 6 10 11 14 15 17 18 24 28 38 41 43 47 49 52 54 57 59 60 61 66 81 311 84 86 87 92 94 95 96 97 98 120 101 103 107 113 116 122 129 138 169 140 141 143 144 147 148 149 154 159 160 163 164 202 167 168 179 180 228 220 185 187 189 190 191 192 193 194 195 305 229 200 201 205 207 210 214 215 216 302 221 277 269 237 239 263 244 246 284 308 303 310 281 276 293 285 309 297 300
Solution space ZDD construction start
Command exited with non-zero status 124
	Command being timed: "timeout 30m ../ddreconf/ddreconf ../benchmark_instances/2023result/docs/solver/benchmark/random_instance/random_instance024_graph004.col --stfile=../benchmark_instances/2023result/docs/solver/benchmark/random_instance/random_instance024_graph004_01.dat --tj --indset --st"
	User time (seconds): 1728.08
	System time (seconds): 68.38
	Percent of CPU this job got: 99%
	Elapsed (wall clock) time (h:mm:ss or m:ss): 30:00.42
	Average shared text size (kbytes): 0
	Average unshared data size (kbytes): 0
	Average stack size (kbytes): 0
	Average total size (kbytes): 0
	Maximum resident set size (kbytes): 136952092
	Average resident set size (kbytes): 0
	Major (requiring I/O) page faults: 0
	Minor (reclaiming a frame) page faults: 1358156
	Voluntary context switches: 89
	Involuntary context switches: 1306
	Swaps: 0
	File system inputs: 0
	File system outputs: 8
	Socket messages sent: 0
	Socket messages received: 0
	Signals delivered: 0
	Page size (bytes): 4096
	Exit status: 124
