Input graph file parsed. # of vertices = 104, # of edges = 312
s 44 70 30 28 71 103 58 5 27 29 33 18 36 53 1 16 67 90 92 54 35 14 64 93 48 47 104 83 97 40 76 2 63 41 57 91 78
t 43 44 70 30 28 71 103 5 27 33 18 36 32 53 16 67 90 95 35 14 11 64 93 61 47 52 83 97 60 82 80 63 8 62 72 91 55
Solution space ZDD construction start
Command exited with non-zero status 124
	Command being timed: "timeout 30m ../ddreconf/ddreconf ../instances_pwwt_from_heur_col/random_instance008_graph005.pwwt.col --stfile=../benchmark_instances/2023result/docs/solver/benchmark/random_instance/random_instance008_graph005_01.dat --tj --indset --st"
	User time (seconds): 1759.17
	System time (seconds): 37.56
	Percent of CPU this job got: 99%
	Elapsed (wall clock) time (h:mm:ss or m:ss): 30:00.22
	Average shared text size (kbytes): 0
	Average unshared data size (kbytes): 0
	Average stack size (kbytes): 0
	Average total size (kbytes): 0
	Maximum resident set size (kbytes): 73853956
	Average resident set size (kbytes): 0
	Major (requiring I/O) page faults: 0
	Minor (reclaiming a frame) page faults: 801833
	Voluntary context switches: 43
	Involuntary context switches: 1128
	Swaps: 0
	File system inputs: 8
	File system outputs: 8
	Socket messages sent: 0
	Socket messages received: 0
	Signals delivered: 0
	Page size (bytes): 4096
	Exit status: 124
