Input graph file parsed. # of vertices = 247, # of edges = 741
s 1 6 12 13 16 17 18 25 28 31 36 37 46 49 54 56 57 65 67 68 70 71 72 76 77 82 84 85 87 90 91 94 100 112 118 119 120 123 125 128 131 136 142 146 148 202 155 156 157 158 211 164 184 188 167 175 194 182 185 187 240 191 203 220 193 195 201 234 205 206 241 212 233 218 229 222 223 245 238
t 3 4 11 12 13 16 25 29 31 32 33 34 36 41 43 44 53 58 111 64 65 67 68 70 71 76 77 80 86 89 95 96 107 109 112 113 117 118 119 120 169 124 125 127 128 134 136 137 138 139 140 145 148 149 151 202 164 177 194 226 179 180 181 185 186 187 243 191 192 195 196 197 201 212 213 216 233 218 235
Solution space ZDD construction start
Command exited with non-zero status 124
	Command being timed: "timeout 30m ../ddreconf/ddreconf ../benchmark_instances/2023result/docs/solver/benchmark/random_instance/random_instance019_graph005.col --stfile=../benchmark_instances/2023result/docs/solver/benchmark/random_instance/random_instance019_graph005_01.dat --tj --indset --st"
	User time (seconds): 1759.24
	System time (seconds): 37.05
	Percent of CPU this job got: 99%
	Elapsed (wall clock) time (h:mm:ss or m:ss): 30:00.23
	Average shared text size (kbytes): 0
	Average unshared data size (kbytes): 0
	Average stack size (kbytes): 0
	Average total size (kbytes): 0
	Maximum resident set size (kbytes): 75027568
	Average resident set size (kbytes): 0
	Major (requiring I/O) page faults: 0
	Minor (reclaiming a frame) page faults: 1031793
	Voluntary context switches: 92
	Involuntary context switches: 1221
	Swaps: 0
	File system inputs: 0
	File system outputs: 8
	Socket messages sent: 0
	Socket messages received: 0
	Signals delivered: 0
	Page size (bytes): 4096
	Exit status: 124
