Input graph file parsed. # of vertices = 286, # of edges = 858
s 6 10 11 12 15 20 22 160 27 36 37 40 42 46 52 157 55 56 60 65 70 71 74 76 77 79 80 82 85 86 87 90 91 92 94 96 98 99 100 104 106 107 109 172 116 117 119 273 122 123 241 129 133 141 142 144 145 147 185 149 153 155 217 159 161 164 166 176 180 183 186 188 189 192 195 200 203 205 209 224 212 213 218 244 227 286 232 277 282 243 249 251 255 257 272 276 271
t 2 7 8 10 11 15 16 17 22 160 27 28 33 36 41 42 44 46 50 231 53 157 60 62 65 68 69 73 74 80 81 82 85 86 89 91 92 96 97 98 99 103 254 107 109 172 116 117 118 119 273 121 197 126 130 187 136 143 145 185 154 217 159 164 166 174 183 190 192 193 200 203 247 224 212 213 221 260 227 270 232 277 235 237 238 269 243 245 246 258 280 253 255 257 276 271 284
Solution space ZDD construction start
Command exited with non-zero status 124
	Command being timed: "timeout 30m ../ddreconf/ddreconf ../benchmark_instances/2023result/docs/solver/benchmark/random_instance/random_instance022_graph005.col --stfile=../benchmark_instances/2023result/docs/solver/benchmark/random_instance/random_instance022_graph005_01.dat --tj --indset --st"
	User time (seconds): 1729.69
	System time (seconds): 66.75
	Percent of CPU this job got: 99%
	Elapsed (wall clock) time (h:mm:ss or m:ss): 30:00.41
	Average shared text size (kbytes): 0
	Average unshared data size (kbytes): 0
	Average stack size (kbytes): 0
	Average total size (kbytes): 0
	Maximum resident set size (kbytes): 133547256
	Average resident set size (kbytes): 0
	Major (requiring I/O) page faults: 0
	Minor (reclaiming a frame) page faults: 1195799
	Voluntary context switches: 91
	Involuntary context switches: 1287
	Swaps: 0
	File system inputs: 0
	File system outputs: 8
	Socket messages sent: 0
	Socket messages received: 0
	Signals delivered: 0
	Page size (bytes): 4096
	Exit status: 124
