Input graph file parsed. # of vertices = 91, # of edges = 273
s 6 9 11 12 13 15 17 18 20 29 31 87 33 34 36 85 43 45 46 47 50 56 58 79 76 72 86 82 77 81 88 91
t 3 4 6 15 18 19 20 22 27 28 32 33 36 85 40 42 43 45 46 49 56 79 76 65 66 67 70 82 81 88 91 90
Solution space ZDD construction start
Command exited with non-zero status 124
	Command being timed: "timeout 30m ../ddreconf/ddreconf ../benchmark_instances/2023result/docs/solver/benchmark/random_instance/random_instance007_graph003.col --stfile=../benchmark_instances/2023result/docs/solver/benchmark/random_instance/random_instance007_graph003_01.dat --tj --indset --st"
	User time (seconds): 1760.47
	System time (seconds): 35.99
	Percent of CPU this job got: 99%
	Elapsed (wall clock) time (h:mm:ss or m:ss): 30:00.21
	Average shared text size (kbytes): 0
	Average unshared data size (kbytes): 0
	Average stack size (kbytes): 0
	Average total size (kbytes): 0
	Maximum resident set size (kbytes): 70721796
	Average resident set size (kbytes): 0
	Major (requiring I/O) page faults: 0
	Minor (reclaiming a frame) page faults: 737063
	Voluntary context switches: 50
	Involuntary context switches: 1055
	Swaps: 0
	File system inputs: 0
	File system outputs: 8
	Socket messages sent: 0
	Socket messages received: 0
	Signals delivered: 0
	Page size (bytes): 4096
	Exit status: 124
