Input graph file parsed. # of vertices = 385, # of edges = 19095
s 9 13 17 22 27 44 68 85 99 136 113 132 134 315 284 139 140 142 162 185 187 193 207 208 229 236 241 258 269 316 290 314 328 336 352 354 355 358 359 379
t 13 17 22 44 68 85 104 105 112 132 134 137 284 139 140 146 158 168 173 183 185 187 193 207 208 229 236 241 269 316 290 309 313 328 336 352 355 358 359 379
Solution space ZDD construction start
Command exited with non-zero status 124
	Command being timed: "timeout 30m ../ddreconf/ddreconf ../benchmark_instances/2023result/docs/solver/benchmark/2022benchmark/benchmark/color04/school1.col --stfile=../benchmark_instances/2023result/docs/solver/benchmark/2022benchmark/benchmark/color04/school1_02.dat --tj --indset --st"
	User time (seconds): 1723.56
	System time (seconds): 72.41
	Percent of CPU this job got: 99%
	Elapsed (wall clock) time (h:mm:ss or m:ss): 30:00.48
	Average shared text size (kbytes): 0
	Average unshared data size (kbytes): 0
	Average stack size (kbytes): 0
	Average total size (kbytes): 0
	Maximum resident set size (kbytes): 146956536
	Average resident set size (kbytes): 0
	Major (requiring I/O) page faults: 0
	Minor (reclaiming a frame) page faults: 2097205
	Voluntary context switches: 121
	Involuntary context switches: 1780
	Swaps: 0
	File system inputs: 0
	File system outputs: 8
	Socket messages sent: 0
	Socket messages received: 0
	Signals delivered: 0
	Page size (bytes): 4096
	Exit status: 124
