Input graph file parsed. # of vertices = 352, # of edges = 14612
s 9 13 29 44 47 68 71 86 88 99 136 119 131 133 315 284 139 140 142 162 176 185 187 189 193 208 236 241 248 263 269 316 290 292 308 309 314 328
t 13 22 29 44 47 68 71 86 88 93 136 118 131 133 135 137 284 139 140 142 158 168 185 187 189 193 208 236 241 248 269 316 290 292 308 309 313 328
Solution space ZDD construction start
Command exited with non-zero status 124
	Command being timed: "timeout 30m ../ddreconf/ddreconf ../benchmark_instances/2023result/docs/solver/benchmark/2022benchmark/benchmark/color04/school1_nsh.col --stfile=../benchmark_instances/2023result/docs/solver/benchmark/2022benchmark/benchmark/color04/school1_nsh_02.dat --tj --indset --st"
	User time (seconds): 1723.32
	System time (seconds): 72.63
	Percent of CPU this job got: 99%
	Elapsed (wall clock) time (h:mm:ss or m:ss): 30:00.47
	Average shared text size (kbytes): 0
	Average unshared data size (kbytes): 0
	Average stack size (kbytes): 0
	Average total size (kbytes): 0
	Maximum resident set size (kbytes): 146134412
	Average resident set size (kbytes): 0
	Major (requiring I/O) page faults: 0
	Minor (reclaiming a frame) page faults: 2026655
	Voluntary context switches: 102
	Involuntary context switches: 1742
	Swaps: 0
	File system inputs: 0
	File system outputs: 8
	Socket messages sent: 0
	Socket messages received: 0
	Signals delivered: 0
	Page size (bytes): 4096
	Exit status: 124
