Input graph file parsed. # of vertices = 2368, # of edges = 110871
s 408 150 502 452 524 453 186 409 149 1103 507 633 146 516 627 632 302 497 254 426 504 628 759 288 315 629 427 505 289 314 509 177 355 287 659 156 176 286 313 508 285 300 25 155 367 317 368 658 441 439 322 442 431 443 743 1052 425 202 444 1143 747 756 1359 755 675 214 213 821 1248 1395 1394 429 428 424 495 503 1144 748 749 1145 705 717 644 1581 663 685 643 371 716 423 1983 310 715 43 68 161 152 173 64 59 187 188 820 835 1315 613 790 405 144 1308 711 1171 404 165 210 403 209 1023 171 160 244 434 151 162 520 375 143 380 376 67 58 142 671 1307 709 612 862 485 861 484 422 66 57 611 402 208 610 24 141 56 140 609
t 408 150 498 452 524 453 186 409 149 1102 507 633 146 516 627 910 302 497 254 426 504 628 759 288 831 629 427 505 289 314 509 177 349 287 659 156 176 286 313 508 285 300 25 155 367 317 368 658 441 439 318 438 431 443 743 1052 425 202 444 1143 740 756 1359 755 675 214 213 821 1395 1394 429 1250 428 424 495 503 1144 748 749 1145 705 1835 644 1581 663 685 639 371 716 423 1983 310 715 43 68 161 152 173 64 59 187 188 820 835 1315 613 790 405 114 1300 711 1171 404 165 210 403 209 1023 167 160 244 433 151 162 520 375 143 380 376 63 58 100 671 1307 709 612 862 485 861 484 422 66 34 572 402 197 610 19 141 56 72 609
Solution space ZDD construction start
Command exited with non-zero status 124
	Command being timed: "timeout 30m ../ddreconf/ddreconf ../instances_pwwt_from_heur_col/wap01a.pwwt.col --stfile=../benchmark_instances/2023result/docs/solver/benchmark/2022benchmark/benchmark/color04/wap01a_01.dat --tj --indset --st"
	User time (seconds): 1727.39
	System time (seconds): 69.14
	Percent of CPU this job got: 99%
	Elapsed (wall clock) time (h:mm:ss or m:ss): 30:00.73
	Average shared text size (kbytes): 0
	Average unshared data size (kbytes): 0
	Average stack size (kbytes): 0
	Average total size (kbytes): 0
	Maximum resident set size (kbytes): 139410204
	Average resident set size (kbytes): 0
	Major (requiring I/O) page faults: 0
	Minor (reclaiming a frame) page faults: 3179341
	Voluntary context switches: 232
	Involuntary context switches: 1843
	Swaps: 0
	File system inputs: 8
	File system outputs: 8
	Socket messages sent: 0
	Socket messages received: 0
	Signals delivered: 0
	Page size (bytes): 4096
	Exit status: 124
