Input graph file parsed. # of vertices = 905, # of edges = 43081
s 5 7 15 16 19 37 38 39 40 41 42 43 44 47 48 49 57 58 59 60 69 70 72 80 81 85 86 87 90 91 94 95 107 108 110 119 120 121 125 126 127 128 130 131 133 134 143 145 148 149 150 152 153 154 155 159 160 167 180 184 185 190 193 201 203 206 207 213 220 222 224 247 310 343 349 445 464 553
t 4 8 19 37 38 39 40 41 42 43 44 46 48 49 53 58 59 60 66 68 69 71 80 81 86 87 90 91 93 95 99 107 109 117 120 121 123 126 127 128 129 132 134 136 144 148 149 152 153 154 155 159 160 167 180 181 182 190 193 197 203 206 207 213 220 222 224 247 294 313 328 349 357 435 445 464 588 686
Solution space ZDD construction start
Command exited with non-zero status 124
	Command being timed: "timeout 30m ../ddreconf/ddreconf ../benchmark_instances/2023result/docs/solver/benchmark/2022benchmark/benchmark/color04/wap05a.col --stfile=../benchmark_instances/2023result/docs/solver/benchmark/2022benchmark/benchmark/color04/wap05a_02.dat --tj --indset --st"
	User time (seconds): 1724.43
	System time (seconds): 71.44
	Percent of CPU this job got: 99%
	Elapsed (wall clock) time (h:mm:ss or m:ss): 30:00.56
	Average shared text size (kbytes): 0
	Average unshared data size (kbytes): 0
	Average stack size (kbytes): 0
	Average total size (kbytes): 0
	Maximum resident set size (kbytes): 147968720
	Average resident set size (kbytes): 0
	Major (requiring I/O) page faults: 0
	Minor (reclaiming a frame) page faults: 2632822
	Voluntary context switches: 91
	Involuntary context switches: 1730
	Swaps: 0
	File system inputs: 0
	File system outputs: 8
	Socket messages sent: 0
	Socket messages received: 0
	Signals delivered: 0
	Page size (bytes): 4096
	Exit status: 124
