Input graph file parsed. # of vertices = 5231, # of edges = 294902
s 135 195 199 200 239 279 282 309 310 311 331 333 334 337 346 387 394 402 404 435 437 438 440 461 523 524 525 526 578 579 580 581 582 625 626 627 628 703 704 705 706 707 708 709 745 749 750 751 756 757 762 763 770 771 772 773 784 785 786 787 788 798 799 802 803 804 805 817 818 819 820 841 848 850 851 872 873 876 877 883 889 890 891 892 900 901 902 906 997 998 999 1000 1001 1002 1033 1034 1051 1052 1056 1057 1061 1062 1065 1066 1076 1077 1078 1137 1138 1152 1153 1154 1157 1158 1159 1160 1171 1172 1176 1180 1183 1207 1210 1213 1244 1247 1248 1252 1263 1266 1267 1268 1284 1287 1288 1290 1291 1292 1293 1302 1303 1305 1306 1320 1325 1341 1342 1368 1375 1376 1377 1378 1394 1408 1409 1422 1423 1426 1427 1432 1433 1434 1435 1446 1451 1452 1464 1465 1468 1469 1472 1484 1486 1514 1554 1631 1632 1633 1634 1635 1636 1637 1675 1676 1683 1684 1696 1732 1753 1758 1759 1782 1789 1790 1793 1794 1809 1810 1828 1829 1858 1886 1887 1894 1932 1933 1934 1935 1936 1937 1977 2074 2075 2145 2146 2182 2188 2189 2289 2291 2305 2310 2311 2410 2462 2496 2529 2569 2570 2640 2641 2643 2645 2770 2805 2850 2864 2897 3142 3262 3383 3475 3903 5045 5208 4960 5143 5133 4805 5089 4961 5209 4962 5040 5134 4823 5106 4814 5192 4806 4955 5003 5004 4907 4956 5227 4808 4809 4815 4816 4812 4835 5221 4936 4849 4850 4872 4877 4882 4884 4887 5166 4911 4922 4958 4937 5056 4950 4954 4963 4965 4966 5129 5210 5211 5115 5116 5117 5046 5183 5184 5041 5058 5095 5167 5065 5069 5085 5086 5088 5228 5229 5120 5121 5111 5112 5114 5119 5123 5124 5130 5135 5138 5153 5154 5155 5158 5160 5168 5187 5200 5188 5193 5195 5216 5217 5225 5223 5226 5231
t 20 23 25 67 69 71 140 141 184 194 198 199 200 239 269 282 283 302 309 311 315 331 333 334 337 338 350 387 388 400 405 435 440 448 454 514 523 525 526 555 559 565 568 578 582 620 626 627 628 639 671 679 683 692 693 703 706 707 749 750 751 756 757 760 761 770 771 772 773 780 785 786 787 798 799 802 803 804 805 812 815 819 820 835 848 850 851 872 873 876 877 883 889 890 891 892 898 900 901 902 973 986 998 999 1000 1002 1033 1034 1051 1052 1056 1057 1061 1062 1065 1066 1074 1077 1078 1111 1113 1138 1139 1142 1152 1153 1154 1157 1158 1159 1160 1176 1180 1182 1183 1189 1197 1207 1210 1244 1247 1248 1258 1259 1263 1268 1284 1287 1288 1290 1292 1293 1298 1300 1302 1303 1318 1341 1342 1374 1375 1376 1406 1409 1424 1426 1427 1432 1433 1434 1443 1446 1451 1464 1465 1468 1469 1472 1484 1486 1507 1508 1513 1547 1554 1568 1586 1631 1633 1634 1635 1636 1673 1676 1683 1684 1691 1696 1697 1714 1715 1717 1729 1735 1739 1753 1758 1759 1782 1789 1790 1793 1794 1809 1810 1828 1829 1856 1859 1886 1887 1890 1911 1913 1932 1933 1934 1935 2067 2074 2145 2146 2182 2189 2289 2291 2305 2310 2311 2410 2462 2496 2529 2569 2570 2639 2640 2644 2645 2770 2805 2842 2850 2865 2897 3142 3262 3383 3475 3903 3972 5208 4960 5143 4805 4961 5209 4962 5134 4823 5126 4955 5003 5004 4762 4789 4797 4808 4810 4816 4812 4829 4831 4936 4849 4850 4856 4872 4877 4880 4882 4887 5166 4910 4922 4958 4926 4937 4945 4950 4954 4963 5211 5000 5013 5046 5183 5184 5036 5041 5047 5058 5095 5052 5167 5062 5067 5071 5085 5086 5088 5229 5121 5123 5124 5130 5131 5132 5153 5148 5158 5168 5169 5171 5188 5190 5216 5225 5223 5231
Solution space ZDD construction start
Command exited with non-zero status 124
	Command being timed: "timeout 30m ../ddreconf/ddreconf ../benchmark_instances/2023result/docs/solver/benchmark/2022benchmark/benchmark/color04/wap04a.col --stfile=../benchmark_instances/2023result/docs/solver/benchmark/2022benchmark/benchmark/color04/wap04a_02.dat --tj --indset --st"
	User time (seconds): 1662.21
	System time (seconds): 134.70
	Percent of CPU this job got: 99%
	Elapsed (wall clock) time (h:mm:ss or m:ss): 30:01.40
	Average shared text size (kbytes): 0
	Average unshared data size (kbytes): 0
	Average stack size (kbytes): 0
	Average total size (kbytes): 0
	Maximum resident set size (kbytes): 265681336
	Average resident set size (kbytes): 0
	Major (requiring I/O) page faults: 0
	Minor (reclaiming a frame) page faults: 5752158
	Voluntary context switches: 113
	Involuntary context switches: 2145
	Swaps: 0
	File system inputs: 0
	File system outputs: 8
	Socket messages sent: 0
	Socket messages received: 0
	Signals delivered: 0
	Page size (bytes): 4096
	Exit status: 124
