Input graph file parsed. # of vertices = 1870, # of edges = 104176
s 350 443 376 482 157 417 528 221 143 299 449 217 368 184 1811 131 336 127 148 133 785 189 1832 149 811 134 1812 684 190 291 1829 1824 352 653 185 1521 610 163 90 84 504 91 1820 83 1822 261 109 270 112 1825 262 215 512 33 165 364 586 1826 1862 273 407 1838 647 1867 1865 267 223 1857 414 66 415 444 197 293 366 459 253 225 201 247 468 129 68 200 307 145 657 251 41 626 234 1843 154 255 1844 1836 900 252 139 1251 305 1837 44 560 311 310 1848 398 472 1868 345 488 621 555 693 1828 230 300 1870 1132 518 1845 341 600 355 543 1712 360 354 229 1044 486 167 599 516 447 632 606 340 843 344 259 462 496 1856 541 382 318 1846
t 350 443 376 482 153 410 528 221 143 297 449 455 368 184 1811 131 336 5 133 785 189 42 39 149 811 134 1812 684 190 291 1829 1823 48 352 185 1521 610 163 89 84 504 91 1820 79 1822 261 102 269 112 1825 262 215 512 33 165 364 586 1826 1854 273 1851 1838 647 1849 1864 73 223 1857 404 66 415 444 197 293 366 459 253 225 199 468 129 62 193 24 145 657 41 626 234 1841 154 255 731 1844 1836 900 252 137 572 1251 773 1837 44 560 311 30 1848 398 1835 345 1282 621 555 692 534 230 300 1850 1132 517 1845 341 600 1313 543 1712 360 354 860 1044 486 167 599 515 447 632 606 340 843 344 259 461 971 496 1856 537 25 318 530
Solution space ZDD construction start
Command exited with non-zero status 124
	Command being timed: "timeout 30m ../ddreconf/ddreconf ../instances_pwwt_from_heur_col/wap08a.pwwt.col --stfile=../benchmark_instances/2023result/docs/solver/benchmark/2022benchmark/benchmark/color04/wap08a_02.dat --tj --indset --st"
	User time (seconds): 1727.05
	System time (seconds): 69.49
	Percent of CPU this job got: 99%
	Elapsed (wall clock) time (h:mm:ss or m:ss): 30:00.62
	Average shared text size (kbytes): 0
	Average unshared data size (kbytes): 0
	Average stack size (kbytes): 0
	Average total size (kbytes): 0
	Maximum resident set size (kbytes): 142284312
	Average resident set size (kbytes): 0
	Major (requiring I/O) page faults: 0
	Minor (reclaiming a frame) page faults: 2952662
	Voluntary context switches: 166
	Involuntary context switches: 1745
	Swaps: 0
	File system inputs: 8
	File system outputs: 8
	Socket messages sent: 0
	Socket messages received: 0
	Signals delivered: 0
	Page size (bytes): 4096
	Exit status: 124
