Input graph file parsed. # of vertices = 701, # of edges = 6772
s 1 6 10 13 17 21 23 26 30 33 37 40 44 47 51 54 58 61 65 68 72 75 79 82 86 89 93 96 100 103 115 118 122 126 127 130 134 137 141 144 148 151 155 158 162 165 169 172 176 179 183 186 190 193 197 200 204 207 211 215 221 656 225 229 658 233 661 238 242 243 247 251 255 259 263 267 271 275 279 283 287 291 295 299 303 307 311 315 319 323 327 335 336 341 349 354 359 364 369 374 379 384 389 394 399 404 408 411 414 417 420 423 426 429 432 435 438 441 444 447 450 453 456 459 462 465 468 471 473 476 478 481 484 487 491 494 497 500 503 506 509 512 515 518 521 524 527 530 533 536 539 542 545 548 551 554 557 560 564 566 571 576 580 583 588 591 596 599 604 607 612 615 620 623 628 631 635 638 641 644 647 650 653 663 669 674 679 688 693 695
t 1 6 10 13 17 21 23 26 30 33 37 40 44 47 51 54 58 61 65 68 72 75 79 82 86 89 93 96 100 103 106 115 118 122 126 127 130 134 137 141 144 148 151 155 158 162 165 169 172 176 179 183 186 190 193 197 200 204 207 211 215 221 656 225 229 658 233 661 238 242 243 247 251 255 259 263 267 271 275 279 283 287 291 295 299 303 307 311 315 319 323 327 336 341 349 354 359 364 369 374 379 384 389 394 399 404 408 411 414 417 420 423 426 429 432 435 438 441 444 447 450 453 456 459 462 465 468 471 473 476 478 481 484 487 491 494 497 500 503 506 509 512 515 518 521 524 527 530 533 536 539 542 545 548 551 554 557 560 564 566 571 576 580 583 588 591 596 599 604 607 612 615 620 623 628 631 635 638 641 644 647 650 653 663 669 674 679 688 693 695
Solution space ZDD construction start
Command exited with non-zero status 124
	Command being timed: "timeout 30m ../ddreconf/ddreconf ../benchmark_instances/2023result/docs/solver/benchmark/2022benchmark/benchmark/color04/will199GPIA.col --stfile=../benchmark_instances/2023result/docs/solver/benchmark/2022benchmark/benchmark/color04/will199GPIA_01.dat --tj --indset --st"
	User time (seconds): 1724.61
	System time (seconds): 71.78
	Percent of CPU this job got: 99%
	Elapsed (wall clock) time (h:mm:ss or m:ss): 30:00.44
	Average shared text size (kbytes): 0
	Average unshared data size (kbytes): 0
	Average stack size (kbytes): 0
	Average total size (kbytes): 0
	Maximum resident set size (kbytes): 144292768
	Average resident set size (kbytes): 0
	Major (requiring I/O) page faults: 0
	Minor (reclaiming a frame) page faults: 1766758
	Voluntary context switches: 150
	Involuntary context switches: 1385
	Swaps: 0
	File system inputs: 144
	File system outputs: 8
	Socket messages sent: 0
	Socket messages received: 0
	Signals delivered: 0
	Page size (bytes): 4096
	Exit status: 124
