../benchmark_instances/2023result/docs/solver/benchmark/2022benchmark/benchmark/color04/1-FullIns_3.col
30
0, 1, 9, 10, 18, 19, 20, 21, 2, 3, 11, 12, 22, 23, 25, 28, 24, 17, 4, 5, 6, 7, 8, 13, 14, 15, 16, 26, 27, 29
29
0, 1, 9, 10, 18, 19, 20, 21, 2, 3, 11, 12, 22, 23, 25, 28, 24, 17, 4, 5, 6, 7, 8, 13, 14, 15, 16, 26, 27, 29
28
0, 1, 9, 10, 18, 19, 20, 21, 2, 3, 11, 12, 22, 23, 25, 28, 24, 17, 4, 5, 6, 7, 8, 13, 14, 15, 16, 26, 27, 29
27
0, 1, 9, 10, 18, 19, 20, 21, 2, 3, 11, 12, 22, 23, 25, 28, 24, 17, 4, 5, 6, 7, 8, 13, 14, 15, 16, 26, 27, 29
26
0, 1, 9, 10, 18, 19, 20, 21, 2, 3, 11, 12, 22, 23, 25, 28, 24, 17, 4, 5, 6, 7, 8, 13, 14, 15, 16, 26, 27, 29
25
0, 1, 9, 10, 18, 19, 20, 21, 2, 3, 11, 12, 22, 23, 25, 28, 24, 17, 4, 5, 6, 7, 8, 13, 14, 15, 16, 26, 27, 29
24
0, 1, 9, 10, 18, 19, 20, 21, 2, 3, 11, 12, 22, 23, 25, 28, 24, 17, 4, 5, 6, 7, 8, 13, 14, 15, 16, 26, 27, 29
23
0, 1, 9, 10, 18, 19, 20, 21, 2, 3, 11, 12, 22, 23, 25, 28, 24, 17, 4, 5, 6, 7, 8, 13, 14, 15, 16, 26, 27, 29
22
0, 1, 9, 10, 18, 19, 20, 21, 2, 3, 11, 12, 22, 23, 25, 28, 24, 17, 4, 5, 6, 7, 8, 13, 14, 15, 16, 26, 27, 29
21
0, 1, 9, 10, 18, 19, 20, 21, 2, 3, 11, 12, 22, 23, 25, 28, 24, 17, 4, 5, 6, 7, 8, 13, 14, 15, 16, 26, 27, 29
20
0, 1, 9, 10, 18, 19, 20, 21, 2, 3, 11, 12, 22, 23, 25, 28, 24, 17, 4, 5, 6, 7, 8, 13, 14, 15, 16, 26, 27, 29
19
0, 1, 9, 10, 18, 19, 20, 21, 2, 3, 11, 12, 22, 23, 25, 28, 24, 17, 4, 5, 6, 7, 8, 13, 14, 15, 16, 26, 27, 29
18
0, 1, 9, 10, 18, 19, 20, 21, 2, 3, 11, 12, 22, 23, 25, 28, 24, 17, 4, 5, 6, 7, 8, 13, 14, 15, 16, 26, 27, 29
17
0, 1, 9, 10, 18, 19, 20, 21, 2, 3, 11, 12, 22, 23, 25, 28, 24, 17, 4, 5, 6, 7, 8, 13, 14, 15, 16, 26, 27, 29
16
0, 1, 9, 10, 18, 19, 20, 21, 2, 3, 11, 12, 22, 23, 25, 28, 24, 17, 4, 5, 6, 7, 8, 13, 14, 15, 16, 26, 27, 29
15
0, 1, 9, 10, 18, 19, 20, 21, 2, 3, 11, 12, 22, 23, 25, 28, 24, 17, 4, 5, 6, 7, 8, 13, 14, 15, 16, 26, 27, 29
14
0, 1, 9, 10, 18, 19, 20, 21, 2, 3, 11, 12, 22, 23, 25, 28, 24, 17, 4, 5, 6, 7, 8, 13, 14, 15, 16, 26, 27, 29
13
0, 1, 9, 10, 18, 19, 20, 21, 2, 3, 11, 12, 22, 23, 25, 28, 24, 17, 4, 5, 6, 7, 8, 13, 14, 15, 16, 26, 27, 29
12
0, 1, 9, 10, 18, 19, 20, 21, 2, 3, 28, 22, 12, 11, 23, 25, 24, 17, 4, 5, 6, 7, 8, 13, 14, 15, 16, 26, 27, 29
11
0, 1, 9, 10, 18, 19, 20, 21, 28, 22, 23, 25, 24, 26, 27, 29, 2, 3, 12, 11, 17, 4, 5, 6, 7, 8, 13, 14, 15, 16
../benchmark_instances/2023result/docs/solver/benchmark/2022benchmark/benchmark/color04/1-FullIns_3.col	30	100	11	13
	Command being timed: "timeout 1h java -Xms1024g -Xmx1024g -Xss134m -cp ../src/pathwidth.jar Pathwidth ../benchmark_instances/2023result/docs/solver/benchmark/2022benchmark/benchmark/color04/1-FullIns_3.col"
	User time (seconds): 0.45
	System time (seconds): 1.43
	Percent of CPU this job got: 103%
	Elapsed (wall clock) time (h:mm:ss or m:ss): 0:01.82
	Average shared text size (kbytes): 0
	Average unshared data size (kbytes): 0
	Average stack size (kbytes): 0
	Average total size (kbytes): 0
	Maximum resident set size (kbytes): 4790508
	Average resident set size (kbytes): 0
	Major (requiring I/O) page faults: 0
	Minor (reclaiming a frame) page faults: 129397
	Voluntary context switches: 2064
	Involuntary context switches: 7
	Swaps: 0
	File system inputs: 0
	File system outputs: 72
	Socket messages sent: 0
	Socket messages received: 0
	Signals delivered: 0
	Page size (bytes): 4096
	Exit status: 0
