../benchmark_instances/2023result/docs/solver/benchmark/2022benchmark/benchmark/color04/1-FullIns_4.col
93
60, 78, 79, 61, 80, 81, 84, 82, 83, 85, 86, 88, 62, 63, 66, 64, 65, 67, 68, 69, 70, 71, 72, 75, 73, 74, 76, 77, 87, 89, 90, 91, 92, 30, 0, 48, 18, 49, 1, 31, 19, 9, 39, 10, 40, 20, 50, 21, 51, 54, 24, 28, 52, 53, 55, 56, 58, 22, 23, 25, 26, 27, 29, 57, 59, 2, 11, 32, 41, 3, 12, 33, 42, 15, 36, 45, 4, 5, 6, 7, 8, 13, 14, 16, 17, 34, 35, 37, 38, 43, 44, 46, 47
92
60, 78, 79, 61, 80, 81, 84, 82, 83, 85, 86, 88, 62, 63, 66, 64, 65, 67, 68, 69, 70, 71, 72, 75, 73, 74, 76, 77, 87, 89, 90, 91, 92, 30, 0, 48, 18, 49, 1, 31, 19, 9, 39, 10, 40, 20, 50, 21, 51, 54, 24, 28, 52, 53, 55, 56, 58, 22, 23, 25, 26, 27, 29, 57, 59, 2, 11, 32, 41, 3, 12, 33, 42, 15, 36, 45, 4, 5, 6, 7, 8, 13, 14, 16, 17, 34, 35, 37, 38, 43, 44, 46, 47
91
60, 78, 79, 61, 80, 81, 84, 82, 83, 85, 86, 88, 62, 63, 66, 64, 65, 67, 68, 69, 70, 71, 72, 75, 73, 74, 76, 77, 87, 89, 90, 91, 92, 30, 0, 48, 18, 49, 1, 31, 19, 9, 39, 10, 40, 20, 50, 21, 51, 54, 24, 28, 52, 53, 55, 56, 58, 22, 23, 25, 26, 27, 29, 57, 59, 2, 11, 32, 41, 3, 12, 33, 42, 15, 36, 45, 4, 5, 6, 7, 8, 13, 14, 16, 17, 34, 35, 37, 38, 43, 44, 46, 47
90
60, 78, 79, 61, 80, 81, 84, 82, 83, 85, 86, 88, 62, 63, 66, 64, 65, 67, 68, 69, 70, 71, 72, 75, 73, 74, 76, 77, 87, 89, 90, 91, 92, 30, 0, 48, 18, 49, 1, 31, 19, 9, 39, 10, 40, 20, 50, 21, 51, 54, 24, 28, 52, 53, 55, 56, 58, 22, 23, 25, 26, 27, 29, 57, 59, 2, 11, 32, 41, 3, 12, 33, 42, 15, 36, 45, 4, 5, 6, 7, 8, 13, 14, 16, 17, 34, 35, 37, 38, 43, 44, 46, 47
89
60, 78, 79, 61, 80, 81, 84, 82, 83, 85, 86, 88, 62, 63, 66, 64, 65, 67, 68, 69, 70, 71, 72, 75, 73, 74, 76, 77, 87, 89, 90, 91, 92, 30, 0, 48, 18, 49, 1, 31, 19, 9, 39, 10, 40, 20, 50, 21, 51, 54, 24, 28, 52, 53, 55, 56, 58, 22, 23, 25, 26, 27, 29, 57, 59, 2, 11, 32, 41, 3, 12, 33, 42, 15, 36, 45, 4, 5, 6, 7, 8, 13, 14, 16, 17, 34, 35, 37, 38, 43, 44, 46, 47
88
60, 78, 79, 61, 80, 81, 84, 82, 83, 85, 86, 88, 62, 63, 66, 64, 65, 67, 68, 69, 70, 71, 72, 75, 73, 74, 76, 77, 87, 89, 90, 91, 92, 30, 0, 48, 18, 49, 1, 31, 19, 9, 39, 10, 40, 20, 50, 21, 51, 54, 24, 28, 52, 53, 55, 56, 58, 22, 23, 25, 26, 27, 29, 57, 59, 2, 11, 32, 41, 3, 12, 33, 42, 15, 36, 45, 4, 5, 6, 7, 8, 13, 14, 16, 17, 34, 35, 37, 38, 43, 44, 46, 47
87
60, 78, 79, 61, 80, 81, 84, 82, 83, 85, 86, 88, 62, 63, 66, 64, 65, 67, 68, 69, 70, 71, 72, 75, 73, 74, 76, 77, 87, 89, 90, 91, 92, 30, 0, 48, 18, 49, 1, 31, 19, 9, 39, 10, 40, 20, 50, 21, 51, 54, 24, 28, 52, 53, 55, 56, 58, 22, 23, 25, 26, 27, 29, 57, 59, 2, 11, 32, 41, 3, 12, 33, 42, 15, 36, 45, 4, 5, 6, 7, 8, 13, 14, 16, 17, 34, 35, 37, 38, 43, 44, 46, 47
86
60, 78, 79, 61, 80, 81, 84, 82, 83, 85, 86, 88, 62, 63, 66, 64, 65, 67, 68, 69, 70, 71, 72, 75, 73, 74, 76, 77, 87, 89, 90, 91, 92, 30, 0, 48, 18, 49, 1, 31, 19, 9, 39, 10, 40, 20, 50, 21, 51, 54, 24, 28, 52, 53, 55, 56, 58, 22, 23, 25, 26, 27, 29, 57, 59, 2, 11, 32, 41, 3, 12, 33, 42, 15, 36, 45, 4, 5, 6, 7, 8, 13, 14, 16, 17, 34, 35, 37, 38, 43, 44, 46, 47
85
60, 78, 79, 61, 80, 81, 84, 82, 83, 85, 86, 88, 62, 63, 66, 64, 65, 67, 68, 69, 70, 71, 72, 75, 73, 74, 76, 77, 87, 89, 90, 91, 92, 30, 0, 48, 18, 49, 1, 31, 19, 9, 39, 10, 40, 20, 50, 21, 51, 54, 24, 28, 52, 53, 55, 56, 58, 22, 23, 25, 26, 27, 29, 57, 59, 2, 11, 32, 41, 3, 12, 33, 42, 15, 36, 45, 4, 5, 6, 7, 8, 13, 14, 16, 17, 34, 35, 37, 38, 43, 44, 46, 47
84
60, 78, 79, 61, 80, 81, 84, 82, 83, 85, 86, 88, 62, 63, 66, 64, 65, 67, 68, 69, 70, 71, 72, 75, 73, 74, 76, 77, 87, 89, 90, 91, 92, 30, 0, 48, 18, 49, 1, 31, 19, 9, 39, 10, 40, 20, 50, 21, 51, 54, 24, 28, 52, 53, 55, 56, 58, 22, 23, 25, 26, 27, 29, 57, 59, 2, 11, 32, 41, 3, 12, 33, 42, 15, 36, 45, 4, 5, 6, 7, 8, 13, 14, 16, 17, 34, 35, 37, 38, 43, 44, 46, 47
83
60, 78, 79, 61, 80, 81, 84, 82, 83, 85, 86, 88, 62, 63, 66, 64, 65, 67, 68, 69, 70, 71, 72, 75, 73, 74, 76, 77, 87, 89, 90, 91, 92, 30, 0, 48, 18, 49, 1, 31, 19, 9, 39, 10, 40, 20, 50, 21, 51, 54, 24, 28, 52, 53, 55, 56, 58, 22, 23, 25, 26, 27, 29, 57, 59, 2, 11, 32, 41, 3, 12, 33, 42, 15, 36, 45, 4, 5, 6, 7, 8, 13, 14, 16, 17, 34, 35, 37, 38, 43, 44, 46, 47
82
60, 78, 79, 61, 80, 81, 84, 82, 83, 85, 86, 88, 62, 63, 66, 64, 65, 67, 68, 69, 70, 71, 72, 75, 73, 74, 76, 77, 87, 89, 90, 91, 92, 30, 0, 48, 18, 49, 1, 31, 19, 9, 39, 10, 40, 20, 50, 21, 51, 54, 24, 28, 52, 53, 55, 56, 58, 22, 23, 25, 26, 27, 29, 57, 59, 2, 11, 32, 41, 3, 12, 33, 42, 15, 36, 45, 4, 5, 6, 7, 8, 13, 14, 16, 17, 34, 35, 37, 38, 43, 44, 46, 47
81
60, 78, 79, 61, 80, 81, 84, 82, 83, 85, 86, 88, 62, 63, 66, 64, 65, 67, 68, 69, 70, 71, 72, 75, 73, 74, 76, 77, 87, 89, 90, 91, 92, 30, 0, 48, 18, 49, 1, 31, 19, 9, 39, 10, 40, 20, 50, 21, 51, 54, 24, 28, 52, 53, 55, 56, 58, 22, 23, 25, 26, 27, 29, 57, 59, 2, 11, 32, 41, 3, 12, 33, 42, 15, 36, 45, 4, 5, 6, 7, 8, 13, 14, 16, 17, 34, 35, 37, 38, 43, 44, 46, 47
80
60, 78, 79, 61, 80, 81, 84, 82, 83, 85, 86, 88, 62, 63, 66, 64, 65, 67, 68, 69, 70, 71, 72, 75, 73, 74, 76, 77, 87, 89, 90, 91, 92, 30, 0, 48, 18, 49, 1, 31, 19, 9, 39, 10, 40, 20, 50, 21, 51, 54, 24, 28, 52, 53, 55, 56, 58, 22, 23, 25, 26, 27, 29, 57, 59, 2, 11, 32, 41, 3, 12, 33, 42, 15, 36, 45, 4, 5, 6, 7, 8, 13, 14, 16, 17, 34, 35, 37, 38, 43, 44, 46, 47
79
60, 78, 79, 61, 80, 81, 84, 82, 83, 85, 86, 88, 62, 63, 66, 64, 65, 67, 68, 69, 70, 71, 72, 75, 73, 74, 76, 77, 87, 89, 90, 91, 92, 30, 0, 48, 18, 49, 1, 31, 19, 9, 39, 10, 40, 20, 50, 21, 51, 54, 24, 28, 52, 53, 55, 56, 58, 22, 23, 25, 26, 27, 29, 57, 59, 2, 11, 32, 41, 3, 12, 33, 42, 15, 36, 45, 4, 5, 6, 7, 8, 13, 14, 16, 17, 34, 35, 37, 38, 43, 44, 46, 47
78
60, 78, 79, 61, 80, 81, 84, 82, 83, 85, 86, 88, 62, 63, 66, 64, 65, 67, 68, 69, 70, 71, 72, 75, 73, 74, 76, 77, 87, 89, 90, 91, 92, 30, 0, 48, 18, 49, 1, 31, 19, 9, 39, 10, 40, 20, 50, 21, 51, 54, 24, 28, 52, 53, 55, 56, 58, 22, 23, 25, 26, 27, 29, 57, 59, 2, 11, 32, 41, 3, 12, 33, 42, 15, 36, 45, 4, 5, 6, 7, 8, 13, 14, 16, 17, 34, 35, 37, 38, 43, 44, 46, 47
77
60, 78, 79, 61, 80, 81, 84, 82, 83, 85, 86, 88, 62, 63, 66, 64, 65, 67, 68, 69, 70, 71, 72, 75, 73, 74, 76, 77, 87, 89, 90, 91, 92, 30, 0, 48, 18, 49, 1, 31, 19, 9, 39, 10, 40, 20, 50, 21, 51, 54, 24, 28, 52, 53, 55, 56, 58, 22, 23, 25, 26, 27, 29, 57, 59, 2, 11, 32, 41, 3, 12, 33, 42, 15, 36, 45, 4, 5, 6, 7, 8, 13, 14, 16, 17, 34, 35, 37, 38, 43, 44, 46, 47
76
60, 78, 79, 61, 80, 81, 84, 82, 83, 85, 86, 88, 62, 63, 66, 64, 65, 67, 68, 69, 70, 71, 72, 75, 73, 74, 76, 77, 87, 89, 90, 91, 92, 30, 0, 48, 18, 49, 1, 31, 19, 9, 39, 10, 40, 20, 50, 21, 51, 54, 24, 28, 52, 53, 55, 56, 58, 22, 23, 25, 26, 27, 29, 57, 59, 2, 11, 32, 41, 3, 12, 33, 42, 15, 36, 45, 4, 5, 6, 7, 8, 13, 14, 16, 17, 34, 35, 37, 38, 43, 44, 46, 47
75
60, 78, 79, 61, 80, 81, 84, 82, 83, 85, 86, 88, 62, 63, 66, 64, 65, 67, 68, 69, 70, 71, 72, 75, 73, 74, 76, 77, 87, 89, 90, 91, 92, 30, 0, 48, 18, 49, 1, 31, 19, 9, 39, 10, 40, 20, 50, 21, 51, 54, 24, 28, 52, 53, 55, 56, 58, 22, 23, 25, 26, 27, 29, 57, 59, 2, 11, 32, 41, 3, 12, 33, 42, 15, 36, 45, 4, 5, 6, 7, 8, 13, 14, 16, 17, 34, 35, 37, 38, 43, 44, 46, 47
74
60, 78, 79, 61, 80, 81, 84, 82, 83, 85, 86, 88, 62, 63, 66, 64, 65, 67, 68, 69, 70, 71, 72, 75, 73, 74, 76, 77, 87, 89, 90, 91, 92, 30, 0, 48, 18, 49, 1, 31, 19, 9, 39, 10, 40, 20, 50, 21, 51, 54, 24, 28, 52, 53, 55, 56, 58, 22, 23, 25, 26, 27, 29, 57, 59, 2, 11, 32, 41, 3, 12, 33, 42, 15, 36, 45, 4, 5, 6, 7, 8, 13, 14, 16, 17, 34, 35, 37, 38, 43, 44, 46, 47
73
60, 78, 79, 61, 80, 81, 84, 82, 83, 85, 86, 88, 62, 63, 66, 64, 65, 67, 68, 69, 70, 71, 72, 75, 73, 74, 76, 77, 87, 89, 90, 91, 92, 30, 0, 48, 18, 49, 1, 31, 19, 9, 39, 10, 40, 20, 50, 21, 51, 54, 24, 28, 52, 53, 55, 56, 58, 22, 23, 25, 26, 27, 29, 57, 59, 2, 11, 32, 41, 3, 12, 33, 42, 15, 36, 45, 4, 5, 6, 7, 8, 13, 14, 16, 17, 34, 35, 37, 38, 43, 44, 46, 47
72
60, 78, 79, 61, 80, 81, 84, 82, 83, 85, 86, 88, 62, 63, 66, 64, 65, 67, 68, 69, 70, 71, 72, 75, 73, 74, 76, 77, 87, 89, 90, 91, 92, 30, 0, 48, 18, 49, 1, 31, 19, 9, 39, 10, 40, 20, 50, 21, 51, 54, 24, 28, 52, 53, 55, 56, 58, 22, 23, 25, 26, 27, 29, 57, 59, 2, 11, 32, 41, 3, 12, 33, 42, 15, 36, 45, 4, 5, 6, 7, 8, 13, 14, 16, 17, 34, 35, 37, 38, 43, 44, 46, 47
71
60, 78, 79, 61, 80, 81, 84, 82, 83, 85, 86, 88, 62, 63, 66, 64, 65, 67, 68, 69, 70, 71, 72, 75, 73, 74, 76, 77, 87, 89, 90, 91, 92, 30, 0, 48, 18, 49, 1, 31, 19, 9, 39, 10, 40, 20, 50, 21, 51, 54, 24, 28, 52, 53, 55, 56, 58, 22, 23, 25, 26, 27, 29, 57, 59, 2, 11, 32, 41, 3, 12, 33, 42, 15, 36, 45, 4, 5, 6, 7, 8, 13, 14, 16, 17, 34, 35, 37, 38, 43, 44, 46, 47
70
60, 78, 79, 61, 80, 81, 84, 82, 83, 85, 86, 88, 62, 63, 66, 64, 65, 67, 68, 69, 70, 71, 72, 75, 73, 74, 76, 77, 87, 89, 90, 91, 92, 30, 0, 48, 18, 49, 1, 31, 19, 9, 39, 10, 40, 20, 50, 21, 51, 54, 24, 28, 52, 53, 55, 56, 58, 22, 23, 25, 26, 27, 29, 57, 59, 2, 11, 32, 41, 3, 12, 33, 42, 15, 36, 45, 4, 5, 6, 7, 8, 13, 14, 16, 17, 34, 35, 37, 38, 43, 44, 46, 47
69
60, 78, 79, 61, 80, 81, 84, 82, 83, 85, 86, 88, 62, 63, 66, 64, 65, 67, 68, 69, 70, 71, 72, 75, 73, 74, 76, 77, 87, 89, 90, 91, 92, 30, 0, 48, 18, 49, 1, 31, 19, 9, 39, 10, 40, 20, 50, 21, 51, 54, 24, 28, 52, 53, 55, 56, 58, 22, 23, 25, 26, 27, 29, 57, 59, 2, 11, 32, 41, 3, 12, 33, 42, 15, 36, 45, 4, 5, 6, 7, 8, 13, 14, 16, 17, 34, 35, 37, 38, 43, 44, 46, 47
68
60, 78, 79, 61, 80, 81, 84, 82, 83, 85, 86, 88, 62, 63, 66, 64, 65, 67, 68, 69, 70, 71, 72, 75, 73, 74, 76, 77, 87, 89, 90, 91, 92, 30, 0, 48, 18, 49, 1, 31, 19, 9, 39, 10, 40, 20, 50, 21, 51, 54, 24, 28, 52, 53, 55, 56, 58, 22, 23, 25, 26, 27, 29, 57, 59, 2, 11, 32, 41, 3, 12, 33, 42, 15, 36, 45, 4, 5, 6, 7, 8, 13, 14, 16, 17, 34, 35, 37, 38, 43, 44, 46, 47
67
60, 78, 79, 61, 80, 81, 84, 82, 83, 85, 86, 88, 62, 63, 66, 64, 65, 67, 68, 69, 70, 71, 72, 75, 73, 74, 76, 77, 87, 89, 90, 91, 92, 30, 0, 48, 18, 49, 1, 31, 19, 9, 39, 10, 40, 20, 50, 21, 51, 54, 24, 28, 52, 53, 55, 56, 58, 22, 23, 25, 26, 27, 29, 57, 59, 2, 11, 32, 41, 3, 12, 33, 42, 15, 36, 45, 4, 5, 6, 7, 8, 13, 14, 16, 17, 34, 35, 37, 38, 43, 44, 46, 47
66
60, 78, 79, 61, 80, 81, 84, 82, 83, 85, 86, 88, 62, 63, 66, 64, 65, 67, 68, 69, 70, 71, 72, 75, 73, 74, 76, 77, 87, 89, 90, 91, 92, 30, 0, 48, 18, 49, 1, 31, 19, 9, 39, 10, 40, 20, 50, 21, 51, 54, 24, 28, 52, 53, 55, 56, 58, 22, 23, 25, 26, 27, 29, 57, 59, 2, 11, 32, 41, 3, 12, 33, 42, 15, 36, 45, 4, 5, 6, 7, 8, 13, 14, 16, 17, 34, 35, 37, 38, 43, 44, 46, 47
65
60, 78, 79, 61, 80, 81, 84, 82, 83, 85, 86, 88, 62, 63, 66, 64, 65, 67, 68, 69, 70, 71, 72, 75, 73, 74, 76, 77, 87, 89, 90, 91, 92, 30, 0, 48, 18, 49, 1, 31, 19, 9, 39, 10, 40, 20, 50, 21, 51, 54, 24, 28, 52, 53, 55, 56, 58, 22, 23, 25, 26, 27, 29, 57, 59, 2, 11, 32, 41, 3, 12, 33, 42, 15, 36, 45, 4, 5, 6, 7, 8, 13, 14, 16, 17, 34, 35, 37, 38, 43, 44, 46, 47
64
60, 78, 79, 61, 80, 81, 84, 82, 83, 85, 86, 88, 62, 63, 66, 64, 65, 67, 68, 69, 70, 71, 72, 75, 73, 74, 76, 77, 87, 89, 90, 91, 92, 30, 0, 48, 18, 49, 1, 31, 19, 9, 39, 10, 40, 20, 50, 21, 51, 54, 24, 28, 52, 53, 55, 56, 58, 22, 23, 25, 26, 27, 29, 57, 59, 2, 11, 32, 41, 3, 12, 33, 42, 15, 36, 45, 4, 5, 6, 7, 8, 13, 14, 16, 17, 34, 35, 37, 38, 43, 44, 46, 47
63
60, 78, 79, 61, 80, 81, 84, 82, 83, 85, 86, 88, 62, 63, 66, 64, 65, 67, 68, 69, 70, 71, 72, 75, 73, 74, 76, 77, 87, 89, 90, 91, 92, 30, 0, 48, 18, 49, 1, 31, 19, 9, 39, 10, 40, 20, 50, 21, 51, 54, 24, 28, 52, 53, 55, 56, 58, 22, 23, 25, 26, 27, 29, 57, 59, 2, 11, 32, 41, 3, 12, 33, 42, 15, 36, 45, 4, 5, 6, 7, 8, 13, 14, 16, 17, 34, 35, 37, 38, 43, 44, 46, 47
62
60, 78, 79, 61, 80, 81, 84, 82, 83, 85, 86, 88, 62, 63, 66, 64, 65, 67, 68, 69, 70, 71, 72, 75, 73, 74, 76, 77, 87, 89, 90, 91, 92, 30, 0, 48, 18, 49, 1, 31, 19, 9, 39, 10, 40, 20, 50, 21, 51, 54, 24, 28, 52, 53, 55, 56, 58, 22, 23, 25, 26, 27, 29, 57, 59, 2, 11, 32, 41, 3, 12, 33, 42, 15, 36, 45, 4, 5, 6, 7, 8, 13, 14, 16, 17, 34, 35, 37, 38, 43, 44, 46, 47
61
60, 78, 79, 61, 80, 81, 84, 82, 83, 85, 86, 88, 62, 63, 66, 64, 65, 67, 68, 69, 70, 71, 72, 75, 73, 74, 76, 77, 87, 89, 90, 91, 92, 30, 0, 48, 18, 49, 1, 31, 19, 9, 39, 10, 40, 20, 50, 21, 51, 54, 24, 28, 52, 53, 55, 56, 58, 22, 23, 25, 26, 27, 29, 57, 59, 2, 11, 32, 41, 3, 12, 33, 42, 15, 36, 45, 4, 5, 6, 7, 8, 13, 14, 16, 17, 34, 35, 37, 38, 43, 44, 46, 47
60
60, 78, 79, 61, 80, 81, 84, 82, 83, 85, 86, 88, 62, 63, 66, 64, 65, 67, 68, 69, 70, 71, 72, 75, 73, 74, 76, 77, 87, 89, 90, 91, 92, 30, 0, 48, 18, 49, 1, 31, 19, 9, 39, 10, 40, 20, 50, 21, 51, 54, 24, 28, 52, 53, 55, 56, 58, 22, 23, 25, 26, 27, 29, 57, 59, 2, 11, 32, 41, 3, 12, 33, 42, 15, 36, 45, 4, 5, 6, 7, 8, 13, 14, 16, 17, 34, 35, 37, 38, 43, 44, 46, 47
59
60, 78, 79, 61, 80, 81, 84, 82, 83, 85, 86, 88, 62, 63, 66, 64, 65, 67, 68, 69, 70, 71, 72, 75, 73, 74, 76, 77, 87, 89, 90, 91, 92, 30, 0, 48, 18, 49, 1, 31, 19, 9, 39, 10, 40, 20, 50, 21, 51, 54, 24, 28, 52, 53, 55, 56, 58, 22, 23, 25, 26, 27, 29, 57, 59, 2, 11, 32, 41, 3, 12, 33, 42, 15, 36, 45, 4, 5, 6, 7, 8, 13, 14, 16, 17, 34, 35, 37, 38, 43, 44, 46, 47
58
60, 78, 79, 61, 80, 81, 84, 82, 83, 85, 86, 88, 62, 63, 66, 64, 65, 67, 68, 69, 70, 71, 72, 75, 73, 74, 76, 77, 87, 89, 90, 91, 92, 30, 0, 48, 18, 49, 1, 31, 19, 9, 39, 10, 40, 20, 50, 21, 51, 54, 24, 28, 52, 53, 55, 56, 58, 22, 23, 25, 26, 27, 29, 57, 59, 2, 11, 32, 41, 3, 12, 33, 42, 15, 36, 45, 4, 5, 6, 7, 8, 13, 14, 16, 17, 34, 35, 37, 38, 43, 44, 46, 47
57
60, 78, 79, 61, 80, 81, 84, 82, 83, 85, 86, 88, 62, 63, 66, 64, 65, 67, 68, 69, 70, 71, 72, 75, 73, 74, 76, 77, 87, 89, 90, 91, 92, 30, 0, 48, 18, 49, 1, 31, 19, 9, 39, 10, 40, 20, 50, 21, 51, 54, 24, 28, 52, 53, 55, 56, 58, 22, 23, 25, 26, 27, 29, 57, 59, 2, 11, 32, 41, 3, 12, 33, 42, 15, 36, 45, 4, 5, 6, 7, 8, 13, 14, 16, 17, 34, 35, 37, 38, 43, 44, 46, 47
56
60, 78, 79, 61, 80, 81, 84, 82, 83, 85, 86, 88, 62, 63, 66, 64, 65, 67, 68, 69, 70, 71, 72, 75, 73, 74, 76, 77, 87, 89, 90, 91, 92, 30, 0, 48, 18, 49, 1, 31, 19, 9, 39, 10, 40, 20, 50, 21, 51, 54, 24, 28, 52, 53, 55, 56, 58, 22, 23, 25, 26, 27, 29, 57, 59, 2, 11, 32, 41, 3, 12, 33, 42, 15, 36, 45, 4, 5, 6, 7, 8, 13, 14, 16, 17, 34, 35, 37, 38, 43, 44, 46, 47
55
60, 78, 79, 61, 80, 81, 84, 82, 83, 85, 86, 88, 62, 63, 66, 64, 65, 67, 68, 69, 70, 71, 72, 75, 73, 74, 76, 77, 87, 89, 90, 91, 92, 30, 0, 48, 18, 49, 1, 31, 19, 9, 39, 10, 40, 20, 50, 21, 51, 54, 24, 28, 52, 53, 55, 56, 58, 22, 23, 25, 26, 27, 29, 57, 59, 2, 11, 32, 41, 3, 12, 33, 42, 15, 36, 45, 4, 5, 6, 7, 8, 13, 14, 16, 17, 34, 35, 37, 38, 43, 44, 46, 47
54
60, 78, 79, 61, 80, 81, 84, 82, 83, 85, 86, 88, 62, 63, 66, 64, 65, 67, 68, 69, 70, 71, 72, 75, 73, 74, 76, 77, 87, 89, 90, 91, 92, 30, 0, 48, 18, 49, 1, 31, 19, 9, 39, 10, 40, 20, 50, 21, 51, 54, 24, 28, 52, 53, 55, 56, 58, 22, 23, 25, 26, 27, 29, 57, 59, 2, 11, 32, 41, 3, 12, 33, 42, 15, 36, 45, 4, 5, 6, 7, 8, 13, 14, 16, 17, 34, 35, 37, 38, 43, 44, 46, 47
53
60, 78, 79, 61, 80, 81, 84, 82, 83, 85, 86, 88, 62, 63, 66, 64, 65, 67, 68, 69, 70, 71, 72, 75, 73, 74, 76, 77, 87, 89, 90, 91, 92, 30, 0, 48, 18, 49, 1, 31, 19, 9, 39, 10, 40, 20, 50, 21, 51, 54, 24, 28, 52, 53, 55, 56, 58, 22, 23, 25, 26, 27, 29, 57, 59, 2, 11, 32, 41, 3, 12, 33, 42, 15, 36, 45, 4, 5, 6, 7, 8, 13, 14, 16, 17, 34, 35, 37, 38, 43, 44, 46, 47
52
60, 78, 79, 61, 80, 81, 84, 82, 83, 85, 86, 88, 62, 63, 66, 64, 65, 67, 68, 69, 70, 71, 72, 75, 73, 74, 76, 77, 87, 89, 90, 91, 92, 30, 0, 48, 18, 49, 1, 31, 19, 9, 39, 10, 40, 20, 50, 21, 51, 54, 24, 28, 52, 53, 55, 56, 58, 22, 23, 25, 26, 27, 29, 57, 59, 2, 11, 32, 41, 3, 12, 33, 42, 15, 36, 45, 4, 5, 6, 7, 8, 13, 14, 16, 17, 34, 35, 37, 38, 43, 44, 46, 47
51
60, 78, 79, 61, 80, 81, 84, 82, 83, 85, 86, 88, 62, 63, 66, 64, 65, 67, 68, 69, 70, 71, 72, 75, 73, 74, 76, 77, 87, 89, 90, 91, 92, 30, 0, 48, 18, 49, 1, 31, 19, 9, 39, 10, 40, 20, 50, 21, 51, 54, 24, 28, 52, 53, 55, 56, 58, 22, 23, 25, 26, 27, 29, 57, 59, 2, 11, 32, 41, 3, 12, 33, 42, 15, 36, 45, 4, 5, 6, 7, 8, 13, 14, 16, 17, 34, 35, 37, 38, 43, 44, 46, 47
50
60, 78, 79, 61, 80, 81, 84, 82, 83, 85, 86, 88, 62, 63, 66, 64, 65, 67, 68, 69, 70, 71, 72, 75, 73, 74, 76, 77, 87, 89, 90, 91, 92, 30, 0, 48, 18, 49, 1, 31, 19, 9, 39, 10, 40, 20, 50, 21, 51, 54, 24, 28, 52, 53, 55, 56, 58, 22, 23, 25, 26, 27, 29, 57, 59, 2, 11, 32, 41, 3, 12, 33, 42, 15, 36, 45, 4, 5, 6, 7, 8, 13, 14, 16, 17, 34, 35, 37, 38, 43, 44, 46, 47
49
60, 78, 79, 61, 80, 81, 84, 82, 83, 85, 86, 88, 62, 63, 66, 64, 65, 67, 68, 69, 70, 71, 72, 75, 73, 74, 76, 77, 87, 89, 90, 91, 92, 30, 0, 48, 18, 49, 1, 31, 19, 9, 39, 10, 40, 20, 50, 21, 51, 54, 24, 28, 52, 53, 55, 56, 58, 22, 23, 25, 26, 27, 29, 57, 59, 2, 11, 32, 41, 3, 12, 33, 42, 15, 36, 45, 4, 5, 6, 7, 8, 13, 14, 16, 17, 34, 35, 37, 38, 43, 44, 46, 47
48
60, 78, 79, 61, 80, 81, 84, 82, 83, 85, 86, 88, 62, 63, 66, 64, 65, 67, 68, 69, 70, 71, 72, 75, 73, 74, 76, 77, 87, 89, 90, 91, 92, 30, 0, 48, 18, 49, 1, 31, 19, 9, 39, 10, 40, 20, 50, 21, 51, 54, 24, 28, 52, 53, 55, 56, 58, 22, 23, 25, 26, 27, 29, 57, 59, 2, 11, 32, 41, 3, 12, 33, 42, 15, 36, 45, 4, 5, 6, 7, 8, 13, 14, 16, 17, 34, 35, 37, 38, 43, 44, 46, 47
47
60, 78, 79, 61, 80, 81, 84, 82, 83, 85, 86, 88, 62, 63, 66, 64, 65, 67, 68, 69, 70, 71, 72, 75, 73, 74, 76, 77, 87, 89, 90, 91, 92, 30, 0, 48, 18, 49, 1, 31, 19, 9, 39, 10, 40, 20, 50, 21, 51, 54, 24, 28, 52, 53, 55, 56, 58, 22, 23, 25, 26, 27, 29, 57, 59, 2, 11, 32, 41, 3, 12, 33, 42, 15, 36, 45, 4, 5, 6, 7, 8, 13, 14, 16, 17, 34, 35, 37, 38, 43, 44, 46, 47
46
60, 78, 79, 61, 80, 81, 84, 82, 83, 85, 86, 88, 62, 63, 66, 64, 65, 67, 68, 69, 70, 71, 72, 75, 73, 74, 76, 77, 87, 89, 90, 91, 92, 30, 0, 48, 18, 49, 1, 31, 19, 9, 39, 10, 40, 20, 50, 21, 51, 54, 24, 28, 52, 53, 55, 56, 58, 22, 23, 25, 26, 27, 29, 57, 59, 2, 11, 32, 41, 3, 12, 33, 42, 15, 36, 45, 4, 5, 6, 7, 8, 13, 14, 16, 17, 34, 35, 37, 38, 43, 44, 46, 47
45
60, 78, 79, 61, 80, 81, 84, 82, 83, 85, 86, 88, 62, 63, 66, 64, 65, 67, 68, 69, 70, 71, 72, 75, 73, 74, 76, 77, 87, 89, 90, 91, 92, 30, 0, 48, 18, 49, 1, 31, 19, 9, 39, 10, 40, 20, 50, 21, 51, 54, 24, 28, 52, 53, 55, 56, 58, 22, 23, 25, 26, 27, 29, 57, 59, 2, 11, 32, 41, 3, 12, 33, 42, 15, 36, 45, 4, 5, 6, 7, 8, 13, 14, 16, 17, 34, 35, 37, 38, 43, 44, 46, 47
44
60, 78, 79, 61, 80, 81, 84, 82, 83, 85, 86, 88, 62, 63, 66, 64, 65, 67, 68, 69, 70, 71, 72, 75, 73, 74, 76, 77, 87, 89, 90, 91, 92, 30, 0, 48, 18, 49, 1, 31, 19, 9, 39, 10, 40, 20, 50, 21, 51, 54, 24, 28, 52, 53, 55, 56, 58, 22, 23, 25, 26, 27, 29, 57, 59, 2, 11, 32, 41, 3, 12, 33, 42, 15, 36, 45, 4, 5, 6, 7, 8, 13, 14, 16, 17, 34, 35, 37, 38, 43, 44, 46, 47
43
60, 78, 79, 61, 80, 81, 84, 82, 83, 85, 86, 88, 62, 63, 66, 64, 65, 67, 68, 69, 70, 71, 72, 75, 73, 74, 76, 77, 87, 89, 90, 91, 92, 30, 0, 48, 18, 49, 1, 31, 19, 9, 39, 10, 40, 20, 50, 21, 51, 54, 24, 28, 52, 53, 55, 56, 58, 22, 23, 25, 26, 27, 29, 57, 59, 2, 11, 32, 41, 3, 12, 33, 42, 15, 36, 45, 4, 5, 6, 7, 8, 13, 14, 16, 17, 34, 35, 37, 38, 43, 44, 46, 47
42
60, 78, 79, 61, 80, 81, 84, 82, 83, 85, 86, 88, 62, 63, 66, 64, 65, 67, 68, 69, 70, 71, 72, 75, 73, 74, 76, 77, 87, 89, 90, 91, 92, 30, 0, 48, 18, 49, 1, 31, 19, 9, 39, 10, 40, 20, 50, 21, 51, 54, 24, 28, 52, 53, 55, 56, 58, 22, 23, 25, 26, 27, 29, 57, 59, 2, 11, 32, 41, 3, 12, 33, 42, 15, 36, 45, 4, 5, 6, 7, 8, 13, 14, 16, 17, 34, 35, 37, 38, 43, 44, 46, 47
41
60, 78, 79, 61, 80, 81, 84, 82, 83, 85, 86, 88, 62, 63, 66, 64, 65, 67, 68, 69, 70, 71, 72, 75, 73, 74, 76, 77, 87, 89, 90, 91, 92, 30, 0, 48, 18, 49, 1, 31, 19, 9, 39, 10, 40, 20, 50, 21, 51, 54, 24, 28, 52, 53, 55, 56, 58, 22, 23, 25, 26, 27, 29, 57, 59, 2, 11, 32, 41, 3, 12, 33, 42, 15, 36, 45, 4, 5, 6, 7, 8, 13, 14, 16, 17, 34, 35, 37, 38, 43, 44, 46, 47
40
60, 78, 79, 61, 80, 81, 84, 82, 83, 85, 86, 88, 62, 63, 66, 64, 65, 67, 68, 69, 70, 71, 72, 75, 73, 74, 76, 77, 87, 89, 90, 91, 92, 30, 0, 48, 18, 49, 1, 31, 19, 9, 39, 10, 40, 20, 50, 21, 51, 54, 24, 28, 52, 53, 55, 56, 58, 22, 23, 25, 26, 27, 29, 57, 59, 2, 11, 32, 41, 3, 12, 33, 42, 15, 36, 45, 4, 5, 6, 7, 8, 13, 14, 16, 17, 34, 35, 37, 38, 43, 44, 46, 47
39
60, 78, 79, 61, 80, 81, 84, 82, 83, 85, 86, 88, 62, 63, 66, 64, 65, 67, 68, 69, 70, 71, 72, 75, 73, 74, 76, 77, 87, 89, 90, 91, 92, 30, 0, 48, 18, 49, 1, 31, 19, 9, 39, 10, 40, 20, 50, 21, 51, 54, 24, 28, 52, 53, 55, 56, 58, 22, 23, 25, 26, 27, 29, 57, 59, 2, 11, 32, 41, 3, 12, 33, 42, 15, 36, 45, 4, 5, 6, 7, 8, 13, 14, 16, 17, 34, 35, 37, 38, 43, 44, 46, 47
38
60, 78, 79, 61, 80, 81, 84, 82, 83, 85, 86, 88, 62, 63, 66, 64, 65, 67, 68, 69, 70, 71, 72, 75, 73, 74, 76, 77, 87, 89, 90, 91, 92, 30, 0, 48, 18, 49, 1, 31, 19, 9, 39, 10, 40, 20, 50, 21, 51, 54, 24, 28, 52, 53, 55, 56, 58, 22, 23, 25, 26, 27, 29, 57, 59, 2, 11, 32, 41, 3, 12, 33, 42, 15, 36, 45, 4, 5, 6, 7, 8, 13, 14, 16, 17, 34, 35, 37, 38, 43, 44, 46, 47
37
60, 78, 79, 61, 80, 81, 84, 82, 83, 85, 86, 88, 62, 63, 66, 64, 65, 67, 68, 69, 70, 71, 72, 75, 73, 74, 76, 77, 87, 89, 90, 91, 92, 30, 0, 48, 18, 49, 1, 31, 19, 9, 39, 10, 40, 20, 50, 21, 51, 54, 24, 28, 52, 53, 55, 56, 58, 22, 23, 25, 26, 27, 29, 57, 59, 2, 11, 32, 41, 3, 12, 33, 42, 15, 36, 45, 4, 5, 6, 7, 8, 13, 14, 16, 17, 34, 35, 37, 38, 43, 44, 46, 47
36
60, 78, 79, 61, 80, 81, 84, 82, 83, 85, 86, 88, 62, 63, 66, 64, 65, 67, 68, 69, 70, 71, 72, 75, 73, 74, 76, 77, 87, 89, 90, 91, 92, 30, 0, 48, 18, 49, 1, 31, 19, 9, 39, 10, 40, 20, 50, 21, 51, 54, 24, 28, 52, 53, 55, 56, 58, 22, 23, 25, 26, 27, 29, 57, 59, 2, 11, 32, 41, 3, 12, 33, 42, 15, 36, 45, 4, 5, 6, 7, 8, 13, 14, 16, 17, 34, 35, 37, 38, 43, 44, 46, 47
35
60, 78, 79, 61, 80, 81, 84, 82, 83, 85, 86, 88, 62, 63, 66, 64, 65, 67, 68, 69, 70, 71, 72, 75, 73, 74, 76, 77, 87, 89, 90, 91, 92, 30, 0, 48, 18, 49, 1, 31, 19, 9, 39, 10, 40, 20, 50, 21, 51, 54, 24, 28, 52, 53, 55, 56, 58, 22, 23, 25, 26, 27, 29, 57, 59, 2, 11, 32, 41, 3, 12, 33, 42, 15, 36, 45, 4, 5, 6, 7, 8, 13, 14, 16, 17, 34, 35, 37, 38, 43, 44, 46, 47
34
60, 78, 79, 61, 80, 81, 84, 82, 83, 85, 86, 88, 62, 63, 66, 64, 65, 67, 68, 69, 70, 71, 72, 75, 73, 74, 76, 77, 87, 89, 90, 91, 92, 48, 18, 52, 53, 49, 19, 55, 22, 23, 25, 30, 0, 1, 31, 9, 39, 10, 40, 20, 50, 21, 51, 54, 24, 28, 56, 58, 26, 27, 29, 57, 59, 2, 11, 32, 41, 3, 12, 33, 42, 15, 36, 45, 4, 5, 6, 7, 8, 13, 14, 16, 17, 34, 35, 37, 38, 43, 44, 46, 47
33
60, 78, 79, 61, 80, 81, 84, 82, 83, 85, 86, 88, 62, 63, 66, 64, 65, 67, 68, 0, 1, 4, 5, 7, 2, 3, 6, 8, 18, 19, 22, 23, 25, 20, 21, 24, 28, 39, 40, 26, 57, 59, 41, 42, 45, 43, 44, 46, 47, 69, 49, 31, 9, 70, 48, 30, 10, 71, 72, 11, 12, 15, 75, 87, 73, 74, 76, 77, 89, 90, 91, 92, 52, 53, 55, 50, 51, 54, 56, 58, 27, 29, 32, 33, 36, 13, 14, 16, 17, 34, 35, 37, 38
32
60, 78, 79, 61, 18, 19, 69, 49, 70, 48, 71, 53, 52, 72, 55, 75, 87, 77, 73, 74, 76, 89, 50, 51, 54, 56, 58, 80, 62, 20, 31, 1, 0, 30, 63, 81, 21, 9, 39, 40, 10, 84, 88, 82, 83, 85, 86, 66, 64, 65, 67, 68, 22, 23, 25, 24, 28, 26, 57, 59, 90, 91, 92, 27, 29, 4, 5, 7, 2, 3, 6, 8, 41, 42, 45, 43, 44, 46, 47, 11, 12, 15, 32, 33, 36, 13, 14, 16, 17, 34, 35, 37, 38
../benchmark_instances/2023result/docs/solver/benchmark/2022benchmark/benchmark/color04/1-FullIns_4.col	93	593	32	63450
	Command being timed: "timeout 1h java -Xms1024g -Xmx1024g -Xss134m -cp ../src/pathwidth.jar Pathwidth ../benchmark_instances/2023result/docs/solver/benchmark/2022benchmark/benchmark/color04/1-FullIns_4.col"
	User time (seconds): 54.52
	System time (seconds): 17.23
	Percent of CPU this job got: 109%
	Elapsed (wall clock) time (h:mm:ss or m:ss): 1:05.42
	Average shared text size (kbytes): 0
	Average unshared data size (kbytes): 0
	Average stack size (kbytes): 0
	Average total size (kbytes): 0
	Maximum resident set size (kbytes): 58548768
	Average resident set size (kbytes): 0
	Major (requiring I/O) page faults: 0
	Minor (reclaiming a frame) page faults: 171412
	Voluntary context switches: 5167
	Involuntary context switches: 259
	Swaps: 0
	File system inputs: 16
	File system outputs: 408
	Socket messages sent: 0
	Socket messages received: 0
	Signals delivered: 0
	Page size (bytes): 4096
	Exit status: 0
