../benchmark_instances/2023result/docs/solver/benchmark/2022benchmark/benchmark/color04/2-FullIns_3.col
52
0, 1, 12, 13, 24, 25, 36, 37, 38, 39, 14, 15, 2, 3, 26, 27, 40, 41, 16, 17, 4, 5, 28, 29, 42, 43, 45, 46, 50, 44, 35, 20, 11, 18, 19, 21, 22, 6, 7, 8, 9, 10, 23, 49, 30, 31, 32, 33, 34, 47, 48, 51
51
0, 1, 12, 13, 24, 25, 36, 37, 38, 39, 14, 15, 2, 3, 26, 27, 40, 41, 16, 17, 4, 5, 28, 29, 42, 43, 45, 46, 50, 44, 35, 20, 11, 18, 19, 21, 22, 6, 7, 8, 9, 10, 23, 49, 30, 31, 32, 33, 34, 47, 48, 51
50
0, 1, 12, 13, 24, 25, 36, 37, 38, 39, 14, 15, 2, 3, 26, 27, 40, 41, 16, 17, 4, 5, 28, 29, 42, 43, 45, 46, 50, 44, 35, 20, 11, 18, 19, 21, 22, 6, 7, 8, 9, 10, 23, 49, 30, 31, 32, 33, 34, 47, 48, 51
49
0, 1, 12, 13, 24, 25, 36, 37, 38, 39, 14, 15, 2, 3, 26, 27, 40, 41, 16, 17, 4, 5, 28, 29, 42, 43, 45, 46, 50, 44, 35, 20, 11, 18, 19, 21, 22, 6, 7, 8, 9, 10, 23, 49, 30, 31, 32, 33, 34, 47, 48, 51
48
0, 1, 12, 13, 24, 25, 36, 37, 38, 39, 14, 15, 2, 3, 26, 27, 40, 41, 16, 17, 4, 5, 28, 29, 42, 43, 45, 46, 50, 44, 35, 20, 11, 18, 19, 21, 22, 6, 7, 8, 9, 10, 23, 49, 30, 31, 32, 33, 34, 47, 48, 51
47
0, 1, 12, 13, 24, 25, 36, 37, 38, 39, 14, 15, 2, 3, 26, 27, 40, 41, 16, 17, 4, 5, 28, 29, 42, 43, 45, 46, 50, 44, 35, 20, 11, 18, 19, 21, 22, 6, 7, 8, 9, 10, 23, 49, 30, 31, 32, 33, 34, 47, 48, 51
46
0, 1, 12, 13, 24, 25, 36, 37, 38, 39, 14, 15, 2, 3, 26, 27, 40, 41, 16, 17, 4, 5, 28, 29, 42, 43, 45, 46, 50, 44, 35, 20, 11, 18, 19, 21, 22, 6, 7, 8, 9, 10, 23, 49, 30, 31, 32, 33, 34, 47, 48, 51
45
0, 1, 12, 13, 24, 25, 36, 37, 38, 39, 14, 15, 2, 3, 26, 27, 40, 41, 16, 17, 4, 5, 28, 29, 42, 43, 45, 46, 50, 44, 35, 20, 11, 18, 19, 21, 22, 6, 7, 8, 9, 10, 23, 49, 30, 31, 32, 33, 34, 47, 48, 51
44
0, 1, 12, 13, 24, 25, 36, 37, 38, 39, 14, 15, 2, 3, 26, 27, 40, 41, 16, 17, 4, 5, 28, 29, 42, 43, 45, 46, 50, 44, 35, 20, 11, 18, 19, 21, 22, 6, 7, 8, 9, 10, 23, 49, 30, 31, 32, 33, 34, 47, 48, 51
43
0, 1, 12, 13, 24, 25, 36, 37, 38, 39, 14, 15, 2, 3, 26, 27, 40, 41, 16, 17, 4, 5, 28, 29, 42, 43, 45, 46, 50, 44, 35, 20, 11, 18, 19, 21, 22, 6, 7, 8, 9, 10, 23, 49, 30, 31, 32, 33, 34, 47, 48, 51
42
0, 1, 12, 13, 24, 25, 36, 37, 38, 39, 14, 15, 2, 3, 26, 27, 40, 41, 16, 17, 4, 5, 28, 29, 42, 43, 45, 46, 50, 44, 35, 20, 11, 18, 19, 21, 22, 6, 7, 8, 9, 10, 23, 49, 30, 31, 32, 33, 34, 47, 48, 51
41
0, 1, 12, 13, 24, 25, 36, 37, 38, 39, 14, 15, 2, 3, 26, 27, 40, 41, 16, 17, 4, 5, 28, 29, 42, 43, 45, 46, 50, 44, 35, 20, 11, 18, 19, 21, 22, 6, 7, 8, 9, 10, 23, 49, 30, 31, 32, 33, 34, 47, 48, 51
40
0, 1, 12, 13, 24, 25, 36, 37, 38, 39, 14, 15, 2, 3, 26, 27, 40, 41, 16, 17, 4, 5, 28, 29, 42, 43, 45, 46, 50, 44, 35, 20, 11, 18, 19, 21, 22, 6, 7, 8, 9, 10, 23, 49, 30, 31, 32, 33, 34, 47, 48, 51
39
0, 1, 12, 13, 24, 25, 36, 37, 38, 39, 14, 15, 2, 3, 26, 27, 40, 41, 16, 17, 4, 5, 28, 29, 42, 43, 45, 46, 50, 44, 35, 20, 11, 18, 19, 21, 22, 6, 7, 8, 9, 10, 23, 49, 30, 31, 32, 33, 34, 47, 48, 51
38
0, 1, 12, 13, 24, 25, 36, 37, 38, 39, 14, 15, 2, 3, 26, 27, 40, 41, 16, 17, 4, 5, 28, 29, 42, 43, 45, 46, 50, 44, 35, 20, 11, 18, 19, 21, 22, 6, 7, 8, 9, 10, 23, 49, 30, 31, 32, 33, 34, 47, 48, 51
37
0, 1, 12, 13, 24, 25, 36, 37, 38, 39, 14, 15, 2, 3, 26, 27, 40, 41, 16, 17, 4, 5, 28, 29, 42, 43, 45, 46, 50, 44, 35, 20, 11, 18, 19, 21, 22, 6, 7, 8, 9, 10, 23, 49, 30, 31, 32, 33, 34, 47, 48, 51
36
0, 1, 12, 13, 24, 25, 36, 37, 38, 39, 14, 15, 2, 3, 26, 27, 40, 41, 16, 17, 4, 5, 28, 29, 42, 43, 45, 46, 50, 44, 35, 20, 11, 18, 19, 21, 22, 6, 7, 8, 9, 10, 23, 49, 30, 31, 32, 33, 34, 47, 48, 51
35
0, 1, 12, 13, 24, 25, 36, 37, 38, 39, 14, 15, 2, 3, 26, 27, 40, 41, 16, 17, 4, 5, 28, 29, 42, 43, 45, 46, 50, 44, 35, 20, 11, 18, 19, 21, 22, 6, 7, 8, 9, 10, 23, 49, 30, 31, 32, 33, 34, 47, 48, 51
34
0, 1, 12, 13, 24, 25, 36, 37, 38, 39, 14, 15, 2, 3, 26, 27, 40, 41, 16, 17, 4, 5, 28, 29, 42, 43, 45, 46, 50, 44, 35, 20, 11, 18, 19, 21, 22, 6, 7, 8, 9, 10, 23, 49, 30, 31, 32, 33, 34, 47, 48, 51
33
0, 1, 12, 13, 24, 25, 36, 37, 38, 39, 14, 15, 2, 3, 26, 27, 40, 41, 16, 17, 4, 5, 28, 29, 42, 43, 45, 46, 50, 44, 35, 20, 11, 18, 19, 21, 22, 6, 7, 8, 9, 10, 23, 49, 30, 31, 32, 33, 34, 47, 48, 51
32
0, 1, 12, 13, 24, 25, 36, 37, 38, 39, 14, 15, 2, 3, 26, 27, 40, 41, 16, 17, 4, 5, 28, 29, 42, 43, 45, 46, 50, 44, 35, 20, 11, 18, 19, 21, 22, 6, 7, 8, 9, 10, 23, 49, 30, 31, 32, 33, 34, 47, 48, 51
31
0, 1, 12, 13, 24, 25, 36, 37, 38, 39, 14, 15, 2, 3, 26, 27, 40, 41, 16, 17, 4, 5, 28, 29, 42, 43, 45, 46, 50, 44, 35, 20, 11, 18, 19, 21, 22, 6, 7, 8, 9, 10, 23, 49, 30, 31, 32, 33, 34, 47, 48, 51
30
0, 1, 12, 13, 24, 25, 36, 37, 38, 39, 14, 15, 2, 3, 26, 27, 40, 41, 16, 17, 4, 5, 28, 29, 42, 43, 45, 46, 50, 44, 35, 20, 11, 18, 19, 21, 22, 6, 7, 8, 9, 10, 23, 49, 30, 31, 32, 33, 34, 47, 48, 51
29
0, 1, 12, 13, 24, 25, 36, 37, 38, 39, 14, 15, 2, 3, 26, 27, 40, 41, 16, 17, 4, 5, 28, 29, 42, 43, 45, 46, 50, 44, 35, 20, 11, 18, 19, 21, 22, 6, 7, 8, 9, 10, 23, 49, 30, 31, 32, 33, 34, 47, 48, 51
28
0, 1, 12, 13, 24, 25, 36, 37, 38, 39, 14, 15, 2, 3, 26, 27, 40, 41, 16, 17, 4, 5, 28, 29, 42, 43, 45, 46, 50, 44, 35, 20, 11, 18, 19, 21, 22, 6, 7, 8, 9, 10, 23, 49, 30, 31, 32, 33, 34, 47, 48, 51
27
0, 1, 12, 13, 24, 25, 36, 37, 38, 39, 14, 15, 2, 3, 26, 27, 40, 41, 16, 17, 4, 5, 28, 29, 42, 43, 45, 46, 50, 44, 35, 20, 11, 18, 19, 21, 22, 6, 7, 8, 9, 10, 23, 49, 30, 31, 32, 33, 34, 47, 48, 51
26
0, 1, 12, 13, 24, 25, 36, 37, 38, 39, 14, 15, 2, 3, 26, 27, 40, 41, 16, 17, 4, 5, 28, 29, 42, 43, 45, 46, 50, 44, 35, 20, 11, 18, 19, 21, 22, 6, 7, 8, 9, 10, 23, 49, 30, 31, 32, 33, 34, 47, 48, 51
25
0, 1, 12, 13, 24, 25, 36, 37, 38, 39, 14, 15, 2, 3, 26, 27, 40, 41, 16, 17, 4, 5, 28, 29, 42, 43, 45, 46, 50, 44, 35, 20, 11, 18, 19, 21, 22, 6, 7, 8, 9, 10, 23, 49, 30, 31, 32, 33, 34, 47, 48, 51
24
0, 1, 12, 13, 24, 25, 36, 37, 38, 39, 14, 15, 2, 3, 26, 27, 40, 41, 16, 17, 4, 5, 28, 29, 42, 43, 45, 46, 50, 44, 35, 20, 11, 18, 19, 21, 22, 6, 7, 8, 9, 10, 23, 49, 30, 31, 32, 33, 34, 47, 48, 51
23
0, 1, 12, 13, 24, 25, 36, 37, 38, 39, 14, 15, 2, 3, 26, 27, 40, 41, 16, 17, 4, 5, 28, 29, 42, 43, 45, 46, 50, 44, 35, 20, 11, 18, 19, 21, 22, 6, 7, 8, 9, 10, 23, 49, 30, 31, 32, 33, 34, 47, 48, 51
22
0, 1, 12, 13, 24, 25, 36, 37, 38, 39, 14, 15, 2, 3, 26, 27, 40, 41, 16, 17, 4, 5, 28, 29, 42, 43, 45, 46, 50, 44, 35, 20, 11, 18, 19, 21, 22, 6, 7, 8, 9, 10, 23, 49, 30, 31, 32, 33, 34, 47, 48, 51
21
0, 1, 12, 13, 24, 25, 36, 37, 38, 39, 14, 15, 2, 3, 26, 27, 40, 41, 16, 17, 4, 5, 28, 29, 42, 43, 45, 46, 50, 44, 35, 20, 11, 18, 19, 21, 22, 6, 7, 8, 9, 10, 23, 49, 30, 31, 32, 33, 34, 47, 48, 51
20
0, 1, 12, 13, 24, 25, 36, 37, 38, 39, 14, 15, 2, 3, 26, 27, 40, 41, 16, 17, 4, 5, 45, 42, 29, 28, 43, 46, 50, 44, 35, 20, 11, 18, 19, 21, 22, 6, 7, 8, 9, 10, 23, 49, 30, 31, 32, 33, 34, 47, 48, 51
19
0, 1, 12, 13, 24, 25, 36, 37, 38, 39, 14, 15, 2, 3, 26, 27, 40, 41, 16, 17, 45, 42, 43, 46, 50, 44, 47, 48, 51, 4, 5, 29, 28, 35, 20, 11, 18, 19, 21, 22, 6, 7, 8, 9, 10, 23, 49, 30, 31, 32, 33, 34
18
0, 1, 12, 13, 24, 25, 36, 37, 38, 39, 14, 15, 2, 3, 26, 27, 40, 41, 45, 42, 43, 46, 50, 44, 47, 48, 51, 16, 17, 4, 5, 29, 28, 35, 20, 11, 18, 19, 21, 22, 6, 7, 8, 9, 10, 23, 49, 30, 31, 32, 33, 34
17
0, 1, 12, 13, 24, 25, 36, 37, 38, 39, 40, 41, 50, 45, 42, 43, 46, 44, 47, 48, 51, 14, 15, 2, 3, 26, 27, 16, 17, 4, 5, 29, 28, 35, 20, 11, 18, 19, 21, 22, 6, 7, 8, 9, 10, 23, 49, 30, 31, 32, 33, 34
16
0, 1, 12, 2, 3, 6, 7, 10, 9, 4, 5, 11, 8, 14, 18, 19, 15, 13, 21, 16, 17, 20, 22, 23, 24, 37, 36, 25, 38, 39, 40, 41, 50, 45, 42, 43, 46, 44, 47, 48, 51, 26, 27, 29, 28, 35, 49, 30, 31, 32, 33, 34
15
0, 1, 2, 3, 6, 7, 10, 9, 4, 5, 11, 8, 18, 19, 22, 14, 12, 15, 13, 21, 16, 17, 20, 23, 37, 36, 38, 25, 24, 39, 40, 41, 50, 45, 42, 43, 46, 44, 47, 48, 51, 26, 27, 29, 28, 35, 49, 30, 31, 32, 33, 34
../benchmark_instances/2023result/docs/solver/benchmark/2022benchmark/benchmark/color04/2-FullIns_3.col	52	201	15	141
	Command being timed: "timeout 1h java -Xms1024g -Xmx1024g -Xss134m -cp ../src/pathwidth.jar Pathwidth ../benchmark_instances/2023result/docs/solver/benchmark/2022benchmark/benchmark/color04/2-FullIns_3.col"
	User time (seconds): 0.78
	System time (seconds): 1.44
	Percent of CPU this job got: 115%
	Elapsed (wall clock) time (h:mm:ss or m:ss): 0:01.94
	Average shared text size (kbytes): 0
	Average unshared data size (kbytes): 0
	Average stack size (kbytes): 0
	Average total size (kbytes): 0
	Maximum resident set size (kbytes): 4907736
	Average resident set size (kbytes): 0
	Major (requiring I/O) page faults: 0
	Minor (reclaiming a frame) page faults: 138766
	Voluntary context switches: 2164
	Involuntary context switches: 4
	Swaps: 0
	File system inputs: 8
	File system outputs: 112
	Socket messages sent: 0
	Socket messages received: 0
	Signals delivered: 0
	Page size (bytes): 4096
	Exit status: 0
