../benchmark_instances/2023result/docs/solver/benchmark/2022benchmark/benchmark/color04/3-FullIns_3.col
80
0, 1, 15, 16, 30, 31, 45, 46, 60, 61, 62, 63, 32, 33, 2, 3, 17, 18, 47, 48, 64, 65, 34, 35, 4, 5, 19, 20, 49, 50, 66, 67, 36, 37, 6, 7, 21, 22, 51, 52, 68, 69, 71, 72, 73, 78, 70, 59, 40, 29, 10, 8, 9, 11, 12, 13, 14, 38, 39, 41, 42, 43, 76, 23, 24, 25, 26, 27, 28, 44, 77, 53, 54, 55, 56, 57, 58, 74, 75, 79
79
0, 1, 15, 16, 30, 31, 45, 46, 60, 61, 62, 63, 32, 33, 2, 3, 17, 18, 47, 48, 64, 65, 34, 35, 4, 5, 19, 20, 49, 50, 66, 67, 36, 37, 6, 7, 21, 22, 51, 52, 68, 69, 71, 72, 73, 78, 70, 59, 40, 29, 10, 8, 9, 11, 12, 13, 14, 38, 39, 41, 42, 43, 76, 23, 24, 25, 26, 27, 28, 44, 77, 53, 54, 55, 56, 57, 58, 74, 75, 79
78
0, 1, 15, 16, 30, 31, 45, 46, 60, 61, 62, 63, 32, 33, 2, 3, 17, 18, 47, 48, 64, 65, 34, 35, 4, 5, 19, 20, 49, 50, 66, 67, 36, 37, 6, 7, 21, 22, 51, 52, 68, 69, 71, 72, 73, 78, 70, 59, 40, 29, 10, 8, 9, 11, 12, 13, 14, 38, 39, 41, 42, 43, 76, 23, 24, 25, 26, 27, 28, 44, 77, 53, 54, 55, 56, 57, 58, 74, 75, 79
77
0, 1, 15, 16, 30, 31, 45, 46, 60, 61, 62, 63, 32, 33, 2, 3, 17, 18, 47, 48, 64, 65, 34, 35, 4, 5, 19, 20, 49, 50, 66, 67, 36, 37, 6, 7, 21, 22, 51, 52, 68, 69, 71, 72, 73, 78, 70, 59, 40, 29, 10, 8, 9, 11, 12, 13, 14, 38, 39, 41, 42, 43, 76, 23, 24, 25, 26, 27, 28, 44, 77, 53, 54, 55, 56, 57, 58, 74, 75, 79
76
0, 1, 15, 16, 30, 31, 45, 46, 60, 61, 62, 63, 32, 33, 2, 3, 17, 18, 47, 48, 64, 65, 34, 35, 4, 5, 19, 20, 49, 50, 66, 67, 36, 37, 6, 7, 21, 22, 51, 52, 68, 69, 71, 72, 73, 78, 70, 59, 40, 29, 10, 8, 9, 11, 12, 13, 14, 38, 39, 41, 42, 43, 76, 23, 24, 25, 26, 27, 28, 44, 77, 53, 54, 55, 56, 57, 58, 74, 75, 79
75
0, 1, 15, 16, 30, 31, 45, 46, 60, 61, 62, 63, 32, 33, 2, 3, 17, 18, 47, 48, 64, 65, 34, 35, 4, 5, 19, 20, 49, 50, 66, 67, 36, 37, 6, 7, 21, 22, 51, 52, 68, 69, 71, 72, 73, 78, 70, 59, 40, 29, 10, 8, 9, 11, 12, 13, 14, 38, 39, 41, 42, 43, 76, 23, 24, 25, 26, 27, 28, 44, 77, 53, 54, 55, 56, 57, 58, 74, 75, 79
74
0, 1, 15, 16, 30, 31, 45, 46, 60, 61, 62, 63, 32, 33, 2, 3, 17, 18, 47, 48, 64, 65, 34, 35, 4, 5, 19, 20, 49, 50, 66, 67, 36, 37, 6, 7, 21, 22, 51, 52, 68, 69, 71, 72, 73, 78, 70, 59, 40, 29, 10, 8, 9, 11, 12, 13, 14, 38, 39, 41, 42, 43, 76, 23, 24, 25, 26, 27, 28, 44, 77, 53, 54, 55, 56, 57, 58, 74, 75, 79
73
0, 1, 15, 16, 30, 31, 45, 46, 60, 61, 62, 63, 32, 33, 2, 3, 17, 18, 47, 48, 64, 65, 34, 35, 4, 5, 19, 20, 49, 50, 66, 67, 36, 37, 6, 7, 21, 22, 51, 52, 68, 69, 71, 72, 73, 78, 70, 59, 40, 29, 10, 8, 9, 11, 12, 13, 14, 38, 39, 41, 42, 43, 76, 23, 24, 25, 26, 27, 28, 44, 77, 53, 54, 55, 56, 57, 58, 74, 75, 79
72
0, 1, 15, 16, 30, 31, 45, 46, 60, 61, 62, 63, 32, 33, 2, 3, 17, 18, 47, 48, 64, 65, 34, 35, 4, 5, 19, 20, 49, 50, 66, 67, 36, 37, 6, 7, 21, 22, 51, 52, 68, 69, 71, 72, 73, 78, 70, 59, 40, 29, 10, 8, 9, 11, 12, 13, 14, 38, 39, 41, 42, 43, 76, 23, 24, 25, 26, 27, 28, 44, 77, 53, 54, 55, 56, 57, 58, 74, 75, 79
71
0, 1, 15, 16, 30, 31, 45, 46, 60, 61, 62, 63, 32, 33, 2, 3, 17, 18, 47, 48, 64, 65, 34, 35, 4, 5, 19, 20, 49, 50, 66, 67, 36, 37, 6, 7, 21, 22, 51, 52, 68, 69, 71, 72, 73, 78, 70, 59, 40, 29, 10, 8, 9, 11, 12, 13, 14, 38, 39, 41, 42, 43, 76, 23, 24, 25, 26, 27, 28, 44, 77, 53, 54, 55, 56, 57, 58, 74, 75, 79
70
0, 1, 15, 16, 30, 31, 45, 46, 60, 61, 62, 63, 32, 33, 2, 3, 17, 18, 47, 48, 64, 65, 34, 35, 4, 5, 19, 20, 49, 50, 66, 67, 36, 37, 6, 7, 21, 22, 51, 52, 68, 69, 71, 72, 73, 78, 70, 59, 40, 29, 10, 8, 9, 11, 12, 13, 14, 38, 39, 41, 42, 43, 76, 23, 24, 25, 26, 27, 28, 44, 77, 53, 54, 55, 56, 57, 58, 74, 75, 79
69
0, 1, 15, 16, 30, 31, 45, 46, 60, 61, 62, 63, 32, 33, 2, 3, 17, 18, 47, 48, 64, 65, 34, 35, 4, 5, 19, 20, 49, 50, 66, 67, 36, 37, 6, 7, 21, 22, 51, 52, 68, 69, 71, 72, 73, 78, 70, 59, 40, 29, 10, 8, 9, 11, 12, 13, 14, 38, 39, 41, 42, 43, 76, 23, 24, 25, 26, 27, 28, 44, 77, 53, 54, 55, 56, 57, 58, 74, 75, 79
68
0, 1, 15, 16, 30, 31, 45, 46, 60, 61, 62, 63, 32, 33, 2, 3, 17, 18, 47, 48, 64, 65, 34, 35, 4, 5, 19, 20, 49, 50, 66, 67, 36, 37, 6, 7, 21, 22, 51, 52, 68, 69, 71, 72, 73, 78, 70, 59, 40, 29, 10, 8, 9, 11, 12, 13, 14, 38, 39, 41, 42, 43, 76, 23, 24, 25, 26, 27, 28, 44, 77, 53, 54, 55, 56, 57, 58, 74, 75, 79
67
0, 1, 15, 16, 30, 31, 45, 46, 60, 61, 62, 63, 32, 33, 2, 3, 17, 18, 47, 48, 64, 65, 34, 35, 4, 5, 19, 20, 49, 50, 66, 67, 36, 37, 6, 7, 21, 22, 51, 52, 68, 69, 71, 72, 73, 78, 70, 59, 40, 29, 10, 8, 9, 11, 12, 13, 14, 38, 39, 41, 42, 43, 76, 23, 24, 25, 26, 27, 28, 44, 77, 53, 54, 55, 56, 57, 58, 74, 75, 79
66
0, 1, 15, 16, 30, 31, 45, 46, 60, 61, 62, 63, 32, 33, 2, 3, 17, 18, 47, 48, 64, 65, 34, 35, 4, 5, 19, 20, 49, 50, 66, 67, 36, 37, 6, 7, 21, 22, 51, 52, 68, 69, 71, 72, 73, 78, 70, 59, 40, 29, 10, 8, 9, 11, 12, 13, 14, 38, 39, 41, 42, 43, 76, 23, 24, 25, 26, 27, 28, 44, 77, 53, 54, 55, 56, 57, 58, 74, 75, 79
65
0, 1, 15, 16, 30, 31, 45, 46, 60, 61, 62, 63, 32, 33, 2, 3, 17, 18, 47, 48, 64, 65, 34, 35, 4, 5, 19, 20, 49, 50, 66, 67, 36, 37, 6, 7, 21, 22, 51, 52, 68, 69, 71, 72, 73, 78, 70, 59, 40, 29, 10, 8, 9, 11, 12, 13, 14, 38, 39, 41, 42, 43, 76, 23, 24, 25, 26, 27, 28, 44, 77, 53, 54, 55, 56, 57, 58, 74, 75, 79
64
0, 1, 15, 16, 30, 31, 45, 46, 60, 61, 62, 63, 32, 33, 2, 3, 17, 18, 47, 48, 64, 65, 34, 35, 4, 5, 19, 20, 49, 50, 66, 67, 36, 37, 6, 7, 21, 22, 51, 52, 68, 69, 71, 72, 73, 78, 70, 59, 40, 29, 10, 8, 9, 11, 12, 13, 14, 38, 39, 41, 42, 43, 76, 23, 24, 25, 26, 27, 28, 44, 77, 53, 54, 55, 56, 57, 58, 74, 75, 79
63
0, 1, 15, 16, 30, 31, 45, 46, 60, 61, 62, 63, 32, 33, 2, 3, 17, 18, 47, 48, 64, 65, 34, 35, 4, 5, 19, 20, 49, 50, 66, 67, 36, 37, 6, 7, 21, 22, 51, 52, 68, 69, 71, 72, 73, 78, 70, 59, 40, 29, 10, 8, 9, 11, 12, 13, 14, 38, 39, 41, 42, 43, 76, 23, 24, 25, 26, 27, 28, 44, 77, 53, 54, 55, 56, 57, 58, 74, 75, 79
62
0, 1, 15, 16, 30, 31, 45, 46, 60, 61, 62, 63, 32, 33, 2, 3, 17, 18, 47, 48, 64, 65, 34, 35, 4, 5, 19, 20, 49, 50, 66, 67, 36, 37, 6, 7, 21, 22, 51, 52, 68, 69, 71, 72, 73, 78, 70, 59, 40, 29, 10, 8, 9, 11, 12, 13, 14, 38, 39, 41, 42, 43, 76, 23, 24, 25, 26, 27, 28, 44, 77, 53, 54, 55, 56, 57, 58, 74, 75, 79
61
0, 1, 15, 16, 30, 31, 45, 46, 60, 61, 62, 63, 32, 33, 2, 3, 17, 18, 47, 48, 64, 65, 34, 35, 4, 5, 19, 20, 49, 50, 66, 67, 36, 37, 6, 7, 21, 22, 51, 52, 68, 69, 71, 72, 73, 78, 70, 59, 40, 29, 10, 8, 9, 11, 12, 13, 14, 38, 39, 41, 42, 43, 76, 23, 24, 25, 26, 27, 28, 44, 77, 53, 54, 55, 56, 57, 58, 74, 75, 79
60
0, 1, 15, 16, 30, 31, 45, 46, 60, 61, 62, 63, 32, 33, 2, 3, 17, 18, 47, 48, 64, 65, 34, 35, 4, 5, 19, 20, 49, 50, 66, 67, 36, 37, 6, 7, 21, 22, 51, 52, 68, 69, 71, 72, 73, 78, 70, 59, 40, 29, 10, 8, 9, 11, 12, 13, 14, 38, 39, 41, 42, 43, 76, 23, 24, 25, 26, 27, 28, 44, 77, 53, 54, 55, 56, 57, 58, 74, 75, 79
59
0, 1, 15, 16, 30, 31, 45, 46, 60, 61, 62, 63, 32, 33, 2, 3, 17, 18, 47, 48, 64, 65, 34, 35, 4, 5, 19, 20, 49, 50, 66, 67, 36, 37, 6, 7, 21, 22, 51, 52, 68, 69, 71, 72, 73, 78, 70, 59, 40, 29, 10, 8, 9, 11, 12, 13, 14, 38, 39, 41, 42, 43, 76, 23, 24, 25, 26, 27, 28, 44, 77, 53, 54, 55, 56, 57, 58, 74, 75, 79
58
0, 1, 15, 16, 30, 31, 45, 46, 60, 61, 62, 63, 32, 33, 2, 3, 17, 18, 47, 48, 64, 65, 34, 35, 4, 5, 19, 20, 49, 50, 66, 67, 36, 37, 6, 7, 21, 22, 51, 52, 68, 69, 71, 72, 73, 78, 70, 59, 40, 29, 10, 8, 9, 11, 12, 13, 14, 38, 39, 41, 42, 43, 76, 23, 24, 25, 26, 27, 28, 44, 77, 53, 54, 55, 56, 57, 58, 74, 75, 79
57
0, 1, 15, 16, 30, 31, 45, 46, 60, 61, 62, 63, 32, 33, 2, 3, 17, 18, 47, 48, 64, 65, 34, 35, 4, 5, 19, 20, 49, 50, 66, 67, 36, 37, 6, 7, 21, 22, 51, 52, 68, 69, 71, 72, 73, 78, 70, 59, 40, 29, 10, 8, 9, 11, 12, 13, 14, 38, 39, 41, 42, 43, 76, 23, 24, 25, 26, 27, 28, 44, 77, 53, 54, 55, 56, 57, 58, 74, 75, 79
56
0, 1, 15, 16, 30, 31, 45, 46, 60, 61, 62, 63, 32, 33, 2, 3, 17, 18, 47, 48, 64, 65, 34, 35, 4, 5, 19, 20, 49, 50, 66, 67, 36, 37, 6, 7, 21, 22, 51, 52, 68, 69, 71, 72, 73, 78, 70, 59, 40, 29, 10, 8, 9, 11, 12, 13, 14, 38, 39, 41, 42, 43, 76, 23, 24, 25, 26, 27, 28, 44, 77, 53, 54, 55, 56, 57, 58, 74, 75, 79
55
0, 1, 15, 16, 30, 31, 45, 46, 60, 61, 62, 63, 32, 33, 2, 3, 17, 18, 47, 48, 64, 65, 34, 35, 4, 5, 19, 20, 49, 50, 66, 67, 36, 37, 6, 7, 21, 22, 51, 52, 68, 69, 71, 72, 73, 78, 70, 59, 40, 29, 10, 8, 9, 11, 12, 13, 14, 38, 39, 41, 42, 43, 76, 23, 24, 25, 26, 27, 28, 44, 77, 53, 54, 55, 56, 57, 58, 74, 75, 79
54
0, 1, 15, 16, 30, 31, 45, 46, 60, 61, 62, 63, 32, 33, 2, 3, 17, 18, 47, 48, 64, 65, 34, 35, 4, 5, 19, 20, 49, 50, 66, 67, 36, 37, 6, 7, 21, 22, 51, 52, 68, 69, 71, 72, 73, 78, 70, 59, 40, 29, 10, 8, 9, 11, 12, 13, 14, 38, 39, 41, 42, 43, 76, 23, 24, 25, 26, 27, 28, 44, 77, 53, 54, 55, 56, 57, 58, 74, 75, 79
53
0, 1, 15, 16, 30, 31, 45, 46, 60, 61, 62, 63, 32, 33, 2, 3, 17, 18, 47, 48, 64, 65, 34, 35, 4, 5, 19, 20, 49, 50, 66, 67, 36, 37, 6, 7, 21, 22, 51, 52, 68, 69, 71, 72, 73, 78, 70, 59, 40, 29, 10, 8, 9, 11, 12, 13, 14, 38, 39, 41, 42, 43, 76, 23, 24, 25, 26, 27, 28, 44, 77, 53, 54, 55, 56, 57, 58, 74, 75, 79
52
0, 1, 15, 16, 30, 31, 45, 46, 60, 61, 62, 63, 32, 33, 2, 3, 17, 18, 47, 48, 64, 65, 34, 35, 4, 5, 19, 20, 49, 50, 66, 67, 36, 37, 6, 7, 21, 22, 51, 52, 68, 69, 71, 72, 73, 78, 70, 59, 40, 29, 10, 8, 9, 11, 12, 13, 14, 38, 39, 41, 42, 43, 76, 23, 24, 25, 26, 27, 28, 44, 77, 53, 54, 55, 56, 57, 58, 74, 75, 79
51
0, 1, 15, 16, 30, 31, 45, 46, 60, 61, 62, 63, 32, 33, 2, 3, 17, 18, 47, 48, 64, 65, 34, 35, 4, 5, 19, 20, 49, 50, 66, 67, 36, 37, 6, 7, 21, 22, 51, 52, 68, 69, 71, 72, 73, 78, 70, 59, 40, 29, 10, 8, 9, 11, 12, 13, 14, 38, 39, 41, 42, 43, 76, 23, 24, 25, 26, 27, 28, 44, 77, 53, 54, 55, 56, 57, 58, 74, 75, 79
50
0, 1, 15, 16, 30, 31, 45, 46, 60, 61, 62, 63, 32, 33, 2, 3, 17, 18, 47, 48, 64, 65, 34, 35, 4, 5, 19, 20, 49, 50, 66, 67, 36, 37, 6, 7, 21, 22, 51, 52, 68, 69, 71, 72, 73, 78, 70, 59, 40, 29, 10, 8, 9, 11, 12, 13, 14, 38, 39, 41, 42, 43, 76, 23, 24, 25, 26, 27, 28, 44, 77, 53, 54, 55, 56, 57, 58, 74, 75, 79
49
0, 1, 15, 16, 30, 31, 45, 46, 60, 61, 62, 63, 32, 33, 2, 3, 17, 18, 47, 48, 64, 65, 34, 35, 4, 5, 19, 20, 49, 50, 66, 67, 36, 37, 6, 7, 21, 22, 51, 52, 68, 69, 71, 72, 73, 78, 70, 59, 40, 29, 10, 8, 9, 11, 12, 13, 14, 38, 39, 41, 42, 43, 76, 23, 24, 25, 26, 27, 28, 44, 77, 53, 54, 55, 56, 57, 58, 74, 75, 79
48
0, 1, 15, 16, 30, 31, 45, 46, 60, 61, 62, 63, 32, 33, 2, 3, 17, 18, 47, 48, 64, 65, 34, 35, 4, 5, 19, 20, 49, 50, 66, 67, 36, 37, 6, 7, 21, 22, 51, 52, 68, 69, 71, 72, 73, 78, 70, 59, 40, 29, 10, 8, 9, 11, 12, 13, 14, 38, 39, 41, 42, 43, 76, 23, 24, 25, 26, 27, 28, 44, 77, 53, 54, 55, 56, 57, 58, 74, 75, 79
47
0, 1, 15, 16, 30, 31, 45, 46, 60, 61, 62, 63, 32, 33, 2, 3, 17, 18, 47, 48, 64, 65, 34, 35, 4, 5, 19, 20, 49, 50, 66, 67, 36, 37, 6, 7, 21, 22, 51, 52, 68, 69, 71, 72, 73, 78, 70, 59, 40, 29, 10, 8, 9, 11, 12, 13, 14, 38, 39, 41, 42, 43, 76, 23, 24, 25, 26, 27, 28, 44, 77, 53, 54, 55, 56, 57, 58, 74, 75, 79
46
0, 1, 15, 16, 30, 31, 45, 46, 60, 61, 62, 63, 32, 33, 2, 3, 17, 18, 47, 48, 64, 65, 34, 35, 4, 5, 19, 20, 49, 50, 66, 67, 36, 37, 6, 7, 21, 22, 51, 52, 68, 69, 71, 72, 73, 78, 70, 59, 40, 29, 10, 8, 9, 11, 12, 13, 14, 38, 39, 41, 42, 43, 76, 23, 24, 25, 26, 27, 28, 44, 77, 53, 54, 55, 56, 57, 58, 74, 75, 79
45
0, 1, 15, 16, 30, 31, 45, 46, 60, 61, 62, 63, 32, 33, 2, 3, 17, 18, 47, 48, 64, 65, 34, 35, 4, 5, 19, 20, 49, 50, 66, 67, 36, 37, 6, 7, 21, 22, 51, 52, 68, 69, 71, 72, 73, 78, 70, 59, 40, 29, 10, 8, 9, 11, 12, 13, 14, 38, 39, 41, 42, 43, 76, 23, 24, 25, 26, 27, 28, 44, 77, 53, 54, 55, 56, 57, 58, 74, 75, 79
44
0, 1, 15, 16, 30, 31, 45, 46, 60, 61, 62, 63, 32, 33, 2, 3, 17, 18, 47, 48, 64, 65, 34, 35, 4, 5, 19, 20, 49, 50, 66, 67, 36, 37, 6, 7, 21, 22, 51, 52, 68, 69, 71, 72, 73, 78, 70, 59, 40, 29, 10, 8, 9, 11, 12, 13, 14, 38, 39, 41, 42, 43, 76, 23, 24, 25, 26, 27, 28, 44, 77, 53, 54, 55, 56, 57, 58, 74, 75, 79
43
0, 1, 15, 16, 30, 31, 45, 46, 60, 61, 62, 63, 32, 33, 2, 3, 17, 18, 47, 48, 64, 65, 34, 35, 4, 5, 19, 20, 49, 50, 66, 67, 36, 37, 6, 7, 21, 22, 51, 52, 68, 69, 71, 72, 73, 78, 70, 59, 40, 29, 10, 8, 9, 11, 12, 13, 14, 38, 39, 41, 42, 43, 76, 23, 24, 25, 26, 27, 28, 44, 77, 53, 54, 55, 56, 57, 58, 74, 75, 79
42
0, 1, 15, 16, 30, 31, 45, 46, 60, 61, 62, 63, 32, 33, 2, 3, 17, 18, 47, 48, 64, 65, 34, 35, 4, 5, 19, 20, 49, 50, 66, 67, 36, 37, 6, 7, 21, 22, 51, 52, 68, 69, 71, 72, 73, 78, 70, 59, 40, 29, 10, 8, 9, 11, 12, 13, 14, 38, 39, 41, 42, 43, 76, 23, 24, 25, 26, 27, 28, 44, 77, 53, 54, 55, 56, 57, 58, 74, 75, 79
41
0, 1, 15, 16, 30, 31, 45, 46, 60, 61, 62, 63, 32, 33, 2, 3, 17, 18, 47, 48, 64, 65, 34, 35, 4, 5, 19, 20, 49, 50, 66, 67, 36, 37, 6, 7, 21, 22, 51, 52, 68, 69, 71, 72, 73, 78, 70, 59, 40, 29, 10, 8, 9, 11, 12, 13, 14, 38, 39, 41, 42, 43, 76, 23, 24, 25, 26, 27, 28, 44, 77, 53, 54, 55, 56, 57, 58, 74, 75, 79
40
0, 1, 15, 16, 30, 31, 45, 46, 60, 61, 62, 63, 32, 33, 2, 3, 17, 18, 47, 48, 64, 65, 34, 35, 4, 5, 19, 20, 49, 50, 66, 67, 36, 37, 6, 7, 21, 22, 51, 52, 68, 69, 71, 72, 73, 78, 70, 59, 40, 29, 10, 8, 9, 11, 12, 13, 14, 38, 39, 41, 42, 43, 76, 23, 24, 25, 26, 27, 28, 44, 77, 53, 54, 55, 56, 57, 58, 74, 75, 79
39
0, 1, 15, 16, 30, 31, 45, 46, 60, 61, 62, 63, 32, 33, 2, 3, 17, 18, 47, 48, 64, 65, 34, 35, 4, 5, 19, 20, 49, 50, 66, 67, 36, 37, 6, 7, 21, 22, 51, 52, 68, 69, 71, 72, 73, 78, 70, 59, 40, 29, 10, 8, 9, 11, 12, 13, 14, 38, 39, 41, 42, 43, 76, 23, 24, 25, 26, 27, 28, 44, 77, 53, 54, 55, 56, 57, 58, 74, 75, 79
38
0, 1, 15, 16, 30, 31, 45, 46, 60, 61, 62, 63, 32, 33, 2, 3, 17, 18, 47, 48, 64, 65, 34, 35, 4, 5, 19, 20, 49, 50, 66, 67, 36, 37, 6, 7, 21, 22, 51, 52, 68, 69, 71, 72, 73, 78, 70, 59, 40, 29, 10, 8, 9, 11, 12, 13, 14, 38, 39, 41, 42, 43, 76, 23, 24, 25, 26, 27, 28, 44, 77, 53, 54, 55, 56, 57, 58, 74, 75, 79
37
0, 1, 15, 16, 30, 31, 45, 46, 60, 61, 62, 63, 32, 33, 2, 3, 17, 18, 47, 48, 64, 65, 34, 35, 4, 5, 19, 20, 49, 50, 66, 67, 36, 37, 6, 7, 21, 22, 51, 52, 68, 69, 71, 72, 73, 78, 70, 59, 40, 29, 10, 8, 9, 11, 12, 13, 14, 38, 39, 41, 42, 43, 76, 23, 24, 25, 26, 27, 28, 44, 77, 53, 54, 55, 56, 57, 58, 74, 75, 79
36
0, 1, 15, 16, 30, 31, 45, 46, 60, 61, 62, 63, 32, 33, 2, 3, 17, 18, 47, 48, 64, 65, 34, 35, 4, 5, 19, 20, 49, 50, 66, 67, 36, 37, 6, 7, 21, 22, 51, 52, 68, 69, 71, 72, 73, 78, 70, 59, 40, 29, 10, 8, 9, 11, 12, 13, 14, 38, 39, 41, 42, 43, 76, 23, 24, 25, 26, 27, 28, 44, 77, 53, 54, 55, 56, 57, 58, 74, 75, 79
35
0, 1, 15, 16, 30, 31, 45, 46, 60, 61, 62, 63, 32, 33, 2, 3, 17, 18, 47, 48, 64, 65, 34, 35, 4, 5, 19, 20, 49, 50, 66, 67, 36, 37, 6, 7, 21, 22, 51, 52, 68, 69, 71, 72, 73, 78, 70, 59, 40, 29, 10, 8, 9, 11, 12, 13, 14, 38, 39, 41, 42, 43, 76, 23, 24, 25, 26, 27, 28, 44, 77, 53, 54, 55, 56, 57, 58, 74, 75, 79
34
0, 1, 15, 16, 30, 31, 45, 46, 60, 61, 62, 63, 32, 33, 2, 3, 17, 18, 47, 48, 64, 65, 34, 35, 4, 5, 19, 20, 49, 50, 66, 67, 36, 37, 6, 7, 21, 22, 51, 52, 68, 69, 71, 72, 73, 78, 70, 59, 40, 29, 10, 8, 9, 11, 12, 13, 14, 38, 39, 41, 42, 43, 76, 23, 24, 25, 26, 27, 28, 44, 77, 53, 54, 55, 56, 57, 58, 74, 75, 79
33
0, 1, 15, 16, 30, 31, 45, 46, 60, 61, 62, 63, 32, 33, 2, 3, 17, 18, 47, 48, 64, 65, 34, 35, 4, 5, 19, 20, 49, 50, 66, 67, 36, 37, 6, 7, 21, 22, 51, 52, 68, 69, 71, 72, 73, 78, 70, 59, 40, 29, 10, 8, 9, 11, 12, 13, 14, 38, 39, 41, 42, 43, 76, 23, 24, 25, 26, 27, 28, 44, 77, 53, 54, 55, 56, 57, 58, 74, 75, 79
32
0, 1, 15, 16, 30, 31, 45, 46, 60, 61, 62, 63, 32, 33, 2, 3, 17, 18, 47, 48, 64, 65, 34, 35, 4, 5, 19, 20, 49, 50, 66, 67, 36, 37, 6, 7, 21, 22, 51, 52, 68, 69, 71, 72, 73, 78, 70, 59, 40, 29, 10, 8, 9, 11, 12, 13, 14, 38, 39, 41, 42, 43, 76, 23, 24, 25, 26, 27, 28, 44, 77, 53, 54, 55, 56, 57, 58, 74, 75, 79
31
0, 1, 15, 16, 30, 31, 45, 46, 60, 61, 62, 63, 32, 33, 2, 3, 17, 18, 47, 48, 64, 65, 34, 35, 4, 5, 19, 20, 49, 50, 66, 67, 36, 37, 6, 7, 21, 22, 51, 52, 68, 69, 71, 72, 73, 78, 70, 59, 40, 29, 10, 8, 9, 11, 12, 13, 14, 38, 39, 41, 42, 43, 76, 23, 24, 25, 26, 27, 28, 44, 77, 53, 54, 55, 56, 57, 58, 74, 75, 79
30
0, 1, 15, 16, 30, 31, 45, 46, 60, 61, 62, 63, 32, 33, 2, 3, 17, 18, 47, 48, 64, 65, 34, 35, 4, 5, 19, 20, 49, 50, 66, 67, 36, 37, 6, 7, 21, 22, 71, 68, 52, 51, 69, 72, 73, 78, 70, 59, 40, 29, 10, 8, 9, 11, 12, 13, 14, 38, 39, 41, 42, 43, 76, 23, 24, 25, 26, 27, 28, 44, 77, 53, 54, 55, 56, 57, 58, 74, 75, 79
29
0, 1, 15, 16, 30, 31, 45, 46, 60, 61, 62, 63, 32, 33, 2, 3, 17, 18, 47, 48, 64, 65, 34, 35, 4, 5, 19, 20, 49, 50, 66, 67, 36, 37, 6, 7, 71, 68, 69, 72, 73, 78, 70, 74, 75, 79, 21, 22, 52, 51, 59, 40, 29, 10, 8, 9, 11, 12, 13, 14, 38, 39, 41, 42, 43, 76, 23, 24, 25, 26, 27, 28, 44, 77, 53, 54, 55, 56, 57, 58
28
0, 1, 15, 16, 30, 31, 45, 46, 60, 61, 62, 63, 32, 33, 2, 3, 17, 18, 47, 48, 64, 65, 34, 35, 4, 5, 19, 20, 49, 50, 66, 67, 36, 37, 71, 68, 69, 72, 73, 78, 70, 74, 75, 79, 6, 7, 21, 22, 52, 51, 59, 40, 29, 10, 8, 9, 11, 12, 13, 14, 38, 39, 41, 42, 43, 76, 23, 24, 25, 26, 27, 28, 44, 77, 53, 54, 55, 56, 57, 58
27
0, 1, 15, 16, 30, 31, 45, 46, 60, 61, 62, 63, 32, 33, 2, 3, 17, 18, 47, 48, 64, 65, 34, 35, 4, 5, 19, 20, 49, 50, 66, 67, 71, 68, 69, 72, 73, 78, 70, 74, 75, 79, 36, 37, 6, 7, 21, 22, 52, 51, 59, 40, 29, 10, 8, 9, 11, 12, 13, 14, 38, 39, 41, 42, 43, 76, 23, 24, 25, 26, 27, 28, 44, 77, 53, 54, 55, 56, 57, 58
26
0, 1, 15, 16, 30, 31, 45, 46, 60, 61, 62, 63, 32, 33, 2, 3, 17, 18, 47, 48, 64, 65, 34, 35, 4, 5, 19, 20, 71, 68, 69, 72, 49, 50, 66, 67, 73, 78, 70, 74, 75, 79, 36, 37, 6, 7, 21, 22, 52, 51, 59, 40, 29, 10, 8, 9, 11, 12, 13, 14, 38, 39, 41, 42, 43, 76, 23, 24, 25, 26, 27, 28, 44, 77, 53, 54, 55, 56, 57, 58
25
0, 1, 15, 16, 30, 31, 45, 46, 60, 61, 62, 63, 32, 33, 2, 3, 17, 18, 47, 48, 64, 65, 34, 35, 71, 68, 69, 72, 73, 66, 78, 67, 70, 74, 75, 79, 4, 5, 19, 20, 49, 50, 36, 37, 52, 51, 59, 40, 38, 39, 41, 42, 43, 76, 44, 77, 53, 54, 55, 56, 57, 58, 6, 7, 21, 22, 29, 10, 8, 9, 11, 12, 13, 14, 23, 24, 25, 26, 27, 28
24
0, 1, 15, 16, 30, 31, 45, 46, 60, 61, 62, 63, 32, 33, 2, 3, 17, 18, 47, 48, 64, 65, 71, 68, 69, 72, 73, 66, 78, 67, 70, 74, 75, 79, 49, 50, 52, 51, 59, 77, 53, 54, 55, 56, 57, 58, 34, 35, 4, 5, 19, 20, 36, 37, 40, 38, 39, 41, 42, 43, 76, 44, 6, 7, 21, 22, 29, 10, 8, 9, 11, 12, 13, 14, 23, 24, 25, 26, 27, 28
23
0, 1, 15, 16, 30, 31, 45, 46, 60, 61, 62, 63, 64, 65, 71, 68, 69, 72, 73, 66, 78, 67, 70, 74, 75, 79, 49, 50, 53, 54, 56, 58, 47, 48, 52, 51, 59, 77, 55, 57, 32, 33, 2, 3, 17, 18, 34, 35, 4, 5, 19, 20, 36, 37, 40, 38, 39, 41, 42, 43, 76, 44, 6, 7, 21, 22, 29, 10, 8, 9, 11, 12, 13, 14, 23, 24, 25, 26, 27, 28
22
0, 1, 15, 16, 2, 3, 17, 18, 4, 5, 8, 9, 13, 11, 6, 7, 10, 12, 14, 19, 20, 21, 22, 29, 23, 24, 25, 26, 27, 28, 30, 31, 45, 61, 60, 46, 77, 76, 62, 63, 32, 33, 64, 48, 47, 65, 34, 35, 71, 68, 69, 72, 73, 49, 67, 78, 66, 70, 74, 75, 79, 50, 53, 54, 56, 58, 52, 51, 59, 55, 57, 36, 37, 40, 38, 39, 41, 42, 43, 44
21
0, 1, 15, 16, 2, 3, 4, 5, 8, 9, 13, 11, 6, 7, 10, 12, 14, 17, 18, 19, 20, 21, 22, 29, 23, 24, 25, 26, 27, 28, 30, 31, 61, 60, 77, 45, 46, 76, 62, 63, 32, 33, 64, 48, 47, 65, 34, 35, 71, 68, 69, 72, 73, 49, 67, 78, 66, 70, 74, 75, 79, 50, 53, 54, 56, 58, 52, 51, 59, 55, 57, 36, 37, 40, 38, 39, 41, 42, 43, 44
20
0, 1, 15, 2, 3, 4, 5, 8, 9, 13, 11, 6, 7, 10, 12, 14, 16, 19, 20, 23, 24, 26, 28, 17, 18, 21, 22, 29, 25, 27, 30, 60, 77, 46, 76, 62, 32, 31, 61, 45, 63, 33, 34, 64, 48, 47, 65, 35, 36, 66, 50, 49, 67, 37, 40, 71, 68, 69, 72, 73, 78, 70, 74, 75, 79, 53, 54, 56, 58, 52, 51, 59, 55, 57, 38, 39, 41, 42, 43, 44
../benchmark_instances/2023result/docs/solver/benchmark/2022benchmark/benchmark/color04/3-FullIns_3.col	80	346	20	5454
	Command being timed: "timeout 1h java -Xms1024g -Xmx1024g -Xss134m -cp ../src/pathwidth.jar Pathwidth ../benchmark_instances/2023result/docs/solver/benchmark/2022benchmark/benchmark/color04/3-FullIns_3.col"
	User time (seconds): 5.05
	System time (seconds): 3.17
	Percent of CPU this job got: 113%
	Elapsed (wall clock) time (h:mm:ss or m:ss): 0:07.27
	Average shared text size (kbytes): 0
	Average unshared data size (kbytes): 0
	Average stack size (kbytes): 0
	Average total size (kbytes): 0
	Maximum resident set size (kbytes): 11648236
	Average resident set size (kbytes): 0
	Major (requiring I/O) page faults: 0
	Minor (reclaiming a frame) page faults: 148130
	Voluntary context switches: 2444
	Involuntary context switches: 14
	Swaps: 0
	File system inputs: 8
	File system outputs: 136
	Socket messages sent: 0
	Socket messages received: 0
	Signals delivered: 0
	Page size (bytes): 4096
	Exit status: 0
