../benchmark_instances/2023result/docs/solver/benchmark/2022benchmark/benchmark/color04/4-FullIns_3.col
114
0, 1, 18, 19, 36, 37, 54, 55, 72, 73, 90, 91, 92, 93, 56, 57, 20, 21, 2, 3, 38, 39, 74, 75, 94, 95, 58, 59, 22, 23, 4, 5, 40, 41, 76, 77, 96, 97, 60, 61, 24, 25, 6, 7, 42, 43, 78, 79, 98, 99, 62, 63, 26, 27, 8, 9, 44, 45, 80, 81, 100, 101, 103, 104, 105, 106, 112, 102, 89, 66, 53, 30, 17, 10, 11, 12, 13, 14, 15, 16, 109, 28, 29, 31, 32, 33, 34, 35, 64, 65, 67, 68, 69, 70, 110, 46, 47, 48, 49, 50, 51, 52, 71, 111, 82, 83, 84, 85, 86, 87, 88, 107, 108, 113
113
0, 1, 18, 19, 36, 37, 54, 55, 72, 73, 90, 91, 92, 93, 56, 57, 20, 21, 2, 3, 38, 39, 74, 75, 94, 95, 58, 59, 22, 23, 4, 5, 40, 41, 76, 77, 96, 97, 60, 61, 24, 25, 6, 7, 42, 43, 78, 79, 98, 99, 62, 63, 26, 27, 8, 9, 44, 45, 80, 81, 100, 101, 103, 104, 105, 106, 112, 102, 89, 66, 53, 30, 17, 10, 11, 12, 13, 14, 15, 16, 109, 28, 29, 31, 32, 33, 34, 35, 64, 65, 67, 68, 69, 70, 110, 46, 47, 48, 49, 50, 51, 52, 71, 111, 82, 83, 84, 85, 86, 87, 88, 107, 108, 113
112
0, 1, 18, 19, 36, 37, 54, 55, 72, 73, 90, 91, 92, 93, 56, 57, 20, 21, 2, 3, 38, 39, 74, 75, 94, 95, 58, 59, 22, 23, 4, 5, 40, 41, 76, 77, 96, 97, 60, 61, 24, 25, 6, 7, 42, 43, 78, 79, 98, 99, 62, 63, 26, 27, 8, 9, 44, 45, 80, 81, 100, 101, 103, 104, 105, 106, 112, 102, 89, 66, 53, 30, 17, 10, 11, 12, 13, 14, 15, 16, 109, 28, 29, 31, 32, 33, 34, 35, 64, 65, 67, 68, 69, 70, 110, 46, 47, 48, 49, 50, 51, 52, 71, 111, 82, 83, 84, 85, 86, 87, 88, 107, 108, 113
111
0, 1, 18, 19, 36, 37, 54, 55, 72, 73, 90, 91, 92, 93, 56, 57, 20, 21, 2, 3, 38, 39, 74, 75, 94, 95, 58, 59, 22, 23, 4, 5, 40, 41, 76, 77, 96, 97, 60, 61, 24, 25, 6, 7, 42, 43, 78, 79, 98, 99, 62, 63, 26, 27, 8, 9, 44, 45, 80, 81, 100, 101, 103, 104, 105, 106, 112, 102, 89, 66, 53, 30, 17, 10, 11, 12, 13, 14, 15, 16, 109, 28, 29, 31, 32, 33, 34, 35, 64, 65, 67, 68, 69, 70, 110, 46, 47, 48, 49, 50, 51, 52, 71, 111, 82, 83, 84, 85, 86, 87, 88, 107, 108, 113
110
0, 1, 18, 19, 36, 37, 54, 55, 72, 73, 90, 91, 92, 93, 56, 57, 20, 21, 2, 3, 38, 39, 74, 75, 94, 95, 58, 59, 22, 23, 4, 5, 40, 41, 76, 77, 96, 97, 60, 61, 24, 25, 6, 7, 42, 43, 78, 79, 98, 99, 62, 63, 26, 27, 8, 9, 44, 45, 80, 81, 100, 101, 103, 104, 105, 106, 112, 102, 89, 66, 53, 30, 17, 10, 11, 12, 13, 14, 15, 16, 109, 28, 29, 31, 32, 33, 34, 35, 64, 65, 67, 68, 69, 70, 110, 46, 47, 48, 49, 50, 51, 52, 71, 111, 82, 83, 84, 85, 86, 87, 88, 107, 108, 113
109
0, 1, 18, 19, 36, 37, 54, 55, 72, 73, 90, 91, 92, 93, 56, 57, 20, 21, 2, 3, 38, 39, 74, 75, 94, 95, 58, 59, 22, 23, 4, 5, 40, 41, 76, 77, 96, 97, 60, 61, 24, 25, 6, 7, 42, 43, 78, 79, 98, 99, 62, 63, 26, 27, 8, 9, 44, 45, 80, 81, 100, 101, 103, 104, 105, 106, 112, 102, 89, 66, 53, 30, 17, 10, 11, 12, 13, 14, 15, 16, 109, 28, 29, 31, 32, 33, 34, 35, 64, 65, 67, 68, 69, 70, 110, 46, 47, 48, 49, 50, 51, 52, 71, 111, 82, 83, 84, 85, 86, 87, 88, 107, 108, 113
108
0, 1, 18, 19, 36, 37, 54, 55, 72, 73, 90, 91, 92, 93, 56, 57, 20, 21, 2, 3, 38, 39, 74, 75, 94, 95, 58, 59, 22, 23, 4, 5, 40, 41, 76, 77, 96, 97, 60, 61, 24, 25, 6, 7, 42, 43, 78, 79, 98, 99, 62, 63, 26, 27, 8, 9, 44, 45, 80, 81, 100, 101, 103, 104, 105, 106, 112, 102, 89, 66, 53, 30, 17, 10, 11, 12, 13, 14, 15, 16, 109, 28, 29, 31, 32, 33, 34, 35, 64, 65, 67, 68, 69, 70, 110, 46, 47, 48, 49, 50, 51, 52, 71, 111, 82, 83, 84, 85, 86, 87, 88, 107, 108, 113
107
0, 1, 18, 19, 36, 37, 54, 55, 72, 73, 90, 91, 92, 93, 56, 57, 20, 21, 2, 3, 38, 39, 74, 75, 94, 95, 58, 59, 22, 23, 4, 5, 40, 41, 76, 77, 96, 97, 60, 61, 24, 25, 6, 7, 42, 43, 78, 79, 98, 99, 62, 63, 26, 27, 8, 9, 44, 45, 80, 81, 100, 101, 103, 104, 105, 106, 112, 102, 89, 66, 53, 30, 17, 10, 11, 12, 13, 14, 15, 16, 109, 28, 29, 31, 32, 33, 34, 35, 64, 65, 67, 68, 69, 70, 110, 46, 47, 48, 49, 50, 51, 52, 71, 111, 82, 83, 84, 85, 86, 87, 88, 107, 108, 113
106
0, 1, 18, 19, 36, 37, 54, 55, 72, 73, 90, 91, 92, 93, 56, 57, 20, 21, 2, 3, 38, 39, 74, 75, 94, 95, 58, 59, 22, 23, 4, 5, 40, 41, 76, 77, 96, 97, 60, 61, 24, 25, 6, 7, 42, 43, 78, 79, 98, 99, 62, 63, 26, 27, 8, 9, 44, 45, 80, 81, 100, 101, 103, 104, 105, 106, 112, 102, 89, 66, 53, 30, 17, 10, 11, 12, 13, 14, 15, 16, 109, 28, 29, 31, 32, 33, 34, 35, 64, 65, 67, 68, 69, 70, 110, 46, 47, 48, 49, 50, 51, 52, 71, 111, 82, 83, 84, 85, 86, 87, 88, 107, 108, 113
105
0, 1, 18, 19, 36, 37, 54, 55, 72, 73, 90, 91, 92, 93, 56, 57, 20, 21, 2, 3, 38, 39, 74, 75, 94, 95, 58, 59, 22, 23, 4, 5, 40, 41, 76, 77, 96, 97, 60, 61, 24, 25, 6, 7, 42, 43, 78, 79, 98, 99, 62, 63, 26, 27, 8, 9, 44, 45, 80, 81, 100, 101, 103, 104, 105, 106, 112, 102, 89, 66, 53, 30, 17, 10, 11, 12, 13, 14, 15, 16, 109, 28, 29, 31, 32, 33, 34, 35, 64, 65, 67, 68, 69, 70, 110, 46, 47, 48, 49, 50, 51, 52, 71, 111, 82, 83, 84, 85, 86, 87, 88, 107, 108, 113
104
0, 1, 18, 19, 36, 37, 54, 55, 72, 73, 90, 91, 92, 93, 56, 57, 20, 21, 2, 3, 38, 39, 74, 75, 94, 95, 58, 59, 22, 23, 4, 5, 40, 41, 76, 77, 96, 97, 60, 61, 24, 25, 6, 7, 42, 43, 78, 79, 98, 99, 62, 63, 26, 27, 8, 9, 44, 45, 80, 81, 100, 101, 103, 104, 105, 106, 112, 102, 89, 66, 53, 30, 17, 10, 11, 12, 13, 14, 15, 16, 109, 28, 29, 31, 32, 33, 34, 35, 64, 65, 67, 68, 69, 70, 110, 46, 47, 48, 49, 50, 51, 52, 71, 111, 82, 83, 84, 85, 86, 87, 88, 107, 108, 113
103
0, 1, 18, 19, 36, 37, 54, 55, 72, 73, 90, 91, 92, 93, 56, 57, 20, 21, 2, 3, 38, 39, 74, 75, 94, 95, 58, 59, 22, 23, 4, 5, 40, 41, 76, 77, 96, 97, 60, 61, 24, 25, 6, 7, 42, 43, 78, 79, 98, 99, 62, 63, 26, 27, 8, 9, 44, 45, 80, 81, 100, 101, 103, 104, 105, 106, 112, 102, 89, 66, 53, 30, 17, 10, 11, 12, 13, 14, 15, 16, 109, 28, 29, 31, 32, 33, 34, 35, 64, 65, 67, 68, 69, 70, 110, 46, 47, 48, 49, 50, 51, 52, 71, 111, 82, 83, 84, 85, 86, 87, 88, 107, 108, 113
102
0, 1, 18, 19, 36, 37, 54, 55, 72, 73, 90, 91, 92, 93, 56, 57, 20, 21, 2, 3, 38, 39, 74, 75, 94, 95, 58, 59, 22, 23, 4, 5, 40, 41, 76, 77, 96, 97, 60, 61, 24, 25, 6, 7, 42, 43, 78, 79, 98, 99, 62, 63, 26, 27, 8, 9, 44, 45, 80, 81, 100, 101, 103, 104, 105, 106, 112, 102, 89, 66, 53, 30, 17, 10, 11, 12, 13, 14, 15, 16, 109, 28, 29, 31, 32, 33, 34, 35, 64, 65, 67, 68, 69, 70, 110, 46, 47, 48, 49, 50, 51, 52, 71, 111, 82, 83, 84, 85, 86, 87, 88, 107, 108, 113
101
0, 1, 18, 19, 36, 37, 54, 55, 72, 73, 90, 91, 92, 93, 56, 57, 20, 21, 2, 3, 38, 39, 74, 75, 94, 95, 58, 59, 22, 23, 4, 5, 40, 41, 76, 77, 96, 97, 60, 61, 24, 25, 6, 7, 42, 43, 78, 79, 98, 99, 62, 63, 26, 27, 8, 9, 44, 45, 80, 81, 100, 101, 103, 104, 105, 106, 112, 102, 89, 66, 53, 30, 17, 10, 11, 12, 13, 14, 15, 16, 109, 28, 29, 31, 32, 33, 34, 35, 64, 65, 67, 68, 69, 70, 110, 46, 47, 48, 49, 50, 51, 52, 71, 111, 82, 83, 84, 85, 86, 87, 88, 107, 108, 113
100
0, 1, 18, 19, 36, 37, 54, 55, 72, 73, 90, 91, 92, 93, 56, 57, 20, 21, 2, 3, 38, 39, 74, 75, 94, 95, 58, 59, 22, 23, 4, 5, 40, 41, 76, 77, 96, 97, 60, 61, 24, 25, 6, 7, 42, 43, 78, 79, 98, 99, 62, 63, 26, 27, 8, 9, 44, 45, 80, 81, 100, 101, 103, 104, 105, 106, 112, 102, 89, 66, 53, 30, 17, 10, 11, 12, 13, 14, 15, 16, 109, 28, 29, 31, 32, 33, 34, 35, 64, 65, 67, 68, 69, 70, 110, 46, 47, 48, 49, 50, 51, 52, 71, 111, 82, 83, 84, 85, 86, 87, 88, 107, 108, 113
99
0, 1, 18, 19, 36, 37, 54, 55, 72, 73, 90, 91, 92, 93, 56, 57, 20, 21, 2, 3, 38, 39, 74, 75, 94, 95, 58, 59, 22, 23, 4, 5, 40, 41, 76, 77, 96, 97, 60, 61, 24, 25, 6, 7, 42, 43, 78, 79, 98, 99, 62, 63, 26, 27, 8, 9, 44, 45, 80, 81, 100, 101, 103, 104, 105, 106, 112, 102, 89, 66, 53, 30, 17, 10, 11, 12, 13, 14, 15, 16, 109, 28, 29, 31, 32, 33, 34, 35, 64, 65, 67, 68, 69, 70, 110, 46, 47, 48, 49, 50, 51, 52, 71, 111, 82, 83, 84, 85, 86, 87, 88, 107, 108, 113
98
0, 1, 18, 19, 36, 37, 54, 55, 72, 73, 90, 91, 92, 93, 56, 57, 20, 21, 2, 3, 38, 39, 74, 75, 94, 95, 58, 59, 22, 23, 4, 5, 40, 41, 76, 77, 96, 97, 60, 61, 24, 25, 6, 7, 42, 43, 78, 79, 98, 99, 62, 63, 26, 27, 8, 9, 44, 45, 80, 81, 100, 101, 103, 104, 105, 106, 112, 102, 89, 66, 53, 30, 17, 10, 11, 12, 13, 14, 15, 16, 109, 28, 29, 31, 32, 33, 34, 35, 64, 65, 67, 68, 69, 70, 110, 46, 47, 48, 49, 50, 51, 52, 71, 111, 82, 83, 84, 85, 86, 87, 88, 107, 108, 113
97
0, 1, 18, 19, 36, 37, 54, 55, 72, 73, 90, 91, 92, 93, 56, 57, 20, 21, 2, 3, 38, 39, 74, 75, 94, 95, 58, 59, 22, 23, 4, 5, 40, 41, 76, 77, 96, 97, 60, 61, 24, 25, 6, 7, 42, 43, 78, 79, 98, 99, 62, 63, 26, 27, 8, 9, 44, 45, 80, 81, 100, 101, 103, 104, 105, 106, 112, 102, 89, 66, 53, 30, 17, 10, 11, 12, 13, 14, 15, 16, 109, 28, 29, 31, 32, 33, 34, 35, 64, 65, 67, 68, 69, 70, 110, 46, 47, 48, 49, 50, 51, 52, 71, 111, 82, 83, 84, 85, 86, 87, 88, 107, 108, 113
96
0, 1, 18, 19, 36, 37, 54, 55, 72, 73, 90, 91, 92, 93, 56, 57, 20, 21, 2, 3, 38, 39, 74, 75, 94, 95, 58, 59, 22, 23, 4, 5, 40, 41, 76, 77, 96, 97, 60, 61, 24, 25, 6, 7, 42, 43, 78, 79, 98, 99, 62, 63, 26, 27, 8, 9, 44, 45, 80, 81, 100, 101, 103, 104, 105, 106, 112, 102, 89, 66, 53, 30, 17, 10, 11, 12, 13, 14, 15, 16, 109, 28, 29, 31, 32, 33, 34, 35, 64, 65, 67, 68, 69, 70, 110, 46, 47, 48, 49, 50, 51, 52, 71, 111, 82, 83, 84, 85, 86, 87, 88, 107, 108, 113
95
0, 1, 18, 19, 36, 37, 54, 55, 72, 73, 90, 91, 92, 93, 56, 57, 20, 21, 2, 3, 38, 39, 74, 75, 94, 95, 58, 59, 22, 23, 4, 5, 40, 41, 76, 77, 96, 97, 60, 61, 24, 25, 6, 7, 42, 43, 78, 79, 98, 99, 62, 63, 26, 27, 8, 9, 44, 45, 80, 81, 100, 101, 103, 104, 105, 106, 112, 102, 89, 66, 53, 30, 17, 10, 11, 12, 13, 14, 15, 16, 109, 28, 29, 31, 32, 33, 34, 35, 64, 65, 67, 68, 69, 70, 110, 46, 47, 48, 49, 50, 51, 52, 71, 111, 82, 83, 84, 85, 86, 87, 88, 107, 108, 113
94
0, 1, 18, 19, 36, 37, 54, 55, 72, 73, 90, 91, 92, 93, 56, 57, 20, 21, 2, 3, 38, 39, 74, 75, 94, 95, 58, 59, 22, 23, 4, 5, 40, 41, 76, 77, 96, 97, 60, 61, 24, 25, 6, 7, 42, 43, 78, 79, 98, 99, 62, 63, 26, 27, 8, 9, 44, 45, 80, 81, 100, 101, 103, 104, 105, 106, 112, 102, 89, 66, 53, 30, 17, 10, 11, 12, 13, 14, 15, 16, 109, 28, 29, 31, 32, 33, 34, 35, 64, 65, 67, 68, 69, 70, 110, 46, 47, 48, 49, 50, 51, 52, 71, 111, 82, 83, 84, 85, 86, 87, 88, 107, 108, 113
93
0, 1, 18, 19, 36, 37, 54, 55, 72, 73, 90, 91, 92, 93, 56, 57, 20, 21, 2, 3, 38, 39, 74, 75, 94, 95, 58, 59, 22, 23, 4, 5, 40, 41, 76, 77, 96, 97, 60, 61, 24, 25, 6, 7, 42, 43, 78, 79, 98, 99, 62, 63, 26, 27, 8, 9, 44, 45, 80, 81, 100, 101, 103, 104, 105, 106, 112, 102, 89, 66, 53, 30, 17, 10, 11, 12, 13, 14, 15, 16, 109, 28, 29, 31, 32, 33, 34, 35, 64, 65, 67, 68, 69, 70, 110, 46, 47, 48, 49, 50, 51, 52, 71, 111, 82, 83, 84, 85, 86, 87, 88, 107, 108, 113
92
0, 1, 18, 19, 36, 37, 54, 55, 72, 73, 90, 91, 92, 93, 56, 57, 20, 21, 2, 3, 38, 39, 74, 75, 94, 95, 58, 59, 22, 23, 4, 5, 40, 41, 76, 77, 96, 97, 60, 61, 24, 25, 6, 7, 42, 43, 78, 79, 98, 99, 62, 63, 26, 27, 8, 9, 44, 45, 80, 81, 100, 101, 103, 104, 105, 106, 112, 102, 89, 66, 53, 30, 17, 10, 11, 12, 13, 14, 15, 16, 109, 28, 29, 31, 32, 33, 34, 35, 64, 65, 67, 68, 69, 70, 110, 46, 47, 48, 49, 50, 51, 52, 71, 111, 82, 83, 84, 85, 86, 87, 88, 107, 108, 113
91
0, 1, 18, 19, 36, 37, 54, 55, 72, 73, 90, 91, 92, 93, 56, 57, 20, 21, 2, 3, 38, 39, 74, 75, 94, 95, 58, 59, 22, 23, 4, 5, 40, 41, 76, 77, 96, 97, 60, 61, 24, 25, 6, 7, 42, 43, 78, 79, 98, 99, 62, 63, 26, 27, 8, 9, 44, 45, 80, 81, 100, 101, 103, 104, 105, 106, 112, 102, 89, 66, 53, 30, 17, 10, 11, 12, 13, 14, 15, 16, 109, 28, 29, 31, 32, 33, 34, 35, 64, 65, 67, 68, 69, 70, 110, 46, 47, 48, 49, 50, 51, 52, 71, 111, 82, 83, 84, 85, 86, 87, 88, 107, 108, 113
90
0, 1, 18, 19, 36, 37, 54, 55, 72, 73, 90, 91, 92, 93, 56, 57, 20, 21, 2, 3, 38, 39, 74, 75, 94, 95, 58, 59, 22, 23, 4, 5, 40, 41, 76, 77, 96, 97, 60, 61, 24, 25, 6, 7, 42, 43, 78, 79, 98, 99, 62, 63, 26, 27, 8, 9, 44, 45, 80, 81, 100, 101, 103, 104, 105, 106, 112, 102, 89, 66, 53, 30, 17, 10, 11, 12, 13, 14, 15, 16, 109, 28, 29, 31, 32, 33, 34, 35, 64, 65, 67, 68, 69, 70, 110, 46, 47, 48, 49, 50, 51, 52, 71, 111, 82, 83, 84, 85, 86, 87, 88, 107, 108, 113
89
0, 1, 18, 19, 36, 37, 54, 55, 72, 73, 90, 91, 92, 93, 56, 57, 20, 21, 2, 3, 38, 39, 74, 75, 94, 95, 58, 59, 22, 23, 4, 5, 40, 41, 76, 77, 96, 97, 60, 61, 24, 25, 6, 7, 42, 43, 78, 79, 98, 99, 62, 63, 26, 27, 8, 9, 44, 45, 80, 81, 100, 101, 103, 104, 105, 106, 112, 102, 89, 66, 53, 30, 17, 10, 11, 12, 13, 14, 15, 16, 109, 28, 29, 31, 32, 33, 34, 35, 64, 65, 67, 68, 69, 70, 110, 46, 47, 48, 49, 50, 51, 52, 71, 111, 82, 83, 84, 85, 86, 87, 88, 107, 108, 113
88
0, 1, 18, 19, 36, 37, 54, 55, 72, 73, 90, 91, 92, 93, 56, 57, 20, 21, 2, 3, 38, 39, 74, 75, 94, 95, 58, 59, 22, 23, 4, 5, 40, 41, 76, 77, 96, 97, 60, 61, 24, 25, 6, 7, 42, 43, 78, 79, 98, 99, 62, 63, 26, 27, 8, 9, 44, 45, 80, 81, 100, 101, 103, 104, 105, 106, 112, 102, 89, 66, 53, 30, 17, 10, 11, 12, 13, 14, 15, 16, 109, 28, 29, 31, 32, 33, 34, 35, 64, 65, 67, 68, 69, 70, 110, 46, 47, 48, 49, 50, 51, 52, 71, 111, 82, 83, 84, 85, 86, 87, 88, 107, 108, 113
87
0, 1, 18, 19, 36, 37, 54, 55, 72, 73, 90, 91, 92, 93, 56, 57, 20, 21, 2, 3, 38, 39, 74, 75, 94, 95, 58, 59, 22, 23, 4, 5, 40, 41, 76, 77, 96, 97, 60, 61, 24, 25, 6, 7, 42, 43, 78, 79, 98, 99, 62, 63, 26, 27, 8, 9, 44, 45, 80, 81, 100, 101, 103, 104, 105, 106, 112, 102, 89, 66, 53, 30, 17, 10, 11, 12, 13, 14, 15, 16, 109, 28, 29, 31, 32, 33, 34, 35, 64, 65, 67, 68, 69, 70, 110, 46, 47, 48, 49, 50, 51, 52, 71, 111, 82, 83, 84, 85, 86, 87, 88, 107, 108, 113
86
0, 1, 18, 19, 36, 37, 54, 55, 72, 73, 90, 91, 92, 93, 56, 57, 20, 21, 2, 3, 38, 39, 74, 75, 94, 95, 58, 59, 22, 23, 4, 5, 40, 41, 76, 77, 96, 97, 60, 61, 24, 25, 6, 7, 42, 43, 78, 79, 98, 99, 62, 63, 26, 27, 8, 9, 44, 45, 80, 81, 100, 101, 103, 104, 105, 106, 112, 102, 89, 66, 53, 30, 17, 10, 11, 12, 13, 14, 15, 16, 109, 28, 29, 31, 32, 33, 34, 35, 64, 65, 67, 68, 69, 70, 110, 46, 47, 48, 49, 50, 51, 52, 71, 111, 82, 83, 84, 85, 86, 87, 88, 107, 108, 113
85
0, 1, 18, 19, 36, 37, 54, 55, 72, 73, 90, 91, 92, 93, 56, 57, 20, 21, 2, 3, 38, 39, 74, 75, 94, 95, 58, 59, 22, 23, 4, 5, 40, 41, 76, 77, 96, 97, 60, 61, 24, 25, 6, 7, 42, 43, 78, 79, 98, 99, 62, 63, 26, 27, 8, 9, 44, 45, 80, 81, 100, 101, 103, 104, 105, 106, 112, 102, 89, 66, 53, 30, 17, 10, 11, 12, 13, 14, 15, 16, 109, 28, 29, 31, 32, 33, 34, 35, 64, 65, 67, 68, 69, 70, 110, 46, 47, 48, 49, 50, 51, 52, 71, 111, 82, 83, 84, 85, 86, 87, 88, 107, 108, 113
84
0, 1, 18, 19, 36, 37, 54, 55, 72, 73, 90, 91, 92, 93, 56, 57, 20, 21, 2, 3, 38, 39, 74, 75, 94, 95, 58, 59, 22, 23, 4, 5, 40, 41, 76, 77, 96, 97, 60, 61, 24, 25, 6, 7, 42, 43, 78, 79, 98, 99, 62, 63, 26, 27, 8, 9, 44, 45, 80, 81, 100, 101, 103, 104, 105, 106, 112, 102, 89, 66, 53, 30, 17, 10, 11, 12, 13, 14, 15, 16, 109, 28, 29, 31, 32, 33, 34, 35, 64, 65, 67, 68, 69, 70, 110, 46, 47, 48, 49, 50, 51, 52, 71, 111, 82, 83, 84, 85, 86, 87, 88, 107, 108, 113
83
0, 1, 18, 19, 36, 37, 54, 55, 72, 73, 90, 91, 92, 93, 56, 57, 20, 21, 2, 3, 38, 39, 74, 75, 94, 95, 58, 59, 22, 23, 4, 5, 40, 41, 76, 77, 96, 97, 60, 61, 24, 25, 6, 7, 42, 43, 78, 79, 98, 99, 62, 63, 26, 27, 8, 9, 44, 45, 80, 81, 100, 101, 103, 104, 105, 106, 112, 102, 89, 66, 53, 30, 17, 10, 11, 12, 13, 14, 15, 16, 109, 28, 29, 31, 32, 33, 34, 35, 64, 65, 67, 68, 69, 70, 110, 46, 47, 48, 49, 50, 51, 52, 71, 111, 82, 83, 84, 85, 86, 87, 88, 107, 108, 113
82
0, 1, 18, 19, 36, 37, 54, 55, 72, 73, 90, 91, 92, 93, 56, 57, 20, 21, 2, 3, 38, 39, 74, 75, 94, 95, 58, 59, 22, 23, 4, 5, 40, 41, 76, 77, 96, 97, 60, 61, 24, 25, 6, 7, 42, 43, 78, 79, 98, 99, 62, 63, 26, 27, 8, 9, 44, 45, 80, 81, 100, 101, 103, 104, 105, 106, 112, 102, 89, 66, 53, 30, 17, 10, 11, 12, 13, 14, 15, 16, 109, 28, 29, 31, 32, 33, 34, 35, 64, 65, 67, 68, 69, 70, 110, 46, 47, 48, 49, 50, 51, 52, 71, 111, 82, 83, 84, 85, 86, 87, 88, 107, 108, 113
81
0, 1, 18, 19, 36, 37, 54, 55, 72, 73, 90, 91, 92, 93, 56, 57, 20, 21, 2, 3, 38, 39, 74, 75, 94, 95, 58, 59, 22, 23, 4, 5, 40, 41, 76, 77, 96, 97, 60, 61, 24, 25, 6, 7, 42, 43, 78, 79, 98, 99, 62, 63, 26, 27, 8, 9, 44, 45, 80, 81, 100, 101, 103, 104, 105, 106, 112, 102, 89, 66, 53, 30, 17, 10, 11, 12, 13, 14, 15, 16, 109, 28, 29, 31, 32, 33, 34, 35, 64, 65, 67, 68, 69, 70, 110, 46, 47, 48, 49, 50, 51, 52, 71, 111, 82, 83, 84, 85, 86, 87, 88, 107, 108, 113
80
0, 1, 18, 19, 36, 37, 54, 55, 72, 73, 90, 91, 92, 93, 56, 57, 20, 21, 2, 3, 38, 39, 74, 75, 94, 95, 58, 59, 22, 23, 4, 5, 40, 41, 76, 77, 96, 97, 60, 61, 24, 25, 6, 7, 42, 43, 78, 79, 98, 99, 62, 63, 26, 27, 8, 9, 44, 45, 80, 81, 100, 101, 103, 104, 105, 106, 112, 102, 89, 66, 53, 30, 17, 10, 11, 12, 13, 14, 15, 16, 109, 28, 29, 31, 32, 33, 34, 35, 64, 65, 67, 68, 69, 70, 110, 46, 47, 48, 49, 50, 51, 52, 71, 111, 82, 83, 84, 85, 86, 87, 88, 107, 108, 113
79
0, 1, 18, 19, 36, 37, 54, 55, 72, 73, 90, 91, 92, 93, 56, 57, 20, 21, 2, 3, 38, 39, 74, 75, 94, 95, 58, 59, 22, 23, 4, 5, 40, 41, 76, 77, 96, 97, 60, 61, 24, 25, 6, 7, 42, 43, 78, 79, 98, 99, 62, 63, 26, 27, 8, 9, 44, 45, 80, 81, 100, 101, 103, 104, 105, 106, 112, 102, 89, 66, 53, 30, 17, 10, 11, 12, 13, 14, 15, 16, 109, 28, 29, 31, 32, 33, 34, 35, 64, 65, 67, 68, 69, 70, 110, 46, 47, 48, 49, 50, 51, 52, 71, 111, 82, 83, 84, 85, 86, 87, 88, 107, 108, 113
78
0, 1, 18, 19, 36, 37, 54, 55, 72, 73, 90, 91, 92, 93, 56, 57, 20, 21, 2, 3, 38, 39, 74, 75, 94, 95, 58, 59, 22, 23, 4, 5, 40, 41, 76, 77, 96, 97, 60, 61, 24, 25, 6, 7, 42, 43, 78, 79, 98, 99, 62, 63, 26, 27, 8, 9, 44, 45, 80, 81, 100, 101, 103, 104, 105, 106, 112, 102, 89, 66, 53, 30, 17, 10, 11, 12, 13, 14, 15, 16, 109, 28, 29, 31, 32, 33, 34, 35, 64, 65, 67, 68, 69, 70, 110, 46, 47, 48, 49, 50, 51, 52, 71, 111, 82, 83, 84, 85, 86, 87, 88, 107, 108, 113
77
0, 1, 18, 19, 36, 37, 54, 55, 72, 73, 90, 91, 92, 93, 56, 57, 20, 21, 2, 3, 38, 39, 74, 75, 94, 95, 58, 59, 22, 23, 4, 5, 40, 41, 76, 77, 96, 97, 60, 61, 24, 25, 6, 7, 42, 43, 78, 79, 98, 99, 62, 63, 26, 27, 8, 9, 44, 45, 80, 81, 100, 101, 103, 104, 105, 106, 112, 102, 89, 66, 53, 30, 17, 10, 11, 12, 13, 14, 15, 16, 109, 28, 29, 31, 32, 33, 34, 35, 64, 65, 67, 68, 69, 70, 110, 46, 47, 48, 49, 50, 51, 52, 71, 111, 82, 83, 84, 85, 86, 87, 88, 107, 108, 113
76
0, 1, 18, 19, 36, 37, 54, 55, 72, 73, 90, 91, 92, 93, 56, 57, 20, 21, 2, 3, 38, 39, 74, 75, 94, 95, 58, 59, 22, 23, 4, 5, 40, 41, 76, 77, 96, 97, 60, 61, 24, 25, 6, 7, 42, 43, 78, 79, 98, 99, 62, 63, 26, 27, 8, 9, 44, 45, 80, 81, 100, 101, 103, 104, 105, 106, 112, 102, 89, 66, 53, 30, 17, 10, 11, 12, 13, 14, 15, 16, 109, 28, 29, 31, 32, 33, 34, 35, 64, 65, 67, 68, 69, 70, 110, 46, 47, 48, 49, 50, 51, 52, 71, 111, 82, 83, 84, 85, 86, 87, 88, 107, 108, 113
75
0, 1, 18, 19, 36, 37, 54, 55, 72, 73, 90, 91, 92, 93, 56, 57, 20, 21, 2, 3, 38, 39, 74, 75, 94, 95, 58, 59, 22, 23, 4, 5, 40, 41, 76, 77, 96, 97, 60, 61, 24, 25, 6, 7, 42, 43, 78, 79, 98, 99, 62, 63, 26, 27, 8, 9, 44, 45, 80, 81, 100, 101, 103, 104, 105, 106, 112, 102, 89, 66, 53, 30, 17, 10, 11, 12, 13, 14, 15, 16, 109, 28, 29, 31, 32, 33, 34, 35, 64, 65, 67, 68, 69, 70, 110, 46, 47, 48, 49, 50, 51, 52, 71, 111, 82, 83, 84, 85, 86, 87, 88, 107, 108, 113
74
0, 1, 18, 19, 36, 37, 54, 55, 72, 73, 90, 91, 92, 93, 56, 57, 20, 21, 2, 3, 38, 39, 74, 75, 94, 95, 58, 59, 22, 23, 4, 5, 40, 41, 76, 77, 96, 97, 60, 61, 24, 25, 6, 7, 42, 43, 78, 79, 98, 99, 62, 63, 26, 27, 8, 9, 44, 45, 80, 81, 100, 101, 103, 104, 105, 106, 112, 102, 89, 66, 53, 30, 17, 10, 11, 12, 13, 14, 15, 16, 109, 28, 29, 31, 32, 33, 34, 35, 64, 65, 67, 68, 69, 70, 110, 46, 47, 48, 49, 50, 51, 52, 71, 111, 82, 83, 84, 85, 86, 87, 88, 107, 108, 113
73
0, 1, 18, 19, 36, 37, 54, 55, 72, 73, 90, 91, 92, 93, 56, 57, 20, 21, 2, 3, 38, 39, 74, 75, 94, 95, 58, 59, 22, 23, 4, 5, 40, 41, 76, 77, 96, 97, 60, 61, 24, 25, 6, 7, 42, 43, 78, 79, 98, 99, 62, 63, 26, 27, 8, 9, 44, 45, 80, 81, 100, 101, 103, 104, 105, 106, 112, 102, 89, 66, 53, 30, 17, 10, 11, 12, 13, 14, 15, 16, 109, 28, 29, 31, 32, 33, 34, 35, 64, 65, 67, 68, 69, 70, 110, 46, 47, 48, 49, 50, 51, 52, 71, 111, 82, 83, 84, 85, 86, 87, 88, 107, 108, 113
72
0, 1, 18, 19, 36, 37, 54, 55, 72, 73, 90, 91, 92, 93, 56, 57, 20, 21, 2, 3, 38, 39, 74, 75, 94, 95, 58, 59, 22, 23, 4, 5, 40, 41, 76, 77, 96, 97, 60, 61, 24, 25, 6, 7, 42, 43, 78, 79, 98, 99, 62, 63, 26, 27, 8, 9, 44, 45, 80, 81, 100, 101, 103, 104, 105, 106, 112, 102, 89, 66, 53, 30, 17, 10, 11, 12, 13, 14, 15, 16, 109, 28, 29, 31, 32, 33, 34, 35, 64, 65, 67, 68, 69, 70, 110, 46, 47, 48, 49, 50, 51, 52, 71, 111, 82, 83, 84, 85, 86, 87, 88, 107, 108, 113
71
0, 1, 18, 19, 36, 37, 54, 55, 72, 73, 90, 91, 92, 93, 56, 57, 20, 21, 2, 3, 38, 39, 74, 75, 94, 95, 58, 59, 22, 23, 4, 5, 40, 41, 76, 77, 96, 97, 60, 61, 24, 25, 6, 7, 42, 43, 78, 79, 98, 99, 62, 63, 26, 27, 8, 9, 44, 45, 80, 81, 100, 101, 103, 104, 105, 106, 112, 102, 89, 66, 53, 30, 17, 10, 11, 12, 13, 14, 15, 16, 109, 28, 29, 31, 32, 33, 34, 35, 64, 65, 67, 68, 69, 70, 110, 46, 47, 48, 49, 50, 51, 52, 71, 111, 82, 83, 84, 85, 86, 87, 88, 107, 108, 113
70
0, 1, 18, 19, 36, 37, 54, 55, 72, 73, 90, 91, 92, 93, 56, 57, 20, 21, 2, 3, 38, 39, 74, 75, 94, 95, 58, 59, 22, 23, 4, 5, 40, 41, 76, 77, 96, 97, 60, 61, 24, 25, 6, 7, 42, 43, 78, 79, 98, 99, 62, 63, 26, 27, 8, 9, 44, 45, 80, 81, 100, 101, 103, 104, 105, 106, 112, 102, 89, 66, 53, 30, 17, 10, 11, 12, 13, 14, 15, 16, 109, 28, 29, 31, 32, 33, 34, 35, 64, 65, 67, 68, 69, 70, 110, 46, 47, 48, 49, 50, 51, 52, 71, 111, 82, 83, 84, 85, 86, 87, 88, 107, 108, 113
69
0, 1, 18, 19, 36, 37, 54, 55, 72, 73, 90, 91, 92, 93, 56, 57, 20, 21, 2, 3, 38, 39, 74, 75, 94, 95, 58, 59, 22, 23, 4, 5, 40, 41, 76, 77, 96, 97, 60, 61, 24, 25, 6, 7, 42, 43, 78, 79, 98, 99, 62, 63, 26, 27, 8, 9, 44, 45, 80, 81, 100, 101, 103, 104, 105, 106, 112, 102, 89, 66, 53, 30, 17, 10, 11, 12, 13, 14, 15, 16, 109, 28, 29, 31, 32, 33, 34, 35, 64, 65, 67, 68, 69, 70, 110, 46, 47, 48, 49, 50, 51, 52, 71, 111, 82, 83, 84, 85, 86, 87, 88, 107, 108, 113
68
0, 1, 18, 19, 36, 37, 54, 55, 72, 73, 90, 91, 92, 93, 56, 57, 20, 21, 2, 3, 38, 39, 74, 75, 94, 95, 58, 59, 22, 23, 4, 5, 40, 41, 76, 77, 96, 97, 60, 61, 24, 25, 6, 7, 42, 43, 78, 79, 98, 99, 62, 63, 26, 27, 8, 9, 44, 45, 80, 81, 100, 101, 103, 104, 105, 106, 112, 102, 89, 66, 53, 30, 17, 10, 11, 12, 13, 14, 15, 16, 109, 28, 29, 31, 32, 33, 34, 35, 64, 65, 67, 68, 69, 70, 110, 46, 47, 48, 49, 50, 51, 52, 71, 111, 82, 83, 84, 85, 86, 87, 88, 107, 108, 113
67
0, 1, 18, 19, 36, 37, 54, 55, 72, 73, 90, 91, 92, 93, 56, 57, 20, 21, 2, 3, 38, 39, 74, 75, 94, 95, 58, 59, 22, 23, 4, 5, 40, 41, 76, 77, 96, 97, 60, 61, 24, 25, 6, 7, 42, 43, 78, 79, 98, 99, 62, 63, 26, 27, 8, 9, 44, 45, 80, 81, 100, 101, 103, 104, 105, 106, 112, 102, 89, 66, 53, 30, 17, 10, 11, 12, 13, 14, 15, 16, 109, 28, 29, 31, 32, 33, 34, 35, 64, 65, 67, 68, 69, 70, 110, 46, 47, 48, 49, 50, 51, 52, 71, 111, 82, 83, 84, 85, 86, 87, 88, 107, 108, 113
66
0, 1, 18, 19, 36, 37, 54, 55, 72, 73, 90, 91, 92, 93, 56, 57, 20, 21, 2, 3, 38, 39, 74, 75, 94, 95, 58, 59, 22, 23, 4, 5, 40, 41, 76, 77, 96, 97, 60, 61, 24, 25, 6, 7, 42, 43, 78, 79, 98, 99, 62, 63, 26, 27, 8, 9, 44, 45, 80, 81, 100, 101, 103, 104, 105, 106, 112, 102, 89, 66, 53, 30, 17, 10, 11, 12, 13, 14, 15, 16, 109, 28, 29, 31, 32, 33, 34, 35, 64, 65, 67, 68, 69, 70, 110, 46, 47, 48, 49, 50, 51, 52, 71, 111, 82, 83, 84, 85, 86, 87, 88, 107, 108, 113
65
0, 1, 18, 19, 36, 37, 54, 55, 72, 73, 90, 91, 92, 93, 56, 57, 20, 21, 2, 3, 38, 39, 74, 75, 94, 95, 58, 59, 22, 23, 4, 5, 40, 41, 76, 77, 96, 97, 60, 61, 24, 25, 6, 7, 42, 43, 78, 79, 98, 99, 62, 63, 26, 27, 8, 9, 44, 45, 80, 81, 100, 101, 103, 104, 105, 106, 112, 102, 89, 66, 53, 30, 17, 10, 11, 12, 13, 14, 15, 16, 109, 28, 29, 31, 32, 33, 34, 35, 64, 65, 67, 68, 69, 70, 110, 46, 47, 48, 49, 50, 51, 52, 71, 111, 82, 83, 84, 85, 86, 87, 88, 107, 108, 113
64
0, 1, 18, 19, 36, 37, 54, 55, 72, 73, 90, 91, 92, 93, 56, 57, 20, 21, 2, 3, 38, 39, 74, 75, 94, 95, 58, 59, 22, 23, 4, 5, 40, 41, 76, 77, 96, 97, 60, 61, 24, 25, 6, 7, 42, 43, 78, 79, 98, 99, 62, 63, 26, 27, 8, 9, 44, 45, 80, 81, 100, 101, 103, 104, 105, 106, 112, 102, 89, 66, 53, 30, 17, 10, 11, 12, 13, 14, 15, 16, 109, 28, 29, 31, 32, 33, 34, 35, 64, 65, 67, 68, 69, 70, 110, 46, 47, 48, 49, 50, 51, 52, 71, 111, 82, 83, 84, 85, 86, 87, 88, 107, 108, 113
63
0, 1, 18, 19, 36, 37, 54, 55, 72, 73, 90, 91, 92, 93, 56, 57, 20, 21, 2, 3, 38, 39, 74, 75, 94, 95, 58, 59, 22, 23, 4, 5, 40, 41, 76, 77, 96, 97, 60, 61, 24, 25, 6, 7, 42, 43, 78, 79, 98, 99, 62, 63, 26, 27, 8, 9, 44, 45, 80, 81, 100, 101, 103, 104, 105, 106, 112, 102, 89, 66, 53, 30, 17, 10, 11, 12, 13, 14, 15, 16, 109, 28, 29, 31, 32, 33, 34, 35, 64, 65, 67, 68, 69, 70, 110, 46, 47, 48, 49, 50, 51, 52, 71, 111, 82, 83, 84, 85, 86, 87, 88, 107, 108, 113
62
0, 1, 18, 19, 36, 37, 54, 55, 72, 73, 90, 91, 92, 93, 56, 57, 20, 21, 2, 3, 38, 39, 74, 75, 94, 95, 58, 59, 22, 23, 4, 5, 40, 41, 76, 77, 96, 97, 60, 61, 24, 25, 6, 7, 42, 43, 78, 79, 98, 99, 62, 63, 26, 27, 8, 9, 44, 45, 80, 81, 100, 101, 103, 104, 105, 106, 112, 102, 89, 66, 53, 30, 17, 10, 11, 12, 13, 14, 15, 16, 109, 28, 29, 31, 32, 33, 34, 35, 64, 65, 67, 68, 69, 70, 110, 46, 47, 48, 49, 50, 51, 52, 71, 111, 82, 83, 84, 85, 86, 87, 88, 107, 108, 113
61
0, 1, 18, 19, 36, 37, 54, 55, 72, 73, 90, 91, 92, 93, 56, 57, 20, 21, 2, 3, 38, 39, 74, 75, 94, 95, 58, 59, 22, 23, 4, 5, 40, 41, 76, 77, 96, 97, 60, 61, 24, 25, 6, 7, 42, 43, 78, 79, 98, 99, 62, 63, 26, 27, 8, 9, 44, 45, 80, 81, 100, 101, 103, 104, 105, 106, 112, 102, 89, 66, 53, 30, 17, 10, 11, 12, 13, 14, 15, 16, 109, 28, 29, 31, 32, 33, 34, 35, 64, 65, 67, 68, 69, 70, 110, 46, 47, 48, 49, 50, 51, 52, 71, 111, 82, 83, 84, 85, 86, 87, 88, 107, 108, 113
60
0, 1, 18, 19, 36, 37, 54, 55, 72, 73, 90, 91, 92, 93, 56, 57, 20, 21, 2, 3, 38, 39, 74, 75, 94, 95, 58, 59, 22, 23, 4, 5, 40, 41, 76, 77, 96, 97, 60, 61, 24, 25, 6, 7, 42, 43, 78, 79, 98, 99, 62, 63, 26, 27, 8, 9, 44, 45, 80, 81, 100, 101, 103, 104, 105, 106, 112, 102, 89, 66, 53, 30, 17, 10, 11, 12, 13, 14, 15, 16, 109, 28, 29, 31, 32, 33, 34, 35, 64, 65, 67, 68, 69, 70, 110, 46, 47, 48, 49, 50, 51, 52, 71, 111, 82, 83, 84, 85, 86, 87, 88, 107, 108, 113
59
0, 1, 18, 19, 36, 37, 54, 55, 72, 73, 90, 91, 92, 93, 56, 57, 20, 21, 2, 3, 38, 39, 74, 75, 94, 95, 58, 59, 22, 23, 4, 5, 40, 41, 76, 77, 96, 97, 60, 61, 24, 25, 6, 7, 42, 43, 78, 79, 98, 99, 62, 63, 26, 27, 8, 9, 44, 45, 80, 81, 100, 101, 103, 104, 105, 106, 112, 102, 89, 66, 53, 30, 17, 10, 11, 12, 13, 14, 15, 16, 109, 28, 29, 31, 32, 33, 34, 35, 64, 65, 67, 68, 69, 70, 110, 46, 47, 48, 49, 50, 51, 52, 71, 111, 82, 83, 84, 85, 86, 87, 88, 107, 108, 113
58
0, 1, 18, 19, 36, 37, 54, 55, 72, 73, 90, 91, 92, 93, 56, 57, 20, 21, 2, 3, 38, 39, 74, 75, 94, 95, 58, 59, 22, 23, 4, 5, 40, 41, 76, 77, 96, 97, 60, 61, 24, 25, 6, 7, 42, 43, 78, 79, 98, 99, 62, 63, 26, 27, 8, 9, 44, 45, 80, 81, 100, 101, 103, 104, 105, 106, 112, 102, 89, 66, 53, 30, 17, 10, 11, 12, 13, 14, 15, 16, 109, 28, 29, 31, 32, 33, 34, 35, 64, 65, 67, 68, 69, 70, 110, 46, 47, 48, 49, 50, 51, 52, 71, 111, 82, 83, 84, 85, 86, 87, 88, 107, 108, 113
57
0, 1, 18, 19, 36, 37, 54, 55, 72, 73, 90, 91, 92, 93, 56, 57, 20, 21, 2, 3, 38, 39, 74, 75, 94, 95, 58, 59, 22, 23, 4, 5, 40, 41, 76, 77, 96, 97, 60, 61, 24, 25, 6, 7, 42, 43, 78, 79, 98, 99, 62, 63, 26, 27, 8, 9, 44, 45, 80, 81, 100, 101, 103, 104, 105, 106, 112, 102, 89, 66, 53, 30, 17, 10, 11, 12, 13, 14, 15, 16, 109, 28, 29, 31, 32, 33, 34, 35, 64, 65, 67, 68, 69, 70, 110, 46, 47, 48, 49, 50, 51, 52, 71, 111, 82, 83, 84, 85, 86, 87, 88, 107, 108, 113
56
0, 1, 18, 19, 36, 37, 54, 55, 72, 73, 90, 91, 92, 93, 56, 57, 20, 21, 2, 3, 38, 39, 74, 75, 94, 95, 58, 59, 22, 23, 4, 5, 40, 41, 76, 77, 96, 97, 60, 61, 24, 25, 6, 7, 42, 43, 78, 79, 98, 99, 62, 63, 26, 27, 8, 9, 44, 45, 80, 81, 100, 101, 103, 104, 105, 106, 112, 102, 89, 66, 53, 30, 17, 10, 11, 12, 13, 14, 15, 16, 109, 28, 29, 31, 32, 33, 34, 35, 64, 65, 67, 68, 69, 70, 110, 46, 47, 48, 49, 50, 51, 52, 71, 111, 82, 83, 84, 85, 86, 87, 88, 107, 108, 113
55
0, 1, 18, 19, 36, 37, 54, 55, 72, 73, 90, 91, 92, 93, 56, 57, 20, 21, 2, 3, 38, 39, 74, 75, 94, 95, 58, 59, 22, 23, 4, 5, 40, 41, 76, 77, 96, 97, 60, 61, 24, 25, 6, 7, 42, 43, 78, 79, 98, 99, 62, 63, 26, 27, 8, 9, 44, 45, 80, 81, 100, 101, 103, 104, 105, 106, 112, 102, 89, 66, 53, 30, 17, 10, 11, 12, 13, 14, 15, 16, 109, 28, 29, 31, 32, 33, 34, 35, 64, 65, 67, 68, 69, 70, 110, 46, 47, 48, 49, 50, 51, 52, 71, 111, 82, 83, 84, 85, 86, 87, 88, 107, 108, 113
54
0, 1, 18, 19, 36, 37, 54, 55, 72, 73, 90, 91, 92, 93, 56, 57, 20, 21, 2, 3, 38, 39, 74, 75, 94, 95, 58, 59, 22, 23, 4, 5, 40, 41, 76, 77, 96, 97, 60, 61, 24, 25, 6, 7, 42, 43, 78, 79, 98, 99, 62, 63, 26, 27, 8, 9, 44, 45, 80, 81, 100, 101, 103, 104, 105, 106, 112, 102, 89, 66, 53, 30, 17, 10, 11, 12, 13, 14, 15, 16, 109, 28, 29, 31, 32, 33, 34, 35, 64, 65, 67, 68, 69, 70, 110, 46, 47, 48, 49, 50, 51, 52, 71, 111, 82, 83, 84, 85, 86, 87, 88, 107, 108, 113
53
0, 1, 18, 19, 36, 37, 54, 55, 72, 73, 90, 91, 92, 93, 56, 57, 20, 21, 2, 3, 38, 39, 74, 75, 94, 95, 58, 59, 22, 23, 4, 5, 40, 41, 76, 77, 96, 97, 60, 61, 24, 25, 6, 7, 42, 43, 78, 79, 98, 99, 62, 63, 26, 27, 8, 9, 44, 45, 80, 81, 100, 101, 103, 104, 105, 106, 112, 102, 89, 66, 53, 30, 17, 10, 11, 12, 13, 14, 15, 16, 109, 28, 29, 31, 32, 33, 34, 35, 64, 65, 67, 68, 69, 70, 110, 46, 47, 48, 49, 50, 51, 52, 71, 111, 82, 83, 84, 85, 86, 87, 88, 107, 108, 113
52
0, 1, 18, 19, 36, 37, 54, 55, 72, 73, 90, 91, 92, 93, 56, 57, 20, 21, 2, 3, 38, 39, 74, 75, 94, 95, 58, 59, 22, 23, 4, 5, 40, 41, 76, 77, 96, 97, 60, 61, 24, 25, 6, 7, 42, 43, 78, 79, 98, 99, 62, 63, 26, 27, 8, 9, 44, 45, 80, 81, 100, 101, 103, 104, 105, 106, 112, 102, 89, 66, 53, 30, 17, 10, 11, 12, 13, 14, 15, 16, 109, 28, 29, 31, 32, 33, 34, 35, 64, 65, 67, 68, 69, 70, 110, 46, 47, 48, 49, 50, 51, 52, 71, 111, 82, 83, 84, 85, 86, 87, 88, 107, 108, 113
51
0, 1, 18, 19, 36, 37, 54, 55, 72, 73, 90, 91, 92, 93, 56, 57, 20, 21, 2, 3, 38, 39, 74, 75, 94, 95, 58, 59, 22, 23, 4, 5, 40, 41, 76, 77, 96, 97, 60, 61, 24, 25, 6, 7, 42, 43, 78, 79, 98, 99, 62, 63, 26, 27, 8, 9, 44, 45, 80, 81, 100, 101, 103, 104, 105, 106, 112, 102, 89, 66, 53, 30, 17, 10, 11, 12, 13, 14, 15, 16, 109, 28, 29, 31, 32, 33, 34, 35, 64, 65, 67, 68, 69, 70, 110, 46, 47, 48, 49, 50, 51, 52, 71, 111, 82, 83, 84, 85, 86, 87, 88, 107, 108, 113
50
0, 1, 18, 19, 36, 37, 54, 55, 72, 73, 90, 91, 92, 93, 56, 57, 20, 21, 2, 3, 38, 39, 74, 75, 94, 95, 58, 59, 22, 23, 4, 5, 40, 41, 76, 77, 96, 97, 60, 61, 24, 25, 6, 7, 42, 43, 78, 79, 98, 99, 62, 63, 26, 27, 8, 9, 44, 45, 80, 81, 100, 101, 103, 104, 105, 106, 112, 102, 89, 66, 53, 30, 17, 10, 11, 12, 13, 14, 15, 16, 109, 28, 29, 31, 32, 33, 34, 35, 64, 65, 67, 68, 69, 70, 110, 46, 47, 48, 49, 50, 51, 52, 71, 111, 82, 83, 84, 85, 86, 87, 88, 107, 108, 113
49
0, 1, 18, 19, 36, 37, 54, 55, 72, 73, 90, 91, 92, 93, 56, 57, 20, 21, 2, 3, 38, 39, 74, 75, 94, 95, 58, 59, 22, 23, 4, 5, 40, 41, 76, 77, 96, 97, 60, 61, 24, 25, 6, 7, 42, 43, 78, 79, 98, 99, 62, 63, 26, 27, 8, 9, 44, 45, 80, 81, 100, 101, 103, 104, 105, 106, 112, 102, 89, 66, 53, 30, 17, 10, 11, 12, 13, 14, 15, 16, 109, 28, 29, 31, 32, 33, 34, 35, 64, 65, 67, 68, 69, 70, 110, 46, 47, 48, 49, 50, 51, 52, 71, 111, 82, 83, 84, 85, 86, 87, 88, 107, 108, 113
48
0, 1, 18, 19, 36, 37, 54, 55, 72, 73, 90, 91, 92, 93, 56, 57, 20, 21, 2, 3, 38, 39, 74, 75, 94, 95, 58, 59, 22, 23, 4, 5, 40, 41, 76, 77, 96, 97, 60, 61, 24, 25, 6, 7, 42, 43, 78, 79, 98, 99, 62, 63, 26, 27, 8, 9, 44, 45, 80, 81, 100, 101, 103, 104, 105, 106, 112, 102, 89, 66, 53, 30, 17, 10, 11, 12, 13, 14, 15, 16, 109, 28, 29, 31, 32, 33, 34, 35, 64, 65, 67, 68, 69, 70, 110, 46, 47, 48, 49, 50, 51, 52, 71, 111, 82, 83, 84, 85, 86, 87, 88, 107, 108, 113
47
0, 1, 18, 19, 36, 37, 54, 55, 72, 73, 90, 91, 92, 93, 56, 57, 20, 21, 2, 3, 38, 39, 74, 75, 94, 95, 58, 59, 22, 23, 4, 5, 40, 41, 76, 77, 96, 97, 60, 61, 24, 25, 6, 7, 42, 43, 78, 79, 98, 99, 62, 63, 26, 27, 8, 9, 44, 45, 80, 81, 100, 101, 103, 104, 105, 106, 112, 102, 89, 66, 53, 30, 17, 10, 11, 12, 13, 14, 15, 16, 109, 28, 29, 31, 32, 33, 34, 35, 64, 65, 67, 68, 69, 70, 110, 46, 47, 48, 49, 50, 51, 52, 71, 111, 82, 83, 84, 85, 86, 87, 88, 107, 108, 113
46
0, 1, 18, 19, 36, 37, 54, 55, 72, 73, 90, 91, 92, 93, 56, 57, 20, 21, 2, 3, 38, 39, 74, 75, 94, 95, 58, 59, 22, 23, 4, 5, 40, 41, 76, 77, 96, 97, 60, 61, 24, 25, 6, 7, 42, 43, 78, 79, 98, 99, 62, 63, 26, 27, 8, 9, 44, 45, 80, 81, 100, 101, 103, 104, 105, 106, 112, 102, 89, 66, 53, 30, 17, 10, 11, 12, 13, 14, 15, 16, 109, 28, 29, 31, 32, 33, 34, 35, 64, 65, 67, 68, 69, 70, 110, 46, 47, 48, 49, 50, 51, 52, 71, 111, 82, 83, 84, 85, 86, 87, 88, 107, 108, 113
45
0, 1, 18, 19, 36, 37, 54, 55, 72, 73, 90, 91, 92, 93, 56, 57, 20, 21, 2, 3, 38, 39, 74, 75, 94, 95, 58, 59, 22, 23, 4, 5, 40, 41, 76, 77, 96, 97, 60, 61, 24, 25, 6, 7, 42, 43, 78, 79, 98, 99, 62, 63, 26, 27, 8, 9, 44, 45, 80, 81, 100, 101, 103, 104, 105, 106, 112, 102, 89, 66, 53, 30, 17, 10, 11, 12, 13, 14, 15, 16, 109, 28, 29, 31, 32, 33, 34, 35, 64, 65, 67, 68, 69, 70, 110, 46, 47, 48, 49, 50, 51, 52, 71, 111, 82, 83, 84, 85, 86, 87, 88, 107, 108, 113
44
0, 1, 18, 19, 36, 37, 54, 55, 72, 73, 90, 91, 92, 93, 56, 57, 20, 21, 2, 3, 38, 39, 74, 75, 94, 95, 58, 59, 22, 23, 4, 5, 40, 41, 76, 77, 96, 97, 60, 61, 24, 25, 6, 7, 42, 43, 78, 79, 98, 99, 62, 63, 26, 27, 8, 9, 44, 45, 80, 81, 100, 101, 103, 104, 105, 106, 112, 102, 89, 66, 53, 30, 17, 10, 11, 12, 13, 14, 15, 16, 109, 28, 29, 31, 32, 33, 34, 35, 64, 65, 67, 68, 69, 70, 110, 46, 47, 48, 49, 50, 51, 52, 71, 111, 82, 83, 84, 85, 86, 87, 88, 107, 108, 113
43
0, 1, 18, 19, 36, 37, 54, 55, 72, 73, 90, 91, 92, 93, 56, 57, 20, 21, 2, 3, 38, 39, 74, 75, 94, 95, 58, 59, 22, 23, 4, 5, 40, 41, 76, 77, 96, 97, 60, 61, 24, 25, 6, 7, 42, 43, 78, 79, 98, 99, 62, 63, 26, 27, 8, 9, 44, 45, 80, 81, 100, 101, 103, 104, 105, 106, 112, 102, 89, 66, 53, 30, 17, 10, 11, 12, 13, 14, 15, 16, 109, 28, 29, 31, 32, 33, 34, 35, 64, 65, 67, 68, 69, 70, 110, 46, 47, 48, 49, 50, 51, 52, 71, 111, 82, 83, 84, 85, 86, 87, 88, 107, 108, 113
42
0, 1, 18, 19, 36, 37, 54, 55, 72, 73, 90, 91, 92, 93, 56, 57, 20, 21, 2, 3, 38, 39, 74, 75, 94, 95, 58, 59, 22, 23, 4, 5, 40, 41, 76, 77, 96, 97, 60, 61, 24, 25, 6, 7, 42, 43, 78, 79, 98, 99, 62, 63, 26, 27, 8, 9, 44, 45, 103, 100, 81, 80, 101, 104, 105, 106, 112, 102, 89, 66, 53, 30, 17, 10, 11, 12, 13, 14, 15, 16, 109, 28, 29, 31, 32, 33, 34, 35, 64, 65, 67, 68, 69, 70, 110, 46, 47, 48, 49, 50, 51, 52, 71, 111, 82, 83, 84, 85, 86, 87, 88, 107, 108, 113
41
0, 1, 18, 19, 36, 37, 54, 55, 72, 73, 90, 91, 92, 93, 56, 57, 20, 21, 2, 3, 38, 39, 74, 75, 94, 95, 58, 59, 22, 23, 4, 5, 40, 41, 76, 77, 96, 97, 60, 61, 24, 25, 6, 7, 42, 43, 78, 79, 98, 99, 62, 63, 26, 27, 8, 9, 103, 100, 101, 104, 105, 106, 112, 102, 107, 108, 113, 44, 45, 81, 80, 89, 66, 53, 30, 17, 10, 11, 12, 13, 14, 15, 16, 109, 28, 29, 31, 32, 33, 34, 35, 64, 65, 67, 68, 69, 70, 110, 46, 47, 48, 49, 50, 51, 52, 71, 111, 82, 83, 84, 85, 86, 87, 88
40
0, 1, 18, 19, 36, 37, 54, 55, 72, 73, 90, 91, 92, 93, 56, 57, 20, 21, 2, 3, 38, 39, 74, 75, 94, 95, 58, 59, 22, 23, 4, 5, 40, 41, 76, 77, 96, 97, 60, 61, 24, 25, 6, 7, 42, 43, 78, 79, 98, 99, 62, 63, 26, 27, 103, 100, 101, 104, 105, 106, 112, 102, 107, 108, 113, 8, 9, 44, 45, 81, 80, 89, 66, 53, 30, 17, 10, 11, 12, 13, 14, 15, 16, 109, 28, 29, 31, 32, 33, 34, 35, 64, 65, 67, 68, 69, 70, 110, 46, 47, 48, 49, 50, 51, 52, 71, 111, 82, 83, 84, 85, 86, 87, 88
39
0, 1, 18, 19, 36, 37, 54, 55, 72, 73, 90, 91, 92, 93, 56, 57, 20, 21, 2, 3, 38, 39, 74, 75, 94, 95, 58, 59, 22, 23, 4, 5, 40, 41, 76, 77, 96, 97, 60, 61, 24, 25, 6, 7, 42, 43, 78, 79, 98, 99, 62, 63, 103, 100, 101, 104, 105, 106, 112, 102, 107, 108, 113, 26, 27, 8, 9, 44, 45, 81, 80, 89, 66, 53, 30, 17, 10, 11, 12, 13, 14, 15, 16, 109, 28, 29, 31, 32, 33, 34, 35, 64, 65, 67, 68, 69, 70, 110, 46, 47, 48, 49, 50, 51, 52, 71, 111, 82, 83, 84, 85, 86, 87, 88
38
0, 1, 18, 19, 36, 37, 54, 55, 72, 73, 90, 91, 92, 93, 56, 57, 20, 21, 2, 3, 38, 39, 74, 75, 94, 95, 58, 59, 22, 23, 4, 5, 40, 41, 76, 77, 96, 97, 60, 61, 24, 25, 6, 7, 42, 43, 78, 79, 98, 99, 103, 100, 101, 104, 105, 106, 112, 102, 107, 108, 113, 62, 63, 26, 27, 8, 9, 44, 45, 81, 80, 89, 66, 53, 30, 17, 10, 11, 12, 13, 14, 15, 16, 109, 28, 29, 31, 32, 33, 34, 35, 64, 65, 67, 68, 69, 70, 110, 46, 47, 48, 49, 50, 51, 52, 71, 111, 82, 83, 84, 85, 86, 87, 88
37
0, 1, 18, 19, 36, 37, 54, 55, 72, 73, 90, 91, 92, 93, 56, 57, 20, 21, 2, 3, 38, 39, 74, 75, 94, 95, 58, 59, 22, 23, 4, 5, 40, 41, 76, 77, 96, 97, 60, 61, 24, 25, 6, 7, 42, 43, 103, 100, 101, 104, 105, 78, 79, 98, 99, 106, 112, 102, 107, 108, 113, 62, 63, 26, 27, 8, 9, 44, 45, 81, 80, 89, 66, 53, 30, 17, 10, 11, 12, 13, 14, 15, 16, 109, 28, 29, 31, 32, 33, 34, 35, 64, 65, 67, 68, 69, 70, 110, 46, 47, 48, 49, 50, 51, 52, 71, 111, 82, 83, 84, 85, 86, 87, 88
36
0, 1, 18, 19, 36, 37, 54, 55, 72, 73, 90, 91, 92, 93, 56, 57, 20, 21, 2, 3, 38, 39, 74, 75, 94, 95, 58, 59, 22, 23, 4, 5, 40, 41, 76, 77, 96, 97, 60, 61, 24, 25, 6, 7, 103, 100, 101, 104, 105, 106, 42, 43, 78, 79, 98, 99, 112, 102, 107, 108, 113, 62, 63, 26, 27, 81, 80, 89, 66, 64, 65, 67, 68, 69, 70, 110, 71, 111, 82, 83, 84, 85, 86, 87, 88, 8, 9, 44, 45, 53, 30, 17, 10, 11, 12, 13, 14, 15, 16, 109, 28, 29, 31, 32, 33, 34, 35, 46, 47, 48, 49, 50, 51, 52
35
0, 1, 18, 19, 36, 37, 54, 55, 72, 73, 90, 91, 92, 93, 56, 57, 20, 21, 2, 3, 38, 39, 74, 75, 94, 95, 58, 59, 22, 23, 4, 5, 40, 41, 76, 77, 96, 97, 60, 61, 24, 25, 103, 100, 101, 104, 105, 106, 98, 112, 99, 102, 107, 108, 113, 6, 7, 42, 43, 78, 79, 62, 63, 81, 80, 89, 66, 64, 65, 67, 68, 69, 70, 110, 71, 111, 82, 83, 84, 85, 86, 87, 88, 26, 27, 8, 9, 44, 45, 53, 30, 17, 10, 11, 12, 13, 14, 15, 16, 109, 28, 29, 31, 32, 33, 34, 35, 46, 47, 48, 49, 50, 51, 52
34
0, 1, 18, 19, 36, 37, 54, 55, 72, 73, 90, 91, 92, 93, 56, 57, 20, 21, 2, 3, 38, 39, 74, 75, 94, 95, 58, 59, 22, 23, 4, 5, 40, 41, 76, 77, 96, 97, 60, 61, 103, 100, 101, 104, 105, 106, 98, 112, 99, 102, 107, 108, 113, 78, 79, 81, 80, 89, 111, 82, 83, 84, 85, 86, 87, 88, 24, 25, 6, 7, 42, 43, 62, 63, 66, 64, 65, 67, 68, 69, 70, 110, 71, 26, 27, 8, 9, 44, 45, 53, 30, 17, 10, 11, 12, 13, 14, 15, 16, 109, 28, 29, 31, 32, 33, 34, 35, 46, 47, 48, 49, 50, 51, 52
33
0, 1, 18, 19, 36, 37, 54, 55, 72, 73, 90, 91, 92, 93, 56, 57, 20, 21, 2, 3, 38, 39, 74, 75, 94, 95, 58, 59, 22, 23, 4, 5, 40, 41, 76, 77, 96, 97, 103, 100, 101, 104, 105, 106, 98, 112, 99, 102, 107, 108, 113, 78, 79, 81, 80, 89, 111, 82, 83, 84, 85, 86, 87, 88, 60, 61, 24, 25, 6, 7, 42, 43, 62, 63, 66, 64, 65, 67, 68, 69, 70, 110, 71, 26, 27, 8, 9, 44, 45, 53, 30, 17, 10, 11, 12, 13, 14, 15, 16, 109, 28, 29, 31, 32, 33, 34, 35, 46, 47, 48, 49, 50, 51, 52
32
0, 1, 18, 19, 36, 37, 54, 55, 72, 73, 90, 91, 92, 93, 56, 57, 20, 21, 2, 3, 38, 39, 74, 75, 94, 95, 58, 59, 96, 97, 103, 100, 101, 104, 105, 106, 98, 112, 99, 102, 107, 108, 113, 78, 79, 82, 83, 86, 85, 76, 77, 81, 80, 89, 111, 84, 87, 88, 22, 23, 4, 5, 40, 41, 60, 61, 24, 25, 6, 7, 42, 43, 62, 63, 66, 64, 65, 67, 68, 69, 70, 110, 71, 26, 27, 8, 9, 44, 45, 53, 30, 17, 10, 11, 12, 13, 14, 15, 16, 109, 28, 29, 31, 32, 33, 34, 35, 46, 47, 48, 49, 50, 51, 52
31
0, 1, 18, 19, 36, 37, 54, 55, 72, 73, 90, 91, 92, 93, 56, 57, 20, 21, 2, 3, 38, 39, 74, 75, 94, 95, 96, 97, 103, 100, 101, 104, 105, 106, 98, 112, 99, 102, 107, 108, 113, 78, 79, 82, 83, 86, 85, 76, 77, 81, 80, 89, 111, 84, 87, 88, 58, 59, 22, 23, 4, 5, 40, 41, 60, 61, 24, 25, 6, 7, 42, 43, 62, 63, 66, 64, 65, 67, 68, 69, 70, 110, 71, 26, 27, 8, 9, 44, 45, 53, 30, 17, 10, 11, 12, 13, 14, 15, 16, 109, 28, 29, 31, 32, 33, 34, 35, 46, 47, 48, 49, 50, 51, 52
30
0, 1, 18, 19, 36, 37, 54, 55, 72, 73, 90, 91, 92, 93, 74, 75, 94, 95, 96, 97, 103, 100, 101, 104, 105, 106, 98, 112, 99, 102, 107, 108, 113, 78, 79, 82, 83, 86, 85, 76, 77, 81, 80, 89, 111, 84, 87, 88, 56, 57, 20, 21, 2, 3, 38, 39, 58, 59, 22, 23, 4, 5, 40, 41, 60, 61, 24, 25, 6, 7, 42, 43, 62, 63, 66, 64, 65, 67, 68, 69, 70, 110, 71, 26, 27, 8, 9, 44, 45, 53, 30, 17, 10, 11, 12, 13, 14, 15, 16, 109, 28, 29, 31, 32, 33, 34, 35, 46, 47, 48, 49, 50, 51, 52
29
0, 1, 18, 19, 36, 37, 54, 2, 3, 4, 5, 13, 14, 15, 6, 10, 9, 7, 11, 8, 17, 12, 16, 20, 21, 24, 25, 28, 29, 32, 31, 22, 23, 26, 27, 30, 33, 34, 35, 55, 72, 73, 90, 91, 110, 109, 92, 93, 56, 57, 74, 38, 39, 75, 94, 95, 58, 59, 96, 60, 41, 77, 40, 76, 97, 61, 103, 100, 101, 104, 105, 106, 64, 81, 80, 65, 67, 68, 69, 42, 78, 99, 112, 98, 102, 107, 108, 113, 79, 89, 82, 83, 86, 85, 111, 84, 87, 88, 43, 62, 63, 66, 70, 71, 44, 45, 53, 46, 47, 48, 49, 50, 51, 52
28
0, 1, 18, 19, 36, 37, 2, 3, 4, 5, 13, 14, 15, 6, 10, 9, 7, 11, 8, 17, 12, 16, 20, 21, 24, 25, 28, 29, 32, 31, 22, 23, 26, 27, 30, 33, 34, 35, 54, 55, 72, 91, 90, 73, 110, 109, 92, 93, 56, 57, 74, 38, 39, 75, 94, 95, 58, 59, 42, 43, 62, 98, 79, 78, 99, 63, 105, 103, 104, 67, 68, 41, 60, 96, 77, 40, 76, 97, 61, 100, 101, 106, 64, 81, 80, 65, 69, 112, 102, 107, 108, 113, 89, 82, 83, 86, 85, 111, 84, 87, 88, 66, 70, 71, 44, 45, 53, 46, 47, 48, 49, 50, 51, 52
27
0, 1, 18, 19, 36, 37, 2, 3, 4, 5, 13, 14, 15, 6, 10, 9, 7, 11, 8, 17, 12, 16, 20, 21, 24, 25, 28, 29, 32, 31, 22, 23, 26, 27, 30, 33, 34, 35, 54, 38, 39, 42, 43, 46, 47, 50, 49, 41, 40, 44, 45, 53, 48, 51, 52, 55, 72, 91, 90, 73, 110, 109, 111, 92, 93, 56, 57, 74, 75, 94, 95, 58, 59, 62, 98, 79, 78, 99, 63, 105, 103, 104, 67, 68, 60, 96, 77, 76, 97, 61, 100, 101, 106, 64, 81, 80, 65, 69, 112, 102, 107, 108, 113, 89, 82, 83, 86, 85, 84, 87, 88, 66, 70, 71
26
0, 1, 18, 19, 36, 2, 3, 4, 5, 13, 14, 15, 6, 10, 9, 7, 11, 8, 17, 12, 16, 20, 21, 24, 25, 28, 29, 32, 31, 22, 23, 26, 27, 30, 33, 34, 35, 37, 38, 39, 42, 43, 46, 47, 50, 49, 41, 40, 44, 45, 53, 48, 51, 52, 54, 55, 72, 91, 90, 73, 110, 109, 111, 92, 93, 56, 57, 74, 75, 94, 95, 58, 59, 62, 98, 79, 78, 99, 63, 105, 103, 104, 67, 68, 60, 96, 77, 76, 97, 61, 100, 101, 106, 64, 81, 80, 65, 69, 112, 102, 107, 108, 113, 89, 82, 83, 86, 85, 84, 87, 88, 66, 70, 71
25
0, 1, 18, 19, 2, 3, 4, 5, 13, 14, 15, 6, 10, 9, 7, 11, 8, 17, 12, 16, 20, 21, 24, 25, 28, 29, 32, 31, 22, 23, 26, 27, 30, 33, 34, 35, 36, 37, 38, 39, 42, 43, 46, 47, 50, 49, 41, 40, 44, 45, 53, 48, 51, 52, 54, 55, 91, 90, 110, 72, 73, 109, 111, 92, 93, 56, 57, 74, 75, 94, 95, 58, 59, 62, 98, 79, 78, 99, 63, 105, 103, 104, 67, 68, 60, 96, 77, 76, 97, 61, 100, 101, 106, 64, 81, 80, 65, 69, 112, 102, 107, 108, 113, 89, 82, 83, 86, 85, 84, 87, 88, 66, 70, 71
24
0, 1, 18, 19, 2, 3, 4, 5, 13, 14, 15, 6, 10, 9, 7, 11, 8, 17, 12, 16, 20, 21, 24, 25, 28, 29, 32, 31, 22, 23, 26, 27, 30, 33, 34, 35, 36, 38, 42, 46, 47, 43, 39, 37, 50, 49, 41, 40, 44, 45, 53, 48, 51, 52, 54, 90, 110, 73, 109, 111, 55, 91, 72, 92, 93, 56, 57, 74, 75, 94, 95, 58, 59, 62, 98, 79, 78, 99, 63, 105, 103, 104, 67, 68, 60, 96, 77, 76, 97, 61, 100, 101, 106, 64, 81, 80, 65, 69, 112, 102, 107, 108, 113, 89, 82, 83, 86, 85, 84, 87, 88, 66, 70, 71
../benchmark_instances/2023result/docs/solver/benchmark/2022benchmark/benchmark/color04/4-FullIns_3.col	114	541	24	165835
	Command being timed: "timeout 1h java -Xms1024g -Xmx1024g -Xss134m -cp ../src/pathwidth.jar Pathwidth ../benchmark_instances/2023result/docs/solver/benchmark/2022benchmark/benchmark/color04/4-FullIns_3.col"
	User time (seconds): 169.17
	System time (seconds): 18.75
	Percent of CPU this job got: 111%
	Elapsed (wall clock) time (h:mm:ss or m:ss): 2:47.86
	Average shared text size (kbytes): 0
	Average unshared data size (kbytes): 0
	Average stack size (kbytes): 0
	Average total size (kbytes): 0
	Maximum resident set size (kbytes): 59174828
	Average resident set size (kbytes): 0
	Major (requiring I/O) page faults: 0
	Minor (reclaiming a frame) page faults: 177996
	Voluntary context switches: 9763
	Involuntary context switches: 467
	Swaps: 0
	File system inputs: 16
	File system outputs: 784
	Socket messages sent: 0
	Socket messages received: 0
	Signals delivered: 0
	Page size (bytes): 4096
	Exit status: 0
