../benchmark_instances/2023result/docs/solver/benchmark/2022benchmark/benchmark/color04/DSJC125.5.col
125
75, 68, 4, 69, 15, 26, 87, 123, 40, 103, 7, 76, 12, 14, 21, 96, 101, 19, 23, 38, 39, 44, 49, 56, 86, 121, 9, 18, 41, 43, 48, 80, 88, 91, 95, 102, 115, 2, 16, 27, 31, 35, 37, 42, 54, 61, 62, 65, 66, 71, 74, 82, 92, 97, 98, 100, 108, 118, 120, 0, 1, 3, 5, 6, 8, 10, 11, 13, 17, 20, 22, 24, 25, 28, 29, 30, 32, 33, 34, 36, 45, 46, 47, 50, 51, 52, 53, 55, 57, 58, 59, 60, 63, 64, 67, 70, 72, 73, 77, 78, 79, 81, 83, 84, 85, 89, 90, 93, 94, 99, 104, 105, 106, 107, 109, 110, 111, 112, 113, 114, 116, 117, 119, 122, 124
124
75, 68, 4, 69, 15, 26, 87, 123, 40, 103, 7, 76, 12, 14, 21, 96, 101, 19, 23, 38, 39, 44, 49, 56, 86, 121, 9, 18, 41, 43, 48, 80, 88, 91, 95, 102, 115, 2, 16, 27, 31, 35, 37, 42, 54, 61, 62, 65, 66, 71, 74, 82, 92, 97, 98, 100, 108, 118, 120, 0, 1, 3, 5, 6, 8, 10, 11, 13, 17, 20, 22, 24, 25, 28, 29, 30, 32, 33, 34, 36, 45, 46, 47, 50, 51, 52, 53, 55, 57, 58, 59, 60, 63, 64, 67, 70, 72, 73, 77, 78, 79, 81, 83, 84, 85, 89, 90, 93, 94, 99, 104, 105, 106, 107, 109, 110, 111, 112, 113, 114, 116, 117, 119, 122, 124
123
75, 68, 4, 69, 15, 26, 87, 123, 40, 103, 7, 76, 12, 14, 21, 96, 101, 19, 23, 38, 39, 44, 49, 56, 86, 121, 9, 18, 41, 43, 48, 80, 88, 91, 95, 102, 115, 2, 16, 27, 31, 35, 37, 42, 54, 61, 62, 65, 66, 71, 74, 82, 92, 97, 98, 100, 108, 118, 120, 0, 1, 3, 5, 6, 8, 10, 11, 13, 17, 20, 22, 24, 25, 28, 29, 30, 32, 33, 34, 36, 45, 46, 47, 50, 51, 52, 53, 55, 57, 58, 59, 60, 63, 64, 67, 70, 72, 73, 77, 78, 79, 81, 83, 84, 85, 89, 90, 93, 94, 99, 104, 105, 106, 107, 109, 110, 111, 112, 113, 114, 116, 117, 119, 122, 124
122
75, 68, 4, 69, 15, 26, 87, 123, 40, 103, 7, 76, 12, 14, 21, 96, 101, 19, 23, 38, 39, 44, 49, 56, 86, 121, 9, 18, 41, 43, 48, 80, 88, 91, 95, 102, 115, 2, 16, 27, 31, 35, 37, 42, 54, 61, 62, 65, 66, 71, 74, 82, 92, 97, 98, 100, 108, 118, 120, 0, 1, 3, 5, 6, 8, 10, 11, 13, 17, 20, 22, 24, 25, 28, 29, 30, 32, 33, 34, 36, 45, 46, 47, 50, 51, 52, 53, 55, 57, 58, 59, 60, 63, 64, 67, 70, 72, 73, 77, 78, 79, 81, 83, 84, 85, 89, 90, 93, 94, 99, 104, 105, 106, 107, 109, 110, 111, 112, 113, 114, 116, 117, 119, 122, 124
121
75, 68, 4, 69, 15, 26, 87, 123, 40, 103, 7, 76, 12, 14, 21, 96, 101, 19, 23, 38, 39, 44, 49, 56, 86, 121, 9, 18, 41, 43, 48, 80, 88, 91, 95, 102, 115, 2, 16, 27, 31, 35, 37, 42, 54, 61, 62, 65, 66, 71, 74, 82, 92, 97, 98, 100, 108, 118, 120, 0, 1, 3, 5, 6, 8, 10, 11, 13, 17, 20, 22, 24, 25, 28, 29, 30, 32, 33, 34, 36, 45, 46, 47, 50, 51, 52, 53, 55, 57, 58, 59, 60, 63, 64, 67, 70, 72, 73, 77, 78, 79, 81, 83, 84, 85, 89, 90, 93, 94, 99, 104, 105, 106, 107, 109, 110, 111, 112, 113, 114, 116, 117, 119, 122, 124
120
75, 68, 4, 69, 15, 26, 87, 123, 40, 103, 7, 76, 12, 14, 21, 96, 101, 19, 23, 38, 39, 44, 49, 56, 86, 121, 9, 18, 41, 43, 48, 80, 88, 91, 95, 102, 115, 2, 16, 27, 31, 35, 37, 42, 54, 61, 62, 65, 66, 71, 74, 82, 92, 97, 98, 100, 108, 118, 120, 0, 1, 3, 5, 6, 8, 10, 11, 13, 17, 20, 22, 24, 25, 28, 29, 30, 32, 33, 34, 36, 45, 46, 47, 50, 51, 52, 53, 55, 57, 58, 59, 60, 63, 64, 67, 70, 72, 73, 77, 78, 79, 81, 83, 84, 85, 89, 90, 93, 94, 99, 104, 105, 106, 107, 109, 110, 111, 112, 113, 114, 116, 117, 119, 122, 124
119
75, 68, 4, 69, 15, 26, 87, 123, 40, 103, 7, 76, 12, 14, 21, 96, 101, 19, 23, 38, 39, 44, 49, 56, 86, 121, 9, 18, 41, 43, 48, 80, 88, 91, 95, 102, 115, 2, 16, 27, 31, 35, 37, 42, 54, 61, 62, 65, 66, 71, 74, 82, 92, 97, 98, 100, 108, 118, 120, 0, 1, 3, 5, 6, 8, 10, 11, 13, 17, 20, 22, 24, 25, 28, 29, 30, 32, 33, 34, 36, 45, 46, 47, 50, 51, 52, 53, 55, 57, 58, 59, 60, 63, 64, 67, 70, 72, 73, 77, 78, 79, 81, 83, 84, 85, 89, 90, 93, 94, 99, 104, 105, 106, 107, 109, 110, 111, 112, 113, 114, 116, 117, 119, 122, 124
118
75, 68, 4, 69, 15, 26, 87, 123, 40, 103, 7, 76, 12, 14, 21, 96, 101, 19, 23, 38, 39, 44, 49, 56, 86, 121, 9, 18, 41, 43, 48, 80, 88, 91, 95, 102, 115, 2, 16, 27, 31, 35, 37, 42, 54, 61, 62, 65, 66, 71, 74, 82, 92, 97, 98, 100, 108, 118, 120, 0, 1, 3, 5, 6, 8, 10, 11, 13, 17, 20, 22, 24, 25, 28, 29, 30, 32, 33, 34, 36, 45, 46, 47, 50, 51, 52, 53, 55, 57, 58, 59, 60, 63, 64, 67, 70, 72, 73, 77, 78, 79, 81, 83, 84, 85, 89, 90, 93, 94, 99, 104, 105, 106, 107, 109, 110, 111, 112, 113, 114, 116, 117, 119, 122, 124
117
75, 68, 4, 69, 15, 26, 87, 123, 40, 103, 7, 76, 12, 14, 21, 96, 101, 19, 23, 38, 39, 44, 49, 56, 86, 121, 9, 18, 41, 43, 48, 80, 88, 91, 95, 102, 115, 2, 16, 27, 31, 35, 37, 42, 54, 61, 62, 65, 66, 71, 74, 82, 92, 97, 98, 100, 108, 118, 120, 0, 1, 3, 5, 6, 8, 10, 11, 13, 17, 20, 22, 24, 25, 28, 29, 30, 32, 33, 34, 36, 45, 46, 47, 50, 51, 52, 53, 55, 57, 58, 59, 60, 63, 64, 67, 70, 72, 73, 77, 78, 79, 81, 83, 84, 85, 89, 90, 93, 94, 99, 104, 105, 106, 107, 109, 110, 111, 112, 113, 114, 116, 117, 119, 122, 124
116
75, 68, 4, 69, 15, 26, 87, 123, 40, 103, 7, 76, 12, 14, 21, 96, 101, 19, 23, 38, 39, 44, 49, 56, 86, 121, 9, 18, 41, 43, 48, 80, 88, 91, 95, 102, 115, 2, 16, 27, 31, 35, 37, 42, 54, 61, 62, 65, 66, 71, 74, 82, 92, 97, 98, 100, 108, 118, 120, 0, 1, 3, 5, 6, 8, 10, 11, 13, 17, 20, 22, 24, 25, 28, 29, 30, 32, 33, 34, 36, 45, 46, 47, 50, 51, 52, 53, 55, 57, 58, 59, 60, 63, 64, 67, 70, 72, 73, 77, 78, 79, 81, 83, 84, 85, 89, 90, 93, 94, 99, 104, 105, 106, 107, 109, 110, 111, 112, 113, 114, 116, 117, 119, 122, 124
115
75, 68, 4, 69, 15, 26, 87, 123, 40, 103, 7, 76, 12, 14, 21, 96, 101, 19, 23, 38, 39, 44, 49, 56, 86, 121, 9, 18, 41, 43, 48, 80, 88, 91, 95, 102, 115, 2, 16, 27, 31, 35, 37, 42, 54, 61, 62, 65, 66, 71, 74, 82, 92, 97, 98, 100, 108, 118, 120, 0, 1, 3, 5, 6, 8, 10, 11, 13, 17, 20, 22, 24, 25, 28, 29, 30, 32, 33, 34, 36, 45, 46, 47, 50, 51, 52, 53, 55, 57, 58, 59, 60, 63, 64, 67, 70, 72, 73, 77, 78, 79, 81, 83, 84, 85, 89, 90, 93, 94, 99, 104, 105, 106, 107, 109, 110, 111, 112, 113, 114, 116, 117, 119, 122, 124
114
75, 68, 4, 69, 15, 26, 87, 123, 40, 103, 7, 76, 12, 14, 21, 96, 101, 19, 23, 38, 39, 44, 49, 56, 86, 121, 9, 18, 41, 43, 48, 80, 88, 91, 95, 102, 115, 2, 16, 27, 31, 35, 37, 42, 54, 61, 62, 65, 66, 71, 74, 82, 92, 97, 98, 100, 108, 118, 120, 0, 1, 3, 5, 6, 8, 10, 11, 13, 17, 20, 22, 24, 25, 28, 29, 30, 32, 33, 34, 36, 45, 46, 47, 50, 51, 52, 53, 55, 57, 58, 59, 60, 63, 64, 67, 70, 72, 73, 77, 78, 79, 81, 83, 84, 85, 89, 90, 93, 94, 99, 104, 105, 106, 107, 109, 110, 111, 112, 113, 114, 116, 117, 119, 122, 124
113
75, 68, 4, 69, 15, 26, 87, 123, 40, 103, 7, 76, 12, 14, 21, 96, 101, 19, 23, 38, 39, 44, 49, 56, 86, 121, 9, 18, 41, 43, 48, 80, 88, 91, 95, 102, 115, 2, 16, 27, 31, 35, 37, 42, 54, 61, 62, 65, 66, 71, 74, 82, 92, 97, 98, 100, 108, 118, 120, 0, 1, 3, 5, 6, 8, 10, 11, 13, 17, 20, 22, 24, 25, 28, 29, 30, 32, 33, 34, 36, 45, 46, 47, 50, 51, 52, 53, 55, 57, 58, 59, 60, 63, 64, 67, 70, 72, 73, 77, 78, 79, 81, 83, 84, 85, 89, 90, 93, 94, 99, 104, 105, 106, 107, 109, 110, 111, 112, 113, 114, 116, 117, 119, 122, 124
112
75, 68, 4, 69, 15, 26, 87, 123, 40, 103, 7, 76, 12, 14, 21, 96, 101, 19, 23, 38, 39, 44, 49, 56, 86, 121, 9, 18, 41, 43, 48, 80, 88, 91, 95, 102, 115, 2, 16, 27, 31, 35, 37, 42, 54, 61, 62, 65, 66, 71, 74, 82, 92, 97, 98, 100, 108, 118, 120, 0, 1, 3, 5, 6, 8, 10, 11, 13, 17, 20, 22, 24, 25, 28, 29, 30, 32, 33, 34, 36, 45, 46, 47, 50, 51, 52, 53, 55, 57, 58, 59, 60, 63, 64, 67, 70, 72, 73, 77, 78, 79, 81, 83, 84, 85, 89, 90, 93, 94, 99, 104, 105, 106, 107, 109, 110, 111, 112, 113, 114, 116, 117, 119, 122, 124
111
75, 68, 4, 69, 15, 26, 87, 123, 40, 103, 7, 76, 12, 14, 21, 96, 101, 19, 23, 38, 39, 44, 49, 56, 86, 121, 9, 18, 41, 43, 48, 80, 88, 91, 95, 102, 115, 2, 16, 27, 31, 35, 37, 42, 54, 61, 62, 65, 66, 71, 74, 82, 92, 97, 98, 100, 108, 118, 120, 0, 1, 3, 5, 6, 8, 10, 11, 13, 17, 20, 22, 24, 25, 28, 29, 30, 32, 33, 34, 36, 45, 46, 47, 50, 51, 52, 53, 55, 57, 58, 59, 60, 63, 64, 67, 70, 72, 73, 77, 78, 79, 81, 83, 84, 85, 89, 90, 93, 94, 99, 104, 105, 106, 107, 109, 110, 111, 112, 113, 114, 116, 117, 119, 122, 124
110
75, 68, 4, 69, 15, 26, 87, 123, 40, 103, 7, 76, 12, 14, 21, 96, 101, 19, 23, 38, 39, 44, 49, 56, 86, 121, 9, 18, 41, 43, 48, 80, 88, 91, 95, 102, 115, 2, 16, 27, 31, 35, 37, 42, 54, 61, 62, 65, 66, 71, 74, 82, 92, 97, 98, 100, 108, 118, 120, 0, 1, 3, 5, 6, 8, 10, 11, 13, 17, 20, 22, 24, 25, 28, 29, 30, 32, 33, 34, 36, 45, 46, 47, 50, 51, 52, 53, 55, 57, 58, 59, 60, 63, 64, 67, 70, 72, 73, 77, 78, 79, 81, 83, 84, 85, 89, 90, 93, 94, 99, 104, 105, 106, 107, 109, 110, 111, 112, 113, 114, 116, 117, 119, 122, 124
109
75, 68, 4, 69, 15, 21, 101, 40, 12, 7, 26, 87, 123, 103, 76, 14, 96, 19, 23, 38, 39, 44, 49, 56, 86, 121, 9, 18, 41, 43, 48, 80, 88, 91, 95, 102, 115, 2, 16, 27, 31, 35, 37, 42, 54, 61, 62, 65, 66, 71, 74, 82, 92, 97, 98, 100, 108, 118, 120, 0, 1, 3, 5, 6, 8, 10, 11, 13, 17, 20, 22, 24, 25, 28, 29, 30, 32, 33, 34, 36, 45, 46, 47, 50, 51, 52, 53, 55, 57, 58, 59, 60, 63, 64, 67, 70, 72, 73, 77, 78, 79, 81, 83, 84, 85, 89, 90, 93, 94, 99, 104, 105, 106, 107, 109, 110, 111, 112, 113, 114, 116, 117, 119, 122, 124
108
75, 68, 88, 95, 118, 42, 83, 55, 19, 122, 43, 80, 12, 26, 87, 21, 4, 69, 15, 101, 40, 7, 123, 103, 76, 14, 96, 23, 38, 39, 44, 49, 56, 86, 121, 9, 18, 41, 48, 91, 102, 115, 2, 16, 27, 31, 35, 37, 54, 61, 62, 65, 66, 71, 74, 82, 92, 97, 98, 100, 108, 120, 0, 1, 3, 5, 6, 8, 10, 11, 13, 17, 20, 22, 24, 25, 28, 29, 30, 32, 33, 34, 36, 45, 46, 47, 50, 51, 52, 53, 57, 58, 59, 60, 63, 64, 67, 70, 72, 73, 77, 78, 79, 81, 84, 85, 89, 90, 93, 94, 99, 104, 105, 106, 107, 109, 110, 111, 112, 113, 114, 116, 117, 119, 124
../benchmark_instances/2023result/docs/solver/benchmark/2022benchmark/benchmark/color04/DSJC125.5.col	125	3891	108	8322
	Command being timed: "timeout 1h java -Xms1024g -Xmx1024g -Xss134m -cp ../src/pathwidth.jar Pathwidth ../benchmark_instances/2023result/docs/solver/benchmark/2022benchmark/benchmark/color04/DSJC125.5.col"
	User time (seconds): 8.13
	System time (seconds): 3.91
	Percent of CPU this job got: 118%
	Elapsed (wall clock) time (h:mm:ss or m:ss): 0:10.16
	Average shared text size (kbytes): 0
	Average unshared data size (kbytes): 0
	Average stack size (kbytes): 0
	Average total size (kbytes): 0
	Maximum resident set size (kbytes): 14276840
	Average resident set size (kbytes): 0
	Major (requiring I/O) page faults: 0
	Minor (reclaiming a frame) page faults: 156019
	Voluntary context switches: 3392
	Involuntary context switches: 26
	Swaps: 0
	File system inputs: 64
	File system outputs: 144
	Socket messages sent: 0
	Socket messages received: 0
	Signals delivered: 0
	Page size (bytes): 4096
	Exit status: 0
