../benchmark_instances/2023result/docs/solver/benchmark/2022benchmark/benchmark/handcrafted/hc-power-12.col
36
1, 2, 3, 4, 5, 0, 6, 9, 10, 16, 7, 11, 12, 17, 18, 8, 13, 14, 19, 20, 15, 21, 24, 25, 30, 31, 22, 26, 27, 32, 33, 23, 28, 29, 34, 35
35
1, 2, 3, 4, 5, 0, 6, 9, 10, 16, 7, 11, 12, 17, 18, 8, 13, 14, 19, 20, 15, 21, 24, 25, 30, 31, 22, 26, 27, 32, 33, 23, 28, 29, 34, 35
34
1, 2, 3, 4, 5, 0, 6, 9, 10, 16, 7, 11, 12, 17, 18, 8, 13, 14, 19, 20, 15, 21, 24, 25, 30, 31, 22, 26, 27, 32, 33, 23, 28, 29, 34, 35
33
1, 2, 3, 4, 5, 0, 6, 9, 10, 16, 7, 11, 12, 17, 18, 8, 13, 14, 19, 20, 15, 21, 24, 25, 30, 31, 22, 26, 27, 32, 33, 23, 28, 29, 34, 35
32
1, 2, 3, 4, 5, 0, 6, 9, 10, 16, 7, 11, 12, 17, 18, 8, 13, 14, 19, 20, 15, 21, 24, 25, 30, 31, 22, 26, 27, 32, 33, 23, 28, 29, 34, 35
31
1, 2, 3, 4, 5, 0, 6, 9, 10, 16, 7, 11, 12, 17, 18, 8, 13, 14, 19, 20, 15, 21, 24, 25, 30, 31, 22, 26, 27, 32, 33, 23, 28, 29, 34, 35
30
1, 2, 3, 4, 5, 0, 6, 9, 10, 16, 7, 11, 12, 17, 18, 8, 13, 14, 19, 20, 15, 21, 24, 25, 30, 31, 22, 26, 27, 32, 33, 23, 28, 29, 34, 35
29
1, 2, 3, 4, 5, 0, 6, 9, 10, 16, 7, 11, 12, 17, 18, 8, 13, 14, 19, 20, 15, 21, 24, 25, 30, 31, 22, 26, 27, 32, 33, 23, 28, 29, 34, 35
28
1, 2, 3, 4, 5, 0, 6, 9, 10, 16, 7, 11, 12, 17, 18, 8, 13, 14, 19, 20, 15, 21, 24, 25, 30, 31, 22, 26, 27, 32, 33, 23, 28, 29, 34, 35
27
1, 2, 3, 4, 5, 0, 6, 9, 10, 16, 7, 11, 12, 17, 18, 8, 13, 14, 19, 20, 15, 21, 24, 25, 30, 31, 22, 26, 27, 32, 33, 23, 28, 29, 34, 35
26
1, 2, 3, 4, 5, 0, 6, 9, 10, 16, 7, 11, 12, 17, 18, 8, 13, 14, 19, 20, 15, 21, 24, 25, 30, 31, 22, 26, 27, 32, 33, 23, 28, 29, 34, 35
25
1, 2, 3, 4, 5, 0, 6, 9, 10, 16, 7, 11, 12, 17, 18, 8, 13, 14, 19, 20, 15, 21, 24, 25, 30, 31, 22, 26, 27, 32, 33, 23, 28, 29, 34, 35
24
1, 2, 3, 4, 5, 0, 6, 9, 10, 16, 7, 11, 12, 17, 18, 8, 13, 14, 19, 20, 15, 21, 24, 25, 30, 31, 22, 26, 27, 32, 33, 23, 28, 29, 34, 35
23
1, 2, 3, 4, 5, 0, 6, 9, 10, 16, 7, 11, 12, 17, 18, 8, 13, 14, 19, 20, 15, 21, 24, 25, 30, 31, 22, 26, 27, 32, 33, 23, 28, 29, 34, 35
22
1, 2, 3, 4, 5, 0, 6, 9, 10, 16, 7, 11, 12, 17, 18, 8, 13, 14, 19, 20, 15, 21, 24, 25, 30, 31, 22, 26, 27, 32, 33, 23, 28, 29, 34, 35
21
1, 2, 3, 4, 5, 0, 6, 9, 10, 16, 7, 11, 12, 17, 18, 8, 13, 14, 19, 20, 15, 21, 24, 25, 30, 31, 22, 26, 27, 32, 33, 23, 28, 29, 34, 35
20
1, 2, 3, 4, 5, 0, 6, 9, 10, 16, 7, 11, 12, 17, 18, 8, 13, 14, 19, 20, 15, 21, 24, 25, 30, 31, 22, 26, 27, 32, 33, 23, 28, 29, 34, 35
19
1, 2, 3, 4, 5, 0, 6, 9, 10, 16, 7, 11, 12, 17, 18, 8, 13, 14, 19, 20, 15, 21, 24, 25, 30, 31, 22, 26, 27, 32, 33, 23, 28, 29, 34, 35
18
1, 2, 3, 4, 5, 0, 6, 9, 10, 16, 7, 11, 12, 17, 18, 8, 13, 14, 19, 20, 15, 21, 24, 25, 30, 31, 22, 26, 27, 32, 33, 23, 28, 29, 34, 35
17
1, 2, 3, 4, 5, 0, 6, 9, 10, 16, 7, 11, 12, 17, 18, 8, 13, 14, 19, 20, 15, 21, 24, 25, 30, 31, 22, 26, 27, 32, 33, 23, 28, 29, 34, 35
16
1, 2, 3, 4, 5, 0, 6, 9, 10, 16, 7, 11, 12, 17, 18, 8, 13, 14, 19, 20, 15, 21, 24, 25, 30, 31, 22, 26, 27, 32, 33, 23, 28, 29, 34, 35
15
1, 2, 3, 4, 5, 0, 6, 9, 10, 16, 7, 11, 12, 17, 18, 8, 13, 14, 19, 20, 15, 21, 24, 25, 30, 31, 22, 26, 27, 32, 33, 23, 28, 29, 34, 35
14
1, 2, 3, 4, 5, 0, 6, 9, 10, 16, 7, 11, 12, 17, 18, 8, 13, 14, 19, 20, 15, 21, 24, 25, 30, 31, 22, 26, 27, 32, 33, 23, 28, 29, 34, 35
13
1, 2, 3, 4, 5, 0, 6, 9, 10, 16, 7, 11, 12, 17, 18, 8, 13, 14, 19, 20, 15, 21, 24, 25, 30, 31, 22, 26, 27, 32, 33, 23, 28, 29, 34, 35
12
1, 2, 3, 4, 5, 0, 6, 9, 10, 16, 7, 11, 12, 17, 18, 8, 13, 14, 19, 20, 15, 21, 24, 25, 30, 31, 22, 26, 27, 32, 33, 23, 28, 29, 34, 35
11
1, 2, 3, 4, 5, 0, 6, 9, 10, 16, 7, 11, 12, 17, 18, 8, 13, 14, 19, 20, 15, 21, 24, 25, 30, 31, 22, 26, 27, 32, 33, 23, 28, 29, 34, 35
10
1, 2, 3, 4, 5, 0, 6, 9, 10, 16, 7, 11, 12, 17, 18, 8, 13, 14, 19, 20, 15, 21, 24, 25, 30, 31, 22, 26, 27, 32, 33, 23, 28, 29, 34, 35
9
1, 2, 3, 4, 5, 0, 6, 9, 10, 16, 7, 11, 12, 17, 18, 8, 13, 14, 19, 20, 15, 21, 24, 25, 30, 31, 22, 26, 27, 32, 33, 23, 28, 29, 34, 35
8
1, 2, 3, 4, 5, 0, 6, 9, 10, 16, 7, 11, 12, 17, 18, 8, 13, 14, 19, 20, 15, 21, 24, 25, 30, 31, 22, 26, 27, 32, 33, 23, 28, 29, 34, 35
7
1, 2, 3, 4, 5, 0, 6, 9, 10, 16, 7, 11, 12, 17, 18, 8, 13, 14, 19, 20, 15, 21, 24, 25, 30, 31, 22, 26, 27, 32, 33, 23, 28, 29, 34, 35
6
1, 2, 3, 4, 5, 0, 6, 9, 10, 16, 7, 11, 12, 17, 18, 8, 13, 14, 19, 20, 15, 21, 24, 25, 30, 31, 22, 26, 27, 32, 33, 23, 28, 29, 34, 35
5
1, 2, 3, 4, 5, 0, 6, 9, 10, 16, 7, 11, 12, 17, 18, 8, 13, 14, 19, 20, 15, 21, 24, 25, 30, 31, 22, 26, 27, 32, 33, 23, 28, 29, 34, 35
../benchmark_instances/2023result/docs/solver/benchmark/2022benchmark/benchmark/handcrafted/hc-power-12.col	36	51	5	13
	Command being timed: "timeout 1h java -Xms1024g -Xmx1024g -Xss134m -cp ../src/pathwidth.jar Pathwidth ../benchmark_instances/2023result/docs/solver/benchmark/2022benchmark/benchmark/handcrafted/hc-power-12.col"
	User time (seconds): 0.46
	System time (seconds): 1.43
	Percent of CPU this job got: 103%
	Elapsed (wall clock) time (h:mm:ss or m:ss): 0:01.83
	Average shared text size (kbytes): 0
	Average unshared data size (kbytes): 0
	Average stack size (kbytes): 0
	Average total size (kbytes): 0
	Maximum resident set size (kbytes): 4791608
	Average resident set size (kbytes): 0
	Major (requiring I/O) page faults: 0
	Minor (reclaiming a frame) page faults: 130627
	Voluntary context switches: 2113
	Involuntary context switches: 47
	Swaps: 0
	File system inputs: 8
	File system outputs: 112
	Socket messages sent: 0
	Socket messages received: 0
	Signals delivered: 0
	Page size (bytes): 4096
	Exit status: 0
