../benchmark_instances/2023result/docs/solver/benchmark/exp_instance/LGC_exp_instance001.col
13
6, 5, 12, 11, 10, 9, 7, 8, 0, 1, 2, 3, 4
12
6, 5, 12, 11, 10, 9, 7, 8, 0, 1, 2, 3, 4
11
6, 5, 12, 11, 10, 9, 7, 8, 0, 1, 2, 3, 4
10
6, 5, 12, 11, 10, 9, 7, 8, 0, 1, 2, 3, 4
9
6, 5, 12, 11, 10, 9, 7, 8, 0, 1, 2, 3, 4
8
6, 5, 12, 11, 10, 9, 7, 8, 0, 1, 2, 3, 4
7
6, 5, 12, 11, 10, 9, 7, 8, 0, 1, 2, 3, 4
6
6, 5, 12, 11, 10, 9, 7, 8, 0, 1, 2, 3, 4
5
6, 5, 12, 11, 10, 9, 7, 8, 0, 1, 2, 3, 4
4
6, 5, 12, 11, 10, 9, 7, 8, 0, 1, 2, 3, 4
3
6, 5, 12, 11, 10, 9, 7, 8, 0, 1, 2, 3, 4
../benchmark_instances/2023result/docs/solver/benchmark/exp_instance/LGC_exp_instance001.col	13	15	3	3
	Command being timed: "timeout 1h java -Xms1024g -Xmx1024g -Xss134m -cp ../src/pathwidth.jar Pathwidth ../benchmark_instances/2023result/docs/solver/benchmark/exp_instance/LGC_exp_instance001.col"
	User time (seconds): 0.44
	System time (seconds): 1.41
	Percent of CPU this job got: 102%
	Elapsed (wall clock) time (h:mm:ss or m:ss): 0:01.81
	Average shared text size (kbytes): 0
	Average unshared data size (kbytes): 0
	Average stack size (kbytes): 0
	Average total size (kbytes): 0
	Maximum resident set size (kbytes): 4786116
	Average resident set size (kbytes): 0
	Major (requiring I/O) page faults: 0
	Minor (reclaiming a frame) page faults: 129728
	Voluntary context switches: 2005
	Involuntary context switches: 33
	Swaps: 0
	File system inputs: 8
	File system outputs: 104
	Socket messages sent: 0
	Socket messages received: 0
	Signals delivered: 0
	Page size (bytes): 4096
	Exit status: 0
