../benchmark_instances/2023result/docs/solver/benchmark/2022benchmark/benchmark/color04/miles1500.col
128
16, 84, 10, 48, 58, 3, 17, 20, 25, 39, 103, 123, 8, 41, 49, 80, 62, 14, 76, 28, 53, 2, 47, 111, 4, 86, 36, 33, 34, 120, 31, 11, 15, 50, 32, 46, 119, 71, 118, 43, 30, 97, 102, 64, 0, 54, 56, 79, 96, 101, 108, 104, 116, 66, 89, 105, 1, 5, 6, 7, 9, 12, 13, 18, 19, 21, 22, 23, 24, 26, 27, 29, 35, 37, 38, 40, 42, 44, 45, 51, 52, 55, 57, 59, 60, 61, 63, 65, 67, 68, 69, 70, 72, 73, 74, 75, 77, 78, 81, 82, 83, 85, 87, 88, 90, 91, 92, 93, 94, 95, 98, 99, 100, 106, 107, 109, 110, 112, 113, 114, 115, 117, 121, 122, 124, 125, 126, 127
127
16, 84, 10, 48, 58, 3, 17, 20, 25, 39, 103, 123, 8, 41, 49, 80, 62, 14, 76, 28, 53, 2, 47, 111, 4, 86, 36, 33, 34, 120, 31, 11, 15, 50, 32, 46, 119, 71, 118, 43, 30, 97, 102, 64, 0, 54, 56, 79, 96, 101, 108, 104, 116, 66, 89, 105, 1, 5, 6, 7, 9, 12, 13, 18, 19, 21, 22, 23, 24, 26, 27, 29, 35, 37, 38, 40, 42, 44, 45, 51, 52, 55, 57, 59, 60, 61, 63, 65, 67, 68, 69, 70, 72, 73, 74, 75, 77, 78, 81, 82, 83, 85, 87, 88, 90, 91, 92, 93, 94, 95, 98, 99, 100, 106, 107, 109, 110, 112, 113, 114, 115, 117, 121, 122, 124, 125, 126, 127
126
16, 84, 10, 48, 58, 3, 17, 20, 25, 39, 103, 123, 8, 41, 49, 80, 62, 14, 76, 28, 53, 2, 47, 111, 4, 86, 36, 33, 34, 120, 31, 11, 15, 50, 32, 46, 119, 71, 118, 43, 30, 97, 102, 64, 0, 54, 56, 79, 96, 101, 108, 104, 116, 66, 89, 105, 1, 5, 6, 7, 9, 12, 13, 18, 19, 21, 22, 23, 24, 26, 27, 29, 35, 37, 38, 40, 42, 44, 45, 51, 52, 55, 57, 59, 60, 61, 63, 65, 67, 68, 69, 70, 72, 73, 74, 75, 77, 78, 81, 82, 83, 85, 87, 88, 90, 91, 92, 93, 94, 95, 98, 99, 100, 106, 107, 109, 110, 112, 113, 114, 115, 117, 121, 122, 124, 125, 126, 127
125
16, 84, 10, 48, 58, 3, 17, 20, 25, 39, 103, 123, 8, 41, 49, 80, 62, 14, 76, 28, 53, 2, 47, 111, 4, 86, 36, 33, 34, 120, 31, 11, 15, 50, 32, 46, 119, 71, 118, 43, 30, 97, 102, 64, 0, 54, 56, 79, 96, 101, 108, 104, 116, 66, 89, 105, 1, 5, 6, 7, 9, 12, 13, 18, 19, 21, 22, 23, 24, 26, 27, 29, 35, 37, 38, 40, 42, 44, 45, 51, 52, 55, 57, 59, 60, 61, 63, 65, 67, 68, 69, 70, 72, 73, 74, 75, 77, 78, 81, 82, 83, 85, 87, 88, 90, 91, 92, 93, 94, 95, 98, 99, 100, 106, 107, 109, 110, 112, 113, 114, 115, 117, 121, 122, 124, 125, 126, 127
124
16, 84, 10, 48, 58, 3, 17, 20, 25, 39, 103, 123, 8, 41, 49, 80, 62, 14, 76, 28, 53, 2, 47, 111, 4, 86, 36, 33, 34, 120, 31, 11, 15, 50, 32, 46, 119, 71, 118, 43, 30, 97, 102, 64, 0, 54, 56, 79, 96, 101, 108, 104, 116, 66, 89, 105, 1, 5, 6, 7, 9, 12, 13, 18, 19, 21, 22, 23, 24, 26, 27, 29, 35, 37, 38, 40, 42, 44, 45, 51, 52, 55, 57, 59, 60, 61, 63, 65, 67, 68, 69, 70, 72, 73, 74, 75, 77, 78, 81, 82, 83, 85, 87, 88, 90, 91, 92, 93, 94, 95, 98, 99, 100, 106, 107, 109, 110, 112, 113, 114, 115, 117, 121, 122, 124, 125, 126, 127
123
16, 84, 10, 48, 58, 3, 17, 20, 25, 39, 103, 123, 8, 41, 49, 80, 62, 14, 76, 28, 53, 2, 47, 111, 4, 86, 36, 33, 34, 120, 31, 11, 15, 50, 32, 46, 119, 71, 118, 43, 30, 97, 102, 64, 0, 54, 56, 79, 96, 101, 108, 104, 116, 66, 89, 105, 1, 5, 6, 7, 9, 12, 13, 18, 19, 21, 22, 23, 24, 26, 27, 29, 35, 37, 38, 40, 42, 44, 45, 51, 52, 55, 57, 59, 60, 61, 63, 65, 67, 68, 69, 70, 72, 73, 74, 75, 77, 78, 81, 82, 83, 85, 87, 88, 90, 91, 92, 93, 94, 95, 98, 99, 100, 106, 107, 109, 110, 112, 113, 114, 115, 117, 121, 122, 124, 125, 126, 127
122
16, 84, 10, 48, 58, 3, 17, 20, 25, 39, 103, 123, 8, 41, 49, 80, 62, 14, 76, 28, 53, 2, 47, 111, 4, 86, 36, 33, 34, 120, 31, 11, 15, 50, 32, 46, 119, 71, 118, 43, 30, 97, 102, 64, 0, 54, 56, 79, 96, 101, 108, 104, 116, 66, 89, 105, 1, 5, 6, 7, 9, 12, 13, 18, 19, 21, 22, 23, 24, 26, 27, 29, 35, 37, 38, 40, 42, 44, 45, 51, 52, 55, 57, 59, 60, 61, 63, 65, 67, 68, 69, 70, 72, 73, 74, 75, 77, 78, 81, 82, 83, 85, 87, 88, 90, 91, 92, 93, 94, 95, 98, 99, 100, 106, 107, 109, 110, 112, 113, 114, 115, 117, 121, 122, 124, 125, 126, 127
121
16, 84, 10, 48, 58, 3, 17, 20, 25, 39, 103, 123, 8, 41, 49, 80, 62, 14, 76, 28, 53, 2, 47, 111, 4, 86, 36, 33, 34, 120, 31, 11, 15, 50, 32, 46, 119, 71, 118, 43, 30, 97, 102, 64, 0, 54, 56, 79, 96, 101, 108, 104, 116, 66, 89, 105, 1, 5, 6, 7, 9, 12, 13, 18, 19, 21, 22, 23, 24, 26, 27, 29, 35, 37, 38, 40, 42, 44, 45, 51, 52, 55, 57, 59, 60, 61, 63, 65, 67, 68, 69, 70, 72, 73, 74, 75, 77, 78, 81, 82, 83, 85, 87, 88, 90, 91, 92, 93, 94, 95, 98, 99, 100, 106, 107, 109, 110, 112, 113, 114, 115, 117, 121, 122, 124, 125, 126, 127
120
16, 84, 10, 48, 58, 3, 17, 20, 25, 39, 103, 123, 8, 41, 49, 80, 62, 14, 76, 28, 53, 2, 47, 111, 4, 86, 36, 33, 34, 120, 31, 11, 15, 50, 32, 46, 119, 71, 118, 43, 30, 97, 102, 64, 0, 54, 56, 79, 96, 101, 108, 104, 116, 66, 89, 105, 1, 5, 6, 7, 9, 12, 13, 18, 19, 21, 22, 23, 24, 26, 27, 29, 35, 37, 38, 40, 42, 44, 45, 51, 52, 55, 57, 59, 60, 61, 63, 65, 67, 68, 69, 70, 72, 73, 74, 75, 77, 78, 81, 82, 83, 85, 87, 88, 90, 91, 92, 93, 94, 95, 98, 99, 100, 106, 107, 109, 110, 112, 113, 114, 115, 117, 121, 122, 124, 125, 126, 127
119
16, 84, 10, 48, 58, 3, 17, 20, 25, 39, 103, 123, 8, 41, 49, 80, 62, 14, 76, 28, 53, 2, 47, 111, 4, 86, 36, 33, 34, 120, 31, 11, 15, 50, 32, 46, 119, 71, 118, 43, 30, 97, 102, 64, 0, 54, 56, 79, 96, 101, 108, 104, 116, 66, 89, 105, 1, 5, 6, 7, 9, 12, 13, 18, 19, 21, 22, 23, 24, 26, 27, 29, 35, 37, 38, 40, 42, 44, 45, 51, 52, 55, 57, 59, 60, 61, 63, 65, 67, 68, 69, 70, 72, 73, 74, 75, 77, 78, 81, 82, 83, 85, 87, 88, 90, 91, 92, 93, 94, 95, 98, 99, 100, 106, 107, 109, 110, 112, 113, 114, 115, 117, 121, 122, 124, 125, 126, 127
118
16, 84, 10, 48, 58, 3, 17, 20, 25, 39, 103, 123, 8, 41, 49, 80, 62, 14, 76, 28, 53, 2, 47, 111, 4, 86, 36, 33, 34, 120, 31, 11, 15, 50, 32, 46, 119, 71, 118, 43, 30, 97, 102, 64, 0, 54, 56, 79, 96, 101, 108, 104, 116, 66, 89, 105, 1, 5, 6, 7, 9, 12, 13, 18, 19, 21, 22, 23, 24, 26, 27, 29, 35, 37, 38, 40, 42, 44, 45, 51, 52, 55, 57, 59, 60, 61, 63, 65, 67, 68, 69, 70, 72, 73, 74, 75, 77, 78, 81, 82, 83, 85, 87, 88, 90, 91, 92, 93, 94, 95, 98, 99, 100, 106, 107, 109, 110, 112, 113, 114, 115, 117, 121, 122, 124, 125, 126, 127
117
16, 84, 10, 48, 58, 3, 17, 20, 25, 39, 103, 123, 8, 41, 49, 80, 62, 14, 76, 28, 53, 2, 47, 111, 4, 86, 36, 33, 34, 120, 31, 11, 15, 50, 32, 46, 119, 71, 118, 43, 30, 97, 102, 64, 0, 54, 56, 79, 96, 101, 108, 104, 116, 66, 89, 105, 1, 5, 6, 7, 9, 12, 13, 18, 19, 21, 22, 23, 24, 26, 27, 29, 35, 37, 38, 40, 42, 44, 45, 51, 52, 55, 57, 59, 60, 61, 63, 65, 67, 68, 69, 70, 72, 73, 74, 75, 77, 78, 81, 82, 83, 85, 87, 88, 90, 91, 92, 93, 94, 95, 98, 99, 100, 106, 107, 109, 110, 112, 113, 114, 115, 117, 121, 122, 124, 125, 126, 127
116
16, 84, 10, 48, 58, 3, 17, 20, 25, 39, 103, 123, 8, 41, 49, 80, 62, 14, 76, 28, 53, 2, 47, 111, 4, 86, 36, 33, 34, 120, 31, 11, 15, 50, 32, 46, 119, 71, 118, 43, 30, 97, 102, 64, 0, 54, 56, 79, 96, 101, 108, 104, 116, 66, 89, 105, 1, 5, 6, 7, 9, 12, 13, 18, 19, 21, 22, 23, 24, 26, 27, 29, 35, 37, 38, 40, 42, 44, 45, 51, 52, 55, 57, 59, 60, 61, 63, 65, 67, 68, 69, 70, 72, 73, 74, 75, 77, 78, 81, 82, 83, 85, 87, 88, 90, 91, 92, 93, 94, 95, 98, 99, 100, 106, 107, 109, 110, 112, 113, 114, 115, 117, 121, 122, 124, 125, 126, 127
115
16, 84, 10, 48, 58, 3, 17, 20, 25, 39, 103, 123, 8, 41, 49, 80, 62, 14, 76, 28, 53, 2, 47, 111, 4, 86, 36, 33, 34, 120, 31, 11, 15, 50, 32, 46, 119, 71, 118, 43, 30, 97, 102, 64, 0, 54, 56, 79, 96, 101, 108, 104, 116, 66, 89, 105, 1, 5, 6, 7, 9, 12, 13, 18, 19, 21, 22, 23, 24, 26, 27, 29, 35, 37, 38, 40, 42, 44, 45, 51, 52, 55, 57, 59, 60, 61, 63, 65, 67, 68, 69, 70, 72, 73, 74, 75, 77, 78, 81, 82, 83, 85, 87, 88, 90, 91, 92, 93, 94, 95, 98, 99, 100, 106, 107, 109, 110, 112, 113, 114, 115, 117, 121, 122, 124, 125, 126, 127
114
16, 84, 10, 48, 58, 3, 17, 20, 25, 39, 103, 123, 8, 41, 49, 80, 62, 14, 76, 28, 53, 2, 47, 111, 4, 86, 36, 33, 34, 120, 31, 11, 15, 50, 32, 46, 119, 71, 118, 43, 30, 97, 102, 64, 0, 54, 56, 79, 96, 101, 108, 104, 116, 66, 89, 105, 1, 5, 6, 7, 9, 12, 13, 18, 19, 21, 22, 23, 24, 26, 27, 29, 35, 37, 38, 40, 42, 44, 45, 51, 52, 55, 57, 59, 60, 61, 63, 65, 67, 68, 69, 70, 72, 73, 74, 75, 77, 78, 81, 82, 83, 85, 87, 88, 90, 91, 92, 93, 94, 95, 98, 99, 100, 106, 107, 109, 110, 112, 113, 114, 115, 117, 121, 122, 124, 125, 126, 127
113
16, 84, 10, 48, 58, 3, 17, 20, 25, 39, 103, 123, 8, 41, 49, 80, 62, 14, 76, 28, 53, 2, 47, 111, 4, 86, 36, 33, 34, 120, 31, 11, 15, 50, 32, 46, 119, 71, 118, 43, 30, 97, 102, 64, 0, 54, 56, 79, 96, 101, 108, 104, 116, 66, 89, 105, 1, 5, 6, 7, 9, 12, 13, 18, 19, 21, 22, 23, 24, 26, 27, 29, 35, 37, 38, 40, 42, 44, 45, 51, 52, 55, 57, 59, 60, 61, 63, 65, 67, 68, 69, 70, 72, 73, 74, 75, 77, 78, 81, 82, 83, 85, 87, 88, 90, 91, 92, 93, 94, 95, 98, 99, 100, 106, 107, 109, 110, 112, 113, 114, 115, 117, 121, 122, 124, 125, 126, 127
112
16, 84, 10, 48, 58, 3, 17, 20, 25, 39, 103, 123, 8, 41, 49, 80, 62, 14, 76, 28, 53, 2, 47, 111, 4, 86, 36, 33, 34, 120, 31, 11, 15, 50, 32, 46, 119, 71, 118, 43, 30, 97, 102, 64, 0, 54, 56, 79, 96, 101, 108, 104, 116, 66, 89, 105, 1, 5, 6, 7, 9, 12, 13, 18, 19, 21, 22, 23, 24, 26, 27, 29, 35, 37, 38, 40, 42, 44, 45, 51, 52, 55, 57, 59, 60, 61, 63, 65, 67, 68, 69, 70, 72, 73, 74, 75, 77, 78, 81, 82, 83, 85, 87, 88, 90, 91, 92, 93, 94, 95, 98, 99, 100, 106, 107, 109, 110, 112, 113, 114, 115, 117, 121, 122, 124, 125, 126, 127
111
16, 84, 10, 48, 58, 3, 17, 20, 25, 39, 103, 123, 8, 41, 49, 80, 62, 14, 76, 28, 53, 2, 47, 111, 4, 86, 36, 33, 34, 120, 31, 11, 15, 50, 32, 46, 119, 71, 118, 43, 30, 97, 102, 64, 0, 54, 56, 79, 96, 101, 108, 104, 116, 66, 89, 105, 1, 5, 6, 7, 9, 12, 13, 18, 19, 21, 22, 23, 24, 26, 27, 29, 35, 37, 38, 40, 42, 44, 45, 51, 52, 55, 57, 59, 60, 61, 63, 65, 67, 68, 69, 70, 72, 73, 74, 75, 77, 78, 81, 82, 83, 85, 87, 88, 90, 91, 92, 93, 94, 95, 98, 99, 100, 106, 107, 109, 110, 112, 113, 114, 115, 117, 121, 122, 124, 125, 126, 127
110
16, 84, 10, 48, 58, 3, 17, 20, 25, 39, 103, 123, 8, 41, 49, 80, 62, 14, 76, 28, 53, 2, 47, 111, 4, 86, 36, 33, 34, 120, 31, 11, 15, 50, 32, 46, 119, 71, 118, 43, 30, 97, 102, 64, 0, 54, 56, 79, 96, 101, 108, 104, 116, 66, 89, 105, 1, 5, 6, 7, 9, 12, 13, 18, 19, 21, 22, 23, 24, 26, 27, 29, 35, 37, 38, 40, 42, 44, 45, 51, 52, 55, 57, 59, 60, 61, 63, 65, 67, 68, 69, 70, 72, 73, 74, 75, 77, 78, 81, 82, 83, 85, 87, 88, 90, 91, 92, 93, 94, 95, 98, 99, 100, 106, 107, 109, 110, 112, 113, 114, 115, 117, 121, 122, 124, 125, 126, 127
109
16, 84, 10, 48, 58, 3, 17, 20, 25, 39, 103, 123, 8, 41, 49, 80, 62, 14, 76, 28, 53, 2, 47, 111, 4, 86, 36, 33, 34, 120, 31, 11, 15, 50, 32, 46, 119, 71, 118, 43, 30, 97, 102, 64, 0, 54, 56, 79, 96, 101, 108, 104, 116, 66, 89, 105, 1, 5, 6, 7, 9, 12, 13, 18, 19, 21, 22, 23, 24, 26, 27, 29, 35, 37, 38, 40, 42, 44, 45, 51, 52, 55, 57, 59, 60, 61, 63, 65, 67, 68, 69, 70, 72, 73, 74, 75, 77, 78, 81, 82, 83, 85, 87, 88, 90, 91, 92, 93, 94, 95, 98, 99, 100, 106, 107, 109, 110, 112, 113, 114, 115, 117, 121, 122, 124, 125, 126, 127
108
16, 84, 10, 48, 58, 3, 17, 20, 25, 39, 103, 123, 8, 41, 49, 80, 62, 14, 76, 28, 53, 2, 47, 111, 4, 86, 36, 33, 34, 120, 31, 11, 15, 50, 32, 46, 119, 71, 118, 43, 30, 97, 102, 64, 0, 54, 56, 79, 96, 101, 108, 104, 116, 66, 89, 105, 1, 5, 6, 7, 9, 12, 13, 18, 19, 21, 22, 23, 24, 26, 27, 29, 35, 37, 38, 40, 42, 44, 45, 51, 52, 55, 57, 59, 60, 61, 63, 65, 67, 68, 69, 70, 72, 73, 74, 75, 77, 78, 81, 82, 83, 85, 87, 88, 90, 91, 92, 93, 94, 95, 98, 99, 100, 106, 107, 109, 110, 112, 113, 114, 115, 117, 121, 122, 124, 125, 126, 127
107
16, 84, 10, 48, 58, 3, 17, 20, 25, 39, 103, 123, 8, 41, 49, 80, 62, 14, 76, 28, 53, 2, 47, 111, 4, 86, 36, 33, 34, 120, 31, 11, 15, 50, 32, 46, 119, 71, 118, 43, 30, 97, 102, 64, 0, 54, 56, 79, 96, 101, 108, 104, 116, 66, 89, 105, 1, 5, 6, 7, 9, 12, 13, 18, 19, 21, 22, 23, 24, 26, 27, 29, 35, 37, 38, 40, 42, 44, 45, 51, 52, 55, 57, 59, 60, 61, 63, 65, 67, 68, 69, 70, 72, 73, 74, 75, 77, 78, 81, 82, 83, 85, 87, 88, 90, 91, 92, 93, 94, 95, 98, 99, 100, 106, 107, 109, 110, 112, 113, 114, 115, 117, 121, 122, 124, 125, 126, 127
106
16, 84, 10, 48, 58, 3, 17, 20, 25, 39, 103, 123, 8, 41, 49, 80, 62, 14, 76, 28, 53, 2, 47, 111, 4, 86, 36, 33, 34, 120, 31, 11, 15, 50, 32, 46, 119, 71, 118, 43, 30, 97, 102, 64, 0, 54, 56, 79, 96, 101, 108, 104, 116, 66, 89, 105, 1, 5, 6, 7, 9, 12, 13, 18, 19, 21, 22, 23, 24, 26, 27, 29, 35, 37, 38, 40, 42, 44, 45, 51, 52, 55, 57, 59, 60, 61, 63, 65, 67, 68, 69, 70, 72, 73, 74, 75, 77, 78, 81, 82, 83, 85, 87, 88, 90, 91, 92, 93, 94, 95, 98, 99, 100, 106, 107, 109, 110, 112, 113, 114, 115, 117, 121, 122, 124, 125, 126, 127
105
16, 84, 10, 48, 58, 3, 17, 20, 25, 39, 103, 123, 8, 41, 49, 80, 62, 14, 76, 28, 53, 2, 47, 111, 4, 86, 36, 33, 34, 120, 31, 11, 15, 50, 32, 46, 119, 71, 118, 43, 30, 97, 102, 64, 0, 54, 56, 79, 96, 101, 108, 104, 116, 66, 89, 105, 1, 5, 6, 7, 9, 12, 13, 18, 19, 21, 22, 23, 24, 26, 27, 29, 35, 37, 38, 40, 42, 44, 45, 51, 52, 55, 57, 59, 60, 61, 63, 65, 67, 68, 69, 70, 72, 73, 74, 75, 77, 78, 81, 82, 83, 85, 87, 88, 90, 91, 92, 93, 94, 95, 98, 99, 100, 106, 107, 109, 110, 112, 113, 114, 115, 117, 121, 122, 124, 125, 126, 127
104
16, 84, 10, 48, 58, 3, 17, 20, 25, 39, 103, 123, 8, 41, 49, 80, 62, 14, 76, 28, 53, 2, 47, 111, 4, 86, 36, 33, 34, 120, 31, 11, 15, 50, 32, 46, 119, 71, 118, 43, 30, 97, 102, 64, 0, 54, 56, 79, 96, 101, 108, 104, 116, 66, 89, 105, 1, 5, 6, 7, 9, 12, 13, 18, 19, 21, 22, 23, 24, 26, 27, 29, 35, 37, 38, 40, 42, 44, 45, 51, 52, 55, 57, 59, 60, 61, 63, 65, 67, 68, 69, 70, 72, 73, 74, 75, 77, 78, 81, 82, 83, 85, 87, 88, 90, 91, 92, 93, 94, 95, 98, 99, 100, 106, 107, 109, 110, 112, 113, 114, 115, 117, 121, 122, 124, 125, 126, 127
103
16, 84, 10, 48, 58, 3, 17, 20, 25, 39, 103, 123, 8, 41, 49, 80, 62, 14, 76, 28, 53, 2, 47, 111, 4, 86, 36, 33, 34, 120, 31, 11, 15, 50, 32, 46, 119, 71, 118, 43, 30, 97, 102, 64, 0, 54, 56, 79, 96, 101, 108, 104, 116, 66, 89, 105, 1, 5, 6, 7, 9, 12, 13, 18, 19, 21, 22, 23, 24, 26, 27, 29, 35, 37, 38, 40, 42, 44, 45, 51, 52, 55, 57, 59, 60, 61, 63, 65, 67, 68, 69, 70, 72, 73, 74, 75, 77, 78, 81, 82, 83, 85, 87, 88, 90, 91, 92, 93, 94, 95, 98, 99, 100, 106, 107, 109, 110, 112, 113, 114, 115, 117, 121, 122, 124, 125, 126, 127
102
16, 84, 10, 48, 58, 3, 17, 20, 25, 39, 103, 123, 8, 41, 49, 80, 62, 14, 76, 28, 53, 2, 47, 111, 4, 86, 36, 33, 34, 120, 31, 11, 15, 50, 32, 46, 119, 71, 118, 43, 30, 97, 102, 64, 0, 54, 56, 79, 96, 101, 108, 104, 116, 66, 89, 105, 1, 5, 6, 7, 9, 12, 13, 18, 19, 21, 22, 23, 24, 26, 27, 29, 35, 37, 38, 40, 42, 44, 45, 51, 52, 55, 57, 59, 60, 61, 63, 65, 67, 68, 69, 70, 72, 73, 74, 75, 77, 78, 81, 82, 83, 85, 87, 88, 90, 91, 92, 93, 94, 95, 98, 99, 100, 106, 107, 109, 110, 112, 113, 114, 115, 117, 121, 122, 124, 125, 126, 127
101
16, 84, 10, 48, 58, 3, 17, 20, 25, 39, 103, 123, 8, 41, 49, 80, 62, 14, 76, 28, 53, 2, 47, 111, 4, 86, 36, 33, 34, 120, 31, 11, 15, 50, 32, 46, 119, 71, 118, 43, 30, 97, 102, 64, 0, 54, 56, 79, 96, 101, 108, 104, 116, 66, 89, 105, 1, 5, 6, 7, 9, 12, 13, 18, 19, 21, 22, 23, 24, 26, 27, 29, 35, 37, 38, 40, 42, 44, 45, 51, 52, 55, 57, 59, 60, 61, 63, 65, 67, 68, 69, 70, 72, 73, 74, 75, 77, 78, 81, 82, 83, 85, 87, 88, 90, 91, 92, 93, 94, 95, 98, 99, 100, 106, 107, 109, 110, 112, 113, 114, 115, 117, 121, 122, 124, 125, 126, 127
100
16, 84, 10, 48, 58, 3, 17, 20, 25, 39, 103, 123, 8, 41, 49, 80, 62, 14, 76, 28, 53, 2, 47, 111, 4, 86, 36, 33, 34, 120, 31, 11, 15, 50, 32, 46, 119, 71, 118, 43, 30, 97, 102, 64, 0, 54, 56, 79, 96, 101, 108, 104, 116, 66, 89, 105, 1, 5, 6, 7, 9, 12, 13, 18, 19, 21, 22, 23, 24, 26, 27, 29, 35, 37, 38, 40, 42, 44, 45, 51, 52, 55, 57, 59, 60, 61, 63, 65, 67, 68, 69, 70, 72, 73, 74, 75, 77, 78, 81, 82, 83, 85, 87, 88, 90, 91, 92, 93, 94, 95, 98, 99, 100, 106, 107, 109, 110, 112, 113, 114, 115, 117, 121, 122, 124, 125, 126, 127
99
16, 84, 10, 48, 58, 3, 17, 20, 25, 39, 103, 123, 8, 41, 49, 80, 62, 14, 76, 28, 53, 2, 47, 111, 4, 86, 36, 33, 34, 120, 31, 11, 15, 50, 32, 46, 119, 71, 118, 43, 30, 97, 102, 64, 0, 54, 56, 79, 96, 101, 108, 104, 116, 66, 89, 105, 1, 5, 6, 7, 9, 12, 13, 18, 19, 21, 22, 23, 24, 26, 27, 29, 35, 37, 38, 40, 42, 44, 45, 51, 52, 55, 57, 59, 60, 61, 63, 65, 67, 68, 69, 70, 72, 73, 74, 75, 77, 78, 81, 82, 83, 85, 87, 88, 90, 91, 92, 93, 94, 95, 98, 99, 100, 106, 107, 109, 110, 112, 113, 114, 115, 117, 121, 122, 124, 125, 126, 127
98
16, 84, 10, 48, 58, 3, 17, 20, 25, 39, 103, 123, 8, 41, 49, 80, 62, 14, 76, 28, 53, 2, 47, 111, 4, 86, 36, 33, 34, 120, 31, 11, 15, 50, 32, 46, 119, 71, 118, 43, 30, 97, 102, 64, 0, 54, 56, 79, 96, 101, 108, 104, 116, 66, 89, 105, 1, 5, 6, 7, 9, 12, 13, 18, 19, 21, 22, 23, 24, 26, 27, 29, 35, 37, 38, 40, 42, 44, 45, 51, 52, 55, 57, 59, 60, 61, 63, 65, 67, 68, 69, 70, 72, 73, 74, 75, 77, 78, 81, 82, 83, 85, 87, 88, 90, 91, 92, 93, 94, 95, 98, 99, 100, 106, 107, 109, 110, 112, 113, 114, 115, 117, 121, 122, 124, 125, 126, 127
97
16, 84, 10, 48, 58, 3, 17, 20, 25, 39, 103, 123, 8, 41, 49, 80, 62, 14, 76, 28, 53, 2, 47, 111, 4, 86, 36, 33, 34, 120, 31, 11, 15, 50, 32, 46, 119, 71, 118, 43, 30, 97, 102, 64, 0, 54, 56, 79, 96, 101, 108, 104, 116, 66, 89, 105, 1, 5, 6, 7, 9, 12, 13, 18, 19, 21, 22, 23, 24, 26, 27, 29, 35, 37, 38, 40, 42, 44, 45, 51, 52, 55, 57, 59, 60, 61, 63, 65, 67, 68, 69, 70, 72, 73, 74, 75, 77, 78, 81, 82, 83, 85, 87, 88, 90, 91, 92, 93, 94, 95, 98, 99, 100, 106, 107, 109, 110, 112, 113, 114, 115, 117, 121, 122, 124, 125, 126, 127
96
16, 84, 10, 48, 58, 3, 17, 20, 25, 39, 103, 123, 8, 41, 49, 80, 62, 14, 76, 28, 53, 2, 47, 111, 4, 86, 36, 33, 34, 120, 31, 11, 15, 50, 32, 46, 119, 71, 118, 43, 30, 97, 102, 64, 0, 54, 56, 79, 96, 101, 108, 104, 116, 66, 89, 105, 1, 5, 6, 7, 9, 12, 13, 18, 19, 21, 22, 23, 24, 26, 27, 29, 35, 37, 38, 40, 42, 44, 45, 51, 52, 55, 57, 59, 60, 61, 63, 65, 67, 68, 69, 70, 72, 73, 74, 75, 77, 78, 81, 82, 83, 85, 87, 88, 90, 91, 92, 93, 94, 95, 98, 99, 100, 106, 107, 109, 110, 112, 113, 114, 115, 117, 121, 122, 124, 125, 126, 127
95
16, 84, 10, 48, 58, 3, 17, 20, 25, 39, 103, 123, 8, 41, 49, 80, 62, 14, 76, 28, 53, 2, 47, 111, 4, 86, 36, 33, 34, 120, 31, 11, 15, 50, 32, 46, 119, 71, 118, 43, 30, 97, 102, 64, 0, 54, 56, 79, 96, 101, 108, 104, 116, 66, 89, 105, 1, 5, 6, 7, 9, 12, 13, 18, 19, 21, 22, 23, 24, 26, 27, 29, 35, 37, 38, 40, 42, 44, 45, 51, 52, 55, 57, 59, 60, 61, 63, 65, 67, 68, 69, 70, 72, 73, 74, 75, 77, 78, 81, 82, 83, 85, 87, 88, 90, 91, 92, 93, 94, 95, 98, 99, 100, 106, 107, 109, 110, 112, 113, 114, 115, 117, 121, 122, 124, 125, 126, 127
94
16, 84, 10, 48, 58, 3, 17, 20, 25, 39, 103, 123, 8, 41, 49, 80, 62, 14, 76, 28, 53, 2, 47, 111, 4, 86, 36, 33, 34, 120, 31, 11, 15, 50, 32, 46, 119, 71, 118, 43, 30, 97, 102, 64, 0, 54, 56, 79, 96, 101, 108, 104, 116, 66, 89, 105, 1, 5, 6, 7, 9, 12, 13, 18, 19, 21, 22, 23, 24, 26, 27, 29, 35, 37, 38, 40, 42, 44, 45, 51, 52, 55, 57, 59, 60, 61, 63, 65, 67, 68, 69, 70, 72, 73, 74, 75, 77, 78, 81, 82, 83, 85, 87, 88, 90, 91, 92, 93, 94, 95, 98, 99, 100, 106, 107, 109, 110, 112, 113, 114, 115, 117, 121, 122, 124, 125, 126, 127
93
16, 84, 10, 48, 58, 3, 17, 20, 25, 39, 103, 123, 8, 41, 49, 80, 62, 14, 76, 28, 53, 2, 47, 111, 4, 86, 36, 33, 34, 120, 31, 11, 15, 50, 32, 46, 119, 71, 118, 43, 30, 97, 102, 64, 0, 54, 56, 79, 96, 101, 108, 104, 116, 66, 89, 105, 1, 5, 6, 7, 9, 12, 13, 18, 19, 21, 22, 23, 24, 26, 27, 29, 35, 37, 38, 40, 42, 44, 45, 51, 52, 55, 57, 59, 60, 61, 63, 65, 67, 68, 69, 70, 72, 73, 74, 75, 77, 78, 81, 82, 83, 85, 87, 88, 90, 91, 92, 93, 94, 95, 98, 99, 100, 106, 107, 109, 110, 112, 113, 114, 115, 117, 121, 122, 124, 125, 126, 127
92
16, 84, 10, 48, 58, 3, 17, 20, 25, 39, 103, 123, 8, 41, 49, 80, 62, 14, 76, 28, 53, 2, 47, 111, 4, 86, 36, 33, 34, 120, 31, 11, 15, 50, 32, 46, 119, 71, 118, 43, 30, 97, 102, 64, 0, 54, 56, 79, 96, 101, 108, 104, 116, 66, 89, 105, 1, 5, 6, 7, 9, 12, 13, 18, 19, 21, 22, 23, 24, 26, 27, 29, 35, 37, 38, 40, 42, 44, 45, 51, 52, 55, 57, 59, 60, 61, 63, 65, 67, 68, 69, 70, 72, 73, 74, 75, 77, 78, 81, 82, 83, 85, 87, 88, 90, 91, 92, 93, 94, 95, 98, 99, 100, 106, 107, 109, 110, 112, 113, 114, 115, 117, 121, 122, 124, 125, 126, 127
91
16, 84, 10, 48, 58, 3, 17, 20, 25, 39, 103, 123, 8, 41, 49, 80, 62, 14, 76, 28, 53, 2, 47, 111, 4, 86, 36, 33, 34, 120, 31, 11, 15, 50, 32, 46, 119, 71, 118, 43, 30, 97, 102, 64, 0, 54, 56, 79, 96, 101, 108, 104, 116, 66, 89, 105, 1, 5, 6, 7, 9, 12, 13, 18, 19, 21, 22, 23, 24, 26, 27, 29, 35, 37, 38, 40, 42, 44, 45, 51, 52, 55, 57, 59, 60, 61, 63, 65, 67, 68, 69, 70, 72, 73, 74, 75, 77, 78, 81, 82, 83, 85, 87, 88, 90, 91, 92, 93, 94, 95, 98, 99, 100, 106, 107, 109, 110, 112, 113, 114, 115, 117, 121, 122, 124, 125, 126, 127
90
16, 84, 10, 48, 58, 3, 17, 20, 25, 39, 103, 123, 8, 41, 49, 80, 62, 14, 76, 28, 53, 2, 47, 111, 4, 86, 36, 33, 34, 120, 31, 11, 15, 50, 32, 46, 119, 71, 118, 43, 30, 97, 102, 64, 0, 54, 56, 79, 96, 101, 108, 104, 116, 66, 89, 105, 1, 5, 6, 7, 9, 12, 13, 18, 19, 21, 22, 23, 24, 26, 27, 29, 35, 37, 38, 40, 42, 44, 45, 51, 52, 55, 57, 59, 60, 61, 63, 65, 67, 68, 69, 70, 72, 73, 74, 75, 77, 78, 81, 82, 83, 85, 87, 88, 90, 91, 92, 93, 94, 95, 98, 99, 100, 106, 107, 109, 110, 112, 113, 114, 115, 117, 121, 122, 124, 125, 126, 127
89
16, 84, 10, 48, 58, 3, 17, 20, 25, 39, 103, 123, 8, 41, 49, 80, 62, 14, 76, 28, 53, 2, 47, 111, 4, 86, 36, 33, 34, 120, 31, 11, 15, 50, 32, 46, 119, 71, 118, 43, 30, 97, 102, 64, 0, 54, 56, 79, 96, 101, 108, 104, 116, 66, 89, 105, 1, 5, 6, 7, 9, 12, 13, 18, 19, 21, 22, 23, 24, 26, 27, 29, 35, 37, 38, 40, 42, 44, 45, 51, 52, 55, 57, 59, 60, 61, 63, 65, 67, 68, 69, 70, 72, 73, 74, 75, 77, 78, 81, 82, 83, 85, 87, 88, 90, 91, 92, 93, 94, 95, 98, 99, 100, 106, 107, 109, 110, 112, 113, 114, 115, 117, 121, 122, 124, 125, 126, 127
88
16, 84, 10, 48, 58, 3, 17, 20, 25, 39, 103, 123, 8, 41, 49, 80, 62, 14, 76, 28, 53, 2, 47, 111, 4, 86, 36, 33, 34, 120, 31, 11, 15, 50, 32, 46, 119, 71, 118, 43, 30, 97, 102, 64, 0, 54, 56, 79, 96, 101, 108, 104, 116, 66, 89, 105, 1, 5, 6, 7, 9, 12, 13, 18, 19, 21, 22, 23, 24, 26, 27, 29, 35, 37, 38, 40, 42, 44, 45, 51, 52, 55, 57, 59, 60, 61, 63, 65, 67, 68, 69, 70, 72, 73, 74, 75, 77, 78, 81, 82, 83, 85, 87, 88, 90, 91, 92, 93, 94, 95, 98, 99, 100, 106, 107, 109, 110, 112, 113, 114, 115, 117, 121, 122, 124, 125, 126, 127
87
16, 84, 10, 48, 58, 3, 17, 20, 25, 39, 103, 123, 8, 41, 49, 80, 62, 14, 76, 28, 53, 2, 47, 111, 4, 86, 36, 33, 34, 120, 31, 11, 15, 50, 32, 46, 119, 71, 118, 43, 30, 97, 102, 64, 0, 54, 56, 79, 96, 101, 108, 104, 116, 66, 89, 105, 1, 5, 6, 7, 9, 12, 13, 18, 19, 21, 22, 23, 24, 26, 27, 29, 35, 37, 38, 40, 42, 44, 45, 51, 52, 55, 57, 59, 60, 61, 63, 65, 67, 68, 69, 70, 72, 73, 74, 75, 77, 78, 81, 82, 83, 85, 87, 88, 90, 91, 92, 93, 94, 95, 98, 99, 100, 106, 107, 109, 110, 112, 113, 114, 115, 117, 121, 122, 124, 125, 126, 127
86
16, 84, 10, 48, 58, 3, 17, 20, 25, 39, 103, 123, 8, 41, 49, 80, 62, 14, 76, 28, 53, 2, 47, 111, 4, 86, 36, 33, 34, 120, 31, 11, 15, 50, 32, 46, 119, 71, 118, 43, 30, 97, 102, 64, 0, 54, 56, 79, 96, 101, 108, 104, 116, 66, 89, 105, 1, 5, 6, 7, 9, 12, 13, 18, 19, 21, 22, 23, 24, 26, 27, 29, 35, 37, 38, 40, 42, 44, 45, 51, 52, 55, 57, 59, 60, 61, 63, 65, 67, 68, 69, 70, 72, 73, 74, 75, 77, 78, 81, 82, 83, 85, 87, 88, 90, 91, 92, 93, 94, 95, 98, 99, 100, 106, 107, 109, 110, 112, 113, 114, 115, 117, 121, 122, 124, 125, 126, 127
85
16, 84, 10, 48, 58, 3, 17, 20, 25, 39, 103, 123, 8, 41, 49, 80, 62, 14, 76, 28, 53, 2, 47, 111, 4, 86, 36, 33, 34, 120, 31, 11, 15, 50, 32, 46, 119, 71, 118, 43, 30, 97, 102, 64, 0, 54, 56, 79, 96, 101, 108, 104, 116, 66, 89, 105, 1, 5, 6, 7, 9, 12, 13, 18, 19, 21, 22, 23, 24, 26, 27, 29, 35, 37, 38, 40, 42, 44, 45, 51, 52, 55, 57, 59, 60, 61, 63, 65, 67, 68, 69, 70, 72, 73, 74, 75, 77, 78, 81, 82, 83, 85, 87, 88, 90, 91, 92, 93, 94, 95, 98, 99, 100, 106, 107, 109, 110, 112, 113, 114, 115, 117, 121, 122, 124, 125, 126, 127
84
16, 84, 10, 48, 58, 3, 17, 20, 25, 39, 103, 123, 8, 41, 49, 80, 62, 14, 76, 28, 53, 2, 47, 111, 4, 86, 36, 33, 34, 120, 31, 11, 15, 50, 32, 46, 119, 71, 118, 43, 30, 97, 102, 64, 0, 54, 56, 79, 96, 101, 108, 104, 116, 66, 89, 105, 1, 5, 6, 7, 9, 12, 13, 18, 19, 21, 22, 23, 24, 26, 27, 29, 35, 37, 38, 40, 42, 44, 45, 51, 52, 55, 57, 59, 60, 61, 63, 65, 67, 68, 69, 70, 72, 73, 74, 75, 77, 78, 81, 82, 83, 85, 87, 88, 90, 91, 92, 93, 94, 95, 98, 99, 100, 106, 107, 109, 110, 112, 113, 114, 115, 117, 121, 122, 124, 125, 126, 127
83
16, 84, 10, 48, 58, 3, 17, 20, 25, 39, 103, 123, 8, 41, 49, 80, 62, 14, 76, 28, 53, 2, 47, 111, 4, 86, 36, 33, 34, 120, 31, 11, 15, 50, 32, 46, 119, 71, 118, 43, 30, 97, 102, 64, 0, 54, 56, 79, 96, 101, 108, 104, 116, 66, 89, 105, 1, 5, 6, 7, 9, 12, 13, 18, 19, 21, 22, 23, 24, 26, 27, 29, 35, 37, 38, 40, 42, 44, 45, 51, 52, 55, 57, 59, 60, 61, 63, 65, 67, 68, 69, 70, 72, 73, 74, 75, 77, 78, 81, 82, 83, 85, 87, 88, 90, 91, 92, 93, 94, 95, 98, 99, 100, 106, 107, 109, 110, 112, 113, 114, 115, 117, 121, 122, 124, 125, 126, 127
82
16, 84, 10, 48, 58, 3, 17, 20, 25, 39, 103, 123, 8, 41, 49, 80, 62, 14, 76, 28, 53, 2, 47, 111, 4, 86, 36, 33, 34, 120, 31, 11, 15, 50, 32, 46, 119, 71, 118, 43, 30, 97, 102, 64, 0, 54, 56, 79, 96, 101, 108, 104, 116, 66, 89, 105, 1, 5, 6, 7, 9, 12, 13, 18, 19, 21, 22, 23, 24, 26, 27, 29, 35, 37, 38, 40, 42, 44, 45, 51, 52, 55, 57, 59, 60, 61, 63, 65, 67, 68, 69, 70, 72, 73, 74, 75, 77, 78, 81, 82, 83, 85, 87, 88, 90, 91, 92, 93, 94, 95, 98, 99, 100, 106, 107, 109, 110, 112, 113, 114, 115, 117, 121, 122, 124, 125, 126, 127
81
16, 84, 10, 48, 58, 3, 17, 20, 25, 39, 103, 123, 8, 41, 49, 80, 62, 14, 76, 28, 53, 2, 47, 111, 4, 86, 36, 33, 34, 120, 31, 11, 15, 50, 32, 46, 119, 71, 118, 43, 30, 97, 102, 64, 0, 54, 56, 79, 96, 101, 108, 104, 116, 66, 89, 105, 1, 5, 6, 7, 9, 12, 13, 18, 19, 21, 22, 23, 24, 26, 27, 29, 35, 37, 38, 40, 42, 44, 45, 51, 52, 55, 57, 59, 60, 61, 63, 65, 67, 68, 69, 70, 72, 73, 74, 75, 77, 78, 81, 82, 83, 85, 87, 88, 90, 91, 92, 93, 94, 95, 98, 99, 100, 106, 107, 109, 110, 112, 113, 114, 115, 117, 121, 122, 124, 125, 126, 127
80
16, 84, 10, 48, 58, 3, 17, 20, 25, 39, 103, 123, 8, 41, 49, 80, 62, 14, 76, 28, 53, 2, 47, 111, 4, 86, 36, 33, 34, 120, 31, 11, 15, 50, 32, 46, 119, 71, 118, 43, 30, 97, 102, 64, 0, 54, 56, 79, 96, 101, 108, 104, 116, 66, 89, 105, 1, 5, 6, 7, 9, 12, 13, 18, 19, 21, 22, 23, 24, 26, 27, 29, 35, 37, 38, 40, 42, 44, 45, 51, 52, 55, 57, 59, 60, 61, 63, 65, 67, 68, 69, 70, 72, 73, 74, 75, 77, 78, 81, 82, 83, 85, 87, 88, 90, 91, 92, 93, 94, 95, 98, 99, 100, 106, 107, 109, 110, 112, 113, 114, 115, 117, 121, 122, 124, 125, 126, 127
79
16, 84, 10, 48, 58, 3, 17, 20, 25, 39, 103, 123, 8, 41, 49, 80, 62, 14, 76, 28, 53, 2, 47, 111, 4, 86, 36, 33, 34, 120, 31, 11, 15, 50, 32, 46, 119, 71, 118, 43, 30, 97, 102, 64, 0, 54, 56, 79, 96, 101, 108, 104, 116, 66, 89, 105, 1, 5, 6, 7, 9, 12, 13, 18, 19, 21, 22, 23, 24, 26, 27, 29, 35, 37, 38, 40, 42, 44, 45, 51, 52, 55, 57, 59, 60, 61, 63, 65, 67, 68, 69, 70, 72, 73, 74, 75, 77, 78, 81, 82, 83, 85, 87, 88, 90, 91, 92, 93, 94, 95, 98, 99, 100, 106, 107, 109, 110, 112, 113, 114, 115, 117, 121, 122, 124, 125, 126, 127
78
16, 84, 10, 48, 58, 3, 17, 20, 25, 39, 103, 123, 8, 41, 49, 80, 62, 14, 76, 28, 53, 2, 47, 111, 4, 86, 36, 33, 34, 120, 31, 11, 15, 50, 32, 46, 119, 71, 118, 43, 30, 97, 102, 64, 0, 54, 56, 79, 96, 101, 108, 104, 116, 66, 89, 105, 1, 5, 6, 7, 9, 12, 13, 18, 19, 21, 22, 23, 24, 26, 27, 29, 35, 37, 38, 40, 42, 44, 45, 51, 52, 55, 57, 59, 60, 61, 63, 65, 67, 68, 69, 70, 72, 73, 74, 75, 77, 78, 81, 82, 83, 85, 87, 88, 90, 91, 92, 93, 94, 95, 98, 99, 100, 106, 107, 109, 110, 112, 113, 114, 115, 117, 121, 122, 124, 125, 126, 127
77
16, 84, 10, 48, 58, 3, 17, 20, 25, 39, 103, 123, 8, 41, 49, 80, 62, 14, 76, 28, 53, 2, 47, 111, 4, 86, 36, 33, 34, 120, 31, 11, 15, 50, 32, 46, 119, 71, 118, 43, 30, 97, 102, 64, 0, 54, 56, 79, 96, 101, 108, 104, 116, 66, 89, 105, 1, 5, 6, 7, 9, 12, 13, 18, 19, 21, 22, 23, 24, 26, 27, 29, 35, 37, 38, 40, 42, 44, 45, 51, 52, 55, 57, 59, 60, 61, 63, 65, 67, 68, 69, 70, 72, 73, 74, 75, 77, 78, 81, 82, 83, 85, 87, 88, 90, 91, 92, 93, 94, 95, 98, 99, 100, 106, 107, 109, 110, 112, 113, 114, 115, 117, 121, 122, 124, 125, 126, 127
../benchmark_instances/2023result/docs/solver/benchmark/2022benchmark/benchmark/color04/miles1500.col	128	5198	77	75
	Command being timed: "timeout 1h java -Xms1024g -Xmx1024g -Xss134m -cp ../src/pathwidth.jar Pathwidth ../benchmark_instances/2023result/docs/solver/benchmark/2022benchmark/benchmark/color04/miles1500.col"
	User time (seconds): 0.79
	System time (seconds): 1.46
	Percent of CPU this job got: 118%
	Elapsed (wall clock) time (h:mm:ss or m:ss): 0:01.90
	Average shared text size (kbytes): 0
	Average unshared data size (kbytes): 0
	Average stack size (kbytes): 0
	Average total size (kbytes): 0
	Maximum resident set size (kbytes): 4843048
	Average resident set size (kbytes): 0
	Major (requiring I/O) page faults: 0
	Minor (reclaiming a frame) page faults: 134698
	Voluntary context switches: 2949
	Involuntary context switches: 12
	Swaps: 0
	File system inputs: 88
	File system outputs: 120
	Socket messages sent: 0
	Socket messages received: 0
	Signals delivered: 0
	Page size (bytes): 4096
	Exit status: 0
