../benchmark_instances/2023result/docs/solver/benchmark/2022benchmark/benchmark/color04/miles1000.col
128
16, 84, 10, 41, 49, 80, 62, 58, 48, 103, 3, 8, 17, 20, 25, 39, 123, 14, 53, 76, 28, 2, 47, 4, 111, 86, 34, 33, 120, 15, 31, 36, 11, 46, 119, 71, 118, 30, 43, 32, 50, 0, 64, 79, 96, 97, 102, 101, 108, 104, 116, 89, 73, 77, 124, 78, 38, 100, 107, 54, 56, 109, 18, 113, 66, 94, 105, 55, 22, 63, 69, 59, 121, 5, 88, 26, 72, 99, 127, 12, 70, 13, 42, 75, 7, 87, 95, 1, 6, 9, 19, 21, 23, 24, 27, 29, 35, 37, 40, 44, 45, 51, 52, 57, 60, 61, 65, 67, 68, 74, 81, 82, 83, 85, 90, 91, 92, 93, 98, 106, 110, 112, 114, 115, 117, 122, 125, 126
127
16, 84, 10, 41, 49, 80, 62, 58, 48, 103, 3, 8, 17, 20, 25, 39, 123, 14, 53, 76, 28, 2, 47, 4, 111, 86, 34, 33, 120, 15, 31, 36, 11, 46, 119, 71, 118, 30, 43, 32, 50, 0, 64, 79, 96, 97, 102, 101, 108, 104, 116, 89, 73, 77, 124, 78, 38, 100, 107, 54, 56, 109, 18, 113, 66, 94, 105, 55, 22, 63, 69, 59, 121, 5, 88, 26, 72, 99, 127, 12, 70, 13, 42, 75, 7, 87, 95, 1, 6, 9, 19, 21, 23, 24, 27, 29, 35, 37, 40, 44, 45, 51, 52, 57, 60, 61, 65, 67, 68, 74, 81, 82, 83, 85, 90, 91, 92, 93, 98, 106, 110, 112, 114, 115, 117, 122, 125, 126
126
16, 84, 10, 41, 49, 80, 62, 58, 48, 103, 3, 8, 17, 20, 25, 39, 123, 14, 53, 76, 28, 2, 47, 4, 111, 86, 34, 33, 120, 15, 31, 36, 11, 46, 119, 71, 118, 30, 43, 32, 50, 0, 64, 79, 96, 97, 102, 101, 108, 104, 116, 89, 73, 77, 124, 78, 38, 100, 107, 54, 56, 109, 18, 113, 66, 94, 105, 55, 22, 63, 69, 59, 121, 5, 88, 26, 72, 99, 127, 12, 70, 13, 42, 75, 7, 87, 95, 1, 6, 9, 19, 21, 23, 24, 27, 29, 35, 37, 40, 44, 45, 51, 52, 57, 60, 61, 65, 67, 68, 74, 81, 82, 83, 85, 90, 91, 92, 93, 98, 106, 110, 112, 114, 115, 117, 122, 125, 126
125
16, 84, 10, 41, 49, 80, 62, 58, 48, 103, 3, 8, 17, 20, 25, 39, 123, 14, 53, 76, 28, 2, 47, 4, 111, 86, 34, 33, 120, 15, 31, 36, 11, 46, 119, 71, 118, 30, 43, 32, 50, 0, 64, 79, 96, 97, 102, 101, 108, 104, 116, 89, 73, 77, 124, 78, 38, 100, 107, 54, 56, 109, 18, 113, 66, 94, 105, 55, 22, 63, 69, 59, 121, 5, 88, 26, 72, 99, 127, 12, 70, 13, 42, 75, 7, 87, 95, 1, 6, 9, 19, 21, 23, 24, 27, 29, 35, 37, 40, 44, 45, 51, 52, 57, 60, 61, 65, 67, 68, 74, 81, 82, 83, 85, 90, 91, 92, 93, 98, 106, 110, 112, 114, 115, 117, 122, 125, 126
124
16, 84, 10, 41, 49, 80, 62, 58, 48, 103, 3, 8, 17, 20, 25, 39, 123, 14, 53, 76, 28, 2, 47, 4, 111, 86, 34, 33, 120, 15, 31, 36, 11, 46, 119, 71, 118, 30, 43, 32, 50, 0, 64, 79, 96, 97, 102, 101, 108, 104, 116, 89, 73, 77, 124, 78, 38, 100, 107, 54, 56, 109, 18, 113, 66, 94, 105, 55, 22, 63, 69, 59, 121, 5, 88, 26, 72, 99, 127, 12, 70, 13, 42, 75, 7, 87, 95, 1, 6, 9, 19, 21, 23, 24, 27, 29, 35, 37, 40, 44, 45, 51, 52, 57, 60, 61, 65, 67, 68, 74, 81, 82, 83, 85, 90, 91, 92, 93, 98, 106, 110, 112, 114, 115, 117, 122, 125, 126
123
16, 84, 10, 41, 49, 80, 62, 58, 48, 103, 3, 8, 17, 20, 25, 39, 123, 14, 53, 76, 28, 2, 47, 4, 111, 86, 34, 33, 120, 15, 31, 36, 11, 46, 119, 71, 118, 30, 43, 32, 50, 0, 64, 79, 96, 97, 102, 101, 108, 104, 116, 89, 73, 77, 124, 78, 38, 100, 107, 54, 56, 109, 18, 113, 66, 94, 105, 55, 22, 63, 69, 59, 121, 5, 88, 26, 72, 99, 127, 12, 70, 13, 42, 75, 7, 87, 95, 1, 6, 9, 19, 21, 23, 24, 27, 29, 35, 37, 40, 44, 45, 51, 52, 57, 60, 61, 65, 67, 68, 74, 81, 82, 83, 85, 90, 91, 92, 93, 98, 106, 110, 112, 114, 115, 117, 122, 125, 126
122
16, 84, 10, 41, 49, 80, 62, 58, 48, 103, 3, 8, 17, 20, 25, 39, 123, 14, 53, 76, 28, 2, 47, 4, 111, 86, 34, 33, 120, 15, 31, 36, 11, 46, 119, 71, 118, 30, 43, 32, 50, 0, 64, 79, 96, 97, 102, 101, 108, 104, 116, 89, 73, 77, 124, 78, 38, 100, 107, 54, 56, 109, 18, 113, 66, 94, 105, 55, 22, 63, 69, 59, 121, 5, 88, 26, 72, 99, 127, 12, 70, 13, 42, 75, 7, 87, 95, 1, 6, 9, 19, 21, 23, 24, 27, 29, 35, 37, 40, 44, 45, 51, 52, 57, 60, 61, 65, 67, 68, 74, 81, 82, 83, 85, 90, 91, 92, 93, 98, 106, 110, 112, 114, 115, 117, 122, 125, 126
121
16, 84, 10, 41, 49, 80, 62, 58, 48, 103, 3, 8, 17, 20, 25, 39, 123, 14, 53, 76, 28, 2, 47, 4, 111, 86, 34, 33, 120, 15, 31, 36, 11, 46, 119, 71, 118, 30, 43, 32, 50, 0, 64, 79, 96, 97, 102, 101, 108, 104, 116, 89, 73, 77, 124, 78, 38, 100, 107, 54, 56, 109, 18, 113, 66, 94, 105, 55, 22, 63, 69, 59, 121, 5, 88, 26, 72, 99, 127, 12, 70, 13, 42, 75, 7, 87, 95, 1, 6, 9, 19, 21, 23, 24, 27, 29, 35, 37, 40, 44, 45, 51, 52, 57, 60, 61, 65, 67, 68, 74, 81, 82, 83, 85, 90, 91, 92, 93, 98, 106, 110, 112, 114, 115, 117, 122, 125, 126
120
16, 84, 10, 41, 49, 80, 62, 58, 48, 103, 3, 8, 17, 20, 25, 39, 123, 14, 53, 76, 28, 2, 47, 4, 111, 86, 34, 33, 120, 15, 31, 36, 11, 46, 119, 71, 118, 30, 43, 32, 50, 0, 64, 79, 96, 97, 102, 101, 108, 104, 116, 89, 73, 77, 124, 78, 38, 100, 107, 54, 56, 109, 18, 113, 66, 94, 105, 55, 22, 63, 69, 59, 121, 5, 88, 26, 72, 99, 127, 12, 70, 13, 42, 75, 7, 87, 95, 1, 6, 9, 19, 21, 23, 24, 27, 29, 35, 37, 40, 44, 45, 51, 52, 57, 60, 61, 65, 67, 68, 74, 81, 82, 83, 85, 90, 91, 92, 93, 98, 106, 110, 112, 114, 115, 117, 122, 125, 126
119
16, 84, 10, 41, 49, 80, 62, 58, 48, 103, 3, 8, 17, 20, 25, 39, 123, 14, 53, 76, 28, 2, 47, 4, 111, 86, 34, 33, 120, 15, 31, 36, 11, 46, 119, 71, 118, 30, 43, 32, 50, 0, 64, 79, 96, 97, 102, 101, 108, 104, 116, 89, 73, 77, 124, 78, 38, 100, 107, 54, 56, 109, 18, 113, 66, 94, 105, 55, 22, 63, 69, 59, 121, 5, 88, 26, 72, 99, 127, 12, 70, 13, 42, 75, 7, 87, 95, 1, 6, 9, 19, 21, 23, 24, 27, 29, 35, 37, 40, 44, 45, 51, 52, 57, 60, 61, 65, 67, 68, 74, 81, 82, 83, 85, 90, 91, 92, 93, 98, 106, 110, 112, 114, 115, 117, 122, 125, 126
118
16, 84, 10, 41, 49, 80, 62, 58, 48, 103, 3, 8, 17, 20, 25, 39, 123, 14, 53, 76, 28, 2, 47, 4, 111, 86, 34, 33, 120, 15, 31, 36, 11, 46, 119, 71, 118, 30, 43, 32, 50, 0, 64, 79, 96, 97, 102, 101, 108, 104, 116, 89, 73, 77, 124, 78, 38, 100, 107, 54, 56, 109, 18, 113, 66, 94, 105, 55, 22, 63, 69, 59, 121, 5, 88, 26, 72, 99, 127, 12, 70, 13, 42, 75, 7, 87, 95, 1, 6, 9, 19, 21, 23, 24, 27, 29, 35, 37, 40, 44, 45, 51, 52, 57, 60, 61, 65, 67, 68, 74, 81, 82, 83, 85, 90, 91, 92, 93, 98, 106, 110, 112, 114, 115, 117, 122, 125, 126
117
16, 84, 10, 41, 49, 80, 62, 58, 48, 103, 3, 8, 17, 20, 25, 39, 123, 14, 53, 76, 28, 2, 47, 4, 111, 86, 34, 33, 120, 15, 31, 36, 11, 46, 119, 71, 118, 30, 43, 32, 50, 0, 64, 79, 96, 97, 102, 101, 108, 104, 116, 89, 73, 77, 124, 78, 38, 100, 107, 54, 56, 109, 18, 113, 66, 94, 105, 55, 22, 63, 69, 59, 121, 5, 88, 26, 72, 99, 127, 12, 70, 13, 42, 75, 7, 87, 95, 1, 6, 9, 19, 21, 23, 24, 27, 29, 35, 37, 40, 44, 45, 51, 52, 57, 60, 61, 65, 67, 68, 74, 81, 82, 83, 85, 90, 91, 92, 93, 98, 106, 110, 112, 114, 115, 117, 122, 125, 126
116
16, 84, 10, 41, 49, 80, 62, 58, 48, 103, 3, 8, 17, 20, 25, 39, 123, 14, 53, 76, 28, 2, 47, 4, 111, 86, 34, 33, 120, 15, 31, 36, 11, 46, 119, 71, 118, 30, 43, 32, 50, 0, 64, 79, 96, 97, 102, 101, 108, 104, 116, 89, 73, 77, 124, 78, 38, 100, 107, 54, 56, 109, 18, 113, 66, 94, 105, 55, 22, 63, 69, 59, 121, 5, 88, 26, 72, 99, 127, 12, 70, 13, 42, 75, 7, 87, 95, 1, 6, 9, 19, 21, 23, 24, 27, 29, 35, 37, 40, 44, 45, 51, 52, 57, 60, 61, 65, 67, 68, 74, 81, 82, 83, 85, 90, 91, 92, 93, 98, 106, 110, 112, 114, 115, 117, 122, 125, 126
115
16, 84, 10, 41, 49, 80, 62, 58, 48, 103, 3, 8, 17, 20, 25, 39, 123, 14, 53, 76, 28, 2, 47, 4, 111, 86, 34, 33, 120, 15, 31, 36, 11, 46, 119, 71, 118, 30, 43, 32, 50, 0, 64, 79, 96, 97, 102, 101, 108, 104, 116, 89, 73, 77, 124, 78, 38, 100, 107, 54, 56, 109, 18, 113, 66, 94, 105, 55, 22, 63, 69, 59, 121, 5, 88, 26, 72, 99, 127, 12, 70, 13, 42, 75, 7, 87, 95, 1, 6, 9, 19, 21, 23, 24, 27, 29, 35, 37, 40, 44, 45, 51, 52, 57, 60, 61, 65, 67, 68, 74, 81, 82, 83, 85, 90, 91, 92, 93, 98, 106, 110, 112, 114, 115, 117, 122, 125, 126
114
16, 84, 10, 41, 49, 80, 62, 58, 48, 103, 3, 8, 17, 20, 25, 39, 123, 14, 53, 76, 28, 2, 47, 4, 111, 86, 34, 33, 120, 15, 31, 36, 11, 46, 119, 71, 118, 30, 43, 32, 50, 0, 64, 79, 96, 97, 102, 101, 108, 104, 116, 89, 73, 77, 124, 78, 38, 100, 107, 54, 56, 109, 18, 113, 66, 94, 105, 55, 22, 63, 69, 59, 121, 5, 88, 26, 72, 99, 127, 12, 70, 13, 42, 75, 7, 87, 95, 1, 6, 9, 19, 21, 23, 24, 27, 29, 35, 37, 40, 44, 45, 51, 52, 57, 60, 61, 65, 67, 68, 74, 81, 82, 83, 85, 90, 91, 92, 93, 98, 106, 110, 112, 114, 115, 117, 122, 125, 126
113
16, 84, 10, 41, 49, 80, 62, 58, 48, 103, 3, 8, 17, 20, 25, 39, 123, 14, 53, 76, 28, 2, 47, 4, 111, 86, 34, 33, 120, 15, 31, 36, 11, 46, 119, 71, 118, 30, 43, 32, 50, 0, 64, 79, 96, 97, 102, 101, 108, 104, 116, 89, 73, 77, 124, 78, 38, 100, 107, 54, 56, 109, 18, 113, 66, 94, 105, 55, 22, 63, 69, 59, 121, 5, 88, 26, 72, 99, 127, 12, 70, 13, 42, 75, 7, 87, 95, 1, 6, 9, 19, 21, 23, 24, 27, 29, 35, 37, 40, 44, 45, 51, 52, 57, 60, 61, 65, 67, 68, 74, 81, 82, 83, 85, 90, 91, 92, 93, 98, 106, 110, 112, 114, 115, 117, 122, 125, 126
112
16, 84, 10, 41, 49, 80, 62, 58, 48, 103, 3, 8, 17, 20, 25, 39, 123, 14, 53, 76, 28, 2, 47, 4, 111, 86, 34, 33, 120, 15, 31, 36, 11, 46, 119, 71, 118, 30, 43, 32, 50, 0, 64, 79, 96, 97, 102, 101, 108, 104, 116, 89, 73, 77, 124, 78, 38, 100, 107, 54, 56, 109, 18, 113, 66, 94, 105, 55, 22, 63, 69, 59, 121, 5, 88, 26, 72, 99, 127, 12, 70, 13, 42, 75, 7, 87, 95, 1, 6, 9, 19, 21, 23, 24, 27, 29, 35, 37, 40, 44, 45, 51, 52, 57, 60, 61, 65, 67, 68, 74, 81, 82, 83, 85, 90, 91, 92, 93, 98, 106, 110, 112, 114, 115, 117, 122, 125, 126
111
16, 84, 10, 41, 49, 80, 62, 58, 48, 103, 3, 8, 17, 20, 25, 39, 123, 14, 53, 76, 28, 2, 47, 4, 111, 86, 34, 33, 120, 15, 31, 36, 11, 46, 119, 71, 118, 30, 43, 32, 50, 0, 64, 79, 96, 97, 102, 101, 108, 104, 116, 89, 73, 77, 124, 78, 38, 100, 107, 54, 56, 109, 18, 113, 66, 94, 105, 55, 22, 63, 69, 59, 121, 5, 88, 26, 72, 99, 127, 12, 70, 13, 42, 75, 7, 87, 95, 1, 6, 9, 19, 21, 23, 24, 27, 29, 35, 37, 40, 44, 45, 51, 52, 57, 60, 61, 65, 67, 68, 74, 81, 82, 83, 85, 90, 91, 92, 93, 98, 106, 110, 112, 114, 115, 117, 122, 125, 126
110
16, 84, 10, 41, 49, 80, 62, 58, 48, 103, 3, 8, 17, 20, 25, 39, 123, 14, 53, 76, 28, 2, 47, 4, 111, 86, 34, 33, 120, 15, 31, 36, 11, 46, 119, 71, 118, 30, 43, 32, 50, 0, 64, 79, 96, 97, 102, 101, 108, 104, 116, 89, 73, 77, 124, 78, 38, 100, 107, 54, 56, 109, 18, 113, 66, 94, 105, 55, 22, 63, 69, 59, 121, 5, 88, 26, 72, 99, 127, 12, 70, 13, 42, 75, 7, 87, 95, 1, 6, 9, 19, 21, 23, 24, 27, 29, 35, 37, 40, 44, 45, 51, 52, 57, 60, 61, 65, 67, 68, 74, 81, 82, 83, 85, 90, 91, 92, 93, 98, 106, 110, 112, 114, 115, 117, 122, 125, 126
109
16, 84, 10, 41, 49, 80, 62, 58, 48, 103, 3, 8, 17, 20, 25, 39, 123, 14, 53, 76, 28, 2, 47, 4, 111, 86, 34, 33, 120, 15, 31, 36, 11, 46, 119, 71, 118, 30, 43, 32, 50, 0, 64, 79, 96, 97, 102, 101, 108, 104, 116, 89, 73, 77, 124, 78, 38, 100, 107, 54, 56, 109, 18, 113, 66, 94, 105, 55, 22, 63, 69, 59, 121, 5, 88, 26, 72, 99, 127, 12, 70, 13, 42, 75, 7, 87, 95, 1, 6, 9, 19, 21, 23, 24, 27, 29, 35, 37, 40, 44, 45, 51, 52, 57, 60, 61, 65, 67, 68, 74, 81, 82, 83, 85, 90, 91, 92, 93, 98, 106, 110, 112, 114, 115, 117, 122, 125, 126
108
16, 84, 10, 41, 49, 80, 62, 58, 48, 103, 3, 8, 17, 20, 25, 39, 123, 14, 53, 76, 28, 2, 47, 4, 111, 86, 34, 33, 120, 15, 31, 36, 11, 46, 119, 71, 118, 30, 43, 32, 50, 0, 64, 79, 96, 97, 102, 101, 108, 104, 116, 89, 73, 77, 124, 78, 38, 100, 107, 54, 56, 109, 18, 113, 66, 94, 105, 55, 22, 63, 69, 59, 121, 5, 88, 26, 72, 99, 127, 12, 70, 13, 42, 75, 7, 87, 95, 1, 6, 9, 19, 21, 23, 24, 27, 29, 35, 37, 40, 44, 45, 51, 52, 57, 60, 61, 65, 67, 68, 74, 81, 82, 83, 85, 90, 91, 92, 93, 98, 106, 110, 112, 114, 115, 117, 122, 125, 126
107
16, 84, 10, 41, 49, 80, 62, 58, 48, 103, 3, 8, 17, 20, 25, 39, 123, 14, 53, 76, 28, 2, 47, 4, 111, 86, 34, 33, 120, 15, 31, 36, 11, 46, 119, 71, 118, 30, 43, 32, 50, 0, 64, 79, 96, 97, 102, 101, 108, 104, 116, 89, 73, 77, 124, 78, 38, 100, 107, 54, 56, 109, 18, 113, 66, 94, 105, 55, 22, 63, 69, 59, 121, 5, 88, 26, 72, 99, 127, 12, 70, 13, 42, 75, 7, 87, 95, 1, 6, 9, 19, 21, 23, 24, 27, 29, 35, 37, 40, 44, 45, 51, 52, 57, 60, 61, 65, 67, 68, 74, 81, 82, 83, 85, 90, 91, 92, 93, 98, 106, 110, 112, 114, 115, 117, 122, 125, 126
106
16, 84, 10, 41, 49, 80, 62, 58, 48, 103, 3, 8, 17, 20, 25, 39, 123, 14, 53, 76, 28, 2, 47, 4, 111, 86, 34, 33, 120, 15, 31, 36, 11, 46, 119, 71, 118, 30, 43, 32, 50, 0, 64, 79, 96, 97, 102, 101, 108, 104, 116, 89, 73, 77, 124, 78, 38, 100, 107, 54, 56, 109, 18, 113, 66, 94, 105, 55, 22, 63, 69, 59, 121, 5, 88, 26, 72, 99, 127, 12, 70, 13, 42, 75, 7, 87, 95, 1, 6, 9, 19, 21, 23, 24, 27, 29, 35, 37, 40, 44, 45, 51, 52, 57, 60, 61, 65, 67, 68, 74, 81, 82, 83, 85, 90, 91, 92, 93, 98, 106, 110, 112, 114, 115, 117, 122, 125, 126
105
16, 84, 10, 41, 49, 80, 62, 58, 48, 103, 3, 8, 17, 20, 25, 39, 123, 14, 53, 76, 28, 2, 47, 4, 111, 86, 34, 33, 120, 15, 31, 36, 11, 46, 119, 71, 118, 30, 43, 32, 50, 0, 64, 79, 96, 97, 102, 101, 108, 104, 116, 89, 73, 77, 124, 78, 38, 100, 107, 54, 56, 109, 18, 113, 66, 94, 105, 55, 22, 63, 69, 59, 121, 5, 88, 26, 72, 99, 127, 12, 70, 13, 42, 75, 7, 87, 95, 1, 6, 9, 19, 21, 23, 24, 27, 29, 35, 37, 40, 44, 45, 51, 52, 57, 60, 61, 65, 67, 68, 74, 81, 82, 83, 85, 90, 91, 92, 93, 98, 106, 110, 112, 114, 115, 117, 122, 125, 126
104
16, 84, 10, 41, 49, 80, 62, 58, 48, 103, 3, 8, 17, 20, 25, 39, 123, 14, 53, 76, 28, 2, 47, 4, 111, 86, 34, 33, 120, 15, 31, 36, 11, 46, 119, 71, 118, 30, 43, 32, 50, 0, 64, 79, 96, 97, 102, 101, 108, 104, 116, 89, 73, 77, 124, 78, 38, 100, 107, 54, 56, 109, 18, 113, 66, 94, 105, 55, 22, 63, 69, 59, 121, 5, 88, 26, 72, 99, 127, 12, 70, 13, 42, 75, 7, 87, 95, 1, 6, 9, 19, 21, 23, 24, 27, 29, 35, 37, 40, 44, 45, 51, 52, 57, 60, 61, 65, 67, 68, 74, 81, 82, 83, 85, 90, 91, 92, 93, 98, 106, 110, 112, 114, 115, 117, 122, 125, 126
103
16, 84, 10, 41, 49, 80, 62, 58, 48, 103, 3, 8, 17, 20, 25, 39, 123, 14, 53, 76, 28, 2, 47, 4, 111, 86, 34, 33, 120, 15, 31, 36, 11, 46, 119, 71, 118, 30, 43, 32, 50, 0, 64, 79, 96, 97, 102, 101, 108, 104, 116, 89, 73, 77, 124, 78, 38, 100, 107, 54, 56, 109, 18, 113, 66, 94, 105, 55, 22, 63, 69, 59, 121, 5, 88, 26, 72, 99, 127, 12, 70, 13, 42, 75, 7, 87, 95, 1, 6, 9, 19, 21, 23, 24, 27, 29, 35, 37, 40, 44, 45, 51, 52, 57, 60, 61, 65, 67, 68, 74, 81, 82, 83, 85, 90, 91, 92, 93, 98, 106, 110, 112, 114, 115, 117, 122, 125, 126
102
16, 84, 10, 41, 49, 80, 62, 58, 48, 103, 3, 8, 17, 20, 25, 39, 123, 14, 53, 76, 28, 2, 47, 4, 111, 86, 34, 33, 120, 15, 31, 36, 11, 46, 119, 71, 118, 30, 43, 32, 50, 0, 64, 79, 96, 97, 102, 101, 108, 104, 116, 89, 73, 77, 124, 78, 38, 100, 107, 54, 56, 109, 18, 113, 66, 94, 105, 55, 22, 63, 69, 59, 121, 5, 88, 26, 72, 99, 127, 12, 70, 13, 42, 75, 7, 87, 95, 1, 6, 9, 19, 21, 23, 24, 27, 29, 35, 37, 40, 44, 45, 51, 52, 57, 60, 61, 65, 67, 68, 74, 81, 82, 83, 85, 90, 91, 92, 93, 98, 106, 110, 112, 114, 115, 117, 122, 125, 126
101
16, 84, 10, 41, 49, 80, 62, 58, 48, 103, 3, 8, 17, 20, 25, 39, 123, 14, 53, 76, 28, 2, 47, 4, 111, 86, 34, 33, 120, 15, 31, 36, 11, 46, 119, 71, 118, 30, 43, 32, 50, 0, 64, 79, 96, 97, 102, 101, 108, 104, 116, 89, 73, 77, 124, 78, 38, 100, 107, 54, 56, 109, 18, 113, 66, 94, 105, 55, 22, 63, 69, 59, 121, 5, 88, 26, 72, 99, 127, 12, 70, 13, 42, 75, 7, 87, 95, 1, 6, 9, 19, 21, 23, 24, 27, 29, 35, 37, 40, 44, 45, 51, 52, 57, 60, 61, 65, 67, 68, 74, 81, 82, 83, 85, 90, 91, 92, 93, 98, 106, 110, 112, 114, 115, 117, 122, 125, 126
100
16, 84, 10, 41, 49, 80, 62, 58, 48, 103, 3, 8, 17, 20, 25, 39, 123, 14, 53, 76, 28, 2, 47, 4, 111, 86, 34, 33, 120, 15, 31, 36, 11, 46, 119, 71, 118, 30, 43, 32, 50, 0, 64, 79, 96, 97, 102, 101, 108, 104, 116, 89, 73, 77, 124, 78, 38, 100, 107, 54, 56, 109, 18, 113, 66, 94, 105, 55, 22, 63, 69, 59, 121, 5, 88, 26, 72, 99, 127, 12, 70, 13, 42, 75, 7, 87, 95, 1, 6, 9, 19, 21, 23, 24, 27, 29, 35, 37, 40, 44, 45, 51, 52, 57, 60, 61, 65, 67, 68, 74, 81, 82, 83, 85, 90, 91, 92, 93, 98, 106, 110, 112, 114, 115, 117, 122, 125, 126
99
16, 84, 10, 41, 49, 80, 62, 58, 48, 103, 3, 8, 17, 20, 25, 39, 123, 14, 53, 76, 28, 2, 47, 4, 111, 86, 34, 33, 120, 15, 31, 36, 11, 46, 119, 71, 118, 30, 43, 32, 50, 0, 64, 79, 96, 97, 102, 101, 108, 104, 116, 89, 73, 77, 124, 78, 38, 100, 107, 54, 56, 109, 18, 113, 66, 94, 105, 55, 22, 63, 69, 59, 121, 5, 88, 26, 72, 99, 127, 12, 70, 13, 42, 75, 7, 87, 95, 1, 6, 9, 19, 21, 23, 24, 27, 29, 35, 37, 40, 44, 45, 51, 52, 57, 60, 61, 65, 67, 68, 74, 81, 82, 83, 85, 90, 91, 92, 93, 98, 106, 110, 112, 114, 115, 117, 122, 125, 126
98
16, 84, 10, 41, 49, 80, 62, 58, 48, 103, 3, 8, 17, 20, 25, 39, 123, 14, 53, 76, 28, 2, 47, 4, 111, 86, 34, 33, 120, 15, 31, 36, 11, 46, 119, 71, 118, 30, 43, 32, 50, 0, 64, 79, 96, 97, 102, 101, 108, 104, 116, 89, 73, 77, 124, 78, 38, 100, 107, 54, 56, 109, 18, 113, 66, 94, 105, 55, 22, 63, 69, 59, 121, 5, 88, 26, 72, 99, 127, 12, 70, 13, 42, 75, 7, 87, 95, 1, 6, 9, 19, 21, 23, 24, 27, 29, 35, 37, 40, 44, 45, 51, 52, 57, 60, 61, 65, 67, 68, 74, 81, 82, 83, 85, 90, 91, 92, 93, 98, 106, 110, 112, 114, 115, 117, 122, 125, 126
97
16, 84, 10, 41, 49, 80, 62, 58, 48, 103, 3, 8, 17, 20, 25, 39, 123, 14, 53, 76, 28, 2, 47, 4, 111, 86, 34, 33, 120, 15, 31, 36, 11, 46, 119, 71, 118, 30, 43, 32, 50, 0, 64, 79, 96, 97, 102, 101, 108, 104, 116, 89, 73, 77, 124, 78, 38, 100, 107, 54, 56, 109, 18, 113, 66, 94, 105, 55, 22, 63, 69, 59, 121, 5, 88, 26, 72, 99, 127, 12, 70, 13, 42, 75, 7, 87, 95, 1, 6, 9, 19, 21, 23, 24, 27, 29, 35, 37, 40, 44, 45, 51, 52, 57, 60, 61, 65, 67, 68, 74, 81, 82, 83, 85, 90, 91, 92, 93, 98, 106, 110, 112, 114, 115, 117, 122, 125, 126
96
16, 84, 10, 41, 49, 80, 62, 58, 48, 103, 3, 8, 17, 20, 25, 39, 123, 14, 53, 76, 28, 2, 47, 4, 111, 86, 34, 33, 120, 15, 31, 36, 11, 46, 119, 71, 118, 30, 43, 32, 50, 0, 64, 79, 96, 97, 102, 101, 108, 104, 116, 89, 73, 77, 124, 78, 38, 100, 107, 54, 56, 109, 18, 113, 66, 94, 105, 55, 22, 63, 69, 59, 121, 5, 88, 26, 72, 99, 127, 12, 70, 13, 42, 75, 7, 87, 95, 1, 6, 9, 19, 21, 23, 24, 27, 29, 35, 37, 40, 44, 45, 51, 52, 57, 60, 61, 65, 67, 68, 74, 81, 82, 83, 85, 90, 91, 92, 93, 98, 106, 110, 112, 114, 115, 117, 122, 125, 126
95
16, 84, 10, 41, 49, 80, 62, 58, 48, 103, 3, 8, 17, 20, 25, 39, 123, 14, 53, 76, 28, 2, 47, 4, 111, 86, 34, 33, 120, 15, 31, 36, 11, 46, 119, 71, 118, 30, 43, 32, 50, 0, 64, 79, 96, 97, 102, 101, 108, 104, 116, 89, 73, 77, 124, 78, 38, 100, 107, 54, 56, 109, 18, 113, 66, 94, 105, 55, 22, 63, 69, 59, 121, 5, 88, 26, 72, 99, 127, 12, 70, 13, 42, 75, 7, 87, 95, 1, 6, 9, 19, 21, 23, 24, 27, 29, 35, 37, 40, 44, 45, 51, 52, 57, 60, 61, 65, 67, 68, 74, 81, 82, 83, 85, 90, 91, 92, 93, 98, 106, 110, 112, 114, 115, 117, 122, 125, 126
94
16, 84, 10, 41, 49, 80, 62, 58, 48, 103, 3, 8, 17, 20, 25, 39, 123, 14, 53, 76, 28, 2, 47, 4, 111, 86, 34, 33, 120, 15, 31, 36, 11, 46, 119, 71, 118, 30, 43, 32, 50, 0, 64, 79, 96, 97, 102, 101, 108, 104, 116, 89, 73, 77, 124, 78, 38, 100, 107, 54, 56, 109, 18, 113, 66, 94, 105, 55, 22, 63, 69, 59, 121, 5, 88, 26, 72, 99, 127, 12, 70, 13, 42, 75, 7, 87, 95, 1, 6, 9, 19, 21, 23, 24, 27, 29, 35, 37, 40, 44, 45, 51, 52, 57, 60, 61, 65, 67, 68, 74, 81, 82, 83, 85, 90, 91, 92, 93, 98, 106, 110, 112, 114, 115, 117, 122, 125, 126
93
16, 84, 10, 41, 49, 80, 62, 58, 48, 103, 3, 8, 17, 20, 25, 39, 123, 14, 53, 76, 28, 2, 47, 4, 111, 86, 34, 33, 120, 15, 31, 36, 11, 46, 119, 71, 118, 30, 43, 32, 50, 0, 64, 79, 96, 97, 102, 101, 108, 104, 116, 89, 73, 77, 124, 78, 38, 100, 107, 54, 56, 109, 18, 113, 66, 94, 105, 55, 22, 63, 69, 59, 121, 5, 88, 26, 72, 99, 127, 12, 70, 13, 42, 75, 7, 87, 95, 1, 6, 9, 19, 21, 23, 24, 27, 29, 35, 37, 40, 44, 45, 51, 52, 57, 60, 61, 65, 67, 68, 74, 81, 82, 83, 85, 90, 91, 92, 93, 98, 106, 110, 112, 114, 115, 117, 122, 125, 126
92
16, 84, 10, 41, 49, 80, 62, 58, 48, 103, 3, 8, 17, 20, 25, 39, 123, 14, 53, 76, 28, 2, 47, 4, 111, 86, 34, 33, 120, 15, 31, 36, 11, 46, 119, 71, 118, 30, 43, 32, 50, 0, 64, 79, 96, 97, 102, 101, 108, 104, 116, 89, 73, 77, 124, 78, 38, 100, 107, 54, 56, 109, 18, 113, 66, 94, 105, 55, 22, 63, 69, 59, 121, 5, 88, 26, 72, 99, 127, 12, 70, 13, 42, 75, 7, 87, 95, 1, 6, 9, 19, 21, 23, 24, 27, 29, 35, 37, 40, 44, 45, 51, 52, 57, 60, 61, 65, 67, 68, 74, 81, 82, 83, 85, 90, 91, 92, 93, 98, 106, 110, 112, 114, 115, 117, 122, 125, 126
91
16, 84, 10, 41, 49, 80, 62, 58, 48, 103, 3, 8, 17, 20, 25, 39, 123, 14, 53, 76, 28, 2, 47, 4, 111, 86, 34, 33, 120, 15, 31, 36, 11, 46, 119, 71, 118, 30, 43, 32, 50, 0, 64, 79, 96, 97, 102, 101, 108, 104, 116, 89, 73, 77, 124, 78, 38, 100, 107, 54, 56, 109, 18, 113, 66, 94, 105, 55, 22, 63, 69, 59, 121, 5, 88, 26, 72, 99, 127, 12, 70, 13, 42, 75, 7, 87, 95, 1, 6, 9, 19, 21, 23, 24, 27, 29, 35, 37, 40, 44, 45, 51, 52, 57, 60, 61, 65, 67, 68, 74, 81, 82, 83, 85, 90, 91, 92, 93, 98, 106, 110, 112, 114, 115, 117, 122, 125, 126
90
16, 84, 10, 41, 49, 80, 62, 58, 48, 103, 3, 8, 17, 20, 25, 39, 123, 14, 53, 76, 28, 2, 47, 4, 111, 86, 34, 33, 120, 15, 31, 36, 11, 46, 119, 71, 118, 30, 43, 32, 50, 0, 64, 79, 96, 97, 102, 101, 108, 104, 116, 89, 73, 77, 124, 78, 38, 100, 107, 54, 56, 109, 18, 113, 66, 94, 105, 55, 22, 63, 69, 59, 121, 5, 88, 26, 72, 99, 127, 12, 70, 13, 42, 75, 7, 87, 95, 1, 6, 9, 19, 21, 23, 24, 27, 29, 35, 37, 40, 44, 45, 51, 52, 57, 60, 61, 65, 67, 68, 74, 81, 82, 83, 85, 90, 91, 92, 93, 98, 106, 110, 112, 114, 115, 117, 122, 125, 126
89
16, 84, 10, 41, 49, 80, 62, 58, 48, 103, 3, 8, 17, 20, 25, 39, 123, 14, 53, 76, 28, 2, 47, 4, 111, 86, 34, 33, 120, 15, 31, 36, 11, 46, 119, 71, 118, 30, 43, 32, 50, 0, 64, 79, 96, 97, 102, 101, 108, 104, 116, 89, 73, 77, 124, 78, 38, 100, 107, 54, 56, 109, 18, 113, 66, 94, 105, 55, 22, 63, 69, 59, 121, 5, 88, 26, 72, 99, 127, 12, 70, 13, 42, 75, 7, 87, 95, 1, 6, 9, 19, 21, 23, 24, 27, 29, 35, 37, 40, 44, 45, 51, 52, 57, 60, 61, 65, 67, 68, 74, 81, 82, 83, 85, 90, 91, 92, 93, 98, 106, 110, 112, 114, 115, 117, 122, 125, 126
88
16, 84, 10, 41, 49, 80, 62, 58, 48, 103, 3, 8, 17, 20, 25, 39, 123, 14, 53, 76, 28, 2, 47, 4, 111, 86, 34, 33, 120, 15, 31, 36, 11, 46, 119, 71, 118, 30, 43, 32, 50, 0, 64, 79, 96, 97, 102, 101, 108, 104, 116, 89, 73, 77, 124, 78, 38, 100, 107, 54, 56, 109, 18, 113, 66, 94, 105, 55, 22, 63, 69, 59, 121, 5, 88, 26, 72, 99, 127, 12, 70, 13, 42, 75, 7, 87, 95, 1, 6, 9, 19, 21, 23, 24, 27, 29, 35, 37, 40, 44, 45, 51, 52, 57, 60, 61, 65, 67, 68, 74, 81, 82, 83, 85, 90, 91, 92, 93, 98, 106, 110, 112, 114, 115, 117, 122, 125, 126
87
16, 84, 10, 41, 49, 80, 62, 58, 48, 103, 3, 8, 17, 20, 25, 39, 123, 14, 53, 76, 28, 2, 47, 4, 111, 86, 34, 33, 120, 15, 31, 36, 11, 46, 119, 71, 118, 30, 43, 32, 50, 0, 64, 79, 96, 97, 102, 101, 108, 104, 116, 89, 73, 77, 124, 78, 38, 100, 107, 54, 56, 109, 18, 113, 66, 94, 105, 55, 22, 63, 69, 59, 121, 5, 88, 26, 72, 99, 127, 12, 70, 13, 42, 75, 7, 87, 95, 1, 6, 9, 19, 21, 23, 24, 27, 29, 35, 37, 40, 44, 45, 51, 52, 57, 60, 61, 65, 67, 68, 74, 81, 82, 83, 85, 90, 91, 92, 93, 98, 106, 110, 112, 114, 115, 117, 122, 125, 126
86
16, 84, 10, 41, 49, 80, 62, 58, 48, 103, 3, 8, 17, 20, 25, 39, 123, 14, 53, 76, 28, 2, 47, 4, 111, 86, 34, 33, 120, 15, 31, 36, 11, 46, 119, 71, 118, 30, 43, 32, 50, 0, 64, 79, 96, 97, 102, 101, 108, 104, 116, 89, 73, 77, 124, 78, 38, 100, 107, 54, 56, 109, 18, 113, 66, 94, 105, 55, 22, 63, 69, 59, 121, 5, 88, 26, 72, 99, 127, 12, 70, 13, 42, 75, 7, 87, 95, 1, 6, 9, 19, 21, 23, 24, 27, 29, 35, 37, 40, 44, 45, 51, 52, 57, 60, 61, 65, 67, 68, 74, 81, 82, 83, 85, 90, 91, 92, 93, 98, 106, 110, 112, 114, 115, 117, 122, 125, 126
85
16, 84, 10, 41, 49, 80, 62, 58, 48, 103, 3, 8, 17, 20, 25, 39, 123, 14, 53, 76, 28, 2, 47, 4, 111, 86, 34, 33, 120, 15, 31, 36, 11, 46, 119, 71, 118, 30, 43, 32, 50, 0, 64, 79, 96, 97, 102, 101, 108, 104, 116, 89, 73, 77, 124, 78, 38, 100, 107, 54, 56, 109, 18, 113, 66, 94, 105, 55, 22, 63, 69, 59, 121, 5, 88, 26, 72, 99, 127, 12, 70, 13, 42, 75, 7, 87, 95, 1, 6, 9, 19, 21, 23, 24, 27, 29, 35, 37, 40, 44, 45, 51, 52, 57, 60, 61, 65, 67, 68, 74, 81, 82, 83, 85, 90, 91, 92, 93, 98, 106, 110, 112, 114, 115, 117, 122, 125, 126
84
16, 84, 10, 41, 49, 80, 62, 58, 48, 103, 3, 8, 17, 20, 25, 39, 123, 14, 53, 76, 28, 2, 47, 4, 111, 86, 34, 33, 120, 15, 31, 36, 11, 46, 119, 71, 118, 30, 43, 32, 50, 0, 64, 79, 96, 97, 102, 101, 108, 104, 116, 89, 73, 77, 124, 78, 38, 100, 107, 54, 56, 109, 18, 113, 66, 94, 105, 55, 22, 63, 69, 59, 121, 5, 88, 26, 72, 99, 127, 12, 70, 13, 42, 75, 7, 87, 95, 1, 6, 9, 19, 21, 23, 24, 27, 29, 35, 37, 40, 44, 45, 51, 52, 57, 60, 61, 65, 67, 68, 74, 81, 82, 83, 85, 90, 91, 92, 93, 98, 106, 110, 112, 114, 115, 117, 122, 125, 126
83
16, 84, 10, 41, 49, 80, 62, 58, 48, 103, 3, 8, 17, 20, 25, 39, 123, 14, 53, 76, 28, 2, 47, 4, 111, 86, 34, 33, 120, 15, 31, 36, 11, 46, 119, 71, 118, 30, 43, 32, 50, 0, 64, 79, 96, 97, 102, 101, 108, 104, 116, 89, 73, 77, 124, 78, 38, 100, 107, 54, 56, 109, 18, 113, 66, 94, 105, 55, 22, 63, 69, 59, 121, 5, 88, 26, 72, 99, 127, 12, 70, 13, 42, 75, 7, 87, 95, 1, 6, 9, 19, 21, 23, 24, 27, 29, 35, 37, 40, 44, 45, 51, 52, 57, 60, 61, 65, 67, 68, 74, 81, 82, 83, 85, 90, 91, 92, 93, 98, 106, 110, 112, 114, 115, 117, 122, 125, 126
82
16, 84, 10, 41, 49, 80, 62, 58, 48, 103, 3, 8, 17, 20, 25, 39, 123, 14, 53, 76, 28, 2, 47, 4, 111, 86, 34, 33, 120, 15, 31, 36, 11, 46, 119, 71, 118, 30, 43, 32, 50, 0, 64, 79, 96, 97, 102, 101, 108, 104, 116, 89, 73, 77, 124, 78, 38, 100, 107, 54, 56, 109, 18, 113, 66, 94, 105, 55, 22, 63, 69, 59, 121, 5, 88, 26, 72, 99, 127, 12, 70, 13, 42, 75, 7, 87, 95, 1, 6, 9, 19, 21, 23, 24, 27, 29, 35, 37, 40, 44, 45, 51, 52, 57, 60, 61, 65, 67, 68, 74, 81, 82, 83, 85, 90, 91, 92, 93, 98, 106, 110, 112, 114, 115, 117, 122, 125, 126
81
16, 84, 10, 41, 49, 80, 62, 58, 48, 103, 3, 8, 17, 20, 25, 39, 123, 14, 53, 76, 28, 2, 47, 4, 111, 86, 34, 33, 120, 15, 31, 36, 11, 46, 119, 71, 118, 30, 43, 32, 50, 0, 64, 79, 96, 97, 102, 101, 108, 104, 116, 89, 73, 77, 124, 78, 38, 100, 107, 54, 56, 109, 18, 113, 66, 94, 105, 55, 22, 63, 69, 59, 121, 5, 88, 26, 72, 99, 127, 12, 70, 13, 42, 75, 7, 87, 95, 1, 6, 9, 19, 21, 23, 24, 27, 29, 35, 37, 40, 44, 45, 51, 52, 57, 60, 61, 65, 67, 68, 74, 81, 82, 83, 85, 90, 91, 92, 93, 98, 106, 110, 112, 114, 115, 117, 122, 125, 126
80
16, 84, 10, 41, 49, 80, 62, 58, 48, 103, 3, 8, 17, 20, 25, 39, 123, 14, 53, 76, 28, 2, 47, 4, 111, 86, 34, 33, 120, 15, 31, 36, 11, 46, 119, 71, 118, 30, 43, 32, 50, 0, 64, 79, 96, 97, 102, 101, 108, 104, 116, 89, 73, 77, 124, 78, 38, 100, 107, 54, 56, 109, 18, 113, 66, 94, 105, 55, 22, 63, 69, 59, 121, 5, 88, 26, 72, 99, 127, 12, 70, 13, 42, 75, 7, 87, 95, 1, 6, 9, 19, 21, 23, 24, 27, 29, 35, 37, 40, 44, 45, 51, 52, 57, 60, 61, 65, 67, 68, 74, 81, 82, 83, 85, 90, 91, 92, 93, 98, 106, 110, 112, 114, 115, 117, 122, 125, 126
79
16, 84, 10, 41, 49, 80, 62, 58, 48, 103, 3, 8, 17, 20, 25, 39, 123, 14, 53, 76, 28, 2, 47, 4, 111, 86, 34, 33, 120, 15, 31, 36, 11, 46, 119, 71, 118, 30, 43, 32, 50, 0, 64, 79, 96, 97, 102, 101, 108, 104, 116, 89, 73, 77, 124, 78, 38, 100, 107, 54, 56, 109, 18, 113, 66, 94, 105, 55, 22, 63, 69, 59, 121, 5, 88, 26, 72, 99, 127, 12, 70, 13, 42, 75, 7, 87, 95, 1, 6, 9, 19, 21, 23, 24, 27, 29, 35, 37, 40, 44, 45, 51, 52, 57, 60, 61, 65, 67, 68, 74, 81, 82, 83, 85, 90, 91, 92, 93, 98, 106, 110, 112, 114, 115, 117, 122, 125, 126
78
16, 84, 10, 41, 49, 80, 62, 58, 48, 103, 3, 8, 17, 20, 25, 39, 123, 14, 53, 76, 28, 2, 47, 4, 111, 86, 34, 33, 120, 15, 31, 36, 11, 46, 119, 71, 118, 30, 43, 32, 50, 0, 64, 79, 96, 97, 102, 101, 108, 104, 116, 89, 73, 77, 124, 78, 38, 100, 107, 54, 56, 109, 18, 113, 66, 94, 105, 55, 22, 63, 69, 59, 121, 5, 88, 26, 72, 99, 127, 12, 70, 13, 42, 75, 7, 87, 95, 1, 6, 9, 19, 21, 23, 24, 27, 29, 35, 37, 40, 44, 45, 51, 52, 57, 60, 61, 65, 67, 68, 74, 81, 82, 83, 85, 90, 91, 92, 93, 98, 106, 110, 112, 114, 115, 117, 122, 125, 126
77
16, 84, 10, 41, 49, 80, 62, 58, 48, 103, 3, 8, 17, 20, 25, 39, 123, 14, 53, 76, 28, 2, 47, 4, 111, 86, 34, 33, 120, 15, 31, 36, 11, 46, 119, 71, 118, 30, 43, 32, 50, 0, 64, 79, 96, 97, 102, 101, 108, 104, 116, 89, 73, 77, 124, 78, 38, 100, 107, 54, 56, 109, 18, 113, 66, 94, 105, 55, 22, 63, 69, 59, 121, 5, 88, 26, 72, 99, 127, 12, 70, 13, 42, 75, 7, 87, 95, 1, 6, 9, 19, 21, 23, 24, 27, 29, 35, 37, 40, 44, 45, 51, 52, 57, 60, 61, 65, 67, 68, 74, 81, 82, 83, 85, 90, 91, 92, 93, 98, 106, 110, 112, 114, 115, 117, 122, 125, 126
76
16, 84, 10, 41, 49, 80, 62, 58, 48, 103, 3, 8, 17, 20, 25, 39, 123, 14, 53, 76, 28, 2, 47, 4, 111, 86, 34, 33, 120, 15, 31, 36, 11, 46, 119, 71, 118, 30, 43, 32, 50, 0, 64, 79, 96, 97, 102, 101, 108, 104, 116, 89, 73, 77, 124, 78, 38, 100, 107, 54, 56, 109, 18, 113, 66, 94, 105, 55, 22, 63, 69, 59, 121, 5, 88, 26, 72, 99, 127, 12, 70, 13, 42, 75, 7, 87, 95, 1, 6, 9, 19, 21, 23, 24, 27, 29, 35, 37, 40, 44, 45, 51, 52, 57, 60, 61, 65, 67, 68, 74, 81, 82, 83, 85, 90, 91, 92, 93, 98, 106, 110, 112, 114, 115, 117, 122, 125, 126
75
16, 84, 10, 41, 49, 80, 62, 58, 48, 103, 3, 8, 17, 20, 25, 39, 123, 14, 53, 76, 28, 2, 47, 4, 111, 86, 34, 33, 120, 15, 31, 36, 11, 46, 119, 71, 118, 30, 43, 32, 50, 0, 64, 79, 96, 97, 102, 101, 108, 104, 116, 89, 73, 77, 124, 78, 38, 100, 107, 54, 56, 109, 18, 113, 66, 94, 105, 55, 22, 63, 69, 59, 121, 5, 88, 26, 72, 99, 127, 12, 70, 13, 42, 75, 7, 87, 95, 1, 6, 9, 19, 21, 23, 24, 27, 29, 35, 37, 40, 44, 45, 51, 52, 57, 60, 61, 65, 67, 68, 74, 81, 82, 83, 85, 90, 91, 92, 93, 98, 106, 110, 112, 114, 115, 117, 122, 125, 126
74
16, 84, 10, 41, 49, 80, 62, 58, 48, 103, 3, 8, 17, 20, 25, 39, 123, 14, 53, 76, 28, 2, 47, 4, 111, 86, 34, 33, 120, 15, 31, 36, 11, 46, 119, 71, 118, 30, 43, 32, 50, 0, 64, 79, 96, 97, 102, 101, 108, 104, 116, 89, 73, 77, 124, 78, 38, 100, 107, 54, 56, 109, 18, 113, 66, 94, 105, 55, 22, 63, 69, 59, 121, 5, 88, 26, 72, 99, 127, 12, 70, 13, 42, 75, 7, 87, 95, 1, 6, 9, 19, 21, 23, 24, 27, 29, 35, 37, 40, 44, 45, 51, 52, 57, 60, 61, 65, 67, 68, 74, 81, 82, 83, 85, 90, 91, 92, 93, 98, 106, 110, 112, 114, 115, 117, 122, 125, 126
73
16, 84, 10, 41, 49, 80, 62, 58, 48, 103, 3, 8, 17, 20, 25, 39, 123, 14, 53, 76, 28, 2, 47, 4, 111, 86, 34, 33, 120, 15, 31, 36, 11, 46, 119, 71, 118, 30, 43, 32, 50, 0, 64, 79, 96, 97, 102, 101, 108, 104, 116, 89, 73, 77, 124, 78, 38, 100, 107, 54, 56, 109, 18, 113, 66, 94, 105, 55, 22, 63, 69, 59, 121, 5, 88, 26, 72, 99, 127, 12, 70, 13, 42, 75, 7, 87, 95, 1, 6, 9, 19, 21, 23, 24, 27, 29, 35, 37, 40, 44, 45, 51, 52, 57, 60, 61, 65, 67, 68, 74, 81, 82, 83, 85, 90, 91, 92, 93, 98, 106, 110, 112, 114, 115, 117, 122, 125, 126
72
16, 84, 10, 41, 49, 80, 62, 58, 48, 103, 3, 8, 17, 20, 25, 39, 123, 14, 53, 76, 28, 2, 47, 4, 111, 86, 34, 33, 120, 15, 31, 36, 11, 46, 119, 71, 118, 30, 43, 32, 50, 0, 64, 79, 96, 97, 102, 101, 108, 104, 116, 89, 73, 77, 124, 78, 38, 100, 107, 54, 56, 109, 18, 113, 66, 94, 105, 55, 22, 63, 69, 59, 121, 5, 88, 26, 72, 99, 127, 12, 70, 13, 42, 75, 7, 87, 95, 1, 6, 9, 19, 21, 23, 24, 27, 29, 35, 37, 40, 44, 45, 51, 52, 57, 60, 61, 65, 67, 68, 74, 81, 82, 83, 85, 90, 91, 92, 93, 98, 106, 110, 112, 114, 115, 117, 122, 125, 126
71
16, 84, 10, 41, 49, 80, 62, 58, 48, 103, 3, 8, 17, 20, 25, 39, 123, 14, 53, 76, 28, 2, 47, 4, 111, 86, 34, 33, 120, 15, 31, 36, 11, 46, 119, 71, 118, 30, 43, 32, 50, 0, 64, 79, 96, 97, 102, 101, 108, 104, 116, 89, 73, 77, 124, 78, 38, 100, 107, 54, 56, 109, 18, 113, 66, 94, 105, 55, 22, 63, 69, 59, 121, 5, 88, 26, 72, 99, 127, 12, 70, 13, 42, 75, 7, 87, 95, 1, 6, 9, 19, 21, 23, 24, 27, 29, 35, 37, 40, 44, 45, 51, 52, 57, 60, 61, 65, 67, 68, 74, 81, 82, 83, 85, 90, 91, 92, 93, 98, 106, 110, 112, 114, 115, 117, 122, 125, 126
70
16, 84, 10, 41, 49, 80, 62, 58, 48, 103, 3, 8, 17, 20, 25, 39, 123, 14, 53, 76, 28, 2, 47, 4, 111, 86, 34, 33, 120, 15, 31, 36, 11, 46, 119, 71, 118, 30, 43, 32, 50, 0, 64, 79, 96, 97, 102, 101, 108, 104, 116, 89, 73, 77, 124, 78, 38, 100, 107, 54, 56, 109, 18, 113, 66, 94, 105, 55, 22, 63, 69, 59, 121, 5, 88, 26, 72, 99, 127, 12, 70, 13, 42, 75, 7, 87, 95, 1, 6, 9, 19, 21, 23, 24, 27, 29, 35, 37, 40, 44, 45, 51, 52, 57, 60, 61, 65, 67, 68, 74, 81, 82, 83, 85, 90, 91, 92, 93, 98, 106, 110, 112, 114, 115, 117, 122, 125, 126
69
16, 84, 10, 41, 49, 80, 62, 58, 48, 103, 3, 8, 17, 20, 25, 39, 123, 14, 53, 76, 28, 2, 47, 4, 111, 86, 34, 33, 120, 15, 31, 36, 11, 46, 119, 71, 118, 30, 43, 32, 50, 0, 64, 79, 96, 97, 102, 101, 108, 104, 116, 89, 73, 77, 124, 78, 38, 100, 107, 54, 56, 109, 18, 113, 66, 94, 105, 55, 22, 63, 69, 59, 121, 5, 88, 26, 72, 99, 127, 12, 70, 13, 42, 75, 7, 87, 95, 1, 6, 9, 19, 21, 23, 24, 27, 29, 35, 37, 40, 44, 45, 51, 52, 57, 60, 61, 65, 67, 68, 74, 81, 82, 83, 85, 90, 91, 92, 93, 98, 106, 110, 112, 114, 115, 117, 122, 125, 126
68
16, 84, 10, 41, 49, 80, 62, 58, 48, 103, 3, 8, 17, 20, 25, 39, 123, 14, 53, 76, 28, 2, 47, 4, 111, 86, 34, 33, 120, 15, 31, 36, 11, 46, 119, 71, 118, 30, 43, 32, 50, 0, 64, 79, 96, 97, 102, 101, 108, 104, 116, 89, 73, 77, 124, 78, 38, 100, 107, 54, 56, 109, 18, 113, 66, 94, 105, 55, 22, 63, 69, 59, 121, 5, 88, 26, 72, 99, 127, 12, 70, 13, 42, 75, 7, 87, 95, 1, 6, 9, 19, 21, 23, 24, 27, 29, 35, 37, 40, 44, 45, 51, 52, 57, 60, 61, 65, 67, 68, 74, 81, 82, 83, 85, 90, 91, 92, 93, 98, 106, 110, 112, 114, 115, 117, 122, 125, 126
67
16, 84, 10, 41, 49, 80, 62, 58, 48, 103, 3, 8, 17, 20, 25, 39, 123, 14, 53, 76, 28, 2, 47, 4, 111, 86, 34, 33, 120, 15, 31, 36, 11, 46, 119, 71, 118, 30, 43, 32, 50, 0, 64, 79, 96, 97, 102, 101, 108, 104, 116, 89, 73, 77, 124, 78, 38, 100, 107, 54, 56, 109, 18, 113, 66, 94, 105, 55, 22, 63, 69, 59, 121, 5, 88, 26, 72, 99, 127, 12, 70, 13, 42, 75, 7, 87, 95, 1, 6, 9, 19, 21, 23, 24, 27, 29, 35, 37, 40, 44, 45, 51, 52, 57, 60, 61, 65, 67, 68, 74, 81, 82, 83, 85, 90, 91, 92, 93, 98, 106, 110, 112, 114, 115, 117, 122, 125, 126
66
16, 84, 10, 41, 49, 80, 62, 58, 48, 103, 3, 8, 17, 20, 25, 39, 123, 14, 53, 76, 28, 2, 47, 4, 111, 86, 34, 33, 120, 15, 31, 36, 11, 46, 119, 71, 118, 30, 43, 32, 50, 0, 64, 79, 96, 97, 102, 101, 108, 104, 116, 89, 73, 77, 124, 78, 38, 100, 107, 54, 56, 109, 18, 113, 66, 94, 105, 55, 22, 63, 69, 59, 121, 5, 88, 26, 72, 99, 127, 12, 70, 13, 42, 75, 7, 87, 95, 1, 6, 9, 19, 21, 23, 24, 27, 29, 35, 37, 40, 44, 45, 51, 52, 57, 60, 61, 65, 67, 68, 74, 81, 82, 83, 85, 90, 91, 92, 93, 98, 106, 110, 112, 114, 115, 117, 122, 125, 126
65
16, 84, 10, 41, 49, 80, 62, 58, 48, 103, 3, 8, 17, 20, 25, 39, 123, 14, 53, 76, 28, 2, 47, 4, 111, 86, 34, 33, 120, 15, 31, 36, 11, 46, 119, 71, 118, 30, 43, 32, 50, 0, 64, 79, 96, 97, 102, 101, 108, 104, 116, 89, 73, 77, 124, 78, 38, 100, 107, 54, 56, 109, 18, 113, 66, 94, 105, 55, 22, 63, 69, 59, 121, 5, 88, 26, 72, 99, 127, 12, 70, 13, 42, 75, 7, 87, 95, 1, 6, 9, 19, 21, 23, 24, 27, 29, 35, 37, 40, 44, 45, 51, 52, 57, 60, 61, 65, 67, 68, 74, 81, 82, 83, 85, 90, 91, 92, 93, 98, 106, 110, 112, 114, 115, 117, 122, 125, 126
64
16, 84, 10, 41, 49, 80, 62, 58, 48, 103, 3, 8, 17, 20, 25, 39, 123, 14, 53, 76, 28, 2, 47, 4, 111, 86, 34, 33, 120, 15, 31, 36, 11, 46, 119, 71, 118, 30, 43, 32, 50, 0, 64, 79, 96, 97, 102, 101, 108, 104, 116, 89, 73, 77, 124, 78, 38, 100, 107, 54, 56, 109, 18, 113, 66, 94, 105, 55, 22, 63, 69, 59, 121, 5, 88, 26, 72, 99, 127, 12, 70, 13, 42, 75, 7, 87, 95, 1, 6, 9, 19, 21, 23, 24, 27, 29, 35, 37, 40, 44, 45, 51, 52, 57, 60, 61, 65, 67, 68, 74, 81, 82, 83, 85, 90, 91, 92, 93, 98, 106, 110, 112, 114, 115, 117, 122, 125, 126
63
16, 84, 10, 41, 49, 80, 62, 58, 48, 103, 3, 8, 17, 20, 25, 39, 123, 14, 53, 76, 28, 2, 47, 4, 111, 86, 34, 33, 120, 15, 31, 36, 11, 46, 119, 71, 118, 30, 43, 32, 50, 0, 64, 79, 96, 97, 102, 101, 108, 104, 116, 89, 73, 77, 124, 78, 38, 100, 107, 54, 56, 109, 18, 113, 66, 94, 105, 55, 22, 63, 69, 59, 121, 5, 88, 26, 72, 99, 127, 12, 70, 13, 42, 75, 7, 87, 95, 1, 6, 9, 19, 21, 23, 24, 27, 29, 35, 37, 40, 44, 45, 51, 52, 57, 60, 61, 65, 67, 68, 74, 81, 82, 83, 85, 90, 91, 92, 93, 98, 106, 110, 112, 114, 115, 117, 122, 125, 126
62
16, 84, 10, 41, 49, 80, 62, 58, 48, 103, 3, 8, 17, 20, 25, 39, 123, 14, 53, 76, 28, 2, 47, 4, 111, 86, 34, 33, 120, 15, 31, 36, 11, 46, 119, 71, 118, 30, 43, 32, 50, 0, 64, 79, 96, 97, 102, 101, 108, 104, 116, 89, 73, 77, 124, 78, 38, 100, 107, 54, 56, 109, 18, 113, 66, 94, 105, 55, 22, 63, 69, 59, 121, 5, 88, 26, 72, 99, 127, 12, 70, 13, 42, 75, 7, 87, 95, 1, 6, 9, 19, 21, 23, 24, 27, 29, 35, 37, 40, 44, 45, 51, 52, 57, 60, 61, 65, 67, 68, 74, 81, 82, 83, 85, 90, 91, 92, 93, 98, 106, 110, 112, 114, 115, 117, 122, 125, 126
61
16, 84, 10, 41, 49, 80, 62, 58, 48, 103, 3, 8, 17, 20, 25, 39, 123, 14, 53, 76, 28, 2, 47, 4, 111, 86, 34, 33, 120, 15, 31, 36, 11, 46, 119, 71, 118, 30, 43, 32, 50, 0, 64, 79, 96, 97, 102, 101, 108, 104, 116, 89, 73, 77, 124, 78, 38, 100, 107, 54, 56, 109, 18, 113, 66, 94, 105, 55, 22, 63, 69, 59, 121, 5, 88, 26, 72, 99, 127, 12, 70, 13, 42, 75, 7, 87, 95, 1, 6, 9, 19, 21, 23, 24, 27, 29, 35, 37, 40, 44, 45, 51, 52, 57, 60, 61, 65, 67, 68, 74, 81, 82, 83, 85, 90, 91, 92, 93, 98, 106, 110, 112, 114, 115, 117, 122, 125, 126
60
16, 84, 10, 41, 49, 80, 62, 58, 48, 103, 3, 8, 17, 20, 25, 39, 123, 14, 53, 76, 28, 2, 47, 4, 111, 86, 34, 33, 120, 15, 31, 36, 11, 46, 119, 71, 118, 30, 43, 32, 50, 0, 64, 79, 96, 97, 102, 101, 108, 104, 116, 89, 73, 77, 124, 78, 38, 100, 107, 54, 56, 109, 18, 113, 66, 94, 105, 55, 22, 63, 69, 59, 121, 5, 88, 26, 72, 99, 127, 12, 70, 13, 42, 75, 7, 87, 95, 1, 6, 9, 19, 21, 23, 24, 27, 29, 35, 37, 40, 44, 45, 51, 52, 57, 60, 61, 65, 67, 68, 74, 81, 82, 83, 85, 90, 91, 92, 93, 98, 106, 110, 112, 114, 115, 117, 122, 125, 126
59
16, 84, 10, 41, 49, 80, 62, 58, 48, 103, 3, 8, 17, 20, 25, 39, 123, 14, 53, 76, 28, 2, 47, 4, 111, 86, 34, 33, 120, 15, 31, 36, 11, 46, 119, 71, 118, 30, 43, 32, 50, 0, 64, 79, 96, 97, 102, 101, 108, 104, 116, 89, 73, 77, 124, 78, 38, 100, 107, 54, 56, 109, 18, 113, 66, 94, 105, 55, 22, 63, 69, 59, 121, 5, 88, 26, 72, 99, 127, 12, 70, 13, 42, 75, 7, 87, 95, 1, 6, 9, 19, 21, 23, 24, 27, 29, 35, 37, 40, 44, 45, 51, 52, 57, 60, 61, 65, 67, 68, 74, 81, 82, 83, 85, 90, 91, 92, 93, 98, 106, 110, 112, 114, 115, 117, 122, 125, 126
58
16, 84, 10, 41, 49, 80, 62, 58, 48, 103, 3, 8, 17, 20, 25, 39, 123, 14, 53, 76, 28, 2, 47, 4, 111, 86, 34, 33, 120, 15, 31, 36, 11, 46, 119, 71, 118, 30, 43, 32, 50, 0, 64, 79, 96, 97, 102, 101, 108, 104, 116, 89, 73, 77, 124, 78, 38, 100, 107, 54, 56, 109, 18, 113, 66, 94, 105, 55, 22, 63, 69, 59, 121, 5, 88, 26, 72, 99, 127, 12, 70, 13, 42, 75, 7, 87, 95, 1, 6, 9, 19, 21, 23, 24, 27, 29, 35, 37, 40, 44, 45, 51, 52, 57, 60, 61, 65, 67, 68, 74, 81, 82, 83, 85, 90, 91, 92, 93, 98, 106, 110, 112, 114, 115, 117, 122, 125, 126
57
16, 84, 10, 41, 49, 80, 62, 58, 48, 103, 3, 8, 17, 20, 25, 39, 123, 14, 53, 76, 28, 2, 47, 4, 111, 86, 34, 33, 120, 15, 31, 36, 11, 46, 119, 71, 118, 30, 43, 32, 50, 0, 64, 79, 96, 97, 102, 101, 108, 104, 116, 89, 73, 77, 124, 78, 38, 100, 107, 54, 56, 109, 18, 113, 66, 94, 105, 55, 22, 63, 69, 59, 121, 5, 88, 26, 72, 99, 127, 12, 70, 13, 42, 75, 7, 87, 95, 1, 6, 9, 19, 21, 23, 24, 27, 29, 35, 37, 40, 44, 45, 51, 52, 57, 60, 61, 65, 67, 68, 74, 81, 82, 83, 85, 90, 91, 92, 93, 98, 106, 110, 112, 114, 115, 117, 122, 125, 126
56
16, 84, 10, 41, 49, 80, 62, 58, 48, 103, 3, 8, 17, 20, 25, 39, 123, 14, 53, 76, 28, 2, 47, 4, 111, 86, 34, 33, 120, 15, 31, 36, 11, 46, 119, 71, 118, 30, 43, 32, 50, 0, 64, 79, 96, 97, 102, 101, 108, 104, 116, 89, 73, 77, 124, 78, 38, 100, 107, 54, 56, 109, 18, 113, 66, 94, 105, 55, 22, 63, 69, 59, 121, 5, 88, 26, 72, 99, 127, 12, 70, 13, 42, 75, 7, 87, 95, 1, 6, 9, 19, 21, 23, 24, 27, 29, 35, 37, 40, 44, 45, 51, 52, 57, 60, 61, 65, 67, 68, 74, 81, 82, 83, 85, 90, 91, 92, 93, 98, 106, 110, 112, 114, 115, 117, 122, 125, 126
55
16, 84, 10, 41, 49, 80, 62, 58, 48, 103, 3, 8, 17, 20, 25, 39, 123, 14, 53, 76, 28, 2, 47, 4, 111, 86, 34, 33, 120, 15, 31, 36, 11, 46, 119, 71, 118, 30, 43, 32, 50, 0, 64, 79, 96, 97, 102, 101, 108, 104, 116, 89, 73, 77, 124, 78, 38, 100, 107, 54, 56, 109, 18, 113, 66, 94, 105, 55, 22, 63, 69, 59, 121, 5, 88, 26, 72, 99, 127, 12, 70, 13, 42, 75, 7, 87, 95, 1, 6, 9, 19, 21, 23, 24, 27, 29, 35, 37, 40, 44, 45, 51, 52, 57, 60, 61, 65, 67, 68, 74, 81, 82, 83, 85, 90, 91, 92, 93, 98, 106, 110, 112, 114, 115, 117, 122, 125, 126
54
16, 84, 10, 41, 49, 80, 62, 58, 48, 103, 3, 8, 17, 20, 25, 39, 123, 14, 53, 76, 28, 2, 47, 4, 111, 86, 34, 33, 120, 15, 31, 36, 11, 46, 119, 71, 118, 30, 43, 32, 50, 0, 64, 79, 96, 97, 102, 101, 108, 104, 116, 89, 73, 77, 124, 78, 38, 100, 107, 54, 56, 109, 18, 113, 66, 94, 105, 55, 22, 63, 69, 59, 121, 5, 88, 26, 72, 99, 127, 12, 70, 13, 42, 75, 7, 87, 95, 1, 6, 9, 19, 21, 23, 24, 27, 29, 35, 37, 40, 44, 45, 51, 52, 57, 60, 61, 65, 67, 68, 74, 81, 82, 83, 85, 90, 91, 92, 93, 98, 106, 110, 112, 114, 115, 117, 122, 125, 126
53
16, 84, 10, 41, 49, 80, 62, 58, 48, 103, 3, 8, 17, 20, 25, 39, 123, 14, 53, 76, 28, 2, 47, 4, 111, 86, 34, 33, 120, 15, 31, 36, 11, 46, 119, 71, 118, 30, 43, 32, 50, 0, 64, 79, 96, 97, 102, 101, 108, 104, 116, 89, 73, 77, 124, 78, 38, 100, 107, 54, 56, 109, 18, 113, 66, 94, 105, 55, 22, 63, 69, 59, 121, 5, 88, 26, 72, 99, 127, 12, 70, 13, 42, 75, 7, 87, 95, 1, 6, 9, 19, 21, 23, 24, 27, 29, 35, 37, 40, 44, 45, 51, 52, 57, 60, 61, 65, 67, 68, 74, 81, 82, 83, 85, 90, 91, 92, 93, 98, 106, 110, 112, 114, 115, 117, 122, 125, 126
52
16, 84, 10, 41, 49, 80, 62, 58, 48, 103, 3, 8, 17, 20, 25, 39, 123, 14, 53, 76, 28, 2, 47, 4, 111, 86, 34, 33, 120, 15, 31, 36, 11, 46, 119, 71, 118, 30, 43, 32, 50, 0, 64, 79, 96, 97, 102, 101, 108, 104, 116, 89, 73, 77, 124, 78, 38, 100, 107, 54, 56, 109, 18, 113, 66, 94, 105, 55, 22, 63, 69, 59, 121, 5, 88, 26, 72, 99, 127, 12, 70, 13, 42, 75, 7, 87, 95, 1, 6, 9, 19, 21, 23, 24, 27, 29, 35, 37, 40, 44, 45, 51, 52, 57, 60, 61, 65, 67, 68, 74, 81, 82, 83, 85, 90, 91, 92, 93, 98, 106, 110, 112, 114, 115, 117, 122, 125, 126
51
16, 84, 10, 41, 49, 80, 62, 58, 48, 103, 3, 8, 17, 20, 25, 39, 123, 14, 53, 76, 28, 2, 47, 4, 111, 86, 34, 33, 120, 15, 31, 36, 11, 46, 119, 71, 118, 30, 43, 32, 50, 0, 64, 79, 96, 97, 102, 101, 108, 104, 116, 89, 73, 77, 124, 78, 38, 100, 107, 54, 56, 109, 18, 113, 66, 94, 105, 55, 22, 63, 69, 59, 121, 5, 88, 26, 72, 99, 127, 12, 70, 13, 42, 75, 7, 87, 95, 1, 6, 9, 19, 21, 23, 24, 27, 29, 35, 37, 40, 44, 45, 51, 52, 57, 60, 61, 65, 67, 68, 74, 81, 82, 83, 85, 90, 91, 92, 93, 98, 106, 110, 112, 114, 115, 117, 122, 125, 126
50
16, 84, 10, 41, 49, 80, 62, 58, 48, 103, 3, 8, 17, 20, 25, 39, 123, 14, 53, 76, 28, 2, 47, 4, 111, 86, 34, 33, 120, 15, 31, 36, 11, 46, 119, 71, 118, 30, 43, 32, 50, 0, 64, 79, 96, 97, 102, 101, 108, 104, 116, 89, 73, 77, 124, 78, 38, 100, 107, 54, 56, 109, 18, 113, 66, 94, 105, 55, 22, 63, 69, 59, 121, 5, 88, 26, 72, 99, 127, 12, 70, 13, 42, 75, 7, 87, 95, 1, 6, 9, 19, 21, 23, 24, 27, 29, 35, 37, 40, 44, 45, 51, 52, 57, 60, 61, 65, 67, 68, 74, 81, 82, 83, 85, 90, 91, 92, 93, 98, 106, 110, 112, 114, 115, 117, 122, 125, 126
49
16, 84, 10, 41, 49, 80, 62, 58, 48, 103, 3, 8, 17, 20, 25, 39, 123, 14, 53, 76, 28, 2, 47, 4, 111, 86, 34, 33, 120, 15, 31, 36, 11, 46, 119, 71, 118, 30, 43, 32, 50, 0, 64, 79, 96, 97, 102, 101, 108, 104, 116, 89, 73, 77, 124, 78, 38, 100, 107, 54, 56, 109, 66, 94, 105, 55, 22, 63, 18, 113, 69, 59, 121, 5, 88, 26, 72, 99, 127, 12, 70, 13, 42, 75, 7, 87, 95, 1, 6, 9, 19, 21, 23, 24, 27, 29, 35, 37, 40, 44, 45, 51, 52, 57, 60, 61, 65, 67, 68, 74, 81, 82, 83, 85, 90, 91, 92, 93, 98, 106, 110, 112, 114, 115, 117, 122, 125, 126
../benchmark_instances/2023result/docs/solver/benchmark/2022benchmark/benchmark/color04/miles1000.col	128	3216	49	117
	Command being timed: "timeout 1h java -Xms1024g -Xmx1024g -Xss134m -cp ../src/pathwidth.jar Pathwidth ../benchmark_instances/2023result/docs/solver/benchmark/2022benchmark/benchmark/color04/miles1000.col"
	User time (seconds): 0.88
	System time (seconds): 1.46
	Percent of CPU this job got: 120%
	Elapsed (wall clock) time (h:mm:ss or m:ss): 0:01.94
	Average shared text size (kbytes): 0
	Average unshared data size (kbytes): 0
	Average stack size (kbytes): 0
	Average total size (kbytes): 0
	Maximum resident set size (kbytes): 4868900
	Average resident set size (kbytes): 0
	Major (requiring I/O) page faults: 0
	Minor (reclaiming a frame) page faults: 136867
	Voluntary context switches: 3034
	Involuntary context switches: 12
	Swaps: 0
	File system inputs: 56
	File system outputs: 184
	Socket messages sent: 0
	Socket messages received: 0
	Signals delivered: 0
	Page size (bytes): 4096
	Exit status: 0
