../benchmark_instances/2023result/docs/solver/benchmark/2022benchmark/benchmark/color04/mug100_1.col
100
2, 0, 3, 20, 21, 8, 7, 9, 22, 23, 24, 19, 31, 32, 33, 1, 4, 44, 45, 5, 17, 28, 16, 29, 30, 6, 11, 12, 18, 51, 50, 25, 26, 53, 54, 52, 14, 13, 10, 61, 63, 15, 27, 35, 34, 58, 60, 36, 38, 39, 37, 70, 72, 42, 40, 76, 41, 47, 43, 85, 86, 87, 46, 56, 57, 48, 97, 98, 99, 49, 91, 92, 93, 55, 67, 68, 69, 59, 73, 74, 75, 62, 64, 65, 66, 71, 94, 95, 96, 77, 88, 89, 90, 78, 80, 81, 79, 82, 83, 84
99
2, 0, 3, 20, 21, 8, 7, 9, 22, 23, 24, 19, 31, 32, 33, 1, 4, 44, 45, 5, 17, 28, 16, 29, 30, 6, 11, 12, 18, 51, 50, 25, 26, 53, 54, 52, 14, 13, 10, 61, 63, 15, 27, 35, 34, 58, 60, 36, 38, 39, 37, 70, 72, 42, 40, 76, 41, 47, 43, 85, 86, 87, 46, 56, 57, 48, 97, 98, 99, 49, 91, 92, 93, 55, 67, 68, 69, 59, 73, 74, 75, 62, 64, 65, 66, 71, 94, 95, 96, 77, 88, 89, 90, 78, 80, 81, 79, 82, 83, 84
98
2, 0, 3, 20, 21, 8, 7, 9, 22, 23, 24, 19, 31, 32, 33, 1, 4, 44, 45, 5, 17, 28, 16, 29, 30, 6, 11, 12, 18, 51, 50, 25, 26, 53, 54, 52, 14, 13, 10, 61, 63, 15, 27, 35, 34, 58, 60, 36, 38, 39, 37, 70, 72, 42, 40, 76, 41, 47, 43, 85, 86, 87, 46, 56, 57, 48, 97, 98, 99, 49, 91, 92, 93, 55, 67, 68, 69, 59, 73, 74, 75, 62, 64, 65, 66, 71, 94, 95, 96, 77, 88, 89, 90, 78, 80, 81, 79, 82, 83, 84
97
2, 0, 3, 20, 21, 8, 7, 9, 22, 23, 24, 19, 31, 32, 33, 1, 4, 44, 45, 5, 17, 28, 16, 29, 30, 6, 11, 12, 18, 51, 50, 25, 26, 53, 54, 52, 14, 13, 10, 61, 63, 15, 27, 35, 34, 58, 60, 36, 38, 39, 37, 70, 72, 42, 40, 76, 41, 47, 43, 85, 86, 87, 46, 56, 57, 48, 97, 98, 99, 49, 91, 92, 93, 55, 67, 68, 69, 59, 73, 74, 75, 62, 64, 65, 66, 71, 94, 95, 96, 77, 88, 89, 90, 78, 80, 81, 79, 82, 83, 84
96
2, 0, 3, 20, 21, 8, 7, 9, 22, 23, 24, 19, 31, 32, 33, 1, 4, 44, 45, 5, 17, 28, 16, 29, 30, 6, 11, 12, 18, 51, 50, 25, 26, 53, 54, 52, 14, 13, 10, 61, 63, 15, 27, 35, 34, 58, 60, 36, 38, 39, 37, 70, 72, 42, 40, 76, 41, 47, 43, 85, 86, 87, 46, 56, 57, 48, 97, 98, 99, 49, 91, 92, 93, 55, 67, 68, 69, 59, 73, 74, 75, 62, 64, 65, 66, 71, 94, 95, 96, 77, 88, 89, 90, 78, 80, 81, 79, 82, 83, 84
95
2, 0, 3, 20, 21, 8, 7, 9, 22, 23, 24, 19, 31, 32, 33, 1, 4, 44, 45, 5, 17, 28, 16, 29, 30, 6, 11, 12, 18, 51, 50, 25, 26, 53, 54, 52, 14, 13, 10, 61, 63, 15, 27, 35, 34, 58, 60, 36, 38, 39, 37, 70, 72, 42, 40, 76, 41, 47, 43, 85, 86, 87, 46, 56, 57, 48, 97, 98, 99, 49, 91, 92, 93, 55, 67, 68, 69, 59, 73, 74, 75, 62, 64, 65, 66, 71, 94, 95, 96, 77, 88, 89, 90, 78, 80, 81, 79, 82, 83, 84
94
2, 0, 3, 20, 21, 8, 7, 9, 22, 23, 24, 19, 31, 32, 33, 1, 4, 44, 45, 5, 17, 28, 16, 29, 30, 6, 11, 12, 18, 51, 50, 25, 26, 53, 54, 52, 14, 13, 10, 61, 63, 15, 27, 35, 34, 58, 60, 36, 38, 39, 37, 70, 72, 42, 40, 76, 41, 47, 43, 85, 86, 87, 46, 56, 57, 48, 97, 98, 99, 49, 91, 92, 93, 55, 67, 68, 69, 59, 73, 74, 75, 62, 64, 65, 66, 71, 94, 95, 96, 77, 88, 89, 90, 78, 80, 81, 79, 82, 83, 84
93
2, 0, 3, 20, 21, 8, 7, 9, 22, 23, 24, 19, 31, 32, 33, 1, 4, 44, 45, 5, 17, 28, 16, 29, 30, 6, 11, 12, 18, 51, 50, 25, 26, 53, 54, 52, 14, 13, 10, 61, 63, 15, 27, 35, 34, 58, 60, 36, 38, 39, 37, 70, 72, 42, 40, 76, 41, 47, 43, 85, 86, 87, 46, 56, 57, 48, 97, 98, 99, 49, 91, 92, 93, 55, 67, 68, 69, 59, 73, 74, 75, 62, 64, 65, 66, 71, 94, 95, 96, 77, 88, 89, 90, 78, 80, 81, 79, 82, 83, 84
92
2, 0, 3, 20, 21, 8, 7, 9, 22, 23, 24, 19, 31, 32, 33, 1, 4, 44, 45, 5, 17, 28, 16, 29, 30, 6, 11, 12, 18, 51, 50, 25, 26, 53, 54, 52, 14, 13, 10, 61, 63, 15, 27, 35, 34, 58, 60, 36, 38, 39, 37, 70, 72, 42, 40, 76, 41, 47, 43, 85, 86, 87, 46, 56, 57, 48, 97, 98, 99, 49, 91, 92, 93, 55, 67, 68, 69, 59, 73, 74, 75, 62, 64, 65, 66, 71, 94, 95, 96, 77, 88, 89, 90, 78, 80, 81, 79, 82, 83, 84
91
2, 0, 3, 20, 21, 8, 7, 9, 22, 23, 24, 19, 31, 32, 33, 1, 4, 44, 45, 5, 17, 28, 16, 29, 30, 6, 11, 12, 18, 51, 50, 25, 26, 53, 54, 52, 14, 13, 10, 61, 63, 15, 27, 35, 34, 58, 60, 36, 38, 39, 37, 70, 72, 42, 40, 76, 41, 47, 43, 85, 86, 87, 46, 56, 57, 48, 97, 98, 99, 49, 91, 92, 93, 55, 67, 68, 69, 59, 73, 74, 75, 62, 64, 65, 66, 71, 94, 95, 96, 77, 88, 89, 90, 78, 80, 81, 79, 82, 83, 84
90
2, 0, 3, 20, 21, 8, 7, 9, 22, 23, 24, 19, 31, 32, 33, 1, 4, 44, 45, 5, 17, 28, 16, 29, 30, 6, 11, 12, 18, 51, 50, 25, 26, 53, 54, 52, 14, 13, 10, 61, 63, 15, 27, 35, 34, 58, 60, 36, 38, 39, 37, 70, 72, 42, 40, 76, 41, 47, 43, 85, 86, 87, 46, 56, 57, 48, 97, 98, 99, 49, 91, 92, 93, 55, 67, 68, 69, 59, 73, 74, 75, 62, 64, 65, 66, 71, 94, 95, 96, 77, 88, 89, 90, 78, 80, 81, 79, 82, 83, 84
89
2, 0, 3, 20, 21, 8, 7, 9, 22, 23, 24, 19, 31, 32, 33, 1, 4, 44, 45, 5, 17, 28, 16, 29, 30, 6, 11, 12, 18, 51, 50, 25, 26, 53, 54, 52, 14, 13, 10, 61, 63, 15, 27, 35, 34, 58, 60, 36, 38, 39, 37, 70, 72, 42, 40, 76, 41, 47, 43, 85, 86, 87, 46, 56, 57, 48, 97, 98, 99, 49, 91, 92, 93, 55, 67, 68, 69, 59, 73, 74, 75, 62, 64, 65, 66, 71, 94, 95, 96, 77, 88, 89, 90, 78, 80, 81, 79, 82, 83, 84
88
2, 0, 3, 20, 21, 8, 7, 9, 22, 23, 24, 19, 31, 32, 33, 1, 4, 44, 45, 5, 17, 28, 16, 29, 30, 6, 11, 12, 18, 51, 50, 25, 26, 53, 54, 52, 14, 13, 10, 61, 63, 15, 27, 35, 34, 58, 60, 36, 38, 39, 37, 70, 72, 42, 40, 76, 41, 47, 43, 85, 86, 87, 46, 56, 57, 48, 97, 98, 99, 49, 91, 92, 93, 55, 67, 68, 69, 59, 73, 74, 75, 62, 64, 65, 66, 71, 94, 95, 96, 77, 88, 89, 90, 78, 80, 81, 79, 82, 83, 84
87
2, 0, 3, 20, 21, 8, 7, 9, 22, 23, 24, 19, 31, 32, 33, 1, 4, 44, 45, 5, 17, 28, 16, 29, 30, 6, 11, 12, 18, 51, 50, 25, 26, 53, 54, 52, 14, 13, 10, 61, 63, 15, 27, 35, 34, 58, 60, 36, 38, 39, 37, 70, 72, 42, 40, 76, 41, 47, 43, 85, 86, 87, 46, 56, 57, 48, 97, 98, 99, 49, 91, 92, 93, 55, 67, 68, 69, 59, 73, 74, 75, 62, 64, 65, 66, 71, 94, 95, 96, 77, 88, 89, 90, 78, 80, 81, 79, 82, 83, 84
86
2, 0, 3, 20, 21, 8, 7, 9, 22, 23, 24, 19, 31, 32, 33, 1, 4, 44, 45, 5, 17, 28, 16, 29, 30, 6, 11, 12, 18, 51, 50, 25, 26, 53, 54, 52, 14, 13, 10, 61, 63, 15, 27, 35, 34, 58, 60, 36, 38, 39, 37, 70, 72, 42, 40, 76, 41, 47, 43, 85, 86, 87, 46, 56, 57, 48, 97, 98, 99, 49, 91, 92, 93, 55, 67, 68, 69, 59, 73, 74, 75, 62, 64, 65, 66, 71, 94, 95, 96, 77, 88, 89, 90, 78, 80, 81, 79, 82, 83, 84
85
2, 0, 3, 20, 21, 8, 7, 9, 22, 23, 24, 19, 31, 32, 33, 1, 4, 44, 45, 5, 17, 28, 16, 29, 30, 6, 11, 12, 18, 51, 50, 25, 26, 53, 54, 52, 14, 13, 10, 61, 63, 15, 27, 35, 34, 58, 60, 36, 38, 39, 37, 70, 72, 42, 40, 76, 41, 47, 43, 85, 86, 87, 46, 56, 57, 48, 97, 98, 99, 49, 91, 92, 93, 55, 67, 68, 69, 59, 73, 74, 75, 62, 64, 65, 66, 71, 94, 95, 96, 77, 88, 89, 90, 78, 80, 81, 79, 82, 83, 84
84
2, 0, 3, 20, 21, 8, 7, 9, 22, 23, 24, 19, 31, 32, 33, 1, 4, 44, 45, 5, 17, 28, 16, 29, 30, 6, 11, 12, 18, 51, 50, 25, 26, 53, 54, 52, 14, 13, 10, 61, 63, 15, 27, 35, 34, 58, 60, 36, 38, 39, 37, 70, 72, 42, 40, 76, 41, 47, 43, 85, 86, 87, 46, 56, 57, 48, 97, 98, 99, 49, 91, 92, 93, 55, 67, 68, 69, 59, 73, 74, 75, 62, 64, 65, 66, 71, 94, 95, 96, 77, 88, 89, 90, 78, 80, 81, 79, 82, 83, 84
83
2, 0, 3, 20, 21, 8, 7, 9, 22, 23, 24, 19, 31, 32, 33, 1, 4, 44, 45, 5, 17, 28, 16, 29, 30, 6, 11, 12, 18, 51, 50, 25, 26, 53, 54, 52, 14, 13, 10, 61, 63, 15, 27, 35, 34, 58, 60, 36, 38, 39, 37, 70, 72, 42, 40, 76, 41, 47, 43, 85, 86, 87, 46, 56, 57, 48, 97, 98, 99, 49, 91, 92, 93, 55, 67, 68, 69, 59, 73, 74, 75, 62, 64, 65, 66, 71, 94, 95, 96, 77, 88, 89, 90, 78, 80, 81, 79, 82, 83, 84
82
2, 0, 3, 20, 21, 8, 7, 9, 22, 23, 24, 19, 31, 32, 33, 1, 4, 44, 45, 5, 17, 28, 16, 29, 30, 6, 11, 12, 18, 51, 50, 25, 26, 53, 54, 52, 14, 13, 10, 61, 63, 15, 27, 35, 34, 58, 60, 36, 38, 39, 37, 70, 72, 42, 40, 76, 41, 47, 43, 85, 86, 87, 46, 56, 57, 48, 97, 98, 99, 49, 91, 92, 93, 55, 67, 68, 69, 59, 73, 74, 75, 62, 64, 65, 66, 71, 94, 95, 96, 77, 88, 89, 90, 78, 80, 81, 79, 82, 83, 84
81
2, 0, 3, 20, 21, 8, 7, 9, 22, 23, 24, 19, 31, 32, 33, 1, 4, 44, 45, 5, 17, 28, 16, 29, 30, 6, 11, 12, 18, 51, 50, 25, 26, 53, 54, 52, 14, 13, 10, 61, 63, 15, 27, 35, 34, 58, 60, 36, 38, 39, 37, 70, 72, 42, 40, 76, 41, 47, 43, 85, 86, 87, 46, 56, 57, 48, 97, 98, 99, 49, 91, 92, 93, 55, 67, 68, 69, 59, 73, 74, 75, 62, 64, 65, 66, 71, 94, 95, 96, 77, 88, 89, 90, 78, 80, 81, 79, 82, 83, 84
80
2, 0, 3, 20, 21, 8, 7, 9, 22, 23, 24, 19, 31, 32, 33, 1, 4, 44, 45, 5, 17, 28, 16, 29, 30, 6, 11, 12, 18, 51, 50, 25, 26, 53, 54, 52, 14, 13, 10, 61, 63, 15, 27, 35, 34, 58, 60, 36, 38, 39, 37, 70, 72, 42, 40, 76, 41, 47, 43, 85, 86, 87, 46, 56, 57, 48, 97, 98, 99, 49, 91, 92, 93, 55, 67, 68, 69, 59, 73, 74, 75, 62, 64, 65, 66, 71, 94, 95, 96, 77, 88, 89, 90, 78, 80, 81, 79, 82, 83, 84
79
2, 0, 3, 20, 21, 8, 7, 9, 22, 23, 24, 19, 31, 32, 33, 1, 4, 44, 45, 5, 17, 28, 16, 29, 30, 6, 11, 12, 18, 51, 50, 25, 26, 53, 54, 52, 14, 13, 10, 61, 63, 15, 27, 35, 34, 58, 60, 36, 38, 39, 37, 70, 72, 42, 40, 76, 41, 47, 43, 85, 86, 87, 46, 56, 57, 48, 97, 98, 99, 49, 91, 92, 93, 55, 67, 68, 69, 59, 73, 74, 75, 62, 64, 65, 66, 71, 94, 95, 96, 77, 88, 89, 90, 78, 80, 81, 79, 82, 83, 84
78
2, 0, 3, 20, 21, 8, 7, 9, 22, 23, 24, 19, 31, 32, 33, 1, 4, 44, 45, 5, 17, 28, 16, 29, 30, 6, 11, 12, 18, 51, 50, 25, 26, 53, 54, 52, 14, 13, 10, 61, 63, 15, 27, 35, 34, 58, 60, 36, 38, 39, 37, 70, 72, 42, 40, 76, 41, 47, 43, 85, 86, 87, 46, 56, 57, 48, 97, 98, 99, 49, 91, 92, 93, 55, 67, 68, 69, 59, 73, 74, 75, 62, 64, 65, 66, 71, 94, 95, 96, 77, 88, 89, 90, 78, 80, 81, 79, 82, 83, 84
77
2, 0, 3, 20, 21, 8, 7, 9, 22, 23, 24, 19, 31, 32, 33, 1, 4, 44, 45, 5, 17, 28, 16, 29, 30, 6, 11, 12, 18, 51, 50, 25, 26, 53, 54, 52, 14, 13, 10, 61, 63, 15, 27, 35, 34, 58, 60, 36, 38, 39, 37, 70, 72, 42, 40, 76, 41, 47, 43, 85, 86, 87, 46, 56, 57, 48, 97, 98, 99, 49, 91, 92, 93, 55, 67, 68, 69, 59, 73, 74, 75, 62, 64, 65, 66, 71, 94, 95, 96, 77, 88, 89, 90, 78, 80, 81, 79, 82, 83, 84
76
2, 0, 3, 20, 21, 8, 7, 9, 22, 23, 24, 19, 31, 32, 33, 1, 4, 44, 45, 5, 17, 28, 16, 29, 30, 6, 11, 12, 18, 51, 50, 25, 26, 53, 54, 52, 14, 13, 10, 61, 63, 15, 27, 35, 34, 58, 60, 36, 38, 39, 37, 70, 72, 42, 40, 76, 41, 47, 43, 85, 86, 87, 46, 56, 57, 48, 97, 98, 99, 49, 91, 92, 93, 55, 67, 68, 69, 59, 73, 74, 75, 62, 64, 65, 66, 71, 94, 95, 96, 77, 88, 89, 90, 78, 80, 81, 79, 82, 83, 84
75
2, 0, 3, 20, 21, 8, 7, 9, 22, 23, 24, 19, 31, 32, 33, 1, 4, 44, 45, 5, 17, 28, 16, 29, 30, 6, 11, 12, 18, 51, 50, 25, 26, 53, 54, 52, 14, 13, 10, 61, 63, 15, 27, 35, 34, 58, 60, 36, 38, 39, 37, 70, 72, 42, 40, 76, 41, 47, 43, 85, 86, 87, 46, 56, 57, 48, 97, 98, 99, 49, 91, 92, 93, 55, 67, 68, 69, 59, 73, 74, 75, 62, 64, 65, 66, 71, 94, 95, 96, 77, 88, 89, 90, 78, 80, 81, 79, 82, 83, 84
74
2, 0, 3, 20, 21, 8, 7, 9, 22, 23, 24, 19, 31, 32, 33, 1, 4, 44, 45, 5, 17, 28, 16, 29, 30, 6, 11, 12, 18, 51, 50, 25, 26, 53, 54, 52, 14, 13, 10, 61, 63, 15, 27, 35, 34, 58, 60, 36, 38, 39, 37, 70, 72, 42, 40, 76, 41, 47, 43, 85, 86, 87, 46, 56, 57, 48, 97, 98, 99, 49, 91, 92, 93, 55, 67, 68, 69, 59, 73, 74, 75, 62, 64, 65, 66, 71, 94, 95, 96, 77, 88, 89, 90, 78, 80, 81, 79, 82, 83, 84
73
2, 0, 3, 20, 21, 8, 7, 9, 22, 23, 24, 19, 31, 32, 33, 1, 4, 44, 45, 5, 17, 28, 16, 29, 30, 6, 11, 12, 18, 51, 50, 25, 26, 53, 54, 52, 14, 13, 10, 61, 63, 15, 27, 35, 34, 58, 60, 36, 38, 39, 37, 70, 72, 42, 40, 76, 41, 47, 43, 85, 86, 87, 46, 56, 57, 48, 97, 98, 99, 49, 91, 92, 93, 55, 67, 68, 69, 59, 73, 74, 75, 62, 64, 65, 66, 71, 94, 95, 96, 77, 88, 89, 90, 78, 80, 81, 79, 82, 83, 84
72
2, 0, 3, 20, 21, 8, 7, 9, 22, 23, 24, 19, 31, 32, 33, 1, 4, 44, 45, 5, 17, 28, 16, 29, 30, 6, 11, 12, 18, 51, 50, 25, 26, 53, 54, 52, 14, 13, 10, 61, 63, 15, 27, 35, 34, 58, 60, 36, 38, 39, 37, 70, 72, 42, 40, 76, 41, 47, 43, 85, 86, 87, 46, 56, 57, 48, 97, 98, 99, 49, 91, 92, 93, 55, 67, 68, 69, 59, 73, 74, 75, 62, 64, 65, 66, 71, 94, 95, 96, 77, 88, 89, 90, 78, 80, 81, 79, 82, 83, 84
71
2, 0, 3, 20, 21, 8, 7, 9, 22, 23, 24, 19, 31, 32, 33, 1, 4, 44, 45, 5, 17, 28, 16, 29, 30, 6, 11, 12, 18, 51, 50, 25, 26, 53, 54, 52, 14, 13, 10, 61, 63, 15, 27, 35, 34, 58, 60, 36, 38, 39, 37, 70, 72, 42, 40, 76, 41, 47, 43, 85, 86, 87, 46, 56, 57, 48, 97, 98, 99, 49, 91, 92, 93, 55, 67, 68, 69, 59, 73, 74, 75, 62, 64, 65, 66, 71, 94, 95, 96, 77, 88, 89, 90, 78, 80, 81, 79, 82, 83, 84
70
2, 0, 3, 20, 21, 8, 7, 9, 22, 23, 24, 19, 31, 32, 33, 1, 4, 44, 45, 5, 17, 28, 16, 29, 30, 6, 11, 12, 18, 51, 50, 25, 26, 53, 54, 52, 14, 13, 10, 61, 63, 15, 27, 35, 34, 58, 60, 36, 38, 39, 37, 70, 72, 42, 40, 76, 41, 47, 43, 85, 86, 87, 46, 56, 57, 48, 97, 98, 99, 49, 91, 92, 93, 55, 67, 68, 69, 59, 73, 74, 75, 62, 64, 65, 66, 71, 94, 95, 96, 77, 88, 89, 90, 78, 80, 81, 79, 82, 83, 84
69
2, 0, 3, 20, 21, 8, 7, 9, 22, 23, 24, 19, 31, 32, 33, 1, 4, 44, 45, 5, 17, 28, 16, 29, 30, 6, 11, 12, 18, 51, 50, 25, 26, 53, 54, 52, 14, 13, 10, 61, 63, 15, 27, 35, 34, 58, 60, 36, 38, 39, 37, 70, 72, 42, 40, 76, 41, 47, 43, 85, 86, 87, 46, 56, 57, 48, 97, 98, 99, 49, 91, 92, 93, 55, 67, 68, 69, 59, 73, 74, 75, 62, 64, 65, 66, 71, 94, 95, 96, 77, 88, 89, 90, 78, 80, 81, 79, 82, 83, 84
68
2, 0, 3, 20, 21, 8, 7, 9, 22, 23, 24, 19, 31, 32, 33, 1, 4, 44, 45, 5, 17, 28, 16, 29, 30, 6, 11, 12, 18, 51, 50, 25, 26, 53, 54, 52, 14, 13, 10, 61, 63, 15, 27, 35, 34, 58, 60, 36, 38, 39, 37, 70, 72, 42, 40, 76, 41, 47, 43, 85, 86, 87, 46, 56, 57, 48, 97, 98, 99, 49, 91, 92, 93, 55, 67, 68, 69, 59, 73, 74, 75, 62, 64, 65, 66, 71, 94, 95, 96, 77, 88, 89, 90, 78, 80, 81, 79, 82, 83, 84
67
2, 0, 3, 20, 21, 8, 7, 9, 22, 23, 24, 19, 31, 32, 33, 1, 4, 44, 45, 5, 17, 28, 16, 29, 30, 6, 11, 12, 18, 51, 50, 25, 26, 53, 54, 52, 14, 13, 10, 61, 63, 15, 27, 35, 34, 58, 60, 36, 38, 39, 37, 70, 72, 42, 40, 76, 41, 47, 43, 85, 86, 87, 46, 56, 57, 48, 97, 98, 99, 49, 91, 92, 93, 55, 67, 68, 69, 59, 73, 74, 75, 62, 64, 65, 66, 71, 94, 95, 96, 77, 88, 89, 90, 78, 80, 81, 79, 82, 83, 84
66
2, 0, 3, 20, 21, 8, 7, 9, 22, 23, 24, 19, 31, 32, 33, 1, 4, 44, 45, 5, 17, 28, 16, 29, 30, 6, 11, 12, 18, 51, 50, 25, 26, 53, 54, 52, 14, 13, 10, 61, 63, 15, 27, 35, 34, 58, 60, 36, 38, 39, 37, 70, 72, 42, 40, 76, 41, 47, 43, 85, 86, 87, 46, 56, 57, 48, 97, 98, 99, 49, 91, 92, 93, 55, 67, 68, 69, 59, 73, 74, 75, 62, 64, 65, 66, 71, 94, 95, 96, 77, 88, 89, 90, 78, 80, 81, 79, 82, 83, 84
65
2, 0, 3, 20, 21, 8, 7, 9, 22, 23, 24, 19, 31, 32, 33, 1, 4, 44, 45, 5, 17, 28, 16, 29, 30, 6, 11, 12, 18, 51, 50, 25, 26, 53, 54, 52, 14, 13, 10, 61, 63, 15, 27, 35, 34, 58, 60, 36, 38, 39, 37, 70, 72, 42, 40, 76, 41, 47, 43, 85, 86, 87, 46, 56, 57, 48, 97, 98, 99, 49, 91, 92, 93, 55, 67, 68, 69, 59, 73, 74, 75, 62, 64, 65, 66, 71, 94, 95, 96, 77, 88, 89, 90, 78, 80, 81, 79, 82, 83, 84
64
2, 0, 3, 20, 21, 8, 7, 9, 22, 23, 24, 19, 31, 32, 33, 1, 4, 44, 45, 5, 17, 28, 16, 29, 30, 6, 11, 12, 18, 51, 50, 25, 26, 53, 54, 52, 14, 13, 10, 61, 63, 15, 27, 35, 34, 58, 60, 36, 38, 39, 37, 70, 72, 42, 40, 76, 41, 47, 43, 85, 86, 87, 46, 56, 57, 48, 97, 98, 99, 49, 91, 92, 93, 55, 67, 68, 69, 59, 73, 74, 75, 62, 64, 65, 66, 71, 94, 95, 96, 77, 88, 89, 90, 78, 80, 81, 79, 82, 83, 84
63
2, 0, 3, 20, 21, 8, 7, 9, 22, 23, 24, 19, 31, 32, 33, 1, 4, 44, 45, 5, 17, 28, 16, 29, 30, 6, 11, 12, 18, 51, 50, 25, 26, 53, 54, 52, 14, 13, 10, 61, 63, 15, 27, 35, 34, 58, 60, 36, 38, 39, 37, 70, 72, 42, 40, 76, 41, 47, 43, 85, 86, 87, 46, 56, 57, 48, 97, 98, 99, 49, 91, 92, 93, 55, 67, 68, 69, 59, 73, 74, 75, 62, 64, 65, 66, 71, 94, 95, 96, 77, 88, 89, 90, 78, 80, 81, 79, 82, 83, 84
62
2, 0, 3, 20, 21, 8, 7, 9, 22, 23, 24, 19, 31, 32, 33, 1, 4, 44, 45, 5, 17, 28, 16, 29, 30, 6, 11, 12, 18, 51, 50, 25, 26, 53, 54, 52, 14, 13, 10, 61, 63, 15, 27, 35, 34, 58, 60, 36, 38, 39, 37, 70, 72, 42, 40, 76, 41, 47, 43, 85, 86, 87, 46, 56, 57, 48, 97, 98, 99, 49, 91, 92, 93, 55, 67, 68, 69, 59, 73, 74, 75, 62, 64, 65, 66, 71, 94, 95, 96, 77, 88, 89, 90, 78, 80, 81, 79, 82, 83, 84
61
2, 0, 3, 20, 21, 8, 7, 9, 22, 23, 24, 19, 31, 32, 33, 1, 4, 44, 45, 5, 17, 28, 16, 29, 30, 6, 11, 12, 18, 51, 50, 25, 26, 53, 54, 52, 14, 13, 10, 61, 63, 15, 27, 35, 34, 58, 60, 36, 38, 39, 37, 70, 72, 42, 40, 76, 41, 47, 43, 85, 86, 87, 46, 56, 57, 48, 97, 98, 99, 49, 91, 92, 93, 55, 67, 68, 69, 59, 73, 74, 75, 62, 64, 65, 66, 71, 94, 95, 96, 77, 88, 89, 90, 78, 80, 81, 79, 82, 83, 84
60
2, 0, 3, 20, 21, 8, 7, 9, 22, 23, 24, 19, 31, 32, 33, 1, 4, 44, 45, 5, 17, 28, 16, 29, 30, 6, 11, 12, 18, 51, 50, 25, 26, 53, 54, 52, 14, 13, 10, 61, 63, 15, 27, 35, 34, 58, 60, 36, 38, 39, 37, 70, 72, 42, 40, 76, 41, 47, 43, 85, 86, 87, 46, 56, 57, 48, 97, 98, 99, 49, 91, 92, 93, 55, 67, 68, 69, 59, 73, 74, 75, 62, 64, 65, 66, 71, 94, 95, 96, 77, 88, 89, 90, 78, 80, 81, 79, 82, 83, 84
59
2, 0, 3, 20, 21, 8, 7, 9, 22, 23, 24, 19, 31, 32, 33, 1, 4, 44, 45, 5, 17, 28, 16, 29, 30, 6, 11, 12, 18, 51, 50, 25, 26, 53, 54, 52, 14, 13, 10, 61, 63, 15, 27, 35, 34, 58, 60, 36, 38, 39, 37, 70, 72, 42, 40, 76, 41, 47, 43, 85, 86, 87, 46, 56, 57, 48, 97, 98, 99, 49, 91, 92, 93, 55, 67, 68, 69, 59, 73, 74, 75, 62, 64, 65, 66, 71, 94, 95, 96, 77, 88, 89, 90, 78, 80, 81, 79, 82, 83, 84
58
2, 0, 3, 20, 21, 8, 7, 9, 22, 23, 24, 19, 31, 32, 33, 1, 4, 44, 45, 5, 17, 28, 16, 29, 30, 6, 11, 12, 18, 51, 50, 25, 26, 53, 54, 52, 14, 13, 10, 61, 63, 15, 27, 35, 34, 58, 60, 36, 38, 39, 37, 70, 72, 42, 40, 76, 41, 47, 43, 85, 86, 87, 46, 56, 57, 48, 97, 98, 99, 49, 91, 92, 93, 55, 67, 68, 69, 59, 73, 74, 75, 62, 64, 65, 66, 71, 94, 95, 96, 77, 88, 89, 90, 78, 80, 81, 79, 82, 83, 84
57
2, 0, 3, 20, 21, 8, 7, 9, 22, 23, 24, 19, 31, 32, 33, 1, 4, 44, 45, 5, 17, 28, 16, 29, 30, 6, 11, 12, 18, 51, 50, 25, 26, 53, 54, 52, 14, 13, 10, 61, 63, 15, 27, 35, 34, 58, 60, 36, 38, 39, 37, 70, 72, 42, 40, 76, 41, 47, 43, 85, 86, 87, 46, 56, 57, 48, 97, 98, 99, 49, 91, 92, 93, 55, 67, 68, 69, 59, 73, 74, 75, 62, 64, 65, 66, 71, 94, 95, 96, 77, 88, 89, 90, 78, 80, 81, 79, 82, 83, 84
56
2, 0, 3, 20, 21, 8, 7, 9, 22, 23, 24, 19, 31, 32, 33, 1, 4, 44, 45, 5, 17, 28, 16, 29, 30, 6, 11, 12, 18, 51, 50, 25, 26, 53, 54, 52, 14, 13, 10, 61, 63, 15, 27, 35, 34, 58, 60, 36, 38, 39, 37, 70, 72, 42, 40, 76, 41, 47, 43, 85, 86, 87, 46, 56, 57, 48, 97, 98, 99, 49, 91, 92, 93, 55, 67, 68, 69, 59, 73, 74, 75, 62, 64, 65, 66, 71, 94, 95, 96, 77, 88, 89, 90, 78, 80, 81, 79, 82, 83, 84
55
2, 0, 3, 20, 21, 8, 7, 9, 22, 23, 24, 19, 31, 32, 33, 1, 4, 44, 45, 5, 17, 28, 16, 29, 30, 6, 11, 12, 18, 51, 50, 25, 26, 53, 54, 52, 14, 13, 10, 61, 63, 15, 27, 35, 34, 58, 60, 36, 38, 39, 37, 70, 72, 42, 40, 76, 41, 47, 43, 85, 86, 87, 46, 56, 57, 48, 97, 98, 99, 49, 91, 92, 93, 55, 67, 68, 69, 59, 73, 74, 75, 62, 64, 65, 66, 71, 94, 95, 96, 77, 88, 89, 90, 78, 80, 81, 79, 82, 83, 84
54
2, 0, 3, 20, 21, 8, 7, 9, 22, 23, 24, 19, 31, 32, 33, 1, 4, 44, 45, 5, 17, 28, 16, 29, 30, 6, 11, 12, 18, 51, 50, 25, 26, 53, 54, 52, 14, 13, 10, 61, 63, 15, 27, 35, 34, 58, 60, 36, 38, 39, 37, 70, 72, 42, 40, 76, 41, 47, 43, 85, 86, 87, 46, 56, 57, 48, 97, 98, 99, 49, 91, 92, 93, 55, 67, 68, 69, 59, 73, 74, 75, 62, 64, 65, 66, 71, 94, 95, 96, 77, 88, 89, 90, 78, 80, 81, 79, 82, 83, 84
53
2, 0, 3, 20, 21, 8, 7, 9, 22, 23, 24, 19, 31, 32, 33, 1, 4, 44, 45, 5, 17, 28, 16, 29, 30, 6, 11, 12, 18, 51, 50, 25, 26, 53, 54, 52, 14, 13, 10, 61, 63, 15, 27, 35, 34, 58, 60, 36, 38, 39, 37, 70, 72, 42, 40, 76, 41, 47, 43, 85, 86, 87, 46, 56, 57, 48, 97, 98, 99, 49, 91, 92, 93, 55, 67, 68, 69, 59, 73, 74, 75, 62, 64, 65, 66, 71, 94, 95, 96, 77, 88, 89, 90, 78, 80, 81, 79, 82, 83, 84
52
2, 0, 3, 20, 21, 8, 7, 9, 22, 23, 24, 19, 31, 32, 33, 1, 4, 44, 45, 5, 17, 28, 16, 29, 30, 6, 11, 12, 18, 51, 50, 25, 26, 53, 54, 52, 14, 13, 10, 61, 63, 15, 27, 35, 34, 58, 60, 36, 38, 39, 37, 70, 72, 42, 40, 76, 41, 47, 43, 85, 86, 87, 46, 56, 57, 48, 97, 98, 99, 49, 91, 92, 93, 55, 67, 68, 69, 59, 73, 74, 75, 62, 64, 65, 66, 71, 94, 95, 96, 77, 88, 89, 90, 78, 80, 81, 79, 82, 83, 84
51
2, 0, 3, 20, 21, 8, 7, 9, 22, 23, 24, 19, 31, 32, 33, 1, 4, 44, 45, 5, 17, 28, 16, 29, 30, 6, 11, 12, 18, 51, 50, 25, 26, 53, 54, 52, 14, 13, 10, 61, 63, 15, 27, 35, 34, 58, 60, 36, 38, 39, 37, 70, 72, 42, 40, 76, 41, 47, 43, 85, 86, 87, 46, 56, 57, 48, 97, 98, 99, 49, 91, 92, 93, 55, 67, 68, 69, 59, 73, 74, 75, 62, 64, 65, 66, 71, 94, 95, 96, 77, 88, 89, 90, 78, 80, 81, 79, 82, 83, 84
50
2, 0, 3, 20, 21, 8, 7, 9, 22, 23, 24, 19, 31, 32, 33, 1, 4, 44, 45, 5, 17, 28, 16, 29, 30, 6, 11, 12, 18, 51, 50, 25, 26, 53, 54, 52, 14, 13, 10, 61, 63, 15, 27, 35, 34, 58, 60, 36, 38, 39, 37, 70, 72, 42, 40, 76, 41, 47, 43, 85, 86, 87, 46, 56, 57, 48, 97, 98, 99, 49, 91, 92, 93, 55, 67, 68, 69, 59, 73, 74, 75, 62, 64, 65, 66, 71, 94, 95, 96, 77, 88, 89, 90, 78, 80, 81, 79, 82, 83, 84
49
2, 0, 3, 20, 21, 8, 7, 9, 22, 23, 24, 19, 31, 32, 33, 1, 4, 44, 45, 5, 17, 28, 16, 29, 30, 6, 11, 12, 18, 51, 50, 25, 26, 53, 54, 52, 14, 13, 10, 61, 63, 15, 27, 35, 34, 58, 60, 36, 38, 39, 37, 70, 72, 42, 40, 76, 41, 47, 43, 85, 86, 87, 46, 56, 57, 48, 97, 98, 99, 49, 91, 92, 93, 55, 67, 68, 69, 59, 73, 74, 75, 62, 64, 65, 66, 71, 94, 95, 96, 77, 88, 89, 90, 78, 80, 81, 79, 82, 83, 84
48
2, 0, 3, 20, 21, 8, 7, 9, 22, 23, 24, 19, 31, 32, 33, 1, 4, 44, 45, 5, 17, 28, 16, 29, 30, 6, 11, 12, 18, 51, 50, 25, 26, 53, 54, 52, 14, 13, 10, 61, 63, 15, 27, 35, 34, 58, 60, 36, 38, 39, 37, 70, 72, 42, 40, 76, 41, 47, 43, 85, 86, 87, 46, 56, 57, 48, 97, 98, 99, 49, 91, 92, 93, 55, 67, 68, 69, 59, 73, 74, 75, 62, 64, 65, 66, 71, 94, 95, 96, 77, 88, 89, 90, 78, 80, 81, 79, 82, 83, 84
47
2, 0, 3, 20, 21, 8, 7, 9, 22, 23, 24, 19, 31, 32, 33, 1, 4, 44, 45, 5, 17, 28, 16, 29, 30, 6, 11, 12, 18, 51, 50, 25, 26, 53, 54, 52, 14, 13, 10, 61, 63, 15, 27, 35, 34, 58, 60, 36, 38, 39, 37, 70, 72, 42, 40, 76, 41, 47, 43, 85, 86, 87, 46, 56, 57, 48, 97, 98, 99, 49, 91, 92, 93, 55, 67, 68, 69, 59, 73, 74, 75, 62, 64, 65, 66, 71, 94, 95, 96, 77, 88, 89, 90, 78, 80, 81, 79, 82, 83, 84
46
2, 0, 3, 20, 21, 8, 7, 9, 22, 23, 24, 19, 31, 32, 33, 1, 4, 44, 45, 5, 17, 28, 16, 29, 30, 6, 11, 12, 18, 51, 50, 25, 26, 53, 54, 52, 14, 13, 10, 61, 63, 15, 27, 35, 34, 58, 60, 36, 38, 39, 37, 70, 72, 42, 40, 76, 41, 47, 43, 85, 86, 87, 46, 56, 57, 48, 97, 98, 99, 49, 91, 92, 93, 55, 67, 68, 69, 59, 73, 74, 75, 62, 64, 65, 66, 71, 94, 95, 96, 77, 88, 89, 90, 78, 80, 81, 79, 82, 83, 84
45
2, 0, 3, 20, 21, 8, 7, 9, 22, 23, 24, 19, 31, 32, 33, 1, 4, 44, 45, 5, 17, 28, 16, 29, 30, 6, 11, 12, 18, 51, 50, 25, 26, 53, 54, 52, 14, 13, 10, 61, 63, 15, 27, 35, 34, 58, 60, 36, 38, 39, 37, 70, 72, 42, 40, 76, 41, 47, 43, 85, 86, 87, 46, 56, 57, 48, 97, 98, 99, 49, 91, 92, 93, 55, 67, 68, 69, 59, 73, 74, 75, 62, 64, 65, 66, 71, 94, 95, 96, 77, 88, 89, 90, 78, 80, 81, 79, 82, 83, 84
44
2, 0, 3, 20, 21, 8, 7, 9, 22, 23, 24, 19, 31, 32, 33, 1, 4, 44, 45, 5, 17, 28, 16, 29, 30, 6, 11, 12, 18, 51, 50, 25, 26, 53, 54, 52, 14, 13, 10, 61, 63, 15, 27, 35, 34, 58, 60, 36, 38, 39, 37, 70, 72, 42, 40, 76, 41, 47, 43, 85, 86, 87, 46, 56, 57, 48, 97, 98, 99, 49, 91, 92, 93, 55, 67, 68, 69, 59, 73, 74, 75, 62, 64, 65, 66, 71, 94, 95, 96, 77, 88, 89, 90, 78, 80, 81, 79, 82, 83, 84
43
2, 0, 3, 20, 21, 8, 7, 9, 22, 23, 24, 19, 31, 32, 33, 1, 4, 44, 45, 5, 17, 28, 16, 29, 30, 6, 11, 12, 18, 51, 50, 25, 26, 53, 54, 52, 14, 13, 10, 61, 63, 15, 27, 35, 34, 58, 60, 36, 38, 39, 37, 70, 72, 42, 40, 76, 41, 47, 43, 85, 86, 87, 46, 56, 57, 48, 97, 98, 99, 49, 91, 92, 93, 55, 67, 68, 69, 59, 73, 74, 75, 62, 64, 65, 66, 71, 94, 95, 96, 77, 88, 89, 90, 78, 80, 81, 79, 82, 83, 84
42
2, 0, 3, 20, 21, 8, 7, 9, 22, 23, 24, 19, 31, 32, 33, 1, 4, 44, 45, 5, 17, 28, 16, 29, 30, 6, 11, 12, 18, 51, 50, 25, 26, 53, 54, 52, 14, 13, 10, 61, 63, 15, 27, 35, 34, 58, 60, 36, 38, 39, 37, 70, 72, 42, 40, 76, 41, 47, 43, 85, 86, 87, 46, 56, 57, 48, 97, 98, 99, 49, 91, 92, 93, 55, 67, 68, 69, 59, 73, 74, 75, 62, 64, 65, 66, 71, 94, 95, 96, 77, 88, 89, 90, 78, 80, 81, 79, 82, 83, 84
41
2, 0, 3, 20, 21, 8, 7, 9, 22, 23, 24, 19, 31, 32, 33, 1, 4, 44, 45, 5, 17, 28, 16, 29, 30, 6, 11, 12, 18, 51, 50, 25, 26, 53, 54, 52, 14, 13, 10, 61, 63, 15, 27, 35, 34, 58, 60, 36, 38, 39, 37, 70, 72, 42, 40, 76, 41, 47, 43, 85, 86, 87, 46, 56, 57, 48, 97, 98, 99, 49, 91, 92, 93, 55, 67, 68, 69, 59, 73, 74, 75, 62, 64, 65, 66, 71, 94, 95, 96, 77, 88, 89, 90, 78, 80, 81, 79, 82, 83, 84
40
2, 0, 3, 20, 21, 8, 7, 9, 22, 23, 24, 19, 31, 32, 33, 1, 4, 44, 45, 5, 17, 28, 16, 29, 30, 6, 11, 12, 18, 51, 50, 25, 26, 53, 54, 52, 14, 13, 10, 61, 63, 15, 27, 35, 34, 58, 60, 36, 38, 39, 37, 70, 72, 42, 40, 76, 41, 47, 43, 85, 86, 87, 46, 56, 57, 48, 97, 98, 99, 49, 91, 92, 93, 55, 67, 68, 69, 59, 73, 74, 75, 62, 64, 65, 66, 71, 94, 95, 96, 77, 88, 89, 90, 78, 80, 81, 79, 82, 83, 84
39
2, 0, 3, 20, 21, 8, 7, 9, 22, 23, 24, 19, 31, 32, 33, 1, 4, 44, 45, 5, 17, 28, 16, 29, 30, 6, 11, 12, 18, 51, 50, 25, 26, 53, 54, 52, 14, 13, 10, 61, 63, 15, 27, 35, 34, 58, 60, 36, 38, 39, 37, 70, 72, 42, 40, 76, 41, 47, 43, 85, 86, 87, 46, 56, 57, 48, 97, 98, 99, 49, 91, 92, 93, 55, 67, 68, 69, 59, 73, 74, 75, 62, 64, 65, 66, 71, 94, 95, 96, 77, 88, 89, 90, 78, 80, 81, 79, 82, 83, 84
38
2, 0, 3, 20, 21, 8, 7, 9, 22, 23, 24, 19, 31, 32, 33, 1, 4, 44, 45, 5, 17, 28, 16, 29, 30, 6, 11, 12, 18, 51, 50, 25, 26, 53, 54, 52, 14, 13, 10, 61, 63, 15, 27, 35, 34, 58, 60, 36, 38, 39, 37, 70, 72, 42, 40, 76, 41, 47, 43, 85, 86, 87, 46, 56, 57, 48, 97, 98, 99, 49, 91, 92, 93, 55, 67, 68, 69, 59, 73, 74, 75, 62, 64, 65, 66, 71, 94, 95, 96, 77, 88, 89, 90, 78, 80, 81, 79, 82, 83, 84
37
2, 0, 3, 20, 21, 8, 7, 9, 22, 23, 24, 19, 31, 32, 33, 1, 4, 44, 45, 5, 17, 28, 16, 29, 30, 6, 11, 12, 18, 51, 50, 25, 26, 53, 54, 52, 14, 13, 10, 61, 63, 15, 27, 35, 34, 58, 60, 36, 38, 39, 37, 70, 72, 42, 40, 76, 41, 47, 43, 85, 86, 87, 46, 56, 57, 48, 97, 98, 99, 49, 91, 92, 93, 55, 67, 68, 69, 59, 73, 74, 75, 62, 64, 65, 66, 71, 94, 95, 96, 77, 88, 89, 90, 78, 80, 81, 79, 82, 83, 84
36
2, 0, 3, 20, 21, 8, 7, 9, 22, 23, 24, 19, 31, 32, 33, 1, 4, 44, 45, 5, 17, 28, 16, 29, 30, 6, 11, 12, 18, 51, 50, 25, 26, 53, 54, 52, 14, 13, 10, 61, 63, 15, 27, 35, 34, 58, 60, 36, 38, 39, 37, 70, 72, 42, 40, 76, 41, 47, 43, 85, 86, 87, 46, 56, 57, 48, 97, 98, 99, 49, 91, 92, 93, 55, 67, 68, 69, 59, 73, 74, 75, 62, 64, 65, 66, 71, 94, 95, 96, 77, 88, 89, 90, 78, 80, 81, 79, 82, 83, 84
35
2, 0, 3, 20, 21, 8, 7, 9, 22, 23, 24, 19, 31, 32, 33, 1, 4, 44, 45, 5, 17, 28, 16, 29, 30, 6, 11, 12, 18, 51, 50, 25, 26, 53, 54, 52, 14, 13, 10, 61, 63, 15, 27, 35, 34, 58, 60, 36, 38, 39, 37, 70, 72, 42, 40, 76, 41, 47, 43, 85, 86, 87, 46, 56, 57, 48, 97, 98, 99, 49, 91, 92, 93, 55, 67, 68, 69, 59, 73, 74, 75, 62, 64, 65, 66, 71, 94, 95, 96, 77, 88, 89, 90, 78, 80, 81, 79, 82, 83, 84
34
2, 0, 3, 20, 21, 8, 7, 9, 22, 23, 24, 19, 31, 32, 33, 1, 4, 44, 45, 5, 17, 28, 16, 29, 30, 6, 11, 12, 18, 51, 50, 25, 26, 53, 54, 52, 14, 13, 10, 61, 63, 15, 27, 35, 34, 58, 60, 36, 38, 39, 37, 70, 72, 42, 40, 76, 41, 47, 43, 85, 86, 87, 46, 56, 57, 48, 97, 98, 99, 49, 91, 92, 93, 55, 67, 68, 69, 59, 73, 74, 75, 62, 64, 65, 66, 71, 94, 95, 96, 77, 88, 89, 90, 78, 80, 81, 79, 82, 83, 84
33
2, 0, 3, 20, 21, 8, 7, 9, 22, 23, 24, 19, 31, 32, 33, 1, 4, 44, 45, 5, 17, 28, 16, 29, 30, 6, 11, 12, 18, 51, 50, 25, 26, 53, 54, 52, 14, 13, 10, 61, 63, 15, 27, 35, 34, 58, 60, 36, 38, 39, 37, 70, 72, 42, 40, 76, 41, 47, 43, 85, 86, 87, 46, 56, 57, 48, 97, 98, 99, 49, 91, 92, 93, 55, 67, 68, 69, 59, 73, 74, 75, 62, 64, 65, 66, 71, 94, 95, 96, 77, 88, 89, 90, 78, 80, 81, 79, 82, 83, 84
32
2, 0, 3, 20, 21, 8, 7, 9, 22, 23, 24, 19, 31, 32, 33, 1, 4, 44, 45, 5, 17, 28, 16, 29, 30, 6, 11, 12, 18, 51, 50, 25, 26, 53, 54, 52, 14, 13, 10, 61, 63, 15, 27, 35, 34, 58, 60, 36, 38, 39, 37, 70, 72, 42, 40, 76, 41, 47, 43, 85, 86, 87, 46, 56, 57, 48, 97, 98, 99, 49, 91, 92, 93, 55, 67, 68, 69, 59, 73, 74, 75, 62, 64, 65, 66, 71, 94, 95, 96, 77, 88, 89, 90, 78, 80, 81, 79, 82, 83, 84
31
2, 0, 3, 20, 21, 8, 7, 9, 22, 23, 24, 19, 31, 32, 33, 1, 4, 44, 45, 5, 17, 28, 16, 29, 30, 6, 11, 12, 18, 51, 50, 25, 26, 53, 54, 52, 14, 13, 10, 61, 63, 15, 27, 35, 34, 58, 60, 36, 38, 39, 37, 70, 72, 42, 40, 76, 41, 47, 43, 85, 86, 87, 46, 56, 57, 48, 97, 98, 99, 49, 91, 92, 93, 55, 67, 68, 69, 59, 73, 74, 75, 62, 64, 65, 66, 71, 94, 95, 96, 77, 88, 89, 90, 78, 80, 81, 79, 82, 83, 84
30
2, 0, 3, 20, 21, 8, 7, 9, 22, 23, 24, 19, 31, 32, 33, 1, 4, 44, 45, 5, 17, 28, 16, 29, 30, 6, 11, 12, 18, 51, 50, 25, 26, 53, 54, 52, 14, 13, 10, 61, 63, 15, 27, 35, 34, 58, 60, 36, 38, 39, 37, 70, 72, 42, 40, 76, 41, 47, 43, 85, 86, 87, 46, 56, 57, 48, 97, 98, 99, 49, 91, 92, 93, 55, 67, 68, 69, 59, 73, 74, 75, 62, 64, 65, 66, 71, 94, 95, 96, 77, 88, 89, 90, 78, 80, 81, 79, 82, 83, 84
29
2, 0, 3, 20, 21, 8, 7, 9, 22, 23, 24, 19, 31, 32, 33, 1, 4, 44, 45, 5, 17, 28, 16, 29, 30, 6, 11, 12, 18, 51, 50, 25, 26, 53, 54, 52, 14, 13, 10, 61, 63, 15, 27, 35, 34, 58, 60, 36, 38, 39, 37, 70, 72, 42, 40, 76, 41, 47, 43, 85, 86, 87, 46, 56, 57, 48, 97, 98, 99, 49, 91, 92, 93, 55, 67, 68, 69, 59, 73, 74, 75, 62, 64, 65, 66, 71, 94, 95, 96, 77, 88, 89, 90, 78, 80, 81, 79, 82, 83, 84
28
2, 0, 3, 20, 21, 8, 7, 9, 22, 23, 24, 19, 31, 32, 33, 1, 4, 44, 45, 5, 17, 28, 16, 29, 30, 6, 11, 12, 18, 51, 50, 25, 26, 53, 54, 52, 14, 13, 10, 61, 63, 15, 27, 35, 34, 58, 60, 36, 38, 39, 37, 70, 72, 42, 40, 76, 41, 47, 43, 85, 86, 87, 46, 56, 57, 48, 97, 98, 99, 49, 91, 92, 93, 55, 67, 68, 69, 59, 73, 74, 75, 62, 64, 65, 66, 71, 94, 95, 96, 77, 88, 89, 90, 78, 80, 81, 79, 82, 83, 84
27
2, 0, 3, 20, 21, 8, 7, 9, 22, 23, 24, 19, 31, 32, 33, 1, 4, 44, 45, 5, 17, 28, 16, 29, 30, 6, 11, 12, 18, 51, 50, 25, 26, 53, 54, 52, 14, 13, 10, 61, 63, 15, 27, 35, 34, 58, 60, 36, 38, 39, 37, 70, 72, 42, 40, 76, 41, 47, 43, 85, 86, 87, 46, 56, 57, 48, 97, 98, 99, 49, 91, 92, 93, 55, 67, 68, 69, 59, 73, 74, 75, 62, 64, 65, 66, 71, 94, 95, 96, 77, 88, 89, 90, 78, 80, 81, 79, 82, 83, 84
26
2, 0, 3, 20, 21, 8, 7, 9, 22, 23, 24, 19, 31, 32, 33, 1, 4, 44, 45, 5, 17, 28, 16, 29, 30, 6, 11, 12, 18, 51, 50, 25, 26, 53, 54, 52, 14, 13, 10, 61, 63, 15, 27, 35, 34, 58, 60, 36, 38, 39, 37, 70, 72, 42, 40, 76, 41, 47, 43, 85, 86, 87, 46, 56, 57, 48, 97, 98, 99, 49, 91, 92, 93, 55, 67, 68, 69, 59, 73, 74, 75, 62, 64, 65, 66, 71, 94, 95, 96, 77, 88, 89, 90, 78, 80, 81, 79, 82, 83, 84
25
2, 0, 3, 20, 21, 8, 7, 9, 22, 23, 24, 19, 31, 32, 33, 1, 4, 44, 45, 5, 17, 28, 16, 29, 30, 6, 11, 12, 18, 51, 50, 25, 26, 53, 54, 52, 14, 13, 10, 61, 63, 15, 27, 35, 34, 58, 60, 36, 38, 39, 37, 70, 72, 42, 40, 76, 41, 47, 43, 85, 86, 87, 46, 56, 57, 48, 97, 98, 99, 49, 91, 92, 93, 55, 67, 68, 69, 59, 73, 74, 75, 62, 64, 65, 66, 71, 94, 95, 96, 77, 88, 89, 90, 78, 80, 81, 79, 82, 83, 84
24
2, 0, 3, 20, 21, 8, 7, 9, 22, 23, 24, 19, 31, 32, 33, 1, 4, 44, 45, 5, 17, 28, 16, 29, 30, 6, 11, 12, 18, 51, 50, 25, 26, 53, 54, 52, 14, 13, 10, 61, 63, 15, 27, 35, 34, 58, 60, 36, 38, 39, 37, 70, 72, 42, 40, 76, 41, 47, 43, 85, 86, 87, 46, 56, 57, 48, 97, 98, 99, 49, 91, 92, 93, 55, 67, 68, 69, 59, 73, 74, 75, 62, 64, 65, 66, 71, 94, 95, 96, 77, 88, 89, 90, 78, 80, 81, 79, 82, 83, 84
23
2, 0, 3, 20, 21, 8, 7, 9, 22, 23, 24, 19, 31, 32, 33, 1, 4, 44, 45, 5, 17, 28, 16, 29, 30, 6, 11, 12, 18, 51, 50, 25, 26, 53, 54, 52, 14, 13, 10, 61, 63, 15, 27, 35, 34, 58, 60, 36, 38, 39, 37, 70, 72, 42, 40, 76, 41, 47, 43, 85, 86, 87, 46, 56, 57, 48, 97, 98, 99, 49, 91, 92, 93, 55, 67, 68, 69, 59, 73, 74, 75, 62, 64, 65, 66, 71, 94, 95, 96, 77, 88, 89, 90, 78, 80, 81, 79, 82, 83, 84
22
2, 0, 3, 20, 21, 8, 7, 9, 22, 23, 24, 19, 31, 32, 33, 1, 4, 44, 45, 5, 17, 28, 16, 29, 30, 6, 11, 12, 18, 51, 50, 25, 26, 53, 54, 52, 14, 13, 10, 61, 63, 15, 27, 35, 34, 58, 60, 36, 38, 39, 37, 70, 72, 42, 40, 76, 41, 47, 43, 85, 86, 87, 46, 56, 57, 48, 97, 98, 99, 49, 91, 92, 93, 55, 67, 68, 69, 59, 73, 74, 75, 62, 64, 65, 66, 71, 94, 95, 96, 77, 88, 89, 90, 78, 80, 81, 79, 82, 83, 84
21
2, 0, 3, 20, 21, 8, 7, 9, 22, 23, 24, 19, 31, 32, 33, 1, 4, 44, 45, 5, 17, 28, 16, 29, 30, 6, 11, 12, 18, 51, 50, 25, 26, 53, 54, 52, 14, 13, 10, 61, 63, 15, 27, 35, 34, 58, 60, 36, 38, 39, 37, 70, 72, 42, 40, 76, 41, 47, 43, 85, 86, 87, 46, 56, 57, 48, 97, 98, 99, 49, 91, 92, 93, 55, 67, 68, 69, 59, 73, 74, 75, 62, 64, 65, 66, 71, 94, 95, 96, 77, 88, 89, 90, 78, 80, 81, 79, 82, 83, 84
20
2, 0, 3, 20, 21, 8, 7, 9, 22, 23, 24, 19, 31, 32, 33, 1, 4, 44, 45, 5, 17, 28, 16, 29, 30, 6, 11, 12, 18, 51, 50, 25, 26, 53, 54, 52, 14, 13, 10, 61, 63, 15, 27, 35, 34, 58, 60, 36, 38, 39, 37, 70, 72, 42, 40, 76, 41, 47, 43, 85, 86, 87, 46, 56, 57, 48, 97, 98, 99, 49, 91, 92, 93, 55, 67, 68, 69, 59, 73, 74, 75, 62, 64, 65, 66, 71, 94, 95, 96, 77, 88, 89, 90, 78, 80, 81, 79, 82, 83, 84
19
2, 0, 3, 20, 21, 8, 7, 9, 22, 23, 24, 19, 31, 32, 33, 1, 4, 44, 45, 5, 17, 28, 16, 29, 30, 6, 11, 12, 18, 51, 50, 25, 26, 53, 54, 52, 14, 13, 10, 61, 63, 15, 27, 35, 34, 58, 60, 36, 38, 39, 37, 70, 72, 42, 40, 76, 41, 47, 43, 85, 86, 87, 46, 56, 57, 48, 97, 98, 99, 49, 91, 92, 93, 55, 67, 68, 69, 59, 73, 74, 75, 62, 64, 65, 66, 71, 94, 95, 96, 77, 88, 89, 90, 78, 80, 81, 79, 82, 83, 84
18
2, 0, 3, 20, 21, 8, 7, 9, 22, 23, 24, 19, 31, 32, 33, 1, 4, 44, 45, 5, 17, 28, 16, 29, 30, 6, 11, 12, 18, 51, 50, 25, 26, 53, 54, 52, 14, 13, 10, 61, 63, 15, 27, 35, 34, 58, 60, 36, 38, 39, 37, 70, 72, 42, 40, 76, 41, 47, 43, 85, 86, 87, 46, 56, 57, 48, 97, 98, 99, 49, 91, 92, 93, 55, 67, 68, 69, 59, 73, 74, 75, 62, 64, 65, 66, 71, 94, 95, 96, 77, 88, 89, 90, 78, 80, 81, 79, 82, 83, 84
17
2, 0, 3, 20, 21, 8, 7, 9, 22, 23, 24, 19, 31, 32, 33, 1, 4, 44, 45, 5, 17, 28, 16, 29, 30, 6, 11, 12, 18, 51, 50, 25, 26, 53, 54, 52, 14, 13, 10, 61, 63, 15, 27, 35, 34, 58, 60, 36, 38, 39, 37, 70, 72, 42, 40, 76, 41, 47, 43, 85, 86, 87, 46, 56, 57, 48, 97, 98, 99, 49, 91, 92, 93, 55, 67, 68, 69, 59, 73, 74, 75, 62, 64, 65, 66, 71, 94, 95, 96, 77, 88, 89, 90, 78, 80, 81, 79, 82, 83, 84
16
2, 0, 3, 20, 21, 8, 7, 9, 22, 23, 24, 19, 31, 32, 33, 1, 4, 44, 45, 5, 17, 28, 16, 29, 30, 6, 11, 12, 18, 51, 50, 25, 26, 53, 54, 52, 14, 13, 10, 61, 63, 15, 27, 35, 34, 58, 60, 36, 38, 39, 37, 70, 72, 42, 40, 76, 41, 47, 43, 85, 86, 87, 46, 56, 57, 48, 97, 98, 99, 49, 91, 92, 93, 55, 67, 68, 69, 59, 73, 74, 75, 62, 64, 65, 66, 71, 94, 95, 96, 77, 88, 89, 90, 78, 80, 81, 79, 82, 83, 84
15
2, 0, 3, 20, 21, 8, 7, 9, 22, 23, 24, 19, 31, 32, 33, 1, 4, 44, 45, 5, 17, 28, 16, 29, 30, 6, 11, 12, 18, 51, 50, 25, 26, 53, 54, 52, 14, 13, 10, 61, 63, 15, 27, 35, 34, 58, 60, 36, 38, 39, 37, 70, 72, 42, 41, 47, 43, 85, 86, 87, 40, 76, 46, 56, 57, 48, 97, 98, 99, 49, 91, 92, 93, 55, 67, 68, 69, 59, 73, 74, 75, 62, 64, 65, 66, 71, 94, 95, 96, 77, 88, 89, 90, 78, 80, 81, 79, 82, 83, 84
14
2, 0, 3, 20, 21, 8, 7, 9, 22, 23, 24, 19, 31, 32, 33, 1, 4, 44, 45, 5, 17, 28, 16, 29, 30, 6, 11, 12, 18, 51, 50, 25, 26, 53, 54, 52, 14, 13, 10, 61, 63, 15, 27, 35, 34, 58, 60, 36, 38, 39, 37, 70, 72, 43, 85, 86, 87, 42, 41, 47, 40, 76, 48, 98, 97, 99, 46, 56, 57, 49, 91, 92, 93, 55, 67, 68, 69, 59, 73, 74, 75, 62, 64, 65, 66, 71, 94, 95, 96, 77, 88, 89, 90, 78, 80, 81, 79, 82, 83, 84
13
2, 0, 3, 20, 21, 8, 7, 9, 22, 23, 24, 19, 31, 32, 33, 1, 4, 44, 45, 5, 17, 28, 16, 29, 30, 6, 11, 12, 18, 51, 50, 25, 26, 53, 54, 52, 14, 13, 10, 61, 63, 15, 27, 43, 85, 86, 87, 35, 34, 58, 60, 36, 38, 39, 37, 70, 72, 42, 41, 47, 48, 98, 97, 99, 46, 56, 57, 49, 91, 92, 93, 40, 76, 55, 67, 68, 69, 59, 73, 74, 75, 62, 64, 65, 66, 71, 94, 95, 96, 77, 88, 89, 90, 78, 80, 81, 79, 82, 83, 84
12
2, 0, 3, 20, 21, 8, 7, 9, 22, 23, 24, 19, 31, 32, 33, 1, 4, 44, 45, 5, 17, 28, 16, 29, 30, 6, 11, 12, 18, 51, 50, 25, 26, 53, 54, 52, 14, 13, 10, 61, 63, 15, 43, 85, 86, 87, 27, 35, 34, 58, 60, 36, 38, 39, 37, 70, 72, 49, 91, 92, 93, 42, 41, 47, 48, 98, 97, 99, 46, 56, 57, 40, 76, 55, 67, 68, 69, 59, 73, 74, 75, 62, 64, 65, 66, 71, 94, 95, 96, 77, 88, 89, 90, 78, 80, 81, 79, 82, 83, 84
11
2, 0, 3, 20, 21, 8, 7, 9, 22, 23, 24, 19, 31, 32, 33, 1, 4, 44, 45, 5, 17, 28, 16, 29, 30, 6, 11, 12, 18, 51, 50, 25, 26, 53, 54, 52, 14, 13, 10, 61, 63, 43, 85, 86, 87, 15, 27, 49, 91, 92, 93, 35, 34, 58, 60, 36, 38, 39, 37, 70, 72, 42, 41, 47, 48, 98, 97, 99, 46, 56, 57, 55, 67, 68, 69, 40, 76, 59, 73, 74, 75, 62, 64, 65, 66, 71, 94, 95, 96, 77, 88, 89, 90, 78, 80, 81, 79, 82, 83, 84
10
2, 0, 3, 20, 21, 8, 7, 9, 22, 23, 24, 19, 31, 32, 33, 1, 4, 44, 45, 5, 17, 28, 16, 29, 30, 6, 11, 12, 18, 51, 50, 25, 26, 53, 54, 52, 61, 63, 43, 85, 86, 87, 14, 13, 10, 15, 49, 91, 92, 93, 27, 35, 34, 58, 60, 36, 38, 39, 37, 70, 72, 59, 73, 74, 75, 42, 41, 47, 48, 98, 97, 99, 46, 56, 57, 55, 67, 68, 69, 40, 76, 62, 64, 65, 66, 71, 94, 95, 96, 77, 88, 89, 90, 78, 80, 81, 79, 82, 83, 84
9
2, 0, 3, 20, 21, 8, 7, 9, 22, 23, 24, 19, 31, 32, 33, 1, 4, 44, 45, 5, 17, 28, 16, 29, 30, 6, 11, 12, 18, 51, 50, 61, 63, 43, 85, 86, 87, 25, 26, 53, 54, 52, 14, 13, 10, 49, 91, 92, 93, 15, 27, 62, 64, 65, 66, 35, 34, 58, 60, 36, 38, 39, 37, 70, 72, 59, 73, 74, 75, 42, 41, 47, 48, 98, 97, 99, 46, 56, 57, 55, 67, 68, 69, 40, 76, 71, 94, 95, 96, 77, 88, 89, 90, 78, 80, 81, 79, 82, 83, 84
8
2, 0, 3, 20, 21, 8, 7, 9, 22, 23, 24, 19, 31, 32, 33, 1, 4, 44, 45, 5, 17, 28, 16, 29, 30, 6, 11, 18, 51, 50, 43, 85, 86, 87, 12, 61, 63, 25, 26, 53, 54, 52, 49, 91, 92, 93, 14, 13, 10, 15, 62, 64, 65, 66, 27, 35, 34, 58, 60, 36, 38, 39, 37, 70, 72, 59, 73, 74, 75, 42, 41, 47, 48, 98, 97, 99, 46, 56, 57, 55, 67, 68, 69, 40, 76, 71, 94, 95, 96, 77, 88, 89, 90, 78, 80, 81, 79, 82, 83, 84
7
2, 0, 3, 20, 21, 8, 7, 9, 22, 23, 24, 19, 31, 32, 33, 1, 4, 44, 45, 5, 43, 85, 86, 87, 17, 28, 16, 29, 30, 6, 11, 18, 51, 50, 12, 61, 63, 49, 91, 92, 93, 25, 26, 53, 54, 52, 14, 13, 10, 62, 64, 65, 66, 15, 42, 41, 47, 48, 98, 97, 99, 46, 56, 57, 55, 67, 68, 69, 27, 35, 34, 58, 60, 36, 38, 39, 37, 70, 72, 59, 73, 74, 75, 40, 76, 71, 94, 95, 96, 77, 88, 89, 90, 78, 80, 81, 79, 82, 83, 84
6
2, 0, 3, 20, 21, 8, 7, 9, 22, 23, 24, 19, 31, 32, 33, 1, 4, 44, 45, 43, 85, 86, 87, 5, 17, 28, 16, 29, 30, 6, 11, 18, 51, 50, 49, 91, 92, 93, 12, 61, 63, 25, 26, 53, 54, 52, 62, 64, 65, 66, 67, 68, 69, 56, 57, 55, 97, 98, 99, 14, 13, 10, 15, 46, 41, 42, 47, 48, 40, 76, 77, 88, 89, 90, 27, 78, 80, 81, 79, 82, 83, 84, 35, 34, 58, 60, 36, 38, 39, 37, 70, 72, 59, 73, 74, 75, 71, 94, 95, 96
5
44, 45, 43, 85, 86, 87, 91, 92, 93, 17, 49, 51, 5, 18, 50, 28, 16, 4, 29, 30, 2, 3, 20, 21, 19, 31, 32, 33, 0, 8, 7, 1, 9, 22, 23, 24, 6, 11, 12, 61, 63, 62, 64, 65, 66, 94, 95, 96, 72, 70, 71, 37, 38, 39, 25, 27, 35, 36, 26, 53, 54, 52, 14, 13, 10, 34, 58, 60, 59, 73, 74, 75, 67, 68, 69, 56, 57, 55, 15, 46, 97, 98, 99, 41, 42, 47, 48, 40, 76, 77, 88, 89, 90, 78, 80, 81, 79, 82, 83, 84
../benchmark_instances/2023result/docs/solver/benchmark/2022benchmark/benchmark/color04/mug100_1.col	100	166	5	104
	Command being timed: "timeout 1h java -Xms1024g -Xmx1024g -Xss134m -cp ../src/pathwidth.jar Pathwidth ../benchmark_instances/2023result/docs/solver/benchmark/2022benchmark/benchmark/color04/mug100_1.col"
	User time (seconds): 0.72
	System time (seconds): 1.44
	Percent of CPU this job got: 112%
	Elapsed (wall clock) time (h:mm:ss or m:ss): 0:01.92
	Average shared text size (kbytes): 0
	Average unshared data size (kbytes): 0
	Average stack size (kbytes): 0
	Average total size (kbytes): 0
	Maximum resident set size (kbytes): 4857600
	Average resident set size (kbytes): 0
	Major (requiring I/O) page faults: 0
	Minor (reclaiming a frame) page faults: 135604
	Voluntary context switches: 2235
	Involuntary context switches: 43
	Swaps: 0
	File system inputs: 8
	File system outputs: 152
	Socket messages sent: 0
	Socket messages received: 0
	Signals delivered: 0
	Page size (bytes): 4096
	Exit status: 0
