../benchmark_instances/2023result/docs/solver/benchmark/2022benchmark/benchmark/color04/mug88_1.col
88
7, 8, 9, 14, 13, 15, 16, 17, 18, 39, 37, 52, 53, 1, 38, 67, 68, 69, 54, 70, 72, 71, 82, 83, 84, 0, 64, 65, 66, 28, 29, 12, 3, 10, 11, 43, 44, 20, 2, 4, 58, 59, 60, 5, 23, 24, 22, 6, 76, 77, 78, 19, 41, 42, 21, 25, 26, 27, 30, 31, 32, 36, 40, 49, 51, 45, 46, 48, 47, 73, 74, 75, 50, 79, 80, 81, 55, 56, 57, 33, 34, 85, 86, 87, 35, 61, 62, 63
87
7, 8, 9, 14, 13, 15, 16, 17, 18, 39, 37, 52, 53, 1, 38, 67, 68, 69, 54, 70, 72, 71, 82, 83, 84, 0, 64, 65, 66, 28, 29, 12, 3, 10, 11, 43, 44, 20, 2, 4, 58, 59, 60, 5, 23, 24, 22, 6, 76, 77, 78, 19, 41, 42, 21, 25, 26, 27, 30, 31, 32, 36, 40, 49, 51, 45, 46, 48, 47, 73, 74, 75, 50, 79, 80, 81, 55, 56, 57, 33, 34, 85, 86, 87, 35, 61, 62, 63
86
7, 8, 9, 14, 13, 15, 16, 17, 18, 39, 37, 52, 53, 1, 38, 67, 68, 69, 54, 70, 72, 71, 82, 83, 84, 0, 64, 65, 66, 28, 29, 12, 3, 10, 11, 43, 44, 20, 2, 4, 58, 59, 60, 5, 23, 24, 22, 6, 76, 77, 78, 19, 41, 42, 21, 25, 26, 27, 30, 31, 32, 36, 40, 49, 51, 45, 46, 48, 47, 73, 74, 75, 50, 79, 80, 81, 55, 56, 57, 33, 34, 85, 86, 87, 35, 61, 62, 63
85
7, 8, 9, 14, 13, 15, 16, 17, 18, 39, 37, 52, 53, 1, 38, 67, 68, 69, 54, 70, 72, 71, 82, 83, 84, 0, 64, 65, 66, 28, 29, 12, 3, 10, 11, 43, 44, 20, 2, 4, 58, 59, 60, 5, 23, 24, 22, 6, 76, 77, 78, 19, 41, 42, 21, 25, 26, 27, 30, 31, 32, 36, 40, 49, 51, 45, 46, 48, 47, 73, 74, 75, 50, 79, 80, 81, 55, 56, 57, 33, 34, 85, 86, 87, 35, 61, 62, 63
84
7, 8, 9, 14, 13, 15, 16, 17, 18, 39, 37, 52, 53, 1, 38, 67, 68, 69, 54, 70, 72, 71, 82, 83, 84, 0, 64, 65, 66, 28, 29, 12, 3, 10, 11, 43, 44, 20, 2, 4, 58, 59, 60, 5, 23, 24, 22, 6, 76, 77, 78, 19, 41, 42, 21, 25, 26, 27, 30, 31, 32, 36, 40, 49, 51, 45, 46, 48, 47, 73, 74, 75, 50, 79, 80, 81, 55, 56, 57, 33, 34, 85, 86, 87, 35, 61, 62, 63
83
7, 8, 9, 14, 13, 15, 16, 17, 18, 39, 37, 52, 53, 1, 38, 67, 68, 69, 54, 70, 72, 71, 82, 83, 84, 0, 64, 65, 66, 28, 29, 12, 3, 10, 11, 43, 44, 20, 2, 4, 58, 59, 60, 5, 23, 24, 22, 6, 76, 77, 78, 19, 41, 42, 21, 25, 26, 27, 30, 31, 32, 36, 40, 49, 51, 45, 46, 48, 47, 73, 74, 75, 50, 79, 80, 81, 55, 56, 57, 33, 34, 85, 86, 87, 35, 61, 62, 63
82
7, 8, 9, 14, 13, 15, 16, 17, 18, 39, 37, 52, 53, 1, 38, 67, 68, 69, 54, 70, 72, 71, 82, 83, 84, 0, 64, 65, 66, 28, 29, 12, 3, 10, 11, 43, 44, 20, 2, 4, 58, 59, 60, 5, 23, 24, 22, 6, 76, 77, 78, 19, 41, 42, 21, 25, 26, 27, 30, 31, 32, 36, 40, 49, 51, 45, 46, 48, 47, 73, 74, 75, 50, 79, 80, 81, 55, 56, 57, 33, 34, 85, 86, 87, 35, 61, 62, 63
81
7, 8, 9, 14, 13, 15, 16, 17, 18, 39, 37, 52, 53, 1, 38, 67, 68, 69, 54, 70, 72, 71, 82, 83, 84, 0, 64, 65, 66, 28, 29, 12, 3, 10, 11, 43, 44, 20, 2, 4, 58, 59, 60, 5, 23, 24, 22, 6, 76, 77, 78, 19, 41, 42, 21, 25, 26, 27, 30, 31, 32, 36, 40, 49, 51, 45, 46, 48, 47, 73, 74, 75, 50, 79, 80, 81, 55, 56, 57, 33, 34, 85, 86, 87, 35, 61, 62, 63
80
7, 8, 9, 14, 13, 15, 16, 17, 18, 39, 37, 52, 53, 1, 38, 67, 68, 69, 54, 70, 72, 71, 82, 83, 84, 0, 64, 65, 66, 28, 29, 12, 3, 10, 11, 43, 44, 20, 2, 4, 58, 59, 60, 5, 23, 24, 22, 6, 76, 77, 78, 19, 41, 42, 21, 25, 26, 27, 30, 31, 32, 36, 40, 49, 51, 45, 46, 48, 47, 73, 74, 75, 50, 79, 80, 81, 55, 56, 57, 33, 34, 85, 86, 87, 35, 61, 62, 63
79
7, 8, 9, 14, 13, 15, 16, 17, 18, 39, 37, 52, 53, 1, 38, 67, 68, 69, 54, 70, 72, 71, 82, 83, 84, 0, 64, 65, 66, 28, 29, 12, 3, 10, 11, 43, 44, 20, 2, 4, 58, 59, 60, 5, 23, 24, 22, 6, 76, 77, 78, 19, 41, 42, 21, 25, 26, 27, 30, 31, 32, 36, 40, 49, 51, 45, 46, 48, 47, 73, 74, 75, 50, 79, 80, 81, 55, 56, 57, 33, 34, 85, 86, 87, 35, 61, 62, 63
78
7, 8, 9, 14, 13, 15, 16, 17, 18, 39, 37, 52, 53, 1, 38, 67, 68, 69, 54, 70, 72, 71, 82, 83, 84, 0, 64, 65, 66, 28, 29, 12, 3, 10, 11, 43, 44, 20, 2, 4, 58, 59, 60, 5, 23, 24, 22, 6, 76, 77, 78, 19, 41, 42, 21, 25, 26, 27, 30, 31, 32, 36, 40, 49, 51, 45, 46, 48, 47, 73, 74, 75, 50, 79, 80, 81, 55, 56, 57, 33, 34, 85, 86, 87, 35, 61, 62, 63
77
7, 8, 9, 14, 13, 15, 16, 17, 18, 39, 37, 52, 53, 1, 38, 67, 68, 69, 54, 70, 72, 71, 82, 83, 84, 0, 64, 65, 66, 28, 29, 12, 3, 10, 11, 43, 44, 20, 2, 4, 58, 59, 60, 5, 23, 24, 22, 6, 76, 77, 78, 19, 41, 42, 21, 25, 26, 27, 30, 31, 32, 36, 40, 49, 51, 45, 46, 48, 47, 73, 74, 75, 50, 79, 80, 81, 55, 56, 57, 33, 34, 85, 86, 87, 35, 61, 62, 63
76
7, 8, 9, 14, 13, 15, 16, 17, 18, 39, 37, 52, 53, 1, 38, 67, 68, 69, 54, 70, 72, 71, 82, 83, 84, 0, 64, 65, 66, 28, 29, 12, 3, 10, 11, 43, 44, 20, 2, 4, 58, 59, 60, 5, 23, 24, 22, 6, 76, 77, 78, 19, 41, 42, 21, 25, 26, 27, 30, 31, 32, 36, 40, 49, 51, 45, 46, 48, 47, 73, 74, 75, 50, 79, 80, 81, 55, 56, 57, 33, 34, 85, 86, 87, 35, 61, 62, 63
75
7, 8, 9, 14, 13, 15, 16, 17, 18, 39, 37, 52, 53, 1, 38, 67, 68, 69, 54, 70, 72, 71, 82, 83, 84, 0, 64, 65, 66, 28, 29, 12, 3, 10, 11, 43, 44, 20, 2, 4, 58, 59, 60, 5, 23, 24, 22, 6, 76, 77, 78, 19, 41, 42, 21, 25, 26, 27, 30, 31, 32, 36, 40, 49, 51, 45, 46, 48, 47, 73, 74, 75, 50, 79, 80, 81, 55, 56, 57, 33, 34, 85, 86, 87, 35, 61, 62, 63
74
7, 8, 9, 14, 13, 15, 16, 17, 18, 39, 37, 52, 53, 1, 38, 67, 68, 69, 54, 70, 72, 71, 82, 83, 84, 0, 64, 65, 66, 28, 29, 12, 3, 10, 11, 43, 44, 20, 2, 4, 58, 59, 60, 5, 23, 24, 22, 6, 76, 77, 78, 19, 41, 42, 21, 25, 26, 27, 30, 31, 32, 36, 40, 49, 51, 45, 46, 48, 47, 73, 74, 75, 50, 79, 80, 81, 55, 56, 57, 33, 34, 85, 86, 87, 35, 61, 62, 63
73
7, 8, 9, 14, 13, 15, 16, 17, 18, 39, 37, 52, 53, 1, 38, 67, 68, 69, 54, 70, 72, 71, 82, 83, 84, 0, 64, 65, 66, 28, 29, 12, 3, 10, 11, 43, 44, 20, 2, 4, 58, 59, 60, 5, 23, 24, 22, 6, 76, 77, 78, 19, 41, 42, 21, 25, 26, 27, 30, 31, 32, 36, 40, 49, 51, 45, 46, 48, 47, 73, 74, 75, 50, 79, 80, 81, 55, 56, 57, 33, 34, 85, 86, 87, 35, 61, 62, 63
72
7, 8, 9, 14, 13, 15, 16, 17, 18, 39, 37, 52, 53, 1, 38, 67, 68, 69, 54, 70, 72, 71, 82, 83, 84, 0, 64, 65, 66, 28, 29, 12, 3, 10, 11, 43, 44, 20, 2, 4, 58, 59, 60, 5, 23, 24, 22, 6, 76, 77, 78, 19, 41, 42, 21, 25, 26, 27, 30, 31, 32, 36, 40, 49, 51, 45, 46, 48, 47, 73, 74, 75, 50, 79, 80, 81, 55, 56, 57, 33, 34, 85, 86, 87, 35, 61, 62, 63
71
7, 8, 9, 14, 13, 15, 16, 17, 18, 39, 37, 52, 53, 1, 38, 67, 68, 69, 54, 70, 72, 71, 82, 83, 84, 0, 64, 65, 66, 28, 29, 12, 3, 10, 11, 43, 44, 20, 2, 4, 58, 59, 60, 5, 23, 24, 22, 6, 76, 77, 78, 19, 41, 42, 21, 25, 26, 27, 30, 31, 32, 36, 40, 49, 51, 45, 46, 48, 47, 73, 74, 75, 50, 79, 80, 81, 55, 56, 57, 33, 34, 85, 86, 87, 35, 61, 62, 63
70
7, 8, 9, 14, 13, 15, 16, 17, 18, 39, 37, 52, 53, 1, 38, 67, 68, 69, 54, 70, 72, 71, 82, 83, 84, 0, 64, 65, 66, 28, 29, 12, 3, 10, 11, 43, 44, 20, 2, 4, 58, 59, 60, 5, 23, 24, 22, 6, 76, 77, 78, 19, 41, 42, 21, 25, 26, 27, 30, 31, 32, 36, 40, 49, 51, 45, 46, 48, 47, 73, 74, 75, 50, 79, 80, 81, 55, 56, 57, 33, 34, 85, 86, 87, 35, 61, 62, 63
69
7, 8, 9, 14, 13, 15, 16, 17, 18, 39, 37, 52, 53, 1, 38, 67, 68, 69, 54, 70, 72, 71, 82, 83, 84, 0, 64, 65, 66, 28, 29, 12, 3, 10, 11, 43, 44, 20, 2, 4, 58, 59, 60, 5, 23, 24, 22, 6, 76, 77, 78, 19, 41, 42, 21, 25, 26, 27, 30, 31, 32, 36, 40, 49, 51, 45, 46, 48, 47, 73, 74, 75, 50, 79, 80, 81, 55, 56, 57, 33, 34, 85, 86, 87, 35, 61, 62, 63
68
7, 8, 9, 14, 13, 15, 16, 17, 18, 39, 37, 52, 53, 1, 38, 67, 68, 69, 54, 70, 72, 71, 82, 83, 84, 0, 64, 65, 66, 28, 29, 12, 3, 10, 11, 43, 44, 20, 2, 4, 58, 59, 60, 5, 23, 24, 22, 6, 76, 77, 78, 19, 41, 42, 21, 25, 26, 27, 30, 31, 32, 36, 40, 49, 51, 45, 46, 48, 47, 73, 74, 75, 50, 79, 80, 81, 55, 56, 57, 33, 34, 85, 86, 87, 35, 61, 62, 63
67
7, 8, 9, 14, 13, 15, 16, 17, 18, 39, 37, 52, 53, 1, 38, 67, 68, 69, 54, 70, 72, 71, 82, 83, 84, 0, 64, 65, 66, 28, 29, 12, 3, 10, 11, 43, 44, 20, 2, 4, 58, 59, 60, 5, 23, 24, 22, 6, 76, 77, 78, 19, 41, 42, 21, 25, 26, 27, 30, 31, 32, 36, 40, 49, 51, 45, 46, 48, 47, 73, 74, 75, 50, 79, 80, 81, 55, 56, 57, 33, 34, 85, 86, 87, 35, 61, 62, 63
66
7, 8, 9, 14, 13, 15, 16, 17, 18, 39, 37, 52, 53, 1, 38, 67, 68, 69, 54, 70, 72, 71, 82, 83, 84, 0, 64, 65, 66, 28, 29, 12, 3, 10, 11, 43, 44, 20, 2, 4, 58, 59, 60, 5, 23, 24, 22, 6, 76, 77, 78, 19, 41, 42, 21, 25, 26, 27, 30, 31, 32, 36, 40, 49, 51, 45, 46, 48, 47, 73, 74, 75, 50, 79, 80, 81, 55, 56, 57, 33, 34, 85, 86, 87, 35, 61, 62, 63
65
7, 8, 9, 14, 13, 15, 16, 17, 18, 39, 37, 52, 53, 1, 38, 67, 68, 69, 54, 70, 72, 71, 82, 83, 84, 0, 64, 65, 66, 28, 29, 12, 3, 10, 11, 43, 44, 20, 2, 4, 58, 59, 60, 5, 23, 24, 22, 6, 76, 77, 78, 19, 41, 42, 21, 25, 26, 27, 30, 31, 32, 36, 40, 49, 51, 45, 46, 48, 47, 73, 74, 75, 50, 79, 80, 81, 55, 56, 57, 33, 34, 85, 86, 87, 35, 61, 62, 63
64
7, 8, 9, 14, 13, 15, 16, 17, 18, 39, 37, 52, 53, 1, 38, 67, 68, 69, 54, 70, 72, 71, 82, 83, 84, 0, 64, 65, 66, 28, 29, 12, 3, 10, 11, 43, 44, 20, 2, 4, 58, 59, 60, 5, 23, 24, 22, 6, 76, 77, 78, 19, 41, 42, 21, 25, 26, 27, 30, 31, 32, 36, 40, 49, 51, 45, 46, 48, 47, 73, 74, 75, 50, 79, 80, 81, 55, 56, 57, 33, 34, 85, 86, 87, 35, 61, 62, 63
63
7, 8, 9, 14, 13, 15, 16, 17, 18, 39, 37, 52, 53, 1, 38, 67, 68, 69, 54, 70, 72, 71, 82, 83, 84, 0, 64, 65, 66, 28, 29, 12, 3, 10, 11, 43, 44, 20, 2, 4, 58, 59, 60, 5, 23, 24, 22, 6, 76, 77, 78, 19, 41, 42, 21, 25, 26, 27, 30, 31, 32, 36, 40, 49, 51, 45, 46, 48, 47, 73, 74, 75, 50, 79, 80, 81, 55, 56, 57, 33, 34, 85, 86, 87, 35, 61, 62, 63
62
7, 8, 9, 14, 13, 15, 16, 17, 18, 39, 37, 52, 53, 1, 38, 67, 68, 69, 54, 70, 72, 71, 82, 83, 84, 0, 64, 65, 66, 28, 29, 12, 3, 10, 11, 43, 44, 20, 2, 4, 58, 59, 60, 5, 23, 24, 22, 6, 76, 77, 78, 19, 41, 42, 21, 25, 26, 27, 30, 31, 32, 36, 40, 49, 51, 45, 46, 48, 47, 73, 74, 75, 50, 79, 80, 81, 55, 56, 57, 33, 34, 85, 86, 87, 35, 61, 62, 63
61
7, 8, 9, 14, 13, 15, 16, 17, 18, 39, 37, 52, 53, 1, 38, 67, 68, 69, 54, 70, 72, 71, 82, 83, 84, 0, 64, 65, 66, 28, 29, 12, 3, 10, 11, 43, 44, 20, 2, 4, 58, 59, 60, 5, 23, 24, 22, 6, 76, 77, 78, 19, 41, 42, 21, 25, 26, 27, 30, 31, 32, 36, 40, 49, 51, 45, 46, 48, 47, 73, 74, 75, 50, 79, 80, 81, 55, 56, 57, 33, 34, 85, 86, 87, 35, 61, 62, 63
60
7, 8, 9, 14, 13, 15, 16, 17, 18, 39, 37, 52, 53, 1, 38, 67, 68, 69, 54, 70, 72, 71, 82, 83, 84, 0, 64, 65, 66, 28, 29, 12, 3, 10, 11, 43, 44, 20, 2, 4, 58, 59, 60, 5, 23, 24, 22, 6, 76, 77, 78, 19, 41, 42, 21, 25, 26, 27, 30, 31, 32, 36, 40, 49, 51, 45, 46, 48, 47, 73, 74, 75, 50, 79, 80, 81, 55, 56, 57, 33, 34, 85, 86, 87, 35, 61, 62, 63
59
7, 8, 9, 14, 13, 15, 16, 17, 18, 39, 37, 52, 53, 1, 38, 67, 68, 69, 54, 70, 72, 71, 82, 83, 84, 0, 64, 65, 66, 28, 29, 12, 3, 10, 11, 43, 44, 20, 2, 4, 58, 59, 60, 5, 23, 24, 22, 6, 76, 77, 78, 19, 41, 42, 21, 25, 26, 27, 30, 31, 32, 36, 40, 49, 51, 45, 46, 48, 47, 73, 74, 75, 50, 79, 80, 81, 55, 56, 57, 33, 34, 85, 86, 87, 35, 61, 62, 63
58
7, 8, 9, 14, 13, 15, 16, 17, 18, 39, 37, 52, 53, 1, 38, 67, 68, 69, 54, 70, 72, 71, 82, 83, 84, 0, 64, 65, 66, 28, 29, 12, 3, 10, 11, 43, 44, 20, 2, 4, 58, 59, 60, 5, 23, 24, 22, 6, 76, 77, 78, 19, 41, 42, 21, 25, 26, 27, 30, 31, 32, 36, 40, 49, 51, 45, 46, 48, 47, 73, 74, 75, 50, 79, 80, 81, 55, 56, 57, 33, 34, 85, 86, 87, 35, 61, 62, 63
57
7, 8, 9, 14, 13, 15, 16, 17, 18, 39, 37, 52, 53, 1, 38, 67, 68, 69, 54, 70, 72, 71, 82, 83, 84, 0, 64, 65, 66, 28, 29, 12, 3, 10, 11, 43, 44, 20, 2, 4, 58, 59, 60, 5, 23, 24, 22, 6, 76, 77, 78, 19, 41, 42, 21, 25, 26, 27, 30, 31, 32, 36, 40, 49, 51, 45, 46, 48, 47, 73, 74, 75, 50, 79, 80, 81, 55, 56, 57, 33, 34, 85, 86, 87, 35, 61, 62, 63
56
7, 8, 9, 14, 13, 15, 16, 17, 18, 39, 37, 52, 53, 1, 38, 67, 68, 69, 54, 70, 72, 71, 82, 83, 84, 0, 64, 65, 66, 28, 29, 12, 3, 10, 11, 43, 44, 20, 2, 4, 58, 59, 60, 5, 23, 24, 22, 6, 76, 77, 78, 19, 41, 42, 21, 25, 26, 27, 30, 31, 32, 36, 40, 49, 51, 45, 46, 48, 47, 73, 74, 75, 50, 79, 80, 81, 55, 56, 57, 33, 34, 85, 86, 87, 35, 61, 62, 63
55
7, 8, 9, 14, 13, 15, 16, 17, 18, 39, 37, 52, 53, 1, 38, 67, 68, 69, 54, 70, 72, 71, 82, 83, 84, 0, 64, 65, 66, 28, 29, 12, 3, 10, 11, 43, 44, 20, 2, 4, 58, 59, 60, 5, 23, 24, 22, 6, 76, 77, 78, 19, 41, 42, 21, 25, 26, 27, 30, 31, 32, 36, 40, 49, 51, 45, 46, 48, 47, 73, 74, 75, 50, 79, 80, 81, 55, 56, 57, 33, 34, 85, 86, 87, 35, 61, 62, 63
54
7, 8, 9, 14, 13, 15, 16, 17, 18, 39, 37, 52, 53, 1, 38, 67, 68, 69, 54, 70, 72, 71, 82, 83, 84, 0, 64, 65, 66, 28, 29, 12, 3, 10, 11, 43, 44, 20, 2, 4, 58, 59, 60, 5, 23, 24, 22, 6, 76, 77, 78, 19, 41, 42, 21, 25, 26, 27, 30, 31, 32, 36, 40, 49, 51, 45, 46, 48, 47, 73, 74, 75, 50, 79, 80, 81, 55, 56, 57, 33, 34, 85, 86, 87, 35, 61, 62, 63
53
7, 8, 9, 14, 13, 15, 16, 17, 18, 39, 37, 52, 53, 1, 38, 67, 68, 69, 54, 70, 72, 71, 82, 83, 84, 0, 64, 65, 66, 28, 29, 12, 3, 10, 11, 43, 44, 20, 2, 4, 58, 59, 60, 5, 23, 24, 22, 6, 76, 77, 78, 19, 41, 42, 21, 25, 26, 27, 30, 31, 32, 36, 40, 49, 51, 45, 46, 48, 47, 73, 74, 75, 50, 79, 80, 81, 55, 56, 57, 33, 34, 85, 86, 87, 35, 61, 62, 63
52
7, 8, 9, 14, 13, 15, 16, 17, 18, 39, 37, 52, 53, 1, 38, 67, 68, 69, 54, 70, 72, 71, 82, 83, 84, 0, 64, 65, 66, 28, 29, 12, 3, 10, 11, 43, 44, 20, 2, 4, 58, 59, 60, 5, 23, 24, 22, 6, 76, 77, 78, 19, 41, 42, 21, 25, 26, 27, 30, 31, 32, 36, 40, 49, 51, 45, 46, 48, 47, 73, 74, 75, 50, 79, 80, 81, 55, 56, 57, 33, 34, 85, 86, 87, 35, 61, 62, 63
51
7, 8, 9, 14, 13, 15, 16, 17, 18, 39, 37, 52, 53, 1, 38, 67, 68, 69, 54, 70, 72, 71, 82, 83, 84, 0, 64, 65, 66, 28, 29, 12, 3, 10, 11, 43, 44, 20, 2, 4, 58, 59, 60, 5, 23, 24, 22, 6, 76, 77, 78, 19, 41, 42, 21, 25, 26, 27, 30, 31, 32, 36, 40, 49, 51, 45, 46, 48, 47, 73, 74, 75, 50, 79, 80, 81, 55, 56, 57, 33, 34, 85, 86, 87, 35, 61, 62, 63
50
7, 8, 9, 14, 13, 15, 16, 17, 18, 39, 37, 52, 53, 1, 38, 67, 68, 69, 54, 70, 72, 71, 82, 83, 84, 0, 64, 65, 66, 28, 29, 12, 3, 10, 11, 43, 44, 20, 2, 4, 58, 59, 60, 5, 23, 24, 22, 6, 76, 77, 78, 19, 41, 42, 21, 25, 26, 27, 30, 31, 32, 36, 40, 49, 51, 45, 46, 48, 47, 73, 74, 75, 50, 79, 80, 81, 55, 56, 57, 33, 34, 85, 86, 87, 35, 61, 62, 63
49
7, 8, 9, 14, 13, 15, 16, 17, 18, 39, 37, 52, 53, 1, 38, 67, 68, 69, 54, 70, 72, 71, 82, 83, 84, 0, 64, 65, 66, 28, 29, 12, 3, 10, 11, 43, 44, 20, 2, 4, 58, 59, 60, 5, 23, 24, 22, 6, 76, 77, 78, 19, 41, 42, 21, 25, 26, 27, 30, 31, 32, 36, 40, 49, 51, 45, 46, 48, 47, 73, 74, 75, 50, 79, 80, 81, 55, 56, 57, 33, 34, 85, 86, 87, 35, 61, 62, 63
48
7, 8, 9, 14, 13, 15, 16, 17, 18, 39, 37, 52, 53, 1, 38, 67, 68, 69, 54, 70, 72, 71, 82, 83, 84, 0, 64, 65, 66, 28, 29, 12, 3, 10, 11, 43, 44, 20, 2, 4, 58, 59, 60, 5, 23, 24, 22, 6, 76, 77, 78, 19, 41, 42, 21, 25, 26, 27, 30, 31, 32, 36, 40, 49, 51, 45, 46, 48, 47, 73, 74, 75, 50, 79, 80, 81, 55, 56, 57, 33, 34, 85, 86, 87, 35, 61, 62, 63
47
7, 8, 9, 14, 13, 15, 16, 17, 18, 39, 37, 52, 53, 1, 38, 67, 68, 69, 54, 70, 72, 71, 82, 83, 84, 0, 64, 65, 66, 28, 29, 12, 3, 10, 11, 43, 44, 20, 2, 4, 58, 59, 60, 5, 23, 24, 22, 6, 76, 77, 78, 19, 41, 42, 21, 25, 26, 27, 30, 31, 32, 36, 40, 49, 51, 45, 46, 48, 47, 73, 74, 75, 50, 79, 80, 81, 55, 56, 57, 33, 34, 85, 86, 87, 35, 61, 62, 63
46
7, 8, 9, 14, 13, 15, 16, 17, 18, 39, 37, 52, 53, 1, 38, 67, 68, 69, 54, 70, 72, 71, 82, 83, 84, 0, 64, 65, 66, 28, 29, 12, 3, 10, 11, 43, 44, 20, 2, 4, 58, 59, 60, 5, 23, 24, 22, 6, 76, 77, 78, 19, 41, 42, 21, 25, 26, 27, 30, 31, 32, 36, 40, 49, 51, 45, 46, 48, 47, 73, 74, 75, 50, 79, 80, 81, 55, 56, 57, 33, 34, 85, 86, 87, 35, 61, 62, 63
45
7, 8, 9, 14, 13, 15, 16, 17, 18, 39, 37, 52, 53, 1, 38, 67, 68, 69, 54, 70, 72, 71, 82, 83, 84, 0, 64, 65, 66, 28, 29, 12, 3, 10, 11, 43, 44, 20, 2, 4, 58, 59, 60, 5, 23, 24, 22, 6, 76, 77, 78, 19, 41, 42, 21, 25, 26, 27, 30, 31, 32, 36, 40, 49, 51, 45, 46, 48, 47, 73, 74, 75, 50, 79, 80, 81, 55, 56, 57, 33, 34, 85, 86, 87, 35, 61, 62, 63
44
7, 8, 9, 14, 13, 15, 16, 17, 18, 39, 37, 52, 53, 1, 38, 67, 68, 69, 54, 70, 72, 71, 82, 83, 84, 0, 64, 65, 66, 28, 29, 12, 3, 10, 11, 43, 44, 20, 2, 4, 58, 59, 60, 5, 23, 24, 22, 6, 76, 77, 78, 19, 41, 42, 21, 25, 26, 27, 30, 31, 32, 36, 40, 49, 51, 45, 46, 48, 47, 73, 74, 75, 50, 79, 80, 81, 55, 56, 57, 33, 34, 85, 86, 87, 35, 61, 62, 63
43
7, 8, 9, 14, 13, 15, 16, 17, 18, 39, 37, 52, 53, 1, 38, 67, 68, 69, 54, 70, 72, 71, 82, 83, 84, 0, 64, 65, 66, 28, 29, 12, 3, 10, 11, 43, 44, 20, 2, 4, 58, 59, 60, 5, 23, 24, 22, 6, 76, 77, 78, 19, 41, 42, 21, 25, 26, 27, 30, 31, 32, 36, 40, 49, 51, 45, 46, 48, 47, 73, 74, 75, 50, 79, 80, 81, 55, 56, 57, 33, 34, 85, 86, 87, 35, 61, 62, 63
42
7, 8, 9, 14, 13, 15, 16, 17, 18, 39, 37, 52, 53, 1, 38, 67, 68, 69, 54, 70, 72, 71, 82, 83, 84, 0, 64, 65, 66, 28, 29, 12, 3, 10, 11, 43, 44, 20, 2, 4, 58, 59, 60, 5, 23, 24, 22, 6, 76, 77, 78, 19, 41, 42, 21, 25, 26, 27, 30, 31, 32, 36, 40, 49, 51, 45, 46, 48, 47, 73, 74, 75, 50, 79, 80, 81, 55, 56, 57, 33, 34, 85, 86, 87, 35, 61, 62, 63
41
7, 8, 9, 14, 13, 15, 16, 17, 18, 39, 37, 52, 53, 1, 38, 67, 68, 69, 54, 70, 72, 71, 82, 83, 84, 0, 64, 65, 66, 28, 29, 12, 3, 10, 11, 43, 44, 20, 2, 4, 58, 59, 60, 5, 23, 24, 22, 6, 76, 77, 78, 19, 41, 42, 21, 25, 26, 27, 30, 31, 32, 36, 40, 49, 51, 45, 46, 48, 47, 73, 74, 75, 50, 79, 80, 81, 55, 56, 57, 33, 34, 85, 86, 87, 35, 61, 62, 63
40
7, 8, 9, 14, 13, 15, 16, 17, 18, 39, 37, 52, 53, 1, 38, 67, 68, 69, 54, 70, 72, 71, 82, 83, 84, 0, 64, 65, 66, 28, 29, 12, 3, 10, 11, 43, 44, 20, 2, 4, 58, 59, 60, 5, 23, 24, 22, 6, 76, 77, 78, 19, 41, 42, 21, 25, 26, 27, 30, 31, 32, 36, 40, 49, 51, 45, 46, 48, 47, 73, 74, 75, 50, 79, 80, 81, 55, 56, 57, 33, 34, 85, 86, 87, 35, 61, 62, 63
39
7, 8, 9, 14, 13, 15, 16, 17, 18, 39, 37, 52, 53, 1, 38, 67, 68, 69, 54, 70, 72, 71, 82, 83, 84, 0, 64, 65, 66, 28, 29, 12, 3, 10, 11, 43, 44, 20, 2, 4, 58, 59, 60, 5, 23, 24, 22, 6, 76, 77, 78, 19, 41, 42, 21, 25, 26, 27, 30, 31, 32, 36, 40, 49, 51, 45, 46, 48, 47, 73, 74, 75, 50, 79, 80, 81, 55, 56, 57, 33, 34, 85, 86, 87, 35, 61, 62, 63
38
7, 8, 9, 14, 13, 15, 16, 17, 18, 39, 37, 52, 53, 1, 38, 67, 68, 69, 54, 70, 72, 71, 82, 83, 84, 0, 64, 65, 66, 28, 29, 12, 3, 10, 11, 43, 44, 20, 2, 4, 58, 59, 60, 5, 23, 24, 22, 6, 76, 77, 78, 19, 41, 42, 21, 25, 26, 27, 30, 31, 32, 36, 40, 49, 51, 45, 46, 48, 47, 73, 74, 75, 50, 79, 80, 81, 55, 56, 57, 33, 34, 85, 86, 87, 35, 61, 62, 63
37
7, 8, 9, 14, 13, 15, 16, 17, 18, 39, 37, 52, 53, 1, 38, 67, 68, 69, 54, 70, 72, 71, 82, 83, 84, 0, 64, 65, 66, 28, 29, 12, 3, 10, 11, 43, 44, 20, 2, 4, 58, 59, 60, 5, 23, 24, 22, 6, 76, 77, 78, 19, 41, 42, 21, 25, 26, 27, 30, 31, 32, 36, 40, 49, 51, 45, 46, 48, 47, 73, 74, 75, 50, 79, 80, 81, 55, 56, 57, 33, 34, 85, 86, 87, 35, 61, 62, 63
36
7, 8, 9, 14, 13, 15, 16, 17, 18, 39, 37, 52, 53, 1, 38, 67, 68, 69, 54, 70, 72, 71, 82, 83, 84, 0, 64, 65, 66, 28, 29, 12, 3, 10, 11, 43, 44, 20, 2, 4, 58, 59, 60, 5, 23, 24, 22, 6, 76, 77, 78, 19, 41, 42, 21, 25, 26, 27, 30, 31, 32, 36, 40, 49, 51, 45, 46, 48, 47, 73, 74, 75, 50, 79, 80, 81, 55, 56, 57, 33, 34, 85, 86, 87, 35, 61, 62, 63
35
7, 8, 9, 14, 13, 15, 16, 17, 18, 39, 37, 52, 53, 1, 38, 67, 68, 69, 54, 70, 72, 71, 82, 83, 84, 0, 64, 65, 66, 28, 29, 12, 3, 10, 11, 43, 44, 20, 2, 4, 58, 59, 60, 5, 23, 24, 22, 6, 76, 77, 78, 19, 41, 42, 21, 25, 26, 27, 30, 31, 32, 36, 40, 49, 51, 45, 46, 48, 47, 73, 74, 75, 50, 79, 80, 81, 55, 56, 57, 33, 34, 85, 86, 87, 35, 61, 62, 63
34
7, 8, 9, 14, 13, 15, 16, 17, 18, 39, 37, 52, 53, 1, 38, 67, 68, 69, 54, 70, 72, 71, 82, 83, 84, 0, 64, 65, 66, 28, 29, 12, 3, 10, 11, 43, 44, 20, 2, 4, 58, 59, 60, 5, 23, 24, 22, 6, 76, 77, 78, 19, 41, 42, 21, 25, 26, 27, 30, 31, 32, 36, 40, 49, 51, 45, 46, 48, 47, 73, 74, 75, 50, 79, 80, 81, 55, 56, 57, 33, 34, 85, 86, 87, 35, 61, 62, 63
33
7, 8, 9, 14, 13, 15, 16, 17, 18, 39, 37, 52, 53, 1, 38, 67, 68, 69, 54, 70, 72, 71, 82, 83, 84, 0, 64, 65, 66, 28, 29, 12, 3, 10, 11, 43, 44, 20, 2, 4, 58, 59, 60, 5, 23, 24, 22, 6, 76, 77, 78, 19, 41, 42, 21, 25, 26, 27, 30, 31, 32, 36, 40, 49, 51, 45, 46, 48, 47, 73, 74, 75, 50, 79, 80, 81, 55, 56, 57, 33, 34, 85, 86, 87, 35, 61, 62, 63
32
7, 8, 9, 14, 13, 15, 16, 17, 18, 39, 37, 52, 53, 1, 38, 67, 68, 69, 54, 70, 72, 71, 82, 83, 84, 0, 64, 65, 66, 28, 29, 12, 3, 10, 11, 43, 44, 20, 2, 4, 58, 59, 60, 5, 23, 24, 22, 6, 76, 77, 78, 19, 41, 42, 21, 25, 26, 27, 30, 31, 32, 36, 40, 49, 51, 45, 46, 48, 47, 73, 74, 75, 50, 79, 80, 81, 55, 56, 57, 33, 34, 85, 86, 87, 35, 61, 62, 63
31
7, 8, 9, 14, 13, 15, 16, 17, 18, 39, 37, 52, 53, 1, 38, 67, 68, 69, 54, 70, 72, 71, 82, 83, 84, 0, 64, 65, 66, 28, 29, 12, 3, 10, 11, 43, 44, 20, 2, 4, 58, 59, 60, 5, 23, 24, 22, 6, 76, 77, 78, 19, 41, 42, 21, 25, 26, 27, 30, 31, 32, 36, 40, 49, 51, 45, 46, 48, 47, 73, 74, 75, 50, 79, 80, 81, 55, 56, 57, 33, 34, 85, 86, 87, 35, 61, 62, 63
30
7, 8, 9, 14, 13, 15, 16, 17, 18, 39, 37, 52, 53, 1, 38, 67, 68, 69, 54, 70, 72, 71, 82, 83, 84, 0, 64, 65, 66, 28, 29, 12, 3, 10, 11, 43, 44, 20, 2, 4, 58, 59, 60, 5, 23, 24, 22, 6, 76, 77, 78, 19, 41, 42, 21, 25, 26, 27, 30, 31, 32, 36, 40, 49, 51, 45, 46, 48, 47, 73, 74, 75, 50, 79, 80, 81, 55, 56, 57, 33, 34, 85, 86, 87, 35, 61, 62, 63
29
7, 8, 9, 14, 13, 15, 16, 17, 18, 39, 37, 52, 53, 1, 38, 67, 68, 69, 54, 70, 72, 71, 82, 83, 84, 0, 64, 65, 66, 28, 29, 12, 3, 10, 11, 43, 44, 20, 2, 4, 58, 59, 60, 5, 23, 24, 22, 6, 76, 77, 78, 19, 41, 42, 21, 25, 26, 27, 30, 31, 32, 36, 40, 49, 51, 45, 46, 48, 47, 73, 74, 75, 50, 79, 80, 81, 55, 56, 57, 33, 34, 85, 86, 87, 35, 61, 62, 63
28
7, 8, 9, 14, 13, 15, 16, 17, 18, 39, 37, 52, 53, 1, 38, 67, 68, 69, 54, 70, 72, 71, 82, 83, 84, 0, 64, 65, 66, 28, 29, 12, 3, 10, 11, 43, 44, 20, 2, 4, 58, 59, 60, 5, 23, 24, 22, 6, 76, 77, 78, 19, 41, 42, 21, 25, 26, 27, 30, 31, 32, 36, 40, 49, 51, 45, 46, 48, 47, 73, 74, 75, 50, 79, 80, 81, 55, 56, 57, 33, 34, 85, 86, 87, 35, 61, 62, 63
27
7, 8, 9, 14, 13, 15, 16, 17, 18, 39, 37, 52, 53, 1, 38, 67, 68, 69, 54, 70, 72, 71, 82, 83, 84, 0, 64, 65, 66, 28, 29, 12, 3, 10, 11, 43, 44, 20, 2, 4, 58, 59, 60, 5, 23, 24, 22, 6, 76, 77, 78, 19, 41, 42, 21, 25, 26, 27, 30, 31, 32, 36, 40, 49, 51, 45, 46, 48, 47, 73, 74, 75, 50, 79, 80, 81, 55, 56, 57, 33, 34, 85, 86, 87, 35, 61, 62, 63
26
7, 8, 9, 14, 13, 15, 16, 17, 18, 39, 37, 52, 53, 1, 38, 67, 68, 69, 54, 70, 72, 71, 82, 83, 84, 0, 64, 65, 66, 28, 29, 12, 3, 10, 11, 43, 44, 20, 2, 4, 58, 59, 60, 5, 23, 24, 22, 6, 76, 77, 78, 19, 41, 42, 21, 25, 26, 27, 30, 31, 32, 36, 40, 49, 51, 45, 46, 48, 47, 73, 74, 75, 50, 79, 80, 81, 55, 56, 57, 33, 34, 85, 86, 87, 35, 61, 62, 63
25
7, 8, 9, 14, 13, 15, 16, 17, 18, 39, 37, 52, 53, 1, 38, 67, 68, 69, 54, 70, 72, 71, 82, 83, 84, 0, 64, 65, 66, 28, 29, 12, 3, 10, 11, 43, 44, 20, 2, 4, 58, 59, 60, 5, 23, 24, 22, 6, 76, 77, 78, 19, 41, 42, 21, 25, 26, 27, 30, 31, 32, 36, 40, 49, 51, 45, 46, 48, 47, 73, 74, 75, 50, 79, 80, 81, 55, 56, 57, 33, 34, 85, 86, 87, 35, 61, 62, 63
24
7, 8, 9, 14, 13, 15, 16, 17, 18, 39, 37, 52, 53, 1, 38, 67, 68, 69, 54, 70, 72, 71, 82, 83, 84, 0, 64, 65, 66, 28, 29, 12, 3, 10, 11, 43, 44, 20, 2, 4, 58, 59, 60, 5, 23, 24, 22, 6, 76, 77, 78, 19, 41, 42, 21, 25, 26, 27, 30, 31, 32, 36, 40, 49, 51, 45, 46, 48, 47, 73, 74, 75, 50, 79, 80, 81, 55, 56, 57, 33, 34, 85, 86, 87, 35, 61, 62, 63
23
7, 8, 9, 14, 13, 15, 16, 17, 18, 39, 37, 52, 53, 1, 38, 67, 68, 69, 54, 70, 72, 71, 82, 83, 84, 0, 64, 65, 66, 28, 29, 12, 3, 10, 11, 43, 44, 20, 2, 4, 58, 59, 60, 5, 23, 24, 22, 6, 76, 77, 78, 19, 41, 42, 21, 25, 26, 27, 30, 31, 32, 36, 40, 49, 51, 45, 46, 48, 47, 73, 74, 75, 50, 79, 80, 81, 55, 56, 57, 33, 34, 85, 86, 87, 35, 61, 62, 63
22
7, 8, 9, 14, 13, 15, 16, 17, 18, 39, 37, 52, 53, 1, 38, 67, 68, 69, 54, 70, 72, 71, 82, 83, 84, 0, 64, 65, 66, 28, 29, 12, 3, 10, 11, 43, 44, 20, 2, 4, 58, 59, 60, 5, 23, 24, 22, 6, 76, 77, 78, 19, 41, 42, 21, 25, 26, 27, 30, 31, 32, 36, 40, 49, 51, 45, 46, 48, 47, 73, 74, 75, 50, 79, 80, 81, 55, 56, 57, 33, 34, 85, 86, 87, 35, 61, 62, 63
21
7, 8, 9, 14, 13, 15, 16, 17, 18, 39, 37, 52, 53, 1, 38, 67, 68, 69, 54, 70, 72, 71, 82, 83, 84, 0, 64, 65, 66, 28, 29, 12, 3, 10, 11, 43, 44, 20, 2, 4, 58, 59, 60, 5, 23, 24, 22, 6, 76, 77, 78, 19, 41, 42, 21, 25, 26, 27, 30, 31, 32, 36, 40, 49, 51, 45, 46, 48, 47, 73, 74, 75, 50, 79, 80, 81, 55, 56, 57, 33, 34, 85, 86, 87, 35, 61, 62, 63
20
7, 8, 9, 14, 13, 15, 16, 17, 18, 39, 37, 52, 53, 1, 38, 67, 68, 69, 54, 70, 72, 71, 82, 83, 84, 0, 64, 65, 66, 28, 29, 12, 3, 10, 11, 43, 44, 20, 2, 4, 58, 59, 60, 5, 23, 24, 22, 6, 76, 77, 78, 19, 41, 42, 21, 25, 26, 27, 30, 31, 32, 36, 40, 49, 51, 45, 46, 48, 47, 73, 74, 75, 50, 79, 80, 81, 55, 56, 57, 33, 34, 85, 86, 87, 35, 61, 62, 63
19
7, 8, 9, 14, 13, 15, 16, 17, 18, 39, 37, 52, 53, 1, 38, 67, 68, 69, 54, 70, 72, 71, 82, 83, 84, 0, 64, 65, 66, 28, 29, 12, 3, 10, 11, 43, 44, 20, 2, 4, 58, 59, 60, 5, 23, 24, 22, 6, 76, 77, 78, 19, 41, 42, 21, 25, 26, 27, 30, 31, 32, 36, 40, 49, 51, 45, 46, 48, 47, 73, 74, 75, 50, 79, 80, 81, 55, 56, 57, 33, 34, 85, 86, 87, 35, 61, 62, 63
18
7, 8, 9, 14, 13, 15, 16, 17, 18, 39, 37, 52, 53, 1, 38, 67, 68, 69, 54, 70, 72, 71, 82, 83, 84, 0, 64, 65, 66, 28, 29, 12, 3, 10, 11, 43, 44, 20, 2, 4, 58, 59, 60, 5, 23, 24, 22, 6, 76, 77, 78, 19, 41, 42, 21, 25, 26, 27, 30, 31, 32, 36, 40, 49, 51, 45, 46, 48, 47, 73, 74, 75, 50, 79, 80, 81, 55, 56, 57, 33, 34, 85, 86, 87, 35, 61, 62, 63
17
7, 8, 9, 14, 13, 15, 16, 17, 18, 39, 37, 52, 53, 1, 38, 67, 68, 69, 54, 70, 72, 71, 82, 83, 84, 0, 64, 65, 66, 28, 29, 12, 3, 10, 11, 43, 44, 20, 2, 4, 58, 59, 60, 5, 23, 24, 22, 6, 76, 77, 78, 19, 41, 42, 21, 25, 26, 27, 30, 31, 32, 36, 40, 49, 51, 45, 46, 48, 47, 73, 74, 75, 50, 79, 80, 81, 55, 56, 57, 33, 34, 85, 86, 87, 35, 61, 62, 63
16
7, 8, 9, 14, 13, 15, 16, 17, 18, 39, 37, 52, 53, 1, 38, 67, 68, 69, 54, 70, 72, 71, 82, 83, 84, 0, 64, 65, 66, 28, 29, 12, 3, 10, 11, 43, 44, 20, 2, 4, 58, 59, 60, 5, 23, 24, 22, 6, 76, 77, 78, 19, 41, 42, 21, 25, 26, 27, 30, 31, 32, 36, 40, 49, 51, 45, 46, 48, 47, 73, 74, 75, 50, 79, 80, 81, 55, 56, 57, 33, 34, 85, 86, 87, 35, 61, 62, 63
15
7, 8, 9, 14, 13, 15, 16, 17, 18, 39, 37, 52, 53, 1, 38, 67, 68, 69, 54, 70, 72, 71, 82, 83, 84, 0, 64, 65, 66, 28, 29, 12, 3, 10, 11, 43, 44, 20, 2, 4, 58, 59, 60, 5, 23, 24, 22, 6, 76, 77, 78, 19, 41, 42, 21, 25, 26, 27, 30, 31, 32, 36, 40, 49, 51, 45, 46, 48, 47, 73, 74, 75, 50, 79, 80, 81, 55, 56, 57, 33, 34, 85, 86, 87, 35, 61, 62, 63
14
7, 8, 9, 14, 13, 15, 16, 17, 18, 39, 37, 52, 53, 1, 38, 67, 68, 69, 54, 70, 72, 71, 82, 83, 84, 0, 64, 65, 66, 28, 29, 12, 3, 10, 11, 43, 44, 20, 2, 4, 58, 59, 60, 5, 23, 24, 22, 6, 76, 77, 78, 19, 41, 42, 21, 25, 26, 27, 30, 31, 32, 36, 40, 49, 51, 45, 46, 48, 47, 73, 74, 75, 50, 79, 80, 81, 55, 56, 57, 33, 34, 85, 86, 87, 35, 61, 62, 63
13
7, 8, 9, 14, 13, 15, 16, 17, 18, 39, 37, 52, 53, 1, 38, 67, 68, 69, 54, 70, 72, 71, 82, 83, 84, 0, 64, 65, 66, 28, 29, 12, 3, 10, 11, 43, 44, 20, 2, 4, 58, 59, 60, 5, 23, 24, 22, 6, 76, 77, 78, 19, 41, 42, 21, 25, 26, 27, 30, 31, 32, 36, 40, 49, 51, 45, 46, 48, 47, 73, 74, 75, 50, 79, 80, 81, 55, 56, 57, 33, 34, 85, 86, 87, 35, 61, 62, 63
12
7, 8, 9, 14, 13, 15, 16, 17, 18, 39, 37, 52, 53, 1, 38, 67, 68, 69, 54, 70, 72, 71, 82, 83, 84, 0, 64, 65, 66, 28, 29, 12, 3, 10, 11, 43, 44, 20, 2, 4, 58, 59, 60, 5, 23, 24, 22, 6, 76, 77, 78, 19, 41, 42, 21, 25, 26, 27, 30, 31, 32, 36, 40, 49, 51, 45, 46, 48, 47, 73, 74, 75, 50, 79, 80, 81, 55, 56, 57, 33, 34, 85, 86, 87, 35, 61, 62, 63
11
7, 8, 9, 14, 13, 15, 16, 17, 18, 39, 37, 52, 53, 1, 38, 67, 68, 69, 54, 70, 72, 71, 82, 83, 84, 0, 64, 65, 66, 28, 29, 12, 3, 10, 11, 43, 44, 20, 2, 4, 58, 59, 60, 5, 23, 24, 22, 6, 76, 77, 78, 19, 41, 42, 21, 25, 26, 27, 30, 31, 32, 36, 40, 49, 51, 45, 46, 48, 47, 73, 74, 75, 50, 79, 80, 81, 55, 56, 57, 33, 34, 85, 86, 87, 35, 61, 62, 63
10
7, 8, 9, 14, 13, 15, 16, 17, 18, 39, 37, 52, 53, 1, 38, 67, 68, 69, 54, 70, 72, 71, 82, 83, 84, 0, 64, 65, 66, 28, 29, 12, 3, 10, 11, 43, 44, 20, 25, 26, 2, 21, 27, 4, 58, 59, 60, 5, 23, 24, 22, 6, 76, 77, 78, 19, 41, 42, 30, 31, 32, 36, 40, 49, 51, 45, 46, 48, 47, 73, 74, 75, 50, 79, 80, 81, 55, 56, 57, 33, 34, 85, 86, 87, 35, 61, 62, 63
9
7, 8, 9, 14, 13, 15, 16, 17, 18, 39, 37, 52, 53, 1, 38, 67, 68, 69, 54, 70, 72, 71, 82, 83, 84, 0, 64, 65, 66, 28, 29, 12, 3, 10, 11, 43, 44, 45, 46, 48, 47, 73, 74, 75, 20, 25, 26, 2, 21, 27, 4, 58, 59, 60, 5, 23, 24, 22, 6, 76, 77, 78, 19, 41, 42, 30, 31, 32, 36, 40, 49, 51, 50, 79, 80, 81, 55, 56, 57, 33, 34, 85, 86, 87, 35, 61, 62, 63
8
7, 8, 9, 14, 13, 15, 16, 17, 18, 39, 37, 52, 53, 1, 38, 67, 68, 69, 54, 70, 72, 71, 82, 83, 84, 0, 64, 65, 66, 28, 29, 4, 58, 59, 60, 12, 3, 5, 23, 24, 22, 6, 76, 77, 78, 10, 11, 43, 44, 45, 46, 48, 47, 73, 74, 75, 20, 2, 25, 26, 21, 27, 19, 41, 42, 30, 31, 32, 36, 40, 49, 51, 50, 79, 80, 81, 55, 56, 57, 33, 34, 85, 86, 87, 35, 61, 62, 63
7
7, 8, 9, 14, 15, 16, 17, 18, 13, 39, 37, 52, 53, 38, 67, 68, 69, 1, 54, 70, 72, 71, 82, 83, 84, 0, 64, 65, 66, 4, 58, 59, 60, 28, 29, 5, 23, 24, 22, 6, 76, 77, 78, 12, 3, 10, 11, 43, 44, 45, 46, 48, 47, 73, 74, 75, 20, 2, 25, 26, 21, 27, 19, 41, 42, 30, 31, 32, 40, 49, 51, 50, 79, 80, 81, 36, 55, 56, 57, 33, 34, 85, 86, 87, 35, 61, 62, 63
6
7, 8, 9, 16, 17, 14, 15, 18, 13, 67, 68, 39, 37, 52, 53, 38, 69, 1, 54, 70, 72, 71, 82, 83, 84, 4, 59, 58, 0, 60, 64, 65, 66, 5, 23, 24, 22, 6, 76, 77, 78, 73, 74, 75, 48, 46, 47, 28, 29, 12, 3, 11, 43, 10, 44, 45, 20, 2, 25, 26, 21, 27, 19, 41, 42, 30, 31, 40, 49, 51, 50, 79, 80, 81, 32, 36, 55, 56, 57, 33, 34, 85, 86, 87, 35, 61, 62, 63
5
7, 9, 16, 17, 14, 15, 18, 13, 67, 68, 39, 37, 38, 69, 8, 52, 53, 54, 70, 72, 71, 82, 83, 84, 79, 80, 81, 49, 51, 50, 41, 42, 40, 21, 26, 20, 2, 25, 27, 19, 1, 4, 59, 58, 0, 60, 64, 65, 66, 5, 23, 24, 22, 6, 76, 77, 78, 73, 74, 75, 48, 46, 47, 3, 12, 11, 43, 44, 45, 28, 29, 10, 30, 31, 32, 55, 56, 57, 33, 36, 34, 85, 86, 87, 35, 61, 62, 63
../benchmark_instances/2023result/docs/solver/benchmark/2022benchmark/benchmark/color04/mug88_1.col	88	146	5	58
	Command being timed: "timeout 1h java -Xms1024g -Xmx1024g -Xss134m -cp ../src/pathwidth.jar Pathwidth ../benchmark_instances/2023result/docs/solver/benchmark/2022benchmark/benchmark/color04/mug88_1.col"
	User time (seconds): 0.63
	System time (seconds): 1.42
	Percent of CPU this job got: 110%
	Elapsed (wall clock) time (h:mm:ss or m:ss): 0:01.86
	Average shared text size (kbytes): 0
	Average unshared data size (kbytes): 0
	Average stack size (kbytes): 0
	Average total size (kbytes): 0
	Maximum resident set size (kbytes): 4827420
	Average resident set size (kbytes): 0
	Major (requiring I/O) page faults: 0
	Minor (reclaiming a frame) page faults: 133415
	Voluntary context switches: 2196
	Involuntary context switches: 6
	Swaps: 0
	File system inputs: 8
	File system outputs: 160
	Socket messages sent: 0
	Socket messages received: 0
	Signals delivered: 0
	Page size (bytes): 4096
	Exit status: 0
