../benchmark_instances/2023result/docs/solver/benchmark/2022benchmark/benchmark/color04/myciel6.col
95
86, 88, 89, 87, 90, 81, 83, 84, 82, 85, 91, 75, 77, 78, 76, 79, 70, 72, 73, 71, 74, 80, 92, 63, 65, 66, 64, 67, 58, 60, 61, 59, 62, 68, 45, 28, 16, 18, 30, 19, 31, 17, 20, 29, 32, 39, 40, 41, 42, 43, 57, 11, 23, 13, 25, 14, 26, 10, 12, 15, 21, 24, 27, 33, 94, 34, 1, 36, 48, 3, 38, 50, 2, 35, 49, 0, 4, 37, 47, 51, 5, 6, 7, 8, 9, 22, 44, 46, 52, 53, 54, 55, 56, 69, 93
94
86, 88, 89, 87, 90, 81, 83, 84, 82, 85, 91, 75, 77, 78, 76, 79, 70, 72, 73, 71, 74, 80, 92, 63, 65, 66, 64, 67, 58, 60, 61, 59, 62, 68, 45, 28, 16, 18, 30, 19, 31, 17, 20, 29, 32, 39, 40, 41, 42, 43, 57, 11, 23, 13, 25, 14, 26, 10, 12, 15, 21, 24, 27, 33, 94, 34, 1, 36, 48, 3, 38, 50, 2, 35, 49, 0, 4, 37, 47, 51, 5, 6, 7, 8, 9, 22, 44, 46, 52, 53, 54, 55, 56, 69, 93
93
86, 88, 89, 87, 90, 81, 83, 84, 82, 85, 91, 75, 77, 78, 76, 79, 70, 72, 73, 71, 74, 80, 92, 63, 65, 66, 64, 67, 58, 60, 61, 59, 62, 68, 45, 28, 16, 18, 30, 19, 31, 17, 20, 29, 32, 39, 40, 41, 42, 43, 57, 11, 23, 13, 25, 14, 26, 10, 12, 15, 21, 24, 27, 33, 94, 34, 1, 36, 48, 3, 38, 50, 2, 35, 49, 0, 4, 37, 47, 51, 5, 6, 7, 8, 9, 22, 44, 46, 52, 53, 54, 55, 56, 69, 93
92
86, 88, 89, 87, 90, 81, 83, 84, 82, 85, 91, 75, 77, 78, 76, 79, 70, 72, 73, 71, 74, 80, 92, 63, 65, 66, 64, 67, 58, 60, 61, 59, 62, 68, 45, 28, 16, 18, 30, 19, 31, 17, 20, 29, 32, 39, 40, 41, 42, 43, 57, 11, 23, 13, 25, 14, 26, 10, 12, 15, 21, 24, 27, 33, 94, 34, 1, 36, 48, 3, 38, 50, 2, 35, 49, 0, 4, 37, 47, 51, 5, 6, 7, 8, 9, 22, 44, 46, 52, 53, 54, 55, 56, 69, 93
91
86, 88, 89, 87, 90, 81, 83, 84, 82, 85, 91, 75, 77, 78, 76, 79, 70, 72, 73, 71, 74, 80, 92, 63, 65, 66, 64, 67, 58, 60, 61, 59, 62, 68, 45, 28, 16, 18, 30, 19, 31, 17, 20, 29, 32, 39, 40, 41, 42, 43, 57, 11, 23, 13, 25, 14, 26, 10, 12, 15, 21, 24, 27, 33, 94, 34, 1, 36, 48, 3, 38, 50, 2, 35, 49, 0, 4, 37, 47, 51, 5, 6, 7, 8, 9, 22, 44, 46, 52, 53, 54, 55, 56, 69, 93
90
86, 88, 89, 87, 90, 81, 83, 84, 82, 85, 91, 75, 77, 78, 76, 79, 70, 72, 73, 71, 74, 80, 92, 63, 65, 66, 64, 67, 58, 60, 61, 59, 62, 68, 45, 28, 16, 18, 30, 19, 31, 17, 20, 29, 32, 39, 40, 41, 42, 43, 57, 11, 23, 13, 25, 14, 26, 10, 12, 15, 21, 24, 27, 33, 94, 34, 1, 36, 48, 3, 38, 50, 2, 35, 49, 0, 4, 37, 47, 51, 5, 6, 7, 8, 9, 22, 44, 46, 52, 53, 54, 55, 56, 69, 93
89
86, 88, 89, 87, 90, 81, 83, 84, 82, 85, 91, 75, 77, 78, 76, 79, 70, 72, 73, 71, 74, 80, 92, 63, 65, 66, 64, 67, 58, 60, 61, 59, 62, 68, 45, 28, 16, 18, 30, 19, 31, 17, 20, 29, 32, 39, 40, 41, 42, 43, 57, 11, 23, 13, 25, 14, 26, 10, 12, 15, 21, 24, 27, 33, 94, 34, 1, 36, 48, 3, 38, 50, 2, 35, 49, 0, 4, 37, 47, 51, 5, 6, 7, 8, 9, 22, 44, 46, 52, 53, 54, 55, 56, 69, 93
88
86, 88, 89, 87, 90, 81, 83, 84, 82, 85, 91, 75, 77, 78, 76, 79, 70, 72, 73, 71, 74, 80, 92, 63, 65, 66, 64, 67, 58, 60, 61, 59, 62, 68, 45, 28, 16, 18, 30, 19, 31, 17, 20, 29, 32, 39, 40, 41, 42, 43, 57, 11, 23, 13, 25, 14, 26, 10, 12, 15, 21, 24, 27, 33, 94, 34, 1, 36, 48, 3, 38, 50, 2, 35, 49, 0, 4, 37, 47, 51, 5, 6, 7, 8, 9, 22, 44, 46, 52, 53, 54, 55, 56, 69, 93
87
86, 88, 89, 87, 90, 81, 83, 84, 82, 85, 91, 75, 77, 78, 76, 79, 70, 72, 73, 71, 74, 80, 92, 63, 65, 66, 64, 67, 58, 60, 61, 59, 62, 68, 45, 28, 16, 18, 30, 19, 31, 17, 20, 29, 32, 39, 40, 41, 42, 43, 57, 11, 23, 13, 25, 14, 26, 10, 12, 15, 21, 24, 27, 33, 94, 34, 1, 36, 48, 3, 38, 50, 2, 35, 49, 0, 4, 37, 47, 51, 5, 6, 7, 8, 9, 22, 44, 46, 52, 53, 54, 55, 56, 69, 93
86
86, 88, 89, 87, 90, 81, 83, 84, 82, 85, 91, 75, 77, 78, 76, 79, 70, 72, 73, 71, 74, 80, 92, 63, 65, 66, 64, 67, 58, 60, 61, 59, 62, 68, 45, 28, 16, 18, 30, 19, 31, 17, 20, 29, 32, 39, 40, 41, 42, 43, 57, 11, 23, 13, 25, 14, 26, 10, 12, 15, 21, 24, 27, 33, 94, 34, 1, 36, 48, 3, 38, 50, 2, 35, 49, 0, 4, 37, 47, 51, 5, 6, 7, 8, 9, 22, 44, 46, 52, 53, 54, 55, 56, 69, 93
85
86, 88, 89, 87, 90, 81, 83, 84, 82, 85, 91, 75, 77, 78, 76, 79, 70, 72, 73, 71, 74, 80, 92, 63, 65, 66, 64, 67, 58, 60, 61, 59, 62, 68, 45, 28, 16, 18, 30, 19, 31, 17, 20, 29, 32, 39, 40, 41, 42, 43, 57, 11, 23, 13, 25, 14, 26, 10, 12, 15, 21, 24, 27, 33, 94, 34, 1, 36, 48, 3, 38, 50, 2, 35, 49, 0, 4, 37, 47, 51, 5, 6, 7, 8, 9, 22, 44, 46, 52, 53, 54, 55, 56, 69, 93
84
86, 88, 89, 87, 90, 81, 83, 84, 82, 85, 91, 75, 77, 78, 76, 79, 70, 72, 73, 71, 74, 80, 92, 63, 65, 66, 64, 67, 58, 60, 61, 59, 62, 68, 45, 28, 16, 18, 30, 19, 31, 17, 20, 29, 32, 39, 40, 41, 42, 43, 57, 11, 23, 13, 25, 14, 26, 10, 12, 15, 21, 24, 27, 33, 94, 34, 1, 36, 48, 3, 38, 50, 2, 35, 49, 0, 4, 37, 47, 51, 5, 6, 7, 8, 9, 22, 44, 46, 52, 53, 54, 55, 56, 69, 93
83
86, 88, 89, 87, 90, 81, 83, 84, 82, 85, 91, 75, 77, 78, 76, 79, 70, 72, 73, 71, 74, 80, 92, 63, 65, 66, 64, 67, 58, 60, 61, 59, 62, 68, 45, 28, 16, 18, 30, 19, 31, 17, 20, 29, 32, 39, 40, 41, 42, 43, 57, 11, 23, 13, 25, 14, 26, 10, 12, 15, 21, 24, 27, 33, 94, 34, 1, 36, 48, 3, 38, 50, 2, 35, 49, 0, 4, 37, 47, 51, 5, 6, 7, 8, 9, 22, 44, 46, 52, 53, 54, 55, 56, 69, 93
82
86, 88, 89, 87, 90, 81, 83, 84, 82, 85, 91, 75, 77, 78, 76, 79, 70, 72, 73, 71, 74, 80, 92, 63, 65, 66, 64, 67, 58, 60, 61, 59, 62, 68, 45, 28, 16, 18, 30, 19, 31, 17, 20, 29, 32, 39, 40, 41, 42, 43, 57, 11, 23, 13, 25, 14, 26, 10, 12, 15, 21, 24, 27, 33, 94, 34, 1, 36, 48, 3, 38, 50, 2, 35, 49, 0, 4, 37, 47, 51, 5, 6, 7, 8, 9, 22, 44, 46, 52, 53, 54, 55, 56, 69, 93
81
86, 88, 89, 87, 90, 81, 83, 84, 82, 85, 91, 75, 77, 78, 76, 79, 70, 72, 73, 71, 74, 80, 92, 63, 65, 66, 64, 67, 58, 60, 61, 59, 62, 68, 45, 28, 16, 18, 30, 19, 31, 17, 20, 29, 32, 39, 40, 41, 42, 43, 57, 11, 23, 13, 25, 14, 26, 10, 12, 15, 21, 24, 27, 33, 94, 34, 1, 36, 48, 3, 38, 50, 2, 35, 49, 0, 4, 37, 47, 51, 5, 6, 7, 8, 9, 22, 44, 46, 52, 53, 54, 55, 56, 69, 93
80
86, 88, 89, 87, 90, 81, 83, 84, 82, 85, 91, 75, 77, 78, 76, 79, 70, 72, 73, 71, 74, 80, 92, 63, 65, 66, 64, 67, 58, 60, 61, 59, 62, 68, 45, 28, 16, 18, 30, 19, 31, 17, 20, 29, 32, 39, 40, 41, 42, 43, 57, 11, 23, 13, 25, 14, 26, 10, 12, 15, 21, 24, 27, 33, 94, 34, 1, 36, 48, 3, 38, 50, 2, 35, 49, 0, 4, 37, 47, 51, 5, 6, 7, 8, 9, 22, 44, 46, 52, 53, 54, 55, 56, 69, 93
79
86, 88, 89, 87, 90, 81, 83, 84, 82, 85, 91, 75, 77, 78, 76, 79, 70, 72, 73, 71, 74, 80, 92, 63, 65, 66, 64, 67, 58, 60, 61, 59, 62, 68, 45, 28, 16, 18, 30, 19, 31, 17, 20, 29, 32, 39, 40, 41, 42, 43, 57, 11, 23, 13, 25, 14, 26, 10, 12, 15, 21, 24, 27, 33, 94, 34, 1, 36, 48, 3, 38, 50, 2, 35, 49, 0, 4, 37, 47, 51, 5, 6, 7, 8, 9, 22, 44, 46, 52, 53, 54, 55, 56, 69, 93
78
86, 88, 89, 87, 90, 81, 83, 84, 82, 85, 91, 75, 77, 78, 76, 79, 70, 72, 73, 71, 74, 80, 92, 63, 65, 66, 64, 67, 58, 60, 61, 59, 62, 68, 45, 28, 16, 18, 30, 19, 31, 17, 20, 29, 32, 39, 40, 41, 42, 43, 57, 11, 23, 13, 25, 14, 26, 10, 12, 15, 21, 24, 27, 33, 94, 34, 1, 36, 48, 3, 38, 50, 2, 35, 49, 0, 4, 37, 47, 51, 5, 6, 7, 8, 9, 22, 44, 46, 52, 53, 54, 55, 56, 69, 93
77
86, 88, 89, 87, 90, 81, 83, 84, 82, 85, 91, 75, 77, 78, 76, 79, 70, 72, 73, 71, 74, 80, 92, 63, 65, 66, 64, 67, 58, 60, 61, 59, 62, 68, 45, 28, 16, 18, 30, 19, 31, 17, 20, 29, 32, 39, 40, 41, 42, 43, 57, 11, 23, 13, 25, 14, 26, 10, 12, 15, 21, 24, 27, 33, 94, 34, 1, 36, 48, 3, 38, 50, 2, 35, 49, 0, 4, 37, 47, 51, 5, 6, 7, 8, 9, 22, 44, 46, 52, 53, 54, 55, 56, 69, 93
76
86, 88, 89, 87, 90, 81, 83, 84, 82, 85, 91, 75, 77, 78, 76, 79, 70, 72, 73, 71, 74, 80, 92, 63, 65, 66, 64, 67, 58, 60, 61, 59, 62, 68, 45, 28, 16, 18, 30, 19, 31, 17, 20, 29, 32, 39, 40, 41, 42, 43, 57, 11, 23, 13, 25, 14, 26, 10, 12, 15, 21, 24, 27, 33, 94, 34, 1, 36, 48, 3, 38, 50, 2, 35, 49, 0, 4, 37, 47, 51, 5, 6, 7, 8, 9, 22, 44, 46, 52, 53, 54, 55, 56, 69, 93
75
86, 88, 89, 87, 90, 81, 83, 84, 82, 85, 91, 75, 77, 78, 76, 79, 70, 72, 73, 71, 74, 80, 92, 63, 65, 66, 64, 67, 58, 60, 61, 59, 62, 68, 45, 28, 16, 18, 30, 19, 31, 17, 20, 29, 32, 39, 40, 41, 42, 43, 57, 11, 23, 13, 25, 14, 26, 10, 12, 15, 21, 24, 27, 33, 94, 34, 1, 36, 48, 3, 38, 50, 2, 35, 49, 0, 4, 37, 47, 51, 5, 6, 7, 8, 9, 22, 44, 46, 52, 53, 54, 55, 56, 69, 93
74
86, 88, 89, 87, 90, 81, 83, 84, 82, 85, 91, 75, 77, 78, 76, 79, 70, 72, 73, 71, 74, 80, 92, 63, 65, 66, 64, 67, 58, 60, 61, 59, 62, 68, 45, 28, 16, 18, 30, 19, 31, 17, 20, 29, 32, 39, 40, 41, 42, 43, 57, 11, 23, 13, 25, 14, 26, 10, 12, 15, 21, 24, 27, 33, 94, 34, 1, 36, 48, 3, 38, 50, 2, 35, 49, 0, 4, 37, 47, 51, 5, 6, 7, 8, 9, 22, 44, 46, 52, 53, 54, 55, 56, 69, 93
73
86, 88, 89, 87, 90, 81, 83, 84, 82, 85, 91, 75, 77, 78, 76, 79, 70, 72, 73, 71, 74, 80, 92, 63, 65, 66, 64, 67, 58, 60, 61, 59, 62, 68, 45, 28, 16, 18, 30, 19, 31, 17, 20, 29, 32, 39, 40, 41, 42, 43, 57, 11, 23, 13, 25, 14, 26, 10, 12, 15, 21, 24, 27, 33, 94, 34, 1, 36, 48, 3, 38, 50, 2, 35, 49, 0, 4, 37, 47, 51, 5, 6, 7, 8, 9, 22, 44, 46, 52, 53, 54, 55, 56, 69, 93
72
86, 88, 89, 87, 90, 81, 83, 84, 82, 85, 91, 75, 77, 78, 76, 79, 70, 72, 73, 71, 74, 80, 92, 63, 65, 66, 64, 67, 58, 60, 61, 59, 62, 68, 45, 28, 16, 18, 30, 19, 31, 17, 20, 29, 32, 39, 40, 41, 42, 43, 57, 11, 23, 13, 25, 14, 26, 10, 12, 15, 21, 24, 27, 33, 94, 34, 1, 36, 48, 3, 38, 50, 2, 35, 49, 0, 4, 37, 47, 51, 5, 6, 7, 8, 9, 22, 44, 46, 52, 53, 54, 55, 56, 69, 93
71
86, 88, 89, 87, 90, 81, 83, 84, 82, 85, 91, 75, 77, 78, 76, 79, 70, 72, 73, 71, 74, 80, 92, 63, 65, 66, 64, 67, 58, 60, 61, 59, 62, 68, 45, 28, 16, 18, 30, 19, 31, 17, 20, 29, 32, 39, 40, 41, 42, 43, 57, 11, 23, 13, 25, 14, 26, 10, 12, 15, 21, 24, 27, 33, 94, 34, 1, 36, 48, 3, 38, 50, 2, 35, 49, 0, 4, 37, 47, 51, 5, 6, 7, 8, 9, 22, 44, 46, 52, 53, 54, 55, 56, 69, 93
70
86, 88, 89, 87, 90, 81, 83, 84, 82, 85, 91, 75, 77, 78, 76, 79, 70, 72, 73, 71, 74, 80, 92, 63, 65, 66, 64, 67, 58, 60, 61, 59, 62, 68, 45, 28, 16, 18, 30, 19, 31, 17, 20, 29, 32, 39, 40, 41, 42, 43, 57, 11, 23, 13, 25, 14, 26, 10, 12, 15, 21, 24, 27, 33, 94, 34, 1, 36, 48, 3, 38, 50, 2, 35, 49, 0, 4, 37, 47, 51, 5, 6, 7, 8, 9, 22, 44, 46, 52, 53, 54, 55, 56, 69, 93
69
86, 88, 89, 87, 90, 81, 83, 84, 82, 85, 91, 75, 77, 78, 76, 79, 70, 72, 73, 71, 74, 80, 92, 63, 65, 66, 64, 67, 58, 60, 61, 59, 62, 68, 45, 28, 16, 18, 30, 19, 31, 17, 20, 29, 32, 39, 40, 41, 42, 43, 57, 11, 23, 13, 25, 14, 26, 10, 12, 15, 21, 24, 27, 33, 94, 34, 1, 36, 48, 3, 38, 50, 2, 35, 49, 0, 4, 37, 47, 51, 5, 6, 7, 8, 9, 22, 44, 46, 52, 53, 54, 55, 56, 69, 93
68
86, 88, 89, 87, 90, 81, 83, 84, 82, 85, 91, 75, 77, 78, 76, 79, 70, 72, 73, 71, 74, 80, 92, 63, 65, 66, 64, 67, 58, 60, 61, 59, 62, 68, 45, 28, 16, 18, 30, 19, 31, 17, 20, 29, 32, 39, 40, 41, 42, 43, 57, 11, 23, 13, 25, 14, 26, 10, 12, 15, 21, 24, 27, 33, 94, 34, 1, 36, 48, 3, 38, 50, 2, 35, 49, 0, 4, 37, 47, 51, 5, 6, 7, 8, 9, 22, 44, 46, 52, 53, 54, 55, 56, 69, 93
67
86, 88, 89, 87, 90, 81, 83, 84, 82, 85, 91, 75, 77, 78, 76, 79, 70, 72, 73, 71, 74, 80, 92, 63, 65, 66, 64, 67, 58, 60, 61, 59, 62, 68, 45, 28, 16, 18, 30, 19, 31, 17, 20, 29, 32, 39, 40, 41, 42, 43, 57, 11, 23, 13, 25, 14, 26, 10, 12, 15, 21, 24, 27, 33, 94, 34, 1, 36, 48, 3, 38, 50, 2, 35, 49, 0, 4, 37, 47, 51, 5, 6, 7, 8, 9, 22, 44, 46, 52, 53, 54, 55, 56, 69, 93
66
86, 88, 89, 87, 90, 81, 83, 84, 82, 85, 91, 75, 77, 78, 76, 79, 70, 72, 73, 71, 74, 80, 92, 63, 65, 66, 64, 67, 58, 60, 61, 59, 62, 68, 45, 28, 16, 18, 30, 19, 31, 17, 20, 29, 32, 39, 40, 41, 42, 43, 57, 11, 23, 13, 25, 14, 26, 10, 12, 15, 21, 24, 27, 33, 94, 34, 1, 36, 48, 3, 38, 50, 2, 35, 49, 0, 4, 37, 47, 51, 5, 6, 7, 8, 9, 22, 44, 46, 52, 53, 54, 55, 56, 69, 93
65
86, 88, 89, 87, 90, 81, 83, 84, 82, 85, 91, 75, 77, 78, 76, 79, 70, 72, 73, 71, 74, 80, 92, 63, 65, 66, 64, 67, 58, 60, 61, 59, 62, 68, 45, 28, 16, 18, 30, 19, 31, 17, 20, 29, 32, 39, 40, 41, 42, 43, 57, 11, 23, 13, 25, 14, 26, 10, 12, 15, 21, 24, 27, 33, 94, 34, 1, 36, 48, 3, 38, 50, 2, 35, 49, 0, 4, 37, 47, 51, 5, 6, 7, 8, 9, 22, 44, 46, 52, 53, 54, 55, 56, 69, 93
64
86, 88, 89, 87, 90, 81, 83, 84, 82, 85, 91, 75, 77, 78, 76, 79, 70, 72, 73, 71, 74, 80, 92, 63, 65, 66, 64, 67, 58, 60, 61, 59, 62, 68, 45, 28, 16, 18, 30, 19, 31, 17, 20, 29, 32, 39, 40, 41, 42, 43, 57, 11, 23, 13, 25, 14, 26, 10, 12, 15, 21, 24, 27, 33, 94, 34, 1, 36, 48, 3, 38, 50, 2, 35, 49, 0, 4, 37, 47, 51, 5, 6, 7, 8, 9, 22, 44, 46, 52, 53, 54, 55, 56, 69, 93
63
86, 88, 89, 87, 90, 81, 83, 84, 82, 85, 91, 75, 77, 78, 76, 79, 70, 72, 73, 71, 74, 80, 92, 63, 65, 66, 64, 67, 58, 60, 61, 59, 62, 68, 45, 28, 16, 18, 30, 19, 31, 17, 20, 29, 32, 39, 40, 41, 42, 43, 57, 11, 23, 13, 25, 14, 26, 10, 12, 15, 21, 24, 27, 33, 94, 34, 1, 36, 48, 3, 38, 50, 2, 35, 49, 0, 4, 37, 47, 51, 5, 6, 7, 8, 9, 22, 44, 46, 52, 53, 54, 55, 56, 69, 93
62
86, 88, 89, 87, 90, 81, 83, 84, 82, 85, 91, 75, 77, 78, 76, 79, 70, 72, 73, 71, 74, 80, 92, 63, 65, 66, 64, 67, 58, 60, 61, 59, 62, 68, 45, 28, 16, 18, 30, 19, 31, 17, 20, 29, 32, 39, 40, 41, 42, 43, 57, 11, 23, 13, 25, 14, 26, 10, 12, 15, 21, 24, 27, 33, 94, 34, 1, 36, 48, 3, 38, 50, 2, 35, 49, 0, 4, 37, 47, 51, 5, 6, 7, 8, 9, 22, 44, 46, 52, 53, 54, 55, 56, 69, 93
61
86, 88, 89, 87, 90, 81, 83, 84, 82, 85, 91, 75, 77, 78, 76, 79, 70, 72, 73, 71, 74, 80, 92, 63, 65, 66, 64, 67, 58, 60, 61, 59, 62, 68, 45, 28, 16, 18, 30, 19, 31, 17, 20, 29, 32, 39, 40, 41, 42, 43, 57, 11, 23, 13, 25, 14, 26, 10, 12, 15, 21, 24, 27, 33, 94, 34, 1, 36, 48, 3, 38, 50, 2, 35, 49, 0, 4, 37, 47, 51, 5, 6, 7, 8, 9, 22, 44, 46, 52, 53, 54, 55, 56, 69, 93
60
86, 88, 89, 87, 90, 81, 83, 84, 82, 85, 91, 75, 77, 78, 76, 79, 70, 72, 73, 71, 74, 80, 92, 63, 65, 66, 64, 67, 58, 60, 61, 59, 62, 68, 45, 28, 16, 18, 30, 19, 31, 17, 20, 29, 32, 39, 40, 41, 42, 43, 57, 11, 23, 13, 25, 14, 26, 10, 12, 15, 21, 24, 27, 33, 94, 34, 1, 36, 48, 3, 38, 50, 2, 35, 49, 0, 4, 37, 47, 51, 5, 6, 7, 8, 9, 22, 44, 46, 52, 53, 54, 55, 56, 69, 93
59
86, 88, 89, 87, 90, 81, 83, 84, 82, 85, 91, 75, 77, 78, 76, 79, 70, 72, 73, 71, 74, 80, 92, 63, 65, 66, 64, 67, 58, 60, 61, 59, 62, 68, 45, 28, 16, 18, 30, 19, 31, 17, 20, 29, 32, 39, 40, 41, 42, 43, 57, 11, 23, 13, 25, 14, 26, 10, 12, 15, 21, 24, 27, 33, 94, 34, 1, 36, 48, 3, 38, 50, 2, 35, 49, 0, 4, 37, 47, 51, 5, 6, 7, 8, 9, 22, 44, 46, 52, 53, 54, 55, 56, 69, 93
58
86, 88, 89, 87, 90, 81, 83, 84, 82, 85, 91, 75, 77, 78, 76, 79, 70, 72, 73, 71, 74, 80, 92, 63, 65, 66, 64, 67, 58, 60, 61, 59, 62, 68, 45, 28, 16, 18, 30, 19, 31, 17, 20, 29, 32, 39, 40, 41, 42, 43, 57, 11, 23, 13, 25, 14, 26, 10, 12, 15, 21, 24, 27, 33, 94, 34, 1, 36, 48, 3, 38, 50, 2, 35, 49, 0, 4, 37, 47, 51, 5, 6, 7, 8, 9, 22, 44, 46, 52, 53, 54, 55, 56, 69, 93
57
86, 88, 89, 87, 90, 81, 83, 84, 82, 85, 91, 75, 77, 78, 76, 79, 70, 72, 73, 71, 74, 80, 92, 63, 65, 66, 64, 67, 58, 60, 61, 59, 62, 68, 45, 28, 16, 18, 30, 19, 31, 17, 20, 29, 32, 39, 40, 41, 42, 43, 57, 11, 23, 13, 25, 14, 26, 10, 12, 15, 21, 24, 27, 33, 94, 34, 1, 36, 48, 3, 38, 50, 2, 35, 49, 0, 4, 37, 47, 51, 5, 6, 7, 8, 9, 22, 44, 46, 52, 53, 54, 55, 56, 69, 93
56
86, 88, 89, 87, 90, 81, 83, 84, 82, 85, 91, 75, 77, 78, 76, 79, 70, 72, 73, 71, 74, 80, 92, 63, 65, 66, 64, 67, 58, 60, 61, 59, 62, 68, 45, 28, 16, 18, 30, 19, 31, 17, 20, 29, 32, 39, 40, 41, 42, 43, 57, 11, 23, 13, 25, 14, 26, 10, 12, 15, 21, 24, 27, 33, 94, 34, 1, 36, 48, 3, 38, 50, 2, 35, 49, 0, 4, 37, 47, 51, 5, 6, 7, 8, 9, 22, 44, 46, 52, 53, 54, 55, 56, 69, 93
55
86, 88, 89, 87, 90, 81, 83, 84, 82, 85, 91, 75, 77, 78, 76, 79, 70, 72, 73, 71, 74, 80, 92, 63, 65, 66, 64, 67, 58, 60, 61, 59, 62, 68, 45, 28, 16, 18, 30, 19, 31, 17, 20, 29, 32, 39, 40, 41, 42, 43, 57, 11, 23, 13, 25, 14, 26, 10, 12, 15, 21, 24, 27, 33, 94, 34, 1, 36, 48, 3, 38, 50, 2, 35, 49, 0, 4, 37, 47, 51, 5, 6, 7, 8, 9, 22, 44, 46, 52, 53, 54, 55, 56, 69, 93
54
86, 88, 89, 87, 90, 81, 83, 84, 82, 85, 91, 75, 77, 78, 76, 79, 70, 72, 73, 71, 74, 80, 92, 63, 65, 66, 64, 67, 58, 60, 61, 59, 62, 68, 45, 28, 16, 18, 30, 19, 31, 17, 20, 29, 32, 39, 40, 41, 42, 43, 57, 11, 23, 13, 25, 14, 26, 10, 12, 15, 21, 24, 27, 33, 94, 34, 1, 36, 48, 3, 38, 50, 2, 35, 49, 0, 4, 37, 47, 51, 5, 6, 7, 8, 9, 22, 44, 46, 52, 53, 54, 55, 56, 69, 93
53
86, 88, 89, 87, 90, 81, 83, 84, 82, 85, 91, 75, 77, 78, 76, 79, 70, 72, 73, 71, 74, 80, 92, 63, 65, 66, 64, 67, 58, 60, 61, 59, 62, 68, 45, 28, 16, 18, 30, 19, 31, 17, 20, 29, 32, 39, 40, 41, 42, 43, 57, 11, 23, 13, 25, 14, 26, 10, 12, 15, 21, 24, 27, 33, 94, 34, 1, 36, 48, 3, 38, 50, 2, 35, 49, 0, 4, 37, 47, 51, 5, 6, 7, 8, 9, 22, 44, 46, 52, 53, 54, 55, 56, 69, 93
52
86, 88, 89, 87, 90, 81, 83, 84, 82, 85, 91, 75, 77, 78, 76, 79, 70, 72, 73, 71, 74, 80, 92, 63, 65, 66, 64, 67, 58, 60, 61, 59, 62, 68, 45, 28, 16, 18, 30, 19, 31, 17, 20, 29, 32, 39, 40, 41, 42, 43, 57, 11, 23, 13, 25, 14, 26, 10, 12, 15, 21, 24, 27, 33, 94, 34, 1, 36, 48, 3, 38, 50, 2, 35, 49, 0, 4, 37, 47, 51, 5, 6, 7, 8, 9, 22, 44, 46, 52, 53, 54, 55, 56, 69, 93
51
86, 88, 89, 87, 90, 81, 83, 84, 82, 85, 91, 75, 77, 78, 76, 79, 70, 72, 73, 71, 74, 80, 92, 63, 65, 66, 64, 67, 58, 60, 61, 59, 62, 68, 45, 28, 16, 18, 30, 19, 31, 17, 20, 29, 32, 39, 40, 41, 42, 43, 57, 11, 23, 13, 25, 14, 26, 10, 12, 15, 21, 24, 27, 33, 94, 34, 1, 36, 48, 3, 38, 50, 2, 35, 49, 0, 4, 37, 47, 51, 5, 6, 7, 8, 9, 22, 44, 46, 52, 53, 54, 55, 56, 69, 93
50
86, 88, 89, 87, 90, 81, 83, 84, 82, 85, 91, 75, 77, 78, 76, 79, 70, 72, 73, 71, 74, 80, 92, 63, 65, 66, 64, 67, 58, 60, 61, 59, 62, 68, 45, 28, 16, 18, 30, 19, 31, 17, 20, 29, 32, 39, 40, 41, 42, 43, 57, 11, 23, 13, 25, 14, 26, 10, 12, 15, 21, 24, 27, 33, 94, 34, 1, 36, 48, 3, 38, 50, 2, 35, 49, 0, 4, 37, 47, 51, 5, 6, 7, 8, 9, 22, 44, 46, 52, 53, 54, 55, 56, 69, 93
49
86, 88, 89, 87, 90, 81, 83, 84, 82, 85, 91, 75, 77, 78, 76, 79, 70, 72, 73, 71, 74, 80, 92, 63, 65, 66, 64, 67, 58, 60, 61, 59, 62, 68, 45, 28, 16, 18, 30, 19, 31, 17, 20, 29, 32, 39, 40, 41, 42, 43, 57, 11, 23, 13, 25, 14, 26, 10, 12, 15, 21, 24, 27, 33, 94, 34, 1, 36, 48, 3, 38, 50, 2, 35, 49, 0, 4, 37, 47, 51, 5, 6, 7, 8, 9, 22, 44, 46, 52, 53, 54, 55, 56, 69, 93
48
86, 88, 89, 87, 90, 81, 83, 84, 82, 85, 91, 75, 77, 78, 76, 79, 70, 72, 73, 71, 74, 80, 92, 63, 65, 66, 64, 67, 58, 60, 61, 59, 62, 68, 45, 28, 16, 18, 30, 19, 31, 17, 20, 29, 32, 39, 40, 41, 42, 43, 57, 11, 23, 13, 25, 14, 26, 10, 12, 15, 21, 24, 27, 33, 94, 34, 1, 36, 48, 3, 38, 50, 2, 35, 49, 0, 4, 37, 47, 51, 5, 6, 7, 8, 9, 22, 44, 46, 52, 53, 54, 55, 56, 69, 93
47
86, 88, 89, 87, 90, 81, 83, 84, 82, 85, 91, 75, 77, 78, 76, 79, 70, 72, 73, 71, 74, 80, 92, 63, 65, 66, 64, 67, 58, 60, 61, 59, 62, 68, 45, 28, 16, 18, 30, 19, 31, 17, 20, 29, 32, 39, 40, 41, 42, 43, 57, 11, 23, 13, 25, 14, 26, 10, 12, 15, 21, 24, 27, 33, 94, 34, 1, 36, 48, 3, 38, 50, 2, 35, 49, 0, 4, 37, 47, 51, 5, 6, 7, 8, 9, 22, 44, 46, 52, 53, 54, 55, 56, 69, 93
46
86, 88, 89, 87, 90, 81, 83, 84, 82, 85, 91, 75, 77, 78, 76, 79, 70, 72, 73, 71, 74, 80, 92, 63, 65, 66, 64, 67, 58, 60, 61, 59, 62, 68, 45, 28, 16, 18, 30, 19, 31, 17, 20, 29, 32, 39, 40, 41, 42, 43, 57, 11, 23, 13, 25, 14, 26, 10, 12, 15, 21, 24, 27, 33, 94, 34, 1, 36, 48, 3, 38, 50, 2, 35, 49, 0, 4, 37, 47, 51, 5, 6, 7, 8, 9, 22, 44, 46, 52, 53, 54, 55, 56, 69, 93
45
86, 88, 89, 87, 90, 81, 83, 84, 82, 85, 91, 75, 77, 78, 76, 79, 70, 72, 73, 71, 74, 80, 92, 63, 65, 66, 64, 67, 58, 60, 61, 59, 62, 68, 45, 28, 16, 18, 30, 19, 31, 17, 20, 29, 32, 39, 40, 41, 42, 43, 57, 11, 23, 13, 25, 14, 26, 10, 12, 15, 21, 24, 27, 33, 94, 34, 1, 36, 48, 3, 38, 50, 2, 35, 49, 0, 4, 37, 47, 51, 5, 6, 7, 8, 9, 22, 44, 46, 52, 53, 54, 55, 56, 69, 93
44
86, 88, 89, 87, 90, 81, 83, 84, 82, 85, 91, 75, 77, 78, 76, 79, 70, 72, 73, 71, 74, 80, 92, 63, 65, 66, 64, 67, 58, 60, 61, 59, 62, 68, 45, 28, 16, 18, 30, 19, 31, 17, 20, 29, 32, 39, 40, 41, 42, 43, 57, 11, 23, 13, 25, 14, 26, 10, 12, 15, 21, 24, 27, 33, 94, 34, 1, 36, 48, 3, 38, 50, 2, 35, 49, 0, 4, 37, 47, 51, 5, 6, 7, 8, 9, 22, 44, 46, 52, 53, 54, 55, 56, 69, 93
43
86, 88, 89, 87, 90, 81, 83, 84, 82, 85, 91, 75, 77, 78, 76, 79, 70, 72, 73, 71, 74, 80, 92, 63, 65, 66, 64, 67, 58, 60, 61, 59, 62, 68, 45, 28, 16, 18, 30, 19, 31, 17, 20, 29, 32, 39, 40, 41, 42, 43, 57, 11, 23, 13, 25, 14, 26, 10, 12, 15, 21, 24, 27, 33, 94, 34, 1, 36, 48, 3, 38, 50, 2, 35, 49, 0, 4, 37, 47, 51, 5, 6, 7, 8, 9, 22, 44, 46, 52, 53, 54, 55, 56, 69, 93
42
86, 88, 89, 87, 90, 81, 83, 84, 82, 85, 91, 75, 77, 78, 76, 79, 70, 72, 73, 71, 74, 80, 92, 63, 65, 66, 64, 67, 58, 60, 61, 59, 62, 68, 45, 28, 16, 18, 30, 19, 31, 17, 20, 29, 32, 39, 40, 41, 42, 43, 57, 11, 23, 13, 25, 14, 26, 10, 12, 15, 21, 24, 27, 33, 94, 34, 1, 36, 48, 3, 38, 50, 2, 35, 49, 0, 4, 37, 47, 51, 5, 6, 7, 8, 9, 22, 44, 46, 52, 53, 54, 55, 56, 69, 93
41
86, 88, 89, 87, 90, 81, 83, 84, 82, 85, 91, 75, 77, 78, 76, 79, 70, 72, 73, 71, 74, 80, 92, 63, 65, 66, 64, 67, 58, 60, 61, 59, 62, 68, 45, 28, 16, 18, 30, 19, 31, 17, 20, 29, 32, 39, 40, 41, 42, 43, 57, 11, 23, 13, 25, 14, 26, 10, 12, 15, 21, 24, 27, 33, 94, 34, 1, 36, 48, 3, 38, 50, 2, 35, 49, 0, 4, 37, 47, 51, 5, 6, 7, 8, 9, 22, 44, 46, 52, 53, 54, 55, 56, 69, 93
40
86, 88, 89, 87, 90, 81, 83, 84, 82, 85, 91, 75, 77, 78, 76, 79, 70, 72, 73, 71, 74, 80, 92, 63, 65, 66, 64, 67, 58, 60, 61, 59, 62, 68, 45, 28, 16, 18, 30, 19, 31, 17, 20, 29, 32, 39, 40, 41, 42, 43, 57, 11, 23, 13, 25, 14, 26, 10, 12, 15, 21, 24, 27, 33, 94, 34, 1, 36, 48, 3, 38, 50, 2, 35, 49, 0, 4, 37, 47, 51, 5, 6, 7, 8, 9, 22, 44, 46, 52, 53, 54, 55, 56, 69, 93
39
86, 88, 89, 87, 90, 81, 83, 84, 82, 85, 91, 75, 77, 78, 76, 79, 70, 72, 73, 71, 74, 80, 92, 63, 65, 66, 64, 67, 58, 60, 61, 59, 62, 68, 45, 28, 16, 18, 30, 19, 31, 17, 20, 29, 32, 39, 40, 41, 42, 43, 57, 11, 23, 13, 25, 14, 26, 10, 12, 15, 21, 24, 27, 33, 94, 34, 1, 36, 48, 3, 38, 50, 2, 35, 49, 0, 4, 37, 47, 51, 5, 6, 7, 8, 9, 22, 44, 46, 52, 53, 54, 55, 56, 69, 93
38
86, 88, 89, 87, 90, 81, 83, 84, 82, 85, 91, 75, 77, 78, 76, 79, 70, 72, 73, 71, 74, 80, 92, 63, 65, 66, 64, 67, 58, 60, 16, 18, 19, 17, 20, 29, 31, 62, 68, 61, 59, 45, 28, 30, 32, 39, 40, 41, 42, 43, 57, 11, 23, 13, 25, 14, 26, 10, 12, 15, 21, 24, 27, 33, 94, 34, 1, 36, 48, 3, 38, 50, 2, 35, 49, 0, 4, 37, 47, 51, 5, 6, 7, 8, 9, 22, 44, 46, 52, 53, 54, 55, 56, 69, 93
../benchmark_instances/2023result/docs/solver/benchmark/2022benchmark/benchmark/color04/myciel6.col	95	755	38	709570
	Command being timed: "timeout 1h java -Xms1024g -Xmx1024g -Xss134m -cp ../src/pathwidth.jar Pathwidth ../benchmark_instances/2023result/docs/solver/benchmark/2022benchmark/benchmark/color04/myciel6.col"
	User time (seconds): 764.65
	System time (seconds): 22.69
	Percent of CPU this job got: 110%
	Elapsed (wall clock) time (h:mm:ss or m:ss): 11:51.51
	Average shared text size (kbytes): 0
	Average unshared data size (kbytes): 0
	Average stack size (kbytes): 0
	Average total size (kbytes): 0
	Maximum resident set size (kbytes): 59908860
	Average resident set size (kbytes): 0
	Major (requiring I/O) page faults: 0
	Minor (reclaiming a frame) page faults: 203931
	Voluntary context switches: 36309
	Involuntary context switches: 1929
	Swaps: 0
	File system inputs: 16
	File system outputs: 2752
	Socket messages sent: 0
	Socket messages received: 0
	Signals delivered: 0
	Page size (bytes): 4096
	Exit status: 0
