../benchmark_instances/2023result/docs/solver/benchmark/ph-isr/ph-04-03.col
89
0, 1, 2, 3, 7, 5, 41, 42, 43, 8, 10, 11, 13, 53, 54, 6, 55, 56, 57, 58, 16, 14, 15, 59, 60, 61, 62, 25, 23, 24, 63, 64, 33, 34, 32, 44, 45, 46, 17, 19, 20, 22, 47, 48, 49, 26, 28, 29, 31, 4, 37, 35, 50, 51, 52, 38, 40, 65, 66, 9, 67, 68, 69, 70, 18, 71, 72, 27, 73, 74, 36, 75, 76, 77, 78, 12, 79, 80, 81, 82, 21, 83, 84, 30, 85, 86, 39, 87, 88
88
0, 1, 2, 3, 7, 5, 41, 42, 43, 8, 10, 11, 13, 53, 54, 6, 55, 56, 57, 58, 16, 14, 15, 59, 60, 61, 62, 25, 23, 24, 63, 64, 33, 34, 32, 44, 45, 46, 17, 19, 20, 22, 47, 48, 49, 26, 28, 29, 31, 4, 37, 35, 50, 51, 52, 38, 40, 65, 66, 9, 67, 68, 69, 70, 18, 71, 72, 27, 73, 74, 36, 75, 76, 77, 78, 12, 79, 80, 81, 82, 21, 83, 84, 30, 85, 86, 39, 87, 88
87
0, 1, 2, 3, 7, 5, 41, 42, 43, 8, 10, 11, 13, 53, 54, 6, 55, 56, 57, 58, 16, 14, 15, 59, 60, 61, 62, 25, 23, 24, 63, 64, 33, 34, 32, 44, 45, 46, 17, 19, 20, 22, 47, 48, 49, 26, 28, 29, 31, 4, 37, 35, 50, 51, 52, 38, 40, 65, 66, 9, 67, 68, 69, 70, 18, 71, 72, 27, 73, 74, 36, 75, 76, 77, 78, 12, 79, 80, 81, 82, 21, 83, 84, 30, 85, 86, 39, 87, 88
86
0, 1, 2, 3, 7, 5, 41, 42, 43, 8, 10, 11, 13, 53, 54, 6, 55, 56, 57, 58, 16, 14, 15, 59, 60, 61, 62, 25, 23, 24, 63, 64, 33, 34, 32, 44, 45, 46, 17, 19, 20, 22, 47, 48, 49, 26, 28, 29, 31, 4, 37, 35, 50, 51, 52, 38, 40, 65, 66, 9, 67, 68, 69, 70, 18, 71, 72, 27, 73, 74, 36, 75, 76, 77, 78, 12, 79, 80, 81, 82, 21, 83, 84, 30, 85, 86, 39, 87, 88
85
0, 1, 2, 3, 7, 5, 41, 42, 43, 8, 10, 11, 13, 53, 54, 6, 55, 56, 57, 58, 16, 14, 15, 59, 60, 61, 62, 25, 23, 24, 63, 64, 33, 34, 32, 44, 45, 46, 17, 19, 20, 22, 47, 48, 49, 26, 28, 29, 31, 4, 37, 35, 50, 51, 52, 38, 40, 65, 66, 9, 67, 68, 69, 70, 18, 71, 72, 27, 73, 74, 36, 75, 76, 77, 78, 12, 79, 80, 81, 82, 21, 83, 84, 30, 85, 86, 39, 87, 88
84
0, 1, 2, 3, 7, 5, 41, 42, 43, 8, 10, 11, 13, 53, 54, 6, 55, 56, 57, 58, 16, 14, 15, 59, 60, 61, 62, 25, 23, 24, 63, 64, 33, 34, 32, 44, 45, 46, 17, 19, 20, 22, 47, 48, 49, 26, 28, 29, 31, 4, 37, 35, 50, 51, 52, 38, 40, 65, 66, 9, 67, 68, 69, 70, 18, 71, 72, 27, 73, 74, 36, 75, 76, 77, 78, 12, 79, 80, 81, 82, 21, 83, 84, 30, 85, 86, 39, 87, 88
83
0, 1, 2, 3, 7, 5, 41, 42, 43, 8, 10, 11, 13, 53, 54, 6, 55, 56, 57, 58, 16, 14, 15, 59, 60, 61, 62, 25, 23, 24, 63, 64, 33, 34, 32, 44, 45, 46, 17, 19, 20, 22, 47, 48, 49, 26, 28, 29, 31, 4, 37, 35, 50, 51, 52, 38, 40, 65, 66, 9, 67, 68, 69, 70, 18, 71, 72, 27, 73, 74, 36, 75, 76, 77, 78, 12, 79, 80, 81, 82, 21, 83, 84, 30, 85, 86, 39, 87, 88
82
0, 1, 2, 3, 7, 5, 41, 42, 43, 8, 10, 11, 13, 53, 54, 6, 55, 56, 57, 58, 16, 14, 15, 59, 60, 61, 62, 25, 23, 24, 63, 64, 33, 34, 32, 44, 45, 46, 17, 19, 20, 22, 47, 48, 49, 26, 28, 29, 31, 4, 37, 35, 50, 51, 52, 38, 40, 65, 66, 9, 67, 68, 69, 70, 18, 71, 72, 27, 73, 74, 36, 75, 76, 77, 78, 12, 79, 80, 81, 82, 21, 83, 84, 30, 85, 86, 39, 87, 88
81
0, 1, 2, 3, 7, 5, 41, 42, 43, 8, 10, 11, 13, 53, 54, 6, 55, 56, 57, 58, 16, 14, 15, 59, 60, 61, 62, 25, 23, 24, 63, 64, 33, 34, 32, 44, 45, 46, 17, 19, 20, 22, 47, 48, 49, 26, 28, 29, 31, 4, 37, 35, 50, 51, 52, 38, 40, 65, 66, 9, 67, 68, 69, 70, 18, 71, 72, 27, 73, 74, 36, 75, 76, 77, 78, 12, 79, 80, 81, 82, 21, 83, 84, 30, 85, 86, 39, 87, 88
80
0, 1, 2, 3, 7, 5, 41, 42, 43, 8, 10, 11, 13, 53, 54, 6, 55, 56, 57, 58, 16, 14, 15, 59, 60, 61, 62, 25, 23, 24, 63, 64, 33, 34, 32, 44, 45, 46, 17, 19, 20, 22, 47, 48, 49, 26, 28, 29, 31, 4, 37, 35, 50, 51, 52, 38, 40, 65, 66, 9, 67, 68, 69, 70, 18, 71, 72, 27, 73, 74, 36, 75, 76, 77, 78, 12, 79, 80, 81, 82, 21, 83, 84, 30, 85, 86, 39, 87, 88
79
0, 1, 2, 3, 7, 5, 41, 42, 43, 8, 10, 11, 13, 53, 54, 6, 55, 56, 57, 58, 16, 14, 15, 59, 60, 61, 62, 25, 23, 24, 63, 64, 33, 34, 32, 44, 45, 46, 17, 19, 20, 22, 47, 48, 49, 26, 28, 29, 31, 4, 37, 35, 50, 51, 52, 38, 40, 65, 66, 9, 67, 68, 69, 70, 18, 71, 72, 27, 73, 74, 36, 75, 76, 77, 78, 12, 79, 80, 81, 82, 21, 83, 84, 30, 85, 86, 39, 87, 88
78
0, 1, 2, 3, 7, 5, 41, 42, 43, 8, 10, 11, 13, 53, 54, 6, 55, 56, 57, 58, 16, 14, 15, 59, 60, 61, 62, 25, 23, 24, 63, 64, 33, 34, 32, 44, 45, 46, 17, 19, 20, 22, 47, 48, 49, 26, 28, 29, 31, 4, 37, 35, 50, 51, 52, 38, 40, 65, 66, 9, 67, 68, 69, 70, 18, 71, 72, 27, 73, 74, 36, 75, 76, 77, 78, 12, 79, 80, 81, 82, 21, 83, 84, 30, 85, 86, 39, 87, 88
77
0, 1, 2, 3, 7, 5, 41, 42, 43, 8, 10, 11, 13, 53, 54, 6, 55, 56, 57, 58, 16, 14, 15, 59, 60, 61, 62, 25, 23, 24, 63, 64, 33, 34, 32, 44, 45, 46, 17, 19, 20, 22, 47, 48, 49, 26, 28, 29, 31, 4, 37, 35, 50, 51, 52, 38, 40, 65, 66, 9, 67, 68, 69, 70, 18, 71, 72, 27, 73, 74, 36, 75, 76, 77, 78, 12, 79, 80, 81, 82, 21, 83, 84, 30, 85, 86, 39, 87, 88
76
0, 1, 2, 3, 7, 5, 41, 42, 43, 8, 10, 11, 13, 53, 54, 6, 55, 56, 57, 58, 16, 14, 15, 59, 60, 61, 62, 25, 23, 24, 63, 64, 33, 34, 32, 44, 45, 46, 17, 19, 20, 22, 47, 48, 49, 26, 28, 29, 31, 4, 37, 35, 50, 51, 52, 38, 40, 65, 66, 9, 67, 68, 69, 70, 18, 71, 72, 27, 73, 74, 36, 75, 76, 77, 78, 12, 79, 80, 81, 82, 21, 83, 84, 30, 85, 86, 39, 87, 88
75
0, 1, 2, 3, 7, 5, 41, 42, 43, 8, 10, 11, 13, 53, 54, 6, 55, 56, 57, 58, 16, 14, 15, 59, 60, 61, 62, 25, 23, 24, 63, 64, 33, 34, 32, 44, 45, 46, 17, 19, 20, 22, 47, 48, 49, 26, 28, 29, 31, 4, 37, 35, 50, 51, 52, 38, 40, 65, 66, 9, 67, 68, 69, 70, 18, 71, 72, 27, 73, 74, 36, 75, 76, 77, 78, 12, 79, 80, 81, 82, 21, 83, 84, 30, 85, 86, 39, 87, 88
74
0, 1, 2, 3, 7, 5, 41, 42, 43, 8, 10, 11, 13, 53, 54, 6, 55, 56, 57, 58, 16, 14, 15, 59, 60, 61, 62, 25, 23, 24, 63, 64, 33, 34, 32, 44, 45, 46, 17, 19, 20, 22, 47, 48, 49, 26, 28, 29, 31, 4, 37, 35, 50, 51, 52, 38, 40, 65, 66, 9, 67, 68, 69, 70, 18, 71, 72, 27, 73, 74, 36, 75, 76, 77, 78, 12, 79, 80, 81, 82, 21, 83, 84, 30, 85, 86, 39, 87, 88
73
0, 1, 2, 3, 7, 5, 41, 42, 43, 8, 10, 11, 13, 53, 54, 6, 55, 56, 57, 58, 16, 14, 15, 59, 60, 61, 62, 25, 23, 24, 63, 64, 33, 34, 32, 44, 45, 46, 17, 19, 20, 22, 47, 48, 49, 26, 28, 29, 31, 4, 37, 35, 50, 51, 52, 38, 40, 65, 66, 9, 67, 68, 69, 70, 18, 71, 72, 27, 73, 74, 36, 75, 76, 77, 78, 12, 79, 80, 81, 82, 21, 83, 84, 30, 85, 86, 39, 87, 88
72
0, 1, 2, 3, 7, 5, 41, 42, 43, 8, 10, 11, 13, 53, 54, 6, 55, 56, 57, 58, 16, 14, 15, 59, 60, 61, 62, 25, 23, 24, 63, 64, 33, 34, 32, 44, 45, 46, 17, 19, 20, 22, 47, 48, 49, 26, 28, 29, 31, 4, 37, 35, 50, 51, 52, 38, 40, 65, 66, 9, 67, 68, 69, 70, 18, 71, 72, 27, 73, 74, 36, 75, 76, 77, 78, 12, 79, 80, 81, 82, 21, 83, 84, 30, 85, 86, 39, 87, 88
71
0, 1, 2, 3, 7, 5, 41, 42, 43, 8, 10, 11, 13, 53, 54, 6, 55, 56, 57, 58, 16, 14, 15, 59, 60, 61, 62, 25, 23, 24, 63, 64, 33, 34, 32, 44, 45, 46, 17, 19, 20, 22, 47, 48, 49, 26, 28, 29, 31, 4, 37, 35, 50, 51, 52, 38, 40, 65, 66, 9, 67, 68, 69, 70, 18, 71, 72, 27, 73, 74, 36, 75, 76, 77, 78, 12, 79, 80, 81, 82, 21, 83, 84, 30, 85, 86, 39, 87, 88
70
0, 1, 2, 3, 7, 5, 41, 42, 43, 8, 10, 11, 13, 53, 54, 6, 55, 56, 57, 58, 16, 14, 15, 59, 60, 61, 62, 25, 23, 24, 63, 64, 33, 34, 32, 44, 45, 46, 17, 19, 20, 22, 47, 48, 49, 26, 28, 29, 31, 4, 37, 35, 50, 51, 52, 38, 40, 65, 66, 9, 67, 68, 69, 70, 18, 71, 72, 27, 73, 74, 36, 75, 76, 77, 78, 12, 79, 80, 81, 82, 21, 83, 84, 30, 85, 86, 39, 87, 88
69
0, 1, 2, 3, 7, 5, 41, 42, 43, 8, 10, 11, 13, 53, 54, 6, 55, 56, 57, 58, 16, 14, 15, 59, 60, 61, 62, 25, 23, 24, 63, 64, 33, 34, 32, 44, 45, 46, 17, 19, 20, 22, 47, 48, 49, 26, 28, 29, 31, 4, 37, 35, 50, 51, 52, 38, 40, 65, 66, 9, 67, 68, 69, 70, 18, 71, 72, 27, 73, 74, 36, 75, 76, 77, 78, 12, 79, 80, 81, 82, 21, 83, 84, 30, 85, 86, 39, 87, 88
68
0, 1, 2, 3, 7, 5, 41, 42, 43, 8, 10, 11, 13, 53, 54, 6, 55, 56, 57, 58, 16, 14, 15, 59, 60, 61, 62, 25, 23, 24, 63, 64, 33, 34, 32, 44, 45, 46, 17, 19, 20, 22, 47, 48, 49, 26, 28, 29, 31, 4, 37, 35, 50, 51, 52, 38, 40, 65, 66, 9, 67, 68, 69, 70, 18, 71, 72, 27, 73, 74, 36, 75, 76, 77, 78, 12, 79, 80, 81, 82, 21, 83, 84, 30, 85, 86, 39, 87, 88
67
0, 1, 2, 3, 7, 5, 41, 42, 43, 8, 10, 11, 13, 53, 54, 6, 55, 56, 57, 58, 16, 14, 15, 59, 60, 61, 62, 25, 23, 24, 63, 64, 33, 34, 32, 44, 45, 46, 17, 19, 20, 22, 47, 48, 49, 26, 28, 29, 31, 4, 37, 35, 50, 51, 52, 38, 40, 65, 66, 9, 67, 68, 69, 70, 18, 71, 72, 27, 73, 74, 36, 75, 76, 77, 78, 12, 79, 80, 81, 82, 21, 83, 84, 30, 85, 86, 39, 87, 88
66
0, 1, 2, 3, 7, 5, 41, 42, 43, 8, 10, 11, 13, 53, 54, 6, 55, 56, 57, 58, 16, 14, 15, 59, 60, 61, 62, 25, 23, 24, 63, 64, 33, 34, 32, 44, 45, 46, 17, 19, 20, 22, 47, 48, 49, 26, 28, 29, 31, 4, 37, 35, 50, 51, 52, 38, 40, 65, 66, 9, 67, 68, 69, 70, 18, 71, 72, 27, 73, 74, 36, 75, 76, 77, 78, 12, 79, 80, 81, 82, 21, 83, 84, 30, 85, 86, 39, 87, 88
65
0, 1, 2, 3, 7, 5, 41, 42, 43, 8, 10, 11, 13, 53, 54, 6, 55, 56, 57, 58, 16, 14, 15, 59, 60, 61, 62, 25, 23, 24, 63, 64, 33, 34, 32, 44, 45, 46, 17, 19, 20, 22, 47, 48, 49, 26, 28, 29, 31, 4, 37, 35, 50, 51, 52, 38, 40, 65, 66, 9, 67, 68, 69, 70, 18, 71, 72, 27, 73, 74, 36, 75, 76, 77, 78, 12, 79, 80, 81, 82, 21, 83, 84, 30, 85, 86, 39, 87, 88
64
0, 1, 2, 3, 7, 5, 41, 42, 43, 8, 10, 11, 13, 53, 54, 6, 55, 56, 57, 58, 16, 14, 15, 59, 60, 61, 62, 25, 23, 24, 63, 64, 33, 34, 32, 44, 45, 46, 17, 19, 20, 22, 47, 48, 49, 26, 28, 29, 31, 4, 37, 35, 50, 51, 52, 38, 40, 65, 66, 9, 67, 68, 69, 70, 18, 71, 72, 27, 73, 74, 36, 75, 76, 77, 78, 12, 79, 80, 81, 82, 21, 83, 84, 30, 85, 86, 39, 87, 88
63
0, 1, 2, 3, 7, 5, 41, 42, 43, 8, 10, 11, 13, 53, 54, 6, 55, 56, 57, 58, 16, 14, 15, 59, 60, 61, 62, 25, 23, 24, 63, 64, 33, 34, 32, 44, 45, 46, 17, 19, 20, 22, 47, 48, 49, 26, 28, 29, 31, 4, 37, 35, 50, 51, 52, 38, 40, 65, 66, 9, 67, 68, 69, 70, 18, 71, 72, 27, 73, 74, 36, 75, 76, 77, 78, 12, 79, 80, 81, 82, 21, 83, 84, 30, 85, 86, 39, 87, 88
62
0, 1, 2, 3, 7, 5, 41, 42, 43, 8, 10, 11, 13, 53, 54, 6, 55, 56, 57, 58, 16, 14, 15, 59, 60, 61, 62, 25, 23, 24, 63, 64, 33, 34, 32, 44, 45, 46, 17, 19, 20, 22, 47, 48, 49, 26, 28, 29, 31, 4, 37, 35, 50, 51, 52, 38, 40, 65, 66, 9, 67, 68, 69, 70, 18, 71, 72, 27, 73, 74, 36, 75, 76, 77, 78, 12, 79, 80, 81, 82, 21, 83, 84, 30, 85, 86, 39, 87, 88
61
0, 1, 2, 3, 7, 5, 41, 42, 43, 8, 10, 11, 13, 53, 54, 6, 55, 56, 57, 58, 16, 14, 15, 59, 60, 61, 62, 25, 23, 24, 63, 64, 33, 34, 32, 44, 45, 46, 17, 19, 20, 22, 47, 48, 49, 26, 28, 29, 31, 4, 37, 35, 50, 51, 52, 38, 40, 65, 66, 9, 67, 68, 69, 70, 18, 71, 72, 27, 73, 74, 36, 75, 76, 77, 78, 12, 79, 80, 81, 82, 21, 83, 84, 30, 85, 86, 39, 87, 88
60
0, 1, 2, 3, 7, 5, 41, 42, 43, 8, 10, 11, 13, 53, 54, 6, 55, 56, 57, 58, 16, 14, 15, 59, 60, 61, 62, 25, 23, 24, 63, 64, 33, 34, 32, 44, 45, 46, 17, 19, 20, 22, 47, 48, 49, 26, 28, 29, 31, 4, 37, 35, 50, 51, 52, 38, 40, 65, 66, 9, 67, 68, 69, 70, 18, 71, 72, 27, 73, 74, 36, 75, 76, 77, 78, 12, 79, 80, 81, 82, 21, 83, 84, 30, 85, 86, 39, 87, 88
59
0, 1, 2, 3, 7, 5, 41, 42, 43, 8, 10, 11, 13, 53, 54, 6, 55, 56, 57, 58, 16, 14, 15, 59, 60, 61, 62, 25, 23, 24, 63, 64, 33, 34, 32, 44, 45, 46, 17, 19, 20, 22, 47, 48, 49, 26, 28, 29, 31, 4, 37, 35, 50, 51, 52, 38, 40, 65, 66, 9, 67, 68, 69, 70, 18, 71, 72, 27, 73, 74, 36, 75, 76, 77, 78, 12, 79, 80, 81, 82, 21, 83, 84, 30, 85, 86, 39, 87, 88
58
0, 1, 2, 3, 7, 5, 41, 42, 43, 8, 10, 11, 13, 53, 54, 6, 55, 56, 57, 58, 16, 14, 15, 59, 60, 61, 62, 25, 23, 24, 63, 64, 33, 34, 32, 44, 45, 46, 17, 19, 20, 22, 47, 48, 49, 26, 28, 29, 31, 4, 37, 35, 50, 51, 52, 38, 40, 65, 66, 9, 67, 68, 69, 70, 18, 71, 72, 27, 73, 74, 36, 75, 76, 77, 78, 12, 79, 80, 81, 82, 21, 83, 84, 30, 85, 86, 39, 87, 88
57
0, 1, 2, 3, 7, 5, 41, 42, 43, 8, 10, 11, 13, 53, 54, 6, 55, 56, 57, 58, 16, 14, 15, 59, 60, 61, 62, 25, 23, 24, 63, 64, 33, 34, 32, 44, 45, 46, 17, 19, 20, 22, 47, 48, 49, 26, 28, 29, 31, 4, 37, 35, 50, 51, 52, 38, 40, 65, 66, 9, 67, 68, 69, 70, 18, 71, 72, 27, 73, 74, 36, 75, 76, 77, 78, 12, 79, 80, 81, 82, 21, 83, 84, 30, 85, 86, 39, 87, 88
56
0, 1, 2, 3, 7, 5, 41, 42, 43, 8, 10, 11, 13, 53, 54, 6, 55, 56, 57, 58, 16, 14, 15, 59, 60, 61, 62, 25, 23, 24, 63, 64, 33, 34, 32, 44, 45, 46, 17, 19, 20, 22, 47, 48, 49, 26, 28, 29, 31, 4, 37, 35, 50, 51, 52, 38, 40, 65, 66, 9, 67, 68, 69, 70, 18, 71, 72, 27, 73, 74, 36, 75, 76, 77, 78, 12, 79, 80, 81, 82, 21, 83, 84, 30, 85, 86, 39, 87, 88
55
0, 1, 2, 3, 7, 5, 41, 42, 43, 8, 10, 11, 13, 53, 54, 6, 55, 56, 57, 58, 16, 14, 15, 59, 60, 61, 62, 25, 23, 24, 63, 64, 33, 34, 32, 44, 45, 46, 17, 19, 20, 22, 47, 48, 49, 26, 28, 29, 31, 4, 37, 35, 50, 51, 52, 38, 40, 65, 66, 9, 67, 68, 69, 70, 18, 71, 72, 27, 73, 74, 36, 75, 76, 77, 78, 12, 79, 80, 81, 82, 21, 83, 84, 30, 85, 86, 39, 87, 88
54
0, 1, 2, 3, 7, 5, 41, 42, 43, 8, 10, 11, 13, 53, 54, 6, 55, 56, 57, 58, 16, 14, 15, 59, 60, 61, 62, 25, 23, 24, 63, 64, 33, 34, 32, 44, 45, 46, 17, 19, 20, 22, 47, 48, 49, 26, 28, 29, 31, 4, 37, 35, 50, 51, 52, 38, 40, 65, 66, 9, 67, 68, 69, 70, 18, 71, 72, 27, 73, 74, 36, 75, 76, 77, 78, 12, 79, 80, 81, 82, 21, 83, 84, 30, 85, 86, 39, 87, 88
53
0, 1, 2, 3, 7, 5, 41, 42, 43, 8, 10, 11, 13, 53, 54, 6, 55, 56, 57, 58, 16, 14, 15, 59, 60, 61, 62, 25, 23, 24, 63, 64, 33, 34, 32, 44, 45, 46, 17, 19, 20, 22, 47, 48, 49, 26, 28, 29, 31, 4, 37, 35, 50, 51, 52, 38, 40, 65, 66, 9, 67, 68, 69, 70, 18, 71, 72, 27, 73, 74, 36, 75, 76, 77, 78, 12, 79, 80, 81, 82, 21, 83, 84, 30, 85, 86, 39, 87, 88
52
0, 1, 2, 3, 7, 5, 41, 42, 43, 8, 10, 11, 13, 53, 54, 6, 55, 56, 57, 58, 16, 14, 15, 59, 60, 61, 62, 25, 23, 24, 63, 64, 33, 34, 32, 44, 45, 46, 17, 19, 20, 22, 47, 48, 49, 26, 28, 29, 31, 4, 37, 35, 50, 51, 52, 38, 40, 65, 66, 9, 67, 68, 69, 70, 18, 71, 72, 27, 73, 74, 36, 75, 76, 77, 78, 12, 79, 80, 81, 82, 21, 83, 84, 30, 85, 86, 39, 87, 88
51
0, 1, 2, 3, 7, 5, 41, 42, 43, 8, 10, 11, 13, 53, 54, 6, 55, 56, 57, 58, 16, 14, 15, 59, 60, 61, 62, 25, 23, 24, 63, 64, 33, 34, 32, 44, 45, 46, 17, 19, 20, 22, 47, 48, 49, 26, 28, 29, 31, 4, 37, 35, 50, 51, 52, 38, 40, 65, 66, 9, 67, 68, 69, 70, 18, 71, 72, 27, 73, 74, 36, 75, 76, 77, 78, 12, 79, 80, 81, 82, 21, 83, 84, 30, 85, 86, 39, 87, 88
50
0, 1, 2, 3, 7, 5, 41, 42, 43, 8, 10, 11, 13, 53, 54, 6, 55, 56, 57, 58, 16, 14, 15, 59, 60, 61, 62, 25, 23, 24, 63, 64, 33, 34, 32, 44, 45, 46, 17, 19, 20, 22, 47, 48, 49, 26, 28, 29, 31, 4, 37, 35, 50, 51, 52, 38, 40, 65, 66, 9, 67, 68, 69, 70, 18, 71, 72, 27, 73, 74, 36, 75, 76, 77, 78, 12, 79, 80, 81, 82, 21, 83, 84, 30, 85, 86, 39, 87, 88
49
0, 1, 2, 3, 7, 5, 41, 42, 43, 8, 10, 11, 13, 53, 54, 6, 55, 56, 57, 58, 16, 14, 15, 59, 60, 61, 62, 25, 23, 24, 63, 64, 33, 34, 32, 44, 45, 46, 17, 19, 20, 22, 47, 48, 49, 26, 28, 29, 31, 4, 37, 35, 50, 51, 52, 38, 40, 65, 66, 9, 67, 68, 69, 70, 18, 71, 72, 27, 73, 74, 36, 75, 76, 77, 78, 12, 79, 80, 81, 82, 21, 83, 84, 30, 85, 86, 39, 87, 88
48
0, 1, 2, 3, 7, 5, 41, 42, 43, 8, 10, 11, 13, 53, 54, 6, 55, 56, 57, 58, 16, 14, 15, 59, 60, 61, 62, 25, 23, 24, 63, 64, 33, 34, 32, 44, 45, 46, 17, 19, 20, 22, 47, 48, 49, 26, 28, 29, 31, 4, 37, 35, 50, 51, 52, 38, 40, 65, 66, 9, 67, 68, 69, 70, 18, 71, 72, 27, 73, 74, 36, 75, 76, 77, 78, 12, 79, 80, 81, 82, 21, 83, 84, 30, 85, 86, 39, 87, 88
47
0, 1, 2, 3, 7, 5, 41, 42, 43, 8, 10, 11, 13, 53, 54, 6, 55, 56, 57, 58, 16, 14, 15, 59, 60, 61, 62, 25, 23, 24, 63, 64, 33, 34, 32, 44, 45, 46, 17, 19, 20, 22, 47, 48, 49, 26, 28, 29, 31, 4, 37, 35, 50, 51, 52, 38, 40, 65, 66, 9, 67, 68, 69, 70, 18, 71, 72, 27, 73, 74, 36, 75, 76, 77, 78, 12, 79, 80, 81, 82, 21, 83, 84, 30, 85, 86, 39, 87, 88
46
0, 1, 2, 3, 7, 5, 41, 42, 43, 8, 10, 11, 13, 53, 54, 6, 55, 56, 57, 58, 16, 14, 15, 59, 60, 61, 62, 25, 23, 24, 63, 64, 33, 34, 32, 44, 45, 46, 17, 19, 20, 22, 47, 48, 49, 26, 28, 29, 31, 4, 37, 35, 50, 51, 52, 38, 40, 65, 66, 9, 67, 68, 69, 70, 18, 71, 72, 27, 73, 74, 36, 75, 76, 77, 78, 12, 79, 80, 81, 82, 21, 83, 84, 30, 85, 86, 39, 87, 88
45
0, 1, 2, 3, 7, 5, 41, 42, 43, 8, 10, 11, 13, 53, 54, 6, 55, 56, 57, 58, 16, 14, 15, 59, 60, 61, 62, 25, 23, 24, 63, 64, 33, 34, 32, 44, 45, 46, 17, 19, 20, 22, 47, 48, 49, 26, 28, 29, 31, 4, 37, 35, 50, 51, 52, 38, 40, 65, 66, 9, 67, 68, 69, 70, 18, 71, 72, 27, 73, 74, 36, 75, 76, 77, 78, 12, 79, 80, 81, 82, 21, 83, 84, 30, 85, 86, 39, 87, 88
44
0, 1, 2, 3, 7, 5, 41, 42, 43, 8, 10, 11, 13, 53, 54, 6, 55, 56, 57, 58, 16, 14, 15, 59, 60, 61, 62, 25, 23, 24, 63, 64, 33, 34, 32, 44, 45, 46, 17, 19, 20, 22, 47, 48, 49, 26, 28, 29, 31, 4, 37, 35, 50, 51, 52, 38, 40, 65, 66, 9, 67, 68, 69, 70, 18, 71, 72, 27, 73, 74, 36, 75, 76, 77, 78, 12, 79, 80, 81, 82, 21, 83, 84, 30, 85, 86, 39, 87, 88
43
0, 1, 2, 3, 7, 5, 41, 42, 43, 8, 10, 11, 13, 53, 54, 6, 55, 56, 57, 58, 16, 14, 15, 59, 60, 61, 62, 25, 23, 24, 63, 64, 33, 34, 32, 44, 45, 46, 17, 19, 20, 22, 47, 48, 49, 26, 28, 29, 31, 4, 37, 35, 50, 51, 52, 38, 40, 65, 66, 9, 67, 68, 69, 70, 18, 71, 72, 27, 73, 74, 36, 75, 76, 77, 78, 12, 79, 80, 81, 82, 21, 83, 84, 30, 85, 86, 39, 87, 88
42
0, 1, 2, 3, 7, 5, 41, 42, 43, 8, 10, 11, 13, 53, 54, 6, 55, 56, 57, 58, 16, 14, 15, 59, 60, 61, 62, 25, 23, 24, 63, 64, 33, 34, 32, 44, 45, 46, 17, 19, 20, 22, 47, 48, 49, 26, 28, 29, 31, 4, 37, 35, 50, 51, 52, 38, 40, 65, 66, 9, 67, 68, 69, 70, 18, 71, 72, 27, 73, 74, 36, 75, 76, 77, 78, 12, 79, 80, 81, 82, 21, 83, 84, 30, 85, 86, 39, 87, 88
41
0, 1, 2, 3, 7, 5, 41, 42, 43, 8, 10, 11, 13, 53, 54, 6, 55, 56, 57, 58, 16, 14, 15, 59, 60, 61, 62, 25, 23, 24, 63, 64, 33, 34, 32, 44, 45, 46, 17, 19, 20, 22, 47, 48, 49, 26, 28, 29, 31, 4, 37, 35, 50, 51, 52, 38, 40, 65, 66, 9, 67, 68, 69, 70, 18, 71, 72, 27, 73, 74, 36, 75, 76, 77, 78, 12, 79, 80, 81, 82, 21, 83, 84, 30, 85, 86, 39, 87, 88
40
0, 1, 2, 3, 7, 5, 41, 42, 43, 8, 10, 11, 13, 53, 54, 6, 55, 56, 57, 58, 16, 14, 15, 59, 60, 61, 62, 25, 23, 24, 63, 64, 33, 34, 32, 44, 45, 46, 17, 19, 20, 22, 47, 48, 49, 26, 28, 29, 31, 4, 37, 35, 50, 51, 52, 38, 40, 65, 66, 9, 67, 68, 69, 70, 18, 71, 72, 27, 73, 74, 36, 75, 76, 77, 78, 12, 79, 80, 81, 82, 21, 83, 84, 30, 85, 86, 39, 87, 88
39
0, 1, 2, 3, 7, 5, 41, 42, 43, 8, 10, 11, 13, 53, 54, 6, 55, 56, 57, 58, 16, 14, 15, 59, 60, 61, 62, 25, 23, 24, 63, 64, 33, 34, 32, 44, 45, 46, 17, 19, 20, 22, 47, 48, 49, 26, 28, 29, 31, 4, 37, 35, 50, 51, 52, 38, 40, 65, 66, 9, 67, 68, 69, 70, 18, 71, 72, 27, 73, 74, 36, 75, 76, 77, 78, 12, 79, 80, 81, 82, 21, 83, 84, 30, 85, 86, 39, 87, 88
38
0, 1, 2, 3, 7, 5, 41, 42, 43, 8, 10, 11, 13, 53, 54, 6, 55, 56, 57, 58, 16, 14, 15, 59, 60, 61, 62, 25, 23, 24, 63, 64, 33, 34, 32, 44, 45, 46, 17, 19, 20, 22, 47, 48, 49, 26, 28, 29, 31, 4, 37, 35, 50, 51, 52, 38, 40, 65, 66, 9, 67, 68, 69, 70, 18, 71, 72, 27, 73, 74, 36, 75, 76, 77, 78, 12, 79, 80, 81, 82, 21, 83, 84, 30, 85, 86, 39, 87, 88
37
0, 1, 2, 3, 7, 5, 41, 42, 43, 8, 10, 11, 13, 53, 54, 6, 55, 56, 57, 58, 16, 14, 15, 59, 60, 61, 62, 25, 23, 24, 63, 64, 33, 34, 32, 44, 45, 46, 17, 19, 20, 22, 47, 48, 49, 26, 28, 29, 31, 4, 37, 35, 50, 51, 52, 38, 40, 65, 66, 9, 67, 68, 69, 70, 18, 71, 72, 27, 73, 74, 36, 75, 76, 77, 78, 12, 79, 80, 81, 82, 21, 83, 84, 30, 85, 86, 39, 87, 88
36
0, 1, 2, 3, 7, 5, 41, 42, 43, 8, 10, 11, 13, 53, 54, 6, 55, 56, 57, 58, 16, 14, 15, 59, 60, 61, 62, 25, 23, 24, 63, 64, 33, 34, 32, 44, 45, 46, 17, 19, 20, 22, 47, 48, 49, 26, 28, 29, 31, 4, 37, 35, 50, 51, 52, 38, 40, 65, 66, 9, 67, 68, 69, 70, 18, 71, 72, 27, 73, 74, 36, 75, 76, 77, 78, 12, 79, 80, 81, 82, 21, 83, 84, 30, 85, 86, 39, 87, 88
35
0, 1, 2, 3, 7, 5, 41, 42, 43, 8, 10, 11, 13, 53, 54, 6, 55, 56, 57, 58, 16, 14, 15, 59, 60, 61, 62, 25, 23, 24, 63, 64, 33, 34, 32, 44, 45, 46, 17, 19, 20, 22, 47, 48, 49, 26, 28, 29, 31, 4, 37, 35, 50, 51, 52, 38, 40, 65, 66, 9, 67, 68, 69, 70, 18, 71, 72, 27, 73, 74, 36, 75, 76, 77, 78, 12, 79, 80, 81, 82, 21, 83, 84, 30, 85, 86, 39, 87, 88
34
0, 1, 2, 3, 7, 5, 41, 42, 43, 8, 10, 11, 13, 53, 54, 6, 55, 56, 57, 58, 16, 14, 15, 59, 60, 61, 62, 25, 23, 24, 63, 64, 33, 34, 32, 44, 45, 46, 17, 19, 20, 22, 47, 48, 49, 26, 28, 29, 31, 4, 37, 35, 50, 51, 52, 38, 40, 65, 66, 9, 67, 68, 69, 70, 18, 71, 72, 27, 73, 74, 36, 75, 76, 77, 78, 12, 79, 80, 81, 82, 21, 83, 84, 30, 85, 86, 39, 87, 88
33
0, 1, 2, 3, 7, 5, 41, 42, 43, 8, 10, 11, 13, 53, 54, 6, 55, 56, 57, 58, 16, 14, 15, 59, 60, 61, 62, 25, 23, 24, 63, 64, 33, 34, 32, 44, 45, 46, 17, 19, 20, 22, 47, 48, 49, 26, 28, 29, 31, 4, 37, 35, 50, 51, 52, 38, 40, 65, 66, 9, 67, 68, 69, 70, 18, 71, 72, 27, 73, 74, 36, 75, 76, 77, 78, 12, 79, 80, 81, 82, 21, 83, 84, 30, 85, 86, 39, 87, 88
32
0, 1, 2, 3, 7, 5, 41, 42, 43, 8, 10, 11, 13, 53, 54, 6, 55, 56, 57, 58, 16, 14, 15, 59, 60, 61, 62, 25, 23, 24, 63, 64, 33, 34, 32, 44, 45, 46, 17, 19, 20, 22, 47, 48, 49, 26, 28, 29, 31, 4, 37, 35, 50, 51, 52, 38, 40, 65, 66, 9, 67, 68, 69, 70, 18, 71, 72, 27, 73, 74, 36, 75, 76, 77, 78, 12, 79, 80, 81, 82, 21, 83, 84, 30, 85, 86, 39, 87, 88
31
0, 1, 2, 3, 7, 5, 41, 42, 43, 8, 10, 11, 13, 53, 54, 6, 55, 56, 57, 58, 16, 14, 15, 59, 60, 61, 62, 25, 23, 24, 63, 64, 33, 34, 32, 44, 45, 46, 17, 19, 20, 22, 47, 48, 49, 26, 28, 29, 31, 4, 37, 35, 50, 51, 52, 38, 40, 65, 66, 9, 67, 68, 69, 70, 18, 71, 72, 27, 73, 74, 36, 75, 76, 77, 78, 12, 79, 80, 81, 82, 21, 83, 84, 30, 85, 86, 39, 87, 88
30
0, 1, 2, 3, 7, 5, 41, 42, 43, 8, 10, 11, 13, 53, 54, 6, 55, 56, 57, 58, 16, 14, 15, 59, 60, 61, 62, 25, 23, 24, 63, 64, 33, 34, 32, 44, 45, 46, 17, 19, 20, 22, 47, 48, 49, 26, 28, 29, 31, 4, 37, 35, 50, 51, 52, 38, 40, 65, 66, 9, 67, 68, 69, 70, 18, 71, 72, 27, 73, 74, 36, 75, 76, 77, 78, 12, 79, 80, 81, 82, 21, 83, 84, 30, 85, 86, 39, 87, 88
29
0, 1, 2, 3, 7, 5, 41, 42, 43, 8, 10, 11, 13, 53, 54, 6, 55, 56, 57, 58, 16, 14, 15, 59, 60, 61, 62, 25, 23, 24, 63, 64, 33, 34, 32, 44, 45, 46, 17, 19, 20, 22, 47, 48, 49, 26, 28, 29, 31, 4, 37, 35, 50, 51, 52, 38, 40, 65, 66, 9, 67, 68, 69, 70, 18, 71, 72, 27, 73, 74, 36, 75, 76, 77, 78, 12, 79, 80, 81, 82, 21, 83, 84, 30, 85, 86, 39, 87, 88
28
0, 1, 2, 3, 7, 5, 41, 42, 43, 8, 10, 11, 13, 53, 54, 6, 55, 56, 57, 58, 16, 14, 15, 59, 60, 61, 62, 25, 23, 24, 63, 64, 33, 34, 32, 44, 45, 46, 17, 19, 20, 22, 47, 48, 49, 26, 28, 29, 31, 4, 37, 35, 50, 51, 52, 38, 40, 65, 66, 9, 67, 68, 69, 70, 18, 71, 72, 27, 73, 74, 36, 75, 76, 77, 78, 12, 79, 80, 81, 82, 21, 83, 84, 30, 85, 86, 39, 87, 88
27
0, 1, 2, 3, 7, 5, 41, 42, 43, 8, 10, 11, 13, 53, 54, 6, 55, 56, 57, 58, 16, 14, 15, 59, 60, 61, 62, 25, 23, 24, 63, 64, 33, 34, 32, 44, 45, 46, 17, 19, 20, 22, 47, 48, 49, 26, 28, 29, 31, 4, 37, 35, 50, 51, 52, 38, 40, 65, 66, 9, 67, 68, 69, 70, 18, 71, 72, 27, 73, 74, 36, 75, 76, 77, 78, 12, 79, 80, 81, 82, 21, 83, 84, 30, 85, 86, 39, 87, 88
26
0, 1, 2, 3, 7, 5, 41, 42, 43, 8, 10, 11, 13, 53, 54, 6, 55, 56, 57, 58, 16, 14, 15, 59, 60, 61, 62, 25, 23, 24, 63, 64, 33, 34, 32, 44, 45, 46, 17, 19, 20, 22, 47, 48, 49, 26, 28, 29, 31, 4, 37, 35, 50, 51, 52, 38, 40, 65, 66, 9, 67, 68, 69, 70, 18, 71, 72, 27, 73, 74, 36, 75, 76, 77, 78, 12, 79, 80, 81, 82, 21, 83, 84, 30, 85, 86, 39, 87, 88
25
0, 1, 2, 3, 7, 5, 41, 42, 43, 8, 10, 11, 13, 53, 54, 6, 55, 56, 57, 58, 16, 14, 15, 59, 60, 61, 62, 25, 23, 24, 63, 64, 33, 34, 32, 44, 45, 46, 17, 19, 20, 22, 47, 48, 49, 26, 28, 29, 31, 4, 37, 35, 50, 51, 52, 38, 40, 65, 66, 9, 67, 68, 69, 70, 18, 71, 72, 27, 73, 74, 36, 75, 76, 77, 78, 12, 79, 80, 81, 82, 21, 83, 84, 30, 85, 86, 39, 87, 88
24
0, 1, 2, 3, 7, 5, 41, 42, 43, 8, 10, 11, 13, 53, 54, 6, 55, 56, 57, 58, 16, 14, 15, 59, 60, 61, 62, 25, 23, 24, 63, 64, 33, 34, 32, 44, 45, 46, 17, 19, 20, 22, 47, 48, 49, 26, 28, 29, 31, 4, 37, 35, 50, 51, 52, 38, 40, 65, 66, 9, 67, 68, 69, 70, 18, 71, 72, 27, 73, 74, 36, 75, 76, 77, 78, 12, 79, 80, 81, 82, 21, 83, 84, 30, 85, 86, 39, 87, 88
23
0, 1, 2, 3, 7, 5, 41, 42, 43, 8, 10, 11, 13, 53, 54, 6, 55, 56, 57, 58, 16, 14, 15, 59, 60, 61, 62, 25, 23, 24, 63, 64, 33, 34, 32, 44, 45, 46, 17, 19, 20, 22, 47, 48, 49, 26, 28, 29, 31, 4, 37, 35, 50, 51, 52, 38, 40, 65, 66, 9, 67, 68, 69, 70, 18, 71, 72, 27, 73, 74, 36, 75, 76, 77, 78, 12, 79, 80, 81, 82, 21, 83, 84, 30, 85, 86, 39, 87, 88
22
0, 1, 2, 3, 7, 5, 41, 42, 43, 8, 10, 11, 13, 53, 54, 6, 55, 56, 57, 58, 16, 14, 15, 59, 60, 61, 62, 25, 23, 24, 63, 64, 33, 34, 32, 44, 45, 46, 17, 19, 20, 22, 47, 48, 49, 26, 28, 29, 31, 4, 37, 35, 50, 51, 52, 38, 40, 65, 66, 9, 67, 68, 69, 70, 18, 71, 72, 27, 73, 74, 36, 75, 76, 77, 78, 12, 79, 80, 81, 82, 21, 83, 84, 30, 85, 86, 39, 87, 88
21
0, 1, 2, 3, 7, 5, 41, 42, 43, 8, 10, 11, 13, 53, 54, 6, 55, 56, 57, 58, 16, 14, 15, 59, 60, 61, 62, 25, 23, 24, 63, 64, 33, 34, 32, 44, 45, 46, 17, 19, 20, 22, 47, 48, 49, 26, 28, 29, 31, 4, 37, 35, 50, 51, 52, 38, 40, 65, 66, 9, 67, 68, 69, 70, 18, 71, 72, 27, 73, 74, 36, 75, 76, 77, 78, 12, 79, 80, 81, 82, 21, 83, 84, 30, 85, 86, 39, 87, 88
20
0, 1, 2, 3, 7, 5, 41, 42, 43, 8, 10, 11, 13, 53, 54, 6, 55, 56, 57, 58, 16, 14, 15, 59, 60, 61, 62, 25, 23, 24, 63, 64, 33, 34, 32, 44, 45, 46, 17, 19, 20, 22, 47, 48, 49, 26, 28, 29, 31, 4, 37, 35, 50, 51, 52, 38, 40, 65, 66, 9, 67, 68, 69, 70, 18, 71, 72, 27, 73, 74, 36, 75, 76, 77, 78, 12, 79, 80, 81, 82, 21, 83, 84, 30, 85, 86, 39, 87, 88
19
0, 1, 2, 3, 7, 5, 41, 42, 43, 8, 10, 11, 13, 53, 54, 6, 55, 56, 57, 58, 16, 14, 15, 59, 60, 61, 62, 25, 23, 24, 63, 64, 33, 34, 32, 44, 45, 46, 17, 19, 20, 22, 47, 48, 49, 26, 28, 29, 31, 4, 37, 35, 50, 51, 52, 38, 40, 65, 66, 9, 67, 68, 69, 70, 18, 71, 72, 27, 73, 74, 36, 75, 76, 77, 78, 12, 79, 80, 81, 82, 21, 83, 84, 30, 85, 86, 39, 87, 88
18
0, 1, 2, 3, 7, 5, 41, 42, 43, 8, 10, 11, 13, 53, 54, 6, 55, 56, 57, 58, 16, 14, 15, 59, 60, 61, 62, 25, 23, 24, 63, 64, 33, 34, 32, 44, 45, 46, 17, 19, 20, 22, 47, 48, 49, 26, 28, 29, 31, 4, 37, 35, 50, 51, 52, 38, 40, 65, 66, 9, 67, 68, 69, 70, 18, 71, 72, 27, 73, 74, 36, 75, 76, 77, 78, 12, 79, 80, 81, 82, 21, 83, 84, 30, 85, 86, 39, 87, 88
17
0, 1, 2, 3, 7, 5, 41, 42, 43, 8, 10, 11, 13, 53, 54, 6, 55, 56, 57, 58, 16, 14, 15, 59, 60, 61, 62, 25, 23, 24, 63, 64, 33, 34, 32, 44, 45, 46, 17, 19, 20, 22, 47, 48, 49, 26, 28, 29, 31, 4, 37, 35, 50, 51, 52, 38, 40, 65, 66, 9, 67, 68, 69, 70, 18, 71, 72, 27, 73, 74, 36, 75, 76, 77, 78, 12, 79, 80, 81, 82, 21, 83, 84, 30, 85, 86, 39, 87, 88
16
0, 1, 2, 3, 7, 5, 41, 42, 43, 8, 10, 11, 13, 53, 54, 6, 55, 56, 57, 58, 16, 14, 15, 59, 60, 61, 62, 25, 23, 24, 63, 64, 33, 34, 32, 44, 45, 46, 17, 19, 20, 22, 47, 48, 49, 26, 28, 29, 31, 4, 37, 35, 50, 51, 52, 38, 40, 65, 66, 9, 67, 68, 69, 70, 18, 71, 72, 27, 73, 74, 36, 75, 76, 77, 78, 12, 79, 80, 81, 82, 21, 83, 84, 30, 85, 86, 39, 87, 88
15
0, 1, 2, 3, 7, 5, 41, 42, 43, 8, 10, 11, 13, 53, 54, 6, 55, 56, 57, 58, 16, 14, 15, 59, 60, 61, 62, 25, 23, 24, 63, 64, 33, 34, 32, 44, 45, 46, 17, 19, 20, 22, 47, 48, 49, 26, 28, 29, 31, 4, 37, 35, 50, 51, 52, 38, 40, 65, 66, 9, 67, 68, 69, 70, 18, 71, 72, 27, 73, 74, 36, 75, 76, 77, 78, 12, 79, 80, 81, 82, 21, 83, 84, 30, 85, 86, 39, 87, 88
14
0, 1, 2, 3, 7, 5, 41, 42, 43, 8, 10, 11, 13, 53, 54, 6, 55, 56, 57, 58, 16, 14, 15, 59, 60, 61, 62, 25, 23, 24, 63, 64, 33, 34, 32, 44, 45, 46, 17, 19, 20, 22, 47, 48, 49, 26, 28, 29, 31, 4, 37, 35, 50, 51, 52, 38, 40, 65, 66, 9, 67, 68, 69, 70, 18, 71, 72, 27, 73, 74, 36, 75, 76, 77, 78, 12, 79, 80, 81, 82, 21, 83, 84, 30, 85, 86, 39, 87, 88
13
0, 1, 2, 3, 7, 5, 41, 42, 43, 8, 10, 11, 13, 53, 54, 6, 55, 56, 57, 58, 16, 14, 15, 59, 60, 61, 62, 25, 23, 24, 63, 64, 33, 34, 32, 44, 45, 46, 17, 19, 20, 22, 47, 48, 49, 26, 28, 29, 31, 4, 37, 35, 50, 51, 52, 38, 40, 65, 66, 9, 67, 68, 69, 70, 18, 71, 72, 27, 73, 74, 36, 75, 76, 77, 78, 12, 79, 80, 81, 82, 21, 83, 84, 30, 85, 86, 39, 87, 88
12
0, 1, 2, 3, 7, 5, 41, 42, 43, 8, 10, 11, 13, 53, 54, 6, 55, 56, 57, 58, 16, 14, 15, 59, 60, 61, 62, 25, 23, 24, 63, 64, 33, 34, 32, 44, 45, 46, 17, 19, 20, 22, 47, 48, 49, 26, 28, 29, 31, 4, 37, 35, 50, 51, 52, 38, 40, 65, 66, 9, 67, 68, 69, 70, 18, 71, 72, 27, 73, 74, 36, 75, 76, 77, 78, 12, 79, 80, 81, 82, 21, 83, 84, 30, 85, 86, 39, 87, 88
11
0, 1, 2, 3, 7, 5, 41, 42, 43, 8, 10, 11, 13, 53, 54, 6, 55, 56, 57, 58, 16, 14, 15, 59, 60, 61, 62, 25, 23, 24, 63, 64, 33, 34, 32, 44, 45, 46, 17, 19, 20, 22, 47, 48, 49, 26, 28, 29, 31, 4, 37, 35, 50, 51, 52, 38, 40, 65, 66, 9, 67, 68, 69, 70, 18, 71, 72, 27, 73, 74, 36, 75, 76, 77, 78, 12, 79, 80, 81, 82, 21, 83, 84, 30, 85, 86, 39, 87, 88
10
0, 1, 2, 3, 7, 5, 41, 42, 43, 8, 10, 11, 13, 53, 54, 6, 55, 56, 57, 58, 16, 14, 15, 59, 60, 61, 62, 25, 23, 24, 63, 64, 33, 34, 32, 44, 45, 46, 17, 19, 20, 22, 47, 48, 49, 26, 28, 29, 31, 4, 37, 35, 50, 51, 52, 38, 40, 65, 66, 9, 67, 68, 69, 70, 18, 71, 72, 27, 73, 74, 36, 75, 76, 77, 78, 12, 79, 80, 81, 82, 21, 83, 84, 30, 85, 86, 39, 87, 88
9
0, 1, 2, 3, 7, 5, 41, 42, 43, 8, 10, 11, 13, 53, 54, 6, 55, 56, 57, 58, 16, 14, 15, 59, 60, 61, 62, 25, 23, 24, 63, 64, 33, 34, 32, 44, 45, 46, 17, 19, 20, 22, 47, 48, 49, 26, 28, 29, 31, 65, 66, 9, 67, 68, 69, 70, 4, 37, 35, 50, 51, 52, 38, 40, 18, 71, 72, 27, 73, 74, 36, 75, 76, 77, 78, 12, 79, 80, 81, 82, 21, 83, 84, 30, 85, 86, 39, 87, 88
../benchmark_instances/2023result/docs/solver/benchmark/ph-isr/ph-04-03.col	89	132	9	12593
	Command being timed: "timeout 1h java -Xms1024g -Xmx1024g -Xss134m -cp ../src/pathwidth.jar Pathwidth ../benchmark_instances/2023result/docs/solver/benchmark/ph-isr/ph-04-03.col"
	User time (seconds): 9.67
	System time (seconds): 5.66
	Percent of CPU this job got: 106%
	Elapsed (wall clock) time (h:mm:ss or m:ss): 0:14.43
	Average shared text size (kbytes): 0
	Average unshared data size (kbytes): 0
	Average stack size (kbytes): 0
	Average total size (kbytes): 0
	Maximum resident set size (kbytes): 21548432
	Average resident set size (kbytes): 0
	Major (requiring I/O) page faults: 0
	Minor (reclaiming a frame) page faults: 148577
	Voluntary context switches: 2708
	Involuntary context switches: 37
	Swaps: 0
	File system inputs: 8
	File system outputs: 224
	Socket messages sent: 0
	Socket messages received: 0
	Signals delivered: 0
	Page size (bytes): 4096
	Exit status: 0
