../benchmark_instances/2023result/docs/solver/benchmark/ph-isr/ph-04-04.col
117
0, 1, 2, 3, 7, 5, 69, 70, 6, 71, 72, 73, 74, 19, 17, 18, 75, 76, 77, 78, 31, 29, 30, 79, 80, 42, 43, 41, 10, 8, 53, 54, 55, 56, 11, 13, 14, 16, 81, 82, 9, 83, 84, 85, 86, 22, 20, 21, 87, 88, 89, 90, 34, 32, 33, 91, 92, 45, 46, 44, 57, 58, 59, 60, 23, 25, 26, 28, 61, 62, 63, 64, 35, 37, 38, 40, 4, 49, 47, 65, 66, 67, 68, 50, 52, 93, 94, 12, 95, 96, 97, 98, 24, 99, 100, 36, 101, 102, 48, 103, 104, 105, 106, 15, 107, 108, 109, 110, 27, 111, 112, 39, 113, 114, 51, 115, 116
116
0, 1, 2, 3, 7, 5, 69, 70, 6, 71, 72, 73, 74, 19, 17, 18, 75, 76, 77, 78, 31, 29, 30, 79, 80, 42, 43, 41, 10, 8, 53, 54, 55, 56, 11, 13, 14, 16, 81, 82, 9, 83, 84, 85, 86, 22, 20, 21, 87, 88, 89, 90, 34, 32, 33, 91, 92, 45, 46, 44, 57, 58, 59, 60, 23, 25, 26, 28, 61, 62, 63, 64, 35, 37, 38, 40, 4, 49, 47, 65, 66, 67, 68, 50, 52, 93, 94, 12, 95, 96, 97, 98, 24, 99, 100, 36, 101, 102, 48, 103, 104, 105, 106, 15, 107, 108, 109, 110, 27, 111, 112, 39, 113, 114, 51, 115, 116
115
0, 1, 2, 3, 7, 5, 69, 70, 6, 71, 72, 73, 74, 19, 17, 18, 75, 76, 77, 78, 31, 29, 30, 79, 80, 42, 43, 41, 10, 8, 53, 54, 55, 56, 11, 13, 14, 16, 81, 82, 9, 83, 84, 85, 86, 22, 20, 21, 87, 88, 89, 90, 34, 32, 33, 91, 92, 45, 46, 44, 57, 58, 59, 60, 23, 25, 26, 28, 61, 62, 63, 64, 35, 37, 38, 40, 4, 49, 47, 65, 66, 67, 68, 50, 52, 93, 94, 12, 95, 96, 97, 98, 24, 99, 100, 36, 101, 102, 48, 103, 104, 105, 106, 15, 107, 108, 109, 110, 27, 111, 112, 39, 113, 114, 51, 115, 116
114
0, 1, 2, 3, 7, 5, 69, 70, 6, 71, 72, 73, 74, 19, 17, 18, 75, 76, 77, 78, 31, 29, 30, 79, 80, 42, 43, 41, 10, 8, 53, 54, 55, 56, 11, 13, 14, 16, 81, 82, 9, 83, 84, 85, 86, 22, 20, 21, 87, 88, 89, 90, 34, 32, 33, 91, 92, 45, 46, 44, 57, 58, 59, 60, 23, 25, 26, 28, 61, 62, 63, 64, 35, 37, 38, 40, 4, 49, 47, 65, 66, 67, 68, 50, 52, 93, 94, 12, 95, 96, 97, 98, 24, 99, 100, 36, 101, 102, 48, 103, 104, 105, 106, 15, 107, 108, 109, 110, 27, 111, 112, 39, 113, 114, 51, 115, 116
113
0, 1, 2, 3, 7, 5, 69, 70, 6, 71, 72, 73, 74, 19, 17, 18, 75, 76, 77, 78, 31, 29, 30, 79, 80, 42, 43, 41, 10, 8, 53, 54, 55, 56, 11, 13, 14, 16, 81, 82, 9, 83, 84, 85, 86, 22, 20, 21, 87, 88, 89, 90, 34, 32, 33, 91, 92, 45, 46, 44, 57, 58, 59, 60, 23, 25, 26, 28, 61, 62, 63, 64, 35, 37, 38, 40, 4, 49, 47, 65, 66, 67, 68, 50, 52, 93, 94, 12, 95, 96, 97, 98, 24, 99, 100, 36, 101, 102, 48, 103, 104, 105, 106, 15, 107, 108, 109, 110, 27, 111, 112, 39, 113, 114, 51, 115, 116
112
0, 1, 2, 3, 7, 5, 69, 70, 6, 71, 72, 73, 74, 19, 17, 18, 75, 76, 77, 78, 31, 29, 30, 79, 80, 42, 43, 41, 10, 8, 53, 54, 55, 56, 11, 13, 14, 16, 81, 82, 9, 83, 84, 85, 86, 22, 20, 21, 87, 88, 89, 90, 34, 32, 33, 91, 92, 45, 46, 44, 57, 58, 59, 60, 23, 25, 26, 28, 61, 62, 63, 64, 35, 37, 38, 40, 4, 49, 47, 65, 66, 67, 68, 50, 52, 93, 94, 12, 95, 96, 97, 98, 24, 99, 100, 36, 101, 102, 48, 103, 104, 105, 106, 15, 107, 108, 109, 110, 27, 111, 112, 39, 113, 114, 51, 115, 116
111
0, 1, 2, 3, 7, 5, 69, 70, 6, 71, 72, 73, 74, 19, 17, 18, 75, 76, 77, 78, 31, 29, 30, 79, 80, 42, 43, 41, 10, 8, 53, 54, 55, 56, 11, 13, 14, 16, 81, 82, 9, 83, 84, 85, 86, 22, 20, 21, 87, 88, 89, 90, 34, 32, 33, 91, 92, 45, 46, 44, 57, 58, 59, 60, 23, 25, 26, 28, 61, 62, 63, 64, 35, 37, 38, 40, 4, 49, 47, 65, 66, 67, 68, 50, 52, 93, 94, 12, 95, 96, 97, 98, 24, 99, 100, 36, 101, 102, 48, 103, 104, 105, 106, 15, 107, 108, 109, 110, 27, 111, 112, 39, 113, 114, 51, 115, 116
110
0, 1, 2, 3, 7, 5, 69, 70, 6, 71, 72, 73, 74, 19, 17, 18, 75, 76, 77, 78, 31, 29, 30, 79, 80, 42, 43, 41, 10, 8, 53, 54, 55, 56, 11, 13, 14, 16, 81, 82, 9, 83, 84, 85, 86, 22, 20, 21, 87, 88, 89, 90, 34, 32, 33, 91, 92, 45, 46, 44, 57, 58, 59, 60, 23, 25, 26, 28, 61, 62, 63, 64, 35, 37, 38, 40, 4, 49, 47, 65, 66, 67, 68, 50, 52, 93, 94, 12, 95, 96, 97, 98, 24, 99, 100, 36, 101, 102, 48, 103, 104, 105, 106, 15, 107, 108, 109, 110, 27, 111, 112, 39, 113, 114, 51, 115, 116
109
0, 1, 2, 3, 7, 5, 69, 70, 6, 71, 72, 73, 74, 19, 17, 18, 75, 76, 77, 78, 31, 29, 30, 79, 80, 42, 43, 41, 10, 8, 53, 54, 55, 56, 11, 13, 14, 16, 81, 82, 9, 83, 84, 85, 86, 22, 20, 21, 87, 88, 89, 90, 34, 32, 33, 91, 92, 45, 46, 44, 57, 58, 59, 60, 23, 25, 26, 28, 61, 62, 63, 64, 35, 37, 38, 40, 4, 49, 47, 65, 66, 67, 68, 50, 52, 93, 94, 12, 95, 96, 97, 98, 24, 99, 100, 36, 101, 102, 48, 103, 104, 105, 106, 15, 107, 108, 109, 110, 27, 111, 112, 39, 113, 114, 51, 115, 116
108
0, 1, 2, 3, 7, 5, 69, 70, 6, 71, 72, 73, 74, 19, 17, 18, 75, 76, 77, 78, 31, 29, 30, 79, 80, 42, 43, 41, 10, 8, 53, 54, 55, 56, 11, 13, 14, 16, 81, 82, 9, 83, 84, 85, 86, 22, 20, 21, 87, 88, 89, 90, 34, 32, 33, 91, 92, 45, 46, 44, 57, 58, 59, 60, 23, 25, 26, 28, 61, 62, 63, 64, 35, 37, 38, 40, 4, 49, 47, 65, 66, 67, 68, 50, 52, 93, 94, 12, 95, 96, 97, 98, 24, 99, 100, 36, 101, 102, 48, 103, 104, 105, 106, 15, 107, 108, 109, 110, 27, 111, 112, 39, 113, 114, 51, 115, 116
107
0, 1, 2, 3, 7, 5, 69, 70, 6, 71, 72, 73, 74, 19, 17, 18, 75, 76, 77, 78, 31, 29, 30, 79, 80, 42, 43, 41, 10, 8, 53, 54, 55, 56, 11, 13, 14, 16, 81, 82, 9, 83, 84, 85, 86, 22, 20, 21, 87, 88, 89, 90, 34, 32, 33, 91, 92, 45, 46, 44, 57, 58, 59, 60, 23, 25, 26, 28, 61, 62, 63, 64, 35, 37, 38, 40, 4, 49, 47, 65, 66, 67, 68, 50, 52, 93, 94, 12, 95, 96, 97, 98, 24, 99, 100, 36, 101, 102, 48, 103, 104, 105, 106, 15, 107, 108, 109, 110, 27, 111, 112, 39, 113, 114, 51, 115, 116
106
0, 1, 2, 3, 7, 5, 69, 70, 6, 71, 72, 73, 74, 19, 17, 18, 75, 76, 77, 78, 31, 29, 30, 79, 80, 42, 43, 41, 10, 8, 53, 54, 55, 56, 11, 13, 14, 16, 81, 82, 9, 83, 84, 85, 86, 22, 20, 21, 87, 88, 89, 90, 34, 32, 33, 91, 92, 45, 46, 44, 57, 58, 59, 60, 23, 25, 26, 28, 61, 62, 63, 64, 35, 37, 38, 40, 4, 49, 47, 65, 66, 67, 68, 50, 52, 93, 94, 12, 95, 96, 97, 98, 24, 99, 100, 36, 101, 102, 48, 103, 104, 105, 106, 15, 107, 108, 109, 110, 27, 111, 112, 39, 113, 114, 51, 115, 116
105
0, 1, 2, 3, 7, 5, 69, 70, 6, 71, 72, 73, 74, 19, 17, 18, 75, 76, 77, 78, 31, 29, 30, 79, 80, 42, 43, 41, 10, 8, 53, 54, 55, 56, 11, 13, 14, 16, 81, 82, 9, 83, 84, 85, 86, 22, 20, 21, 87, 88, 89, 90, 34, 32, 33, 91, 92, 45, 46, 44, 57, 58, 59, 60, 23, 25, 26, 28, 61, 62, 63, 64, 35, 37, 38, 40, 4, 49, 47, 65, 66, 67, 68, 50, 52, 93, 94, 12, 95, 96, 97, 98, 24, 99, 100, 36, 101, 102, 48, 103, 104, 105, 106, 15, 107, 108, 109, 110, 27, 111, 112, 39, 113, 114, 51, 115, 116
104
0, 1, 2, 3, 7, 5, 69, 70, 6, 71, 72, 73, 74, 19, 17, 18, 75, 76, 77, 78, 31, 29, 30, 79, 80, 42, 43, 41, 10, 8, 53, 54, 55, 56, 11, 13, 14, 16, 81, 82, 9, 83, 84, 85, 86, 22, 20, 21, 87, 88, 89, 90, 34, 32, 33, 91, 92, 45, 46, 44, 57, 58, 59, 60, 23, 25, 26, 28, 61, 62, 63, 64, 35, 37, 38, 40, 4, 49, 47, 65, 66, 67, 68, 50, 52, 93, 94, 12, 95, 96, 97, 98, 24, 99, 100, 36, 101, 102, 48, 103, 104, 105, 106, 15, 107, 108, 109, 110, 27, 111, 112, 39, 113, 114, 51, 115, 116
103
0, 1, 2, 3, 7, 5, 69, 70, 6, 71, 72, 73, 74, 19, 17, 18, 75, 76, 77, 78, 31, 29, 30, 79, 80, 42, 43, 41, 10, 8, 53, 54, 55, 56, 11, 13, 14, 16, 81, 82, 9, 83, 84, 85, 86, 22, 20, 21, 87, 88, 89, 90, 34, 32, 33, 91, 92, 45, 46, 44, 57, 58, 59, 60, 23, 25, 26, 28, 61, 62, 63, 64, 35, 37, 38, 40, 4, 49, 47, 65, 66, 67, 68, 50, 52, 93, 94, 12, 95, 96, 97, 98, 24, 99, 100, 36, 101, 102, 48, 103, 104, 105, 106, 15, 107, 108, 109, 110, 27, 111, 112, 39, 113, 114, 51, 115, 116
102
0, 1, 2, 3, 7, 5, 69, 70, 6, 71, 72, 73, 74, 19, 17, 18, 75, 76, 77, 78, 31, 29, 30, 79, 80, 42, 43, 41, 10, 8, 53, 54, 55, 56, 11, 13, 14, 16, 81, 82, 9, 83, 84, 85, 86, 22, 20, 21, 87, 88, 89, 90, 34, 32, 33, 91, 92, 45, 46, 44, 57, 58, 59, 60, 23, 25, 26, 28, 61, 62, 63, 64, 35, 37, 38, 40, 4, 49, 47, 65, 66, 67, 68, 50, 52, 93, 94, 12, 95, 96, 97, 98, 24, 99, 100, 36, 101, 102, 48, 103, 104, 105, 106, 15, 107, 108, 109, 110, 27, 111, 112, 39, 113, 114, 51, 115, 116
101
0, 1, 2, 3, 7, 5, 69, 70, 6, 71, 72, 73, 74, 19, 17, 18, 75, 76, 77, 78, 31, 29, 30, 79, 80, 42, 43, 41, 10, 8, 53, 54, 55, 56, 11, 13, 14, 16, 81, 82, 9, 83, 84, 85, 86, 22, 20, 21, 87, 88, 89, 90, 34, 32, 33, 91, 92, 45, 46, 44, 57, 58, 59, 60, 23, 25, 26, 28, 61, 62, 63, 64, 35, 37, 38, 40, 4, 49, 47, 65, 66, 67, 68, 50, 52, 93, 94, 12, 95, 96, 97, 98, 24, 99, 100, 36, 101, 102, 48, 103, 104, 105, 106, 15, 107, 108, 109, 110, 27, 111, 112, 39, 113, 114, 51, 115, 116
100
0, 1, 2, 3, 7, 5, 69, 70, 6, 71, 72, 73, 74, 19, 17, 18, 75, 76, 77, 78, 31, 29, 30, 79, 80, 42, 43, 41, 10, 8, 53, 54, 55, 56, 11, 13, 14, 16, 81, 82, 9, 83, 84, 85, 86, 22, 20, 21, 87, 88, 89, 90, 34, 32, 33, 91, 92, 45, 46, 44, 57, 58, 59, 60, 23, 25, 26, 28, 61, 62, 63, 64, 35, 37, 38, 40, 4, 49, 47, 65, 66, 67, 68, 50, 52, 93, 94, 12, 95, 96, 97, 98, 24, 99, 100, 36, 101, 102, 48, 103, 104, 105, 106, 15, 107, 108, 109, 110, 27, 111, 112, 39, 113, 114, 51, 115, 116
99
0, 1, 2, 3, 7, 5, 69, 70, 6, 71, 72, 73, 74, 19, 17, 18, 75, 76, 77, 78, 31, 29, 30, 79, 80, 42, 43, 41, 10, 8, 53, 54, 55, 56, 11, 13, 14, 16, 81, 82, 9, 83, 84, 85, 86, 22, 20, 21, 87, 88, 89, 90, 34, 32, 33, 91, 92, 45, 46, 44, 57, 58, 59, 60, 23, 25, 26, 28, 61, 62, 63, 64, 35, 37, 38, 40, 4, 49, 47, 65, 66, 67, 68, 50, 52, 93, 94, 12, 95, 96, 97, 98, 24, 99, 100, 36, 101, 102, 48, 103, 104, 105, 106, 15, 107, 108, 109, 110, 27, 111, 112, 39, 113, 114, 51, 115, 116
98
0, 1, 2, 3, 7, 5, 69, 70, 6, 71, 72, 73, 74, 19, 17, 18, 75, 76, 77, 78, 31, 29, 30, 79, 80, 42, 43, 41, 10, 8, 53, 54, 55, 56, 11, 13, 14, 16, 81, 82, 9, 83, 84, 85, 86, 22, 20, 21, 87, 88, 89, 90, 34, 32, 33, 91, 92, 45, 46, 44, 57, 58, 59, 60, 23, 25, 26, 28, 61, 62, 63, 64, 35, 37, 38, 40, 4, 49, 47, 65, 66, 67, 68, 50, 52, 93, 94, 12, 95, 96, 97, 98, 24, 99, 100, 36, 101, 102, 48, 103, 104, 105, 106, 15, 107, 108, 109, 110, 27, 111, 112, 39, 113, 114, 51, 115, 116
97
0, 1, 2, 3, 7, 5, 69, 70, 6, 71, 72, 73, 74, 19, 17, 18, 75, 76, 77, 78, 31, 29, 30, 79, 80, 42, 43, 41, 10, 8, 53, 54, 55, 56, 11, 13, 14, 16, 81, 82, 9, 83, 84, 85, 86, 22, 20, 21, 87, 88, 89, 90, 34, 32, 33, 91, 92, 45, 46, 44, 57, 58, 59, 60, 23, 25, 26, 28, 61, 62, 63, 64, 35, 37, 38, 40, 4, 49, 47, 65, 66, 67, 68, 50, 52, 93, 94, 12, 95, 96, 97, 98, 24, 99, 100, 36, 101, 102, 48, 103, 104, 105, 106, 15, 107, 108, 109, 110, 27, 111, 112, 39, 113, 114, 51, 115, 116
96
0, 1, 2, 3, 7, 5, 69, 70, 6, 71, 72, 73, 74, 19, 17, 18, 75, 76, 77, 78, 31, 29, 30, 79, 80, 42, 43, 41, 10, 8, 53, 54, 55, 56, 11, 13, 14, 16, 81, 82, 9, 83, 84, 85, 86, 22, 20, 21, 87, 88, 89, 90, 34, 32, 33, 91, 92, 45, 46, 44, 57, 58, 59, 60, 23, 25, 26, 28, 61, 62, 63, 64, 35, 37, 38, 40, 4, 49, 47, 65, 66, 67, 68, 50, 52, 93, 94, 12, 95, 96, 97, 98, 24, 99, 100, 36, 101, 102, 48, 103, 104, 105, 106, 15, 107, 108, 109, 110, 27, 111, 112, 39, 113, 114, 51, 115, 116
95
0, 1, 2, 3, 7, 5, 69, 70, 6, 71, 72, 73, 74, 19, 17, 18, 75, 76, 77, 78, 31, 29, 30, 79, 80, 42, 43, 41, 10, 8, 53, 54, 55, 56, 11, 13, 14, 16, 81, 82, 9, 83, 84, 85, 86, 22, 20, 21, 87, 88, 89, 90, 34, 32, 33, 91, 92, 45, 46, 44, 57, 58, 59, 60, 23, 25, 26, 28, 61, 62, 63, 64, 35, 37, 38, 40, 4, 49, 47, 65, 66, 67, 68, 50, 52, 93, 94, 12, 95, 96, 97, 98, 24, 99, 100, 36, 101, 102, 48, 103, 104, 105, 106, 15, 107, 108, 109, 110, 27, 111, 112, 39, 113, 114, 51, 115, 116
94
0, 1, 2, 3, 7, 5, 69, 70, 6, 71, 72, 73, 74, 19, 17, 18, 75, 76, 77, 78, 31, 29, 30, 79, 80, 42, 43, 41, 10, 8, 53, 54, 55, 56, 11, 13, 14, 16, 81, 82, 9, 83, 84, 85, 86, 22, 20, 21, 87, 88, 89, 90, 34, 32, 33, 91, 92, 45, 46, 44, 57, 58, 59, 60, 23, 25, 26, 28, 61, 62, 63, 64, 35, 37, 38, 40, 4, 49, 47, 65, 66, 67, 68, 50, 52, 93, 94, 12, 95, 96, 97, 98, 24, 99, 100, 36, 101, 102, 48, 103, 104, 105, 106, 15, 107, 108, 109, 110, 27, 111, 112, 39, 113, 114, 51, 115, 116
93
0, 1, 2, 3, 7, 5, 69, 70, 6, 71, 72, 73, 74, 19, 17, 18, 75, 76, 77, 78, 31, 29, 30, 79, 80, 42, 43, 41, 10, 8, 53, 54, 55, 56, 11, 13, 14, 16, 81, 82, 9, 83, 84, 85, 86, 22, 20, 21, 87, 88, 89, 90, 34, 32, 33, 91, 92, 45, 46, 44, 57, 58, 59, 60, 23, 25, 26, 28, 61, 62, 63, 64, 35, 37, 38, 40, 4, 49, 47, 65, 66, 67, 68, 50, 52, 93, 94, 12, 95, 96, 97, 98, 24, 99, 100, 36, 101, 102, 48, 103, 104, 105, 106, 15, 107, 108, 109, 110, 27, 111, 112, 39, 113, 114, 51, 115, 116
92
0, 1, 2, 3, 7, 5, 69, 70, 6, 71, 72, 73, 74, 19, 17, 18, 75, 76, 77, 78, 31, 29, 30, 79, 80, 42, 43, 41, 10, 8, 53, 54, 55, 56, 11, 13, 14, 16, 81, 82, 9, 83, 84, 85, 86, 22, 20, 21, 87, 88, 89, 90, 34, 32, 33, 91, 92, 45, 46, 44, 57, 58, 59, 60, 23, 25, 26, 28, 61, 62, 63, 64, 35, 37, 38, 40, 4, 49, 47, 65, 66, 67, 68, 50, 52, 93, 94, 12, 95, 96, 97, 98, 24, 99, 100, 36, 101, 102, 48, 103, 104, 105, 106, 15, 107, 108, 109, 110, 27, 111, 112, 39, 113, 114, 51, 115, 116
91
0, 1, 2, 3, 7, 5, 69, 70, 6, 71, 72, 73, 74, 19, 17, 18, 75, 76, 77, 78, 31, 29, 30, 79, 80, 42, 43, 41, 10, 8, 53, 54, 55, 56, 11, 13, 14, 16, 81, 82, 9, 83, 84, 85, 86, 22, 20, 21, 87, 88, 89, 90, 34, 32, 33, 91, 92, 45, 46, 44, 57, 58, 59, 60, 23, 25, 26, 28, 61, 62, 63, 64, 35, 37, 38, 40, 4, 49, 47, 65, 66, 67, 68, 50, 52, 93, 94, 12, 95, 96, 97, 98, 24, 99, 100, 36, 101, 102, 48, 103, 104, 105, 106, 15, 107, 108, 109, 110, 27, 111, 112, 39, 113, 114, 51, 115, 116
90
0, 1, 2, 3, 7, 5, 69, 70, 6, 71, 72, 73, 74, 19, 17, 18, 75, 76, 77, 78, 31, 29, 30, 79, 80, 42, 43, 41, 10, 8, 53, 54, 55, 56, 11, 13, 14, 16, 81, 82, 9, 83, 84, 85, 86, 22, 20, 21, 87, 88, 89, 90, 34, 32, 33, 91, 92, 45, 46, 44, 57, 58, 59, 60, 23, 25, 26, 28, 61, 62, 63, 64, 35, 37, 38, 40, 4, 49, 47, 65, 66, 67, 68, 50, 52, 93, 94, 12, 95, 96, 97, 98, 24, 99, 100, 36, 101, 102, 48, 103, 104, 105, 106, 15, 107, 108, 109, 110, 27, 111, 112, 39, 113, 114, 51, 115, 116
89
0, 1, 2, 3, 7, 5, 69, 70, 6, 71, 72, 73, 74, 19, 17, 18, 75, 76, 77, 78, 31, 29, 30, 79, 80, 42, 43, 41, 10, 8, 53, 54, 55, 56, 11, 13, 14, 16, 81, 82, 9, 83, 84, 85, 86, 22, 20, 21, 87, 88, 89, 90, 34, 32, 33, 91, 92, 45, 46, 44, 57, 58, 59, 60, 23, 25, 26, 28, 61, 62, 63, 64, 35, 37, 38, 40, 4, 49, 47, 65, 66, 67, 68, 50, 52, 93, 94, 12, 95, 96, 97, 98, 24, 99, 100, 36, 101, 102, 48, 103, 104, 105, 106, 15, 107, 108, 109, 110, 27, 111, 112, 39, 113, 114, 51, 115, 116
88
0, 1, 2, 3, 7, 5, 69, 70, 6, 71, 72, 73, 74, 19, 17, 18, 75, 76, 77, 78, 31, 29, 30, 79, 80, 42, 43, 41, 10, 8, 53, 54, 55, 56, 11, 13, 14, 16, 81, 82, 9, 83, 84, 85, 86, 22, 20, 21, 87, 88, 89, 90, 34, 32, 33, 91, 92, 45, 46, 44, 57, 58, 59, 60, 23, 25, 26, 28, 61, 62, 63, 64, 35, 37, 38, 40, 4, 49, 47, 65, 66, 67, 68, 50, 52, 93, 94, 12, 95, 96, 97, 98, 24, 99, 100, 36, 101, 102, 48, 103, 104, 105, 106, 15, 107, 108, 109, 110, 27, 111, 112, 39, 113, 114, 51, 115, 116
87
0, 1, 2, 3, 7, 5, 69, 70, 6, 71, 72, 73, 74, 19, 17, 18, 75, 76, 77, 78, 31, 29, 30, 79, 80, 42, 43, 41, 10, 8, 53, 54, 55, 56, 11, 13, 14, 16, 81, 82, 9, 83, 84, 85, 86, 22, 20, 21, 87, 88, 89, 90, 34, 32, 33, 91, 92, 45, 46, 44, 57, 58, 59, 60, 23, 25, 26, 28, 61, 62, 63, 64, 35, 37, 38, 40, 4, 49, 47, 65, 66, 67, 68, 50, 52, 93, 94, 12, 95, 96, 97, 98, 24, 99, 100, 36, 101, 102, 48, 103, 104, 105, 106, 15, 107, 108, 109, 110, 27, 111, 112, 39, 113, 114, 51, 115, 116
86
0, 1, 2, 3, 7, 5, 69, 70, 6, 71, 72, 73, 74, 19, 17, 18, 75, 76, 77, 78, 31, 29, 30, 79, 80, 42, 43, 41, 10, 8, 53, 54, 55, 56, 11, 13, 14, 16, 81, 82, 9, 83, 84, 85, 86, 22, 20, 21, 87, 88, 89, 90, 34, 32, 33, 91, 92, 45, 46, 44, 57, 58, 59, 60, 23, 25, 26, 28, 61, 62, 63, 64, 35, 37, 38, 40, 4, 49, 47, 65, 66, 67, 68, 50, 52, 93, 94, 12, 95, 96, 97, 98, 24, 99, 100, 36, 101, 102, 48, 103, 104, 105, 106, 15, 107, 108, 109, 110, 27, 111, 112, 39, 113, 114, 51, 115, 116
85
0, 1, 2, 3, 7, 5, 69, 70, 6, 71, 72, 73, 74, 19, 17, 18, 75, 76, 77, 78, 31, 29, 30, 79, 80, 42, 43, 41, 10, 8, 53, 54, 55, 56, 11, 13, 14, 16, 81, 82, 9, 83, 84, 85, 86, 22, 20, 21, 87, 88, 89, 90, 34, 32, 33, 91, 92, 45, 46, 44, 57, 58, 59, 60, 23, 25, 26, 28, 61, 62, 63, 64, 35, 37, 38, 40, 4, 49, 47, 65, 66, 67, 68, 50, 52, 93, 94, 12, 95, 96, 97, 98, 24, 99, 100, 36, 101, 102, 48, 103, 104, 105, 106, 15, 107, 108, 109, 110, 27, 111, 112, 39, 113, 114, 51, 115, 116
84
0, 1, 2, 3, 7, 5, 69, 70, 6, 71, 72, 73, 74, 19, 17, 18, 75, 76, 77, 78, 31, 29, 30, 79, 80, 42, 43, 41, 10, 8, 53, 54, 55, 56, 11, 13, 14, 16, 81, 82, 9, 83, 84, 85, 86, 22, 20, 21, 87, 88, 89, 90, 34, 32, 33, 91, 92, 45, 46, 44, 57, 58, 59, 60, 23, 25, 26, 28, 61, 62, 63, 64, 35, 37, 38, 40, 4, 49, 47, 65, 66, 67, 68, 50, 52, 93, 94, 12, 95, 96, 97, 98, 24, 99, 100, 36, 101, 102, 48, 103, 104, 105, 106, 15, 107, 108, 109, 110, 27, 111, 112, 39, 113, 114, 51, 115, 116
83
0, 1, 2, 3, 7, 5, 69, 70, 6, 71, 72, 73, 74, 19, 17, 18, 75, 76, 77, 78, 31, 29, 30, 79, 80, 42, 43, 41, 10, 8, 53, 54, 55, 56, 11, 13, 14, 16, 81, 82, 9, 83, 84, 85, 86, 22, 20, 21, 87, 88, 89, 90, 34, 32, 33, 91, 92, 45, 46, 44, 57, 58, 59, 60, 23, 25, 26, 28, 61, 62, 63, 64, 35, 37, 38, 40, 4, 49, 47, 65, 66, 67, 68, 50, 52, 93, 94, 12, 95, 96, 97, 98, 24, 99, 100, 36, 101, 102, 48, 103, 104, 105, 106, 15, 107, 108, 109, 110, 27, 111, 112, 39, 113, 114, 51, 115, 116
82
0, 1, 2, 3, 7, 5, 69, 70, 6, 71, 72, 73, 74, 19, 17, 18, 75, 76, 77, 78, 31, 29, 30, 79, 80, 42, 43, 41, 10, 8, 53, 54, 55, 56, 11, 13, 14, 16, 81, 82, 9, 83, 84, 85, 86, 22, 20, 21, 87, 88, 89, 90, 34, 32, 33, 91, 92, 45, 46, 44, 57, 58, 59, 60, 23, 25, 26, 28, 61, 62, 63, 64, 35, 37, 38, 40, 4, 49, 47, 65, 66, 67, 68, 50, 52, 93, 94, 12, 95, 96, 97, 98, 24, 99, 100, 36, 101, 102, 48, 103, 104, 105, 106, 15, 107, 108, 109, 110, 27, 111, 112, 39, 113, 114, 51, 115, 116
81
0, 1, 2, 3, 7, 5, 69, 70, 6, 71, 72, 73, 74, 19, 17, 18, 75, 76, 77, 78, 31, 29, 30, 79, 80, 42, 43, 41, 10, 8, 53, 54, 55, 56, 11, 13, 14, 16, 81, 82, 9, 83, 84, 85, 86, 22, 20, 21, 87, 88, 89, 90, 34, 32, 33, 91, 92, 45, 46, 44, 57, 58, 59, 60, 23, 25, 26, 28, 61, 62, 63, 64, 35, 37, 38, 40, 4, 49, 47, 65, 66, 67, 68, 50, 52, 93, 94, 12, 95, 96, 97, 98, 24, 99, 100, 36, 101, 102, 48, 103, 104, 105, 106, 15, 107, 108, 109, 110, 27, 111, 112, 39, 113, 114, 51, 115, 116
80
0, 1, 2, 3, 7, 5, 69, 70, 6, 71, 72, 73, 74, 19, 17, 18, 75, 76, 77, 78, 31, 29, 30, 79, 80, 42, 43, 41, 10, 8, 53, 54, 55, 56, 11, 13, 14, 16, 81, 82, 9, 83, 84, 85, 86, 22, 20, 21, 87, 88, 89, 90, 34, 32, 33, 91, 92, 45, 46, 44, 57, 58, 59, 60, 23, 25, 26, 28, 61, 62, 63, 64, 35, 37, 38, 40, 4, 49, 47, 65, 66, 67, 68, 50, 52, 93, 94, 12, 95, 96, 97, 98, 24, 99, 100, 36, 101, 102, 48, 103, 104, 105, 106, 15, 107, 108, 109, 110, 27, 111, 112, 39, 113, 114, 51, 115, 116
79
0, 1, 2, 3, 7, 5, 69, 70, 6, 71, 72, 73, 74, 19, 17, 18, 75, 76, 77, 78, 31, 29, 30, 79, 80, 42, 43, 41, 10, 8, 53, 54, 55, 56, 11, 13, 14, 16, 81, 82, 9, 83, 84, 85, 86, 22, 20, 21, 87, 88, 89, 90, 34, 32, 33, 91, 92, 45, 46, 44, 57, 58, 59, 60, 23, 25, 26, 28, 61, 62, 63, 64, 35, 37, 38, 40, 4, 49, 47, 65, 66, 67, 68, 50, 52, 93, 94, 12, 95, 96, 97, 98, 24, 99, 100, 36, 101, 102, 48, 103, 104, 105, 106, 15, 107, 108, 109, 110, 27, 111, 112, 39, 113, 114, 51, 115, 116
78
0, 1, 2, 3, 7, 5, 69, 70, 6, 71, 72, 73, 74, 19, 17, 18, 75, 76, 77, 78, 31, 29, 30, 79, 80, 42, 43, 41, 10, 8, 53, 54, 55, 56, 11, 13, 14, 16, 81, 82, 9, 83, 84, 85, 86, 22, 20, 21, 87, 88, 89, 90, 34, 32, 33, 91, 92, 45, 46, 44, 57, 58, 59, 60, 23, 25, 26, 28, 61, 62, 63, 64, 35, 37, 38, 40, 4, 49, 47, 65, 66, 67, 68, 50, 52, 93, 94, 12, 95, 96, 97, 98, 24, 99, 100, 36, 101, 102, 48, 103, 104, 105, 106, 15, 107, 108, 109, 110, 27, 111, 112, 39, 113, 114, 51, 115, 116
77
0, 1, 2, 3, 7, 5, 69, 70, 6, 71, 72, 73, 74, 19, 17, 18, 75, 76, 77, 78, 31, 29, 30, 79, 80, 42, 43, 41, 10, 8, 53, 54, 55, 56, 11, 13, 14, 16, 81, 82, 9, 83, 84, 85, 86, 22, 20, 21, 87, 88, 89, 90, 34, 32, 33, 91, 92, 45, 46, 44, 57, 58, 59, 60, 23, 25, 26, 28, 61, 62, 63, 64, 35, 37, 38, 40, 4, 49, 47, 65, 66, 67, 68, 50, 52, 93, 94, 12, 95, 96, 97, 98, 24, 99, 100, 36, 101, 102, 48, 103, 104, 105, 106, 15, 107, 108, 109, 110, 27, 111, 112, 39, 113, 114, 51, 115, 116
76
0, 1, 2, 3, 7, 5, 69, 70, 6, 71, 72, 73, 74, 19, 17, 18, 75, 76, 77, 78, 31, 29, 30, 79, 80, 42, 43, 41, 10, 8, 53, 54, 55, 56, 11, 13, 14, 16, 81, 82, 9, 83, 84, 85, 86, 22, 20, 21, 87, 88, 89, 90, 34, 32, 33, 91, 92, 45, 46, 44, 57, 58, 59, 60, 23, 25, 26, 28, 61, 62, 63, 64, 35, 37, 38, 40, 4, 49, 47, 65, 66, 67, 68, 50, 52, 93, 94, 12, 95, 96, 97, 98, 24, 99, 100, 36, 101, 102, 48, 103, 104, 105, 106, 15, 107, 108, 109, 110, 27, 111, 112, 39, 113, 114, 51, 115, 116
75
0, 1, 2, 3, 7, 5, 69, 70, 6, 71, 72, 73, 74, 19, 17, 18, 75, 76, 77, 78, 31, 29, 30, 79, 80, 42, 43, 41, 10, 8, 53, 54, 55, 56, 11, 13, 14, 16, 81, 82, 9, 83, 84, 85, 86, 22, 20, 21, 87, 88, 89, 90, 34, 32, 33, 91, 92, 45, 46, 44, 57, 58, 59, 60, 23, 25, 26, 28, 61, 62, 63, 64, 35, 37, 38, 40, 4, 49, 47, 65, 66, 67, 68, 50, 52, 93, 94, 12, 95, 96, 97, 98, 24, 99, 100, 36, 101, 102, 48, 103, 104, 105, 106, 15, 107, 108, 109, 110, 27, 111, 112, 39, 113, 114, 51, 115, 116
74
0, 1, 2, 3, 7, 5, 69, 70, 6, 71, 72, 73, 74, 19, 17, 18, 75, 76, 77, 78, 31, 29, 30, 79, 80, 42, 43, 41, 10, 8, 53, 54, 55, 56, 11, 13, 14, 16, 81, 82, 9, 83, 84, 85, 86, 22, 20, 21, 87, 88, 89, 90, 34, 32, 33, 91, 92, 45, 46, 44, 57, 58, 59, 60, 23, 25, 26, 28, 61, 62, 63, 64, 35, 37, 38, 40, 4, 49, 47, 65, 66, 67, 68, 50, 52, 93, 94, 12, 95, 96, 97, 98, 24, 99, 100, 36, 101, 102, 48, 103, 104, 105, 106, 15, 107, 108, 109, 110, 27, 111, 112, 39, 113, 114, 51, 115, 116
73
0, 1, 2, 3, 7, 5, 69, 70, 6, 71, 72, 73, 74, 19, 17, 18, 75, 76, 77, 78, 31, 29, 30, 79, 80, 42, 43, 41, 10, 8, 53, 54, 55, 56, 11, 13, 14, 16, 81, 82, 9, 83, 84, 85, 86, 22, 20, 21, 87, 88, 89, 90, 34, 32, 33, 91, 92, 45, 46, 44, 57, 58, 59, 60, 23, 25, 26, 28, 61, 62, 63, 64, 35, 37, 38, 40, 4, 49, 47, 65, 66, 67, 68, 50, 52, 93, 94, 12, 95, 96, 97, 98, 24, 99, 100, 36, 101, 102, 48, 103, 104, 105, 106, 15, 107, 108, 109, 110, 27, 111, 112, 39, 113, 114, 51, 115, 116
72
0, 1, 2, 3, 7, 5, 69, 70, 6, 71, 72, 73, 74, 19, 17, 18, 75, 76, 77, 78, 31, 29, 30, 79, 80, 42, 43, 41, 10, 8, 53, 54, 55, 56, 11, 13, 14, 16, 81, 82, 9, 83, 84, 85, 86, 22, 20, 21, 87, 88, 89, 90, 34, 32, 33, 91, 92, 45, 46, 44, 57, 58, 59, 60, 23, 25, 26, 28, 61, 62, 63, 64, 35, 37, 38, 40, 4, 49, 47, 65, 66, 67, 68, 50, 52, 93, 94, 12, 95, 96, 97, 98, 24, 99, 100, 36, 101, 102, 48, 103, 104, 105, 106, 15, 107, 108, 109, 110, 27, 111, 112, 39, 113, 114, 51, 115, 116
71
0, 1, 2, 3, 7, 5, 69, 70, 6, 71, 72, 73, 74, 19, 17, 18, 75, 76, 77, 78, 31, 29, 30, 79, 80, 42, 43, 41, 10, 8, 53, 54, 55, 56, 11, 13, 14, 16, 81, 82, 9, 83, 84, 85, 86, 22, 20, 21, 87, 88, 89, 90, 34, 32, 33, 91, 92, 45, 46, 44, 57, 58, 59, 60, 23, 25, 26, 28, 61, 62, 63, 64, 35, 37, 38, 40, 4, 49, 47, 65, 66, 67, 68, 50, 52, 93, 94, 12, 95, 96, 97, 98, 24, 99, 100, 36, 101, 102, 48, 103, 104, 105, 106, 15, 107, 108, 109, 110, 27, 111, 112, 39, 113, 114, 51, 115, 116
70
0, 1, 2, 3, 7, 5, 69, 70, 6, 71, 72, 73, 74, 19, 17, 18, 75, 76, 77, 78, 31, 29, 30, 79, 80, 42, 43, 41, 10, 8, 53, 54, 55, 56, 11, 13, 14, 16, 81, 82, 9, 83, 84, 85, 86, 22, 20, 21, 87, 88, 89, 90, 34, 32, 33, 91, 92, 45, 46, 44, 57, 58, 59, 60, 23, 25, 26, 28, 61, 62, 63, 64, 35, 37, 38, 40, 4, 49, 47, 65, 66, 67, 68, 50, 52, 93, 94, 12, 95, 96, 97, 98, 24, 99, 100, 36, 101, 102, 48, 103, 104, 105, 106, 15, 107, 108, 109, 110, 27, 111, 112, 39, 113, 114, 51, 115, 116
69
0, 1, 2, 3, 7, 5, 69, 70, 6, 71, 72, 73, 74, 19, 17, 18, 75, 76, 77, 78, 31, 29, 30, 79, 80, 42, 43, 41, 10, 8, 53, 54, 55, 56, 11, 13, 14, 16, 81, 82, 9, 83, 84, 85, 86, 22, 20, 21, 87, 88, 89, 90, 34, 32, 33, 91, 92, 45, 46, 44, 57, 58, 59, 60, 23, 25, 26, 28, 61, 62, 63, 64, 35, 37, 38, 40, 4, 49, 47, 65, 66, 67, 68, 50, 52, 93, 94, 12, 95, 96, 97, 98, 24, 99, 100, 36, 101, 102, 48, 103, 104, 105, 106, 15, 107, 108, 109, 110, 27, 111, 112, 39, 113, 114, 51, 115, 116
68
0, 1, 2, 3, 7, 5, 69, 70, 6, 71, 72, 73, 74, 19, 17, 18, 75, 76, 77, 78, 31, 29, 30, 79, 80, 42, 43, 41, 10, 8, 53, 54, 55, 56, 11, 13, 14, 16, 81, 82, 9, 83, 84, 85, 86, 22, 20, 21, 87, 88, 89, 90, 34, 32, 33, 91, 92, 45, 46, 44, 57, 58, 59, 60, 23, 25, 26, 28, 61, 62, 63, 64, 35, 37, 38, 40, 4, 49, 47, 65, 66, 67, 68, 50, 52, 93, 94, 12, 95, 96, 97, 98, 24, 99, 100, 36, 101, 102, 48, 103, 104, 105, 106, 15, 107, 108, 109, 110, 27, 111, 112, 39, 113, 114, 51, 115, 116
67
0, 1, 2, 3, 7, 5, 69, 70, 6, 71, 72, 73, 74, 19, 17, 18, 75, 76, 77, 78, 31, 29, 30, 79, 80, 42, 43, 41, 10, 8, 53, 54, 55, 56, 11, 13, 14, 16, 81, 82, 9, 83, 84, 85, 86, 22, 20, 21, 87, 88, 89, 90, 34, 32, 33, 91, 92, 45, 46, 44, 57, 58, 59, 60, 23, 25, 26, 28, 61, 62, 63, 64, 35, 37, 38, 40, 4, 49, 47, 65, 66, 67, 68, 50, 52, 93, 94, 12, 95, 96, 97, 98, 24, 99, 100, 36, 101, 102, 48, 103, 104, 105, 106, 15, 107, 108, 109, 110, 27, 111, 112, 39, 113, 114, 51, 115, 116
66
0, 1, 2, 3, 7, 5, 69, 70, 6, 71, 72, 73, 74, 19, 17, 18, 75, 76, 77, 78, 31, 29, 30, 79, 80, 42, 43, 41, 10, 8, 53, 54, 55, 56, 11, 13, 14, 16, 81, 82, 9, 83, 84, 85, 86, 22, 20, 21, 87, 88, 89, 90, 34, 32, 33, 91, 92, 45, 46, 44, 57, 58, 59, 60, 23, 25, 26, 28, 61, 62, 63, 64, 35, 37, 38, 40, 4, 49, 47, 65, 66, 67, 68, 50, 52, 93, 94, 12, 95, 96, 97, 98, 24, 99, 100, 36, 101, 102, 48, 103, 104, 105, 106, 15, 107, 108, 109, 110, 27, 111, 112, 39, 113, 114, 51, 115, 116
65
0, 1, 2, 3, 7, 5, 69, 70, 6, 71, 72, 73, 74, 19, 17, 18, 75, 76, 77, 78, 31, 29, 30, 79, 80, 42, 43, 41, 10, 8, 53, 54, 55, 56, 11, 13, 14, 16, 81, 82, 9, 83, 84, 85, 86, 22, 20, 21, 87, 88, 89, 90, 34, 32, 33, 91, 92, 45, 46, 44, 57, 58, 59, 60, 23, 25, 26, 28, 61, 62, 63, 64, 35, 37, 38, 40, 4, 49, 47, 65, 66, 67, 68, 50, 52, 93, 94, 12, 95, 96, 97, 98, 24, 99, 100, 36, 101, 102, 48, 103, 104, 105, 106, 15, 107, 108, 109, 110, 27, 111, 112, 39, 113, 114, 51, 115, 116
64
0, 1, 2, 3, 7, 5, 69, 70, 6, 71, 72, 73, 74, 19, 17, 18, 75, 76, 77, 78, 31, 29, 30, 79, 80, 42, 43, 41, 10, 8, 53, 54, 55, 56, 11, 13, 14, 16, 81, 82, 9, 83, 84, 85, 86, 22, 20, 21, 87, 88, 89, 90, 34, 32, 33, 91, 92, 45, 46, 44, 57, 58, 59, 60, 23, 25, 26, 28, 61, 62, 63, 64, 35, 37, 38, 40, 4, 49, 47, 65, 66, 67, 68, 50, 52, 93, 94, 12, 95, 96, 97, 98, 24, 99, 100, 36, 101, 102, 48, 103, 104, 105, 106, 15, 107, 108, 109, 110, 27, 111, 112, 39, 113, 114, 51, 115, 116
63
0, 1, 2, 3, 7, 5, 69, 70, 6, 71, 72, 73, 74, 19, 17, 18, 75, 76, 77, 78, 31, 29, 30, 79, 80, 42, 43, 41, 10, 8, 53, 54, 55, 56, 11, 13, 14, 16, 81, 82, 9, 83, 84, 85, 86, 22, 20, 21, 87, 88, 89, 90, 34, 32, 33, 91, 92, 45, 46, 44, 57, 58, 59, 60, 23, 25, 26, 28, 61, 62, 63, 64, 35, 37, 38, 40, 4, 49, 47, 65, 66, 67, 68, 50, 52, 93, 94, 12, 95, 96, 97, 98, 24, 99, 100, 36, 101, 102, 48, 103, 104, 105, 106, 15, 107, 108, 109, 110, 27, 111, 112, 39, 113, 114, 51, 115, 116
62
0, 1, 2, 3, 7, 5, 69, 70, 6, 71, 72, 73, 74, 19, 17, 18, 75, 76, 77, 78, 31, 29, 30, 79, 80, 42, 43, 41, 10, 8, 53, 54, 55, 56, 11, 13, 14, 16, 81, 82, 9, 83, 84, 85, 86, 22, 20, 21, 87, 88, 89, 90, 34, 32, 33, 91, 92, 45, 46, 44, 57, 58, 59, 60, 23, 25, 26, 28, 61, 62, 63, 64, 35, 37, 38, 40, 4, 49, 47, 65, 66, 67, 68, 50, 52, 93, 94, 12, 95, 96, 97, 98, 24, 99, 100, 36, 101, 102, 48, 103, 104, 105, 106, 15, 107, 108, 109, 110, 27, 111, 112, 39, 113, 114, 51, 115, 116
61
0, 1, 2, 3, 7, 5, 69, 70, 6, 71, 72, 73, 74, 19, 17, 18, 75, 76, 77, 78, 31, 29, 30, 79, 80, 42, 43, 41, 10, 8, 53, 54, 55, 56, 11, 13, 14, 16, 81, 82, 9, 83, 84, 85, 86, 22, 20, 21, 87, 88, 89, 90, 34, 32, 33, 91, 92, 45, 46, 44, 57, 58, 59, 60, 23, 25, 26, 28, 61, 62, 63, 64, 35, 37, 38, 40, 4, 49, 47, 65, 66, 67, 68, 50, 52, 93, 94, 12, 95, 96, 97, 98, 24, 99, 100, 36, 101, 102, 48, 103, 104, 105, 106, 15, 107, 108, 109, 110, 27, 111, 112, 39, 113, 114, 51, 115, 116
60
0, 1, 2, 3, 7, 5, 69, 70, 6, 71, 72, 73, 74, 19, 17, 18, 75, 76, 77, 78, 31, 29, 30, 79, 80, 42, 43, 41, 10, 8, 53, 54, 55, 56, 11, 13, 14, 16, 81, 82, 9, 83, 84, 85, 86, 22, 20, 21, 87, 88, 89, 90, 34, 32, 33, 91, 92, 45, 46, 44, 57, 58, 59, 60, 23, 25, 26, 28, 61, 62, 63, 64, 35, 37, 38, 40, 4, 49, 47, 65, 66, 67, 68, 50, 52, 93, 94, 12, 95, 96, 97, 98, 24, 99, 100, 36, 101, 102, 48, 103, 104, 105, 106, 15, 107, 108, 109, 110, 27, 111, 112, 39, 113, 114, 51, 115, 116
59
0, 1, 2, 3, 7, 5, 69, 70, 6, 71, 72, 73, 74, 19, 17, 18, 75, 76, 77, 78, 31, 29, 30, 79, 80, 42, 43, 41, 10, 8, 53, 54, 55, 56, 11, 13, 14, 16, 81, 82, 9, 83, 84, 85, 86, 22, 20, 21, 87, 88, 89, 90, 34, 32, 33, 91, 92, 45, 46, 44, 57, 58, 59, 60, 23, 25, 26, 28, 61, 62, 63, 64, 35, 37, 38, 40, 4, 49, 47, 65, 66, 67, 68, 50, 52, 93, 94, 12, 95, 96, 97, 98, 24, 99, 100, 36, 101, 102, 48, 103, 104, 105, 106, 15, 107, 108, 109, 110, 27, 111, 112, 39, 113, 114, 51, 115, 116
58
0, 1, 2, 3, 7, 5, 69, 70, 6, 71, 72, 73, 74, 19, 17, 18, 75, 76, 77, 78, 31, 29, 30, 79, 80, 42, 43, 41, 10, 8, 53, 54, 55, 56, 11, 13, 14, 16, 81, 82, 9, 83, 84, 85, 86, 22, 20, 21, 87, 88, 89, 90, 34, 32, 33, 91, 92, 45, 46, 44, 57, 58, 59, 60, 23, 25, 26, 28, 61, 62, 63, 64, 35, 37, 38, 40, 4, 49, 47, 65, 66, 67, 68, 50, 52, 93, 94, 12, 95, 96, 97, 98, 24, 99, 100, 36, 101, 102, 48, 103, 104, 105, 106, 15, 107, 108, 109, 110, 27, 111, 112, 39, 113, 114, 51, 115, 116
57
0, 1, 2, 3, 7, 5, 69, 70, 6, 71, 72, 73, 74, 19, 17, 18, 75, 76, 77, 78, 31, 29, 30, 79, 80, 42, 43, 41, 10, 8, 53, 54, 55, 56, 11, 13, 14, 16, 81, 82, 9, 83, 84, 85, 86, 22, 20, 21, 87, 88, 89, 90, 34, 32, 33, 91, 92, 45, 46, 44, 57, 58, 59, 60, 23, 25, 26, 28, 61, 62, 63, 64, 35, 37, 38, 40, 4, 49, 47, 65, 66, 67, 68, 50, 52, 93, 94, 12, 95, 96, 97, 98, 24, 99, 100, 36, 101, 102, 48, 103, 104, 105, 106, 15, 107, 108, 109, 110, 27, 111, 112, 39, 113, 114, 51, 115, 116
56
0, 1, 2, 3, 7, 5, 69, 70, 6, 71, 72, 73, 74, 19, 17, 18, 75, 76, 77, 78, 31, 29, 30, 79, 80, 42, 43, 41, 10, 8, 53, 54, 55, 56, 11, 13, 14, 16, 81, 82, 9, 83, 84, 85, 86, 22, 20, 21, 87, 88, 89, 90, 34, 32, 33, 91, 92, 45, 46, 44, 57, 58, 59, 60, 23, 25, 26, 28, 61, 62, 63, 64, 35, 37, 38, 40, 4, 49, 47, 65, 66, 67, 68, 50, 52, 93, 94, 12, 95, 96, 97, 98, 24, 99, 100, 36, 101, 102, 48, 103, 104, 105, 106, 15, 107, 108, 109, 110, 27, 111, 112, 39, 113, 114, 51, 115, 116
55
0, 1, 2, 3, 7, 5, 69, 70, 6, 71, 72, 73, 74, 19, 17, 18, 75, 76, 77, 78, 31, 29, 30, 79, 80, 42, 43, 41, 10, 8, 53, 54, 55, 56, 11, 13, 14, 16, 81, 82, 9, 83, 84, 85, 86, 22, 20, 21, 87, 88, 89, 90, 34, 32, 33, 91, 92, 45, 46, 44, 57, 58, 59, 60, 23, 25, 26, 28, 61, 62, 63, 64, 35, 37, 38, 40, 4, 49, 47, 65, 66, 67, 68, 50, 52, 93, 94, 12, 95, 96, 97, 98, 24, 99, 100, 36, 101, 102, 48, 103, 104, 105, 106, 15, 107, 108, 109, 110, 27, 111, 112, 39, 113, 114, 51, 115, 116
54
0, 1, 2, 3, 7, 5, 69, 70, 6, 71, 72, 73, 74, 19, 17, 18, 75, 76, 77, 78, 31, 29, 30, 79, 80, 42, 43, 41, 10, 8, 53, 54, 55, 56, 11, 13, 14, 16, 81, 82, 9, 83, 84, 85, 86, 22, 20, 21, 87, 88, 89, 90, 34, 32, 33, 91, 92, 45, 46, 44, 57, 58, 59, 60, 23, 25, 26, 28, 61, 62, 63, 64, 35, 37, 38, 40, 4, 49, 47, 65, 66, 67, 68, 50, 52, 93, 94, 12, 95, 96, 97, 98, 24, 99, 100, 36, 101, 102, 48, 103, 104, 105, 106, 15, 107, 108, 109, 110, 27, 111, 112, 39, 113, 114, 51, 115, 116
53
0, 1, 2, 3, 7, 5, 69, 70, 6, 71, 72, 73, 74, 19, 17, 18, 75, 76, 77, 78, 31, 29, 30, 79, 80, 42, 43, 41, 10, 8, 53, 54, 55, 56, 11, 13, 14, 16, 81, 82, 9, 83, 84, 85, 86, 22, 20, 21, 87, 88, 89, 90, 34, 32, 33, 91, 92, 45, 46, 44, 57, 58, 59, 60, 23, 25, 26, 28, 61, 62, 63, 64, 35, 37, 38, 40, 4, 49, 47, 65, 66, 67, 68, 50, 52, 93, 94, 12, 95, 96, 97, 98, 24, 99, 100, 36, 101, 102, 48, 103, 104, 105, 106, 15, 107, 108, 109, 110, 27, 111, 112, 39, 113, 114, 51, 115, 116
52
0, 1, 2, 3, 7, 5, 69, 70, 6, 71, 72, 73, 74, 19, 17, 18, 75, 76, 77, 78, 31, 29, 30, 79, 80, 42, 43, 41, 10, 8, 53, 54, 55, 56, 11, 13, 14, 16, 81, 82, 9, 83, 84, 85, 86, 22, 20, 21, 87, 88, 89, 90, 34, 32, 33, 91, 92, 45, 46, 44, 57, 58, 59, 60, 23, 25, 26, 28, 61, 62, 63, 64, 35, 37, 38, 40, 4, 49, 47, 65, 66, 67, 68, 50, 52, 93, 94, 12, 95, 96, 97, 98, 24, 99, 100, 36, 101, 102, 48, 103, 104, 105, 106, 15, 107, 108, 109, 110, 27, 111, 112, 39, 113, 114, 51, 115, 116
51
0, 1, 2, 3, 7, 5, 69, 70, 6, 71, 72, 73, 74, 19, 17, 18, 75, 76, 77, 78, 31, 29, 30, 79, 80, 42, 43, 41, 10, 8, 53, 54, 55, 56, 11, 13, 14, 16, 81, 82, 9, 83, 84, 85, 86, 22, 20, 21, 87, 88, 89, 90, 34, 32, 33, 91, 92, 45, 46, 44, 57, 58, 59, 60, 23, 25, 26, 28, 61, 62, 63, 64, 35, 37, 38, 40, 4, 49, 47, 65, 66, 67, 68, 50, 52, 93, 94, 12, 95, 96, 97, 98, 24, 99, 100, 36, 101, 102, 48, 103, 104, 105, 106, 15, 107, 108, 109, 110, 27, 111, 112, 39, 113, 114, 51, 115, 116
50
0, 1, 2, 3, 7, 5, 69, 70, 6, 71, 72, 73, 74, 19, 17, 18, 75, 76, 77, 78, 31, 29, 30, 79, 80, 42, 43, 41, 10, 8, 53, 54, 55, 56, 11, 13, 14, 16, 81, 82, 9, 83, 84, 85, 86, 22, 20, 21, 87, 88, 89, 90, 34, 32, 33, 91, 92, 45, 46, 44, 57, 58, 59, 60, 23, 25, 26, 28, 61, 62, 63, 64, 35, 37, 38, 40, 4, 49, 47, 65, 66, 67, 68, 50, 52, 93, 94, 12, 95, 96, 97, 98, 24, 99, 100, 36, 101, 102, 48, 103, 104, 105, 106, 15, 107, 108, 109, 110, 27, 111, 112, 39, 113, 114, 51, 115, 116
49
0, 1, 2, 3, 7, 5, 69, 70, 6, 71, 72, 73, 74, 19, 17, 18, 75, 76, 77, 78, 31, 29, 30, 79, 80, 42, 43, 41, 10, 8, 53, 54, 55, 56, 11, 13, 14, 16, 81, 82, 9, 83, 84, 85, 86, 22, 20, 21, 87, 88, 89, 90, 34, 32, 33, 91, 92, 45, 46, 44, 57, 58, 59, 60, 23, 25, 26, 28, 61, 62, 63, 64, 35, 37, 38, 40, 4, 49, 47, 65, 66, 67, 68, 50, 52, 93, 94, 12, 95, 96, 97, 98, 24, 99, 100, 36, 101, 102, 48, 103, 104, 105, 106, 15, 107, 108, 109, 110, 27, 111, 112, 39, 113, 114, 51, 115, 116
48
0, 1, 2, 3, 7, 5, 69, 70, 6, 71, 72, 73, 74, 19, 17, 18, 75, 76, 77, 78, 31, 29, 30, 79, 80, 42, 43, 41, 10, 8, 53, 54, 55, 56, 11, 13, 14, 16, 81, 82, 9, 83, 84, 85, 86, 22, 20, 21, 87, 88, 89, 90, 34, 32, 33, 91, 92, 45, 46, 44, 57, 58, 59, 60, 23, 25, 26, 28, 61, 62, 63, 64, 35, 37, 38, 40, 4, 49, 47, 65, 66, 67, 68, 50, 52, 93, 94, 12, 95, 96, 97, 98, 24, 99, 100, 36, 101, 102, 48, 103, 104, 105, 106, 15, 107, 108, 109, 110, 27, 111, 112, 39, 113, 114, 51, 115, 116
47
0, 1, 2, 3, 7, 5, 69, 70, 6, 71, 72, 73, 74, 19, 17, 18, 75, 76, 77, 78, 31, 29, 30, 79, 80, 42, 43, 41, 10, 8, 53, 54, 55, 56, 11, 13, 14, 16, 81, 82, 9, 83, 84, 85, 86, 22, 20, 21, 87, 88, 89, 90, 34, 32, 33, 91, 92, 45, 46, 44, 57, 58, 59, 60, 23, 25, 26, 28, 61, 62, 63, 64, 35, 37, 38, 40, 4, 49, 47, 65, 66, 67, 68, 50, 52, 93, 94, 12, 95, 96, 97, 98, 24, 99, 100, 36, 101, 102, 48, 103, 104, 105, 106, 15, 107, 108, 109, 110, 27, 111, 112, 39, 113, 114, 51, 115, 116
46
0, 1, 2, 3, 7, 5, 69, 70, 6, 71, 72, 73, 74, 19, 17, 18, 75, 76, 77, 78, 31, 29, 30, 79, 80, 42, 43, 41, 10, 8, 53, 54, 55, 56, 11, 13, 14, 16, 81, 82, 9, 83, 84, 85, 86, 22, 20, 21, 87, 88, 89, 90, 34, 32, 33, 91, 92, 45, 46, 44, 57, 58, 59, 60, 23, 25, 26, 28, 61, 62, 63, 64, 35, 37, 38, 40, 4, 49, 47, 65, 66, 67, 68, 50, 52, 93, 94, 12, 95, 96, 97, 98, 24, 99, 100, 36, 101, 102, 48, 103, 104, 105, 106, 15, 107, 108, 109, 110, 27, 111, 112, 39, 113, 114, 51, 115, 116
45
0, 1, 2, 3, 7, 5, 69, 70, 6, 71, 72, 73, 74, 19, 17, 18, 75, 76, 77, 78, 31, 29, 30, 79, 80, 42, 43, 41, 10, 8, 53, 54, 55, 56, 11, 13, 14, 16, 81, 82, 9, 83, 84, 85, 86, 22, 20, 21, 87, 88, 89, 90, 34, 32, 33, 91, 92, 45, 46, 44, 57, 58, 59, 60, 23, 25, 26, 28, 61, 62, 63, 64, 35, 37, 38, 40, 4, 49, 47, 65, 66, 67, 68, 50, 52, 93, 94, 12, 95, 96, 97, 98, 24, 99, 100, 36, 101, 102, 48, 103, 104, 105, 106, 15, 107, 108, 109, 110, 27, 111, 112, 39, 113, 114, 51, 115, 116
44
0, 1, 2, 3, 7, 5, 69, 70, 6, 71, 72, 73, 74, 19, 17, 18, 75, 76, 77, 78, 31, 29, 30, 79, 80, 42, 43, 41, 10, 8, 53, 54, 55, 56, 11, 13, 14, 16, 81, 82, 9, 83, 84, 85, 86, 22, 20, 21, 87, 88, 89, 90, 34, 32, 33, 91, 92, 45, 46, 44, 57, 58, 59, 60, 23, 25, 26, 28, 61, 62, 63, 64, 35, 37, 38, 40, 4, 49, 47, 65, 66, 67, 68, 50, 52, 93, 94, 12, 95, 96, 97, 98, 24, 99, 100, 36, 101, 102, 48, 103, 104, 105, 106, 15, 107, 108, 109, 110, 27, 111, 112, 39, 113, 114, 51, 115, 116
43
0, 1, 2, 3, 7, 5, 69, 70, 6, 71, 72, 73, 74, 19, 17, 18, 75, 76, 77, 78, 31, 29, 30, 79, 80, 42, 43, 41, 10, 8, 53, 54, 55, 56, 11, 13, 14, 16, 81, 82, 9, 83, 84, 85, 86, 22, 20, 21, 87, 88, 89, 90, 34, 32, 33, 91, 92, 45, 46, 44, 57, 58, 59, 60, 23, 25, 26, 28, 61, 62, 63, 64, 35, 37, 38, 40, 4, 49, 47, 65, 66, 67, 68, 50, 52, 93, 94, 12, 95, 96, 97, 98, 24, 99, 100, 36, 101, 102, 48, 103, 104, 105, 106, 15, 107, 108, 109, 110, 27, 111, 112, 39, 113, 114, 51, 115, 116
42
0, 1, 2, 3, 7, 5, 69, 70, 6, 71, 72, 73, 74, 19, 17, 18, 75, 76, 77, 78, 31, 29, 30, 79, 80, 42, 43, 41, 10, 8, 53, 54, 55, 56, 11, 13, 14, 16, 81, 82, 9, 83, 84, 85, 86, 22, 20, 21, 87, 88, 89, 90, 34, 32, 33, 91, 92, 45, 46, 44, 57, 58, 59, 60, 23, 25, 26, 28, 61, 62, 63, 64, 35, 37, 38, 40, 4, 49, 47, 65, 66, 67, 68, 50, 52, 93, 94, 12, 95, 96, 97, 98, 24, 99, 100, 36, 101, 102, 48, 103, 104, 105, 106, 15, 107, 108, 109, 110, 27, 111, 112, 39, 113, 114, 51, 115, 116
41
0, 1, 2, 3, 7, 5, 69, 70, 6, 71, 72, 73, 74, 19, 17, 18, 75, 76, 77, 78, 31, 29, 30, 79, 80, 42, 43, 41, 10, 8, 53, 54, 55, 56, 11, 13, 14, 16, 81, 82, 9, 83, 84, 85, 86, 22, 20, 21, 87, 88, 89, 90, 34, 32, 33, 91, 92, 45, 46, 44, 57, 58, 59, 60, 23, 25, 26, 28, 61, 62, 63, 64, 35, 37, 38, 40, 4, 49, 47, 65, 66, 67, 68, 50, 52, 93, 94, 12, 95, 96, 97, 98, 24, 99, 100, 36, 101, 102, 48, 103, 104, 105, 106, 15, 107, 108, 109, 110, 27, 111, 112, 39, 113, 114, 51, 115, 116
40
0, 1, 2, 3, 7, 5, 69, 70, 6, 71, 72, 73, 74, 19, 17, 18, 75, 76, 77, 78, 31, 29, 30, 79, 80, 42, 43, 41, 10, 8, 53, 54, 55, 56, 11, 13, 14, 16, 81, 82, 9, 83, 84, 85, 86, 22, 20, 21, 87, 88, 89, 90, 34, 32, 33, 91, 92, 45, 46, 44, 57, 58, 59, 60, 23, 25, 26, 28, 61, 62, 63, 64, 35, 37, 38, 40, 4, 49, 47, 65, 66, 67, 68, 50, 52, 93, 94, 12, 95, 96, 97, 98, 24, 99, 100, 36, 101, 102, 48, 103, 104, 105, 106, 15, 107, 108, 109, 110, 27, 111, 112, 39, 113, 114, 51, 115, 116
39
0, 1, 2, 3, 7, 5, 69, 70, 6, 71, 72, 73, 74, 19, 17, 18, 75, 76, 77, 78, 31, 29, 30, 79, 80, 42, 43, 41, 10, 8, 53, 54, 55, 56, 11, 13, 14, 16, 81, 82, 9, 83, 84, 85, 86, 22, 20, 21, 87, 88, 89, 90, 34, 32, 33, 91, 92, 45, 46, 44, 57, 58, 59, 60, 23, 25, 26, 28, 61, 62, 63, 64, 35, 37, 38, 40, 4, 49, 47, 65, 66, 67, 68, 50, 52, 93, 94, 12, 95, 96, 97, 98, 24, 99, 100, 36, 101, 102, 48, 103, 104, 105, 106, 15, 107, 108, 109, 110, 27, 111, 112, 39, 113, 114, 51, 115, 116
38
0, 1, 2, 3, 7, 5, 69, 70, 6, 71, 72, 73, 74, 19, 17, 18, 75, 76, 77, 78, 31, 29, 30, 79, 80, 42, 43, 41, 10, 8, 53, 54, 55, 56, 11, 13, 14, 16, 81, 82, 9, 83, 84, 85, 86, 22, 20, 21, 87, 88, 89, 90, 34, 32, 33, 91, 92, 45, 46, 44, 57, 58, 59, 60, 23, 25, 26, 28, 61, 62, 63, 64, 35, 37, 38, 40, 4, 49, 47, 65, 66, 67, 68, 50, 52, 93, 94, 12, 95, 96, 97, 98, 24, 99, 100, 36, 101, 102, 48, 103, 104, 105, 106, 15, 107, 108, 109, 110, 27, 111, 112, 39, 113, 114, 51, 115, 116
37
0, 1, 2, 3, 7, 5, 69, 70, 6, 71, 72, 73, 74, 19, 17, 18, 75, 76, 77, 78, 31, 29, 30, 79, 80, 42, 43, 41, 10, 8, 53, 54, 55, 56, 11, 13, 14, 16, 81, 82, 9, 83, 84, 85, 86, 22, 20, 21, 87, 88, 89, 90, 34, 32, 33, 91, 92, 45, 46, 44, 57, 58, 59, 60, 23, 25, 26, 28, 61, 62, 63, 64, 35, 37, 38, 40, 4, 49, 47, 65, 66, 67, 68, 50, 52, 93, 94, 12, 95, 96, 97, 98, 24, 99, 100, 36, 101, 102, 48, 103, 104, 105, 106, 15, 107, 108, 109, 110, 27, 111, 112, 39, 113, 114, 51, 115, 116
36
0, 1, 2, 3, 7, 5, 69, 70, 6, 71, 72, 73, 74, 19, 17, 18, 75, 76, 77, 78, 31, 29, 30, 79, 80, 42, 43, 41, 10, 8, 53, 54, 55, 56, 11, 13, 14, 16, 81, 82, 9, 83, 84, 85, 86, 22, 20, 21, 87, 88, 89, 90, 34, 32, 33, 91, 92, 45, 46, 44, 57, 58, 59, 60, 23, 25, 26, 28, 61, 62, 63, 64, 35, 37, 38, 40, 4, 49, 47, 65, 66, 67, 68, 50, 52, 93, 94, 12, 95, 96, 97, 98, 24, 99, 100, 36, 101, 102, 48, 103, 104, 105, 106, 15, 107, 108, 109, 110, 27, 111, 112, 39, 113, 114, 51, 115, 116
35
0, 1, 2, 3, 7, 5, 69, 70, 6, 71, 72, 73, 74, 19, 17, 18, 75, 76, 77, 78, 31, 29, 30, 79, 80, 42, 43, 41, 10, 8, 53, 54, 55, 56, 11, 13, 14, 16, 81, 82, 9, 83, 84, 85, 86, 22, 20, 21, 87, 88, 89, 90, 34, 32, 33, 91, 92, 45, 46, 44, 57, 58, 59, 60, 23, 25, 26, 28, 61, 62, 63, 64, 35, 37, 38, 40, 4, 49, 47, 65, 66, 67, 68, 50, 52, 93, 94, 12, 95, 96, 97, 98, 24, 99, 100, 36, 101, 102, 48, 103, 104, 105, 106, 15, 107, 108, 109, 110, 27, 111, 112, 39, 113, 114, 51, 115, 116
34
0, 1, 2, 3, 7, 5, 69, 70, 6, 71, 72, 73, 74, 19, 17, 18, 75, 76, 77, 78, 31, 29, 30, 79, 80, 42, 43, 41, 10, 8, 53, 54, 55, 56, 11, 13, 14, 16, 81, 82, 9, 83, 84, 85, 86, 22, 20, 21, 87, 88, 89, 90, 34, 32, 33, 91, 92, 45, 46, 44, 57, 58, 59, 60, 23, 25, 26, 28, 61, 62, 63, 64, 35, 37, 38, 40, 4, 49, 47, 65, 66, 67, 68, 50, 52, 93, 94, 12, 95, 96, 97, 98, 24, 99, 100, 36, 101, 102, 48, 103, 104, 105, 106, 15, 107, 108, 109, 110, 27, 111, 112, 39, 113, 114, 51, 115, 116
33
0, 1, 2, 3, 7, 5, 69, 70, 6, 71, 72, 73, 74, 19, 17, 18, 75, 76, 77, 78, 31, 29, 30, 79, 80, 42, 43, 41, 10, 8, 53, 54, 55, 56, 11, 13, 14, 16, 81, 82, 9, 83, 84, 85, 86, 22, 20, 21, 87, 88, 89, 90, 34, 32, 33, 91, 92, 45, 46, 44, 57, 58, 59, 60, 23, 25, 26, 28, 61, 62, 63, 64, 35, 37, 38, 40, 4, 49, 47, 65, 66, 67, 68, 50, 52, 93, 94, 12, 95, 96, 97, 98, 24, 99, 100, 36, 101, 102, 48, 103, 104, 105, 106, 15, 107, 108, 109, 110, 27, 111, 112, 39, 113, 114, 51, 115, 116
32
0, 1, 2, 3, 7, 5, 69, 70, 6, 71, 72, 73, 74, 19, 17, 18, 75, 76, 77, 78, 31, 29, 30, 79, 80, 42, 43, 41, 10, 8, 53, 54, 55, 56, 11, 13, 14, 16, 81, 82, 9, 83, 84, 85, 86, 22, 20, 21, 87, 88, 89, 90, 34, 32, 33, 91, 92, 45, 46, 44, 57, 58, 59, 60, 23, 25, 26, 28, 61, 62, 63, 64, 35, 37, 38, 40, 4, 49, 47, 65, 66, 67, 68, 50, 52, 93, 94, 12, 95, 96, 97, 98, 24, 99, 100, 36, 101, 102, 48, 103, 104, 105, 106, 15, 107, 108, 109, 110, 27, 111, 112, 39, 113, 114, 51, 115, 116
31
0, 1, 2, 3, 7, 5, 69, 70, 6, 71, 72, 73, 74, 19, 17, 18, 75, 76, 77, 78, 31, 29, 30, 79, 80, 42, 43, 41, 10, 8, 53, 54, 55, 56, 11, 13, 14, 16, 81, 82, 9, 83, 84, 85, 86, 22, 20, 21, 87, 88, 89, 90, 34, 32, 33, 91, 92, 45, 46, 44, 57, 58, 59, 60, 23, 25, 26, 28, 61, 62, 63, 64, 35, 37, 38, 40, 4, 49, 47, 65, 66, 67, 68, 50, 52, 93, 94, 12, 95, 96, 97, 98, 24, 99, 100, 36, 101, 102, 48, 103, 104, 105, 106, 15, 107, 108, 109, 110, 27, 111, 112, 39, 113, 114, 51, 115, 116
30
0, 1, 2, 3, 7, 5, 69, 70, 6, 71, 72, 73, 74, 19, 17, 18, 75, 76, 77, 78, 31, 29, 30, 79, 80, 42, 43, 41, 10, 8, 53, 54, 55, 56, 11, 13, 14, 16, 81, 82, 9, 83, 84, 85, 86, 22, 20, 21, 87, 88, 89, 90, 34, 32, 33, 91, 92, 45, 46, 44, 57, 58, 59, 60, 23, 25, 26, 28, 61, 62, 63, 64, 35, 37, 38, 40, 4, 49, 47, 65, 66, 67, 68, 50, 52, 93, 94, 12, 95, 96, 97, 98, 24, 99, 100, 36, 101, 102, 48, 103, 104, 105, 106, 15, 107, 108, 109, 110, 27, 111, 112, 39, 113, 114, 51, 115, 116
29
0, 1, 2, 3, 7, 5, 69, 70, 6, 71, 72, 73, 74, 19, 17, 18, 75, 76, 77, 78, 31, 29, 30, 79, 80, 42, 43, 41, 10, 8, 53, 54, 55, 56, 11, 13, 14, 16, 81, 82, 9, 83, 84, 85, 86, 22, 20, 21, 87, 88, 89, 90, 34, 32, 33, 91, 92, 45, 46, 44, 57, 58, 59, 60, 23, 25, 26, 28, 61, 62, 63, 64, 35, 37, 38, 40, 4, 49, 47, 65, 66, 67, 68, 50, 52, 93, 94, 12, 95, 96, 97, 98, 24, 99, 100, 36, 101, 102, 48, 103, 104, 105, 106, 15, 107, 108, 109, 110, 27, 111, 112, 39, 113, 114, 51, 115, 116
28
0, 1, 2, 3, 7, 5, 69, 70, 6, 71, 72, 73, 74, 19, 17, 18, 75, 76, 77, 78, 31, 29, 30, 79, 80, 42, 43, 41, 10, 8, 53, 54, 55, 56, 11, 13, 14, 16, 81, 82, 9, 83, 84, 85, 86, 22, 20, 21, 87, 88, 89, 90, 34, 32, 33, 91, 92, 45, 46, 44, 57, 58, 59, 60, 23, 25, 26, 28, 61, 62, 63, 64, 35, 37, 38, 40, 4, 49, 47, 65, 66, 67, 68, 50, 52, 93, 94, 12, 95, 96, 97, 98, 24, 99, 100, 36, 101, 102, 48, 103, 104, 105, 106, 15, 107, 108, 109, 110, 27, 111, 112, 39, 113, 114, 51, 115, 116
27
0, 1, 2, 3, 7, 5, 69, 70, 6, 71, 72, 73, 74, 19, 17, 18, 75, 76, 77, 78, 31, 29, 30, 79, 80, 42, 43, 41, 10, 8, 53, 54, 55, 56, 11, 13, 14, 16, 81, 82, 9, 83, 84, 85, 86, 22, 20, 21, 87, 88, 89, 90, 34, 32, 33, 91, 92, 45, 46, 44, 57, 58, 59, 60, 23, 25, 26, 28, 61, 62, 63, 64, 35, 37, 38, 40, 4, 49, 47, 65, 66, 67, 68, 50, 52, 93, 94, 12, 95, 96, 97, 98, 24, 99, 100, 36, 101, 102, 48, 103, 104, 105, 106, 15, 107, 108, 109, 110, 27, 111, 112, 39, 113, 114, 51, 115, 116
26
0, 1, 2, 3, 7, 5, 69, 70, 6, 71, 72, 73, 74, 19, 17, 18, 75, 76, 77, 78, 31, 29, 30, 79, 80, 42, 43, 41, 10, 8, 53, 54, 55, 56, 11, 13, 14, 16, 81, 82, 9, 83, 84, 85, 86, 22, 20, 21, 87, 88, 89, 90, 34, 32, 33, 91, 92, 45, 46, 44, 57, 58, 59, 60, 23, 25, 26, 28, 61, 62, 63, 64, 35, 37, 38, 40, 4, 49, 47, 65, 66, 67, 68, 50, 52, 93, 94, 12, 95, 96, 97, 98, 24, 99, 100, 36, 101, 102, 48, 103, 104, 105, 106, 15, 107, 108, 109, 110, 27, 111, 112, 39, 113, 114, 51, 115, 116
25
0, 1, 2, 3, 7, 5, 69, 70, 6, 71, 72, 73, 74, 19, 17, 18, 75, 76, 77, 78, 31, 29, 30, 79, 80, 42, 43, 41, 10, 8, 53, 54, 55, 56, 11, 13, 14, 16, 81, 82, 9, 83, 84, 85, 86, 22, 20, 21, 87, 88, 89, 90, 34, 32, 33, 91, 92, 45, 46, 44, 57, 58, 59, 60, 23, 25, 26, 28, 61, 62, 63, 64, 35, 37, 38, 40, 4, 49, 47, 65, 66, 67, 68, 50, 52, 93, 94, 12, 95, 96, 97, 98, 24, 99, 100, 36, 101, 102, 48, 103, 104, 105, 106, 15, 107, 108, 109, 110, 27, 111, 112, 39, 113, 114, 51, 115, 116
24
0, 1, 2, 3, 7, 5, 69, 70, 6, 71, 72, 73, 74, 19, 17, 18, 75, 76, 77, 78, 31, 29, 30, 79, 80, 42, 43, 41, 10, 8, 53, 54, 55, 56, 11, 13, 14, 16, 81, 82, 9, 83, 84, 85, 86, 22, 20, 21, 87, 88, 89, 90, 34, 32, 33, 91, 92, 45, 46, 44, 57, 58, 59, 60, 23, 25, 26, 28, 61, 62, 63, 64, 35, 37, 38, 40, 4, 49, 47, 65, 66, 67, 68, 50, 52, 93, 94, 12, 95, 96, 97, 98, 24, 99, 100, 36, 101, 102, 48, 103, 104, 105, 106, 15, 107, 108, 109, 110, 27, 111, 112, 39, 113, 114, 51, 115, 116
23
0, 1, 2, 3, 7, 5, 69, 70, 6, 71, 72, 73, 74, 19, 17, 18, 75, 76, 77, 78, 31, 29, 30, 79, 80, 42, 43, 41, 10, 8, 53, 54, 55, 56, 11, 13, 14, 16, 81, 82, 9, 83, 84, 85, 86, 22, 20, 21, 87, 88, 89, 90, 34, 32, 33, 91, 92, 45, 46, 44, 57, 58, 59, 60, 23, 25, 26, 28, 61, 62, 63, 64, 35, 37, 38, 40, 4, 49, 47, 65, 66, 67, 68, 50, 52, 93, 94, 12, 95, 96, 97, 98, 24, 99, 100, 36, 101, 102, 48, 103, 104, 105, 106, 15, 107, 108, 109, 110, 27, 111, 112, 39, 113, 114, 51, 115, 116
22
0, 1, 2, 3, 7, 5, 69, 70, 6, 71, 72, 73, 74, 19, 17, 18, 75, 76, 77, 78, 31, 29, 30, 79, 80, 42, 43, 41, 10, 8, 53, 54, 55, 56, 11, 13, 14, 16, 81, 82, 9, 83, 84, 85, 86, 22, 20, 21, 87, 88, 89, 90, 34, 32, 33, 91, 92, 45, 46, 44, 57, 58, 59, 60, 23, 25, 26, 28, 61, 62, 63, 64, 35, 37, 38, 40, 4, 49, 47, 65, 66, 67, 68, 50, 52, 93, 94, 12, 95, 96, 97, 98, 24, 99, 100, 36, 101, 102, 48, 103, 104, 105, 106, 15, 107, 108, 109, 110, 27, 111, 112, 39, 113, 114, 51, 115, 116
21
0, 1, 2, 3, 7, 5, 69, 70, 6, 71, 72, 73, 74, 19, 17, 18, 75, 76, 77, 78, 31, 29, 30, 79, 80, 42, 43, 41, 10, 8, 53, 54, 55, 56, 11, 13, 14, 16, 81, 82, 9, 83, 84, 85, 86, 22, 20, 21, 87, 88, 89, 90, 34, 32, 33, 91, 92, 45, 46, 44, 57, 58, 59, 60, 23, 25, 26, 28, 61, 62, 63, 64, 35, 37, 38, 40, 4, 49, 47, 65, 66, 67, 68, 50, 52, 93, 94, 12, 95, 96, 97, 98, 24, 99, 100, 36, 101, 102, 48, 103, 104, 105, 106, 15, 107, 108, 109, 110, 27, 111, 112, 39, 113, 114, 51, 115, 116
20
0, 1, 2, 3, 7, 5, 69, 70, 6, 71, 72, 73, 74, 19, 17, 18, 75, 76, 77, 78, 31, 29, 30, 79, 80, 42, 43, 41, 10, 8, 53, 54, 55, 56, 11, 13, 14, 16, 81, 82, 9, 83, 84, 85, 86, 22, 20, 21, 87, 88, 89, 90, 34, 32, 33, 91, 92, 45, 46, 44, 57, 58, 59, 60, 23, 25, 26, 28, 61, 62, 63, 64, 35, 37, 38, 40, 4, 49, 47, 65, 66, 67, 68, 50, 52, 93, 94, 12, 95, 96, 97, 98, 24, 99, 100, 36, 101, 102, 48, 103, 104, 105, 106, 15, 107, 108, 109, 110, 27, 111, 112, 39, 113, 114, 51, 115, 116
19
0, 1, 2, 3, 7, 5, 69, 70, 6, 71, 72, 73, 74, 19, 17, 18, 75, 76, 77, 78, 31, 29, 30, 79, 80, 42, 43, 41, 10, 8, 53, 54, 55, 56, 11, 13, 14, 16, 81, 82, 9, 83, 84, 85, 86, 22, 20, 21, 87, 88, 89, 90, 34, 32, 33, 91, 92, 45, 46, 44, 57, 58, 59, 60, 23, 25, 26, 28, 61, 62, 63, 64, 35, 37, 38, 40, 4, 49, 47, 65, 66, 67, 68, 50, 52, 93, 94, 12, 95, 96, 97, 98, 24, 99, 100, 36, 101, 102, 48, 103, 104, 105, 106, 15, 107, 108, 109, 110, 27, 111, 112, 39, 113, 114, 51, 115, 116
18
0, 1, 2, 3, 7, 5, 69, 70, 6, 71, 72, 73, 74, 19, 17, 18, 75, 76, 77, 78, 31, 29, 30, 79, 80, 42, 43, 41, 10, 8, 53, 54, 55, 56, 11, 13, 14, 16, 81, 82, 9, 83, 84, 85, 86, 22, 20, 21, 87, 88, 89, 90, 34, 32, 33, 91, 92, 45, 46, 44, 57, 58, 59, 60, 23, 25, 26, 28, 61, 62, 63, 64, 35, 37, 38, 40, 4, 49, 47, 65, 66, 67, 68, 50, 52, 93, 94, 12, 95, 96, 97, 98, 24, 99, 100, 36, 101, 102, 48, 103, 104, 105, 106, 15, 107, 108, 109, 110, 27, 111, 112, 39, 113, 114, 51, 115, 116
17
0, 1, 2, 3, 7, 5, 69, 70, 6, 71, 72, 73, 74, 19, 17, 18, 75, 76, 77, 78, 31, 29, 30, 79, 80, 42, 43, 41, 10, 8, 53, 54, 55, 56, 11, 13, 14, 16, 81, 82, 9, 83, 84, 85, 86, 22, 20, 21, 87, 88, 89, 90, 34, 32, 33, 91, 92, 45, 46, 44, 57, 58, 59, 60, 23, 25, 26, 28, 61, 62, 63, 64, 35, 37, 38, 40, 4, 49, 47, 65, 66, 67, 68, 50, 52, 93, 94, 12, 95, 96, 97, 98, 24, 99, 100, 36, 101, 102, 48, 103, 104, 105, 106, 15, 107, 108, 109, 110, 27, 111, 112, 39, 113, 114, 51, 115, 116
16
0, 1, 2, 3, 7, 5, 69, 70, 6, 71, 72, 73, 74, 19, 17, 18, 75, 76, 77, 78, 31, 29, 30, 79, 80, 42, 43, 41, 10, 8, 53, 54, 55, 56, 11, 13, 14, 16, 81, 82, 9, 83, 84, 85, 86, 22, 20, 21, 87, 88, 89, 90, 34, 32, 33, 91, 92, 45, 46, 44, 57, 58, 59, 60, 23, 25, 26, 28, 61, 62, 63, 64, 35, 37, 38, 40, 4, 49, 47, 65, 66, 67, 68, 50, 52, 93, 94, 12, 95, 96, 97, 98, 24, 99, 100, 36, 101, 102, 48, 103, 104, 105, 106, 15, 107, 108, 109, 110, 27, 111, 112, 39, 113, 114, 51, 115, 116
15
0, 1, 2, 3, 7, 5, 69, 70, 6, 71, 72, 73, 74, 19, 17, 18, 75, 76, 77, 78, 31, 29, 30, 79, 80, 42, 43, 41, 10, 8, 53, 54, 55, 56, 11, 13, 14, 16, 81, 82, 9, 83, 84, 85, 86, 22, 20, 21, 87, 88, 89, 90, 34, 32, 33, 91, 92, 45, 46, 44, 57, 58, 59, 60, 23, 25, 26, 28, 61, 62, 63, 64, 35, 37, 38, 40, 4, 49, 47, 65, 66, 67, 68, 50, 52, 93, 94, 12, 95, 96, 97, 98, 24, 99, 100, 36, 101, 102, 48, 103, 104, 105, 106, 15, 107, 108, 109, 110, 27, 111, 112, 39, 113, 114, 51, 115, 116
14
0, 1, 2, 3, 7, 5, 69, 70, 6, 71, 72, 73, 74, 19, 17, 18, 75, 76, 77, 78, 31, 29, 30, 79, 80, 42, 43, 41, 10, 8, 53, 54, 55, 56, 11, 13, 14, 16, 81, 82, 9, 83, 84, 85, 86, 22, 20, 21, 87, 88, 89, 90, 34, 32, 33, 91, 92, 45, 46, 44, 57, 58, 59, 60, 23, 25, 26, 28, 61, 62, 63, 64, 35, 37, 38, 40, 4, 49, 47, 65, 66, 67, 68, 50, 52, 93, 94, 12, 95, 96, 97, 98, 24, 99, 100, 36, 101, 102, 48, 103, 104, 105, 106, 15, 107, 108, 109, 110, 27, 111, 112, 39, 113, 114, 51, 115, 116
13
0, 1, 2, 3, 7, 5, 69, 70, 6, 71, 72, 73, 74, 19, 17, 18, 75, 76, 77, 78, 31, 29, 30, 79, 80, 42, 43, 41, 10, 8, 53, 54, 55, 56, 11, 13, 14, 16, 81, 82, 9, 83, 84, 85, 86, 22, 20, 21, 87, 88, 89, 90, 34, 32, 33, 91, 92, 45, 46, 44, 57, 58, 59, 60, 23, 25, 26, 28, 61, 62, 63, 64, 35, 37, 38, 40, 4, 49, 47, 65, 66, 67, 68, 50, 52, 93, 94, 12, 95, 96, 97, 98, 24, 99, 100, 36, 101, 102, 48, 103, 104, 105, 106, 15, 107, 108, 109, 110, 27, 111, 112, 39, 113, 114, 51, 115, 116
12
0, 1, 2, 3, 7, 5, 69, 70, 6, 71, 72, 73, 74, 19, 17, 18, 75, 76, 77, 78, 31, 29, 30, 79, 80, 42, 43, 41, 10, 8, 53, 54, 55, 56, 11, 13, 14, 16, 81, 82, 9, 83, 84, 85, 86, 22, 20, 21, 87, 88, 89, 90, 34, 32, 33, 91, 92, 45, 46, 44, 57, 58, 59, 60, 23, 25, 26, 28, 61, 62, 63, 64, 35, 37, 38, 40, 4, 49, 47, 65, 66, 67, 68, 50, 52, 93, 94, 12, 95, 96, 97, 98, 24, 99, 100, 36, 101, 102, 48, 103, 104, 105, 106, 15, 107, 108, 109, 110, 27, 111, 112, 39, 113, 114, 51, 115, 116
11
0, 1, 2, 3, 7, 5, 69, 70, 6, 71, 72, 73, 74, 19, 17, 18, 75, 76, 77, 78, 31, 29, 30, 79, 80, 42, 43, 41, 10, 8, 53, 54, 55, 56, 11, 13, 14, 16, 81, 82, 9, 83, 84, 85, 86, 22, 20, 21, 87, 88, 89, 90, 34, 32, 33, 91, 92, 45, 46, 44, 57, 58, 59, 60, 23, 25, 26, 28, 61, 62, 63, 64, 35, 37, 38, 40, 4, 49, 47, 65, 66, 67, 68, 50, 52, 93, 94, 12, 95, 96, 97, 98, 24, 99, 100, 36, 101, 102, 48, 103, 104, 105, 106, 15, 107, 108, 109, 110, 27, 111, 112, 39, 113, 114, 51, 115, 116
10
0, 1, 2, 3, 7, 5, 69, 70, 6, 71, 72, 73, 74, 19, 17, 18, 75, 76, 77, 78, 31, 29, 30, 79, 80, 42, 43, 41, 10, 8, 53, 54, 55, 56, 11, 13, 14, 16, 81, 82, 9, 83, 84, 85, 86, 87, 88, 22, 20, 21, 89, 90, 34, 32, 33, 91, 92, 45, 46, 44, 57, 58, 59, 60, 23, 25, 26, 28, 61, 62, 63, 64, 35, 37, 38, 40, 65, 66, 67, 68, 4, 49, 47, 50, 52, 93, 94, 12, 95, 96, 97, 98, 24, 99, 100, 36, 101, 102, 48, 103, 104, 105, 106, 15, 107, 108, 109, 110, 27, 111, 112, 39, 113, 114, 51, 115, 116
../benchmark_instances/2023result/docs/solver/benchmark/ph-isr/ph-04-04.col	117	182	10	97998
	Command being timed: "timeout 1h java -Xms1024g -Xmx1024g -Xss134m -cp ../src/pathwidth.jar Pathwidth ../benchmark_instances/2023result/docs/solver/benchmark/ph-isr/ph-04-04.col"
	User time (seconds): 92.79
	System time (seconds): 17.89
	Percent of CPU this job got: 110%
	Elapsed (wall clock) time (h:mm:ss or m:ss): 1:40.04
	Average shared text size (kbytes): 0
	Average unshared data size (kbytes): 0
	Average stack size (kbytes): 0
	Average total size (kbytes): 0
	Maximum resident set size (kbytes): 58735516
	Average resident set size (kbytes): 0
	Major (requiring I/O) page faults: 0
	Minor (reclaiming a frame) page faults: 174202
	Voluntary context switches: 6368
	Involuntary context switches: 1076
	Swaps: 0
	File system inputs: 8
	File system outputs: 552
	Socket messages sent: 0
	Socket messages received: 0
	Signals delivered: 0
	Page size (bytes): 4096
	Exit status: 0
