../benchmark_instances/2023result/docs/solver/benchmark/2022benchmark/benchmark/color04/queen8_12.col
96
0, 1, 13, 12, 14, 2, 15, 60, 61, 62, 63, 64, 65, 6, 19, 3, 16, 84, 85, 86, 87, 91, 4, 17, 67, 89, 8, 10, 36, 37, 38, 39, 40, 41, 42, 43, 66, 88, 7, 20, 92, 21, 45, 48, 49, 50, 51, 52, 53, 54, 55, 56, 58, 69, 93, 5, 18, 44, 70, 72, 73, 74, 75, 76, 77, 78, 80, 81, 82, 94, 9, 11, 22, 23, 24, 25, 26, 27, 28, 29, 30, 31, 32, 33, 34, 35, 46, 47, 57, 59, 68, 71, 79, 83, 90, 95
95
0, 1, 13, 12, 14, 2, 15, 60, 61, 62, 63, 64, 65, 6, 19, 3, 16, 84, 85, 86, 87, 91, 4, 17, 67, 89, 8, 10, 36, 37, 38, 39, 40, 41, 42, 43, 66, 88, 7, 20, 92, 21, 45, 48, 49, 50, 51, 52, 53, 54, 55, 56, 58, 69, 93, 5, 18, 44, 70, 72, 73, 74, 75, 76, 77, 78, 80, 81, 82, 94, 9, 11, 22, 23, 24, 25, 26, 27, 28, 29, 30, 31, 32, 33, 34, 35, 46, 47, 57, 59, 68, 71, 79, 83, 90, 95
94
0, 1, 13, 12, 14, 2, 15, 60, 61, 62, 63, 64, 65, 6, 19, 3, 16, 84, 85, 86, 87, 91, 4, 17, 67, 89, 8, 10, 36, 37, 38, 39, 40, 41, 42, 43, 66, 88, 7, 20, 92, 21, 45, 48, 49, 50, 51, 52, 53, 54, 55, 56, 58, 69, 93, 5, 18, 44, 70, 72, 73, 74, 75, 76, 77, 78, 80, 81, 82, 94, 9, 11, 22, 23, 24, 25, 26, 27, 28, 29, 30, 31, 32, 33, 34, 35, 46, 47, 57, 59, 68, 71, 79, 83, 90, 95
93
0, 1, 13, 12, 14, 2, 15, 60, 61, 62, 63, 64, 65, 6, 19, 3, 16, 84, 85, 86, 87, 91, 4, 17, 67, 89, 8, 10, 36, 37, 38, 39, 40, 41, 42, 43, 66, 88, 7, 20, 92, 21, 45, 48, 49, 50, 51, 52, 53, 54, 55, 56, 58, 69, 93, 5, 18, 44, 70, 72, 73, 74, 75, 76, 77, 78, 80, 81, 82, 94, 9, 11, 22, 23, 24, 25, 26, 27, 28, 29, 30, 31, 32, 33, 34, 35, 46, 47, 57, 59, 68, 71, 79, 83, 90, 95
92
0, 1, 13, 12, 14, 2, 15, 60, 61, 62, 63, 64, 65, 6, 19, 3, 16, 84, 85, 86, 87, 91, 4, 17, 67, 89, 8, 10, 36, 37, 38, 39, 40, 41, 42, 43, 66, 88, 7, 20, 92, 21, 45, 48, 49, 50, 51, 52, 53, 54, 55, 56, 58, 69, 93, 5, 18, 44, 70, 72, 73, 74, 75, 76, 77, 78, 80, 81, 82, 94, 9, 11, 22, 23, 24, 25, 26, 27, 28, 29, 30, 31, 32, 33, 34, 35, 46, 47, 57, 59, 68, 71, 79, 83, 90, 95
91
0, 1, 13, 12, 14, 2, 15, 60, 61, 62, 63, 64, 65, 6, 19, 3, 16, 84, 85, 86, 87, 91, 4, 17, 67, 89, 8, 10, 36, 37, 38, 39, 40, 41, 42, 43, 66, 88, 7, 20, 92, 21, 45, 48, 49, 50, 51, 52, 53, 54, 55, 56, 58, 69, 93, 5, 18, 44, 70, 72, 73, 74, 75, 76, 77, 78, 80, 81, 82, 94, 9, 11, 22, 23, 24, 25, 26, 27, 28, 29, 30, 31, 32, 33, 34, 35, 46, 47, 57, 59, 68, 71, 79, 83, 90, 95
90
0, 1, 13, 12, 14, 2, 15, 60, 61, 62, 63, 64, 65, 6, 19, 3, 16, 84, 85, 86, 87, 91, 4, 17, 67, 89, 8, 10, 36, 37, 38, 39, 40, 41, 42, 43, 66, 88, 7, 20, 92, 21, 45, 48, 49, 50, 51, 52, 53, 54, 55, 56, 58, 69, 93, 5, 18, 44, 70, 72, 73, 74, 75, 76, 77, 78, 80, 81, 82, 94, 9, 11, 22, 23, 24, 25, 26, 27, 28, 29, 30, 31, 32, 33, 34, 35, 46, 47, 57, 59, 68, 71, 79, 83, 90, 95
89
0, 1, 13, 12, 14, 2, 15, 60, 61, 62, 63, 64, 65, 6, 19, 3, 16, 84, 85, 86, 87, 91, 4, 17, 67, 89, 8, 10, 36, 37, 38, 39, 40, 41, 42, 43, 66, 88, 7, 20, 92, 21, 45, 48, 49, 50, 51, 52, 53, 54, 55, 56, 58, 69, 93, 5, 18, 44, 70, 72, 73, 74, 75, 76, 77, 78, 80, 81, 82, 94, 9, 11, 22, 23, 24, 25, 26, 27, 28, 29, 30, 31, 32, 33, 34, 35, 46, 47, 57, 59, 68, 71, 79, 83, 90, 95
88
0, 1, 13, 12, 14, 2, 15, 60, 61, 62, 63, 64, 65, 6, 19, 3, 16, 84, 85, 86, 87, 91, 4, 17, 67, 89, 8, 10, 36, 37, 38, 39, 40, 41, 42, 43, 66, 88, 7, 20, 92, 21, 45, 48, 49, 50, 51, 52, 53, 54, 55, 56, 58, 69, 93, 5, 18, 44, 70, 72, 73, 74, 75, 76, 77, 78, 80, 81, 82, 94, 9, 11, 22, 23, 24, 25, 26, 27, 28, 29, 30, 31, 32, 33, 34, 35, 46, 47, 57, 59, 68, 71, 79, 83, 90, 95
87
0, 1, 13, 12, 14, 2, 15, 60, 61, 62, 63, 64, 65, 6, 19, 3, 16, 84, 85, 86, 87, 91, 4, 17, 67, 89, 8, 10, 36, 37, 38, 39, 40, 41, 42, 43, 66, 88, 7, 20, 92, 21, 45, 48, 49, 50, 51, 52, 53, 54, 55, 56, 58, 69, 93, 5, 18, 44, 70, 72, 73, 74, 75, 76, 77, 78, 80, 81, 82, 94, 9, 11, 22, 23, 24, 25, 26, 27, 28, 29, 30, 31, 32, 33, 34, 35, 46, 47, 57, 59, 68, 71, 79, 83, 90, 95
86
0, 1, 13, 12, 14, 2, 15, 60, 61, 62, 63, 64, 65, 6, 19, 3, 16, 84, 85, 86, 87, 91, 4, 17, 67, 89, 8, 10, 36, 37, 38, 39, 40, 41, 42, 43, 66, 88, 7, 20, 92, 21, 45, 48, 49, 50, 51, 52, 53, 54, 55, 56, 58, 69, 93, 5, 18, 44, 70, 72, 73, 74, 75, 76, 77, 78, 80, 81, 82, 94, 9, 11, 22, 23, 24, 25, 26, 27, 28, 29, 30, 31, 32, 33, 34, 35, 46, 47, 57, 59, 68, 71, 79, 83, 90, 95
85
0, 1, 13, 12, 14, 2, 15, 60, 61, 62, 63, 64, 65, 6, 19, 3, 16, 84, 85, 86, 87, 91, 4, 17, 67, 89, 8, 10, 36, 37, 38, 39, 40, 41, 42, 43, 66, 88, 7, 20, 92, 21, 45, 48, 49, 50, 51, 52, 53, 54, 55, 56, 58, 69, 93, 5, 18, 44, 70, 72, 73, 74, 75, 76, 77, 78, 80, 81, 82, 94, 9, 11, 22, 23, 24, 25, 26, 27, 28, 29, 30, 31, 32, 33, 34, 35, 46, 47, 57, 59, 68, 71, 79, 83, 90, 95
84
0, 1, 13, 12, 14, 2, 15, 60, 61, 62, 63, 64, 65, 6, 19, 3, 16, 84, 85, 86, 87, 91, 4, 17, 67, 89, 8, 10, 36, 37, 38, 39, 40, 41, 42, 43, 66, 88, 7, 20, 92, 21, 45, 48, 49, 50, 51, 52, 53, 54, 55, 56, 58, 69, 93, 5, 18, 44, 70, 72, 73, 74, 75, 76, 77, 78, 80, 81, 82, 94, 9, 11, 22, 23, 24, 25, 26, 27, 28, 29, 30, 31, 32, 33, 34, 35, 46, 47, 57, 59, 68, 71, 79, 83, 90, 95
83
0, 1, 13, 12, 14, 2, 15, 60, 61, 62, 63, 64, 65, 6, 19, 3, 16, 84, 85, 86, 87, 91, 4, 17, 67, 89, 8, 10, 36, 37, 38, 39, 40, 41, 42, 43, 66, 88, 7, 20, 92, 21, 45, 48, 49, 50, 51, 52, 53, 54, 55, 56, 58, 69, 93, 5, 18, 44, 70, 72, 73, 74, 75, 76, 77, 78, 80, 81, 82, 94, 9, 11, 22, 23, 24, 25, 26, 27, 28, 29, 30, 31, 32, 33, 34, 35, 46, 47, 57, 59, 68, 71, 79, 83, 90, 95
82
0, 1, 13, 12, 14, 2, 15, 60, 61, 62, 63, 64, 65, 6, 19, 3, 16, 84, 85, 86, 87, 91, 4, 17, 67, 89, 8, 10, 36, 37, 38, 39, 40, 41, 42, 43, 66, 88, 7, 20, 92, 21, 45, 48, 49, 50, 51, 52, 53, 54, 55, 56, 58, 69, 93, 5, 18, 44, 70, 72, 73, 74, 75, 76, 77, 78, 80, 81, 82, 94, 9, 11, 22, 23, 24, 25, 26, 27, 28, 29, 30, 31, 32, 33, 34, 35, 46, 47, 57, 59, 68, 71, 79, 83, 90, 95
81
0, 1, 13, 12, 14, 2, 15, 60, 61, 62, 63, 64, 65, 6, 19, 3, 16, 84, 85, 86, 87, 91, 4, 17, 67, 89, 8, 10, 36, 37, 38, 39, 40, 41, 42, 43, 66, 88, 7, 20, 92, 21, 45, 48, 49, 50, 51, 52, 53, 54, 55, 56, 58, 69, 93, 5, 18, 44, 70, 72, 73, 74, 75, 76, 77, 78, 80, 81, 82, 94, 9, 11, 22, 23, 24, 25, 26, 27, 28, 29, 30, 31, 32, 33, 34, 35, 46, 47, 57, 59, 68, 71, 79, 83, 90, 95
80
0, 1, 13, 12, 14, 2, 15, 60, 61, 62, 63, 64, 65, 6, 19, 3, 16, 84, 85, 86, 87, 91, 4, 17, 67, 89, 8, 10, 36, 37, 38, 39, 40, 41, 42, 43, 66, 88, 7, 20, 92, 21, 45, 48, 49, 50, 51, 52, 53, 54, 55, 56, 58, 69, 93, 5, 18, 44, 70, 72, 73, 74, 75, 76, 77, 78, 80, 81, 82, 94, 9, 11, 22, 23, 24, 25, 26, 27, 28, 29, 30, 31, 32, 33, 34, 35, 46, 47, 57, 59, 68, 71, 79, 83, 90, 95
79
0, 1, 13, 12, 14, 2, 15, 60, 61, 62, 63, 64, 65, 6, 19, 3, 16, 84, 85, 86, 87, 91, 4, 17, 67, 89, 8, 10, 36, 37, 38, 39, 40, 41, 42, 43, 66, 88, 7, 20, 92, 21, 45, 48, 49, 50, 51, 52, 53, 54, 55, 56, 58, 69, 93, 5, 18, 44, 70, 72, 73, 74, 75, 76, 77, 78, 80, 81, 82, 94, 9, 11, 22, 23, 24, 25, 26, 27, 28, 29, 30, 31, 32, 33, 34, 35, 46, 47, 57, 59, 68, 71, 79, 83, 90, 95
78
0, 1, 13, 12, 14, 2, 15, 60, 61, 62, 63, 64, 65, 6, 19, 3, 16, 84, 85, 86, 87, 91, 4, 17, 67, 89, 8, 10, 36, 37, 38, 39, 40, 41, 42, 43, 66, 88, 7, 20, 92, 21, 45, 48, 49, 50, 51, 52, 53, 54, 55, 56, 58, 69, 93, 5, 18, 44, 70, 72, 73, 74, 75, 76, 77, 78, 80, 81, 82, 94, 9, 11, 22, 23, 24, 25, 26, 27, 28, 29, 30, 31, 32, 33, 34, 35, 46, 47, 57, 59, 68, 71, 79, 83, 90, 95
77
0, 1, 13, 12, 14, 2, 15, 60, 61, 62, 63, 64, 65, 6, 19, 3, 16, 84, 85, 86, 87, 91, 4, 17, 67, 89, 8, 10, 36, 37, 38, 39, 40, 41, 42, 43, 66, 88, 7, 20, 92, 21, 45, 48, 49, 50, 51, 52, 53, 54, 55, 56, 58, 69, 93, 5, 18, 44, 70, 72, 73, 74, 75, 76, 77, 78, 80, 81, 82, 94, 9, 11, 22, 23, 24, 25, 26, 27, 28, 29, 30, 31, 32, 33, 34, 35, 46, 47, 57, 59, 68, 71, 79, 83, 90, 95
76
0, 1, 13, 12, 14, 2, 15, 60, 61, 62, 63, 64, 65, 6, 19, 3, 16, 84, 85, 86, 87, 91, 4, 17, 67, 89, 8, 10, 36, 37, 38, 39, 40, 41, 42, 43, 66, 88, 7, 20, 92, 21, 45, 48, 49, 50, 51, 52, 53, 54, 55, 56, 58, 69, 93, 5, 18, 44, 70, 72, 73, 74, 75, 76, 77, 78, 80, 81, 82, 94, 9, 11, 22, 23, 24, 25, 26, 27, 28, 29, 30, 31, 32, 33, 34, 35, 46, 47, 57, 59, 68, 71, 79, 83, 90, 95
75
0, 1, 13, 12, 14, 2, 15, 60, 61, 62, 63, 64, 65, 6, 19, 3, 16, 84, 85, 86, 87, 91, 4, 17, 67, 89, 8, 10, 36, 37, 38, 39, 40, 41, 42, 43, 66, 88, 7, 20, 92, 21, 45, 48, 49, 50, 51, 52, 53, 54, 55, 56, 58, 69, 93, 5, 18, 44, 70, 72, 73, 74, 75, 76, 77, 78, 80, 81, 82, 94, 9, 11, 22, 23, 24, 25, 26, 27, 28, 29, 30, 31, 32, 33, 34, 35, 46, 47, 57, 59, 68, 71, 79, 83, 90, 95
74
0, 1, 13, 12, 14, 2, 15, 60, 61, 62, 63, 64, 65, 6, 19, 3, 16, 84, 85, 86, 87, 91, 4, 17, 67, 89, 8, 10, 36, 37, 38, 39, 40, 41, 42, 43, 66, 88, 7, 20, 92, 21, 45, 48, 49, 50, 51, 52, 53, 54, 55, 56, 58, 69, 93, 5, 18, 44, 70, 72, 73, 74, 75, 76, 77, 78, 80, 81, 82, 94, 9, 11, 22, 23, 24, 25, 26, 27, 28, 29, 30, 31, 32, 33, 34, 35, 46, 47, 57, 59, 68, 71, 79, 83, 90, 95
73
0, 1, 13, 12, 14, 2, 15, 60, 61, 62, 63, 64, 65, 6, 19, 3, 16, 84, 85, 86, 87, 91, 4, 17, 67, 89, 8, 10, 36, 37, 38, 39, 40, 41, 42, 43, 66, 88, 7, 20, 92, 21, 45, 48, 49, 50, 51, 52, 53, 54, 55, 56, 58, 69, 93, 5, 18, 44, 70, 72, 73, 74, 75, 76, 77, 78, 80, 81, 82, 94, 9, 11, 22, 23, 24, 25, 26, 27, 28, 29, 30, 31, 32, 33, 34, 35, 46, 47, 57, 59, 68, 71, 79, 83, 90, 95
72
0, 1, 13, 12, 14, 2, 15, 60, 61, 62, 63, 64, 65, 6, 19, 3, 16, 84, 85, 86, 87, 91, 4, 17, 67, 89, 8, 10, 36, 37, 38, 39, 40, 41, 42, 43, 66, 88, 7, 20, 92, 21, 45, 48, 49, 50, 51, 52, 53, 54, 55, 56, 58, 69, 93, 5, 18, 44, 70, 72, 73, 74, 75, 76, 77, 78, 80, 81, 82, 94, 9, 11, 22, 23, 24, 25, 26, 27, 28, 29, 30, 31, 32, 33, 34, 35, 46, 47, 57, 59, 68, 71, 79, 83, 90, 95
71
0, 1, 13, 12, 14, 2, 15, 60, 61, 62, 63, 64, 65, 6, 19, 3, 16, 84, 85, 86, 87, 91, 4, 17, 67, 89, 8, 10, 36, 37, 38, 39, 40, 41, 42, 43, 66, 88, 7, 20, 92, 21, 45, 48, 49, 50, 51, 52, 53, 54, 55, 56, 58, 69, 93, 5, 18, 44, 70, 72, 73, 74, 75, 76, 77, 78, 80, 81, 82, 94, 9, 11, 22, 23, 24, 25, 26, 27, 28, 29, 30, 31, 32, 33, 34, 35, 46, 47, 57, 59, 68, 71, 79, 83, 90, 95
70
0, 1, 13, 12, 14, 2, 15, 60, 61, 62, 63, 64, 65, 6, 19, 3, 16, 84, 85, 86, 87, 91, 4, 17, 67, 89, 8, 10, 36, 37, 38, 39, 40, 41, 42, 43, 66, 88, 7, 20, 92, 21, 45, 48, 49, 50, 51, 52, 53, 54, 55, 56, 58, 69, 93, 5, 18, 44, 70, 72, 73, 74, 75, 76, 77, 78, 80, 81, 82, 94, 9, 11, 22, 23, 24, 25, 26, 27, 28, 29, 30, 31, 32, 33, 34, 35, 46, 47, 57, 59, 68, 71, 79, 83, 90, 95
69
0, 1, 13, 12, 14, 2, 15, 60, 61, 62, 63, 64, 65, 6, 19, 3, 16, 84, 85, 86, 87, 91, 4, 17, 67, 89, 8, 10, 36, 37, 38, 39, 40, 41, 42, 43, 66, 88, 7, 20, 92, 21, 45, 48, 49, 50, 51, 52, 53, 54, 55, 56, 58, 69, 93, 5, 18, 44, 70, 72, 73, 74, 75, 76, 77, 78, 80, 81, 82, 94, 9, 11, 22, 23, 24, 25, 26, 27, 28, 29, 30, 31, 32, 33, 34, 35, 46, 47, 57, 59, 68, 71, 79, 83, 90, 95
68
0, 1, 13, 12, 14, 2, 15, 60, 61, 62, 63, 64, 65, 6, 19, 3, 16, 84, 85, 86, 87, 91, 4, 17, 67, 89, 8, 10, 36, 37, 38, 39, 40, 41, 42, 43, 66, 88, 7, 20, 92, 21, 45, 48, 49, 50, 51, 52, 53, 54, 55, 56, 58, 69, 93, 5, 18, 44, 70, 72, 73, 74, 75, 76, 77, 78, 80, 81, 82, 94, 9, 11, 22, 23, 24, 25, 26, 27, 28, 29, 30, 31, 32, 33, 34, 35, 46, 47, 57, 59, 68, 71, 79, 83, 90, 95
67
0, 1, 13, 12, 14, 2, 15, 60, 61, 62, 63, 64, 65, 84, 85, 86, 87, 6, 19, 3, 16, 91, 4, 17, 67, 89, 8, 10, 36, 37, 38, 39, 40, 41, 42, 43, 66, 88, 7, 20, 92, 21, 45, 48, 49, 50, 51, 52, 53, 54, 55, 56, 58, 69, 93, 5, 18, 44, 70, 72, 73, 74, 75, 76, 77, 78, 80, 81, 82, 94, 9, 11, 22, 23, 24, 25, 26, 27, 28, 29, 30, 31, 32, 33, 34, 35, 46, 47, 57, 59, 68, 71, 79, 83, 90, 95
66
0, 1, 13, 12, 14, 2, 15, 60, 61, 62, 63, 64, 84, 85, 86, 65, 87, 6, 19, 3, 16, 91, 4, 17, 67, 89, 8, 10, 36, 37, 38, 39, 40, 41, 42, 43, 66, 88, 7, 20, 92, 21, 45, 48, 49, 50, 51, 52, 53, 54, 55, 56, 58, 69, 93, 5, 18, 44, 70, 72, 73, 74, 75, 76, 77, 78, 80, 81, 82, 94, 9, 11, 22, 23, 24, 25, 26, 27, 28, 29, 30, 31, 32, 33, 34, 35, 46, 47, 57, 59, 68, 71, 79, 83, 90, 95
65
0, 1, 13, 12, 14, 2, 15, 60, 61, 62, 63, 84, 85, 64, 86, 65, 87, 6, 19, 3, 16, 91, 4, 17, 67, 89, 8, 10, 36, 37, 38, 39, 40, 41, 42, 43, 66, 88, 7, 20, 92, 21, 45, 48, 49, 50, 51, 52, 53, 54, 55, 56, 58, 69, 93, 5, 18, 44, 70, 72, 73, 74, 75, 76, 77, 78, 80, 81, 82, 94, 9, 11, 22, 23, 24, 25, 26, 27, 28, 29, 30, 31, 32, 33, 34, 35, 46, 47, 57, 59, 68, 71, 79, 83, 90, 95
../benchmark_instances/2023result/docs/solver/benchmark/2022benchmark/benchmark/color04/queen8_12.col	96	1368	65	13810
	Command being timed: "timeout 1h java -Xms1024g -Xmx1024g -Xss134m -cp ../src/pathwidth.jar Pathwidth ../benchmark_instances/2023result/docs/solver/benchmark/2022benchmark/benchmark/color04/queen8_12.col"
	User time (seconds): 11.14
	System time (seconds): 5.62
	Percent of CPU this job got: 107%
	Elapsed (wall clock) time (h:mm:ss or m:ss): 0:15.66
	Average shared text size (kbytes): 0
	Average unshared data size (kbytes): 0
	Average stack size (kbytes): 0
	Average total size (kbytes): 0
	Maximum resident set size (kbytes): 21475520
	Average resident set size (kbytes): 0
	Major (requiring I/O) page faults: 0
	Minor (reclaiming a frame) page faults: 154990
	Voluntary context switches: 3397
	Involuntary context switches: 32
	Swaps: 0
	File system inputs: 24
	File system outputs: 176
	Socket messages sent: 0
	Socket messages received: 0
	Signals delivered: 0
	Page size (bytes): 4096
	Exit status: 0
