../benchmark_instances/2023result/docs/solver/benchmark/2022benchmark/benchmark/color04/queen6_6.col
36
0, 2, 14, 12, 3, 9, 6, 4, 8, 17, 22, 23, 5, 10, 15, 18, 20, 27, 28, 29, 1, 7, 11, 13, 16, 19, 21, 24, 25, 26, 30, 31, 32, 33, 34, 35
35
0, 2, 14, 12, 3, 9, 6, 4, 8, 17, 22, 23, 5, 10, 15, 18, 20, 27, 28, 29, 1, 7, 11, 13, 16, 19, 21, 24, 25, 26, 30, 31, 32, 33, 34, 35
34
0, 2, 14, 12, 3, 9, 6, 4, 8, 17, 22, 23, 5, 10, 15, 18, 20, 27, 28, 29, 1, 7, 11, 13, 16, 19, 21, 24, 25, 26, 30, 31, 32, 33, 34, 35
33
0, 2, 14, 12, 3, 9, 6, 4, 8, 17, 22, 23, 5, 10, 15, 18, 20, 27, 28, 29, 1, 7, 11, 13, 16, 19, 21, 24, 25, 26, 30, 31, 32, 33, 34, 35
32
0, 2, 14, 12, 3, 9, 6, 4, 8, 17, 22, 23, 5, 10, 15, 18, 20, 27, 28, 29, 1, 7, 11, 13, 16, 19, 21, 24, 25, 26, 30, 31, 32, 33, 34, 35
31
0, 2, 14, 12, 3, 9, 6, 4, 8, 17, 22, 23, 5, 10, 15, 18, 20, 27, 28, 29, 1, 7, 11, 13, 16, 19, 21, 24, 25, 26, 30, 31, 32, 33, 34, 35
30
0, 2, 14, 12, 3, 9, 6, 4, 8, 17, 22, 23, 5, 10, 15, 18, 20, 27, 28, 29, 1, 7, 11, 13, 16, 19, 21, 24, 25, 26, 30, 31, 32, 33, 34, 35
29
0, 2, 14, 12, 3, 9, 6, 4, 8, 17, 22, 23, 5, 10, 15, 18, 20, 27, 28, 29, 1, 7, 11, 13, 16, 19, 21, 24, 25, 26, 30, 31, 32, 33, 34, 35
28
0, 2, 14, 12, 3, 9, 6, 4, 8, 17, 22, 23, 5, 10, 15, 18, 20, 27, 28, 29, 1, 7, 11, 13, 16, 19, 21, 24, 25, 26, 30, 31, 32, 33, 34, 35
27
0, 2, 14, 12, 3, 9, 6, 4, 8, 17, 22, 23, 5, 10, 15, 18, 20, 27, 28, 29, 1, 7, 11, 13, 16, 19, 21, 24, 25, 26, 30, 31, 32, 33, 34, 35
26
0, 2, 14, 12, 3, 9, 6, 4, 8, 17, 22, 23, 5, 10, 15, 18, 20, 27, 28, 29, 1, 7, 11, 13, 16, 19, 21, 24, 25, 26, 30, 31, 32, 33, 34, 35
25
0, 2, 14, 12, 3, 9, 6, 4, 8, 17, 22, 23, 5, 10, 15, 18, 20, 27, 28, 29, 1, 7, 11, 13, 16, 19, 21, 24, 25, 26, 30, 31, 32, 33, 34, 35
../benchmark_instances/2023result/docs/solver/benchmark/2022benchmark/benchmark/color04/queen6_6.col	36	290	25	14
	Command being timed: "timeout 1h java -Xms1024g -Xmx1024g -Xss134m -cp ../src/pathwidth.jar Pathwidth ../benchmark_instances/2023result/docs/solver/benchmark/2022benchmark/benchmark/color04/queen6_6.col"
	User time (seconds): 0.48
	System time (seconds): 1.43
	Percent of CPU this job got: 104%
	Elapsed (wall clock) time (h:mm:ss or m:ss): 0:01.82
	Average shared text size (kbytes): 0
	Average unshared data size (kbytes): 0
	Average stack size (kbytes): 0
	Average total size (kbytes): 0
	Maximum resident set size (kbytes): 4791664
	Average resident set size (kbytes): 0
	Major (requiring I/O) page faults: 0
	Minor (reclaiming a frame) page faults: 130067
	Voluntary context switches: 2129
	Involuntary context switches: 5
	Swaps: 0
	File system inputs: 8
	File system outputs: 72
	Socket messages sent: 0
	Socket messages received: 0
	Signals delivered: 0
	Page size (bytes): 4096
	Exit status: 0
