../benchmark_instances/2023result/docs/solver/benchmark/2022benchmark/benchmark/queen/queen008x008.col
64
0, 2, 18, 16, 3, 11, 5, 32, 34, 13, 27, 21, 7, 31, 9, 15, 25, 29, 48, 49, 50, 1, 10, 19, 6, 14, 22, 38, 54, 55, 8, 17, 23, 26, 30, 35, 37, 40, 41, 43, 45, 47, 4, 12, 20, 24, 28, 33, 36, 39, 42, 44, 46, 51, 52, 53, 56, 57, 58, 59, 60, 61, 62, 63
63
0, 2, 18, 16, 3, 11, 5, 32, 34, 13, 27, 21, 7, 31, 9, 15, 25, 29, 48, 49, 50, 1, 10, 19, 6, 14, 22, 38, 54, 55, 8, 17, 23, 26, 30, 35, 37, 40, 41, 43, 45, 47, 4, 12, 20, 24, 28, 33, 36, 39, 42, 44, 46, 51, 52, 53, 56, 57, 58, 59, 60, 61, 62, 63
62
0, 2, 18, 16, 3, 11, 5, 32, 34, 13, 27, 21, 7, 31, 9, 15, 25, 29, 48, 49, 50, 1, 10, 19, 6, 14, 22, 38, 54, 55, 8, 17, 23, 26, 30, 35, 37, 40, 41, 43, 45, 47, 4, 12, 20, 24, 28, 33, 36, 39, 42, 44, 46, 51, 52, 53, 56, 57, 58, 59, 60, 61, 62, 63
61
0, 2, 18, 16, 3, 11, 5, 32, 34, 13, 27, 21, 7, 31, 9, 15, 25, 29, 48, 49, 50, 1, 10, 19, 6, 14, 22, 38, 54, 55, 8, 17, 23, 26, 30, 35, 37, 40, 41, 43, 45, 47, 4, 12, 20, 24, 28, 33, 36, 39, 42, 44, 46, 51, 52, 53, 56, 57, 58, 59, 60, 61, 62, 63
60
0, 2, 18, 16, 3, 11, 5, 32, 34, 13, 27, 21, 7, 31, 9, 15, 25, 29, 48, 49, 50, 1, 10, 19, 6, 14, 22, 38, 54, 55, 8, 17, 23, 26, 30, 35, 37, 40, 41, 43, 45, 47, 4, 12, 20, 24, 28, 33, 36, 39, 42, 44, 46, 51, 52, 53, 56, 57, 58, 59, 60, 61, 62, 63
59
0, 2, 18, 16, 3, 11, 5, 32, 34, 13, 27, 21, 7, 31, 9, 15, 25, 29, 48, 49, 50, 1, 10, 19, 6, 14, 22, 38, 54, 55, 8, 17, 23, 26, 30, 35, 37, 40, 41, 43, 45, 47, 4, 12, 20, 24, 28, 33, 36, 39, 42, 44, 46, 51, 52, 53, 56, 57, 58, 59, 60, 61, 62, 63
58
0, 2, 18, 16, 3, 11, 5, 32, 34, 13, 27, 21, 7, 31, 9, 15, 25, 29, 48, 49, 50, 1, 10, 19, 6, 14, 22, 38, 54, 55, 8, 17, 23, 26, 30, 35, 37, 40, 41, 43, 45, 47, 4, 12, 20, 24, 28, 33, 36, 39, 42, 44, 46, 51, 52, 53, 56, 57, 58, 59, 60, 61, 62, 63
57
0, 2, 18, 16, 3, 11, 5, 32, 34, 13, 27, 21, 7, 31, 9, 15, 25, 29, 48, 49, 50, 1, 10, 19, 6, 14, 22, 38, 54, 55, 8, 17, 23, 26, 30, 35, 37, 40, 41, 43, 45, 47, 4, 12, 20, 24, 28, 33, 36, 39, 42, 44, 46, 51, 52, 53, 56, 57, 58, 59, 60, 61, 62, 63
56
0, 2, 18, 16, 3, 11, 5, 32, 34, 13, 27, 21, 7, 31, 9, 15, 25, 29, 48, 49, 50, 1, 10, 19, 6, 14, 22, 38, 54, 55, 8, 17, 23, 26, 30, 35, 37, 40, 41, 43, 45, 47, 4, 12, 20, 24, 28, 33, 36, 39, 42, 44, 46, 51, 52, 53, 56, 57, 58, 59, 60, 61, 62, 63
55
0, 2, 18, 16, 3, 11, 5, 32, 34, 13, 27, 21, 7, 31, 9, 15, 25, 29, 48, 49, 50, 1, 10, 19, 6, 14, 22, 38, 54, 55, 8, 17, 23, 26, 30, 35, 37, 40, 41, 43, 45, 47, 4, 12, 20, 24, 28, 33, 36, 39, 42, 44, 46, 51, 52, 53, 56, 57, 58, 59, 60, 61, 62, 63
54
0, 2, 18, 16, 3, 11, 5, 32, 34, 13, 27, 21, 7, 31, 9, 15, 25, 29, 48, 49, 50, 1, 10, 19, 6, 14, 22, 38, 54, 55, 8, 17, 23, 26, 30, 35, 37, 40, 41, 43, 45, 47, 4, 12, 20, 24, 28, 33, 36, 39, 42, 44, 46, 51, 52, 53, 56, 57, 58, 59, 60, 61, 62, 63
53
0, 2, 18, 16, 3, 11, 5, 32, 34, 13, 27, 21, 7, 31, 9, 15, 25, 29, 48, 49, 50, 1, 10, 19, 6, 14, 22, 38, 54, 55, 8, 17, 23, 26, 30, 35, 37, 40, 41, 43, 45, 47, 4, 12, 20, 24, 28, 33, 36, 39, 42, 44, 46, 51, 52, 53, 56, 57, 58, 59, 60, 61, 62, 63
52
0, 2, 18, 16, 3, 11, 5, 32, 34, 13, 27, 21, 7, 31, 9, 15, 25, 29, 48, 49, 50, 1, 10, 19, 6, 14, 22, 38, 54, 55, 8, 17, 23, 26, 30, 35, 37, 40, 41, 43, 45, 47, 4, 12, 20, 24, 28, 33, 36, 39, 42, 44, 46, 51, 52, 53, 56, 57, 58, 59, 60, 61, 62, 63
51
0, 2, 18, 16, 3, 11, 5, 32, 34, 13, 27, 21, 7, 31, 9, 15, 25, 29, 48, 49, 50, 1, 10, 19, 6, 14, 22, 38, 54, 55, 8, 17, 23, 26, 30, 35, 37, 40, 41, 43, 45, 47, 4, 12, 20, 24, 28, 33, 36, 39, 42, 44, 46, 51, 52, 53, 56, 57, 58, 59, 60, 61, 62, 63
50
0, 2, 18, 16, 3, 11, 5, 32, 34, 13, 27, 21, 7, 31, 9, 15, 25, 29, 48, 49, 50, 1, 10, 19, 6, 14, 22, 38, 54, 55, 8, 17, 23, 26, 30, 35, 37, 40, 41, 43, 45, 47, 4, 12, 20, 24, 28, 33, 36, 39, 42, 44, 46, 51, 52, 53, 56, 57, 58, 59, 60, 61, 62, 63
49
0, 2, 18, 16, 3, 11, 5, 32, 34, 13, 27, 21, 7, 31, 9, 15, 25, 29, 48, 49, 50, 1, 10, 19, 6, 14, 22, 38, 54, 55, 8, 17, 23, 26, 30, 35, 37, 40, 41, 43, 45, 47, 4, 12, 20, 24, 28, 33, 36, 39, 42, 44, 46, 51, 52, 53, 56, 57, 58, 59, 60, 61, 62, 63
48
0, 2, 18, 16, 3, 11, 5, 32, 34, 13, 27, 21, 7, 31, 9, 15, 25, 29, 48, 49, 50, 1, 10, 19, 6, 14, 22, 38, 54, 55, 8, 17, 23, 26, 30, 35, 37, 40, 41, 43, 45, 47, 4, 12, 20, 24, 28, 33, 36, 39, 42, 44, 46, 51, 52, 53, 56, 57, 58, 59, 60, 61, 62, 63
47
0, 2, 18, 16, 3, 11, 5, 32, 34, 13, 27, 21, 7, 31, 9, 15, 25, 29, 48, 49, 50, 1, 10, 19, 6, 14, 22, 38, 54, 55, 8, 17, 23, 26, 30, 35, 37, 40, 41, 43, 45, 47, 4, 12, 20, 24, 28, 33, 36, 39, 42, 44, 46, 51, 52, 53, 56, 57, 58, 59, 60, 61, 62, 63
46
0, 2, 18, 16, 3, 32, 34, 11, 5, 13, 27, 21, 7, 31, 9, 15, 25, 29, 48, 49, 50, 1, 10, 19, 6, 14, 22, 38, 54, 55, 8, 17, 23, 26, 30, 35, 37, 40, 41, 43, 45, 47, 4, 12, 20, 24, 28, 33, 36, 39, 42, 44, 46, 51, 52, 53, 56, 57, 58, 59, 60, 61, 62, 63
45
0, 2, 9, 1, 10, 40, 41, 32, 11, 33, 42, 3, 27, 7, 18, 31, 16, 34, 5, 13, 21, 15, 25, 29, 48, 49, 50, 19, 6, 14, 22, 38, 54, 55, 8, 17, 23, 26, 30, 35, 37, 43, 45, 47, 4, 12, 20, 24, 28, 36, 39, 44, 46, 51, 52, 53, 56, 57, 58, 59, 60, 61, 62, 63
../benchmark_instances/2023result/docs/solver/benchmark/2022benchmark/benchmark/queen/queen008x008.col	64	728	45	379
	Command being timed: "timeout 1h java -Xms1024g -Xmx1024g -Xss134m -cp ../src/pathwidth.jar Pathwidth ../benchmark_instances/2023result/docs/solver/benchmark/2022benchmark/benchmark/queen/queen008x008.col"
	User time (seconds): 1.41
	System time (seconds): 1.53
	Percent of CPU this job got: 133%
	Elapsed (wall clock) time (h:mm:ss or m:ss): 0:02.20
	Average shared text size (kbytes): 0
	Average unshared data size (kbytes): 0
	Average stack size (kbytes): 0
	Average total size (kbytes): 0
	Maximum resident set size (kbytes): 5157160
	Average resident set size (kbytes): 0
	Major (requiring I/O) page faults: 0
	Minor (reclaiming a frame) page faults: 144562
	Voluntary context switches: 2681
	Involuntary context switches: 50
	Swaps: 0
	File system inputs: 16
	File system outputs: 80
	Socket messages sent: 0
	Socket messages received: 0
	Signals delivered: 0
	Page size (bytes): 4096
	Exit status: 0
