../benchmark_instances/2023result/docs/solver/benchmark/2022benchmark/benchmark/color04/queen10_10.col
100
0, 2, 22, 20, 24, 4, 42, 40, 44, 5, 15, 35, 14, 25, 7, 17, 37, 11, 31, 19, 9, 27, 62, 64, 30, 41, 39, 60, 3, 13, 33, 61, 63, 80, 81, 82, 84, 29, 47, 50, 51, 52, 53, 55, 57, 59, 83, 1, 12, 23, 34, 45, 69, 6, 16, 26, 36, 46, 49, 56, 66, 67, 70, 71, 72, 73, 74, 75, 77, 79, 85, 86, 8, 10, 18, 21, 28, 32, 38, 43, 48, 54, 58, 65, 68, 76, 78, 87, 88, 89, 90, 91, 92, 93, 94, 95, 96, 97, 98, 99
99
0, 2, 22, 20, 24, 4, 42, 40, 44, 5, 15, 35, 14, 25, 7, 17, 37, 11, 31, 19, 9, 27, 62, 64, 30, 41, 39, 60, 3, 13, 33, 61, 63, 80, 81, 82, 84, 29, 47, 50, 51, 52, 53, 55, 57, 59, 83, 1, 12, 23, 34, 45, 69, 6, 16, 26, 36, 46, 49, 56, 66, 67, 70, 71, 72, 73, 74, 75, 77, 79, 85, 86, 8, 10, 18, 21, 28, 32, 38, 43, 48, 54, 58, 65, 68, 76, 78, 87, 88, 89, 90, 91, 92, 93, 94, 95, 96, 97, 98, 99
98
0, 2, 22, 20, 24, 4, 42, 40, 44, 5, 15, 35, 14, 25, 7, 17, 37, 11, 31, 19, 9, 27, 62, 64, 30, 41, 39, 60, 3, 13, 33, 61, 63, 80, 81, 82, 84, 29, 47, 50, 51, 52, 53, 55, 57, 59, 83, 1, 12, 23, 34, 45, 69, 6, 16, 26, 36, 46, 49, 56, 66, 67, 70, 71, 72, 73, 74, 75, 77, 79, 85, 86, 8, 10, 18, 21, 28, 32, 38, 43, 48, 54, 58, 65, 68, 76, 78, 87, 88, 89, 90, 91, 92, 93, 94, 95, 96, 97, 98, 99
97
0, 2, 22, 20, 24, 4, 42, 40, 44, 5, 15, 35, 14, 25, 7, 17, 37, 11, 31, 19, 9, 27, 62, 64, 30, 41, 39, 60, 3, 13, 33, 61, 63, 80, 81, 82, 84, 29, 47, 50, 51, 52, 53, 55, 57, 59, 83, 1, 12, 23, 34, 45, 69, 6, 16, 26, 36, 46, 49, 56, 66, 67, 70, 71, 72, 73, 74, 75, 77, 79, 85, 86, 8, 10, 18, 21, 28, 32, 38, 43, 48, 54, 58, 65, 68, 76, 78, 87, 88, 89, 90, 91, 92, 93, 94, 95, 96, 97, 98, 99
96
0, 2, 22, 20, 24, 4, 42, 40, 44, 5, 15, 35, 14, 25, 7, 17, 37, 11, 31, 19, 9, 27, 62, 64, 30, 41, 39, 60, 3, 13, 33, 61, 63, 80, 81, 82, 84, 29, 47, 50, 51, 52, 53, 55, 57, 59, 83, 1, 12, 23, 34, 45, 69, 6, 16, 26, 36, 46, 49, 56, 66, 67, 70, 71, 72, 73, 74, 75, 77, 79, 85, 86, 8, 10, 18, 21, 28, 32, 38, 43, 48, 54, 58, 65, 68, 76, 78, 87, 88, 89, 90, 91, 92, 93, 94, 95, 96, 97, 98, 99
95
0, 2, 22, 20, 24, 4, 42, 40, 44, 5, 15, 35, 14, 25, 7, 17, 37, 11, 31, 19, 9, 27, 62, 64, 30, 41, 39, 60, 3, 13, 33, 61, 63, 80, 81, 82, 84, 29, 47, 50, 51, 52, 53, 55, 57, 59, 83, 1, 12, 23, 34, 45, 69, 6, 16, 26, 36, 46, 49, 56, 66, 67, 70, 71, 72, 73, 74, 75, 77, 79, 85, 86, 8, 10, 18, 21, 28, 32, 38, 43, 48, 54, 58, 65, 68, 76, 78, 87, 88, 89, 90, 91, 92, 93, 94, 95, 96, 97, 98, 99
94
0, 2, 22, 20, 24, 4, 42, 40, 44, 5, 15, 35, 14, 25, 7, 17, 37, 11, 31, 19, 9, 27, 62, 64, 30, 41, 39, 60, 3, 13, 33, 61, 63, 80, 81, 82, 84, 29, 47, 50, 51, 52, 53, 55, 57, 59, 83, 1, 12, 23, 34, 45, 69, 6, 16, 26, 36, 46, 49, 56, 66, 67, 70, 71, 72, 73, 74, 75, 77, 79, 85, 86, 8, 10, 18, 21, 28, 32, 38, 43, 48, 54, 58, 65, 68, 76, 78, 87, 88, 89, 90, 91, 92, 93, 94, 95, 96, 97, 98, 99
93
0, 2, 22, 20, 24, 4, 42, 40, 44, 5, 15, 35, 14, 25, 7, 17, 37, 11, 31, 19, 9, 27, 62, 64, 30, 41, 39, 60, 3, 13, 33, 61, 63, 80, 81, 82, 84, 29, 47, 50, 51, 52, 53, 55, 57, 59, 83, 1, 12, 23, 34, 45, 69, 6, 16, 26, 36, 46, 49, 56, 66, 67, 70, 71, 72, 73, 74, 75, 77, 79, 85, 86, 8, 10, 18, 21, 28, 32, 38, 43, 48, 54, 58, 65, 68, 76, 78, 87, 88, 89, 90, 91, 92, 93, 94, 95, 96, 97, 98, 99
92
0, 2, 22, 20, 24, 4, 42, 40, 44, 5, 15, 35, 14, 25, 7, 17, 37, 11, 31, 19, 9, 27, 62, 64, 30, 41, 39, 60, 3, 13, 33, 61, 63, 80, 81, 82, 84, 29, 47, 50, 51, 52, 53, 55, 57, 59, 83, 1, 12, 23, 34, 45, 69, 6, 16, 26, 36, 46, 49, 56, 66, 67, 70, 71, 72, 73, 74, 75, 77, 79, 85, 86, 8, 10, 18, 21, 28, 32, 38, 43, 48, 54, 58, 65, 68, 76, 78, 87, 88, 89, 90, 91, 92, 93, 94, 95, 96, 97, 98, 99
91
0, 2, 22, 20, 24, 4, 42, 40, 44, 5, 15, 35, 14, 25, 7, 17, 37, 11, 31, 19, 9, 27, 62, 64, 30, 41, 39, 60, 3, 13, 33, 61, 63, 80, 81, 82, 84, 29, 47, 50, 51, 52, 53, 55, 57, 59, 83, 1, 12, 23, 34, 45, 69, 6, 16, 26, 36, 46, 49, 56, 66, 67, 70, 71, 72, 73, 74, 75, 77, 79, 85, 86, 8, 10, 18, 21, 28, 32, 38, 43, 48, 54, 58, 65, 68, 76, 78, 87, 88, 89, 90, 91, 92, 93, 94, 95, 96, 97, 98, 99
90
0, 2, 22, 20, 24, 4, 42, 40, 44, 5, 15, 35, 14, 25, 7, 17, 37, 11, 31, 19, 9, 27, 62, 64, 30, 41, 39, 60, 3, 13, 33, 61, 63, 80, 81, 82, 84, 29, 47, 50, 51, 52, 53, 55, 57, 59, 83, 1, 12, 23, 34, 45, 69, 6, 16, 26, 36, 46, 49, 56, 66, 67, 70, 71, 72, 73, 74, 75, 77, 79, 85, 86, 8, 10, 18, 21, 28, 32, 38, 43, 48, 54, 58, 65, 68, 76, 78, 87, 88, 89, 90, 91, 92, 93, 94, 95, 96, 97, 98, 99
89
0, 2, 22, 20, 24, 4, 42, 40, 44, 5, 15, 35, 14, 25, 7, 17, 37, 11, 31, 19, 9, 27, 62, 64, 30, 41, 39, 60, 3, 13, 33, 61, 63, 80, 81, 82, 84, 29, 47, 50, 51, 52, 53, 55, 57, 59, 83, 1, 12, 23, 34, 45, 69, 6, 16, 26, 36, 46, 49, 56, 66, 67, 70, 71, 72, 73, 74, 75, 77, 79, 85, 86, 8, 10, 18, 21, 28, 32, 38, 43, 48, 54, 58, 65, 68, 76, 78, 87, 88, 89, 90, 91, 92, 93, 94, 95, 96, 97, 98, 99
88
0, 2, 22, 20, 24, 4, 42, 40, 44, 5, 15, 35, 14, 25, 7, 17, 37, 11, 31, 19, 9, 27, 62, 64, 30, 41, 39, 60, 3, 13, 33, 61, 63, 80, 81, 82, 84, 29, 47, 50, 51, 52, 53, 55, 57, 59, 83, 1, 12, 23, 34, 45, 69, 6, 16, 26, 36, 46, 49, 56, 66, 67, 70, 71, 72, 73, 74, 75, 77, 79, 85, 86, 8, 10, 18, 21, 28, 32, 38, 43, 48, 54, 58, 65, 68, 76, 78, 87, 88, 89, 90, 91, 92, 93, 94, 95, 96, 97, 98, 99
87
0, 2, 22, 20, 24, 4, 42, 40, 44, 5, 15, 35, 14, 25, 7, 17, 37, 11, 31, 19, 9, 27, 62, 64, 30, 41, 39, 60, 3, 13, 33, 61, 63, 80, 81, 82, 84, 29, 47, 50, 51, 52, 53, 55, 57, 59, 83, 1, 12, 23, 34, 45, 69, 6, 16, 26, 36, 46, 49, 56, 66, 67, 70, 71, 72, 73, 74, 75, 77, 79, 85, 86, 8, 10, 18, 21, 28, 32, 38, 43, 48, 54, 58, 65, 68, 76, 78, 87, 88, 89, 90, 91, 92, 93, 94, 95, 96, 97, 98, 99
86
0, 2, 22, 20, 24, 4, 42, 40, 44, 5, 15, 35, 14, 25, 7, 17, 37, 11, 31, 19, 9, 27, 62, 64, 30, 41, 39, 60, 3, 13, 33, 61, 63, 80, 81, 82, 84, 29, 47, 50, 51, 52, 53, 55, 57, 59, 83, 1, 12, 23, 34, 45, 69, 6, 16, 26, 36, 46, 49, 56, 66, 67, 70, 71, 72, 73, 74, 75, 77, 79, 85, 86, 8, 10, 18, 21, 28, 32, 38, 43, 48, 54, 58, 65, 68, 76, 78, 87, 88, 89, 90, 91, 92, 93, 94, 95, 96, 97, 98, 99
85
0, 2, 22, 20, 24, 4, 42, 40, 44, 5, 15, 35, 14, 25, 7, 17, 37, 11, 31, 19, 9, 27, 62, 64, 30, 41, 39, 60, 3, 13, 33, 61, 63, 80, 81, 82, 84, 29, 47, 50, 51, 52, 53, 55, 57, 59, 83, 1, 12, 23, 34, 45, 69, 6, 16, 26, 36, 46, 49, 56, 66, 67, 70, 71, 72, 73, 74, 75, 77, 79, 85, 86, 8, 10, 18, 21, 28, 32, 38, 43, 48, 54, 58, 65, 68, 76, 78, 87, 88, 89, 90, 91, 92, 93, 94, 95, 96, 97, 98, 99
84
0, 2, 22, 20, 24, 4, 42, 40, 44, 5, 15, 35, 14, 25, 7, 17, 37, 11, 31, 19, 9, 27, 62, 64, 30, 41, 39, 60, 3, 13, 33, 61, 63, 80, 81, 82, 84, 29, 47, 50, 51, 52, 53, 55, 57, 59, 83, 1, 12, 23, 34, 45, 69, 6, 16, 26, 36, 46, 49, 56, 66, 67, 70, 71, 72, 73, 74, 75, 77, 79, 85, 86, 8, 10, 18, 21, 28, 32, 38, 43, 48, 54, 58, 65, 68, 76, 78, 87, 88, 89, 90, 91, 92, 93, 94, 95, 96, 97, 98, 99
83
0, 2, 22, 20, 24, 4, 42, 40, 44, 5, 15, 35, 14, 25, 7, 17, 37, 11, 31, 19, 9, 27, 62, 64, 30, 41, 39, 60, 3, 13, 33, 61, 63, 80, 81, 82, 84, 29, 47, 50, 51, 52, 53, 55, 57, 59, 83, 1, 12, 23, 34, 45, 69, 6, 16, 26, 36, 46, 49, 56, 66, 67, 70, 71, 72, 73, 74, 75, 77, 79, 85, 86, 8, 10, 18, 21, 28, 32, 38, 43, 48, 54, 58, 65, 68, 76, 78, 87, 88, 89, 90, 91, 92, 93, 94, 95, 96, 97, 98, 99
82
0, 2, 22, 20, 24, 4, 42, 40, 44, 5, 15, 35, 14, 25, 7, 17, 37, 11, 31, 19, 9, 27, 62, 64, 30, 41, 39, 60, 3, 13, 33, 61, 63, 80, 81, 82, 84, 29, 47, 50, 51, 52, 53, 55, 57, 59, 83, 1, 12, 23, 34, 45, 69, 6, 16, 26, 36, 46, 49, 56, 66, 67, 70, 71, 72, 73, 74, 75, 77, 79, 85, 86, 8, 10, 18, 21, 28, 32, 38, 43, 48, 54, 58, 65, 68, 76, 78, 87, 88, 89, 90, 91, 92, 93, 94, 95, 96, 97, 98, 99
81
0, 2, 22, 20, 24, 4, 42, 40, 44, 5, 15, 35, 14, 25, 7, 17, 37, 11, 31, 19, 9, 27, 62, 64, 30, 41, 39, 60, 3, 13, 33, 61, 63, 80, 81, 82, 84, 29, 47, 50, 51, 52, 53, 55, 57, 59, 83, 1, 12, 23, 34, 45, 69, 6, 16, 26, 36, 46, 49, 56, 66, 67, 70, 71, 72, 73, 74, 75, 77, 79, 85, 86, 8, 10, 18, 21, 28, 32, 38, 43, 48, 54, 58, 65, 68, 76, 78, 87, 88, 89, 90, 91, 92, 93, 94, 95, 96, 97, 98, 99
80
0, 2, 22, 20, 24, 4, 42, 40, 44, 5, 15, 35, 14, 25, 7, 17, 37, 11, 31, 19, 9, 27, 62, 64, 30, 41, 39, 60, 3, 13, 33, 61, 63, 80, 81, 82, 84, 29, 47, 50, 51, 52, 53, 55, 57, 59, 83, 1, 12, 23, 34, 45, 69, 6, 16, 26, 36, 46, 49, 56, 66, 67, 70, 71, 72, 73, 74, 75, 77, 79, 85, 86, 8, 10, 18, 21, 28, 32, 38, 43, 48, 54, 58, 65, 68, 76, 78, 87, 88, 89, 90, 91, 92, 93, 94, 95, 96, 97, 98, 99
79
0, 2, 22, 20, 24, 4, 42, 40, 44, 5, 15, 35, 14, 25, 7, 17, 37, 11, 31, 19, 9, 27, 62, 64, 30, 41, 39, 60, 3, 13, 33, 61, 63, 80, 81, 82, 84, 29, 47, 50, 51, 52, 53, 55, 57, 59, 83, 1, 12, 23, 34, 45, 69, 6, 16, 26, 36, 46, 49, 56, 66, 67, 70, 71, 72, 73, 74, 75, 77, 79, 85, 86, 8, 10, 18, 21, 28, 32, 38, 43, 48, 54, 58, 65, 68, 76, 78, 87, 88, 89, 90, 91, 92, 93, 94, 95, 96, 97, 98, 99
78
0, 2, 22, 20, 24, 4, 42, 40, 44, 5, 15, 35, 14, 25, 7, 17, 37, 11, 31, 19, 9, 27, 62, 64, 30, 41, 39, 60, 3, 13, 33, 61, 63, 80, 81, 82, 84, 29, 47, 50, 51, 52, 53, 55, 57, 59, 83, 1, 12, 23, 34, 45, 69, 6, 16, 26, 36, 46, 49, 56, 66, 67, 70, 71, 72, 73, 74, 75, 77, 79, 85, 86, 8, 10, 18, 21, 28, 32, 38, 43, 48, 54, 58, 65, 68, 76, 78, 87, 88, 89, 90, 91, 92, 93, 94, 95, 96, 97, 98, 99
77
0, 2, 22, 20, 24, 4, 42, 40, 44, 5, 15, 35, 14, 25, 7, 17, 37, 11, 31, 19, 9, 27, 62, 64, 30, 41, 39, 60, 3, 13, 33, 61, 63, 80, 81, 82, 84, 29, 47, 50, 51, 52, 53, 55, 57, 59, 83, 1, 12, 23, 34, 45, 69, 6, 16, 26, 36, 46, 49, 56, 66, 67, 70, 71, 72, 73, 74, 75, 77, 79, 85, 86, 8, 10, 18, 21, 28, 32, 38, 43, 48, 54, 58, 65, 68, 76, 78, 87, 88, 89, 90, 91, 92, 93, 94, 95, 96, 97, 98, 99
76
0, 2, 22, 20, 24, 4, 42, 40, 44, 5, 15, 35, 14, 25, 7, 17, 37, 11, 31, 19, 9, 27, 62, 64, 30, 41, 39, 60, 3, 13, 33, 61, 63, 80, 81, 82, 84, 29, 47, 50, 51, 52, 53, 55, 57, 59, 83, 1, 12, 23, 34, 45, 69, 6, 16, 26, 36, 46, 49, 56, 66, 67, 70, 71, 72, 73, 74, 75, 77, 79, 85, 86, 8, 10, 18, 21, 28, 32, 38, 43, 48, 54, 58, 65, 68, 76, 78, 87, 88, 89, 90, 91, 92, 93, 94, 95, 96, 97, 98, 99
75
0, 2, 22, 20, 24, 4, 42, 40, 44, 5, 15, 35, 14, 25, 7, 17, 37, 11, 31, 19, 9, 27, 62, 64, 30, 41, 39, 60, 3, 13, 33, 61, 63, 80, 81, 82, 84, 29, 47, 50, 51, 52, 53, 55, 57, 59, 83, 1, 12, 23, 34, 45, 69, 6, 16, 26, 36, 46, 49, 56, 66, 67, 70, 71, 72, 73, 74, 75, 77, 79, 85, 86, 8, 10, 18, 21, 28, 32, 38, 43, 48, 54, 58, 65, 68, 76, 78, 87, 88, 89, 90, 91, 92, 93, 94, 95, 96, 97, 98, 99
74
0, 2, 22, 20, 24, 4, 42, 40, 44, 5, 15, 35, 14, 25, 7, 17, 37, 11, 31, 19, 9, 27, 62, 64, 30, 41, 39, 60, 3, 13, 33, 61, 63, 80, 81, 82, 84, 29, 47, 50, 51, 52, 53, 55, 57, 59, 83, 1, 12, 23, 34, 45, 69, 6, 16, 26, 36, 46, 49, 56, 66, 67, 70, 71, 72, 73, 74, 75, 77, 79, 85, 86, 8, 10, 18, 21, 28, 32, 38, 43, 48, 54, 58, 65, 68, 76, 78, 87, 88, 89, 90, 91, 92, 93, 94, 95, 96, 97, 98, 99
73
0, 2, 22, 20, 24, 4, 42, 40, 44, 5, 15, 35, 17, 7, 37, 11, 31, 27, 62, 14, 25, 19, 9, 64, 30, 41, 39, 60, 3, 13, 33, 61, 63, 80, 81, 82, 84, 29, 47, 50, 51, 52, 53, 55, 57, 59, 83, 1, 12, 23, 34, 45, 69, 6, 16, 26, 36, 46, 49, 56, 66, 67, 70, 71, 72, 73, 74, 75, 77, 79, 85, 86, 8, 10, 18, 21, 28, 32, 38, 43, 48, 54, 58, 65, 68, 76, 78, 87, 88, 89, 90, 91, 92, 93, 94, 95, 96, 97, 98, 99
72
0, 2, 22, 20, 17, 7, 11, 31, 1, 12, 6, 16, 42, 26, 37, 19, 46, 70, 71, 39, 40, 77, 79, 24, 4, 44, 27, 62, 5, 15, 35, 14, 25, 9, 64, 30, 41, 60, 3, 13, 33, 61, 63, 80, 81, 82, 84, 29, 47, 50, 51, 52, 53, 55, 57, 59, 83, 23, 34, 45, 69, 36, 49, 56, 66, 67, 72, 73, 74, 75, 85, 86, 8, 10, 18, 21, 28, 32, 38, 43, 48, 54, 58, 65, 68, 76, 78, 87, 88, 89, 90, 91, 92, 93, 94, 95, 96, 97, 98, 99
../benchmark_instances/2023result/docs/solver/benchmark/2022benchmark/benchmark/color04/queen10_10.col	100	1470	72	79023
	Command being timed: "timeout 1h java -Xms1024g -Xmx1024g -Xss134m -cp ../src/pathwidth.jar Pathwidth ../benchmark_instances/2023result/docs/solver/benchmark/2022benchmark/benchmark/color04/queen10_10.col"
	User time (seconds): 70.53
	System time (seconds): 20.10
	Percent of CPU this job got: 111%
	Elapsed (wall clock) time (h:mm:ss or m:ss): 1:21.07
	Average shared text size (kbytes): 0
	Average unshared data size (kbytes): 0
	Average stack size (kbytes): 0
	Average total size (kbytes): 0
	Maximum resident set size (kbytes): 58807548
	Average resident set size (kbytes): 0
	Major (requiring I/O) page faults: 0
	Minor (reclaiming a frame) page faults: 182046
	Voluntary context switches: 6280
	Involuntary context switches: 691
	Swaps: 0
	File system inputs: 24
	File system outputs: 416
	Socket messages sent: 0
	Socket messages received: 0
	Signals delivered: 0
	Page size (bytes): 4096
	Exit status: 0
