../benchmark_instances/2023result/docs/solver/benchmark/random_instance/random_instance006_graph004.col
78
26, 47, 3, 41, 55, 71, 1, 13, 12, 7, 16, 27, 19, 24, 18, 28, 48, 52, 8, 21, 74, 32, 73, 76, 38, 39, 54, 65, 69, 34, 64, 9, 11, 53, 36, 68, 2, 20, 31, 46, 6, 35, 17, 30, 29, 61, 0, 10, 44, 14, 77, 4, 15, 51, 59, 22, 56, 62, 23, 33, 43, 45, 70, 5, 37, 42, 49, 75, 25, 63, 66, 72, 40, 50, 57, 58, 60, 67
77
26, 47, 3, 41, 55, 71, 1, 13, 12, 7, 16, 27, 19, 24, 18, 28, 48, 52, 8, 21, 74, 32, 73, 76, 38, 39, 54, 65, 69, 34, 64, 9, 11, 53, 36, 68, 2, 20, 31, 46, 6, 35, 17, 30, 29, 61, 0, 10, 44, 14, 77, 4, 15, 51, 59, 22, 56, 62, 23, 33, 43, 45, 70, 5, 37, 42, 49, 75, 25, 63, 66, 72, 40, 50, 57, 58, 60, 67
76
26, 47, 3, 41, 55, 71, 1, 13, 12, 7, 16, 27, 19, 24, 18, 28, 48, 52, 8, 21, 74, 32, 73, 76, 38, 39, 54, 65, 69, 34, 64, 9, 11, 53, 36, 68, 2, 20, 31, 46, 6, 35, 17, 30, 29, 61, 0, 10, 44, 14, 77, 4, 15, 51, 59, 22, 56, 62, 23, 33, 43, 45, 70, 5, 37, 42, 49, 75, 25, 63, 66, 72, 40, 50, 57, 58, 60, 67
75
26, 47, 3, 41, 55, 71, 1, 13, 12, 7, 16, 27, 19, 24, 18, 28, 48, 52, 8, 21, 74, 32, 73, 76, 38, 39, 54, 65, 69, 34, 64, 9, 11, 53, 36, 68, 2, 20, 31, 46, 6, 35, 17, 30, 29, 61, 0, 10, 44, 14, 77, 4, 15, 51, 59, 22, 56, 62, 23, 33, 43, 45, 70, 5, 37, 42, 49, 75, 25, 63, 66, 72, 40, 50, 57, 58, 60, 67
74
26, 47, 3, 41, 55, 71, 1, 13, 12, 7, 16, 27, 19, 24, 18, 28, 48, 52, 8, 21, 74, 32, 73, 76, 38, 39, 54, 65, 69, 34, 64, 9, 11, 53, 36, 68, 2, 20, 31, 46, 6, 35, 17, 30, 29, 61, 0, 10, 44, 14, 77, 4, 15, 51, 59, 22, 56, 62, 23, 33, 43, 45, 70, 5, 37, 42, 49, 75, 25, 63, 66, 72, 40, 50, 57, 58, 60, 67
73
26, 47, 3, 41, 55, 71, 1, 13, 12, 7, 16, 27, 19, 24, 18, 28, 48, 52, 8, 21, 74, 32, 73, 76, 38, 39, 54, 65, 69, 34, 64, 9, 11, 53, 36, 68, 2, 20, 31, 46, 6, 35, 17, 30, 29, 61, 0, 10, 44, 14, 77, 4, 15, 51, 59, 22, 56, 62, 23, 33, 43, 45, 70, 5, 37, 42, 49, 75, 25, 63, 66, 72, 40, 50, 57, 58, 60, 67
72
26, 47, 3, 41, 55, 71, 1, 13, 12, 7, 16, 27, 19, 24, 18, 28, 48, 52, 8, 21, 74, 32, 73, 76, 38, 39, 54, 65, 69, 34, 64, 9, 11, 53, 36, 68, 2, 20, 31, 46, 6, 35, 17, 30, 29, 61, 0, 10, 44, 14, 77, 4, 15, 51, 59, 22, 56, 62, 23, 33, 43, 45, 70, 5, 37, 42, 49, 75, 25, 63, 66, 72, 40, 50, 57, 58, 60, 67
71
26, 47, 3, 41, 55, 71, 1, 13, 12, 7, 16, 27, 19, 24, 18, 28, 48, 52, 8, 21, 74, 32, 73, 76, 38, 39, 54, 65, 69, 34, 64, 9, 11, 53, 36, 68, 2, 20, 31, 46, 6, 35, 17, 30, 29, 61, 0, 10, 44, 14, 77, 4, 15, 51, 59, 22, 56, 62, 23, 33, 43, 45, 70, 5, 37, 42, 49, 75, 25, 63, 66, 72, 40, 50, 57, 58, 60, 67
70
26, 47, 3, 41, 55, 71, 1, 13, 12, 7, 16, 27, 19, 24, 18, 28, 48, 52, 8, 21, 74, 32, 73, 76, 38, 39, 54, 65, 69, 34, 64, 9, 11, 53, 36, 68, 2, 20, 31, 46, 6, 35, 17, 30, 29, 61, 0, 10, 44, 14, 77, 4, 15, 51, 59, 22, 56, 62, 23, 33, 43, 45, 70, 5, 37, 42, 49, 75, 25, 63, 66, 72, 40, 50, 57, 58, 60, 67
69
26, 47, 3, 41, 55, 71, 1, 13, 12, 7, 16, 27, 19, 24, 18, 28, 48, 52, 8, 21, 74, 32, 73, 76, 38, 39, 54, 65, 69, 34, 64, 9, 11, 53, 36, 68, 2, 20, 31, 46, 6, 35, 17, 30, 29, 61, 0, 10, 44, 14, 77, 4, 15, 51, 59, 22, 56, 62, 23, 33, 43, 45, 70, 5, 37, 42, 49, 75, 25, 63, 66, 72, 40, 50, 57, 58, 60, 67
68
26, 47, 3, 41, 55, 71, 1, 13, 12, 7, 16, 27, 19, 24, 18, 28, 48, 52, 8, 21, 74, 32, 73, 76, 38, 39, 54, 65, 69, 34, 64, 9, 11, 53, 36, 68, 2, 20, 31, 46, 6, 35, 17, 30, 29, 61, 0, 10, 44, 14, 77, 4, 15, 51, 59, 22, 56, 62, 23, 33, 43, 45, 70, 5, 37, 42, 49, 75, 25, 63, 66, 72, 40, 50, 57, 58, 60, 67
67
26, 47, 3, 41, 55, 71, 1, 13, 12, 7, 16, 27, 19, 24, 18, 28, 48, 52, 8, 21, 74, 32, 73, 76, 38, 39, 54, 65, 69, 34, 64, 9, 11, 53, 36, 68, 2, 20, 31, 46, 6, 35, 17, 30, 29, 61, 0, 10, 44, 14, 77, 4, 15, 51, 59, 22, 56, 62, 23, 33, 43, 45, 70, 5, 37, 42, 49, 75, 25, 63, 66, 72, 40, 50, 57, 58, 60, 67
66
26, 47, 3, 41, 55, 71, 1, 13, 12, 7, 16, 27, 19, 24, 18, 28, 48, 52, 8, 21, 74, 32, 73, 76, 38, 39, 54, 65, 69, 34, 64, 9, 11, 53, 36, 68, 2, 20, 31, 46, 6, 35, 17, 30, 29, 61, 0, 10, 44, 14, 77, 4, 15, 51, 59, 22, 56, 62, 23, 33, 43, 45, 70, 5, 37, 42, 49, 75, 25, 63, 66, 72, 40, 50, 57, 58, 60, 67
65
26, 47, 3, 41, 55, 71, 1, 13, 12, 7, 16, 27, 19, 24, 18, 28, 48, 52, 8, 21, 74, 32, 73, 76, 38, 39, 54, 65, 69, 34, 64, 9, 11, 53, 36, 68, 2, 20, 31, 46, 6, 35, 17, 30, 29, 61, 0, 10, 44, 14, 77, 4, 15, 51, 59, 22, 56, 62, 23, 33, 43, 45, 70, 5, 37, 42, 49, 75, 25, 63, 66, 72, 40, 50, 57, 58, 60, 67
64
26, 47, 3, 41, 55, 71, 1, 13, 12, 7, 16, 27, 19, 24, 18, 28, 48, 52, 8, 21, 74, 32, 73, 76, 38, 39, 54, 65, 69, 34, 64, 9, 11, 53, 36, 68, 2, 20, 31, 46, 6, 35, 17, 30, 29, 61, 0, 10, 44, 14, 77, 4, 15, 51, 59, 22, 56, 62, 23, 33, 43, 45, 70, 5, 37, 42, 49, 75, 25, 63, 66, 72, 40, 50, 57, 58, 60, 67
63
26, 47, 3, 41, 55, 71, 1, 13, 12, 7, 16, 27, 19, 24, 18, 28, 48, 52, 8, 21, 74, 32, 73, 76, 38, 39, 54, 65, 69, 34, 64, 9, 11, 53, 36, 68, 2, 20, 31, 46, 6, 35, 17, 30, 29, 61, 0, 10, 44, 14, 77, 4, 15, 51, 59, 22, 56, 62, 23, 33, 43, 45, 70, 5, 37, 42, 49, 75, 25, 63, 66, 72, 40, 50, 57, 58, 60, 67
62
26, 47, 3, 41, 55, 71, 1, 13, 12, 7, 16, 27, 19, 24, 18, 28, 48, 52, 8, 21, 74, 32, 73, 76, 38, 39, 54, 65, 69, 34, 64, 9, 11, 53, 36, 68, 2, 20, 31, 46, 6, 35, 17, 30, 29, 61, 0, 10, 44, 14, 77, 4, 15, 51, 59, 22, 56, 62, 23, 33, 43, 45, 70, 5, 37, 42, 49, 75, 25, 63, 66, 72, 40, 50, 57, 58, 60, 67
61
26, 47, 3, 41, 55, 71, 1, 13, 12, 7, 16, 27, 19, 24, 18, 28, 48, 52, 8, 21, 74, 32, 73, 76, 38, 39, 54, 65, 69, 34, 64, 9, 11, 53, 36, 68, 2, 20, 31, 46, 6, 35, 17, 30, 29, 61, 0, 10, 44, 14, 77, 4, 15, 51, 59, 22, 56, 62, 23, 33, 43, 45, 70, 5, 37, 42, 49, 75, 25, 63, 66, 72, 40, 50, 57, 58, 60, 67
60
26, 47, 3, 41, 55, 71, 1, 13, 12, 7, 16, 27, 19, 24, 18, 28, 48, 52, 8, 21, 74, 32, 73, 76, 38, 39, 54, 65, 69, 34, 64, 9, 11, 53, 36, 68, 2, 20, 31, 46, 6, 35, 17, 30, 29, 61, 0, 10, 44, 14, 77, 4, 15, 51, 59, 22, 56, 62, 23, 33, 43, 45, 70, 5, 37, 42, 49, 75, 25, 63, 66, 72, 40, 50, 57, 58, 60, 67
59
26, 47, 3, 41, 55, 71, 1, 13, 12, 7, 16, 27, 19, 24, 18, 28, 48, 52, 8, 21, 74, 32, 73, 76, 38, 39, 54, 65, 69, 34, 64, 9, 11, 53, 36, 68, 2, 20, 31, 46, 6, 35, 17, 30, 29, 61, 0, 10, 44, 14, 77, 4, 15, 51, 59, 22, 56, 62, 23, 33, 43, 45, 70, 5, 37, 42, 49, 75, 25, 63, 66, 72, 40, 50, 57, 58, 60, 67
58
26, 47, 3, 41, 55, 71, 1, 13, 12, 7, 16, 27, 19, 24, 18, 28, 48, 52, 8, 21, 74, 32, 73, 76, 38, 39, 54, 65, 69, 34, 64, 9, 11, 53, 36, 68, 2, 20, 31, 46, 6, 35, 17, 30, 29, 61, 0, 10, 44, 14, 77, 4, 15, 51, 59, 22, 56, 62, 23, 33, 43, 45, 70, 5, 37, 42, 49, 75, 25, 63, 66, 72, 40, 50, 57, 58, 60, 67
57
26, 47, 3, 41, 55, 71, 1, 13, 12, 7, 16, 27, 19, 24, 18, 28, 48, 52, 8, 21, 74, 32, 73, 76, 38, 39, 54, 65, 69, 34, 64, 9, 11, 53, 36, 68, 2, 20, 31, 46, 6, 35, 17, 30, 29, 61, 0, 10, 44, 14, 77, 4, 15, 51, 59, 22, 56, 62, 23, 33, 43, 45, 70, 5, 37, 42, 49, 75, 25, 63, 66, 72, 40, 50, 57, 58, 60, 67
56
26, 47, 3, 41, 55, 71, 1, 13, 12, 7, 16, 27, 19, 24, 18, 28, 48, 52, 8, 21, 74, 32, 73, 76, 38, 39, 54, 65, 69, 34, 64, 9, 11, 53, 36, 68, 2, 20, 31, 46, 6, 35, 17, 30, 29, 61, 0, 10, 44, 14, 77, 4, 15, 51, 59, 22, 56, 62, 23, 33, 43, 45, 70, 5, 37, 42, 49, 75, 25, 63, 66, 72, 40, 50, 57, 58, 60, 67
55
26, 47, 3, 41, 55, 71, 1, 13, 12, 7, 16, 27, 19, 24, 18, 28, 48, 52, 8, 21, 74, 32, 73, 76, 38, 39, 54, 65, 69, 34, 64, 9, 11, 53, 36, 68, 2, 20, 31, 46, 6, 35, 17, 30, 29, 61, 0, 10, 44, 14, 77, 4, 15, 51, 59, 22, 56, 62, 23, 33, 43, 45, 70, 5, 37, 42, 49, 75, 25, 63, 66, 72, 40, 50, 57, 58, 60, 67
54
26, 47, 3, 41, 55, 71, 1, 13, 12, 7, 16, 27, 19, 24, 18, 28, 48, 52, 8, 21, 74, 32, 73, 76, 38, 39, 54, 65, 69, 34, 64, 9, 11, 53, 36, 68, 2, 20, 31, 46, 6, 35, 17, 30, 29, 61, 0, 10, 44, 14, 77, 4, 15, 51, 59, 22, 56, 62, 23, 33, 43, 45, 70, 5, 37, 42, 49, 75, 25, 63, 66, 72, 40, 50, 57, 58, 60, 67
53
26, 47, 3, 41, 55, 71, 1, 13, 12, 7, 16, 27, 19, 24, 18, 28, 48, 52, 8, 21, 74, 32, 73, 76, 38, 39, 54, 65, 69, 34, 64, 9, 11, 53, 36, 68, 2, 20, 31, 46, 6, 35, 17, 30, 29, 61, 0, 10, 44, 14, 77, 4, 15, 51, 59, 22, 56, 62, 23, 33, 43, 45, 70, 5, 37, 42, 49, 75, 25, 63, 66, 72, 40, 50, 57, 58, 60, 67
52
26, 47, 3, 41, 55, 71, 1, 13, 12, 7, 16, 27, 19, 24, 18, 28, 48, 52, 8, 21, 74, 32, 73, 76, 38, 39, 54, 65, 69, 34, 64, 9, 11, 53, 36, 68, 2, 20, 31, 46, 6, 35, 17, 30, 29, 61, 0, 10, 44, 14, 77, 4, 15, 51, 59, 22, 56, 62, 23, 33, 43, 45, 70, 5, 37, 42, 49, 75, 25, 63, 66, 72, 40, 50, 57, 58, 60, 67
51
26, 47, 3, 41, 55, 71, 1, 13, 12, 7, 16, 27, 19, 24, 18, 28, 48, 52, 8, 21, 74, 32, 73, 76, 38, 39, 54, 65, 69, 34, 64, 9, 11, 53, 36, 68, 2, 20, 31, 46, 6, 35, 17, 30, 29, 61, 0, 10, 44, 14, 77, 4, 15, 51, 59, 22, 56, 62, 23, 33, 43, 45, 70, 5, 37, 42, 49, 75, 25, 63, 66, 72, 40, 50, 57, 58, 60, 67
50
26, 47, 3, 41, 55, 71, 1, 13, 12, 7, 16, 27, 19, 24, 18, 28, 48, 52, 8, 21, 74, 32, 73, 76, 38, 39, 54, 65, 69, 34, 64, 9, 11, 53, 36, 68, 2, 20, 31, 46, 6, 35, 17, 30, 29, 61, 0, 10, 44, 14, 77, 4, 15, 51, 59, 22, 56, 62, 23, 33, 43, 45, 70, 5, 37, 42, 49, 75, 25, 63, 66, 72, 40, 50, 57, 58, 60, 67
49
26, 47, 3, 41, 55, 71, 1, 13, 12, 7, 16, 27, 19, 24, 18, 28, 48, 52, 8, 21, 74, 32, 73, 76, 38, 39, 54, 65, 69, 34, 64, 9, 11, 53, 36, 68, 2, 20, 31, 46, 6, 35, 17, 30, 29, 61, 0, 10, 44, 14, 77, 4, 15, 51, 59, 22, 56, 62, 23, 33, 43, 45, 70, 5, 37, 42, 49, 75, 25, 63, 66, 72, 40, 50, 57, 58, 60, 67
48
26, 47, 3, 41, 55, 71, 1, 13, 12, 7, 16, 27, 19, 24, 18, 28, 48, 52, 8, 21, 74, 32, 73, 76, 38, 39, 54, 65, 69, 34, 64, 9, 11, 53, 36, 68, 2, 20, 31, 46, 6, 35, 17, 30, 29, 61, 0, 10, 44, 14, 77, 4, 15, 51, 59, 22, 56, 62, 23, 33, 43, 45, 70, 5, 37, 42, 49, 75, 25, 63, 66, 72, 40, 50, 57, 58, 60, 67
47
26, 47, 3, 41, 55, 71, 1, 13, 12, 7, 16, 27, 19, 24, 18, 28, 48, 52, 8, 21, 74, 32, 73, 76, 38, 39, 54, 65, 69, 34, 64, 9, 11, 53, 36, 68, 2, 20, 31, 46, 6, 35, 17, 30, 29, 61, 0, 10, 44, 14, 77, 4, 15, 51, 59, 22, 56, 62, 23, 33, 43, 45, 70, 5, 37, 42, 49, 75, 25, 63, 66, 72, 40, 50, 57, 58, 60, 67
46
26, 47, 3, 41, 55, 71, 1, 13, 12, 7, 16, 27, 19, 24, 18, 28, 48, 52, 8, 21, 74, 32, 73, 76, 38, 39, 54, 65, 69, 34, 64, 9, 11, 53, 36, 68, 2, 20, 31, 46, 6, 35, 17, 30, 29, 61, 0, 10, 44, 14, 77, 4, 15, 51, 59, 22, 56, 62, 23, 33, 43, 45, 70, 5, 37, 42, 49, 75, 25, 63, 66, 72, 40, 50, 57, 58, 60, 67
45
26, 47, 3, 41, 55, 71, 1, 13, 12, 7, 16, 27, 19, 24, 18, 28, 48, 52, 8, 21, 74, 32, 73, 76, 38, 39, 54, 65, 69, 34, 64, 9, 11, 53, 36, 68, 2, 20, 31, 46, 6, 35, 17, 30, 29, 61, 0, 10, 44, 14, 77, 4, 15, 51, 59, 22, 56, 62, 23, 33, 43, 45, 70, 5, 37, 42, 49, 75, 25, 63, 66, 72, 40, 50, 57, 58, 60, 67
44
26, 47, 3, 41, 55, 71, 1, 13, 12, 7, 16, 27, 19, 24, 18, 28, 48, 52, 8, 21, 74, 32, 73, 76, 38, 39, 54, 65, 69, 34, 64, 9, 11, 53, 36, 68, 2, 20, 31, 46, 6, 35, 17, 30, 29, 61, 0, 10, 44, 14, 77, 4, 15, 51, 59, 22, 56, 62, 23, 33, 43, 45, 70, 5, 37, 42, 49, 75, 25, 63, 66, 72, 40, 50, 57, 58, 60, 67
43
26, 47, 3, 41, 55, 71, 1, 13, 12, 7, 16, 27, 19, 24, 18, 28, 48, 52, 8, 21, 74, 32, 73, 76, 38, 39, 54, 65, 69, 34, 64, 9, 11, 53, 36, 68, 2, 20, 31, 46, 6, 35, 17, 30, 29, 61, 0, 10, 44, 14, 77, 4, 15, 51, 59, 22, 56, 62, 23, 33, 43, 45, 70, 5, 37, 42, 49, 75, 25, 63, 66, 72, 40, 50, 57, 58, 60, 67
42
26, 47, 3, 41, 55, 71, 1, 13, 12, 7, 16, 27, 19, 24, 18, 28, 48, 52, 8, 21, 74, 32, 73, 76, 38, 39, 54, 65, 69, 34, 64, 9, 11, 53, 36, 68, 2, 20, 31, 46, 6, 35, 17, 30, 29, 61, 0, 10, 44, 14, 77, 4, 15, 51, 59, 22, 56, 62, 23, 33, 43, 45, 70, 5, 37, 42, 49, 75, 25, 63, 66, 72, 40, 50, 57, 58, 60, 67
41
26, 47, 3, 41, 55, 71, 1, 13, 12, 7, 16, 27, 19, 24, 18, 28, 48, 52, 8, 21, 74, 32, 73, 76, 38, 39, 54, 65, 69, 34, 64, 9, 11, 53, 36, 68, 2, 20, 31, 46, 6, 35, 17, 30, 29, 61, 0, 10, 44, 14, 77, 4, 15, 51, 59, 22, 56, 62, 23, 33, 43, 45, 70, 5, 37, 42, 49, 75, 25, 63, 66, 72, 40, 50, 57, 58, 60, 67
40
26, 47, 3, 41, 55, 71, 1, 13, 12, 7, 16, 27, 19, 24, 18, 28, 48, 52, 8, 21, 74, 32, 73, 76, 38, 39, 54, 65, 69, 34, 64, 9, 11, 53, 36, 68, 2, 20, 31, 46, 6, 35, 17, 30, 29, 61, 0, 10, 44, 14, 77, 4, 15, 51, 59, 22, 56, 62, 23, 33, 43, 45, 70, 5, 37, 42, 49, 75, 25, 63, 66, 72, 40, 50, 57, 58, 60, 67
39
26, 47, 3, 41, 55, 71, 1, 13, 12, 7, 16, 27, 19, 24, 18, 28, 48, 52, 8, 21, 74, 32, 73, 76, 38, 39, 54, 65, 69, 34, 64, 9, 11, 53, 36, 68, 2, 20, 31, 46, 6, 35, 17, 30, 29, 61, 0, 10, 44, 14, 77, 4, 15, 51, 59, 22, 56, 62, 23, 33, 43, 45, 70, 5, 37, 42, 49, 75, 25, 63, 66, 72, 40, 50, 57, 58, 60, 67
38
26, 47, 3, 41, 55, 71, 1, 13, 12, 7, 16, 27, 19, 24, 18, 28, 48, 52, 8, 21, 74, 32, 73, 76, 38, 39, 54, 65, 69, 34, 64, 9, 11, 53, 36, 68, 2, 20, 31, 46, 6, 35, 17, 30, 29, 61, 0, 10, 44, 14, 77, 4, 15, 51, 59, 22, 56, 62, 23, 33, 43, 45, 70, 5, 37, 42, 49, 75, 25, 63, 66, 72, 40, 50, 57, 58, 60, 67
37
26, 47, 3, 41, 55, 71, 1, 13, 12, 7, 16, 27, 19, 24, 18, 28, 48, 52, 8, 21, 74, 32, 73, 76, 38, 39, 54, 65, 69, 34, 64, 9, 11, 53, 36, 68, 2, 20, 31, 46, 6, 35, 17, 30, 29, 61, 0, 10, 44, 14, 77, 4, 15, 51, 59, 22, 56, 62, 23, 33, 43, 45, 70, 5, 37, 42, 49, 75, 25, 63, 66, 72, 40, 50, 57, 58, 60, 67
36
26, 47, 3, 41, 55, 71, 1, 13, 12, 7, 16, 27, 19, 24, 18, 28, 48, 52, 8, 21, 74, 32, 73, 76, 38, 39, 54, 65, 69, 34, 64, 9, 11, 53, 36, 68, 2, 20, 31, 46, 6, 35, 17, 30, 29, 61, 0, 10, 44, 14, 77, 4, 15, 51, 59, 22, 56, 62, 23, 33, 43, 45, 70, 5, 37, 42, 49, 75, 25, 63, 66, 72, 40, 50, 57, 58, 60, 67
35
26, 47, 3, 41, 55, 71, 1, 13, 12, 7, 16, 27, 19, 24, 18, 28, 48, 52, 8, 21, 74, 32, 73, 76, 38, 39, 54, 65, 69, 34, 64, 9, 11, 53, 36, 68, 2, 20, 31, 46, 6, 35, 17, 30, 29, 61, 0, 10, 44, 14, 77, 4, 15, 51, 59, 22, 56, 62, 23, 33, 43, 45, 70, 5, 37, 42, 49, 75, 25, 63, 66, 72, 40, 50, 57, 58, 60, 67
34
26, 47, 3, 41, 55, 71, 1, 13, 12, 7, 16, 27, 19, 24, 18, 28, 48, 52, 8, 21, 74, 32, 73, 76, 38, 39, 54, 65, 69, 34, 64, 9, 11, 53, 36, 68, 2, 20, 31, 46, 6, 35, 17, 30, 29, 61, 0, 10, 44, 14, 77, 4, 15, 51, 59, 22, 56, 62, 23, 33, 43, 45, 70, 5, 37, 42, 49, 75, 25, 63, 66, 72, 40, 50, 57, 58, 60, 67
33
26, 47, 3, 41, 55, 71, 1, 13, 12, 7, 16, 27, 19, 24, 18, 28, 48, 52, 8, 21, 74, 32, 73, 76, 38, 39, 54, 65, 69, 34, 64, 9, 11, 53, 36, 68, 2, 20, 31, 46, 6, 35, 17, 30, 29, 61, 0, 10, 44, 14, 77, 4, 15, 51, 59, 22, 56, 62, 23, 33, 43, 45, 70, 5, 37, 42, 49, 75, 25, 63, 66, 72, 40, 50, 57, 58, 60, 67
32
26, 47, 3, 41, 55, 71, 1, 13, 12, 7, 16, 27, 19, 24, 18, 28, 48, 52, 8, 21, 74, 32, 73, 76, 38, 39, 54, 65, 69, 34, 64, 9, 11, 53, 36, 68, 2, 20, 31, 46, 6, 35, 17, 30, 29, 61, 0, 10, 44, 14, 77, 4, 15, 51, 59, 22, 56, 62, 23, 33, 43, 45, 70, 5, 37, 42, 49, 75, 25, 63, 66, 72, 40, 50, 57, 58, 60, 67
31
26, 47, 3, 41, 55, 71, 1, 13, 12, 7, 16, 27, 19, 24, 18, 28, 48, 52, 8, 21, 74, 32, 73, 76, 38, 39, 54, 65, 69, 34, 64, 9, 11, 53, 36, 68, 2, 20, 31, 46, 6, 35, 17, 30, 29, 61, 0, 10, 44, 14, 77, 4, 15, 51, 59, 22, 56, 62, 23, 33, 43, 45, 70, 5, 37, 42, 49, 75, 25, 63, 66, 72, 40, 50, 57, 58, 60, 67
30
26, 47, 3, 41, 55, 71, 1, 13, 12, 7, 16, 27, 19, 24, 18, 28, 48, 52, 8, 21, 74, 32, 73, 76, 38, 39, 54, 65, 69, 34, 64, 9, 11, 53, 36, 68, 2, 20, 31, 46, 6, 35, 17, 30, 29, 61, 0, 10, 44, 14, 77, 4, 15, 51, 59, 22, 56, 62, 23, 33, 43, 45, 70, 5, 37, 42, 49, 75, 25, 63, 66, 72, 40, 50, 57, 58, 60, 67
29
26, 47, 3, 41, 55, 71, 1, 13, 12, 7, 16, 27, 19, 24, 18, 28, 48, 52, 8, 21, 74, 32, 73, 76, 38, 39, 54, 65, 69, 34, 64, 9, 11, 53, 36, 68, 2, 20, 31, 46, 6, 35, 17, 30, 29, 61, 0, 10, 44, 14, 77, 4, 15, 51, 59, 22, 56, 62, 23, 33, 43, 45, 70, 5, 37, 42, 49, 75, 25, 63, 66, 72, 40, 50, 57, 58, 60, 67
28
26, 47, 3, 41, 55, 71, 1, 13, 12, 7, 16, 27, 19, 24, 18, 28, 48, 52, 8, 21, 74, 32, 73, 76, 38, 39, 54, 65, 69, 34, 64, 9, 11, 53, 36, 68, 2, 20, 31, 46, 6, 35, 17, 30, 29, 61, 0, 10, 44, 14, 77, 4, 15, 51, 59, 22, 56, 62, 23, 33, 43, 45, 70, 5, 37, 42, 49, 75, 25, 63, 66, 72, 40, 50, 57, 58, 60, 67
27
26, 47, 3, 41, 55, 71, 1, 13, 12, 7, 16, 27, 19, 24, 18, 28, 48, 52, 8, 21, 74, 32, 73, 76, 38, 39, 54, 65, 69, 34, 64, 9, 11, 53, 36, 68, 2, 20, 31, 46, 6, 35, 17, 30, 29, 61, 0, 10, 44, 14, 77, 4, 15, 51, 59, 22, 56, 62, 23, 33, 43, 45, 70, 5, 37, 42, 49, 75, 25, 63, 66, 72, 40, 50, 57, 58, 60, 67
26
26, 47, 3, 41, 55, 71, 1, 13, 12, 7, 16, 27, 19, 24, 18, 28, 48, 52, 8, 21, 74, 32, 73, 76, 38, 39, 54, 65, 69, 34, 64, 9, 11, 53, 36, 68, 2, 20, 31, 46, 6, 35, 17, 30, 29, 61, 0, 10, 44, 14, 77, 4, 15, 51, 59, 22, 56, 62, 23, 33, 43, 45, 70, 5, 37, 42, 49, 75, 25, 63, 66, 72, 40, 50, 57, 58, 60, 67
25
26, 47, 3, 41, 55, 71, 1, 13, 12, 7, 16, 27, 19, 24, 18, 28, 48, 52, 8, 21, 74, 32, 73, 76, 38, 39, 54, 65, 69, 34, 64, 9, 11, 53, 36, 68, 2, 20, 31, 46, 6, 35, 17, 30, 29, 61, 0, 10, 44, 14, 77, 4, 15, 51, 59, 22, 56, 62, 23, 33, 43, 45, 70, 5, 37, 42, 49, 75, 25, 63, 66, 72, 40, 50, 57, 58, 60, 67
24
26, 47, 3, 41, 55, 71, 1, 13, 16, 27, 19, 24, 18, 28, 48, 52, 8, 21, 74, 32, 73, 76, 38, 39, 54, 65, 69, 34, 64, 9, 53, 68, 2, 20, 66, 25, 15, 61, 31, 11, 12, 7, 36, 46, 6, 35, 17, 30, 29, 0, 10, 44, 14, 77, 4, 51, 59, 22, 56, 62, 23, 33, 43, 45, 70, 5, 37, 42, 49, 75, 63, 72, 40, 50, 57, 58, 60, 67
../benchmark_instances/2023result/docs/solver/benchmark/random_instance/random_instance006_graph004.col	78	234	24	1539087
	Command being timed: "timeout 1h java -Xms1024g -Xmx1024g -Xss134m -cp ../src/pathwidth.jar Pathwidth ../benchmark_instances/2023result/docs/solver/benchmark/random_instance/random_instance006_graph004.col"
	User time (seconds): 2304.32
	System time (seconds): 43.75
	Percent of CPU this job got: 152%
	Elapsed (wall clock) time (h:mm:ss or m:ss): 25:41.13
	Average shared text size (kbytes): 0
	Average unshared data size (kbytes): 0
	Average stack size (kbytes): 0
	Average total size (kbytes): 0
	Maximum resident set size (kbytes): 65511660
	Average resident set size (kbytes): 0
	Major (requiring I/O) page faults: 0
	Minor (reclaiming a frame) page faults: 493570
	Voluntary context switches: 91549
	Involuntary context switches: 4946
	Swaps: 0
	File system inputs: 8
	File system outputs: 5552
	Socket messages sent: 0
	Socket messages received: 0
	Signals delivered: 0
	Page size (bytes): 4096
	Exit status: 0
