../benchmark_instances/2023result/docs/solver/benchmark/random_instance/random_instance009_graph005.col
117
15, 75, 22, 71, 38, 78, 2, 7, 113, 33, 47, 45, 88, 19, 13, 36, 54, 109, 40, 14, 65, 70, 20, 102, 39, 89, 66, 85, 34, 31, 32, 50, 68, 111, 116, 44, 99, 17, 95, 35, 24, 29, 86, 4, 110, 59, 103, 25, 6, 64, 77, 96, 98, 0, 81, 1, 73, 10, 26, 18, 28, 106, 41, 52, 58, 112, 42, 11, 12, 51, 80, 27, 69, 37, 49, 30, 16, 84, 23, 101, 43, 55, 5, 76, 90, 8, 67, 92, 104, 60, 63, 72, 105, 115, 3, 94, 100, 114, 9, 108, 21, 57, 61, 53, 91, 97, 62, 79, 46, 82, 93, 107, 48, 56, 74, 83, 87
116
15, 75, 22, 71, 38, 78, 2, 7, 113, 33, 47, 45, 88, 19, 13, 36, 54, 109, 40, 14, 65, 70, 20, 102, 39, 89, 66, 85, 34, 31, 32, 50, 68, 111, 116, 44, 99, 17, 95, 35, 24, 29, 86, 4, 110, 59, 103, 25, 6, 64, 77, 96, 98, 0, 81, 1, 73, 10, 26, 18, 28, 106, 41, 52, 58, 112, 42, 11, 12, 51, 80, 27, 69, 37, 49, 30, 16, 84, 23, 101, 43, 55, 5, 76, 90, 8, 67, 92, 104, 60, 63, 72, 105, 115, 3, 94, 100, 114, 9, 108, 21, 57, 61, 53, 91, 97, 62, 79, 46, 82, 93, 107, 48, 56, 74, 83, 87
115
15, 75, 22, 71, 38, 78, 2, 7, 113, 33, 47, 45, 88, 19, 13, 36, 54, 109, 40, 14, 65, 70, 20, 102, 39, 89, 66, 85, 34, 31, 32, 50, 68, 111, 116, 44, 99, 17, 95, 35, 24, 29, 86, 4, 110, 59, 103, 25, 6, 64, 77, 96, 98, 0, 81, 1, 73, 10, 26, 18, 28, 106, 41, 52, 58, 112, 42, 11, 12, 51, 80, 27, 69, 37, 49, 30, 16, 84, 23, 101, 43, 55, 5, 76, 90, 8, 67, 92, 104, 60, 63, 72, 105, 115, 3, 94, 100, 114, 9, 108, 21, 57, 61, 53, 91, 97, 62, 79, 46, 82, 93, 107, 48, 56, 74, 83, 87
114
15, 75, 22, 71, 38, 78, 2, 7, 113, 33, 47, 45, 88, 19, 13, 36, 54, 109, 40, 14, 65, 70, 20, 102, 39, 89, 66, 85, 34, 31, 32, 50, 68, 111, 116, 44, 99, 17, 95, 35, 24, 29, 86, 4, 110, 59, 103, 25, 6, 64, 77, 96, 98, 0, 81, 1, 73, 10, 26, 18, 28, 106, 41, 52, 58, 112, 42, 11, 12, 51, 80, 27, 69, 37, 49, 30, 16, 84, 23, 101, 43, 55, 5, 76, 90, 8, 67, 92, 104, 60, 63, 72, 105, 115, 3, 94, 100, 114, 9, 108, 21, 57, 61, 53, 91, 97, 62, 79, 46, 82, 93, 107, 48, 56, 74, 83, 87
113
15, 75, 22, 71, 38, 78, 2, 7, 113, 33, 47, 45, 88, 19, 13, 36, 54, 109, 40, 14, 65, 70, 20, 102, 39, 89, 66, 85, 34, 31, 32, 50, 68, 111, 116, 44, 99, 17, 95, 35, 24, 29, 86, 4, 110, 59, 103, 25, 6, 64, 77, 96, 98, 0, 81, 1, 73, 10, 26, 18, 28, 106, 41, 52, 58, 112, 42, 11, 12, 51, 80, 27, 69, 37, 49, 30, 16, 84, 23, 101, 43, 55, 5, 76, 90, 8, 67, 92, 104, 60, 63, 72, 105, 115, 3, 94, 100, 114, 9, 108, 21, 57, 61, 53, 91, 97, 62, 79, 46, 82, 93, 107, 48, 56, 74, 83, 87
112
15, 75, 22, 71, 38, 78, 2, 7, 113, 33, 47, 45, 88, 19, 13, 36, 54, 109, 40, 14, 65, 70, 20, 102, 39, 89, 66, 85, 34, 31, 32, 50, 68, 111, 116, 44, 99, 17, 95, 35, 24, 29, 86, 4, 110, 59, 103, 25, 6, 64, 77, 96, 98, 0, 81, 1, 73, 10, 26, 18, 28, 106, 41, 52, 58, 112, 42, 11, 12, 51, 80, 27, 69, 37, 49, 30, 16, 84, 23, 101, 43, 55, 5, 76, 90, 8, 67, 92, 104, 60, 63, 72, 105, 115, 3, 94, 100, 114, 9, 108, 21, 57, 61, 53, 91, 97, 62, 79, 46, 82, 93, 107, 48, 56, 74, 83, 87
111
15, 75, 22, 71, 38, 78, 2, 7, 113, 33, 47, 45, 88, 19, 13, 36, 54, 109, 40, 14, 65, 70, 20, 102, 39, 89, 66, 85, 34, 31, 32, 50, 68, 111, 116, 44, 99, 17, 95, 35, 24, 29, 86, 4, 110, 59, 103, 25, 6, 64, 77, 96, 98, 0, 81, 1, 73, 10, 26, 18, 28, 106, 41, 52, 58, 112, 42, 11, 12, 51, 80, 27, 69, 37, 49, 30, 16, 84, 23, 101, 43, 55, 5, 76, 90, 8, 67, 92, 104, 60, 63, 72, 105, 115, 3, 94, 100, 114, 9, 108, 21, 57, 61, 53, 91, 97, 62, 79, 46, 82, 93, 107, 48, 56, 74, 83, 87
110
15, 75, 22, 71, 38, 78, 2, 7, 113, 33, 47, 45, 88, 19, 13, 36, 54, 109, 40, 14, 65, 70, 20, 102, 39, 89, 66, 85, 34, 31, 32, 50, 68, 111, 116, 44, 99, 17, 95, 35, 24, 29, 86, 4, 110, 59, 103, 25, 6, 64, 77, 96, 98, 0, 81, 1, 73, 10, 26, 18, 28, 106, 41, 52, 58, 112, 42, 11, 12, 51, 80, 27, 69, 37, 49, 30, 16, 84, 23, 101, 43, 55, 5, 76, 90, 8, 67, 92, 104, 60, 63, 72, 105, 115, 3, 94, 100, 114, 9, 108, 21, 57, 61, 53, 91, 97, 62, 79, 46, 82, 93, 107, 48, 56, 74, 83, 87
109
15, 75, 22, 71, 38, 78, 2, 7, 113, 33, 47, 45, 88, 19, 13, 36, 54, 109, 40, 14, 65, 70, 20, 102, 39, 89, 66, 85, 34, 31, 32, 50, 68, 111, 116, 44, 99, 17, 95, 35, 24, 29, 86, 4, 110, 59, 103, 25, 6, 64, 77, 96, 98, 0, 81, 1, 73, 10, 26, 18, 28, 106, 41, 52, 58, 112, 42, 11, 12, 51, 80, 27, 69, 37, 49, 30, 16, 84, 23, 101, 43, 55, 5, 76, 90, 8, 67, 92, 104, 60, 63, 72, 105, 115, 3, 94, 100, 114, 9, 108, 21, 57, 61, 53, 91, 97, 62, 79, 46, 82, 93, 107, 48, 56, 74, 83, 87
108
15, 75, 22, 71, 38, 78, 2, 7, 113, 33, 47, 45, 88, 19, 13, 36, 54, 109, 40, 14, 65, 70, 20, 102, 39, 89, 66, 85, 34, 31, 32, 50, 68, 111, 116, 44, 99, 17, 95, 35, 24, 29, 86, 4, 110, 59, 103, 25, 6, 64, 77, 96, 98, 0, 81, 1, 73, 10, 26, 18, 28, 106, 41, 52, 58, 112, 42, 11, 12, 51, 80, 27, 69, 37, 49, 30, 16, 84, 23, 101, 43, 55, 5, 76, 90, 8, 67, 92, 104, 60, 63, 72, 105, 115, 3, 94, 100, 114, 9, 108, 21, 57, 61, 53, 91, 97, 62, 79, 46, 82, 93, 107, 48, 56, 74, 83, 87
107
15, 75, 22, 71, 38, 78, 2, 7, 113, 33, 47, 45, 88, 19, 13, 36, 54, 109, 40, 14, 65, 70, 20, 102, 39, 89, 66, 85, 34, 31, 32, 50, 68, 111, 116, 44, 99, 17, 95, 35, 24, 29, 86, 4, 110, 59, 103, 25, 6, 64, 77, 96, 98, 0, 81, 1, 73, 10, 26, 18, 28, 106, 41, 52, 58, 112, 42, 11, 12, 51, 80, 27, 69, 37, 49, 30, 16, 84, 23, 101, 43, 55, 5, 76, 90, 8, 67, 92, 104, 60, 63, 72, 105, 115, 3, 94, 100, 114, 9, 108, 21, 57, 61, 53, 91, 97, 62, 79, 46, 82, 93, 107, 48, 56, 74, 83, 87
106
15, 75, 22, 71, 38, 78, 2, 7, 113, 33, 47, 45, 88, 19, 13, 36, 54, 109, 40, 14, 65, 70, 20, 102, 39, 89, 66, 85, 34, 31, 32, 50, 68, 111, 116, 44, 99, 17, 95, 35, 24, 29, 86, 4, 110, 59, 103, 25, 6, 64, 77, 96, 98, 0, 81, 1, 73, 10, 26, 18, 28, 106, 41, 52, 58, 112, 42, 11, 12, 51, 80, 27, 69, 37, 49, 30, 16, 84, 23, 101, 43, 55, 5, 76, 90, 8, 67, 92, 104, 60, 63, 72, 105, 115, 3, 94, 100, 114, 9, 108, 21, 57, 61, 53, 91, 97, 62, 79, 46, 82, 93, 107, 48, 56, 74, 83, 87
105
15, 75, 22, 71, 38, 78, 2, 7, 113, 33, 47, 45, 88, 19, 13, 36, 54, 109, 40, 14, 65, 70, 20, 102, 39, 89, 66, 85, 34, 31, 32, 50, 68, 111, 116, 44, 99, 17, 95, 35, 24, 29, 86, 4, 110, 59, 103, 25, 6, 64, 77, 96, 98, 0, 81, 1, 73, 10, 26, 18, 28, 106, 41, 52, 58, 112, 42, 11, 12, 51, 80, 27, 69, 37, 49, 30, 16, 84, 23, 101, 43, 55, 5, 76, 90, 8, 67, 92, 104, 60, 63, 72, 105, 115, 3, 94, 100, 114, 9, 108, 21, 57, 61, 53, 91, 97, 62, 79, 46, 82, 93, 107, 48, 56, 74, 83, 87
104
15, 75, 22, 71, 38, 78, 2, 7, 113, 33, 47, 45, 88, 19, 13, 36, 54, 109, 40, 14, 65, 70, 20, 102, 39, 89, 66, 85, 34, 31, 32, 50, 68, 111, 116, 44, 99, 17, 95, 35, 24, 29, 86, 4, 110, 59, 103, 25, 6, 64, 77, 96, 98, 0, 81, 1, 73, 10, 26, 18, 28, 106, 41, 52, 58, 112, 42, 11, 12, 51, 80, 27, 69, 37, 49, 30, 16, 84, 23, 101, 43, 55, 5, 76, 90, 8, 67, 92, 104, 60, 63, 72, 105, 115, 3, 94, 100, 114, 9, 108, 21, 57, 61, 53, 91, 97, 62, 79, 46, 82, 93, 107, 48, 56, 74, 83, 87
103
15, 75, 22, 71, 38, 78, 2, 7, 113, 33, 47, 45, 88, 19, 13, 36, 54, 109, 40, 14, 65, 70, 20, 102, 39, 89, 66, 85, 34, 31, 32, 50, 68, 111, 116, 44, 99, 17, 95, 35, 24, 29, 86, 4, 110, 59, 103, 25, 6, 64, 77, 96, 98, 0, 81, 1, 73, 10, 26, 18, 28, 106, 41, 52, 58, 112, 42, 11, 12, 51, 80, 27, 69, 37, 49, 30, 16, 84, 23, 101, 43, 55, 5, 76, 90, 8, 67, 92, 104, 60, 63, 72, 105, 115, 3, 94, 100, 114, 9, 108, 21, 57, 61, 53, 91, 97, 62, 79, 46, 82, 93, 107, 48, 56, 74, 83, 87
102
15, 75, 22, 71, 38, 78, 2, 7, 113, 33, 47, 45, 88, 19, 13, 36, 54, 109, 40, 14, 65, 70, 20, 102, 39, 89, 66, 85, 34, 31, 32, 50, 68, 111, 116, 44, 99, 17, 95, 35, 24, 29, 86, 4, 110, 59, 103, 25, 6, 64, 77, 96, 98, 0, 81, 1, 73, 10, 26, 18, 28, 106, 41, 52, 58, 112, 42, 11, 12, 51, 80, 27, 69, 37, 49, 30, 16, 84, 23, 101, 43, 55, 5, 76, 90, 8, 67, 92, 104, 60, 63, 72, 105, 115, 3, 94, 100, 114, 9, 108, 21, 57, 61, 53, 91, 97, 62, 79, 46, 82, 93, 107, 48, 56, 74, 83, 87
101
15, 75, 22, 71, 38, 78, 2, 7, 113, 33, 47, 45, 88, 19, 13, 36, 54, 109, 40, 14, 65, 70, 20, 102, 39, 89, 66, 85, 34, 31, 32, 50, 68, 111, 116, 44, 99, 17, 95, 35, 24, 29, 86, 4, 110, 59, 103, 25, 6, 64, 77, 96, 98, 0, 81, 1, 73, 10, 26, 18, 28, 106, 41, 52, 58, 112, 42, 11, 12, 51, 80, 27, 69, 37, 49, 30, 16, 84, 23, 101, 43, 55, 5, 76, 90, 8, 67, 92, 104, 60, 63, 72, 105, 115, 3, 94, 100, 114, 9, 108, 21, 57, 61, 53, 91, 97, 62, 79, 46, 82, 93, 107, 48, 56, 74, 83, 87
100
15, 75, 22, 71, 38, 78, 2, 7, 113, 33, 47, 45, 88, 19, 13, 36, 54, 109, 40, 14, 65, 70, 20, 102, 39, 89, 66, 85, 34, 31, 32, 50, 68, 111, 116, 44, 99, 17, 95, 35, 24, 29, 86, 4, 110, 59, 103, 25, 6, 64, 77, 96, 98, 0, 81, 1, 73, 10, 26, 18, 28, 106, 41, 52, 58, 112, 42, 11, 12, 51, 80, 27, 69, 37, 49, 30, 16, 84, 23, 101, 43, 55, 5, 76, 90, 8, 67, 92, 104, 60, 63, 72, 105, 115, 3, 94, 100, 114, 9, 108, 21, 57, 61, 53, 91, 97, 62, 79, 46, 82, 93, 107, 48, 56, 74, 83, 87
99
15, 75, 22, 71, 38, 78, 2, 7, 113, 33, 47, 45, 88, 19, 13, 36, 54, 109, 40, 14, 65, 70, 20, 102, 39, 89, 66, 85, 34, 31, 32, 50, 68, 111, 116, 44, 99, 17, 95, 35, 24, 29, 86, 4, 110, 59, 103, 25, 6, 64, 77, 96, 98, 0, 81, 1, 73, 10, 26, 18, 28, 106, 41, 52, 58, 112, 42, 11, 12, 51, 80, 27, 69, 37, 49, 30, 16, 84, 23, 101, 43, 55, 5, 76, 90, 8, 67, 92, 104, 60, 63, 72, 105, 115, 3, 94, 100, 114, 9, 108, 21, 57, 61, 53, 91, 97, 62, 79, 46, 82, 93, 107, 48, 56, 74, 83, 87
98
15, 75, 22, 71, 38, 78, 2, 7, 113, 33, 47, 45, 88, 19, 13, 36, 54, 109, 40, 14, 65, 70, 20, 102, 39, 89, 66, 85, 34, 31, 32, 50, 68, 111, 116, 44, 99, 17, 95, 35, 24, 29, 86, 4, 110, 59, 103, 25, 6, 64, 77, 96, 98, 0, 81, 1, 73, 10, 26, 18, 28, 106, 41, 52, 58, 112, 42, 11, 12, 51, 80, 27, 69, 37, 49, 30, 16, 84, 23, 101, 43, 55, 5, 76, 90, 8, 67, 92, 104, 60, 63, 72, 105, 115, 3, 94, 100, 114, 9, 108, 21, 57, 61, 53, 91, 97, 62, 79, 46, 82, 93, 107, 48, 56, 74, 83, 87
97
15, 75, 22, 71, 38, 78, 2, 7, 113, 33, 47, 45, 88, 19, 13, 36, 54, 109, 40, 14, 65, 70, 20, 102, 39, 89, 66, 85, 34, 31, 32, 50, 68, 111, 116, 44, 99, 17, 95, 35, 24, 29, 86, 4, 110, 59, 103, 25, 6, 64, 77, 96, 98, 0, 81, 1, 73, 10, 26, 18, 28, 106, 41, 52, 58, 112, 42, 11, 12, 51, 80, 27, 69, 37, 49, 30, 16, 84, 23, 101, 43, 55, 5, 76, 90, 8, 67, 92, 104, 60, 63, 72, 105, 115, 3, 94, 100, 114, 9, 108, 21, 57, 61, 53, 91, 97, 62, 79, 46, 82, 93, 107, 48, 56, 74, 83, 87
96
15, 75, 22, 71, 38, 78, 2, 7, 113, 33, 47, 45, 88, 19, 13, 36, 54, 109, 40, 14, 65, 70, 20, 102, 39, 89, 66, 85, 34, 31, 32, 50, 68, 111, 116, 44, 99, 17, 95, 35, 24, 29, 86, 4, 110, 59, 103, 25, 6, 64, 77, 96, 98, 0, 81, 1, 73, 10, 26, 18, 28, 106, 41, 52, 58, 112, 42, 11, 12, 51, 80, 27, 69, 37, 49, 30, 16, 84, 23, 101, 43, 55, 5, 76, 90, 8, 67, 92, 104, 60, 63, 72, 105, 115, 3, 94, 100, 114, 9, 108, 21, 57, 61, 53, 91, 97, 62, 79, 46, 82, 93, 107, 48, 56, 74, 83, 87
95
15, 75, 22, 71, 38, 78, 2, 7, 113, 33, 47, 45, 88, 19, 13, 36, 54, 109, 40, 14, 65, 70, 20, 102, 39, 89, 66, 85, 34, 31, 32, 50, 68, 111, 116, 44, 99, 17, 95, 35, 24, 29, 86, 4, 110, 59, 103, 25, 6, 64, 77, 96, 98, 0, 81, 1, 73, 10, 26, 18, 28, 106, 41, 52, 58, 112, 42, 11, 12, 51, 80, 27, 69, 37, 49, 30, 16, 84, 23, 101, 43, 55, 5, 76, 90, 8, 67, 92, 104, 60, 63, 72, 105, 115, 3, 94, 100, 114, 9, 108, 21, 57, 61, 53, 91, 97, 62, 79, 46, 82, 93, 107, 48, 56, 74, 83, 87
94
15, 75, 22, 71, 38, 78, 2, 7, 113, 33, 47, 45, 88, 19, 13, 36, 54, 109, 40, 14, 65, 70, 20, 102, 39, 89, 66, 85, 34, 31, 32, 50, 68, 111, 116, 44, 99, 17, 95, 35, 24, 29, 86, 4, 110, 59, 103, 25, 6, 64, 77, 96, 98, 0, 81, 1, 73, 10, 26, 18, 28, 106, 41, 52, 58, 112, 42, 11, 12, 51, 80, 27, 69, 37, 49, 30, 16, 84, 23, 101, 43, 55, 5, 76, 90, 8, 67, 92, 104, 60, 63, 72, 105, 115, 3, 94, 100, 114, 9, 108, 21, 57, 61, 53, 91, 97, 62, 79, 46, 82, 93, 107, 48, 56, 74, 83, 87
93
15, 75, 22, 71, 38, 78, 2, 7, 113, 33, 47, 45, 88, 19, 13, 36, 54, 109, 40, 14, 65, 70, 20, 102, 39, 89, 66, 85, 34, 31, 32, 50, 68, 111, 116, 44, 99, 17, 95, 35, 24, 29, 86, 4, 110, 59, 103, 25, 6, 64, 77, 96, 98, 0, 81, 1, 73, 10, 26, 18, 28, 106, 41, 52, 58, 112, 42, 11, 12, 51, 80, 27, 69, 37, 49, 30, 16, 84, 23, 101, 43, 55, 5, 76, 90, 8, 67, 92, 104, 60, 63, 72, 105, 115, 3, 94, 100, 114, 9, 108, 21, 57, 61, 53, 91, 97, 62, 79, 46, 82, 93, 107, 48, 56, 74, 83, 87
92
15, 75, 22, 71, 38, 78, 2, 7, 113, 33, 47, 45, 88, 19, 13, 36, 54, 109, 40, 14, 65, 70, 20, 102, 39, 89, 66, 85, 34, 31, 32, 50, 68, 111, 116, 44, 99, 17, 95, 35, 24, 29, 86, 4, 110, 59, 103, 25, 6, 64, 77, 96, 98, 0, 81, 1, 73, 10, 26, 18, 28, 106, 41, 52, 58, 112, 42, 11, 12, 51, 80, 27, 69, 37, 49, 30, 16, 84, 23, 101, 43, 55, 5, 76, 90, 8, 67, 92, 104, 60, 63, 72, 105, 115, 3, 94, 100, 114, 9, 108, 21, 57, 61, 53, 91, 97, 62, 79, 46, 82, 93, 107, 48, 56, 74, 83, 87
91
15, 75, 22, 71, 38, 78, 2, 7, 113, 33, 47, 45, 88, 19, 13, 36, 54, 109, 40, 14, 65, 70, 20, 102, 39, 89, 66, 85, 34, 31, 32, 50, 68, 111, 116, 44, 99, 17, 95, 35, 24, 29, 86, 4, 110, 59, 103, 25, 6, 64, 77, 96, 98, 0, 81, 1, 73, 10, 26, 18, 28, 106, 41, 52, 58, 112, 42, 11, 12, 51, 80, 27, 69, 37, 49, 30, 16, 84, 23, 101, 43, 55, 5, 76, 90, 8, 67, 92, 104, 60, 63, 72, 105, 115, 3, 94, 100, 114, 9, 108, 21, 57, 61, 53, 91, 97, 62, 79, 46, 82, 93, 107, 48, 56, 74, 83, 87
90
15, 75, 22, 71, 38, 78, 2, 7, 113, 33, 47, 45, 88, 19, 13, 36, 54, 109, 40, 14, 65, 70, 20, 102, 39, 89, 66, 85, 34, 31, 32, 50, 68, 111, 116, 44, 99, 17, 95, 35, 24, 29, 86, 4, 110, 59, 103, 25, 6, 64, 77, 96, 98, 0, 81, 1, 73, 10, 26, 18, 28, 106, 41, 52, 58, 112, 42, 11, 12, 51, 80, 27, 69, 37, 49, 30, 16, 84, 23, 101, 43, 55, 5, 76, 90, 8, 67, 92, 104, 60, 63, 72, 105, 115, 3, 94, 100, 114, 9, 108, 21, 57, 61, 53, 91, 97, 62, 79, 46, 82, 93, 107, 48, 56, 74, 83, 87
89
15, 75, 22, 71, 38, 78, 2, 7, 113, 33, 47, 45, 88, 19, 13, 36, 54, 109, 40, 14, 65, 70, 20, 102, 39, 89, 66, 85, 34, 31, 32, 50, 68, 111, 116, 44, 99, 17, 95, 35, 24, 29, 86, 4, 110, 59, 103, 25, 6, 64, 77, 96, 98, 0, 81, 1, 73, 10, 26, 18, 28, 106, 41, 52, 58, 112, 42, 11, 12, 51, 80, 27, 69, 37, 49, 30, 16, 84, 23, 101, 43, 55, 5, 76, 90, 8, 67, 92, 104, 60, 63, 72, 105, 115, 3, 94, 100, 114, 9, 108, 21, 57, 61, 53, 91, 97, 62, 79, 46, 82, 93, 107, 48, 56, 74, 83, 87
88
15, 75, 22, 71, 38, 78, 2, 7, 113, 33, 47, 45, 88, 19, 13, 36, 54, 109, 40, 14, 65, 70, 20, 102, 39, 89, 66, 85, 34, 31, 32, 50, 68, 111, 116, 44, 99, 17, 95, 35, 24, 29, 86, 4, 110, 59, 103, 25, 6, 64, 77, 96, 98, 0, 81, 1, 73, 10, 26, 18, 28, 106, 41, 52, 58, 112, 42, 11, 12, 51, 80, 27, 69, 37, 49, 30, 16, 84, 23, 101, 43, 55, 5, 76, 90, 8, 67, 92, 104, 60, 63, 72, 105, 115, 3, 94, 100, 114, 9, 108, 21, 57, 61, 53, 91, 97, 62, 79, 46, 82, 93, 107, 48, 56, 74, 83, 87
87
15, 75, 22, 71, 38, 78, 2, 7, 113, 33, 47, 45, 88, 19, 13, 36, 54, 109, 40, 14, 65, 70, 20, 102, 39, 89, 66, 85, 34, 31, 32, 50, 68, 111, 116, 44, 99, 17, 95, 35, 24, 29, 86, 4, 110, 59, 103, 25, 6, 64, 77, 96, 98, 0, 81, 1, 73, 10, 26, 18, 28, 106, 41, 52, 58, 112, 42, 11, 12, 51, 80, 27, 69, 37, 49, 30, 16, 84, 23, 101, 43, 55, 5, 76, 90, 8, 67, 92, 104, 60, 63, 72, 105, 115, 3, 94, 100, 114, 9, 108, 21, 57, 61, 53, 91, 97, 62, 79, 46, 82, 93, 107, 48, 56, 74, 83, 87
86
15, 75, 22, 71, 38, 78, 2, 7, 113, 33, 47, 45, 88, 19, 13, 36, 54, 109, 40, 14, 65, 70, 20, 102, 39, 89, 66, 85, 34, 31, 32, 50, 68, 111, 116, 44, 99, 17, 95, 35, 24, 29, 86, 4, 110, 59, 103, 25, 6, 64, 77, 96, 98, 0, 81, 1, 73, 10, 26, 18, 28, 106, 41, 52, 58, 112, 42, 11, 12, 51, 80, 27, 69, 37, 49, 30, 16, 84, 23, 101, 43, 55, 5, 76, 90, 8, 67, 92, 104, 60, 63, 72, 105, 115, 3, 94, 100, 114, 9, 108, 21, 57, 61, 53, 91, 97, 62, 79, 46, 82, 93, 107, 48, 56, 74, 83, 87
85
15, 75, 22, 71, 38, 78, 2, 7, 113, 33, 47, 45, 88, 19, 13, 36, 54, 109, 40, 14, 65, 70, 20, 102, 39, 89, 66, 85, 34, 31, 32, 50, 68, 111, 116, 44, 99, 17, 95, 35, 24, 29, 86, 4, 110, 59, 103, 25, 6, 64, 77, 96, 98, 0, 81, 1, 73, 10, 26, 18, 28, 106, 41, 52, 58, 112, 42, 11, 12, 51, 80, 27, 69, 37, 49, 30, 16, 84, 23, 101, 43, 55, 5, 76, 90, 8, 67, 92, 104, 60, 63, 72, 105, 115, 3, 94, 100, 114, 9, 108, 21, 57, 61, 53, 91, 97, 62, 79, 46, 82, 93, 107, 48, 56, 74, 83, 87
84
15, 75, 22, 71, 38, 78, 2, 7, 113, 33, 47, 45, 88, 19, 13, 36, 54, 109, 40, 14, 65, 70, 20, 102, 39, 89, 66, 85, 34, 31, 32, 50, 68, 111, 116, 44, 99, 17, 95, 35, 24, 29, 86, 4, 110, 59, 103, 25, 6, 64, 77, 96, 98, 0, 81, 1, 73, 10, 26, 18, 28, 106, 41, 52, 58, 112, 42, 11, 12, 51, 80, 27, 69, 37, 49, 30, 16, 84, 23, 101, 43, 55, 5, 76, 90, 8, 67, 92, 104, 60, 63, 72, 105, 115, 3, 94, 100, 114, 9, 108, 21, 57, 61, 53, 91, 97, 62, 79, 46, 82, 93, 107, 48, 56, 74, 83, 87
83
15, 75, 22, 71, 38, 78, 2, 7, 113, 33, 47, 45, 88, 19, 13, 36, 54, 109, 40, 14, 65, 70, 20, 102, 39, 89, 66, 85, 34, 31, 32, 50, 68, 111, 116, 44, 99, 17, 95, 35, 24, 29, 86, 4, 110, 59, 103, 25, 6, 64, 77, 96, 98, 0, 81, 1, 73, 10, 26, 18, 28, 106, 41, 52, 58, 112, 42, 11, 12, 51, 80, 27, 69, 37, 49, 30, 16, 84, 23, 101, 43, 55, 5, 76, 90, 8, 67, 92, 104, 60, 63, 72, 105, 115, 3, 94, 100, 114, 9, 108, 21, 57, 61, 53, 91, 97, 62, 79, 46, 82, 93, 107, 48, 56, 74, 83, 87
82
15, 75, 22, 71, 38, 78, 2, 7, 113, 33, 47, 45, 88, 19, 13, 36, 54, 109, 40, 14, 65, 70, 20, 102, 39, 89, 66, 85, 34, 31, 32, 50, 68, 111, 116, 44, 99, 17, 95, 35, 24, 29, 86, 4, 110, 59, 103, 25, 6, 64, 77, 96, 98, 0, 81, 1, 73, 10, 26, 18, 28, 106, 41, 52, 58, 112, 42, 11, 12, 51, 80, 27, 69, 37, 49, 30, 16, 84, 23, 101, 43, 55, 5, 76, 90, 8, 67, 92, 104, 60, 63, 72, 105, 115, 3, 94, 100, 114, 9, 108, 21, 57, 61, 53, 91, 97, 62, 79, 46, 82, 93, 107, 48, 56, 74, 83, 87
81
15, 75, 22, 71, 38, 78, 2, 7, 113, 33, 47, 45, 88, 19, 13, 36, 54, 109, 40, 14, 65, 70, 20, 102, 39, 89, 66, 85, 34, 31, 32, 50, 68, 111, 116, 44, 99, 17, 95, 35, 24, 29, 86, 4, 110, 59, 103, 25, 6, 64, 77, 96, 98, 0, 81, 1, 73, 10, 26, 18, 28, 106, 41, 52, 58, 112, 42, 11, 12, 51, 80, 27, 69, 37, 49, 30, 16, 84, 23, 101, 43, 55, 5, 76, 90, 8, 67, 92, 104, 60, 63, 72, 105, 115, 3, 94, 100, 114, 9, 108, 21, 57, 61, 53, 91, 97, 62, 79, 46, 82, 93, 107, 48, 56, 74, 83, 87
80
15, 75, 22, 71, 38, 78, 2, 7, 113, 33, 47, 45, 88, 19, 13, 36, 54, 109, 40, 14, 65, 70, 20, 102, 39, 89, 66, 85, 34, 31, 32, 50, 68, 111, 116, 44, 99, 17, 95, 35, 24, 29, 86, 4, 110, 59, 103, 25, 6, 64, 77, 96, 98, 0, 81, 1, 73, 10, 26, 18, 28, 106, 41, 52, 58, 112, 42, 11, 12, 51, 80, 27, 69, 37, 49, 30, 16, 84, 23, 101, 43, 55, 5, 76, 90, 8, 67, 92, 104, 60, 63, 72, 105, 115, 3, 94, 100, 114, 9, 108, 21, 57, 61, 53, 91, 97, 62, 79, 46, 82, 93, 107, 48, 56, 74, 83, 87
79
15, 75, 22, 71, 38, 78, 2, 7, 113, 33, 47, 45, 88, 19, 13, 36, 54, 109, 40, 14, 65, 70, 20, 102, 39, 89, 66, 85, 34, 31, 32, 50, 68, 111, 116, 44, 99, 17, 95, 35, 24, 29, 86, 4, 110, 59, 103, 25, 6, 64, 77, 96, 98, 0, 81, 1, 73, 10, 26, 18, 28, 106, 41, 52, 58, 112, 42, 11, 12, 51, 80, 27, 69, 37, 49, 30, 16, 84, 23, 101, 43, 55, 5, 76, 90, 8, 67, 92, 104, 60, 63, 72, 105, 115, 3, 94, 100, 114, 9, 108, 21, 57, 61, 53, 91, 97, 62, 79, 46, 82, 93, 107, 48, 56, 74, 83, 87
78
15, 75, 22, 71, 38, 78, 2, 7, 113, 33, 47, 45, 88, 19, 13, 36, 54, 109, 40, 14, 65, 70, 20, 102, 39, 89, 66, 85, 34, 31, 32, 50, 68, 111, 116, 44, 99, 17, 95, 35, 24, 29, 86, 4, 110, 59, 103, 25, 6, 64, 77, 96, 98, 0, 81, 1, 73, 10, 26, 18, 28, 106, 41, 52, 58, 112, 42, 11, 12, 51, 80, 27, 69, 37, 49, 30, 16, 84, 23, 101, 43, 55, 5, 76, 90, 8, 67, 92, 104, 60, 63, 72, 105, 115, 3, 94, 100, 114, 9, 108, 21, 57, 61, 53, 91, 97, 62, 79, 46, 82, 93, 107, 48, 56, 74, 83, 87
77
15, 75, 22, 71, 38, 78, 2, 7, 113, 33, 47, 45, 88, 19, 13, 36, 54, 109, 40, 14, 65, 70, 20, 102, 39, 89, 66, 85, 34, 31, 32, 50, 68, 111, 116, 44, 99, 17, 95, 35, 24, 29, 86, 4, 110, 59, 103, 25, 6, 64, 77, 96, 98, 0, 81, 1, 73, 10, 26, 18, 28, 106, 41, 52, 58, 112, 42, 11, 12, 51, 80, 27, 69, 37, 49, 30, 16, 84, 23, 101, 43, 55, 5, 76, 90, 8, 67, 92, 104, 60, 63, 72, 105, 115, 3, 94, 100, 114, 9, 108, 21, 57, 61, 53, 91, 97, 62, 79, 46, 82, 93, 107, 48, 56, 74, 83, 87
76
15, 75, 22, 71, 38, 78, 2, 7, 113, 33, 47, 45, 88, 19, 13, 36, 54, 109, 40, 14, 65, 70, 20, 102, 39, 89, 66, 85, 34, 31, 32, 50, 68, 111, 116, 44, 99, 17, 95, 35, 24, 29, 86, 4, 110, 59, 103, 25, 6, 64, 77, 96, 98, 0, 81, 1, 73, 10, 26, 18, 28, 106, 41, 52, 58, 112, 42, 11, 12, 51, 80, 27, 69, 37, 49, 30, 16, 84, 23, 101, 43, 55, 5, 76, 90, 8, 67, 92, 104, 60, 63, 72, 105, 115, 3, 94, 100, 114, 9, 108, 21, 57, 61, 53, 91, 97, 62, 79, 46, 82, 93, 107, 48, 56, 74, 83, 87
75
15, 75, 22, 71, 38, 78, 2, 7, 113, 33, 47, 45, 88, 19, 13, 36, 54, 109, 40, 14, 65, 70, 20, 102, 39, 89, 66, 85, 34, 31, 32, 50, 68, 111, 116, 44, 99, 17, 95, 35, 24, 29, 86, 4, 110, 59, 103, 25, 6, 64, 77, 96, 98, 0, 81, 1, 73, 10, 26, 18, 28, 106, 41, 52, 58, 112, 42, 11, 12, 51, 80, 27, 69, 37, 49, 30, 16, 84, 23, 101, 43, 55, 5, 76, 90, 8, 67, 92, 104, 60, 63, 72, 105, 115, 3, 94, 100, 114, 9, 108, 21, 57, 61, 53, 91, 97, 62, 79, 46, 82, 93, 107, 48, 56, 74, 83, 87
74
15, 75, 22, 71, 38, 78, 2, 7, 113, 33, 47, 45, 88, 19, 13, 36, 54, 109, 40, 14, 65, 70, 20, 102, 39, 89, 66, 85, 34, 31, 32, 50, 68, 111, 116, 44, 99, 17, 95, 35, 24, 29, 86, 4, 110, 59, 103, 25, 6, 64, 77, 96, 98, 0, 81, 1, 73, 10, 26, 18, 28, 106, 41, 52, 58, 112, 42, 11, 12, 51, 80, 27, 69, 37, 49, 30, 16, 84, 23, 101, 43, 55, 5, 76, 90, 8, 67, 92, 104, 60, 63, 72, 105, 115, 3, 94, 100, 114, 9, 108, 21, 57, 61, 53, 91, 97, 62, 79, 46, 82, 93, 107, 48, 56, 74, 83, 87
73
15, 75, 22, 71, 38, 78, 2, 7, 113, 33, 47, 45, 88, 19, 13, 36, 54, 109, 40, 14, 65, 70, 20, 102, 39, 89, 66, 85, 34, 31, 32, 50, 68, 111, 116, 44, 99, 17, 95, 35, 24, 29, 86, 4, 110, 59, 103, 25, 6, 64, 77, 96, 98, 0, 81, 1, 73, 10, 26, 18, 28, 106, 41, 52, 58, 112, 42, 11, 12, 51, 80, 27, 69, 37, 49, 30, 16, 84, 23, 101, 43, 55, 5, 76, 90, 8, 67, 92, 104, 60, 63, 72, 105, 115, 3, 94, 100, 114, 9, 108, 21, 57, 61, 53, 91, 97, 62, 79, 46, 82, 93, 107, 48, 56, 74, 83, 87
72
15, 75, 22, 71, 38, 78, 2, 7, 113, 33, 47, 45, 88, 19, 13, 36, 54, 109, 40, 14, 65, 70, 20, 102, 39, 89, 66, 85, 34, 31, 32, 50, 68, 111, 116, 44, 99, 17, 95, 35, 24, 29, 86, 4, 110, 59, 103, 25, 6, 64, 77, 96, 98, 0, 81, 1, 73, 10, 26, 18, 28, 106, 41, 52, 58, 112, 42, 11, 12, 51, 80, 27, 69, 37, 49, 30, 16, 84, 23, 101, 43, 55, 5, 76, 90, 8, 67, 92, 104, 60, 63, 72, 105, 115, 3, 94, 100, 114, 9, 108, 21, 57, 61, 53, 91, 97, 62, 79, 46, 82, 93, 107, 48, 56, 74, 83, 87
71
15, 75, 22, 71, 38, 78, 2, 7, 113, 33, 47, 45, 88, 19, 13, 36, 54, 109, 40, 14, 65, 70, 20, 102, 39, 89, 66, 85, 34, 31, 32, 50, 68, 111, 116, 44, 99, 17, 95, 35, 24, 29, 86, 4, 110, 59, 103, 25, 6, 64, 77, 96, 98, 0, 81, 1, 73, 10, 26, 18, 28, 106, 41, 52, 58, 112, 42, 11, 12, 51, 80, 27, 69, 37, 49, 30, 16, 84, 23, 101, 43, 55, 5, 76, 90, 8, 67, 92, 104, 60, 63, 72, 105, 115, 3, 94, 100, 114, 9, 108, 21, 57, 61, 53, 91, 97, 62, 79, 46, 82, 93, 107, 48, 56, 74, 83, 87
70
15, 75, 22, 71, 38, 78, 2, 7, 113, 33, 47, 45, 88, 19, 13, 36, 54, 109, 40, 14, 65, 70, 20, 102, 39, 89, 66, 85, 34, 31, 32, 50, 68, 111, 116, 44, 99, 17, 95, 35, 24, 29, 86, 4, 110, 59, 103, 25, 6, 64, 77, 96, 98, 0, 81, 1, 73, 10, 26, 18, 28, 106, 41, 52, 58, 112, 42, 11, 12, 51, 80, 27, 69, 37, 49, 30, 16, 84, 23, 101, 43, 55, 5, 76, 90, 8, 67, 92, 104, 60, 63, 72, 105, 115, 3, 94, 100, 114, 9, 108, 21, 57, 61, 53, 91, 97, 62, 79, 46, 82, 93, 107, 48, 56, 74, 83, 87
69
15, 75, 22, 71, 38, 78, 2, 7, 113, 33, 47, 45, 88, 19, 13, 36, 54, 109, 40, 14, 65, 70, 20, 102, 39, 89, 66, 85, 34, 31, 32, 50, 68, 111, 116, 44, 99, 17, 95, 35, 24, 29, 86, 4, 110, 59, 103, 25, 6, 64, 77, 96, 98, 0, 81, 1, 73, 10, 26, 18, 28, 106, 41, 52, 58, 112, 42, 11, 12, 51, 80, 27, 69, 37, 49, 30, 16, 84, 23, 101, 43, 55, 5, 76, 90, 8, 67, 92, 104, 60, 63, 72, 105, 115, 3, 94, 100, 114, 9, 108, 21, 57, 61, 53, 91, 97, 62, 79, 46, 82, 93, 107, 48, 56, 74, 83, 87
68
15, 75, 22, 71, 38, 78, 2, 7, 113, 33, 47, 45, 88, 19, 13, 36, 54, 109, 40, 14, 65, 70, 20, 102, 39, 89, 66, 85, 34, 31, 32, 50, 68, 111, 116, 44, 99, 17, 95, 35, 24, 29, 86, 4, 110, 59, 103, 25, 6, 64, 77, 96, 98, 0, 81, 1, 73, 10, 26, 18, 28, 106, 41, 52, 58, 112, 42, 11, 12, 51, 80, 27, 69, 37, 49, 30, 16, 84, 23, 101, 43, 55, 5, 76, 90, 8, 67, 92, 104, 60, 63, 72, 105, 115, 3, 94, 100, 114, 9, 108, 21, 57, 61, 53, 91, 97, 62, 79, 46, 82, 93, 107, 48, 56, 74, 83, 87
67
15, 75, 22, 71, 38, 78, 2, 7, 113, 33, 47, 45, 88, 19, 13, 36, 54, 109, 40, 14, 65, 70, 20, 102, 39, 89, 66, 85, 34, 31, 32, 50, 68, 111, 116, 44, 99, 17, 95, 35, 24, 29, 86, 4, 110, 59, 103, 25, 6, 64, 77, 96, 98, 0, 81, 1, 73, 10, 26, 18, 28, 106, 41, 52, 58, 112, 42, 11, 12, 51, 80, 27, 69, 37, 49, 30, 16, 84, 23, 101, 43, 55, 5, 76, 90, 8, 67, 92, 104, 60, 63, 72, 105, 115, 3, 94, 100, 114, 9, 108, 21, 57, 61, 53, 91, 97, 62, 79, 46, 82, 93, 107, 48, 56, 74, 83, 87
66
15, 75, 22, 71, 38, 78, 2, 7, 113, 33, 47, 45, 88, 19, 13, 36, 54, 109, 40, 14, 65, 70, 20, 102, 39, 89, 66, 85, 34, 31, 32, 50, 68, 111, 116, 44, 99, 17, 95, 35, 24, 29, 86, 4, 110, 59, 103, 25, 6, 64, 77, 96, 98, 0, 81, 1, 73, 10, 26, 18, 28, 106, 41, 52, 58, 112, 42, 11, 12, 51, 80, 27, 69, 37, 49, 30, 16, 84, 23, 101, 43, 55, 5, 76, 90, 8, 67, 92, 104, 60, 63, 72, 105, 115, 3, 94, 100, 114, 9, 108, 21, 57, 61, 53, 91, 97, 62, 79, 46, 82, 93, 107, 48, 56, 74, 83, 87
65
15, 75, 22, 71, 38, 78, 2, 7, 113, 33, 47, 45, 88, 19, 13, 36, 54, 109, 40, 14, 65, 70, 20, 102, 39, 89, 66, 85, 34, 31, 32, 50, 68, 111, 116, 44, 99, 17, 95, 35, 24, 29, 86, 4, 110, 59, 103, 25, 6, 64, 77, 96, 98, 0, 81, 1, 73, 10, 26, 18, 28, 106, 41, 52, 58, 112, 42, 11, 12, 51, 80, 27, 69, 37, 49, 30, 16, 84, 23, 101, 43, 55, 5, 76, 90, 8, 67, 92, 104, 60, 63, 72, 105, 115, 3, 94, 100, 114, 9, 108, 21, 57, 61, 53, 91, 97, 62, 79, 46, 82, 93, 107, 48, 56, 74, 83, 87
64
15, 75, 22, 71, 38, 78, 2, 7, 113, 33, 47, 45, 88, 19, 13, 36, 54, 109, 40, 14, 65, 70, 20, 102, 39, 89, 66, 85, 34, 31, 32, 50, 68, 111, 116, 44, 99, 17, 95, 35, 24, 29, 86, 4, 110, 59, 103, 25, 6, 64, 77, 96, 98, 0, 81, 1, 73, 10, 26, 18, 28, 106, 41, 52, 58, 112, 42, 11, 12, 51, 80, 27, 69, 37, 49, 30, 16, 84, 23, 101, 43, 55, 5, 76, 90, 8, 67, 92, 104, 60, 63, 72, 105, 115, 3, 94, 100, 114, 9, 108, 21, 57, 61, 53, 91, 97, 62, 79, 46, 82, 93, 107, 48, 56, 74, 83, 87
63
15, 75, 22, 71, 38, 78, 2, 7, 113, 33, 47, 45, 88, 19, 13, 36, 54, 109, 40, 14, 65, 70, 20, 102, 39, 89, 66, 85, 34, 31, 32, 50, 68, 111, 116, 44, 99, 17, 95, 35, 24, 29, 86, 4, 110, 59, 103, 25, 6, 64, 77, 96, 98, 0, 81, 1, 73, 10, 26, 18, 28, 106, 41, 52, 58, 112, 42, 11, 12, 51, 80, 27, 69, 37, 49, 30, 16, 84, 23, 101, 43, 55, 5, 76, 90, 8, 67, 92, 104, 60, 63, 72, 105, 115, 3, 94, 100, 114, 9, 108, 21, 57, 61, 53, 91, 97, 62, 79, 46, 82, 93, 107, 48, 56, 74, 83, 87
62
15, 75, 22, 71, 38, 78, 2, 7, 113, 33, 47, 45, 88, 19, 13, 36, 54, 109, 40, 14, 65, 70, 20, 102, 39, 89, 66, 85, 34, 31, 32, 50, 68, 111, 116, 44, 99, 17, 95, 35, 24, 29, 86, 4, 110, 59, 103, 25, 6, 64, 77, 96, 98, 0, 81, 1, 73, 10, 26, 18, 28, 106, 41, 52, 58, 112, 42, 11, 12, 51, 80, 27, 69, 37, 49, 30, 16, 84, 23, 101, 43, 55, 5, 76, 90, 8, 67, 92, 104, 60, 63, 72, 105, 115, 3, 94, 100, 114, 9, 108, 21, 57, 61, 53, 91, 97, 62, 79, 46, 82, 93, 107, 48, 56, 74, 83, 87
61
15, 75, 22, 71, 38, 78, 2, 7, 113, 33, 47, 45, 88, 19, 13, 36, 54, 109, 40, 14, 65, 70, 20, 102, 39, 89, 66, 85, 34, 31, 32, 50, 68, 111, 116, 44, 99, 17, 95, 35, 24, 29, 86, 4, 110, 59, 103, 25, 6, 64, 77, 96, 98, 0, 81, 1, 73, 10, 26, 18, 28, 106, 41, 52, 58, 112, 42, 11, 12, 51, 80, 27, 69, 37, 49, 30, 16, 84, 23, 101, 43, 55, 5, 76, 90, 8, 67, 92, 104, 60, 63, 72, 105, 115, 3, 94, 100, 114, 9, 108, 21, 57, 61, 53, 91, 97, 62, 79, 46, 82, 93, 107, 48, 56, 74, 83, 87
60
15, 75, 22, 71, 38, 78, 2, 7, 113, 33, 47, 45, 88, 19, 13, 36, 54, 109, 40, 14, 65, 70, 20, 102, 39, 89, 66, 85, 34, 31, 32, 50, 68, 111, 116, 44, 99, 17, 95, 35, 24, 29, 86, 4, 110, 59, 103, 25, 6, 64, 77, 96, 98, 0, 81, 1, 73, 10, 26, 18, 28, 106, 41, 52, 58, 112, 42, 11, 12, 51, 80, 27, 69, 37, 49, 30, 16, 84, 23, 101, 43, 55, 5, 76, 90, 8, 67, 92, 104, 60, 63, 72, 105, 115, 3, 94, 100, 114, 9, 108, 21, 57, 61, 53, 91, 97, 62, 79, 46, 82, 93, 107, 48, 56, 74, 83, 87
59
15, 75, 22, 71, 38, 78, 2, 7, 113, 33, 47, 45, 88, 19, 13, 36, 54, 109, 40, 14, 65, 70, 20, 102, 39, 89, 66, 85, 34, 31, 32, 50, 68, 111, 116, 44, 99, 17, 95, 35, 24, 29, 86, 4, 110, 59, 103, 25, 6, 64, 77, 96, 98, 0, 81, 1, 73, 10, 26, 18, 28, 106, 41, 52, 58, 112, 42, 11, 12, 51, 80, 27, 69, 37, 49, 30, 16, 84, 23, 101, 43, 55, 5, 76, 90, 8, 67, 92, 104, 60, 63, 72, 105, 115, 3, 94, 100, 114, 9, 108, 21, 57, 61, 53, 91, 97, 62, 79, 46, 82, 93, 107, 48, 56, 74, 83, 87
58
15, 75, 22, 71, 38, 78, 2, 7, 113, 33, 47, 45, 88, 19, 13, 36, 54, 109, 40, 14, 65, 70, 20, 102, 39, 89, 66, 85, 34, 31, 32, 50, 68, 111, 116, 44, 99, 17, 95, 35, 24, 29, 86, 4, 110, 59, 103, 25, 6, 64, 77, 96, 98, 0, 81, 1, 73, 10, 26, 18, 28, 106, 41, 52, 58, 112, 42, 11, 12, 51, 80, 27, 69, 37, 49, 30, 16, 84, 23, 101, 43, 55, 5, 76, 90, 8, 67, 92, 104, 60, 63, 72, 105, 115, 3, 94, 100, 114, 9, 108, 21, 57, 61, 53, 91, 97, 62, 79, 46, 82, 93, 107, 48, 56, 74, 83, 87
57
15, 75, 22, 71, 38, 78, 2, 7, 113, 33, 47, 45, 88, 19, 13, 36, 54, 109, 40, 14, 65, 70, 20, 102, 39, 89, 66, 85, 34, 31, 32, 50, 68, 111, 116, 44, 99, 17, 95, 35, 24, 29, 86, 4, 110, 59, 103, 25, 6, 64, 77, 96, 98, 0, 81, 1, 73, 10, 26, 18, 28, 106, 41, 52, 58, 112, 42, 11, 12, 51, 80, 27, 69, 37, 49, 30, 16, 84, 23, 101, 43, 55, 5, 76, 90, 8, 67, 92, 104, 60, 63, 72, 105, 115, 3, 94, 100, 114, 9, 108, 21, 57, 61, 53, 91, 97, 62, 79, 46, 82, 93, 107, 48, 56, 74, 83, 87
56
15, 75, 22, 71, 38, 78, 2, 7, 113, 33, 47, 45, 88, 19, 13, 36, 54, 109, 40, 14, 65, 70, 20, 102, 39, 89, 66, 85, 34, 31, 32, 50, 68, 111, 116, 44, 99, 17, 95, 35, 24, 29, 86, 4, 110, 59, 103, 25, 6, 64, 77, 96, 98, 0, 81, 1, 73, 10, 26, 18, 28, 106, 41, 52, 58, 112, 42, 11, 12, 51, 80, 27, 69, 37, 49, 30, 16, 84, 23, 101, 43, 55, 5, 76, 90, 8, 67, 92, 104, 60, 63, 72, 105, 115, 3, 94, 100, 114, 9, 108, 21, 57, 61, 53, 91, 97, 62, 79, 46, 82, 93, 107, 48, 56, 74, 83, 87
55
15, 75, 22, 71, 38, 78, 2, 7, 113, 33, 47, 45, 88, 19, 13, 36, 54, 109, 40, 14, 65, 70, 20, 102, 39, 89, 66, 85, 34, 31, 32, 50, 68, 111, 116, 44, 99, 17, 95, 35, 24, 29, 86, 4, 110, 59, 103, 25, 6, 64, 77, 96, 98, 0, 81, 1, 73, 10, 26, 18, 28, 106, 41, 52, 58, 112, 42, 11, 12, 51, 80, 27, 69, 37, 49, 30, 16, 84, 23, 101, 43, 55, 5, 76, 90, 8, 67, 92, 104, 60, 63, 72, 105, 115, 3, 94, 100, 114, 9, 108, 21, 57, 61, 53, 91, 97, 62, 79, 46, 82, 93, 107, 48, 56, 74, 83, 87
54
15, 75, 22, 71, 38, 78, 2, 7, 113, 33, 47, 45, 88, 19, 13, 36, 54, 109, 40, 14, 65, 70, 20, 102, 39, 89, 66, 85, 34, 31, 32, 50, 68, 111, 116, 44, 99, 17, 95, 35, 24, 29, 86, 4, 110, 59, 103, 25, 6, 64, 77, 96, 98, 0, 81, 1, 73, 10, 26, 18, 28, 106, 41, 52, 58, 112, 42, 11, 12, 51, 80, 27, 69, 37, 49, 30, 16, 84, 23, 101, 43, 55, 5, 76, 90, 8, 67, 92, 104, 60, 63, 72, 105, 115, 3, 94, 100, 114, 9, 108, 21, 57, 61, 53, 91, 97, 62, 79, 46, 82, 93, 107, 48, 56, 74, 83, 87
53
15, 75, 22, 71, 38, 78, 2, 7, 113, 33, 47, 45, 88, 19, 13, 36, 54, 109, 40, 14, 65, 70, 20, 102, 39, 89, 66, 85, 34, 31, 32, 50, 68, 111, 116, 44, 99, 17, 95, 35, 24, 29, 86, 4, 110, 59, 103, 25, 6, 64, 77, 96, 98, 0, 81, 1, 73, 10, 26, 18, 28, 106, 41, 52, 58, 112, 42, 11, 12, 51, 80, 27, 69, 37, 49, 30, 16, 84, 23, 101, 43, 55, 5, 76, 90, 8, 67, 92, 104, 60, 63, 72, 105, 115, 3, 94, 100, 114, 9, 108, 21, 57, 61, 53, 91, 97, 62, 79, 46, 82, 93, 107, 48, 56, 74, 83, 87
52
15, 75, 22, 71, 38, 78, 2, 7, 113, 33, 47, 45, 88, 19, 13, 36, 54, 109, 40, 14, 65, 70, 20, 102, 39, 89, 66, 85, 34, 31, 32, 50, 68, 111, 116, 44, 99, 17, 95, 35, 24, 29, 86, 4, 110, 59, 103, 25, 6, 64, 77, 96, 98, 0, 81, 1, 73, 10, 26, 18, 28, 106, 41, 52, 58, 112, 42, 11, 12, 51, 80, 27, 69, 37, 49, 30, 16, 84, 23, 101, 43, 55, 5, 76, 90, 8, 67, 92, 104, 60, 63, 72, 105, 115, 3, 94, 100, 114, 9, 108, 21, 57, 61, 53, 91, 97, 62, 79, 46, 82, 93, 107, 48, 56, 74, 83, 87
51
15, 75, 22, 71, 38, 78, 2, 7, 113, 33, 47, 45, 88, 19, 13, 36, 54, 109, 40, 14, 65, 70, 20, 102, 39, 89, 66, 85, 34, 31, 32, 50, 68, 111, 116, 44, 99, 17, 95, 35, 24, 29, 86, 4, 110, 59, 103, 25, 6, 64, 77, 96, 98, 0, 81, 1, 73, 10, 26, 18, 28, 106, 41, 52, 58, 112, 42, 11, 12, 51, 80, 27, 69, 37, 49, 30, 16, 84, 23, 101, 43, 55, 5, 76, 90, 8, 67, 92, 104, 60, 63, 72, 105, 115, 3, 94, 100, 114, 9, 108, 21, 57, 61, 53, 91, 97, 62, 79, 46, 82, 93, 107, 48, 56, 74, 83, 87
50
15, 75, 22, 71, 38, 78, 2, 7, 113, 33, 47, 45, 88, 19, 13, 36, 54, 109, 40, 14, 65, 70, 20, 102, 39, 89, 66, 85, 34, 31, 32, 50, 68, 111, 116, 44, 99, 17, 95, 35, 24, 29, 86, 4, 110, 59, 103, 25, 6, 64, 77, 96, 98, 0, 81, 1, 73, 10, 26, 18, 28, 106, 41, 52, 58, 112, 42, 11, 12, 51, 80, 27, 69, 37, 49, 30, 16, 84, 23, 101, 43, 55, 5, 76, 90, 8, 67, 92, 104, 60, 63, 72, 105, 115, 3, 94, 100, 114, 9, 108, 21, 57, 61, 53, 91, 97, 62, 79, 46, 82, 93, 107, 48, 56, 74, 83, 87
49
15, 75, 22, 71, 38, 78, 2, 7, 113, 33, 47, 45, 88, 19, 13, 36, 54, 109, 40, 14, 65, 70, 20, 102, 39, 89, 66, 85, 34, 31, 32, 50, 68, 111, 116, 44, 99, 17, 95, 35, 24, 29, 86, 4, 110, 59, 103, 25, 6, 64, 77, 96, 98, 0, 81, 1, 73, 10, 26, 18, 28, 106, 41, 52, 58, 112, 42, 11, 12, 51, 80, 27, 69, 37, 49, 30, 16, 84, 23, 101, 43, 55, 5, 76, 90, 8, 67, 92, 104, 60, 63, 72, 105, 115, 3, 94, 100, 114, 9, 108, 21, 57, 61, 53, 91, 97, 62, 79, 46, 82, 93, 107, 48, 56, 74, 83, 87
48
15, 75, 22, 71, 38, 78, 2, 7, 113, 33, 47, 45, 88, 19, 13, 36, 54, 109, 40, 14, 65, 70, 20, 102, 39, 89, 66, 85, 34, 31, 32, 50, 68, 111, 116, 44, 99, 17, 95, 35, 24, 29, 86, 4, 110, 59, 103, 25, 6, 64, 77, 96, 98, 0, 81, 1, 73, 10, 26, 18, 28, 106, 41, 52, 58, 112, 42, 11, 12, 51, 80, 27, 69, 37, 49, 30, 16, 84, 23, 101, 43, 55, 5, 76, 90, 8, 67, 92, 104, 60, 63, 72, 105, 115, 3, 94, 100, 114, 9, 108, 21, 57, 61, 53, 91, 97, 62, 79, 46, 82, 93, 107, 48, 56, 74, 83, 87
47
15, 75, 22, 71, 38, 78, 2, 7, 113, 33, 47, 45, 88, 19, 13, 36, 54, 109, 40, 14, 65, 70, 20, 102, 39, 89, 66, 85, 34, 31, 32, 50, 68, 111, 116, 44, 99, 17, 95, 35, 24, 29, 86, 4, 110, 59, 103, 25, 6, 64, 77, 96, 98, 0, 81, 1, 73, 10, 26, 18, 28, 106, 41, 52, 58, 112, 42, 11, 12, 51, 80, 27, 69, 37, 49, 30, 16, 84, 23, 101, 43, 55, 5, 76, 90, 8, 67, 92, 104, 60, 63, 72, 105, 115, 3, 94, 100, 114, 9, 108, 21, 57, 61, 53, 91, 97, 62, 79, 46, 82, 93, 107, 48, 56, 74, 83, 87
46
15, 75, 22, 71, 38, 78, 2, 7, 113, 33, 47, 45, 88, 19, 13, 36, 54, 109, 40, 14, 65, 70, 20, 102, 39, 89, 66, 85, 34, 31, 32, 50, 68, 111, 116, 44, 99, 17, 95, 35, 24, 29, 86, 4, 110, 59, 103, 25, 6, 64, 77, 96, 98, 0, 81, 1, 73, 10, 26, 18, 28, 106, 41, 52, 58, 112, 42, 11, 12, 51, 80, 27, 69, 37, 49, 30, 16, 84, 23, 101, 43, 55, 5, 76, 90, 8, 67, 92, 104, 60, 63, 72, 105, 115, 3, 94, 100, 114, 9, 108, 21, 57, 61, 53, 91, 97, 62, 79, 46, 82, 93, 107, 48, 56, 74, 83, 87
45
15, 75, 22, 71, 38, 78, 2, 7, 113, 33, 47, 45, 88, 19, 13, 36, 54, 109, 40, 14, 65, 70, 20, 102, 39, 89, 66, 85, 34, 31, 32, 50, 68, 111, 116, 44, 99, 17, 95, 35, 24, 29, 86, 4, 110, 59, 103, 25, 6, 64, 77, 96, 98, 0, 81, 1, 73, 10, 26, 18, 28, 106, 41, 52, 58, 112, 42, 11, 12, 51, 80, 27, 69, 37, 49, 30, 16, 84, 23, 101, 43, 55, 5, 76, 90, 8, 67, 92, 104, 60, 63, 72, 105, 115, 3, 94, 100, 114, 9, 108, 21, 57, 61, 53, 91, 97, 62, 79, 46, 82, 93, 107, 48, 56, 74, 83, 87
44
15, 75, 22, 71, 38, 78, 2, 7, 113, 33, 47, 45, 88, 19, 13, 36, 54, 109, 40, 14, 65, 70, 20, 102, 39, 89, 66, 85, 34, 31, 32, 50, 68, 111, 116, 44, 99, 17, 95, 35, 24, 29, 86, 4, 110, 59, 103, 25, 6, 64, 77, 96, 98, 0, 81, 1, 73, 10, 26, 18, 28, 106, 41, 52, 58, 112, 42, 11, 12, 51, 80, 27, 69, 37, 49, 30, 16, 84, 23, 101, 43, 55, 5, 76, 90, 8, 67, 92, 104, 60, 63, 72, 105, 115, 3, 94, 100, 114, 9, 108, 21, 57, 61, 53, 91, 97, 62, 79, 46, 82, 93, 107, 48, 56, 74, 83, 87
43
15, 75, 22, 71, 38, 78, 2, 7, 113, 33, 47, 45, 88, 19, 13, 36, 54, 109, 40, 14, 65, 70, 20, 102, 39, 89, 66, 85, 34, 31, 32, 50, 68, 111, 116, 44, 99, 17, 95, 35, 24, 29, 86, 4, 110, 59, 103, 25, 6, 64, 77, 96, 98, 0, 81, 1, 73, 10, 26, 18, 28, 106, 41, 52, 58, 112, 42, 11, 12, 51, 80, 27, 69, 37, 49, 30, 16, 84, 23, 101, 43, 55, 5, 76, 90, 8, 67, 92, 104, 60, 63, 72, 105, 115, 3, 94, 100, 114, 9, 108, 21, 57, 61, 53, 91, 97, 62, 79, 46, 82, 93, 107, 48, 56, 74, 83, 87
42
15, 75, 22, 71, 38, 78, 2, 7, 113, 33, 47, 45, 88, 19, 13, 36, 54, 109, 40, 14, 65, 70, 20, 102, 39, 89, 66, 85, 34, 31, 32, 50, 68, 111, 116, 44, 99, 17, 95, 35, 24, 29, 86, 4, 110, 59, 103, 25, 6, 64, 77, 96, 98, 0, 81, 1, 73, 10, 26, 18, 28, 106, 41, 52, 58, 112, 42, 11, 12, 51, 80, 27, 69, 37, 49, 30, 16, 84, 23, 101, 43, 55, 5, 76, 90, 8, 67, 92, 104, 60, 63, 72, 105, 115, 3, 94, 100, 114, 9, 108, 21, 57, 61, 53, 91, 97, 62, 79, 46, 82, 93, 107, 48, 56, 74, 83, 87
41
15, 75, 22, 71, 38, 78, 2, 7, 113, 33, 47, 45, 88, 19, 13, 36, 54, 109, 40, 14, 65, 70, 20, 102, 39, 89, 66, 85, 34, 31, 32, 50, 68, 111, 116, 44, 99, 17, 95, 35, 24, 29, 86, 4, 110, 59, 103, 25, 6, 64, 77, 96, 98, 0, 81, 1, 73, 10, 26, 18, 28, 106, 41, 52, 58, 112, 42, 11, 12, 51, 80, 27, 69, 37, 49, 30, 16, 84, 23, 101, 43, 55, 5, 76, 90, 8, 67, 92, 104, 60, 63, 72, 105, 115, 3, 94, 100, 114, 9, 108, 21, 57, 61, 53, 91, 97, 62, 79, 46, 82, 93, 107, 48, 56, 74, 83, 87
40
15, 75, 22, 71, 38, 78, 2, 7, 113, 33, 47, 45, 88, 19, 13, 36, 54, 109, 40, 14, 65, 70, 20, 102, 39, 89, 66, 85, 34, 31, 32, 50, 68, 111, 116, 44, 99, 17, 95, 35, 24, 29, 86, 4, 110, 59, 103, 25, 6, 64, 77, 96, 98, 0, 81, 1, 73, 10, 26, 18, 28, 106, 41, 52, 58, 112, 42, 11, 12, 51, 80, 27, 69, 37, 49, 30, 16, 84, 23, 101, 43, 55, 5, 76, 90, 8, 67, 92, 104, 60, 63, 72, 105, 115, 3, 94, 100, 114, 9, 108, 21, 57, 61, 53, 91, 97, 62, 79, 46, 82, 93, 107, 48, 56, 74, 83, 87
39
15, 75, 22, 71, 38, 78, 2, 7, 113, 33, 47, 45, 88, 19, 13, 36, 54, 109, 40, 14, 65, 70, 20, 102, 39, 89, 66, 85, 34, 31, 32, 50, 68, 111, 116, 44, 99, 17, 95, 35, 24, 29, 86, 4, 110, 59, 103, 25, 6, 64, 77, 96, 98, 0, 81, 1, 73, 10, 26, 18, 28, 106, 41, 52, 58, 112, 42, 11, 12, 51, 80, 27, 69, 37, 49, 30, 16, 84, 23, 101, 43, 55, 5, 76, 90, 8, 67, 92, 104, 60, 63, 72, 105, 115, 3, 94, 100, 114, 9, 108, 21, 57, 61, 53, 91, 97, 62, 79, 46, 82, 93, 107, 48, 56, 74, 83, 87
38
15, 75, 22, 71, 38, 78, 2, 7, 113, 33, 47, 45, 88, 19, 13, 36, 54, 109, 40, 14, 65, 70, 20, 102, 39, 89, 66, 85, 34, 31, 32, 50, 68, 111, 116, 44, 99, 17, 95, 35, 24, 29, 86, 4, 110, 59, 103, 25, 6, 64, 77, 96, 98, 0, 81, 1, 73, 10, 26, 18, 28, 106, 41, 52, 58, 112, 42, 11, 12, 51, 80, 27, 69, 37, 49, 30, 16, 84, 23, 101, 43, 55, 5, 76, 90, 8, 67, 92, 104, 60, 63, 72, 105, 115, 3, 94, 100, 114, 9, 108, 21, 57, 61, 53, 91, 97, 62, 79, 46, 82, 93, 107, 48, 56, 74, 83, 87
37
15, 75, 22, 71, 38, 78, 2, 7, 113, 33, 47, 45, 88, 19, 13, 36, 54, 109, 40, 14, 65, 70, 20, 102, 39, 89, 66, 85, 34, 31, 32, 50, 68, 111, 116, 44, 99, 17, 95, 35, 24, 29, 86, 4, 110, 59, 103, 25, 6, 64, 77, 96, 98, 0, 81, 1, 73, 10, 26, 18, 28, 106, 41, 52, 58, 112, 42, 11, 12, 51, 80, 27, 69, 37, 49, 30, 16, 84, 23, 101, 43, 55, 5, 76, 90, 8, 67, 92, 104, 60, 63, 72, 105, 115, 3, 94, 100, 114, 9, 108, 21, 57, 61, 53, 91, 97, 62, 79, 46, 82, 93, 107, 48, 56, 74, 83, 87
36
15, 75, 22, 71, 38, 78, 2, 7, 113, 33, 47, 45, 88, 19, 13, 36, 54, 109, 40, 14, 65, 70, 20, 102, 39, 89, 66, 85, 34, 31, 32, 50, 68, 111, 116, 44, 99, 17, 95, 35, 24, 29, 86, 4, 110, 59, 103, 25, 6, 64, 77, 96, 98, 0, 81, 1, 73, 10, 26, 18, 28, 106, 41, 52, 58, 112, 42, 11, 12, 51, 80, 27, 69, 37, 49, 30, 16, 84, 23, 101, 43, 55, 5, 76, 90, 8, 67, 92, 104, 60, 63, 72, 105, 115, 3, 94, 100, 114, 9, 108, 21, 57, 61, 53, 91, 97, 62, 79, 46, 82, 93, 107, 48, 56, 74, 83, 87
35
15, 75, 22, 71, 38, 78, 2, 7, 113, 33, 47, 45, 88, 19, 13, 36, 54, 109, 40, 14, 65, 70, 20, 102, 39, 89, 66, 85, 34, 31, 50, 68, 111, 116, 44, 99, 95, 35, 24, 29, 86, 4, 110, 59, 32, 17, 103, 25, 6, 64, 77, 96, 98, 0, 81, 18, 52, 41, 1, 73, 26, 10, 28, 106, 58, 112, 42, 11, 12, 51, 80, 27, 69, 37, 49, 30, 16, 84, 23, 101, 43, 55, 5, 76, 90, 8, 67, 92, 104, 60, 63, 72, 105, 115, 3, 94, 100, 114, 9, 108, 21, 57, 61, 53, 91, 97, 62, 79, 46, 82, 93, 107, 48, 56, 74, 83, 87
34
15, 75, 22, 71, 38, 78, 2, 7, 113, 33, 47, 45, 88, 13, 36, 54, 109, 40, 14, 65, 70, 20, 102, 39, 89, 66, 85, 34, 31, 50, 68, 111, 116, 44, 99, 95, 35, 24, 29, 86, 4, 110, 59, 32, 17, 103, 25, 6, 64, 77, 96, 98, 0, 81, 18, 52, 41, 1, 73, 26, 10, 28, 106, 58, 112, 80, 51, 19, 42, 11, 12, 27, 69, 37, 49, 30, 16, 84, 23, 101, 43, 55, 5, 76, 90, 8, 67, 92, 104, 60, 63, 72, 105, 115, 3, 94, 100, 114, 9, 108, 21, 57, 61, 53, 91, 97, 62, 79, 46, 82, 93, 107, 48, 56, 74, 83, 87
Command exited with non-zero status 124
	Command being timed: "timeout 1h java -Xms1024g -Xmx1024g -Xss134m -cp ../src/pathwidth.jar Pathwidth ../benchmark_instances/2023result/docs/solver/benchmark/random_instance/random_instance009_graph005.col"
	User time (seconds): 6259.24
	System time (seconds): 60.83
	Percent of CPU this job got: 175%
	Elapsed (wall clock) time (h:mm:ss or m:ss): 1:00:00
	Average shared text size (kbytes): 0
	Average unshared data size (kbytes): 0
	Average stack size (kbytes): 0
	Average total size (kbytes): 0
	Maximum resident set size (kbytes): 70913332
	Average resident set size (kbytes): 0
	Major (requiring I/O) page faults: 0
	Minor (reclaiming a frame) page faults: 1089941
	Voluntary context switches: 270922
	Involuntary context switches: 9129
	Swaps: 0
	File system inputs: 8
	File system outputs: 3048
	Socket messages sent: 0
	Socket messages received: 0
	Signals delivered: 0
	Page size (bytes): 4096
	Exit status: 124
