../benchmark_instances/2023result/docs/solver/benchmark/random_instance/random_instance008_graph005.col
104
42, 43, 69, 29, 27, 30, 70, 6, 12, 102, 72, 57, 4, 26, 16, 28, 85, 76, 67, 8, 32, 17, 73, 35, 31, 25, 55, 52, 100, 0, 2, 15, 9, 50, 93, 66, 19, 89, 36, 84, 74, 91, 94, 53, 38, 33, 34, 13, 41, 24, 10, 18, 63, 37, 92, 47, 60, 23, 49, 46, 103, 5, 51, 14, 82, 97, 3, 96, 39, 59, 75, 98, 11, 81, 83, 1, 58, 79, 86, 45, 62, 68, 87, 64, 20, 99, 21, 80, 22, 40, 7, 56, 61, 71, 44, 48, 78, 88, 90, 54, 65, 77, 95, 101
103
42, 43, 69, 29, 27, 30, 70, 6, 12, 102, 72, 57, 4, 26, 16, 28, 85, 76, 67, 8, 32, 17, 73, 35, 31, 25, 55, 52, 100, 0, 2, 15, 9, 50, 93, 66, 19, 89, 36, 84, 74, 91, 94, 53, 38, 33, 34, 13, 41, 24, 10, 18, 63, 37, 92, 47, 60, 23, 49, 46, 103, 5, 51, 14, 82, 97, 3, 96, 39, 59, 75, 98, 11, 81, 83, 1, 58, 79, 86, 45, 62, 68, 87, 64, 20, 99, 21, 80, 22, 40, 7, 56, 61, 71, 44, 48, 78, 88, 90, 54, 65, 77, 95, 101
102
42, 43, 69, 29, 27, 30, 70, 6, 12, 102, 72, 57, 4, 26, 16, 28, 85, 76, 67, 8, 32, 17, 73, 35, 31, 25, 55, 52, 100, 0, 2, 15, 9, 50, 93, 66, 19, 89, 36, 84, 74, 91, 94, 53, 38, 33, 34, 13, 41, 24, 10, 18, 63, 37, 92, 47, 60, 23, 49, 46, 103, 5, 51, 14, 82, 97, 3, 96, 39, 59, 75, 98, 11, 81, 83, 1, 58, 79, 86, 45, 62, 68, 87, 64, 20, 99, 21, 80, 22, 40, 7, 56, 61, 71, 44, 48, 78, 88, 90, 54, 65, 77, 95, 101
101
42, 43, 69, 29, 27, 30, 70, 6, 12, 102, 72, 57, 4, 26, 16, 28, 85, 76, 67, 8, 32, 17, 73, 35, 31, 25, 55, 52, 100, 0, 2, 15, 9, 50, 93, 66, 19, 89, 36, 84, 74, 91, 94, 53, 38, 33, 34, 13, 41, 24, 10, 18, 63, 37, 92, 47, 60, 23, 49, 46, 103, 5, 51, 14, 82, 97, 3, 96, 39, 59, 75, 98, 11, 81, 83, 1, 58, 79, 86, 45, 62, 68, 87, 64, 20, 99, 21, 80, 22, 40, 7, 56, 61, 71, 44, 48, 78, 88, 90, 54, 65, 77, 95, 101
100
42, 43, 69, 29, 27, 30, 70, 6, 12, 102, 72, 57, 4, 26, 16, 28, 85, 76, 67, 8, 32, 17, 73, 35, 31, 25, 55, 52, 100, 0, 2, 15, 9, 50, 93, 66, 19, 89, 36, 84, 74, 91, 94, 53, 38, 33, 34, 13, 41, 24, 10, 18, 63, 37, 92, 47, 60, 23, 49, 46, 103, 5, 51, 14, 82, 97, 3, 96, 39, 59, 75, 98, 11, 81, 83, 1, 58, 79, 86, 45, 62, 68, 87, 64, 20, 99, 21, 80, 22, 40, 7, 56, 61, 71, 44, 48, 78, 88, 90, 54, 65, 77, 95, 101
99
42, 43, 69, 29, 27, 30, 70, 6, 12, 102, 72, 57, 4, 26, 16, 28, 85, 76, 67, 8, 32, 17, 73, 35, 31, 25, 55, 52, 100, 0, 2, 15, 9, 50, 93, 66, 19, 89, 36, 84, 74, 91, 94, 53, 38, 33, 34, 13, 41, 24, 10, 18, 63, 37, 92, 47, 60, 23, 49, 46, 103, 5, 51, 14, 82, 97, 3, 96, 39, 59, 75, 98, 11, 81, 83, 1, 58, 79, 86, 45, 62, 68, 87, 64, 20, 99, 21, 80, 22, 40, 7, 56, 61, 71, 44, 48, 78, 88, 90, 54, 65, 77, 95, 101
98
42, 43, 69, 29, 27, 30, 70, 6, 12, 102, 72, 57, 4, 26, 16, 28, 85, 76, 67, 8, 32, 17, 73, 35, 31, 25, 55, 52, 100, 0, 2, 15, 9, 50, 93, 66, 19, 89, 36, 84, 74, 91, 94, 53, 38, 33, 34, 13, 41, 24, 10, 18, 63, 37, 92, 47, 60, 23, 49, 46, 103, 5, 51, 14, 82, 97, 3, 96, 39, 59, 75, 98, 11, 81, 83, 1, 58, 79, 86, 45, 62, 68, 87, 64, 20, 99, 21, 80, 22, 40, 7, 56, 61, 71, 44, 48, 78, 88, 90, 54, 65, 77, 95, 101
97
42, 43, 69, 29, 27, 30, 70, 6, 12, 102, 72, 57, 4, 26, 16, 28, 85, 76, 67, 8, 32, 17, 73, 35, 31, 25, 55, 52, 100, 0, 2, 15, 9, 50, 93, 66, 19, 89, 36, 84, 74, 91, 94, 53, 38, 33, 34, 13, 41, 24, 10, 18, 63, 37, 92, 47, 60, 23, 49, 46, 103, 5, 51, 14, 82, 97, 3, 96, 39, 59, 75, 98, 11, 81, 83, 1, 58, 79, 86, 45, 62, 68, 87, 64, 20, 99, 21, 80, 22, 40, 7, 56, 61, 71, 44, 48, 78, 88, 90, 54, 65, 77, 95, 101
96
42, 43, 69, 29, 27, 30, 70, 6, 12, 102, 72, 57, 4, 26, 16, 28, 85, 76, 67, 8, 32, 17, 73, 35, 31, 25, 55, 52, 100, 0, 2, 15, 9, 50, 93, 66, 19, 89, 36, 84, 74, 91, 94, 53, 38, 33, 34, 13, 41, 24, 10, 18, 63, 37, 92, 47, 60, 23, 49, 46, 103, 5, 51, 14, 82, 97, 3, 96, 39, 59, 75, 98, 11, 81, 83, 1, 58, 79, 86, 45, 62, 68, 87, 64, 20, 99, 21, 80, 22, 40, 7, 56, 61, 71, 44, 48, 78, 88, 90, 54, 65, 77, 95, 101
95
42, 43, 69, 29, 27, 30, 70, 6, 12, 102, 72, 57, 4, 26, 16, 28, 85, 76, 67, 8, 32, 17, 73, 35, 31, 25, 55, 52, 100, 0, 2, 15, 9, 50, 93, 66, 19, 89, 36, 84, 74, 91, 94, 53, 38, 33, 34, 13, 41, 24, 10, 18, 63, 37, 92, 47, 60, 23, 49, 46, 103, 5, 51, 14, 82, 97, 3, 96, 39, 59, 75, 98, 11, 81, 83, 1, 58, 79, 86, 45, 62, 68, 87, 64, 20, 99, 21, 80, 22, 40, 7, 56, 61, 71, 44, 48, 78, 88, 90, 54, 65, 77, 95, 101
94
42, 43, 69, 29, 27, 30, 70, 6, 12, 102, 72, 57, 4, 26, 16, 28, 85, 76, 67, 8, 32, 17, 73, 35, 31, 25, 55, 52, 100, 0, 2, 15, 9, 50, 93, 66, 19, 89, 36, 84, 74, 91, 94, 53, 38, 33, 34, 13, 41, 24, 10, 18, 63, 37, 92, 47, 60, 23, 49, 46, 103, 5, 51, 14, 82, 97, 3, 96, 39, 59, 75, 98, 11, 81, 83, 1, 58, 79, 86, 45, 62, 68, 87, 64, 20, 99, 21, 80, 22, 40, 7, 56, 61, 71, 44, 48, 78, 88, 90, 54, 65, 77, 95, 101
93
42, 43, 69, 29, 27, 30, 70, 6, 12, 102, 72, 57, 4, 26, 16, 28, 85, 76, 67, 8, 32, 17, 73, 35, 31, 25, 55, 52, 100, 0, 2, 15, 9, 50, 93, 66, 19, 89, 36, 84, 74, 91, 94, 53, 38, 33, 34, 13, 41, 24, 10, 18, 63, 37, 92, 47, 60, 23, 49, 46, 103, 5, 51, 14, 82, 97, 3, 96, 39, 59, 75, 98, 11, 81, 83, 1, 58, 79, 86, 45, 62, 68, 87, 64, 20, 99, 21, 80, 22, 40, 7, 56, 61, 71, 44, 48, 78, 88, 90, 54, 65, 77, 95, 101
92
42, 43, 69, 29, 27, 30, 70, 6, 12, 102, 72, 57, 4, 26, 16, 28, 85, 76, 67, 8, 32, 17, 73, 35, 31, 25, 55, 52, 100, 0, 2, 15, 9, 50, 93, 66, 19, 89, 36, 84, 74, 91, 94, 53, 38, 33, 34, 13, 41, 24, 10, 18, 63, 37, 92, 47, 60, 23, 49, 46, 103, 5, 51, 14, 82, 97, 3, 96, 39, 59, 75, 98, 11, 81, 83, 1, 58, 79, 86, 45, 62, 68, 87, 64, 20, 99, 21, 80, 22, 40, 7, 56, 61, 71, 44, 48, 78, 88, 90, 54, 65, 77, 95, 101
91
42, 43, 69, 29, 27, 30, 70, 6, 12, 102, 72, 57, 4, 26, 16, 28, 85, 76, 67, 8, 32, 17, 73, 35, 31, 25, 55, 52, 100, 0, 2, 15, 9, 50, 93, 66, 19, 89, 36, 84, 74, 91, 94, 53, 38, 33, 34, 13, 41, 24, 10, 18, 63, 37, 92, 47, 60, 23, 49, 46, 103, 5, 51, 14, 82, 97, 3, 96, 39, 59, 75, 98, 11, 81, 83, 1, 58, 79, 86, 45, 62, 68, 87, 64, 20, 99, 21, 80, 22, 40, 7, 56, 61, 71, 44, 48, 78, 88, 90, 54, 65, 77, 95, 101
90
42, 43, 69, 29, 27, 30, 70, 6, 12, 102, 72, 57, 4, 26, 16, 28, 85, 76, 67, 8, 32, 17, 73, 35, 31, 25, 55, 52, 100, 0, 2, 15, 9, 50, 93, 66, 19, 89, 36, 84, 74, 91, 94, 53, 38, 33, 34, 13, 41, 24, 10, 18, 63, 37, 92, 47, 60, 23, 49, 46, 103, 5, 51, 14, 82, 97, 3, 96, 39, 59, 75, 98, 11, 81, 83, 1, 58, 79, 86, 45, 62, 68, 87, 64, 20, 99, 21, 80, 22, 40, 7, 56, 61, 71, 44, 48, 78, 88, 90, 54, 65, 77, 95, 101
89
42, 43, 69, 29, 27, 30, 70, 6, 12, 102, 72, 57, 4, 26, 16, 28, 85, 76, 67, 8, 32, 17, 73, 35, 31, 25, 55, 52, 100, 0, 2, 15, 9, 50, 93, 66, 19, 89, 36, 84, 74, 91, 94, 53, 38, 33, 34, 13, 41, 24, 10, 18, 63, 37, 92, 47, 60, 23, 49, 46, 103, 5, 51, 14, 82, 97, 3, 96, 39, 59, 75, 98, 11, 81, 83, 1, 58, 79, 86, 45, 62, 68, 87, 64, 20, 99, 21, 80, 22, 40, 7, 56, 61, 71, 44, 48, 78, 88, 90, 54, 65, 77, 95, 101
88
42, 43, 69, 29, 27, 30, 70, 6, 12, 102, 72, 57, 4, 26, 16, 28, 85, 76, 67, 8, 32, 17, 73, 35, 31, 25, 55, 52, 100, 0, 2, 15, 9, 50, 93, 66, 19, 89, 36, 84, 74, 91, 94, 53, 38, 33, 34, 13, 41, 24, 10, 18, 63, 37, 92, 47, 60, 23, 49, 46, 103, 5, 51, 14, 82, 97, 3, 96, 39, 59, 75, 98, 11, 81, 83, 1, 58, 79, 86, 45, 62, 68, 87, 64, 20, 99, 21, 80, 22, 40, 7, 56, 61, 71, 44, 48, 78, 88, 90, 54, 65, 77, 95, 101
87
42, 43, 69, 29, 27, 30, 70, 6, 12, 102, 72, 57, 4, 26, 16, 28, 85, 76, 67, 8, 32, 17, 73, 35, 31, 25, 55, 52, 100, 0, 2, 15, 9, 50, 93, 66, 19, 89, 36, 84, 74, 91, 94, 53, 38, 33, 34, 13, 41, 24, 10, 18, 63, 37, 92, 47, 60, 23, 49, 46, 103, 5, 51, 14, 82, 97, 3, 96, 39, 59, 75, 98, 11, 81, 83, 1, 58, 79, 86, 45, 62, 68, 87, 64, 20, 99, 21, 80, 22, 40, 7, 56, 61, 71, 44, 48, 78, 88, 90, 54, 65, 77, 95, 101
86
42, 43, 69, 29, 27, 30, 70, 6, 12, 102, 72, 57, 4, 26, 16, 28, 85, 76, 67, 8, 32, 17, 73, 35, 31, 25, 55, 52, 100, 0, 2, 15, 9, 50, 93, 66, 19, 89, 36, 84, 74, 91, 94, 53, 38, 33, 34, 13, 41, 24, 10, 18, 63, 37, 92, 47, 60, 23, 49, 46, 103, 5, 51, 14, 82, 97, 3, 96, 39, 59, 75, 98, 11, 81, 83, 1, 58, 79, 86, 45, 62, 68, 87, 64, 20, 99, 21, 80, 22, 40, 7, 56, 61, 71, 44, 48, 78, 88, 90, 54, 65, 77, 95, 101
85
42, 43, 69, 29, 27, 30, 70, 6, 12, 102, 72, 57, 4, 26, 16, 28, 85, 76, 67, 8, 32, 17, 73, 35, 31, 25, 55, 52, 100, 0, 2, 15, 9, 50, 93, 66, 19, 89, 36, 84, 74, 91, 94, 53, 38, 33, 34, 13, 41, 24, 10, 18, 63, 37, 92, 47, 60, 23, 49, 46, 103, 5, 51, 14, 82, 97, 3, 96, 39, 59, 75, 98, 11, 81, 83, 1, 58, 79, 86, 45, 62, 68, 87, 64, 20, 99, 21, 80, 22, 40, 7, 56, 61, 71, 44, 48, 78, 88, 90, 54, 65, 77, 95, 101
84
42, 43, 69, 29, 27, 30, 70, 6, 12, 102, 72, 57, 4, 26, 16, 28, 85, 76, 67, 8, 32, 17, 73, 35, 31, 25, 55, 52, 100, 0, 2, 15, 9, 50, 93, 66, 19, 89, 36, 84, 74, 91, 94, 53, 38, 33, 34, 13, 41, 24, 10, 18, 63, 37, 92, 47, 60, 23, 49, 46, 103, 5, 51, 14, 82, 97, 3, 96, 39, 59, 75, 98, 11, 81, 83, 1, 58, 79, 86, 45, 62, 68, 87, 64, 20, 99, 21, 80, 22, 40, 7, 56, 61, 71, 44, 48, 78, 88, 90, 54, 65, 77, 95, 101
83
42, 43, 69, 29, 27, 30, 70, 6, 12, 102, 72, 57, 4, 26, 16, 28, 85, 76, 67, 8, 32, 17, 73, 35, 31, 25, 55, 52, 100, 0, 2, 15, 9, 50, 93, 66, 19, 89, 36, 84, 74, 91, 94, 53, 38, 33, 34, 13, 41, 24, 10, 18, 63, 37, 92, 47, 60, 23, 49, 46, 103, 5, 51, 14, 82, 97, 3, 96, 39, 59, 75, 98, 11, 81, 83, 1, 58, 79, 86, 45, 62, 68, 87, 64, 20, 99, 21, 80, 22, 40, 7, 56, 61, 71, 44, 48, 78, 88, 90, 54, 65, 77, 95, 101
82
42, 43, 69, 29, 27, 30, 70, 6, 12, 102, 72, 57, 4, 26, 16, 28, 85, 76, 67, 8, 32, 17, 73, 35, 31, 25, 55, 52, 100, 0, 2, 15, 9, 50, 93, 66, 19, 89, 36, 84, 74, 91, 94, 53, 38, 33, 34, 13, 41, 24, 10, 18, 63, 37, 92, 47, 60, 23, 49, 46, 103, 5, 51, 14, 82, 97, 3, 96, 39, 59, 75, 98, 11, 81, 83, 1, 58, 79, 86, 45, 62, 68, 87, 64, 20, 99, 21, 80, 22, 40, 7, 56, 61, 71, 44, 48, 78, 88, 90, 54, 65, 77, 95, 101
81
42, 43, 69, 29, 27, 30, 70, 6, 12, 102, 72, 57, 4, 26, 16, 28, 85, 76, 67, 8, 32, 17, 73, 35, 31, 25, 55, 52, 100, 0, 2, 15, 9, 50, 93, 66, 19, 89, 36, 84, 74, 91, 94, 53, 38, 33, 34, 13, 41, 24, 10, 18, 63, 37, 92, 47, 60, 23, 49, 46, 103, 5, 51, 14, 82, 97, 3, 96, 39, 59, 75, 98, 11, 81, 83, 1, 58, 79, 86, 45, 62, 68, 87, 64, 20, 99, 21, 80, 22, 40, 7, 56, 61, 71, 44, 48, 78, 88, 90, 54, 65, 77, 95, 101
80
42, 43, 69, 29, 27, 30, 70, 6, 12, 102, 72, 57, 4, 26, 16, 28, 85, 76, 67, 8, 32, 17, 73, 35, 31, 25, 55, 52, 100, 0, 2, 15, 9, 50, 93, 66, 19, 89, 36, 84, 74, 91, 94, 53, 38, 33, 34, 13, 41, 24, 10, 18, 63, 37, 92, 47, 60, 23, 49, 46, 103, 5, 51, 14, 82, 97, 3, 96, 39, 59, 75, 98, 11, 81, 83, 1, 58, 79, 86, 45, 62, 68, 87, 64, 20, 99, 21, 80, 22, 40, 7, 56, 61, 71, 44, 48, 78, 88, 90, 54, 65, 77, 95, 101
79
42, 43, 69, 29, 27, 30, 70, 6, 12, 102, 72, 57, 4, 26, 16, 28, 85, 76, 67, 8, 32, 17, 73, 35, 31, 25, 55, 52, 100, 0, 2, 15, 9, 50, 93, 66, 19, 89, 36, 84, 74, 91, 94, 53, 38, 33, 34, 13, 41, 24, 10, 18, 63, 37, 92, 47, 60, 23, 49, 46, 103, 5, 51, 14, 82, 97, 3, 96, 39, 59, 75, 98, 11, 81, 83, 1, 58, 79, 86, 45, 62, 68, 87, 64, 20, 99, 21, 80, 22, 40, 7, 56, 61, 71, 44, 48, 78, 88, 90, 54, 65, 77, 95, 101
78
42, 43, 69, 29, 27, 30, 70, 6, 12, 102, 72, 57, 4, 26, 16, 28, 85, 76, 67, 8, 32, 17, 73, 35, 31, 25, 55, 52, 100, 0, 2, 15, 9, 50, 93, 66, 19, 89, 36, 84, 74, 91, 94, 53, 38, 33, 34, 13, 41, 24, 10, 18, 63, 37, 92, 47, 60, 23, 49, 46, 103, 5, 51, 14, 82, 97, 3, 96, 39, 59, 75, 98, 11, 81, 83, 1, 58, 79, 86, 45, 62, 68, 87, 64, 20, 99, 21, 80, 22, 40, 7, 56, 61, 71, 44, 48, 78, 88, 90, 54, 65, 77, 95, 101
77
42, 43, 69, 29, 27, 30, 70, 6, 12, 102, 72, 57, 4, 26, 16, 28, 85, 76, 67, 8, 32, 17, 73, 35, 31, 25, 55, 52, 100, 0, 2, 15, 9, 50, 93, 66, 19, 89, 36, 84, 74, 91, 94, 53, 38, 33, 34, 13, 41, 24, 10, 18, 63, 37, 92, 47, 60, 23, 49, 46, 103, 5, 51, 14, 82, 97, 3, 96, 39, 59, 75, 98, 11, 81, 83, 1, 58, 79, 86, 45, 62, 68, 87, 64, 20, 99, 21, 80, 22, 40, 7, 56, 61, 71, 44, 48, 78, 88, 90, 54, 65, 77, 95, 101
76
42, 43, 69, 29, 27, 30, 70, 6, 12, 102, 72, 57, 4, 26, 16, 28, 85, 76, 67, 8, 32, 17, 73, 35, 31, 25, 55, 52, 100, 0, 2, 15, 9, 50, 93, 66, 19, 89, 36, 84, 74, 91, 94, 53, 38, 33, 34, 13, 41, 24, 10, 18, 63, 37, 92, 47, 60, 23, 49, 46, 103, 5, 51, 14, 82, 97, 3, 96, 39, 59, 75, 98, 11, 81, 83, 1, 58, 79, 86, 45, 62, 68, 87, 64, 20, 99, 21, 80, 22, 40, 7, 56, 61, 71, 44, 48, 78, 88, 90, 54, 65, 77, 95, 101
75
42, 43, 69, 29, 27, 30, 70, 6, 12, 102, 72, 57, 4, 26, 16, 28, 85, 76, 67, 8, 32, 17, 73, 35, 31, 25, 55, 52, 100, 0, 2, 15, 9, 50, 93, 66, 19, 89, 36, 84, 74, 91, 94, 53, 38, 33, 34, 13, 41, 24, 10, 18, 63, 37, 92, 47, 60, 23, 49, 46, 103, 5, 51, 14, 82, 97, 3, 96, 39, 59, 75, 98, 11, 81, 83, 1, 58, 79, 86, 45, 62, 68, 87, 64, 20, 99, 21, 80, 22, 40, 7, 56, 61, 71, 44, 48, 78, 88, 90, 54, 65, 77, 95, 101
74
42, 43, 69, 29, 27, 30, 70, 6, 12, 102, 72, 57, 4, 26, 16, 28, 85, 76, 67, 8, 32, 17, 73, 35, 31, 25, 55, 52, 100, 0, 2, 15, 9, 50, 93, 66, 19, 89, 36, 84, 74, 91, 94, 53, 38, 33, 34, 13, 41, 24, 10, 18, 63, 37, 92, 47, 60, 23, 49, 46, 103, 5, 51, 14, 82, 97, 3, 96, 39, 59, 75, 98, 11, 81, 83, 1, 58, 79, 86, 45, 62, 68, 87, 64, 20, 99, 21, 80, 22, 40, 7, 56, 61, 71, 44, 48, 78, 88, 90, 54, 65, 77, 95, 101
73
42, 43, 69, 29, 27, 30, 70, 6, 12, 102, 72, 57, 4, 26, 16, 28, 85, 76, 67, 8, 32, 17, 73, 35, 31, 25, 55, 52, 100, 0, 2, 15, 9, 50, 93, 66, 19, 89, 36, 84, 74, 91, 94, 53, 38, 33, 34, 13, 41, 24, 10, 18, 63, 37, 92, 47, 60, 23, 49, 46, 103, 5, 51, 14, 82, 97, 3, 96, 39, 59, 75, 98, 11, 81, 83, 1, 58, 79, 86, 45, 62, 68, 87, 64, 20, 99, 21, 80, 22, 40, 7, 56, 61, 71, 44, 48, 78, 88, 90, 54, 65, 77, 95, 101
72
42, 43, 69, 29, 27, 30, 70, 6, 12, 102, 72, 57, 4, 26, 16, 28, 85, 76, 67, 8, 32, 17, 73, 35, 31, 25, 55, 52, 100, 0, 2, 15, 9, 50, 93, 66, 19, 89, 36, 84, 74, 91, 94, 53, 38, 33, 34, 13, 41, 24, 10, 18, 63, 37, 92, 47, 60, 23, 49, 46, 103, 5, 51, 14, 82, 97, 3, 96, 39, 59, 75, 98, 11, 81, 83, 1, 58, 79, 86, 45, 62, 68, 87, 64, 20, 99, 21, 80, 22, 40, 7, 56, 61, 71, 44, 48, 78, 88, 90, 54, 65, 77, 95, 101
71
42, 43, 69, 29, 27, 30, 70, 6, 12, 102, 72, 57, 4, 26, 16, 28, 85, 76, 67, 8, 32, 17, 73, 35, 31, 25, 55, 52, 100, 0, 2, 15, 9, 50, 93, 66, 19, 89, 36, 84, 74, 91, 94, 53, 38, 33, 34, 13, 41, 24, 10, 18, 63, 37, 92, 47, 60, 23, 49, 46, 103, 5, 51, 14, 82, 97, 3, 96, 39, 59, 75, 98, 11, 81, 83, 1, 58, 79, 86, 45, 62, 68, 87, 64, 20, 99, 21, 80, 22, 40, 7, 56, 61, 71, 44, 48, 78, 88, 90, 54, 65, 77, 95, 101
70
42, 43, 69, 29, 27, 30, 70, 6, 12, 102, 72, 57, 4, 26, 16, 28, 85, 76, 67, 8, 32, 17, 73, 35, 31, 25, 55, 52, 100, 0, 2, 15, 9, 50, 93, 66, 19, 89, 36, 84, 74, 91, 94, 53, 38, 33, 34, 13, 41, 24, 10, 18, 63, 37, 92, 47, 60, 23, 49, 46, 103, 5, 51, 14, 82, 97, 3, 96, 39, 59, 75, 98, 11, 81, 83, 1, 58, 79, 86, 45, 62, 68, 87, 64, 20, 99, 21, 80, 22, 40, 7, 56, 61, 71, 44, 48, 78, 88, 90, 54, 65, 77, 95, 101
69
42, 43, 69, 29, 27, 30, 70, 6, 12, 102, 72, 57, 4, 26, 16, 28, 85, 76, 67, 8, 32, 17, 73, 35, 31, 25, 55, 52, 100, 0, 2, 15, 9, 50, 93, 66, 19, 89, 36, 84, 74, 91, 94, 53, 38, 33, 34, 13, 41, 24, 10, 18, 63, 37, 92, 47, 60, 23, 49, 46, 103, 5, 51, 14, 82, 97, 3, 96, 39, 59, 75, 98, 11, 81, 83, 1, 58, 79, 86, 45, 62, 68, 87, 64, 20, 99, 21, 80, 22, 40, 7, 56, 61, 71, 44, 48, 78, 88, 90, 54, 65, 77, 95, 101
68
42, 43, 69, 29, 27, 30, 70, 6, 12, 102, 72, 57, 4, 26, 16, 28, 85, 76, 67, 8, 32, 17, 73, 35, 31, 25, 55, 52, 100, 0, 2, 15, 9, 50, 93, 66, 19, 89, 36, 84, 74, 91, 94, 53, 38, 33, 34, 13, 41, 24, 10, 18, 63, 37, 92, 47, 60, 23, 49, 46, 103, 5, 51, 14, 82, 97, 3, 96, 39, 59, 75, 98, 11, 81, 83, 1, 58, 79, 86, 45, 62, 68, 87, 64, 20, 99, 21, 80, 22, 40, 7, 56, 61, 71, 44, 48, 78, 88, 90, 54, 65, 77, 95, 101
67
42, 43, 69, 29, 27, 30, 70, 6, 12, 102, 72, 57, 4, 26, 16, 28, 85, 76, 67, 8, 32, 17, 73, 35, 31, 25, 55, 52, 100, 0, 2, 15, 9, 50, 93, 66, 19, 89, 36, 84, 74, 91, 94, 53, 38, 33, 34, 13, 41, 24, 10, 18, 63, 37, 92, 47, 60, 23, 49, 46, 103, 5, 51, 14, 82, 97, 3, 96, 39, 59, 75, 98, 11, 81, 83, 1, 58, 79, 86, 45, 62, 68, 87, 64, 20, 99, 21, 80, 22, 40, 7, 56, 61, 71, 44, 48, 78, 88, 90, 54, 65, 77, 95, 101
66
42, 43, 69, 29, 27, 30, 70, 6, 12, 102, 72, 57, 4, 26, 16, 28, 85, 76, 67, 8, 32, 17, 73, 35, 31, 25, 55, 52, 100, 0, 2, 15, 9, 50, 93, 66, 19, 89, 36, 84, 74, 91, 94, 53, 38, 33, 34, 13, 41, 24, 10, 18, 63, 37, 92, 47, 60, 23, 49, 46, 103, 5, 51, 14, 82, 97, 3, 96, 39, 59, 75, 98, 11, 81, 83, 1, 58, 79, 86, 45, 62, 68, 87, 64, 20, 99, 21, 80, 22, 40, 7, 56, 61, 71, 44, 48, 78, 88, 90, 54, 65, 77, 95, 101
65
42, 43, 69, 29, 27, 30, 70, 6, 12, 102, 72, 57, 4, 26, 16, 28, 85, 76, 67, 8, 32, 17, 73, 35, 31, 25, 55, 52, 100, 0, 2, 15, 9, 50, 93, 66, 19, 89, 36, 84, 74, 91, 94, 53, 38, 33, 34, 13, 41, 24, 10, 18, 63, 37, 92, 47, 60, 23, 49, 46, 103, 5, 51, 14, 82, 97, 3, 96, 39, 59, 75, 98, 11, 81, 83, 1, 58, 79, 86, 45, 62, 68, 87, 64, 20, 99, 21, 80, 22, 40, 7, 56, 61, 71, 44, 48, 78, 88, 90, 54, 65, 77, 95, 101
64
42, 43, 69, 29, 27, 30, 70, 6, 12, 102, 72, 57, 4, 26, 16, 28, 85, 76, 67, 8, 32, 17, 73, 35, 31, 25, 55, 52, 100, 0, 2, 15, 9, 50, 93, 66, 19, 89, 36, 84, 74, 91, 94, 53, 38, 33, 34, 13, 41, 24, 10, 18, 63, 37, 92, 47, 60, 23, 49, 46, 103, 5, 51, 14, 82, 97, 3, 96, 39, 59, 75, 98, 11, 81, 83, 1, 58, 79, 86, 45, 62, 68, 87, 64, 20, 99, 21, 80, 22, 40, 7, 56, 61, 71, 44, 48, 78, 88, 90, 54, 65, 77, 95, 101
63
42, 43, 69, 29, 27, 30, 70, 6, 12, 102, 72, 57, 4, 26, 16, 28, 85, 76, 67, 8, 32, 17, 73, 35, 31, 25, 55, 52, 100, 0, 2, 15, 9, 50, 93, 66, 19, 89, 36, 84, 74, 91, 94, 53, 38, 33, 34, 13, 41, 24, 10, 18, 63, 37, 92, 47, 60, 23, 49, 46, 103, 5, 51, 14, 82, 97, 3, 96, 39, 59, 75, 98, 11, 81, 83, 1, 58, 79, 86, 45, 62, 68, 87, 64, 20, 99, 21, 80, 22, 40, 7, 56, 61, 71, 44, 48, 78, 88, 90, 54, 65, 77, 95, 101
62
42, 43, 69, 29, 27, 30, 70, 6, 12, 102, 72, 57, 4, 26, 16, 28, 85, 76, 67, 8, 32, 17, 73, 35, 31, 25, 55, 52, 100, 0, 2, 15, 9, 50, 93, 66, 19, 89, 36, 84, 74, 91, 94, 53, 38, 33, 34, 13, 41, 24, 10, 18, 63, 37, 92, 47, 60, 23, 49, 46, 103, 5, 51, 14, 82, 97, 3, 96, 39, 59, 75, 98, 11, 81, 83, 1, 58, 79, 86, 45, 62, 68, 87, 64, 20, 99, 21, 80, 22, 40, 7, 56, 61, 71, 44, 48, 78, 88, 90, 54, 65, 77, 95, 101
61
42, 43, 69, 29, 27, 30, 70, 6, 12, 102, 72, 57, 4, 26, 16, 28, 85, 76, 67, 8, 32, 17, 73, 35, 31, 25, 55, 52, 100, 0, 2, 15, 9, 50, 93, 66, 19, 89, 36, 84, 74, 91, 94, 53, 38, 33, 34, 13, 41, 24, 10, 18, 63, 37, 92, 47, 60, 23, 49, 46, 103, 5, 51, 14, 82, 97, 3, 96, 39, 59, 75, 98, 11, 81, 83, 1, 58, 79, 86, 45, 62, 68, 87, 64, 20, 99, 21, 80, 22, 40, 7, 56, 61, 71, 44, 48, 78, 88, 90, 54, 65, 77, 95, 101
60
42, 43, 69, 29, 27, 30, 70, 6, 12, 102, 72, 57, 4, 26, 16, 28, 85, 76, 67, 8, 32, 17, 73, 35, 31, 25, 55, 52, 100, 0, 2, 15, 9, 50, 93, 66, 19, 89, 36, 84, 74, 91, 94, 53, 38, 33, 34, 13, 41, 24, 10, 18, 63, 37, 92, 47, 60, 23, 49, 46, 103, 5, 51, 14, 82, 97, 3, 96, 39, 59, 75, 98, 11, 81, 83, 1, 58, 79, 86, 45, 62, 68, 87, 64, 20, 99, 21, 80, 22, 40, 7, 56, 61, 71, 44, 48, 78, 88, 90, 54, 65, 77, 95, 101
59
42, 43, 69, 29, 27, 30, 70, 6, 12, 102, 72, 57, 4, 26, 16, 28, 85, 76, 67, 8, 32, 17, 73, 35, 31, 25, 55, 52, 100, 0, 2, 15, 9, 50, 93, 66, 19, 89, 36, 84, 74, 91, 94, 53, 38, 33, 34, 13, 41, 24, 10, 18, 63, 37, 92, 47, 60, 23, 49, 46, 103, 5, 51, 14, 82, 97, 3, 96, 39, 59, 75, 98, 11, 81, 83, 1, 58, 79, 86, 45, 62, 68, 87, 64, 20, 99, 21, 80, 22, 40, 7, 56, 61, 71, 44, 48, 78, 88, 90, 54, 65, 77, 95, 101
58
42, 43, 69, 29, 27, 30, 70, 6, 12, 102, 72, 57, 4, 26, 16, 28, 85, 76, 67, 8, 32, 17, 73, 35, 31, 25, 55, 52, 100, 0, 2, 15, 9, 50, 93, 66, 19, 89, 36, 84, 74, 91, 94, 53, 38, 33, 34, 13, 41, 24, 10, 18, 63, 37, 92, 47, 60, 23, 49, 46, 103, 5, 51, 14, 82, 97, 3, 96, 39, 59, 75, 98, 11, 81, 83, 1, 58, 79, 86, 45, 62, 68, 87, 64, 20, 99, 21, 80, 22, 40, 7, 56, 61, 71, 44, 48, 78, 88, 90, 54, 65, 77, 95, 101
57
42, 43, 69, 29, 27, 30, 70, 6, 12, 102, 72, 57, 4, 26, 16, 28, 85, 76, 67, 8, 32, 17, 73, 35, 31, 25, 55, 52, 100, 0, 2, 15, 9, 50, 93, 66, 19, 89, 36, 84, 74, 91, 94, 53, 38, 33, 34, 13, 41, 24, 10, 18, 63, 37, 92, 47, 60, 23, 49, 46, 103, 5, 51, 14, 82, 97, 3, 96, 39, 59, 75, 98, 11, 81, 83, 1, 58, 79, 86, 45, 62, 68, 87, 64, 20, 99, 21, 80, 22, 40, 7, 56, 61, 71, 44, 48, 78, 88, 90, 54, 65, 77, 95, 101
56
42, 43, 69, 29, 27, 30, 70, 6, 12, 102, 72, 57, 4, 26, 16, 28, 85, 76, 67, 8, 32, 17, 73, 35, 31, 25, 55, 52, 100, 0, 2, 15, 9, 50, 93, 66, 19, 89, 36, 84, 74, 91, 94, 53, 38, 33, 34, 13, 41, 24, 10, 18, 63, 37, 92, 47, 60, 23, 49, 46, 103, 5, 51, 14, 82, 97, 3, 96, 39, 59, 75, 98, 11, 81, 83, 1, 58, 79, 86, 45, 62, 68, 87, 64, 20, 99, 21, 80, 22, 40, 7, 56, 61, 71, 44, 48, 78, 88, 90, 54, 65, 77, 95, 101
55
42, 43, 69, 29, 27, 30, 70, 6, 12, 102, 72, 57, 4, 26, 16, 28, 85, 76, 67, 8, 32, 17, 73, 35, 31, 25, 55, 52, 100, 0, 2, 15, 9, 50, 93, 66, 19, 89, 36, 84, 74, 91, 94, 53, 38, 33, 34, 13, 41, 24, 10, 18, 63, 37, 92, 47, 60, 23, 49, 46, 103, 5, 51, 14, 82, 97, 3, 96, 39, 59, 75, 98, 11, 81, 83, 1, 58, 79, 86, 45, 62, 68, 87, 64, 20, 99, 21, 80, 22, 40, 7, 56, 61, 71, 44, 48, 78, 88, 90, 54, 65, 77, 95, 101
54
42, 43, 69, 29, 27, 30, 70, 6, 12, 102, 72, 57, 4, 26, 16, 28, 85, 76, 67, 8, 32, 17, 73, 35, 31, 25, 55, 52, 100, 0, 2, 15, 9, 50, 93, 66, 19, 89, 36, 84, 74, 91, 94, 53, 38, 33, 34, 13, 41, 24, 10, 18, 63, 37, 92, 47, 60, 23, 49, 46, 103, 5, 51, 14, 82, 97, 3, 96, 39, 59, 75, 98, 11, 81, 83, 1, 58, 79, 86, 45, 62, 68, 87, 64, 20, 99, 21, 80, 22, 40, 7, 56, 61, 71, 44, 48, 78, 88, 90, 54, 65, 77, 95, 101
53
42, 43, 69, 29, 27, 30, 70, 6, 12, 102, 72, 57, 4, 26, 16, 28, 85, 76, 67, 8, 32, 17, 73, 35, 31, 25, 55, 52, 100, 0, 2, 15, 9, 50, 93, 66, 19, 89, 36, 84, 74, 91, 94, 53, 38, 33, 34, 13, 41, 24, 10, 18, 63, 37, 92, 47, 60, 23, 49, 46, 103, 5, 51, 14, 82, 97, 3, 96, 39, 59, 75, 98, 11, 81, 83, 1, 58, 79, 86, 45, 62, 68, 87, 64, 20, 99, 21, 80, 22, 40, 7, 56, 61, 71, 44, 48, 78, 88, 90, 54, 65, 77, 95, 101
52
42, 43, 69, 29, 27, 30, 70, 6, 12, 102, 72, 57, 4, 26, 16, 28, 85, 76, 67, 8, 32, 17, 73, 35, 31, 25, 55, 52, 100, 0, 2, 15, 9, 50, 93, 66, 19, 89, 36, 84, 74, 91, 94, 53, 38, 33, 34, 13, 41, 24, 10, 18, 63, 37, 92, 47, 60, 23, 49, 46, 103, 5, 51, 14, 82, 97, 3, 96, 39, 59, 75, 98, 11, 81, 83, 1, 58, 79, 86, 45, 62, 68, 87, 64, 20, 99, 21, 80, 22, 40, 7, 56, 61, 71, 44, 48, 78, 88, 90, 54, 65, 77, 95, 101
51
42, 43, 69, 29, 27, 30, 70, 6, 12, 102, 72, 57, 4, 26, 16, 28, 85, 76, 67, 8, 32, 17, 73, 35, 31, 25, 55, 52, 100, 0, 2, 15, 9, 50, 93, 66, 19, 89, 36, 84, 74, 91, 94, 53, 38, 33, 34, 13, 41, 24, 10, 18, 63, 37, 92, 47, 60, 23, 49, 46, 103, 5, 51, 14, 82, 97, 3, 96, 39, 59, 75, 98, 11, 81, 83, 1, 58, 79, 86, 45, 62, 68, 87, 64, 20, 99, 21, 80, 22, 40, 7, 56, 61, 71, 44, 48, 78, 88, 90, 54, 65, 77, 95, 101
50
42, 43, 69, 29, 27, 30, 70, 6, 12, 102, 72, 57, 4, 26, 16, 28, 85, 76, 67, 8, 32, 17, 73, 35, 31, 25, 55, 52, 100, 0, 2, 15, 9, 50, 93, 66, 19, 89, 36, 84, 74, 91, 94, 53, 38, 33, 34, 13, 41, 24, 10, 18, 63, 37, 92, 47, 60, 23, 49, 46, 103, 5, 51, 14, 82, 97, 3, 96, 39, 59, 75, 98, 11, 81, 83, 1, 58, 79, 86, 45, 62, 68, 87, 64, 20, 99, 21, 80, 22, 40, 7, 56, 61, 71, 44, 48, 78, 88, 90, 54, 65, 77, 95, 101
49
42, 43, 69, 29, 27, 30, 70, 6, 12, 102, 72, 57, 4, 26, 16, 28, 85, 76, 67, 8, 32, 17, 73, 35, 31, 25, 55, 52, 100, 0, 2, 15, 9, 50, 93, 66, 19, 89, 36, 84, 74, 91, 94, 53, 38, 33, 34, 13, 41, 24, 10, 18, 63, 37, 92, 47, 60, 23, 49, 46, 103, 5, 51, 14, 82, 97, 3, 96, 39, 59, 75, 98, 11, 81, 83, 1, 58, 79, 86, 45, 62, 68, 87, 64, 20, 99, 21, 80, 22, 40, 7, 56, 61, 71, 44, 48, 78, 88, 90, 54, 65, 77, 95, 101
48
42, 43, 69, 29, 27, 30, 70, 6, 12, 102, 72, 57, 4, 26, 16, 28, 85, 76, 67, 8, 32, 17, 73, 35, 31, 25, 55, 52, 100, 0, 2, 15, 9, 50, 93, 66, 19, 89, 36, 84, 74, 91, 94, 53, 38, 33, 34, 13, 41, 24, 10, 18, 63, 37, 92, 47, 60, 23, 49, 46, 103, 5, 51, 14, 82, 97, 3, 96, 39, 59, 75, 98, 11, 81, 83, 1, 58, 79, 86, 45, 62, 68, 87, 64, 20, 99, 21, 80, 22, 40, 7, 56, 61, 71, 44, 48, 78, 88, 90, 54, 65, 77, 95, 101
47
42, 43, 69, 29, 27, 30, 70, 6, 12, 102, 72, 57, 4, 26, 16, 28, 85, 76, 67, 8, 32, 17, 73, 35, 31, 25, 55, 52, 100, 0, 2, 15, 9, 50, 93, 66, 19, 89, 36, 84, 74, 91, 94, 53, 38, 33, 34, 13, 41, 24, 10, 18, 63, 37, 92, 47, 60, 23, 49, 46, 103, 5, 51, 14, 82, 97, 3, 96, 39, 59, 75, 98, 11, 81, 83, 1, 58, 79, 86, 45, 62, 68, 87, 64, 20, 99, 21, 80, 22, 40, 7, 56, 61, 71, 44, 48, 78, 88, 90, 54, 65, 77, 95, 101
46
42, 43, 69, 29, 27, 30, 70, 6, 12, 102, 72, 57, 4, 26, 16, 28, 85, 76, 67, 8, 32, 17, 73, 35, 31, 25, 55, 52, 100, 0, 2, 15, 9, 50, 93, 66, 19, 89, 36, 84, 74, 91, 94, 53, 38, 33, 34, 13, 41, 24, 10, 18, 63, 37, 92, 47, 60, 23, 49, 46, 103, 5, 51, 14, 82, 97, 3, 96, 39, 59, 75, 98, 11, 81, 83, 1, 58, 79, 86, 45, 62, 68, 87, 64, 20, 99, 21, 80, 22, 40, 7, 56, 61, 71, 44, 48, 78, 88, 90, 54, 65, 77, 95, 101
45
42, 43, 69, 29, 27, 30, 70, 6, 12, 102, 72, 57, 4, 26, 16, 28, 85, 76, 67, 8, 32, 17, 73, 35, 31, 25, 55, 52, 100, 0, 2, 15, 9, 50, 93, 66, 19, 89, 36, 84, 74, 91, 94, 53, 38, 33, 34, 13, 41, 24, 10, 18, 63, 37, 92, 47, 60, 23, 49, 46, 103, 5, 51, 14, 82, 97, 3, 96, 39, 59, 75, 98, 11, 81, 83, 1, 58, 79, 86, 45, 62, 68, 87, 64, 20, 99, 21, 80, 22, 40, 7, 56, 61, 71, 44, 48, 78, 88, 90, 54, 65, 77, 95, 101
44
42, 43, 69, 29, 27, 30, 70, 6, 12, 102, 72, 57, 4, 26, 16, 28, 85, 76, 67, 8, 32, 17, 73, 35, 31, 25, 55, 52, 100, 0, 2, 15, 9, 50, 93, 66, 19, 89, 36, 84, 74, 91, 94, 53, 38, 33, 34, 13, 41, 24, 10, 18, 63, 37, 92, 47, 60, 23, 49, 46, 103, 5, 51, 14, 82, 97, 3, 96, 39, 59, 75, 98, 11, 81, 83, 1, 58, 79, 86, 45, 62, 68, 87, 64, 20, 99, 21, 80, 22, 40, 7, 56, 61, 71, 44, 48, 78, 88, 90, 54, 65, 77, 95, 101
43
42, 43, 69, 29, 27, 30, 70, 6, 12, 102, 72, 57, 4, 26, 16, 28, 85, 76, 67, 8, 32, 17, 73, 35, 31, 25, 55, 52, 100, 0, 2, 15, 9, 50, 93, 66, 19, 89, 36, 84, 74, 91, 94, 53, 38, 33, 34, 13, 41, 24, 10, 18, 63, 37, 92, 47, 60, 23, 49, 46, 103, 5, 51, 14, 82, 97, 3, 96, 39, 59, 75, 98, 11, 81, 83, 1, 58, 79, 86, 45, 62, 68, 87, 64, 20, 99, 21, 80, 22, 40, 7, 56, 61, 71, 44, 48, 78, 88, 90, 54, 65, 77, 95, 101
42
42, 43, 69, 29, 27, 30, 70, 6, 12, 102, 72, 57, 4, 26, 16, 28, 85, 76, 67, 8, 32, 17, 73, 35, 31, 25, 55, 52, 100, 0, 2, 15, 9, 50, 93, 66, 19, 89, 36, 84, 74, 91, 94, 53, 38, 33, 34, 13, 41, 24, 10, 18, 63, 37, 92, 47, 60, 23, 49, 46, 103, 5, 51, 14, 82, 97, 3, 96, 39, 59, 75, 98, 11, 81, 83, 1, 58, 79, 86, 45, 62, 68, 87, 64, 20, 99, 21, 80, 22, 40, 7, 56, 61, 71, 44, 48, 78, 88, 90, 54, 65, 77, 95, 101
41
42, 43, 69, 29, 27, 30, 70, 6, 12, 102, 72, 57, 4, 26, 16, 28, 85, 76, 67, 8, 32, 17, 73, 35, 31, 25, 55, 52, 100, 0, 2, 15, 9, 50, 93, 66, 19, 89, 36, 84, 74, 91, 94, 53, 38, 33, 34, 13, 41, 24, 10, 18, 63, 37, 92, 47, 60, 23, 49, 46, 103, 5, 51, 14, 82, 97, 3, 96, 39, 59, 75, 98, 11, 81, 83, 1, 58, 79, 86, 45, 62, 68, 87, 64, 20, 99, 21, 80, 22, 40, 7, 56, 61, 71, 44, 48, 78, 88, 90, 54, 65, 77, 95, 101
40
42, 43, 69, 29, 27, 30, 70, 6, 12, 102, 72, 57, 4, 26, 16, 28, 85, 76, 67, 8, 32, 17, 73, 35, 31, 25, 55, 52, 100, 0, 2, 15, 9, 50, 93, 66, 19, 89, 36, 84, 74, 91, 94, 53, 38, 33, 34, 13, 41, 24, 10, 18, 63, 37, 92, 47, 60, 23, 49, 46, 103, 5, 51, 14, 82, 97, 3, 96, 39, 59, 75, 98, 11, 81, 83, 1, 58, 79, 86, 45, 62, 68, 87, 64, 20, 99, 21, 80, 22, 40, 7, 56, 61, 71, 44, 48, 78, 88, 90, 54, 65, 77, 95, 101
39
42, 43, 69, 29, 27, 30, 70, 6, 12, 102, 72, 57, 4, 26, 16, 28, 85, 76, 67, 8, 32, 17, 73, 35, 31, 25, 55, 52, 100, 0, 2, 15, 9, 50, 93, 66, 19, 89, 36, 84, 74, 91, 94, 53, 38, 33, 34, 13, 41, 24, 10, 18, 63, 37, 92, 47, 60, 23, 49, 46, 103, 5, 51, 14, 82, 97, 3, 96, 39, 59, 75, 98, 11, 81, 83, 1, 58, 79, 86, 45, 62, 68, 87, 64, 20, 99, 21, 80, 22, 40, 7, 56, 61, 71, 44, 48, 78, 88, 90, 54, 65, 77, 95, 101
38
42, 43, 69, 29, 27, 30, 70, 6, 12, 102, 72, 57, 4, 26, 16, 28, 85, 76, 67, 8, 32, 17, 73, 35, 31, 25, 55, 52, 100, 0, 2, 15, 9, 50, 93, 66, 19, 89, 36, 84, 74, 91, 94, 53, 38, 33, 34, 13, 41, 24, 10, 18, 63, 37, 92, 47, 60, 23, 49, 46, 103, 5, 51, 14, 82, 97, 3, 96, 39, 59, 75, 98, 11, 81, 83, 1, 58, 79, 86, 45, 62, 68, 87, 64, 20, 99, 21, 80, 22, 40, 7, 56, 61, 71, 44, 48, 78, 88, 90, 54, 65, 77, 95, 101
37
42, 43, 69, 29, 27, 30, 70, 6, 12, 102, 72, 57, 4, 26, 16, 28, 85, 76, 67, 8, 32, 17, 73, 35, 31, 25, 55, 52, 100, 0, 2, 15, 9, 50, 93, 66, 19, 89, 36, 84, 74, 91, 94, 53, 38, 33, 34, 13, 41, 24, 10, 18, 63, 37, 92, 47, 60, 23, 49, 46, 103, 5, 51, 14, 82, 97, 3, 96, 39, 59, 75, 98, 11, 81, 83, 1, 58, 79, 86, 45, 62, 68, 87, 64, 20, 99, 21, 80, 22, 40, 7, 56, 61, 71, 44, 48, 78, 88, 90, 54, 65, 77, 95, 101
36
42, 43, 69, 29, 27, 30, 70, 6, 12, 102, 72, 57, 4, 26, 16, 28, 85, 76, 67, 8, 32, 17, 73, 35, 31, 25, 55, 52, 100, 0, 2, 15, 9, 50, 93, 66, 19, 89, 36, 84, 74, 91, 94, 53, 38, 33, 34, 13, 41, 24, 10, 18, 63, 37, 92, 47, 60, 23, 49, 46, 103, 5, 51, 14, 82, 97, 3, 96, 39, 59, 75, 98, 11, 81, 83, 1, 58, 79, 86, 45, 62, 68, 87, 64, 20, 99, 21, 80, 22, 40, 7, 56, 61, 71, 44, 48, 78, 88, 90, 54, 65, 77, 95, 101
35
42, 43, 69, 29, 27, 30, 70, 6, 12, 102, 72, 57, 4, 26, 16, 28, 85, 76, 67, 8, 32, 17, 73, 35, 31, 25, 55, 52, 100, 0, 2, 15, 9, 50, 93, 66, 19, 89, 36, 84, 74, 91, 94, 53, 38, 33, 34, 13, 41, 24, 10, 18, 63, 37, 92, 47, 60, 23, 49, 46, 103, 5, 51, 14, 82, 97, 3, 96, 39, 59, 75, 98, 11, 81, 83, 1, 58, 79, 86, 45, 62, 68, 87, 64, 20, 99, 21, 80, 22, 40, 7, 56, 61, 71, 44, 48, 78, 88, 90, 54, 65, 77, 95, 101
34
42, 43, 69, 29, 27, 30, 70, 6, 12, 102, 72, 57, 4, 26, 16, 28, 85, 76, 67, 8, 32, 17, 73, 35, 31, 25, 55, 52, 100, 0, 2, 15, 9, 50, 93, 66, 19, 89, 36, 84, 74, 91, 94, 53, 38, 33, 34, 13, 41, 24, 10, 18, 63, 37, 92, 47, 60, 23, 49, 46, 103, 5, 51, 14, 82, 97, 3, 96, 39, 59, 75, 98, 11, 81, 83, 1, 58, 79, 86, 45, 62, 68, 87, 64, 20, 99, 21, 80, 22, 40, 7, 56, 61, 71, 44, 48, 78, 88, 90, 54, 65, 77, 95, 101
33
42, 43, 69, 29, 27, 30, 70, 6, 12, 102, 72, 57, 4, 26, 16, 28, 85, 76, 67, 8, 32, 17, 73, 35, 31, 25, 55, 52, 100, 0, 2, 15, 9, 50, 93, 66, 19, 89, 36, 84, 74, 91, 94, 53, 38, 33, 34, 13, 41, 24, 10, 18, 63, 37, 92, 47, 60, 23, 49, 46, 103, 5, 51, 14, 82, 97, 3, 96, 39, 59, 75, 98, 11, 81, 83, 1, 58, 79, 86, 45, 62, 68, 87, 64, 20, 99, 21, 80, 22, 40, 7, 56, 61, 71, 44, 48, 78, 88, 90, 54, 65, 77, 95, 101
32
42, 43, 69, 29, 27, 30, 70, 6, 12, 102, 72, 57, 4, 26, 16, 28, 85, 76, 67, 8, 32, 17, 73, 35, 31, 25, 55, 52, 100, 0, 2, 15, 9, 50, 93, 66, 19, 89, 36, 84, 74, 91, 94, 53, 38, 33, 34, 13, 41, 24, 10, 18, 63, 37, 92, 47, 60, 23, 49, 46, 103, 5, 51, 14, 82, 97, 3, 96, 39, 59, 75, 98, 11, 81, 83, 1, 58, 79, 86, 45, 62, 68, 87, 64, 20, 99, 21, 80, 22, 40, 7, 56, 61, 71, 44, 48, 78, 88, 90, 54, 65, 77, 95, 101
31
42, 43, 69, 29, 27, 30, 70, 6, 12, 102, 72, 57, 4, 26, 16, 28, 85, 76, 67, 8, 32, 17, 73, 35, 31, 25, 55, 52, 100, 0, 9, 50, 93, 66, 19, 89, 36, 84, 74, 91, 94, 53, 38, 33, 34, 41, 13, 2, 15, 24, 10, 18, 63, 37, 92, 47, 60, 23, 49, 46, 103, 5, 51, 14, 82, 97, 3, 96, 39, 59, 75, 98, 11, 81, 83, 1, 58, 79, 86, 45, 62, 68, 87, 64, 20, 99, 21, 80, 22, 40, 7, 56, 61, 71, 44, 48, 78, 88, 90, 54, 65, 77, 95, 101
30
42, 43, 69, 29, 27, 30, 70, 6, 12, 102, 72, 57, 4, 26, 16, 28, 85, 76, 67, 8, 32, 17, 73, 35, 52, 50, 93, 94, 10, 18, 63, 34, 96, 98, 59, 24, 60, 75, 37, 84, 41, 33, 92, 9, 100, 0, 66, 19, 25, 31, 55, 89, 36, 74, 91, 53, 38, 13, 2, 15, 47, 23, 49, 46, 103, 5, 51, 14, 82, 97, 3, 39, 11, 81, 83, 1, 58, 79, 86, 45, 62, 68, 87, 64, 20, 99, 21, 80, 22, 40, 7, 56, 61, 71, 44, 48, 78, 88, 90, 54, 65, 77, 95, 101
29
42, 43, 69, 29, 27, 30, 70, 6, 12, 102, 72, 57, 4, 26, 16, 28, 85, 76, 67, 8, 32, 17, 73, 52, 50, 93, 94, 10, 18, 63, 34, 96, 98, 59, 24, 60, 75, 37, 41, 33, 92, 9, 0, 66, 19, 25, 55, 31, 35, 84, 100, 89, 36, 74, 91, 53, 38, 13, 2, 15, 47, 23, 49, 46, 103, 5, 51, 14, 82, 97, 3, 39, 11, 81, 83, 1, 58, 79, 86, 45, 62, 68, 87, 64, 20, 99, 21, 80, 22, 40, 7, 56, 61, 71, 44, 48, 78, 88, 90, 54, 65, 77, 95, 101
Command exited with non-zero status 124
	Command being timed: "timeout 1h java -Xms1024g -Xmx1024g -Xss134m -cp ../src/pathwidth.jar Pathwidth ../benchmark_instances/2023result/docs/solver/benchmark/random_instance/random_instance008_graph005.col"
	User time (seconds): 6498.81
	System time (seconds): 55.84
	Percent of CPU this job got: 182%
	Elapsed (wall clock) time (h:mm:ss or m:ss): 1:00:00
	Average shared text size (kbytes): 0
	Average unshared data size (kbytes): 0
	Average stack size (kbytes): 0
	Average total size (kbytes): 0
	Maximum resident set size (kbytes): 68383188
	Average resident set size (kbytes): 0
	Major (requiring I/O) page faults: 0
	Minor (reclaiming a frame) page faults: 1223341
	Voluntary context switches: 246558
	Involuntary context switches: 10161
	Swaps: 0
	File system inputs: 8
	File system outputs: 2992
	Socket messages sent: 0
	Socket messages received: 0
	Signals delivered: 0
	Page size (bytes): 4096
	Exit status: 124
