../benchmark_instances/2023result/docs/solver/benchmark/random_instance/random_instance003_graph004.col
39
7, 11, 4, 0, 2, 24, 31, 37, 30, 20, 3, 1, 23, 22, 26, 5, 10, 17, 12, 6, 16, 9, 21, 27, 32, 18, 8, 14, 19, 25, 28, 34, 36, 13, 15, 29, 33, 35, 38
38
7, 11, 4, 0, 2, 24, 31, 37, 30, 20, 3, 1, 23, 22, 26, 5, 10, 17, 12, 6, 16, 9, 21, 27, 32, 18, 8, 14, 19, 25, 28, 34, 36, 13, 15, 29, 33, 35, 38
37
7, 11, 4, 0, 2, 24, 31, 37, 30, 20, 3, 1, 23, 22, 26, 5, 10, 17, 12, 6, 16, 9, 21, 27, 32, 18, 8, 14, 19, 25, 28, 34, 36, 13, 15, 29, 33, 35, 38
36
7, 11, 4, 0, 2, 24, 31, 37, 30, 20, 3, 1, 23, 22, 26, 5, 10, 17, 12, 6, 16, 9, 21, 27, 32, 18, 8, 14, 19, 25, 28, 34, 36, 13, 15, 29, 33, 35, 38
35
7, 11, 4, 0, 2, 24, 31, 37, 30, 20, 3, 1, 23, 22, 26, 5, 10, 17, 12, 6, 16, 9, 21, 27, 32, 18, 8, 14, 19, 25, 28, 34, 36, 13, 15, 29, 33, 35, 38
34
7, 11, 4, 0, 2, 24, 31, 37, 30, 20, 3, 1, 23, 22, 26, 5, 10, 17, 12, 6, 16, 9, 21, 27, 32, 18, 8, 14, 19, 25, 28, 34, 36, 13, 15, 29, 33, 35, 38
33
7, 11, 4, 0, 2, 24, 31, 37, 30, 20, 3, 1, 23, 22, 26, 5, 10, 17, 12, 6, 16, 9, 21, 27, 32, 18, 8, 14, 19, 25, 28, 34, 36, 13, 15, 29, 33, 35, 38
32
7, 11, 4, 0, 2, 24, 31, 37, 30, 20, 3, 1, 23, 22, 26, 5, 10, 17, 12, 6, 16, 9, 21, 27, 32, 18, 8, 14, 19, 25, 28, 34, 36, 13, 15, 29, 33, 35, 38
31
7, 11, 4, 0, 2, 24, 31, 37, 30, 20, 3, 1, 23, 22, 26, 5, 10, 17, 12, 6, 16, 9, 21, 27, 32, 18, 8, 14, 19, 25, 28, 34, 36, 13, 15, 29, 33, 35, 38
30
7, 11, 4, 0, 2, 24, 31, 37, 30, 20, 3, 1, 23, 22, 26, 5, 10, 17, 12, 6, 16, 9, 21, 27, 32, 18, 8, 14, 19, 25, 28, 34, 36, 13, 15, 29, 33, 35, 38
29
7, 11, 4, 0, 2, 24, 31, 37, 30, 20, 3, 1, 23, 22, 26, 5, 10, 17, 12, 6, 16, 9, 21, 27, 32, 18, 8, 14, 19, 25, 28, 34, 36, 13, 15, 29, 33, 35, 38
28
7, 11, 4, 0, 2, 24, 31, 37, 30, 20, 3, 1, 23, 22, 26, 5, 10, 17, 12, 6, 16, 9, 21, 27, 32, 18, 8, 14, 19, 25, 28, 34, 36, 13, 15, 29, 33, 35, 38
27
7, 11, 4, 0, 2, 24, 31, 37, 30, 20, 3, 1, 23, 22, 26, 5, 10, 17, 12, 6, 16, 9, 21, 27, 32, 18, 8, 14, 19, 25, 28, 34, 36, 13, 15, 29, 33, 35, 38
26
7, 11, 4, 0, 2, 24, 31, 37, 30, 20, 3, 1, 23, 22, 26, 5, 10, 17, 12, 6, 16, 9, 21, 27, 32, 18, 8, 14, 19, 25, 28, 34, 36, 13, 15, 29, 33, 35, 38
25
7, 11, 4, 0, 2, 24, 31, 37, 30, 20, 3, 1, 23, 22, 26, 5, 10, 17, 12, 6, 16, 9, 21, 27, 32, 18, 8, 14, 19, 25, 28, 34, 36, 13, 15, 29, 33, 35, 38
24
7, 11, 4, 0, 2, 24, 31, 37, 30, 20, 3, 1, 23, 22, 26, 5, 10, 17, 12, 6, 16, 9, 21, 27, 32, 18, 8, 14, 19, 25, 28, 34, 36, 13, 15, 29, 33, 35, 38
23
7, 11, 4, 0, 2, 24, 31, 37, 30, 20, 3, 1, 23, 22, 26, 5, 10, 17, 12, 6, 16, 9, 21, 27, 32, 18, 8, 14, 19, 25, 28, 34, 36, 13, 15, 29, 33, 35, 38
22
7, 11, 4, 0, 2, 24, 31, 37, 30, 20, 3, 1, 23, 22, 26, 5, 10, 17, 12, 6, 16, 9, 21, 27, 32, 18, 8, 14, 19, 25, 28, 34, 36, 13, 15, 29, 33, 35, 38
21
7, 11, 4, 0, 2, 24, 31, 37, 30, 20, 3, 1, 23, 22, 26, 5, 10, 17, 12, 6, 16, 9, 21, 27, 32, 18, 8, 14, 19, 25, 28, 34, 36, 13, 15, 29, 33, 35, 38
20
7, 11, 4, 0, 2, 24, 31, 37, 30, 20, 3, 1, 23, 22, 26, 5, 10, 17, 12, 6, 16, 9, 21, 27, 32, 18, 8, 14, 19, 25, 28, 34, 36, 13, 15, 29, 33, 35, 38
19
7, 11, 4, 0, 2, 24, 31, 37, 30, 20, 3, 1, 23, 22, 26, 5, 10, 17, 12, 6, 16, 9, 21, 27, 32, 18, 8, 14, 19, 25, 28, 34, 36, 13, 15, 29, 33, 35, 38
18
7, 11, 4, 0, 2, 24, 31, 37, 30, 20, 3, 1, 23, 22, 26, 5, 10, 17, 12, 6, 16, 9, 21, 27, 32, 18, 8, 14, 19, 25, 28, 34, 36, 13, 15, 29, 33, 35, 38
17
7, 11, 4, 0, 2, 24, 31, 37, 30, 20, 3, 1, 23, 22, 26, 5, 10, 17, 12, 6, 16, 9, 21, 27, 32, 18, 8, 14, 19, 25, 28, 34, 36, 13, 15, 29, 33, 35, 38
16
7, 11, 4, 0, 2, 24, 31, 37, 30, 20, 3, 1, 23, 22, 26, 5, 10, 17, 12, 6, 16, 9, 21, 27, 32, 18, 8, 14, 19, 25, 28, 34, 36, 13, 15, 29, 33, 35, 38
15
7, 11, 4, 0, 2, 30, 1, 27, 32, 5, 26, 12, 9, 21, 18, 34, 14, 16, 20, 24, 37, 31, 3, 23, 22, 10, 17, 6, 8, 19, 25, 28, 36, 13, 15, 29, 33, 35, 38
14
7, 11, 4, 26, 14, 22, 33, 29, 25, 19, 38, 10, 31, 24, 23, 34, 27, 2, 0, 18, 5, 1, 12, 9, 21, 16, 30, 32, 20, 37, 3, 17, 6, 8, 28, 36, 13, 15, 35
../benchmark_instances/2023result/docs/solver/benchmark/random_instance/random_instance003_graph004.col	39	117	14	149
	Command being timed: "timeout 1h java -Xms1024g -Xmx1024g -Xss134m -cp ../src/pathwidth.jar Pathwidth ../benchmark_instances/2023result/docs/solver/benchmark/random_instance/random_instance003_graph004.col"
	User time (seconds): 0.92
	System time (seconds): 1.47
	Percent of CPU this job got: 120%
	Elapsed (wall clock) time (h:mm:ss or m:ss): 0:01.99
	Average shared text size (kbytes): 0
	Average unshared data size (kbytes): 0
	Average stack size (kbytes): 0
	Average total size (kbytes): 0
	Maximum resident set size (kbytes): 4941328
	Average resident set size (kbytes): 0
	Major (requiring I/O) page faults: 0
	Minor (reclaiming a frame) page faults: 143018
	Voluntary context switches: 2168
	Involuntary context switches: 11
	Swaps: 0
	File system inputs: 8
	File system outputs: 72
	Socket messages sent: 0
	Socket messages received: 0
	Signals delivered: 0
	Page size (bytes): 4096
	Exit status: 0
