../benchmark_instances/2023result/docs/solver/benchmark/random_instance/random_instance006_graph002.col
78
51, 49, 73, 20, 26, 41, 8, 62, 75, 14, 34, 7, 68, 1, 6, 4, 16, 11, 44, 56, 31, 2, 12, 36, 46, 18, 13, 29, 15, 9, 24, 33, 35, 60, 39, 58, 47, 48, 50, 67, 25, 64, 69, 19, 53, 55, 65, 38, 21, 23, 22, 59, 27, 3, 10, 77, 0, 57, 71, 5, 28, 45, 63, 17, 40, 42, 61, 70, 74, 32, 52, 66, 76, 30, 37, 43, 54, 72
77
51, 49, 73, 20, 26, 41, 8, 62, 75, 14, 34, 7, 68, 1, 6, 4, 16, 11, 44, 56, 31, 2, 12, 36, 46, 18, 13, 29, 15, 9, 24, 33, 35, 60, 39, 58, 47, 48, 50, 67, 25, 64, 69, 19, 53, 55, 65, 38, 21, 23, 22, 59, 27, 3, 10, 77, 0, 57, 71, 5, 28, 45, 63, 17, 40, 42, 61, 70, 74, 32, 52, 66, 76, 30, 37, 43, 54, 72
76
51, 49, 73, 20, 26, 41, 8, 62, 75, 14, 34, 7, 68, 1, 6, 4, 16, 11, 44, 56, 31, 2, 12, 36, 46, 18, 13, 29, 15, 9, 24, 33, 35, 60, 39, 58, 47, 48, 50, 67, 25, 64, 69, 19, 53, 55, 65, 38, 21, 23, 22, 59, 27, 3, 10, 77, 0, 57, 71, 5, 28, 45, 63, 17, 40, 42, 61, 70, 74, 32, 52, 66, 76, 30, 37, 43, 54, 72
75
51, 49, 73, 20, 26, 41, 8, 62, 75, 14, 34, 7, 68, 1, 6, 4, 16, 11, 44, 56, 31, 2, 12, 36, 46, 18, 13, 29, 15, 9, 24, 33, 35, 60, 39, 58, 47, 48, 50, 67, 25, 64, 69, 19, 53, 55, 65, 38, 21, 23, 22, 59, 27, 3, 10, 77, 0, 57, 71, 5, 28, 45, 63, 17, 40, 42, 61, 70, 74, 32, 52, 66, 76, 30, 37, 43, 54, 72
74
51, 49, 73, 20, 26, 41, 8, 62, 75, 14, 34, 7, 68, 1, 6, 4, 16, 11, 44, 56, 31, 2, 12, 36, 46, 18, 13, 29, 15, 9, 24, 33, 35, 60, 39, 58, 47, 48, 50, 67, 25, 64, 69, 19, 53, 55, 65, 38, 21, 23, 22, 59, 27, 3, 10, 77, 0, 57, 71, 5, 28, 45, 63, 17, 40, 42, 61, 70, 74, 32, 52, 66, 76, 30, 37, 43, 54, 72
73
51, 49, 73, 20, 26, 41, 8, 62, 75, 14, 34, 7, 68, 1, 6, 4, 16, 11, 44, 56, 31, 2, 12, 36, 46, 18, 13, 29, 15, 9, 24, 33, 35, 60, 39, 58, 47, 48, 50, 67, 25, 64, 69, 19, 53, 55, 65, 38, 21, 23, 22, 59, 27, 3, 10, 77, 0, 57, 71, 5, 28, 45, 63, 17, 40, 42, 61, 70, 74, 32, 52, 66, 76, 30, 37, 43, 54, 72
72
51, 49, 73, 20, 26, 41, 8, 62, 75, 14, 34, 7, 68, 1, 6, 4, 16, 11, 44, 56, 31, 2, 12, 36, 46, 18, 13, 29, 15, 9, 24, 33, 35, 60, 39, 58, 47, 48, 50, 67, 25, 64, 69, 19, 53, 55, 65, 38, 21, 23, 22, 59, 27, 3, 10, 77, 0, 57, 71, 5, 28, 45, 63, 17, 40, 42, 61, 70, 74, 32, 52, 66, 76, 30, 37, 43, 54, 72
71
51, 49, 73, 20, 26, 41, 8, 62, 75, 14, 34, 7, 68, 1, 6, 4, 16, 11, 44, 56, 31, 2, 12, 36, 46, 18, 13, 29, 15, 9, 24, 33, 35, 60, 39, 58, 47, 48, 50, 67, 25, 64, 69, 19, 53, 55, 65, 38, 21, 23, 22, 59, 27, 3, 10, 77, 0, 57, 71, 5, 28, 45, 63, 17, 40, 42, 61, 70, 74, 32, 52, 66, 76, 30, 37, 43, 54, 72
70
51, 49, 73, 20, 26, 41, 8, 62, 75, 14, 34, 7, 68, 1, 6, 4, 16, 11, 44, 56, 31, 2, 12, 36, 46, 18, 13, 29, 15, 9, 24, 33, 35, 60, 39, 58, 47, 48, 50, 67, 25, 64, 69, 19, 53, 55, 65, 38, 21, 23, 22, 59, 27, 3, 10, 77, 0, 57, 71, 5, 28, 45, 63, 17, 40, 42, 61, 70, 74, 32, 52, 66, 76, 30, 37, 43, 54, 72
69
51, 49, 73, 20, 26, 41, 8, 62, 75, 14, 34, 7, 68, 1, 6, 4, 16, 11, 44, 56, 31, 2, 12, 36, 46, 18, 13, 29, 15, 9, 24, 33, 35, 60, 39, 58, 47, 48, 50, 67, 25, 64, 69, 19, 53, 55, 65, 38, 21, 23, 22, 59, 27, 3, 10, 77, 0, 57, 71, 5, 28, 45, 63, 17, 40, 42, 61, 70, 74, 32, 52, 66, 76, 30, 37, 43, 54, 72
68
51, 49, 73, 20, 26, 41, 8, 62, 75, 14, 34, 7, 68, 1, 6, 4, 16, 11, 44, 56, 31, 2, 12, 36, 46, 18, 13, 29, 15, 9, 24, 33, 35, 60, 39, 58, 47, 48, 50, 67, 25, 64, 69, 19, 53, 55, 65, 38, 21, 23, 22, 59, 27, 3, 10, 77, 0, 57, 71, 5, 28, 45, 63, 17, 40, 42, 61, 70, 74, 32, 52, 66, 76, 30, 37, 43, 54, 72
67
51, 49, 73, 20, 26, 41, 8, 62, 75, 14, 34, 7, 68, 1, 6, 4, 16, 11, 44, 56, 31, 2, 12, 36, 46, 18, 13, 29, 15, 9, 24, 33, 35, 60, 39, 58, 47, 48, 50, 67, 25, 64, 69, 19, 53, 55, 65, 38, 21, 23, 22, 59, 27, 3, 10, 77, 0, 57, 71, 5, 28, 45, 63, 17, 40, 42, 61, 70, 74, 32, 52, 66, 76, 30, 37, 43, 54, 72
66
51, 49, 73, 20, 26, 41, 8, 62, 75, 14, 34, 7, 68, 1, 6, 4, 16, 11, 44, 56, 31, 2, 12, 36, 46, 18, 13, 29, 15, 9, 24, 33, 35, 60, 39, 58, 47, 48, 50, 67, 25, 64, 69, 19, 53, 55, 65, 38, 21, 23, 22, 59, 27, 3, 10, 77, 0, 57, 71, 5, 28, 45, 63, 17, 40, 42, 61, 70, 74, 32, 52, 66, 76, 30, 37, 43, 54, 72
65
51, 49, 73, 20, 26, 41, 8, 62, 75, 14, 34, 7, 68, 1, 6, 4, 16, 11, 44, 56, 31, 2, 12, 36, 46, 18, 13, 29, 15, 9, 24, 33, 35, 60, 39, 58, 47, 48, 50, 67, 25, 64, 69, 19, 53, 55, 65, 38, 21, 23, 22, 59, 27, 3, 10, 77, 0, 57, 71, 5, 28, 45, 63, 17, 40, 42, 61, 70, 74, 32, 52, 66, 76, 30, 37, 43, 54, 72
64
51, 49, 73, 20, 26, 41, 8, 62, 75, 14, 34, 7, 68, 1, 6, 4, 16, 11, 44, 56, 31, 2, 12, 36, 46, 18, 13, 29, 15, 9, 24, 33, 35, 60, 39, 58, 47, 48, 50, 67, 25, 64, 69, 19, 53, 55, 65, 38, 21, 23, 22, 59, 27, 3, 10, 77, 0, 57, 71, 5, 28, 45, 63, 17, 40, 42, 61, 70, 74, 32, 52, 66, 76, 30, 37, 43, 54, 72
63
51, 49, 73, 20, 26, 41, 8, 62, 75, 14, 34, 7, 68, 1, 6, 4, 16, 11, 44, 56, 31, 2, 12, 36, 46, 18, 13, 29, 15, 9, 24, 33, 35, 60, 39, 58, 47, 48, 50, 67, 25, 64, 69, 19, 53, 55, 65, 38, 21, 23, 22, 59, 27, 3, 10, 77, 0, 57, 71, 5, 28, 45, 63, 17, 40, 42, 61, 70, 74, 32, 52, 66, 76, 30, 37, 43, 54, 72
62
51, 49, 73, 20, 26, 41, 8, 62, 75, 14, 34, 7, 68, 1, 6, 4, 16, 11, 44, 56, 31, 2, 12, 36, 46, 18, 13, 29, 15, 9, 24, 33, 35, 60, 39, 58, 47, 48, 50, 67, 25, 64, 69, 19, 53, 55, 65, 38, 21, 23, 22, 59, 27, 3, 10, 77, 0, 57, 71, 5, 28, 45, 63, 17, 40, 42, 61, 70, 74, 32, 52, 66, 76, 30, 37, 43, 54, 72
61
51, 49, 73, 20, 26, 41, 8, 62, 75, 14, 34, 7, 68, 1, 6, 4, 16, 11, 44, 56, 31, 2, 12, 36, 46, 18, 13, 29, 15, 9, 24, 33, 35, 60, 39, 58, 47, 48, 50, 67, 25, 64, 69, 19, 53, 55, 65, 38, 21, 23, 22, 59, 27, 3, 10, 77, 0, 57, 71, 5, 28, 45, 63, 17, 40, 42, 61, 70, 74, 32, 52, 66, 76, 30, 37, 43, 54, 72
60
51, 49, 73, 20, 26, 41, 8, 62, 75, 14, 34, 7, 68, 1, 6, 4, 16, 11, 44, 56, 31, 2, 12, 36, 46, 18, 13, 29, 15, 9, 24, 33, 35, 60, 39, 58, 47, 48, 50, 67, 25, 64, 69, 19, 53, 55, 65, 38, 21, 23, 22, 59, 27, 3, 10, 77, 0, 57, 71, 5, 28, 45, 63, 17, 40, 42, 61, 70, 74, 32, 52, 66, 76, 30, 37, 43, 54, 72
59
51, 49, 73, 20, 26, 41, 8, 62, 75, 14, 34, 7, 68, 1, 6, 4, 16, 11, 44, 56, 31, 2, 12, 36, 46, 18, 13, 29, 15, 9, 24, 33, 35, 60, 39, 58, 47, 48, 50, 67, 25, 64, 69, 19, 53, 55, 65, 38, 21, 23, 22, 59, 27, 3, 10, 77, 0, 57, 71, 5, 28, 45, 63, 17, 40, 42, 61, 70, 74, 32, 52, 66, 76, 30, 37, 43, 54, 72
58
51, 49, 73, 20, 26, 41, 8, 62, 75, 14, 34, 7, 68, 1, 6, 4, 16, 11, 44, 56, 31, 2, 12, 36, 46, 18, 13, 29, 15, 9, 24, 33, 35, 60, 39, 58, 47, 48, 50, 67, 25, 64, 69, 19, 53, 55, 65, 38, 21, 23, 22, 59, 27, 3, 10, 77, 0, 57, 71, 5, 28, 45, 63, 17, 40, 42, 61, 70, 74, 32, 52, 66, 76, 30, 37, 43, 54, 72
57
51, 49, 73, 20, 26, 41, 8, 62, 75, 14, 34, 7, 68, 1, 6, 4, 16, 11, 44, 56, 31, 2, 12, 36, 46, 18, 13, 29, 15, 9, 24, 33, 35, 60, 39, 58, 47, 48, 50, 67, 25, 64, 69, 19, 53, 55, 65, 38, 21, 23, 22, 59, 27, 3, 10, 77, 0, 57, 71, 5, 28, 45, 63, 17, 40, 42, 61, 70, 74, 32, 52, 66, 76, 30, 37, 43, 54, 72
56
51, 49, 73, 20, 26, 41, 8, 62, 75, 14, 34, 7, 68, 1, 6, 4, 16, 11, 44, 56, 31, 2, 12, 36, 46, 18, 13, 29, 15, 9, 24, 33, 35, 60, 39, 58, 47, 48, 50, 67, 25, 64, 69, 19, 53, 55, 65, 38, 21, 23, 22, 59, 27, 3, 10, 77, 0, 57, 71, 5, 28, 45, 63, 17, 40, 42, 61, 70, 74, 32, 52, 66, 76, 30, 37, 43, 54, 72
55
51, 49, 73, 20, 26, 41, 8, 62, 75, 14, 34, 7, 68, 1, 6, 4, 16, 11, 44, 56, 31, 2, 12, 36, 46, 18, 13, 29, 15, 9, 24, 33, 35, 60, 39, 58, 47, 48, 50, 67, 25, 64, 69, 19, 53, 55, 65, 38, 21, 23, 22, 59, 27, 3, 10, 77, 0, 57, 71, 5, 28, 45, 63, 17, 40, 42, 61, 70, 74, 32, 52, 66, 76, 30, 37, 43, 54, 72
54
51, 49, 73, 20, 26, 41, 8, 62, 75, 14, 34, 7, 68, 1, 6, 4, 16, 11, 44, 56, 31, 2, 12, 36, 46, 18, 13, 29, 15, 9, 24, 33, 35, 60, 39, 58, 47, 48, 50, 67, 25, 64, 69, 19, 53, 55, 65, 38, 21, 23, 22, 59, 27, 3, 10, 77, 0, 57, 71, 5, 28, 45, 63, 17, 40, 42, 61, 70, 74, 32, 52, 66, 76, 30, 37, 43, 54, 72
53
51, 49, 73, 20, 26, 41, 8, 62, 75, 14, 34, 7, 68, 1, 6, 4, 16, 11, 44, 56, 31, 2, 12, 36, 46, 18, 13, 29, 15, 9, 24, 33, 35, 60, 39, 58, 47, 48, 50, 67, 25, 64, 69, 19, 53, 55, 65, 38, 21, 23, 22, 59, 27, 3, 10, 77, 0, 57, 71, 5, 28, 45, 63, 17, 40, 42, 61, 70, 74, 32, 52, 66, 76, 30, 37, 43, 54, 72
52
51, 49, 73, 20, 26, 41, 8, 62, 75, 14, 34, 7, 68, 1, 6, 4, 16, 11, 44, 56, 31, 2, 12, 36, 46, 18, 13, 29, 15, 9, 24, 33, 35, 60, 39, 58, 47, 48, 50, 67, 25, 64, 69, 19, 53, 55, 65, 38, 21, 23, 22, 59, 27, 3, 10, 77, 0, 57, 71, 5, 28, 45, 63, 17, 40, 42, 61, 70, 74, 32, 52, 66, 76, 30, 37, 43, 54, 72
51
51, 49, 73, 20, 26, 41, 8, 62, 75, 14, 34, 7, 68, 1, 6, 4, 16, 11, 44, 56, 31, 2, 12, 36, 46, 18, 13, 29, 15, 9, 24, 33, 35, 60, 39, 58, 47, 48, 50, 67, 25, 64, 69, 19, 53, 55, 65, 38, 21, 23, 22, 59, 27, 3, 10, 77, 0, 57, 71, 5, 28, 45, 63, 17, 40, 42, 61, 70, 74, 32, 52, 66, 76, 30, 37, 43, 54, 72
50
51, 49, 73, 20, 26, 41, 8, 62, 75, 14, 34, 7, 68, 1, 6, 4, 16, 11, 44, 56, 31, 2, 12, 36, 46, 18, 13, 29, 15, 9, 24, 33, 35, 60, 39, 58, 47, 48, 50, 67, 25, 64, 69, 19, 53, 55, 65, 38, 21, 23, 22, 59, 27, 3, 10, 77, 0, 57, 71, 5, 28, 45, 63, 17, 40, 42, 61, 70, 74, 32, 52, 66, 76, 30, 37, 43, 54, 72
49
51, 49, 73, 20, 26, 41, 8, 62, 75, 14, 34, 7, 68, 1, 6, 4, 16, 11, 44, 56, 31, 2, 12, 36, 46, 18, 13, 29, 15, 9, 24, 33, 35, 60, 39, 58, 47, 48, 50, 67, 25, 64, 69, 19, 53, 55, 65, 38, 21, 23, 22, 59, 27, 3, 10, 77, 0, 57, 71, 5, 28, 45, 63, 17, 40, 42, 61, 70, 74, 32, 52, 66, 76, 30, 37, 43, 54, 72
48
51, 49, 73, 20, 26, 41, 8, 62, 75, 14, 34, 7, 68, 1, 6, 4, 16, 11, 44, 56, 31, 2, 12, 36, 46, 18, 13, 29, 15, 9, 24, 33, 35, 60, 39, 58, 47, 48, 50, 67, 25, 64, 69, 19, 53, 55, 65, 38, 21, 23, 22, 59, 27, 3, 10, 77, 0, 57, 71, 5, 28, 45, 63, 17, 40, 42, 61, 70, 74, 32, 52, 66, 76, 30, 37, 43, 54, 72
47
51, 49, 73, 20, 26, 41, 8, 62, 75, 14, 34, 7, 68, 1, 6, 4, 16, 11, 44, 56, 31, 2, 12, 36, 46, 18, 13, 29, 15, 9, 24, 33, 35, 60, 39, 58, 47, 48, 50, 67, 25, 64, 69, 19, 53, 55, 65, 38, 21, 23, 22, 59, 27, 3, 10, 77, 0, 57, 71, 5, 28, 45, 63, 17, 40, 42, 61, 70, 74, 32, 52, 66, 76, 30, 37, 43, 54, 72
46
51, 49, 73, 20, 26, 41, 8, 62, 75, 14, 34, 7, 68, 1, 6, 4, 16, 11, 44, 56, 31, 2, 12, 36, 46, 18, 13, 29, 15, 9, 24, 33, 35, 60, 39, 58, 47, 48, 50, 67, 25, 64, 69, 19, 53, 55, 65, 38, 21, 23, 22, 59, 27, 3, 10, 77, 0, 57, 71, 5, 28, 45, 63, 17, 40, 42, 61, 70, 74, 32, 52, 66, 76, 30, 37, 43, 54, 72
45
51, 49, 73, 20, 26, 41, 8, 62, 75, 14, 34, 7, 68, 1, 6, 4, 16, 11, 44, 56, 31, 2, 12, 36, 46, 18, 13, 29, 15, 9, 24, 33, 35, 60, 39, 58, 47, 48, 50, 67, 25, 64, 69, 19, 53, 55, 65, 38, 21, 23, 22, 59, 27, 3, 10, 77, 0, 57, 71, 5, 28, 45, 63, 17, 40, 42, 61, 70, 74, 32, 52, 66, 76, 30, 37, 43, 54, 72
44
51, 49, 73, 20, 26, 41, 8, 62, 75, 14, 34, 7, 68, 1, 6, 4, 16, 11, 44, 56, 31, 2, 12, 36, 46, 18, 13, 29, 15, 9, 24, 33, 35, 60, 39, 58, 47, 48, 50, 67, 25, 64, 69, 19, 53, 55, 65, 38, 21, 23, 22, 59, 27, 3, 10, 77, 0, 57, 71, 5, 28, 45, 63, 17, 40, 42, 61, 70, 74, 32, 52, 66, 76, 30, 37, 43, 54, 72
43
51, 49, 73, 20, 26, 41, 8, 62, 75, 14, 34, 7, 68, 1, 6, 4, 16, 11, 44, 56, 31, 2, 12, 36, 46, 18, 13, 29, 15, 9, 24, 33, 35, 60, 39, 58, 47, 48, 50, 67, 25, 64, 69, 19, 53, 55, 65, 38, 21, 23, 22, 59, 27, 3, 10, 77, 0, 57, 71, 5, 28, 45, 63, 17, 40, 42, 61, 70, 74, 32, 52, 66, 76, 30, 37, 43, 54, 72
42
51, 49, 73, 20, 26, 41, 8, 62, 75, 14, 34, 7, 68, 1, 6, 4, 16, 11, 44, 56, 31, 2, 12, 36, 46, 18, 13, 29, 15, 9, 24, 33, 35, 60, 39, 58, 47, 48, 50, 67, 25, 64, 69, 19, 53, 55, 65, 38, 21, 23, 22, 59, 27, 3, 10, 77, 0, 57, 71, 5, 28, 45, 63, 17, 40, 42, 61, 70, 74, 32, 52, 66, 76, 30, 37, 43, 54, 72
41
51, 49, 73, 20, 26, 41, 8, 62, 75, 14, 34, 7, 68, 1, 6, 4, 16, 11, 44, 56, 31, 2, 12, 36, 46, 18, 13, 29, 15, 9, 24, 33, 35, 60, 39, 58, 47, 48, 50, 67, 25, 64, 69, 19, 53, 55, 65, 38, 21, 23, 22, 59, 27, 3, 10, 77, 0, 57, 71, 5, 28, 45, 63, 17, 40, 42, 61, 70, 74, 32, 52, 66, 76, 30, 37, 43, 54, 72
40
51, 49, 73, 20, 26, 41, 8, 62, 75, 14, 34, 7, 68, 1, 6, 4, 16, 11, 44, 56, 31, 2, 12, 36, 46, 18, 13, 29, 15, 9, 24, 33, 35, 60, 39, 58, 47, 48, 50, 67, 25, 64, 69, 19, 53, 55, 65, 38, 21, 23, 22, 59, 27, 3, 10, 77, 0, 57, 71, 5, 28, 45, 63, 17, 40, 42, 61, 70, 74, 32, 52, 66, 76, 30, 37, 43, 54, 72
39
51, 49, 73, 20, 26, 41, 8, 62, 75, 14, 34, 7, 68, 1, 6, 4, 16, 11, 44, 56, 31, 2, 12, 36, 46, 18, 13, 29, 15, 9, 24, 33, 35, 60, 39, 58, 47, 48, 50, 67, 25, 64, 69, 19, 53, 55, 65, 38, 21, 23, 22, 59, 27, 3, 10, 77, 0, 57, 71, 5, 28, 45, 63, 17, 40, 42, 61, 70, 74, 32, 52, 66, 76, 30, 37, 43, 54, 72
38
51, 49, 73, 20, 26, 41, 8, 62, 75, 14, 34, 7, 68, 1, 6, 4, 16, 11, 44, 56, 31, 2, 12, 36, 46, 18, 13, 29, 15, 9, 24, 33, 35, 60, 39, 58, 47, 48, 50, 67, 25, 64, 69, 19, 53, 55, 65, 38, 21, 23, 22, 59, 27, 3, 10, 77, 0, 57, 71, 5, 28, 45, 63, 17, 40, 42, 61, 70, 74, 32, 52, 66, 76, 30, 37, 43, 54, 72
37
51, 49, 73, 20, 26, 41, 8, 62, 75, 14, 34, 7, 68, 1, 6, 4, 16, 11, 44, 56, 31, 2, 12, 36, 46, 18, 13, 29, 15, 9, 24, 33, 35, 60, 39, 58, 47, 48, 50, 67, 25, 64, 69, 19, 53, 55, 65, 38, 21, 23, 22, 59, 27, 3, 10, 77, 0, 57, 71, 5, 28, 45, 63, 17, 40, 42, 61, 70, 74, 32, 52, 66, 76, 30, 37, 43, 54, 72
36
51, 49, 73, 20, 26, 41, 8, 62, 75, 14, 34, 7, 68, 1, 6, 4, 16, 11, 44, 56, 31, 2, 12, 36, 46, 18, 13, 29, 15, 9, 24, 33, 35, 60, 39, 58, 47, 48, 50, 67, 25, 64, 69, 19, 53, 55, 65, 38, 21, 23, 22, 59, 27, 3, 10, 77, 0, 57, 71, 5, 28, 45, 63, 17, 40, 42, 61, 70, 74, 32, 52, 66, 76, 30, 37, 43, 54, 72
35
51, 49, 73, 20, 26, 41, 8, 62, 75, 14, 34, 7, 68, 1, 6, 4, 16, 11, 44, 56, 31, 2, 12, 36, 46, 18, 13, 29, 15, 9, 24, 33, 35, 60, 39, 58, 47, 48, 50, 67, 25, 64, 69, 19, 53, 55, 65, 38, 21, 23, 22, 59, 27, 3, 10, 77, 0, 57, 71, 5, 28, 45, 63, 17, 40, 42, 61, 70, 74, 32, 52, 66, 76, 30, 37, 43, 54, 72
34
51, 49, 73, 20, 26, 41, 8, 62, 75, 14, 34, 7, 68, 1, 6, 4, 16, 11, 44, 56, 31, 2, 12, 36, 46, 18, 13, 29, 15, 9, 24, 33, 35, 60, 39, 58, 47, 48, 50, 67, 25, 64, 69, 19, 53, 55, 65, 38, 21, 23, 22, 59, 27, 3, 10, 77, 0, 57, 71, 5, 28, 45, 63, 17, 40, 42, 61, 70, 74, 32, 52, 66, 76, 30, 37, 43, 54, 72
33
51, 49, 73, 20, 26, 41, 8, 62, 75, 14, 34, 7, 68, 1, 6, 4, 16, 11, 44, 56, 31, 2, 12, 36, 46, 18, 13, 29, 15, 9, 24, 33, 35, 60, 39, 58, 47, 48, 50, 67, 25, 64, 69, 19, 53, 55, 65, 38, 21, 23, 22, 59, 27, 3, 10, 77, 0, 57, 71, 5, 28, 45, 63, 17, 40, 42, 61, 70, 74, 32, 52, 66, 76, 30, 37, 43, 54, 72
32
51, 49, 73, 20, 26, 41, 8, 62, 75, 14, 34, 7, 68, 1, 6, 4, 16, 11, 44, 56, 31, 2, 12, 36, 46, 18, 13, 29, 15, 9, 24, 33, 35, 60, 39, 58, 47, 48, 50, 67, 25, 64, 69, 19, 53, 55, 65, 38, 21, 23, 22, 59, 27, 3, 10, 77, 0, 57, 71, 5, 28, 45, 63, 17, 40, 42, 61, 70, 74, 32, 52, 66, 76, 30, 37, 43, 54, 72
31
51, 49, 73, 20, 26, 41, 8, 62, 75, 14, 34, 7, 68, 1, 6, 4, 16, 11, 44, 56, 31, 2, 12, 36, 46, 18, 13, 29, 15, 9, 24, 33, 35, 60, 39, 58, 47, 48, 50, 67, 25, 64, 69, 19, 53, 55, 65, 38, 21, 23, 22, 59, 27, 3, 10, 77, 0, 57, 71, 5, 28, 45, 63, 17, 40, 42, 61, 70, 74, 32, 52, 66, 76, 30, 37, 43, 54, 72
30
51, 49, 73, 20, 26, 41, 8, 62, 75, 14, 34, 7, 68, 1, 6, 4, 16, 11, 44, 56, 31, 2, 12, 36, 46, 18, 13, 29, 15, 9, 24, 33, 35, 60, 39, 58, 47, 48, 50, 67, 25, 64, 69, 19, 53, 55, 65, 38, 21, 23, 22, 59, 27, 3, 10, 77, 0, 57, 71, 5, 28, 45, 63, 17, 40, 42, 61, 70, 74, 32, 52, 66, 76, 30, 37, 43, 54, 72
29
51, 49, 73, 20, 26, 41, 8, 62, 75, 14, 34, 7, 68, 1, 6, 4, 16, 11, 44, 56, 31, 2, 12, 36, 46, 18, 13, 29, 15, 9, 24, 33, 35, 60, 39, 58, 47, 48, 50, 67, 25, 64, 69, 19, 53, 55, 65, 38, 21, 23, 22, 59, 27, 3, 10, 77, 0, 57, 71, 5, 28, 45, 63, 17, 40, 42, 61, 70, 74, 32, 52, 66, 76, 30, 37, 43, 54, 72
28
51, 49, 73, 20, 26, 41, 8, 62, 75, 14, 34, 7, 68, 1, 6, 4, 16, 11, 44, 56, 31, 58, 67, 64, 25, 12, 2, 36, 46, 18, 29, 13, 15, 9, 24, 33, 35, 60, 39, 47, 48, 50, 69, 19, 53, 55, 65, 38, 21, 23, 22, 59, 27, 3, 10, 77, 0, 57, 71, 5, 28, 45, 63, 17, 40, 42, 61, 70, 74, 32, 52, 66, 76, 30, 37, 43, 54, 72
27
51, 49, 73, 20, 26, 41, 8, 62, 75, 14, 34, 7, 68, 1, 6, 4, 16, 11, 44, 58, 64, 67, 25, 12, 2, 36, 55, 65, 9, 33, 39, 50, 38, 23, 21, 19, 48, 47, 53, 13, 29, 18, 56, 31, 46, 15, 24, 35, 60, 69, 22, 59, 27, 3, 10, 77, 0, 57, 71, 5, 28, 45, 63, 17, 40, 42, 61, 70, 74, 32, 52, 66, 76, 30, 37, 43, 54, 72
26
51, 49, 73, 20, 26, 41, 8, 62, 75, 14, 34, 7, 68, 1, 6, 4, 16, 11, 33, 39, 58, 9, 65, 50, 67, 2, 12, 25, 64, 44, 36, 55, 38, 23, 21, 19, 48, 47, 53, 13, 29, 18, 56, 31, 46, 15, 24, 35, 60, 69, 22, 59, 27, 3, 10, 77, 0, 57, 71, 5, 28, 45, 63, 17, 40, 42, 61, 70, 74, 32, 52, 66, 76, 30, 37, 43, 54, 72
25
51, 49, 73, 20, 26, 41, 8, 62, 75, 14, 34, 7, 68, 1, 6, 4, 16, 33, 39, 58, 9, 65, 50, 67, 2, 12, 25, 64, 44, 36, 55, 38, 23, 21, 19, 48, 47, 77, 10, 27, 60, 35, 13, 53, 11, 29, 18, 56, 31, 46, 15, 24, 69, 22, 59, 3, 0, 57, 71, 5, 28, 45, 63, 17, 40, 42, 61, 70, 74, 32, 52, 66, 76, 30, 37, 43, 54, 72
24
51, 49, 73, 20, 26, 8, 75, 34, 7, 68, 1, 33, 58, 9, 65, 50, 67, 2, 12, 35, 29, 69, 55, 15, 13, 36, 4, 16, 6, 39, 14, 41, 62, 25, 64, 44, 38, 23, 21, 19, 48, 47, 77, 10, 27, 60, 53, 11, 18, 56, 31, 46, 24, 22, 59, 3, 0, 57, 71, 5, 28, 45, 63, 17, 40, 42, 61, 70, 74, 32, 52, 66, 76, 30, 37, 43, 54, 72
../benchmark_instances/2023result/docs/solver/benchmark/random_instance/random_instance006_graph002.col	78	234	24	1411618
	Command being timed: "timeout 1h java -Xms1024g -Xmx1024g -Xss134m -cp ../src/pathwidth.jar Pathwidth ../benchmark_instances/2023result/docs/solver/benchmark/random_instance/random_instance006_graph002.col"
	User time (seconds): 1800.73
	System time (seconds): 42.96
	Percent of CPU this job got: 130%
	Elapsed (wall clock) time (h:mm:ss or m:ss): 23:33.70
	Average shared text size (kbytes): 0
	Average unshared data size (kbytes): 0
	Average stack size (kbytes): 0
	Average total size (kbytes): 0
	Maximum resident set size (kbytes): 65023632
	Average resident set size (kbytes): 0
	Major (requiring I/O) page faults: 0
	Minor (reclaiming a frame) page faults: 447397
	Voluntary context switches: 83446
	Involuntary context switches: 9265
	Swaps: 0
	File system inputs: 8
	File system outputs: 5016
	Socket messages sent: 0
	Socket messages received: 0
	Signals delivered: 0
	Page size (bytes): 4096
	Exit status: 0
