../benchmark_instances/2023result/docs/solver/benchmark/random_instance/random_instance005_graph004.col
65
36, 20, 13, 11, 41, 6, 27, 53, 8, 35, 33, 38, 50, 25, 14, 17, 7, 37, 58, 26, 3, 9, 32, 40, 47, 63, 10, 49, 34, 16, 0, 15, 2, 57, 64, 5, 44, 28, 62, 4, 30, 39, 31, 18, 29, 12, 42, 55, 61, 23, 24, 43, 19, 22, 45, 52, 54, 56, 1, 21, 46, 48, 51, 59, 60
64
36, 20, 13, 11, 41, 6, 27, 53, 8, 35, 33, 38, 50, 25, 14, 17, 7, 37, 58, 26, 3, 9, 32, 40, 47, 63, 10, 49, 34, 16, 0, 15, 2, 57, 64, 5, 44, 28, 62, 4, 30, 39, 31, 18, 29, 12, 42, 55, 61, 23, 24, 43, 19, 22, 45, 52, 54, 56, 1, 21, 46, 48, 51, 59, 60
63
36, 20, 13, 11, 41, 6, 27, 53, 8, 35, 33, 38, 50, 25, 14, 17, 7, 37, 58, 26, 3, 9, 32, 40, 47, 63, 10, 49, 34, 16, 0, 15, 2, 57, 64, 5, 44, 28, 62, 4, 30, 39, 31, 18, 29, 12, 42, 55, 61, 23, 24, 43, 19, 22, 45, 52, 54, 56, 1, 21, 46, 48, 51, 59, 60
62
36, 20, 13, 11, 41, 6, 27, 53, 8, 35, 33, 38, 50, 25, 14, 17, 7, 37, 58, 26, 3, 9, 32, 40, 47, 63, 10, 49, 34, 16, 0, 15, 2, 57, 64, 5, 44, 28, 62, 4, 30, 39, 31, 18, 29, 12, 42, 55, 61, 23, 24, 43, 19, 22, 45, 52, 54, 56, 1, 21, 46, 48, 51, 59, 60
61
36, 20, 13, 11, 41, 6, 27, 53, 8, 35, 33, 38, 50, 25, 14, 17, 7, 37, 58, 26, 3, 9, 32, 40, 47, 63, 10, 49, 34, 16, 0, 15, 2, 57, 64, 5, 44, 28, 62, 4, 30, 39, 31, 18, 29, 12, 42, 55, 61, 23, 24, 43, 19, 22, 45, 52, 54, 56, 1, 21, 46, 48, 51, 59, 60
60
36, 20, 13, 11, 41, 6, 27, 53, 8, 35, 33, 38, 50, 25, 14, 17, 7, 37, 58, 26, 3, 9, 32, 40, 47, 63, 10, 49, 34, 16, 0, 15, 2, 57, 64, 5, 44, 28, 62, 4, 30, 39, 31, 18, 29, 12, 42, 55, 61, 23, 24, 43, 19, 22, 45, 52, 54, 56, 1, 21, 46, 48, 51, 59, 60
59
36, 20, 13, 11, 41, 6, 27, 53, 8, 35, 33, 38, 50, 25, 14, 17, 7, 37, 58, 26, 3, 9, 32, 40, 47, 63, 10, 49, 34, 16, 0, 15, 2, 57, 64, 5, 44, 28, 62, 4, 30, 39, 31, 18, 29, 12, 42, 55, 61, 23, 24, 43, 19, 22, 45, 52, 54, 56, 1, 21, 46, 48, 51, 59, 60
58
36, 20, 13, 11, 41, 6, 27, 53, 8, 35, 33, 38, 50, 25, 14, 17, 7, 37, 58, 26, 3, 9, 32, 40, 47, 63, 10, 49, 34, 16, 0, 15, 2, 57, 64, 5, 44, 28, 62, 4, 30, 39, 31, 18, 29, 12, 42, 55, 61, 23, 24, 43, 19, 22, 45, 52, 54, 56, 1, 21, 46, 48, 51, 59, 60
57
36, 20, 13, 11, 41, 6, 27, 53, 8, 35, 33, 38, 50, 25, 14, 17, 7, 37, 58, 26, 3, 9, 32, 40, 47, 63, 10, 49, 34, 16, 0, 15, 2, 57, 64, 5, 44, 28, 62, 4, 30, 39, 31, 18, 29, 12, 42, 55, 61, 23, 24, 43, 19, 22, 45, 52, 54, 56, 1, 21, 46, 48, 51, 59, 60
56
36, 20, 13, 11, 41, 6, 27, 53, 8, 35, 33, 38, 50, 25, 14, 17, 7, 37, 58, 26, 3, 9, 32, 40, 47, 63, 10, 49, 34, 16, 0, 15, 2, 57, 64, 5, 44, 28, 62, 4, 30, 39, 31, 18, 29, 12, 42, 55, 61, 23, 24, 43, 19, 22, 45, 52, 54, 56, 1, 21, 46, 48, 51, 59, 60
55
36, 20, 13, 11, 41, 6, 27, 53, 8, 35, 33, 38, 50, 25, 14, 17, 7, 37, 58, 26, 3, 9, 32, 40, 47, 63, 10, 49, 34, 16, 0, 15, 2, 57, 64, 5, 44, 28, 62, 4, 30, 39, 31, 18, 29, 12, 42, 55, 61, 23, 24, 43, 19, 22, 45, 52, 54, 56, 1, 21, 46, 48, 51, 59, 60
54
36, 20, 13, 11, 41, 6, 27, 53, 8, 35, 33, 38, 50, 25, 14, 17, 7, 37, 58, 26, 3, 9, 32, 40, 47, 63, 10, 49, 34, 16, 0, 15, 2, 57, 64, 5, 44, 28, 62, 4, 30, 39, 31, 18, 29, 12, 42, 55, 61, 23, 24, 43, 19, 22, 45, 52, 54, 56, 1, 21, 46, 48, 51, 59, 60
53
36, 20, 13, 11, 41, 6, 27, 53, 8, 35, 33, 38, 50, 25, 14, 17, 7, 37, 58, 26, 3, 9, 32, 40, 47, 63, 10, 49, 34, 16, 0, 15, 2, 57, 64, 5, 44, 28, 62, 4, 30, 39, 31, 18, 29, 12, 42, 55, 61, 23, 24, 43, 19, 22, 45, 52, 54, 56, 1, 21, 46, 48, 51, 59, 60
52
36, 20, 13, 11, 41, 6, 27, 53, 8, 35, 33, 38, 50, 25, 14, 17, 7, 37, 58, 26, 3, 9, 32, 40, 47, 63, 10, 49, 34, 16, 0, 15, 2, 57, 64, 5, 44, 28, 62, 4, 30, 39, 31, 18, 29, 12, 42, 55, 61, 23, 24, 43, 19, 22, 45, 52, 54, 56, 1, 21, 46, 48, 51, 59, 60
51
36, 20, 13, 11, 41, 6, 27, 53, 8, 35, 33, 38, 50, 25, 14, 17, 7, 37, 58, 26, 3, 9, 32, 40, 47, 63, 10, 49, 34, 16, 0, 15, 2, 57, 64, 5, 44, 28, 62, 4, 30, 39, 31, 18, 29, 12, 42, 55, 61, 23, 24, 43, 19, 22, 45, 52, 54, 56, 1, 21, 46, 48, 51, 59, 60
50
36, 20, 13, 11, 41, 6, 27, 53, 8, 35, 33, 38, 50, 25, 14, 17, 7, 37, 58, 26, 3, 9, 32, 40, 47, 63, 10, 49, 34, 16, 0, 15, 2, 57, 64, 5, 44, 28, 62, 4, 30, 39, 31, 18, 29, 12, 42, 55, 61, 23, 24, 43, 19, 22, 45, 52, 54, 56, 1, 21, 46, 48, 51, 59, 60
49
36, 20, 13, 11, 41, 6, 27, 53, 8, 35, 33, 38, 50, 25, 14, 17, 7, 37, 58, 26, 3, 9, 32, 40, 47, 63, 10, 49, 34, 16, 0, 15, 2, 57, 64, 5, 44, 28, 62, 4, 30, 39, 31, 18, 29, 12, 42, 55, 61, 23, 24, 43, 19, 22, 45, 52, 54, 56, 1, 21, 46, 48, 51, 59, 60
48
36, 20, 13, 11, 41, 6, 27, 53, 8, 35, 33, 38, 50, 25, 14, 17, 7, 37, 58, 26, 3, 9, 32, 40, 47, 63, 10, 49, 34, 16, 0, 15, 2, 57, 64, 5, 44, 28, 62, 4, 30, 39, 31, 18, 29, 12, 42, 55, 61, 23, 24, 43, 19, 22, 45, 52, 54, 56, 1, 21, 46, 48, 51, 59, 60
47
36, 20, 13, 11, 41, 6, 27, 53, 8, 35, 33, 38, 50, 25, 14, 17, 7, 37, 58, 26, 3, 9, 32, 40, 47, 63, 10, 49, 34, 16, 0, 15, 2, 57, 64, 5, 44, 28, 62, 4, 30, 39, 31, 18, 29, 12, 42, 55, 61, 23, 24, 43, 19, 22, 45, 52, 54, 56, 1, 21, 46, 48, 51, 59, 60
46
36, 20, 13, 11, 41, 6, 27, 53, 8, 35, 33, 38, 50, 25, 14, 17, 7, 37, 58, 26, 3, 9, 32, 40, 47, 63, 10, 49, 34, 16, 0, 15, 2, 57, 64, 5, 44, 28, 62, 4, 30, 39, 31, 18, 29, 12, 42, 55, 61, 23, 24, 43, 19, 22, 45, 52, 54, 56, 1, 21, 46, 48, 51, 59, 60
45
36, 20, 13, 11, 41, 6, 27, 53, 8, 35, 33, 38, 50, 25, 14, 17, 7, 37, 58, 26, 3, 9, 32, 40, 47, 63, 10, 49, 34, 16, 0, 15, 2, 57, 64, 5, 44, 28, 62, 4, 30, 39, 31, 18, 29, 12, 42, 55, 61, 23, 24, 43, 19, 22, 45, 52, 54, 56, 1, 21, 46, 48, 51, 59, 60
44
36, 20, 13, 11, 41, 6, 27, 53, 8, 35, 33, 38, 50, 25, 14, 17, 7, 37, 58, 26, 3, 9, 32, 40, 47, 63, 10, 49, 34, 16, 0, 15, 2, 57, 64, 5, 44, 28, 62, 4, 30, 39, 31, 18, 29, 12, 42, 55, 61, 23, 24, 43, 19, 22, 45, 52, 54, 56, 1, 21, 46, 48, 51, 59, 60
43
36, 20, 13, 11, 41, 6, 27, 53, 8, 35, 33, 38, 50, 25, 14, 17, 7, 37, 58, 26, 3, 9, 32, 40, 47, 63, 10, 49, 34, 16, 0, 15, 2, 57, 64, 5, 44, 28, 62, 4, 30, 39, 31, 18, 29, 12, 42, 55, 61, 23, 24, 43, 19, 22, 45, 52, 54, 56, 1, 21, 46, 48, 51, 59, 60
42
36, 20, 13, 11, 41, 6, 27, 53, 8, 35, 33, 38, 50, 25, 14, 17, 7, 37, 58, 26, 3, 9, 32, 40, 47, 63, 10, 49, 34, 16, 0, 15, 2, 57, 64, 5, 44, 28, 62, 4, 30, 39, 31, 18, 29, 12, 42, 55, 61, 23, 24, 43, 19, 22, 45, 52, 54, 56, 1, 21, 46, 48, 51, 59, 60
41
36, 20, 13, 11, 41, 6, 27, 53, 8, 35, 33, 38, 50, 25, 14, 17, 7, 37, 58, 26, 3, 9, 32, 40, 47, 63, 10, 49, 34, 16, 0, 15, 2, 57, 64, 5, 44, 28, 62, 4, 30, 39, 31, 18, 29, 12, 42, 55, 61, 23, 24, 43, 19, 22, 45, 52, 54, 56, 1, 21, 46, 48, 51, 59, 60
40
36, 20, 13, 11, 41, 6, 27, 53, 8, 35, 33, 38, 50, 25, 14, 17, 7, 37, 58, 26, 3, 9, 32, 40, 47, 63, 10, 49, 34, 16, 0, 15, 2, 57, 64, 5, 44, 28, 62, 4, 30, 39, 31, 18, 29, 12, 42, 55, 61, 23, 24, 43, 19, 22, 45, 52, 54, 56, 1, 21, 46, 48, 51, 59, 60
39
36, 20, 13, 11, 41, 6, 27, 53, 8, 35, 33, 38, 50, 25, 14, 17, 7, 37, 58, 26, 3, 9, 32, 40, 47, 63, 10, 49, 34, 16, 0, 15, 2, 57, 64, 5, 44, 28, 62, 4, 30, 39, 31, 18, 29, 12, 42, 55, 61, 23, 24, 43, 19, 22, 45, 52, 54, 56, 1, 21, 46, 48, 51, 59, 60
38
36, 20, 13, 11, 41, 6, 27, 53, 8, 35, 33, 38, 50, 25, 14, 17, 7, 37, 58, 26, 3, 9, 32, 40, 47, 63, 10, 49, 34, 16, 0, 15, 2, 57, 64, 5, 44, 28, 62, 4, 30, 39, 31, 18, 29, 12, 42, 55, 61, 23, 24, 43, 19, 22, 45, 52, 54, 56, 1, 21, 46, 48, 51, 59, 60
37
36, 20, 13, 11, 41, 6, 27, 53, 8, 35, 33, 38, 50, 25, 14, 17, 7, 37, 58, 26, 3, 9, 32, 40, 47, 63, 10, 49, 34, 16, 0, 15, 2, 57, 64, 5, 44, 28, 62, 4, 30, 39, 31, 18, 29, 12, 42, 55, 61, 23, 24, 43, 19, 22, 45, 52, 54, 56, 1, 21, 46, 48, 51, 59, 60
36
36, 20, 13, 11, 41, 6, 27, 53, 8, 35, 33, 38, 50, 25, 14, 17, 7, 37, 58, 26, 3, 9, 32, 40, 47, 63, 10, 49, 34, 16, 0, 15, 2, 57, 64, 5, 44, 28, 62, 4, 30, 39, 31, 18, 29, 12, 42, 55, 61, 23, 24, 43, 19, 22, 45, 52, 54, 56, 1, 21, 46, 48, 51, 59, 60
35
36, 20, 13, 11, 41, 6, 27, 53, 8, 35, 33, 38, 50, 25, 14, 17, 7, 37, 58, 26, 3, 9, 32, 40, 47, 63, 10, 49, 34, 16, 0, 15, 2, 57, 64, 5, 44, 28, 62, 4, 30, 39, 31, 18, 29, 12, 42, 55, 61, 23, 24, 43, 19, 22, 45, 52, 54, 56, 1, 21, 46, 48, 51, 59, 60
34
36, 20, 13, 11, 41, 6, 27, 53, 8, 35, 33, 38, 50, 25, 14, 17, 7, 37, 58, 26, 3, 9, 32, 40, 47, 63, 10, 49, 34, 16, 0, 15, 2, 57, 64, 5, 44, 28, 62, 4, 30, 39, 31, 18, 29, 12, 42, 55, 61, 23, 24, 43, 19, 22, 45, 52, 54, 56, 1, 21, 46, 48, 51, 59, 60
33
36, 20, 13, 11, 41, 6, 27, 53, 8, 35, 33, 38, 50, 25, 14, 17, 7, 37, 58, 26, 3, 9, 32, 40, 47, 63, 10, 49, 34, 16, 0, 15, 2, 57, 64, 5, 44, 28, 62, 4, 30, 39, 31, 18, 29, 12, 42, 55, 61, 23, 24, 43, 19, 22, 45, 52, 54, 56, 1, 21, 46, 48, 51, 59, 60
32
36, 20, 13, 11, 41, 6, 27, 53, 8, 35, 33, 38, 50, 25, 14, 17, 7, 37, 58, 26, 3, 9, 32, 40, 47, 63, 10, 49, 34, 16, 0, 15, 2, 57, 64, 5, 44, 28, 62, 4, 30, 39, 31, 18, 29, 12, 42, 55, 61, 23, 24, 43, 19, 22, 45, 52, 54, 56, 1, 21, 46, 48, 51, 59, 60
31
36, 20, 13, 11, 41, 6, 27, 53, 8, 35, 33, 38, 50, 25, 14, 17, 7, 37, 58, 26, 3, 9, 32, 40, 47, 63, 10, 49, 34, 16, 0, 15, 2, 57, 64, 5, 44, 28, 62, 4, 30, 39, 31, 18, 29, 12, 42, 55, 61, 23, 24, 43, 19, 22, 45, 52, 54, 56, 1, 21, 46, 48, 51, 59, 60
30
36, 20, 13, 11, 41, 6, 27, 53, 8, 35, 33, 38, 50, 25, 14, 17, 7, 37, 58, 26, 3, 9, 32, 40, 47, 63, 10, 49, 34, 16, 0, 15, 2, 57, 64, 5, 44, 28, 62, 4, 30, 39, 31, 18, 29, 12, 42, 55, 61, 23, 24, 43, 19, 22, 45, 52, 54, 56, 1, 21, 46, 48, 51, 59, 60
29
36, 20, 13, 11, 41, 6, 27, 53, 8, 35, 33, 38, 50, 25, 14, 17, 7, 37, 58, 26, 3, 9, 32, 40, 47, 63, 10, 49, 34, 16, 0, 15, 2, 57, 64, 5, 44, 28, 62, 4, 30, 39, 31, 18, 29, 12, 42, 55, 61, 23, 24, 43, 19, 22, 45, 52, 54, 56, 1, 21, 46, 48, 51, 59, 60
28
36, 20, 13, 11, 41, 6, 27, 53, 8, 35, 33, 38, 50, 25, 14, 17, 7, 37, 58, 26, 3, 9, 32, 40, 47, 63, 10, 49, 34, 16, 0, 15, 2, 57, 64, 5, 44, 28, 62, 4, 30, 39, 31, 18, 29, 12, 42, 55, 61, 23, 24, 43, 19, 22, 45, 52, 54, 56, 1, 21, 46, 48, 51, 59, 60
27
36, 20, 13, 11, 41, 6, 27, 53, 8, 35, 33, 38, 50, 25, 14, 17, 7, 37, 58, 26, 3, 9, 32, 40, 47, 63, 10, 49, 34, 16, 0, 15, 2, 57, 64, 5, 44, 28, 62, 4, 30, 39, 31, 18, 29, 12, 42, 55, 61, 23, 24, 43, 19, 22, 45, 52, 54, 56, 1, 21, 46, 48, 51, 59, 60
26
36, 20, 13, 11, 41, 6, 27, 53, 8, 35, 33, 38, 50, 25, 14, 17, 7, 37, 58, 26, 3, 9, 32, 40, 47, 63, 10, 49, 34, 16, 0, 15, 2, 57, 64, 5, 44, 28, 62, 4, 30, 39, 31, 18, 29, 12, 42, 55, 61, 23, 24, 43, 19, 22, 45, 52, 54, 56, 1, 21, 46, 48, 51, 59, 60
25
36, 20, 13, 11, 41, 6, 27, 53, 8, 35, 33, 38, 50, 25, 14, 17, 7, 37, 58, 26, 3, 9, 32, 40, 47, 63, 10, 49, 34, 16, 0, 15, 2, 57, 64, 5, 44, 28, 62, 4, 30, 39, 31, 18, 29, 12, 42, 55, 61, 23, 24, 43, 19, 22, 45, 52, 54, 56, 1, 21, 46, 48, 51, 59, 60
24
36, 20, 13, 11, 41, 6, 27, 53, 8, 35, 33, 38, 50, 25, 14, 17, 7, 37, 58, 26, 3, 9, 32, 40, 47, 63, 10, 49, 34, 16, 0, 15, 2, 57, 64, 5, 44, 28, 62, 4, 30, 39, 31, 18, 29, 12, 42, 55, 61, 23, 24, 43, 19, 22, 45, 52, 54, 56, 1, 21, 46, 48, 51, 59, 60
23
36, 20, 13, 11, 41, 6, 27, 53, 8, 35, 33, 38, 50, 25, 14, 17, 7, 37, 58, 32, 40, 47, 63, 26, 64, 57, 34, 10, 3, 9, 49, 16, 0, 15, 2, 5, 44, 28, 62, 4, 30, 39, 31, 18, 29, 12, 42, 55, 61, 23, 24, 43, 19, 22, 45, 52, 54, 56, 1, 21, 46, 48, 51, 59, 60
22
36, 20, 13, 11, 41, 6, 27, 53, 8, 35, 33, 38, 50, 34, 16, 10, 9, 3, 49, 15, 44, 28, 62, 7, 37, 32, 40, 47, 63, 0, 2, 64, 58, 25, 14, 17, 26, 57, 5, 4, 30, 39, 31, 18, 29, 12, 42, 55, 61, 23, 24, 43, 19, 22, 45, 52, 54, 56, 1, 21, 46, 48, 51, 59, 60
21
36, 20, 13, 11, 41, 6, 27, 53, 8, 35, 33, 38, 34, 16, 10, 9, 3, 49, 15, 44, 28, 62, 7, 37, 32, 40, 63, 0, 50, 47, 2, 64, 58, 25, 14, 17, 26, 57, 5, 4, 30, 39, 31, 18, 29, 12, 42, 55, 61, 23, 24, 43, 19, 22, 45, 52, 54, 56, 1, 21, 46, 48, 51, 59, 60
20
36, 20, 13, 11, 41, 6, 27, 53, 38, 10, 44, 9, 3, 49, 7, 37, 32, 40, 63, 34, 28, 62, 15, 16, 8, 35, 33, 0, 50, 47, 2, 64, 58, 25, 14, 17, 26, 57, 5, 4, 30, 39, 31, 18, 29, 12, 42, 55, 61, 23, 24, 43, 19, 22, 45, 52, 54, 56, 1, 21, 46, 48, 51, 59, 60
../benchmark_instances/2023result/docs/solver/benchmark/random_instance/random_instance005_graph004.col	65	195	20	30552
	Command being timed: "timeout 1h java -Xms1024g -Xmx1024g -Xss134m -cp ../src/pathwidth.jar Pathwidth ../benchmark_instances/2023result/docs/solver/benchmark/random_instance/random_instance005_graph004.col"
	User time (seconds): 23.91
	System time (seconds): 9.44
	Percent of CPU this job got: 102%
	Elapsed (wall clock) time (h:mm:ss or m:ss): 0:32.44
	Average shared text size (kbytes): 0
	Average unshared data size (kbytes): 0
	Average stack size (kbytes): 0
	Average total size (kbytes): 0
	Maximum resident set size (kbytes): 36698808
	Average resident set size (kbytes): 0
	Major (requiring I/O) page faults: 0
	Minor (reclaiming a frame) page faults: 159570
	Voluntary context switches: 3214
	Involuntary context switches: 49
	Swaps: 0
	File system inputs: 8
	File system outputs: 224
	Socket messages sent: 0
	Socket messages received: 0
	Signals delivered: 0
	Page size (bytes): 4096
	Exit status: 0
