../benchmark_instances/2023result/docs/solver/benchmark/random_instance/random_instance002_graph005.col
26
11, 1, 20, 7, 19, 16, 0, 3, 12, 23, 8, 15, 21, 5, 6, 4, 13, 9, 10, 17, 22, 25, 2, 14, 18, 24
25
11, 1, 20, 7, 19, 16, 0, 3, 12, 23, 8, 15, 21, 5, 6, 4, 13, 9, 10, 17, 22, 25, 2, 14, 18, 24
24
11, 1, 20, 7, 19, 16, 0, 3, 12, 23, 8, 15, 21, 5, 6, 4, 13, 9, 10, 17, 22, 25, 2, 14, 18, 24
23
11, 1, 20, 7, 19, 16, 0, 3, 12, 23, 8, 15, 21, 5, 6, 4, 13, 9, 10, 17, 22, 25, 2, 14, 18, 24
22
11, 1, 20, 7, 19, 16, 0, 3, 12, 23, 8, 15, 21, 5, 6, 4, 13, 9, 10, 17, 22, 25, 2, 14, 18, 24
21
11, 1, 20, 7, 19, 16, 0, 3, 12, 23, 8, 15, 21, 5, 6, 4, 13, 9, 10, 17, 22, 25, 2, 14, 18, 24
20
11, 1, 20, 7, 19, 16, 0, 3, 12, 23, 8, 15, 21, 5, 6, 4, 13, 9, 10, 17, 22, 25, 2, 14, 18, 24
19
11, 1, 20, 7, 19, 16, 0, 3, 12, 23, 8, 15, 21, 5, 6, 4, 13, 9, 10, 17, 22, 25, 2, 14, 18, 24
18
11, 1, 20, 7, 19, 16, 0, 3, 12, 23, 8, 15, 21, 5, 6, 4, 13, 9, 10, 17, 22, 25, 2, 14, 18, 24
17
11, 1, 20, 7, 19, 16, 0, 3, 12, 23, 8, 15, 21, 5, 6, 4, 13, 9, 10, 17, 22, 25, 2, 14, 18, 24
16
11, 1, 20, 7, 19, 16, 0, 3, 12, 23, 8, 15, 21, 5, 6, 4, 13, 9, 10, 17, 22, 25, 2, 14, 18, 24
15
11, 1, 20, 7, 19, 16, 0, 3, 12, 23, 8, 15, 21, 5, 6, 4, 13, 9, 10, 17, 22, 25, 2, 14, 18, 24
14
11, 1, 20, 7, 19, 16, 0, 3, 12, 23, 8, 15, 21, 5, 6, 4, 13, 9, 10, 17, 22, 25, 2, 14, 18, 24
13
11, 1, 20, 7, 19, 16, 0, 3, 12, 23, 8, 15, 21, 5, 6, 4, 13, 9, 10, 17, 22, 25, 2, 14, 18, 24
12
11, 1, 20, 7, 19, 16, 0, 3, 12, 23, 8, 15, 21, 5, 6, 4, 13, 9, 10, 17, 22, 25, 2, 14, 18, 24
11
11, 1, 20, 7, 19, 16, 0, 3, 12, 23, 8, 15, 21, 5, 6, 4, 13, 9, 10, 17, 22, 25, 2, 14, 18, 24
10
11, 1, 20, 7, 19, 16, 0, 3, 12, 23, 8, 15, 21, 5, 6, 4, 13, 9, 10, 17, 22, 25, 2, 14, 18, 24
../benchmark_instances/2023result/docs/solver/benchmark/random_instance/random_instance002_graph005.col	26	78	10	12
	Command being timed: "timeout 1h java -Xms1024g -Xmx1024g -Xss134m -cp ../src/pathwidth.jar Pathwidth ../benchmark_instances/2023result/docs/solver/benchmark/random_instance/random_instance002_graph005.col"
	User time (seconds): 0.41
	System time (seconds): 1.43
	Percent of CPU this job got: 102%
	Elapsed (wall clock) time (h:mm:ss or m:ss): 0:01.80
	Average shared text size (kbytes): 0
	Average unshared data size (kbytes): 0
	Average stack size (kbytes): 0
	Average total size (kbytes): 0
	Maximum resident set size (kbytes): 4788484
	Average resident set size (kbytes): 0
	Major (requiring I/O) page faults: 0
	Minor (reclaiming a frame) page faults: 130348
	Voluntary context switches: 2051
	Involuntary context switches: 5
	Swaps: 0
	File system inputs: 8
	File system outputs: 104
	Socket messages sent: 0
	Socket messages received: 0
	Signals delivered: 0
	Page size (bytes): 4096
	Exit status: 0
