../benchmark_instances/2023result/docs/solver/benchmark/random_instance/random_instance007_graph003.col
91
12, 5, 19, 14, 45, 44, 50, 55, 27, 32, 24, 41, 47, 3, 88, 73, 54, 68, 18, 28, 13, 17, 30, 42, 43, 77, 59, 1, 48, 78, 53, 4, 56, 40, 11, 16, 72, 60, 62, 65, 39, 85, 49, 79, 38, 2, 52, 21, 86, 22, 9, 76, 23, 75, 7, 87, 15, 58, 10, 31, 51, 89, 20, 84, 26, 63, 0, 57, 69, 8, 25, 33, 61, 71, 82, 6, 37, 80, 34, 66, 29, 35, 46, 64, 70, 74, 81, 36, 67, 83, 90
90
12, 5, 19, 14, 45, 44, 50, 55, 27, 32, 24, 41, 47, 3, 88, 73, 54, 68, 18, 28, 13, 17, 30, 42, 43, 77, 59, 1, 48, 78, 53, 4, 56, 40, 11, 16, 72, 60, 62, 65, 39, 85, 49, 79, 38, 2, 52, 21, 86, 22, 9, 76, 23, 75, 7, 87, 15, 58, 10, 31, 51, 89, 20, 84, 26, 63, 0, 57, 69, 8, 25, 33, 61, 71, 82, 6, 37, 80, 34, 66, 29, 35, 46, 64, 70, 74, 81, 36, 67, 83, 90
89
12, 5, 19, 14, 45, 44, 50, 55, 27, 32, 24, 41, 47, 3, 88, 73, 54, 68, 18, 28, 13, 17, 30, 42, 43, 77, 59, 1, 48, 78, 53, 4, 56, 40, 11, 16, 72, 60, 62, 65, 39, 85, 49, 79, 38, 2, 52, 21, 86, 22, 9, 76, 23, 75, 7, 87, 15, 58, 10, 31, 51, 89, 20, 84, 26, 63, 0, 57, 69, 8, 25, 33, 61, 71, 82, 6, 37, 80, 34, 66, 29, 35, 46, 64, 70, 74, 81, 36, 67, 83, 90
88
12, 5, 19, 14, 45, 44, 50, 55, 27, 32, 24, 41, 47, 3, 88, 73, 54, 68, 18, 28, 13, 17, 30, 42, 43, 77, 59, 1, 48, 78, 53, 4, 56, 40, 11, 16, 72, 60, 62, 65, 39, 85, 49, 79, 38, 2, 52, 21, 86, 22, 9, 76, 23, 75, 7, 87, 15, 58, 10, 31, 51, 89, 20, 84, 26, 63, 0, 57, 69, 8, 25, 33, 61, 71, 82, 6, 37, 80, 34, 66, 29, 35, 46, 64, 70, 74, 81, 36, 67, 83, 90
87
12, 5, 19, 14, 45, 44, 50, 55, 27, 32, 24, 41, 47, 3, 88, 73, 54, 68, 18, 28, 13, 17, 30, 42, 43, 77, 59, 1, 48, 78, 53, 4, 56, 40, 11, 16, 72, 60, 62, 65, 39, 85, 49, 79, 38, 2, 52, 21, 86, 22, 9, 76, 23, 75, 7, 87, 15, 58, 10, 31, 51, 89, 20, 84, 26, 63, 0, 57, 69, 8, 25, 33, 61, 71, 82, 6, 37, 80, 34, 66, 29, 35, 46, 64, 70, 74, 81, 36, 67, 83, 90
86
12, 5, 19, 14, 45, 44, 50, 55, 27, 32, 24, 41, 47, 3, 88, 73, 54, 68, 18, 28, 13, 17, 30, 42, 43, 77, 59, 1, 48, 78, 53, 4, 56, 40, 11, 16, 72, 60, 62, 65, 39, 85, 49, 79, 38, 2, 52, 21, 86, 22, 9, 76, 23, 75, 7, 87, 15, 58, 10, 31, 51, 89, 20, 84, 26, 63, 0, 57, 69, 8, 25, 33, 61, 71, 82, 6, 37, 80, 34, 66, 29, 35, 46, 64, 70, 74, 81, 36, 67, 83, 90
85
12, 5, 19, 14, 45, 44, 50, 55, 27, 32, 24, 41, 47, 3, 88, 73, 54, 68, 18, 28, 13, 17, 30, 42, 43, 77, 59, 1, 48, 78, 53, 4, 56, 40, 11, 16, 72, 60, 62, 65, 39, 85, 49, 79, 38, 2, 52, 21, 86, 22, 9, 76, 23, 75, 7, 87, 15, 58, 10, 31, 51, 89, 20, 84, 26, 63, 0, 57, 69, 8, 25, 33, 61, 71, 82, 6, 37, 80, 34, 66, 29, 35, 46, 64, 70, 74, 81, 36, 67, 83, 90
84
12, 5, 19, 14, 45, 44, 50, 55, 27, 32, 24, 41, 47, 3, 88, 73, 54, 68, 18, 28, 13, 17, 30, 42, 43, 77, 59, 1, 48, 78, 53, 4, 56, 40, 11, 16, 72, 60, 62, 65, 39, 85, 49, 79, 38, 2, 52, 21, 86, 22, 9, 76, 23, 75, 7, 87, 15, 58, 10, 31, 51, 89, 20, 84, 26, 63, 0, 57, 69, 8, 25, 33, 61, 71, 82, 6, 37, 80, 34, 66, 29, 35, 46, 64, 70, 74, 81, 36, 67, 83, 90
83
12, 5, 19, 14, 45, 44, 50, 55, 27, 32, 24, 41, 47, 3, 88, 73, 54, 68, 18, 28, 13, 17, 30, 42, 43, 77, 59, 1, 48, 78, 53, 4, 56, 40, 11, 16, 72, 60, 62, 65, 39, 85, 49, 79, 38, 2, 52, 21, 86, 22, 9, 76, 23, 75, 7, 87, 15, 58, 10, 31, 51, 89, 20, 84, 26, 63, 0, 57, 69, 8, 25, 33, 61, 71, 82, 6, 37, 80, 34, 66, 29, 35, 46, 64, 70, 74, 81, 36, 67, 83, 90
82
12, 5, 19, 14, 45, 44, 50, 55, 27, 32, 24, 41, 47, 3, 88, 73, 54, 68, 18, 28, 13, 17, 30, 42, 43, 77, 59, 1, 48, 78, 53, 4, 56, 40, 11, 16, 72, 60, 62, 65, 39, 85, 49, 79, 38, 2, 52, 21, 86, 22, 9, 76, 23, 75, 7, 87, 15, 58, 10, 31, 51, 89, 20, 84, 26, 63, 0, 57, 69, 8, 25, 33, 61, 71, 82, 6, 37, 80, 34, 66, 29, 35, 46, 64, 70, 74, 81, 36, 67, 83, 90
81
12, 5, 19, 14, 45, 44, 50, 55, 27, 32, 24, 41, 47, 3, 88, 73, 54, 68, 18, 28, 13, 17, 30, 42, 43, 77, 59, 1, 48, 78, 53, 4, 56, 40, 11, 16, 72, 60, 62, 65, 39, 85, 49, 79, 38, 2, 52, 21, 86, 22, 9, 76, 23, 75, 7, 87, 15, 58, 10, 31, 51, 89, 20, 84, 26, 63, 0, 57, 69, 8, 25, 33, 61, 71, 82, 6, 37, 80, 34, 66, 29, 35, 46, 64, 70, 74, 81, 36, 67, 83, 90
80
12, 5, 19, 14, 45, 44, 50, 55, 27, 32, 24, 41, 47, 3, 88, 73, 54, 68, 18, 28, 13, 17, 30, 42, 43, 77, 59, 1, 48, 78, 53, 4, 56, 40, 11, 16, 72, 60, 62, 65, 39, 85, 49, 79, 38, 2, 52, 21, 86, 22, 9, 76, 23, 75, 7, 87, 15, 58, 10, 31, 51, 89, 20, 84, 26, 63, 0, 57, 69, 8, 25, 33, 61, 71, 82, 6, 37, 80, 34, 66, 29, 35, 46, 64, 70, 74, 81, 36, 67, 83, 90
79
12, 5, 19, 14, 45, 44, 50, 55, 27, 32, 24, 41, 47, 3, 88, 73, 54, 68, 18, 28, 13, 17, 30, 42, 43, 77, 59, 1, 48, 78, 53, 4, 56, 40, 11, 16, 72, 60, 62, 65, 39, 85, 49, 79, 38, 2, 52, 21, 86, 22, 9, 76, 23, 75, 7, 87, 15, 58, 10, 31, 51, 89, 20, 84, 26, 63, 0, 57, 69, 8, 25, 33, 61, 71, 82, 6, 37, 80, 34, 66, 29, 35, 46, 64, 70, 74, 81, 36, 67, 83, 90
78
12, 5, 19, 14, 45, 44, 50, 55, 27, 32, 24, 41, 47, 3, 88, 73, 54, 68, 18, 28, 13, 17, 30, 42, 43, 77, 59, 1, 48, 78, 53, 4, 56, 40, 11, 16, 72, 60, 62, 65, 39, 85, 49, 79, 38, 2, 52, 21, 86, 22, 9, 76, 23, 75, 7, 87, 15, 58, 10, 31, 51, 89, 20, 84, 26, 63, 0, 57, 69, 8, 25, 33, 61, 71, 82, 6, 37, 80, 34, 66, 29, 35, 46, 64, 70, 74, 81, 36, 67, 83, 90
77
12, 5, 19, 14, 45, 44, 50, 55, 27, 32, 24, 41, 47, 3, 88, 73, 54, 68, 18, 28, 13, 17, 30, 42, 43, 77, 59, 1, 48, 78, 53, 4, 56, 40, 11, 16, 72, 60, 62, 65, 39, 85, 49, 79, 38, 2, 52, 21, 86, 22, 9, 76, 23, 75, 7, 87, 15, 58, 10, 31, 51, 89, 20, 84, 26, 63, 0, 57, 69, 8, 25, 33, 61, 71, 82, 6, 37, 80, 34, 66, 29, 35, 46, 64, 70, 74, 81, 36, 67, 83, 90
76
12, 5, 19, 14, 45, 44, 50, 55, 27, 32, 24, 41, 47, 3, 88, 73, 54, 68, 18, 28, 13, 17, 30, 42, 43, 77, 59, 1, 48, 78, 53, 4, 56, 40, 11, 16, 72, 60, 62, 65, 39, 85, 49, 79, 38, 2, 52, 21, 86, 22, 9, 76, 23, 75, 7, 87, 15, 58, 10, 31, 51, 89, 20, 84, 26, 63, 0, 57, 69, 8, 25, 33, 61, 71, 82, 6, 37, 80, 34, 66, 29, 35, 46, 64, 70, 74, 81, 36, 67, 83, 90
75
12, 5, 19, 14, 45, 44, 50, 55, 27, 32, 24, 41, 47, 3, 88, 73, 54, 68, 18, 28, 13, 17, 30, 42, 43, 77, 59, 1, 48, 78, 53, 4, 56, 40, 11, 16, 72, 60, 62, 65, 39, 85, 49, 79, 38, 2, 52, 21, 86, 22, 9, 76, 23, 75, 7, 87, 15, 58, 10, 31, 51, 89, 20, 84, 26, 63, 0, 57, 69, 8, 25, 33, 61, 71, 82, 6, 37, 80, 34, 66, 29, 35, 46, 64, 70, 74, 81, 36, 67, 83, 90
74
12, 5, 19, 14, 45, 44, 50, 55, 27, 32, 24, 41, 47, 3, 88, 73, 54, 68, 18, 28, 13, 17, 30, 42, 43, 77, 59, 1, 48, 78, 53, 4, 56, 40, 11, 16, 72, 60, 62, 65, 39, 85, 49, 79, 38, 2, 52, 21, 86, 22, 9, 76, 23, 75, 7, 87, 15, 58, 10, 31, 51, 89, 20, 84, 26, 63, 0, 57, 69, 8, 25, 33, 61, 71, 82, 6, 37, 80, 34, 66, 29, 35, 46, 64, 70, 74, 81, 36, 67, 83, 90
73
12, 5, 19, 14, 45, 44, 50, 55, 27, 32, 24, 41, 47, 3, 88, 73, 54, 68, 18, 28, 13, 17, 30, 42, 43, 77, 59, 1, 48, 78, 53, 4, 56, 40, 11, 16, 72, 60, 62, 65, 39, 85, 49, 79, 38, 2, 52, 21, 86, 22, 9, 76, 23, 75, 7, 87, 15, 58, 10, 31, 51, 89, 20, 84, 26, 63, 0, 57, 69, 8, 25, 33, 61, 71, 82, 6, 37, 80, 34, 66, 29, 35, 46, 64, 70, 74, 81, 36, 67, 83, 90
72
12, 5, 19, 14, 45, 44, 50, 55, 27, 32, 24, 41, 47, 3, 88, 73, 54, 68, 18, 28, 13, 17, 30, 42, 43, 77, 59, 1, 48, 78, 53, 4, 56, 40, 11, 16, 72, 60, 62, 65, 39, 85, 49, 79, 38, 2, 52, 21, 86, 22, 9, 76, 23, 75, 7, 87, 15, 58, 10, 31, 51, 89, 20, 84, 26, 63, 0, 57, 69, 8, 25, 33, 61, 71, 82, 6, 37, 80, 34, 66, 29, 35, 46, 64, 70, 74, 81, 36, 67, 83, 90
71
12, 5, 19, 14, 45, 44, 50, 55, 27, 32, 24, 41, 47, 3, 88, 73, 54, 68, 18, 28, 13, 17, 30, 42, 43, 77, 59, 1, 48, 78, 53, 4, 56, 40, 11, 16, 72, 60, 62, 65, 39, 85, 49, 79, 38, 2, 52, 21, 86, 22, 9, 76, 23, 75, 7, 87, 15, 58, 10, 31, 51, 89, 20, 84, 26, 63, 0, 57, 69, 8, 25, 33, 61, 71, 82, 6, 37, 80, 34, 66, 29, 35, 46, 64, 70, 74, 81, 36, 67, 83, 90
70
12, 5, 19, 14, 45, 44, 50, 55, 27, 32, 24, 41, 47, 3, 88, 73, 54, 68, 18, 28, 13, 17, 30, 42, 43, 77, 59, 1, 48, 78, 53, 4, 56, 40, 11, 16, 72, 60, 62, 65, 39, 85, 49, 79, 38, 2, 52, 21, 86, 22, 9, 76, 23, 75, 7, 87, 15, 58, 10, 31, 51, 89, 20, 84, 26, 63, 0, 57, 69, 8, 25, 33, 61, 71, 82, 6, 37, 80, 34, 66, 29, 35, 46, 64, 70, 74, 81, 36, 67, 83, 90
69
12, 5, 19, 14, 45, 44, 50, 55, 27, 32, 24, 41, 47, 3, 88, 73, 54, 68, 18, 28, 13, 17, 30, 42, 43, 77, 59, 1, 48, 78, 53, 4, 56, 40, 11, 16, 72, 60, 62, 65, 39, 85, 49, 79, 38, 2, 52, 21, 86, 22, 9, 76, 23, 75, 7, 87, 15, 58, 10, 31, 51, 89, 20, 84, 26, 63, 0, 57, 69, 8, 25, 33, 61, 71, 82, 6, 37, 80, 34, 66, 29, 35, 46, 64, 70, 74, 81, 36, 67, 83, 90
68
12, 5, 19, 14, 45, 44, 50, 55, 27, 32, 24, 41, 47, 3, 88, 73, 54, 68, 18, 28, 13, 17, 30, 42, 43, 77, 59, 1, 48, 78, 53, 4, 56, 40, 11, 16, 72, 60, 62, 65, 39, 85, 49, 79, 38, 2, 52, 21, 86, 22, 9, 76, 23, 75, 7, 87, 15, 58, 10, 31, 51, 89, 20, 84, 26, 63, 0, 57, 69, 8, 25, 33, 61, 71, 82, 6, 37, 80, 34, 66, 29, 35, 46, 64, 70, 74, 81, 36, 67, 83, 90
67
12, 5, 19, 14, 45, 44, 50, 55, 27, 32, 24, 41, 47, 3, 88, 73, 54, 68, 18, 28, 13, 17, 30, 42, 43, 77, 59, 1, 48, 78, 53, 4, 56, 40, 11, 16, 72, 60, 62, 65, 39, 85, 49, 79, 38, 2, 52, 21, 86, 22, 9, 76, 23, 75, 7, 87, 15, 58, 10, 31, 51, 89, 20, 84, 26, 63, 0, 57, 69, 8, 25, 33, 61, 71, 82, 6, 37, 80, 34, 66, 29, 35, 46, 64, 70, 74, 81, 36, 67, 83, 90
66
12, 5, 19, 14, 45, 44, 50, 55, 27, 32, 24, 41, 47, 3, 88, 73, 54, 68, 18, 28, 13, 17, 30, 42, 43, 77, 59, 1, 48, 78, 53, 4, 56, 40, 11, 16, 72, 60, 62, 65, 39, 85, 49, 79, 38, 2, 52, 21, 86, 22, 9, 76, 23, 75, 7, 87, 15, 58, 10, 31, 51, 89, 20, 84, 26, 63, 0, 57, 69, 8, 25, 33, 61, 71, 82, 6, 37, 80, 34, 66, 29, 35, 46, 64, 70, 74, 81, 36, 67, 83, 90
65
12, 5, 19, 14, 45, 44, 50, 55, 27, 32, 24, 41, 47, 3, 88, 73, 54, 68, 18, 28, 13, 17, 30, 42, 43, 77, 59, 1, 48, 78, 53, 4, 56, 40, 11, 16, 72, 60, 62, 65, 39, 85, 49, 79, 38, 2, 52, 21, 86, 22, 9, 76, 23, 75, 7, 87, 15, 58, 10, 31, 51, 89, 20, 84, 26, 63, 0, 57, 69, 8, 25, 33, 61, 71, 82, 6, 37, 80, 34, 66, 29, 35, 46, 64, 70, 74, 81, 36, 67, 83, 90
64
12, 5, 19, 14, 45, 44, 50, 55, 27, 32, 24, 41, 47, 3, 88, 73, 54, 68, 18, 28, 13, 17, 30, 42, 43, 77, 59, 1, 48, 78, 53, 4, 56, 40, 11, 16, 72, 60, 62, 65, 39, 85, 49, 79, 38, 2, 52, 21, 86, 22, 9, 76, 23, 75, 7, 87, 15, 58, 10, 31, 51, 89, 20, 84, 26, 63, 0, 57, 69, 8, 25, 33, 61, 71, 82, 6, 37, 80, 34, 66, 29, 35, 46, 64, 70, 74, 81, 36, 67, 83, 90
63
12, 5, 19, 14, 45, 44, 50, 55, 27, 32, 24, 41, 47, 3, 88, 73, 54, 68, 18, 28, 13, 17, 30, 42, 43, 77, 59, 1, 48, 78, 53, 4, 56, 40, 11, 16, 72, 60, 62, 65, 39, 85, 49, 79, 38, 2, 52, 21, 86, 22, 9, 76, 23, 75, 7, 87, 15, 58, 10, 31, 51, 89, 20, 84, 26, 63, 0, 57, 69, 8, 25, 33, 61, 71, 82, 6, 37, 80, 34, 66, 29, 35, 46, 64, 70, 74, 81, 36, 67, 83, 90
62
12, 5, 19, 14, 45, 44, 50, 55, 27, 32, 24, 41, 47, 3, 88, 73, 54, 68, 18, 28, 13, 17, 30, 42, 43, 77, 59, 1, 48, 78, 53, 4, 56, 40, 11, 16, 72, 60, 62, 65, 39, 85, 49, 79, 38, 2, 52, 21, 86, 22, 9, 76, 23, 75, 7, 87, 15, 58, 10, 31, 51, 89, 20, 84, 26, 63, 0, 57, 69, 8, 25, 33, 61, 71, 82, 6, 37, 80, 34, 66, 29, 35, 46, 64, 70, 74, 81, 36, 67, 83, 90
61
12, 5, 19, 14, 45, 44, 50, 55, 27, 32, 24, 41, 47, 3, 88, 73, 54, 68, 18, 28, 13, 17, 30, 42, 43, 77, 59, 1, 48, 78, 53, 4, 56, 40, 11, 16, 72, 60, 62, 65, 39, 85, 49, 79, 38, 2, 52, 21, 86, 22, 9, 76, 23, 75, 7, 87, 15, 58, 10, 31, 51, 89, 20, 84, 26, 63, 0, 57, 69, 8, 25, 33, 61, 71, 82, 6, 37, 80, 34, 66, 29, 35, 46, 64, 70, 74, 81, 36, 67, 83, 90
60
12, 5, 19, 14, 45, 44, 50, 55, 27, 32, 24, 41, 47, 3, 88, 73, 54, 68, 18, 28, 13, 17, 30, 42, 43, 77, 59, 1, 48, 78, 53, 4, 56, 40, 11, 16, 72, 60, 62, 65, 39, 85, 49, 79, 38, 2, 52, 21, 86, 22, 9, 76, 23, 75, 7, 87, 15, 58, 10, 31, 51, 89, 20, 84, 26, 63, 0, 57, 69, 8, 25, 33, 61, 71, 82, 6, 37, 80, 34, 66, 29, 35, 46, 64, 70, 74, 81, 36, 67, 83, 90
59
12, 5, 19, 14, 45, 44, 50, 55, 27, 32, 24, 41, 47, 3, 88, 73, 54, 68, 18, 28, 13, 17, 30, 42, 43, 77, 59, 1, 48, 78, 53, 4, 56, 40, 11, 16, 72, 60, 62, 65, 39, 85, 49, 79, 38, 2, 52, 21, 86, 22, 9, 76, 23, 75, 7, 87, 15, 58, 10, 31, 51, 89, 20, 84, 26, 63, 0, 57, 69, 8, 25, 33, 61, 71, 82, 6, 37, 80, 34, 66, 29, 35, 46, 64, 70, 74, 81, 36, 67, 83, 90
58
12, 5, 19, 14, 45, 44, 50, 55, 27, 32, 24, 41, 47, 3, 88, 73, 54, 68, 18, 28, 13, 17, 30, 42, 43, 77, 59, 1, 48, 78, 53, 4, 56, 40, 11, 16, 72, 60, 62, 65, 39, 85, 49, 79, 38, 2, 52, 21, 86, 22, 9, 76, 23, 75, 7, 87, 15, 58, 10, 31, 51, 89, 20, 84, 26, 63, 0, 57, 69, 8, 25, 33, 61, 71, 82, 6, 37, 80, 34, 66, 29, 35, 46, 64, 70, 74, 81, 36, 67, 83, 90
57
12, 5, 19, 14, 45, 44, 50, 55, 27, 32, 24, 41, 47, 3, 88, 73, 54, 68, 18, 28, 13, 17, 30, 42, 43, 77, 59, 1, 48, 78, 53, 4, 56, 40, 11, 16, 72, 60, 62, 65, 39, 85, 49, 79, 38, 2, 52, 21, 86, 22, 9, 76, 23, 75, 7, 87, 15, 58, 10, 31, 51, 89, 20, 84, 26, 63, 0, 57, 69, 8, 25, 33, 61, 71, 82, 6, 37, 80, 34, 66, 29, 35, 46, 64, 70, 74, 81, 36, 67, 83, 90
56
12, 5, 19, 14, 45, 44, 50, 55, 27, 32, 24, 41, 47, 3, 88, 73, 54, 68, 18, 28, 13, 17, 30, 42, 43, 77, 59, 1, 48, 78, 53, 4, 56, 40, 11, 16, 72, 60, 62, 65, 39, 85, 49, 79, 38, 2, 52, 21, 86, 22, 9, 76, 23, 75, 7, 87, 15, 58, 10, 31, 51, 89, 20, 84, 26, 63, 0, 57, 69, 8, 25, 33, 61, 71, 82, 6, 37, 80, 34, 66, 29, 35, 46, 64, 70, 74, 81, 36, 67, 83, 90
55
12, 5, 19, 14, 45, 44, 50, 55, 27, 32, 24, 41, 47, 3, 88, 73, 54, 68, 18, 28, 13, 17, 30, 42, 43, 77, 59, 1, 48, 78, 53, 4, 56, 40, 11, 16, 72, 60, 62, 65, 39, 85, 49, 79, 38, 2, 52, 21, 86, 22, 9, 76, 23, 75, 7, 87, 15, 58, 10, 31, 51, 89, 20, 84, 26, 63, 0, 57, 69, 8, 25, 33, 61, 71, 82, 6, 37, 80, 34, 66, 29, 35, 46, 64, 70, 74, 81, 36, 67, 83, 90
54
12, 5, 19, 14, 45, 44, 50, 55, 27, 32, 24, 41, 47, 3, 88, 73, 54, 68, 18, 28, 13, 17, 30, 42, 43, 77, 59, 1, 48, 78, 53, 4, 56, 40, 11, 16, 72, 60, 62, 65, 39, 85, 49, 79, 38, 2, 52, 21, 86, 22, 9, 76, 23, 75, 7, 87, 15, 58, 10, 31, 51, 89, 20, 84, 26, 63, 0, 57, 69, 8, 25, 33, 61, 71, 82, 6, 37, 80, 34, 66, 29, 35, 46, 64, 70, 74, 81, 36, 67, 83, 90
53
12, 5, 19, 14, 45, 44, 50, 55, 27, 32, 24, 41, 47, 3, 88, 73, 54, 68, 18, 28, 13, 17, 30, 42, 43, 77, 59, 1, 48, 78, 53, 4, 56, 40, 11, 16, 72, 60, 62, 65, 39, 85, 49, 79, 38, 2, 52, 21, 86, 22, 9, 76, 23, 75, 7, 87, 15, 58, 10, 31, 51, 89, 20, 84, 26, 63, 0, 57, 69, 8, 25, 33, 61, 71, 82, 6, 37, 80, 34, 66, 29, 35, 46, 64, 70, 74, 81, 36, 67, 83, 90
52
12, 5, 19, 14, 45, 44, 50, 55, 27, 32, 24, 41, 47, 3, 88, 73, 54, 68, 18, 28, 13, 17, 30, 42, 43, 77, 59, 1, 48, 78, 53, 4, 56, 40, 11, 16, 72, 60, 62, 65, 39, 85, 49, 79, 38, 2, 52, 21, 86, 22, 9, 76, 23, 75, 7, 87, 15, 58, 10, 31, 51, 89, 20, 84, 26, 63, 0, 57, 69, 8, 25, 33, 61, 71, 82, 6, 37, 80, 34, 66, 29, 35, 46, 64, 70, 74, 81, 36, 67, 83, 90
51
12, 5, 19, 14, 45, 44, 50, 55, 27, 32, 24, 41, 47, 3, 88, 73, 54, 68, 18, 28, 13, 17, 30, 42, 43, 77, 59, 1, 48, 78, 53, 4, 56, 40, 11, 16, 72, 60, 62, 65, 39, 85, 49, 79, 38, 2, 52, 21, 86, 22, 9, 76, 23, 75, 7, 87, 15, 58, 10, 31, 51, 89, 20, 84, 26, 63, 0, 57, 69, 8, 25, 33, 61, 71, 82, 6, 37, 80, 34, 66, 29, 35, 46, 64, 70, 74, 81, 36, 67, 83, 90
50
12, 5, 19, 14, 45, 44, 50, 55, 27, 32, 24, 41, 47, 3, 88, 73, 54, 68, 18, 28, 13, 17, 30, 42, 43, 77, 59, 1, 48, 78, 53, 4, 56, 40, 11, 16, 72, 60, 62, 65, 39, 85, 49, 79, 38, 2, 52, 21, 86, 22, 9, 76, 23, 75, 7, 87, 15, 58, 10, 31, 51, 89, 20, 84, 26, 63, 0, 57, 69, 8, 25, 33, 61, 71, 82, 6, 37, 80, 34, 66, 29, 35, 46, 64, 70, 74, 81, 36, 67, 83, 90
49
12, 5, 19, 14, 45, 44, 50, 55, 27, 32, 24, 41, 47, 3, 88, 73, 54, 68, 18, 28, 13, 17, 30, 42, 43, 77, 59, 1, 48, 78, 53, 4, 56, 40, 11, 16, 72, 60, 62, 65, 39, 85, 49, 79, 38, 2, 52, 21, 86, 22, 9, 76, 23, 75, 7, 87, 15, 58, 10, 31, 51, 89, 20, 84, 26, 63, 0, 57, 69, 8, 25, 33, 61, 71, 82, 6, 37, 80, 34, 66, 29, 35, 46, 64, 70, 74, 81, 36, 67, 83, 90
48
12, 5, 19, 14, 45, 44, 50, 55, 27, 32, 24, 41, 47, 3, 88, 73, 54, 68, 18, 28, 13, 17, 30, 42, 43, 77, 59, 1, 48, 78, 53, 4, 56, 40, 11, 16, 72, 60, 62, 65, 39, 85, 49, 79, 38, 2, 52, 21, 86, 22, 9, 76, 23, 75, 7, 87, 15, 58, 10, 31, 51, 89, 20, 84, 26, 63, 0, 57, 69, 8, 25, 33, 61, 71, 82, 6, 37, 80, 34, 66, 29, 35, 46, 64, 70, 74, 81, 36, 67, 83, 90
47
12, 5, 19, 14, 45, 44, 50, 55, 27, 32, 24, 41, 47, 3, 88, 73, 54, 68, 18, 28, 13, 17, 30, 42, 43, 77, 59, 1, 48, 78, 53, 4, 56, 40, 11, 16, 72, 60, 62, 65, 39, 85, 49, 79, 38, 2, 52, 21, 86, 22, 9, 76, 23, 75, 7, 87, 15, 58, 10, 31, 51, 89, 20, 84, 26, 63, 0, 57, 69, 8, 25, 33, 61, 71, 82, 6, 37, 80, 34, 66, 29, 35, 46, 64, 70, 74, 81, 36, 67, 83, 90
46
12, 5, 19, 14, 45, 44, 50, 55, 27, 32, 24, 41, 47, 3, 88, 73, 54, 68, 18, 28, 13, 17, 30, 42, 43, 77, 59, 1, 48, 78, 53, 4, 56, 40, 11, 16, 72, 60, 62, 65, 39, 85, 49, 79, 38, 2, 52, 21, 86, 22, 9, 76, 23, 75, 7, 87, 15, 58, 10, 31, 51, 89, 20, 84, 26, 63, 0, 57, 69, 8, 25, 33, 61, 71, 82, 6, 37, 80, 34, 66, 29, 35, 46, 64, 70, 74, 81, 36, 67, 83, 90
45
12, 5, 19, 14, 45, 44, 50, 55, 27, 32, 24, 41, 47, 3, 88, 73, 54, 68, 18, 28, 13, 17, 30, 42, 43, 77, 59, 1, 48, 78, 53, 4, 56, 40, 11, 16, 72, 60, 62, 65, 39, 85, 49, 79, 38, 2, 52, 21, 86, 22, 9, 76, 23, 75, 7, 87, 15, 58, 10, 31, 51, 89, 20, 84, 26, 63, 0, 57, 69, 8, 25, 33, 61, 71, 82, 6, 37, 80, 34, 66, 29, 35, 46, 64, 70, 74, 81, 36, 67, 83, 90
44
12, 5, 19, 14, 45, 44, 50, 55, 27, 32, 24, 41, 47, 3, 88, 73, 54, 68, 18, 28, 13, 17, 30, 42, 43, 77, 59, 1, 48, 78, 53, 4, 56, 40, 11, 16, 72, 60, 62, 65, 39, 85, 49, 79, 38, 2, 52, 21, 86, 22, 9, 76, 23, 75, 7, 87, 15, 58, 10, 31, 51, 89, 20, 84, 26, 63, 0, 57, 69, 8, 25, 33, 61, 71, 82, 6, 37, 80, 34, 66, 29, 35, 46, 64, 70, 74, 81, 36, 67, 83, 90
43
12, 5, 19, 14, 45, 44, 50, 55, 27, 32, 24, 41, 47, 3, 88, 73, 54, 68, 18, 28, 13, 17, 30, 42, 43, 77, 59, 1, 48, 78, 53, 4, 56, 40, 11, 16, 72, 60, 62, 65, 39, 85, 49, 79, 38, 2, 52, 21, 86, 22, 9, 76, 23, 75, 7, 87, 15, 58, 10, 31, 51, 89, 20, 84, 26, 63, 0, 57, 69, 8, 25, 33, 61, 71, 82, 6, 37, 80, 34, 66, 29, 35, 46, 64, 70, 74, 81, 36, 67, 83, 90
42
12, 5, 19, 14, 45, 44, 50, 55, 27, 32, 24, 41, 47, 3, 88, 73, 54, 68, 18, 28, 13, 17, 30, 42, 43, 77, 59, 1, 48, 78, 53, 4, 56, 40, 11, 16, 72, 60, 62, 65, 39, 85, 49, 79, 38, 2, 52, 21, 86, 22, 9, 76, 23, 75, 7, 87, 15, 58, 10, 31, 51, 89, 20, 84, 26, 63, 0, 57, 69, 8, 25, 33, 61, 71, 82, 6, 37, 80, 34, 66, 29, 35, 46, 64, 70, 74, 81, 36, 67, 83, 90
41
12, 5, 19, 14, 45, 44, 50, 55, 27, 32, 24, 41, 47, 3, 88, 73, 54, 68, 18, 28, 13, 17, 30, 42, 43, 77, 59, 1, 48, 78, 53, 4, 56, 40, 11, 16, 72, 60, 62, 65, 39, 85, 49, 79, 38, 2, 52, 21, 86, 22, 9, 76, 23, 75, 7, 87, 15, 58, 10, 31, 51, 89, 20, 84, 26, 63, 0, 57, 69, 8, 25, 33, 61, 71, 82, 6, 37, 80, 34, 66, 29, 35, 46, 64, 70, 74, 81, 36, 67, 83, 90
40
12, 5, 19, 14, 45, 44, 50, 55, 27, 32, 24, 41, 47, 3, 88, 73, 54, 68, 18, 28, 13, 17, 30, 42, 43, 77, 59, 1, 48, 78, 53, 4, 56, 40, 11, 16, 72, 60, 62, 65, 39, 85, 49, 79, 38, 2, 52, 21, 86, 22, 9, 76, 23, 75, 7, 87, 15, 58, 10, 31, 51, 89, 20, 84, 26, 63, 0, 57, 69, 8, 25, 33, 61, 71, 82, 6, 37, 80, 34, 66, 29, 35, 46, 64, 70, 74, 81, 36, 67, 83, 90
39
12, 5, 19, 14, 45, 44, 50, 55, 27, 32, 24, 41, 47, 3, 88, 73, 54, 68, 18, 28, 13, 17, 30, 42, 43, 77, 59, 1, 48, 78, 53, 4, 56, 40, 11, 16, 72, 60, 62, 65, 39, 85, 49, 79, 38, 2, 52, 21, 86, 22, 9, 76, 23, 75, 7, 87, 15, 58, 10, 31, 51, 89, 20, 84, 26, 63, 0, 57, 69, 8, 25, 33, 61, 71, 82, 6, 37, 80, 34, 66, 29, 35, 46, 64, 70, 74, 81, 36, 67, 83, 90
38
12, 5, 19, 14, 45, 44, 50, 55, 27, 32, 24, 41, 47, 3, 88, 73, 54, 68, 18, 28, 13, 17, 30, 42, 43, 77, 59, 1, 48, 78, 53, 4, 56, 40, 11, 16, 72, 60, 62, 65, 39, 85, 49, 79, 38, 2, 52, 21, 86, 22, 9, 76, 23, 75, 7, 87, 15, 58, 10, 31, 51, 89, 20, 84, 26, 63, 0, 57, 69, 8, 25, 33, 61, 71, 82, 6, 37, 80, 34, 66, 29, 35, 46, 64, 70, 74, 81, 36, 67, 83, 90
37
12, 5, 19, 14, 45, 44, 50, 55, 27, 32, 24, 41, 47, 3, 88, 73, 54, 68, 18, 28, 13, 17, 30, 42, 43, 77, 59, 1, 48, 78, 53, 4, 56, 40, 11, 16, 72, 60, 62, 65, 39, 85, 49, 79, 38, 2, 52, 21, 86, 22, 9, 76, 23, 75, 7, 87, 15, 58, 10, 31, 51, 89, 20, 84, 26, 63, 0, 57, 69, 8, 25, 33, 61, 71, 82, 6, 37, 80, 34, 66, 29, 35, 46, 64, 70, 74, 81, 36, 67, 83, 90
36
12, 5, 19, 14, 45, 44, 50, 55, 27, 32, 24, 41, 47, 3, 88, 73, 54, 68, 18, 28, 13, 17, 30, 42, 43, 77, 59, 1, 48, 78, 53, 4, 56, 40, 11, 16, 72, 60, 62, 65, 39, 85, 49, 79, 38, 2, 52, 21, 86, 22, 9, 76, 23, 75, 7, 87, 15, 58, 10, 31, 51, 89, 20, 84, 26, 63, 0, 57, 69, 8, 25, 33, 61, 71, 82, 6, 37, 80, 34, 66, 29, 35, 46, 64, 70, 74, 81, 36, 67, 83, 90
35
12, 5, 19, 14, 45, 44, 50, 55, 27, 32, 24, 41, 47, 3, 88, 73, 54, 68, 18, 28, 13, 17, 30, 42, 43, 77, 59, 1, 48, 78, 53, 4, 56, 40, 11, 16, 72, 60, 62, 65, 39, 85, 49, 79, 38, 2, 52, 21, 86, 22, 9, 76, 23, 75, 7, 87, 15, 58, 10, 31, 51, 89, 20, 84, 26, 63, 0, 57, 69, 8, 25, 33, 61, 71, 82, 6, 37, 80, 34, 66, 29, 35, 46, 64, 70, 74, 81, 36, 67, 83, 90
34
12, 5, 19, 14, 45, 44, 50, 55, 27, 32, 24, 41, 47, 3, 88, 73, 54, 68, 18, 28, 13, 17, 30, 42, 43, 77, 59, 1, 48, 78, 53, 4, 56, 40, 11, 16, 72, 60, 62, 65, 39, 85, 49, 79, 38, 2, 52, 21, 86, 22, 9, 76, 23, 75, 7, 87, 15, 58, 10, 31, 51, 89, 20, 84, 26, 63, 0, 57, 69, 8, 25, 33, 61, 71, 82, 6, 37, 80, 34, 66, 29, 35, 46, 64, 70, 74, 81, 36, 67, 83, 90
33
12, 5, 19, 14, 45, 44, 50, 55, 27, 32, 24, 41, 47, 3, 88, 73, 54, 68, 18, 28, 13, 17, 30, 42, 43, 77, 59, 1, 48, 78, 53, 4, 56, 40, 11, 16, 72, 60, 62, 65, 39, 85, 49, 79, 38, 2, 52, 21, 86, 22, 9, 76, 23, 75, 7, 87, 15, 58, 10, 31, 51, 89, 20, 84, 26, 63, 0, 57, 69, 8, 25, 33, 61, 71, 82, 6, 37, 80, 34, 66, 29, 35, 46, 64, 70, 74, 81, 36, 67, 83, 90
32
12, 5, 19, 14, 45, 44, 50, 55, 27, 32, 24, 41, 47, 3, 88, 73, 54, 68, 18, 28, 13, 17, 30, 42, 43, 77, 59, 1, 48, 78, 53, 4, 56, 40, 11, 16, 72, 60, 62, 65, 39, 85, 49, 79, 38, 2, 52, 21, 86, 22, 9, 76, 23, 75, 7, 87, 15, 58, 10, 31, 51, 89, 20, 84, 26, 63, 0, 57, 69, 8, 25, 33, 61, 71, 82, 6, 37, 80, 34, 66, 29, 35, 46, 64, 70, 74, 81, 36, 67, 83, 90
31
12, 5, 19, 14, 45, 44, 50, 55, 27, 32, 24, 41, 47, 3, 88, 73, 54, 68, 18, 28, 13, 17, 30, 42, 43, 77, 59, 1, 48, 78, 53, 4, 56, 40, 11, 16, 72, 60, 62, 65, 39, 85, 49, 79, 38, 2, 52, 21, 86, 22, 9, 76, 23, 75, 7, 87, 15, 58, 10, 31, 51, 89, 20, 84, 26, 63, 0, 57, 69, 8, 25, 33, 61, 71, 82, 6, 37, 80, 34, 66, 29, 35, 46, 64, 70, 74, 81, 36, 67, 83, 90
30
12, 5, 19, 14, 45, 44, 50, 55, 27, 32, 24, 41, 47, 3, 88, 73, 54, 68, 18, 28, 13, 17, 30, 43, 77, 59, 1, 48, 78, 53, 4, 56, 40, 11, 16, 72, 60, 62, 65, 42, 39, 85, 49, 79, 38, 2, 52, 21, 86, 22, 9, 76, 23, 75, 7, 87, 15, 58, 10, 31, 51, 89, 20, 84, 26, 63, 0, 57, 69, 8, 25, 33, 61, 71, 82, 6, 37, 80, 34, 66, 29, 35, 46, 64, 70, 74, 81, 36, 67, 83, 90
29
12, 5, 19, 14, 45, 44, 50, 55, 27, 32, 24, 41, 47, 3, 88, 73, 54, 68, 18, 28, 13, 17, 43, 77, 1, 78, 53, 56, 40, 16, 11, 4, 30, 59, 48, 72, 60, 62, 65, 42, 39, 85, 49, 79, 38, 2, 52, 21, 86, 22, 9, 76, 23, 75, 7, 87, 15, 58, 10, 31, 51, 89, 20, 84, 26, 63, 0, 57, 69, 8, 25, 33, 61, 71, 82, 6, 37, 80, 34, 66, 29, 35, 46, 64, 70, 74, 81, 36, 67, 83, 90
28
12, 5, 19, 14, 45, 44, 50, 55, 27, 32, 24, 41, 47, 3, 88, 73, 68, 18, 28, 13, 17, 43, 77, 78, 53, 16, 85, 39, 62, 72, 56, 40, 1, 54, 11, 4, 30, 59, 48, 60, 65, 42, 49, 79, 38, 2, 52, 21, 86, 22, 9, 76, 23, 75, 7, 87, 15, 58, 10, 31, 51, 89, 20, 84, 26, 63, 0, 57, 69, 8, 25, 33, 61, 71, 82, 6, 37, 80, 34, 66, 29, 35, 46, 64, 70, 74, 81, 36, 67, 83, 90
Command exited with non-zero status 124
	Command being timed: "timeout 1h java -Xms1024g -Xmx1024g -Xss134m -cp ../src/pathwidth.jar Pathwidth ../benchmark_instances/2023result/docs/solver/benchmark/random_instance/random_instance007_graph003.col"
	User time (seconds): 6167.65
	System time (seconds): 57.02
	Percent of CPU this job got: 172%
	Elapsed (wall clock) time (h:mm:ss or m:ss): 1:00:00
	Average shared text size (kbytes): 0
	Average unshared data size (kbytes): 0
	Average stack size (kbytes): 0
	Average total size (kbytes): 0
	Maximum resident set size (kbytes): 68258020
	Average resident set size (kbytes): 0
	Major (requiring I/O) page faults: 0
	Minor (reclaiming a frame) page faults: 984696
	Voluntary context switches: 229887
	Involuntary context switches: 9691
	Swaps: 0
	File system inputs: 8
	File system outputs: 3056
	Socket messages sent: 0
	Socket messages received: 0
	Signals delivered: 0
	Page size (bytes): 4096
	Exit status: 124
