../benchmark_instances/2023result/docs/solver/benchmark/random_instance/random_instance003_graph003.col
39
23, 26, 6, 12, 19, 3, 25, 36, 20, 0, 2, 4, 33, 30, 37, 31, 34, 18, 35, 17, 8, 5, 9, 10, 16, 32, 11, 13, 15, 24, 7, 22, 27, 28, 38, 1, 14, 21, 29
38
23, 26, 6, 12, 19, 3, 25, 36, 20, 0, 2, 4, 33, 30, 37, 31, 34, 18, 35, 17, 8, 5, 9, 10, 16, 32, 11, 13, 15, 24, 7, 22, 27, 28, 38, 1, 14, 21, 29
37
23, 26, 6, 12, 19, 3, 25, 36, 20, 0, 2, 4, 33, 30, 37, 31, 34, 18, 35, 17, 8, 5, 9, 10, 16, 32, 11, 13, 15, 24, 7, 22, 27, 28, 38, 1, 14, 21, 29
36
23, 26, 6, 12, 19, 3, 25, 36, 20, 0, 2, 4, 33, 30, 37, 31, 34, 18, 35, 17, 8, 5, 9, 10, 16, 32, 11, 13, 15, 24, 7, 22, 27, 28, 38, 1, 14, 21, 29
35
23, 26, 6, 12, 19, 3, 25, 36, 20, 0, 2, 4, 33, 30, 37, 31, 34, 18, 35, 17, 8, 5, 9, 10, 16, 32, 11, 13, 15, 24, 7, 22, 27, 28, 38, 1, 14, 21, 29
34
23, 26, 6, 12, 19, 3, 25, 36, 20, 0, 2, 4, 33, 30, 37, 31, 34, 18, 35, 17, 8, 5, 9, 10, 16, 32, 11, 13, 15, 24, 7, 22, 27, 28, 38, 1, 14, 21, 29
33
23, 26, 6, 12, 19, 3, 25, 36, 20, 0, 2, 4, 33, 30, 37, 31, 34, 18, 35, 17, 8, 5, 9, 10, 16, 32, 11, 13, 15, 24, 7, 22, 27, 28, 38, 1, 14, 21, 29
32
23, 26, 6, 12, 19, 3, 25, 36, 20, 0, 2, 4, 33, 30, 37, 31, 34, 18, 35, 17, 8, 5, 9, 10, 16, 32, 11, 13, 15, 24, 7, 22, 27, 28, 38, 1, 14, 21, 29
31
23, 26, 6, 12, 19, 3, 25, 36, 20, 0, 2, 4, 33, 30, 37, 31, 34, 18, 35, 17, 8, 5, 9, 10, 16, 32, 11, 13, 15, 24, 7, 22, 27, 28, 38, 1, 14, 21, 29
30
23, 26, 6, 12, 19, 3, 25, 36, 20, 0, 2, 4, 33, 30, 37, 31, 34, 18, 35, 17, 8, 5, 9, 10, 16, 32, 11, 13, 15, 24, 7, 22, 27, 28, 38, 1, 14, 21, 29
29
23, 26, 6, 12, 19, 3, 25, 36, 20, 0, 2, 4, 33, 30, 37, 31, 34, 18, 35, 17, 8, 5, 9, 10, 16, 32, 11, 13, 15, 24, 7, 22, 27, 28, 38, 1, 14, 21, 29
28
23, 26, 6, 12, 19, 3, 25, 36, 20, 0, 2, 4, 33, 30, 37, 31, 34, 18, 35, 17, 8, 5, 9, 10, 16, 32, 11, 13, 15, 24, 7, 22, 27, 28, 38, 1, 14, 21, 29
27
23, 26, 6, 12, 19, 3, 25, 36, 20, 0, 2, 4, 33, 30, 37, 31, 34, 18, 35, 17, 8, 5, 9, 10, 16, 32, 11, 13, 15, 24, 7, 22, 27, 28, 38, 1, 14, 21, 29
26
23, 26, 6, 12, 19, 3, 25, 36, 20, 0, 2, 4, 33, 30, 37, 31, 34, 18, 35, 17, 8, 5, 9, 10, 16, 32, 11, 13, 15, 24, 7, 22, 27, 28, 38, 1, 14, 21, 29
25
23, 26, 6, 12, 19, 3, 25, 36, 20, 0, 2, 4, 33, 30, 37, 31, 34, 18, 35, 17, 8, 5, 9, 10, 16, 32, 11, 13, 15, 24, 7, 22, 27, 28, 38, 1, 14, 21, 29
24
23, 26, 6, 12, 19, 3, 25, 36, 20, 0, 2, 4, 33, 30, 37, 31, 34, 18, 35, 17, 8, 5, 9, 10, 16, 32, 11, 13, 15, 24, 7, 22, 27, 28, 38, 1, 14, 21, 29
23
23, 26, 6, 12, 19, 3, 25, 36, 20, 0, 2, 4, 33, 30, 37, 31, 34, 18, 35, 17, 8, 5, 9, 10, 16, 32, 11, 13, 15, 24, 7, 22, 27, 28, 38, 1, 14, 21, 29
22
23, 26, 6, 12, 19, 3, 25, 36, 20, 0, 2, 4, 33, 30, 37, 31, 34, 18, 35, 17, 8, 5, 9, 10, 16, 32, 11, 13, 15, 24, 7, 22, 27, 28, 38, 1, 14, 21, 29
21
23, 26, 6, 12, 19, 3, 25, 36, 20, 0, 2, 4, 33, 30, 37, 31, 34, 18, 35, 17, 8, 5, 9, 10, 16, 32, 11, 13, 15, 24, 7, 22, 27, 28, 38, 1, 14, 21, 29
20
23, 26, 6, 12, 19, 3, 25, 36, 20, 0, 2, 4, 33, 30, 37, 31, 34, 18, 35, 17, 8, 5, 9, 10, 16, 32, 11, 13, 15, 24, 7, 22, 27, 28, 38, 1, 14, 21, 29
19
23, 26, 6, 12, 19, 3, 25, 36, 20, 0, 2, 4, 33, 30, 37, 31, 34, 18, 35, 17, 8, 5, 9, 10, 16, 32, 11, 13, 15, 24, 7, 22, 27, 28, 38, 1, 14, 21, 29
18
23, 26, 6, 12, 19, 3, 25, 36, 20, 0, 2, 4, 33, 30, 37, 31, 34, 18, 35, 17, 8, 5, 9, 10, 16, 32, 11, 13, 15, 24, 7, 22, 27, 28, 38, 1, 14, 21, 29
17
23, 26, 6, 12, 19, 3, 25, 36, 20, 0, 2, 4, 33, 30, 37, 31, 34, 18, 35, 17, 8, 5, 9, 10, 16, 32, 11, 13, 15, 24, 7, 22, 27, 28, 38, 1, 14, 21, 29
16
23, 26, 6, 12, 19, 3, 25, 36, 20, 0, 2, 4, 33, 30, 37, 31, 34, 18, 35, 17, 8, 5, 9, 10, 16, 32, 11, 13, 15, 24, 7, 22, 27, 28, 38, 1, 14, 21, 29
15
23, 26, 6, 12, 19, 3, 25, 36, 20, 0, 2, 4, 33, 30, 37, 31, 34, 18, 35, 17, 8, 5, 9, 10, 16, 32, 11, 13, 15, 24, 7, 22, 27, 28, 38, 1, 14, 21, 29
14
23, 26, 6, 12, 19, 3, 25, 36, 20, 0, 2, 4, 33, 30, 37, 31, 34, 18, 35, 17, 8, 5, 9, 10, 16, 32, 11, 13, 15, 24, 7, 22, 27, 28, 38, 1, 14, 21, 29
13
23, 26, 19, 3, 25, 0, 4, 2, 20, 12, 6, 36, 33, 30, 37, 31, 34, 18, 35, 17, 8, 5, 9, 10, 16, 32, 11, 13, 15, 24, 7, 22, 27, 28, 38, 1, 14, 21, 29
../benchmark_instances/2023result/docs/solver/benchmark/random_instance/random_instance003_graph003.col	39	117	13	58
	Command being timed: "timeout 1h java -Xms1024g -Xmx1024g -Xss134m -cp ../src/pathwidth.jar Pathwidth ../benchmark_instances/2023result/docs/solver/benchmark/random_instance/random_instance003_graph003.col"
	User time (seconds): 0.57
	System time (seconds): 1.42
	Percent of CPU this job got: 107%
	Elapsed (wall clock) time (h:mm:ss or m:ss): 0:01.85
	Average shared text size (kbytes): 0
	Average unshared data size (kbytes): 0
	Average stack size (kbytes): 0
	Average total size (kbytes): 0
	Maximum resident set size (kbytes): 4833528
	Average resident set size (kbytes): 0
	Major (requiring I/O) page faults: 0
	Minor (reclaiming a frame) page faults: 134050
	Voluntary context switches: 2126
	Involuntary context switches: 9
	Swaps: 0
	File system inputs: 8
	File system outputs: 112
	Socket messages sent: 0
	Socket messages received: 0
	Signals delivered: 0
	Page size (bytes): 4096
	Exit status: 0
