../benchmark_instances/2023result/docs/solver/benchmark/random_instance/random_instance004_graph005.col
52
39, 47, 14, 41, 6, 11, 33, 4, 37, 7, 13, 15, 1, 3, 17, 5, 8, 16, 24, 29, 19, 32, 36, 20, 35, 12, 42, 18, 31, 0, 21, 48, 9, 22, 38, 30, 43, 50, 26, 10, 23, 40, 2, 34, 46, 49, 51, 25, 27, 28, 44, 45
51
39, 47, 14, 41, 6, 11, 33, 4, 37, 7, 13, 15, 1, 3, 17, 5, 8, 16, 24, 29, 19, 32, 36, 20, 35, 12, 42, 18, 31, 0, 21, 48, 9, 22, 38, 30, 43, 50, 26, 10, 23, 40, 2, 34, 46, 49, 51, 25, 27, 28, 44, 45
50
39, 47, 14, 41, 6, 11, 33, 4, 37, 7, 13, 15, 1, 3, 17, 5, 8, 16, 24, 29, 19, 32, 36, 20, 35, 12, 42, 18, 31, 0, 21, 48, 9, 22, 38, 30, 43, 50, 26, 10, 23, 40, 2, 34, 46, 49, 51, 25, 27, 28, 44, 45
49
39, 47, 14, 41, 6, 11, 33, 4, 37, 7, 13, 15, 1, 3, 17, 5, 8, 16, 24, 29, 19, 32, 36, 20, 35, 12, 42, 18, 31, 0, 21, 48, 9, 22, 38, 30, 43, 50, 26, 10, 23, 40, 2, 34, 46, 49, 51, 25, 27, 28, 44, 45
48
39, 47, 14, 41, 6, 11, 33, 4, 37, 7, 13, 15, 1, 3, 17, 5, 8, 16, 24, 29, 19, 32, 36, 20, 35, 12, 42, 18, 31, 0, 21, 48, 9, 22, 38, 30, 43, 50, 26, 10, 23, 40, 2, 34, 46, 49, 51, 25, 27, 28, 44, 45
47
39, 47, 14, 41, 6, 11, 33, 4, 37, 7, 13, 15, 1, 3, 17, 5, 8, 16, 24, 29, 19, 32, 36, 20, 35, 12, 42, 18, 31, 0, 21, 48, 9, 22, 38, 30, 43, 50, 26, 10, 23, 40, 2, 34, 46, 49, 51, 25, 27, 28, 44, 45
46
39, 47, 14, 41, 6, 11, 33, 4, 37, 7, 13, 15, 1, 3, 17, 5, 8, 16, 24, 29, 19, 32, 36, 20, 35, 12, 42, 18, 31, 0, 21, 48, 9, 22, 38, 30, 43, 50, 26, 10, 23, 40, 2, 34, 46, 49, 51, 25, 27, 28, 44, 45
45
39, 47, 14, 41, 6, 11, 33, 4, 37, 7, 13, 15, 1, 3, 17, 5, 8, 16, 24, 29, 19, 32, 36, 20, 35, 12, 42, 18, 31, 0, 21, 48, 9, 22, 38, 30, 43, 50, 26, 10, 23, 40, 2, 34, 46, 49, 51, 25, 27, 28, 44, 45
44
39, 47, 14, 41, 6, 11, 33, 4, 37, 7, 13, 15, 1, 3, 17, 5, 8, 16, 24, 29, 19, 32, 36, 20, 35, 12, 42, 18, 31, 0, 21, 48, 9, 22, 38, 30, 43, 50, 26, 10, 23, 40, 2, 34, 46, 49, 51, 25, 27, 28, 44, 45
43
39, 47, 14, 41, 6, 11, 33, 4, 37, 7, 13, 15, 1, 3, 17, 5, 8, 16, 24, 29, 19, 32, 36, 20, 35, 12, 42, 18, 31, 0, 21, 48, 9, 22, 38, 30, 43, 50, 26, 10, 23, 40, 2, 34, 46, 49, 51, 25, 27, 28, 44, 45
42
39, 47, 14, 41, 6, 11, 33, 4, 37, 7, 13, 15, 1, 3, 17, 5, 8, 16, 24, 29, 19, 32, 36, 20, 35, 12, 42, 18, 31, 0, 21, 48, 9, 22, 38, 30, 43, 50, 26, 10, 23, 40, 2, 34, 46, 49, 51, 25, 27, 28, 44, 45
41
39, 47, 14, 41, 6, 11, 33, 4, 37, 7, 13, 15, 1, 3, 17, 5, 8, 16, 24, 29, 19, 32, 36, 20, 35, 12, 42, 18, 31, 0, 21, 48, 9, 22, 38, 30, 43, 50, 26, 10, 23, 40, 2, 34, 46, 49, 51, 25, 27, 28, 44, 45
40
39, 47, 14, 41, 6, 11, 33, 4, 37, 7, 13, 15, 1, 3, 17, 5, 8, 16, 24, 29, 19, 32, 36, 20, 35, 12, 42, 18, 31, 0, 21, 48, 9, 22, 38, 30, 43, 50, 26, 10, 23, 40, 2, 34, 46, 49, 51, 25, 27, 28, 44, 45
39
39, 47, 14, 41, 6, 11, 33, 4, 37, 7, 13, 15, 1, 3, 17, 5, 8, 16, 24, 29, 19, 32, 36, 20, 35, 12, 42, 18, 31, 0, 21, 48, 9, 22, 38, 30, 43, 50, 26, 10, 23, 40, 2, 34, 46, 49, 51, 25, 27, 28, 44, 45
38
39, 47, 14, 41, 6, 11, 33, 4, 37, 7, 13, 15, 1, 3, 17, 5, 8, 16, 24, 29, 19, 32, 36, 20, 35, 12, 42, 18, 31, 0, 21, 48, 9, 22, 38, 30, 43, 50, 26, 10, 23, 40, 2, 34, 46, 49, 51, 25, 27, 28, 44, 45
37
39, 47, 14, 41, 6, 11, 33, 4, 37, 7, 13, 15, 1, 3, 17, 5, 8, 16, 24, 29, 19, 32, 36, 20, 35, 12, 42, 18, 31, 0, 21, 48, 9, 22, 38, 30, 43, 50, 26, 10, 23, 40, 2, 34, 46, 49, 51, 25, 27, 28, 44, 45
36
39, 47, 14, 41, 6, 11, 33, 4, 37, 7, 13, 15, 1, 3, 17, 5, 8, 16, 24, 29, 19, 32, 36, 20, 35, 12, 42, 18, 31, 0, 21, 48, 9, 22, 38, 30, 43, 50, 26, 10, 23, 40, 2, 34, 46, 49, 51, 25, 27, 28, 44, 45
35
39, 47, 14, 41, 6, 11, 33, 4, 37, 7, 13, 15, 1, 3, 17, 5, 8, 16, 24, 29, 19, 32, 36, 20, 35, 12, 42, 18, 31, 0, 21, 48, 9, 22, 38, 30, 43, 50, 26, 10, 23, 40, 2, 34, 46, 49, 51, 25, 27, 28, 44, 45
34
39, 47, 14, 41, 6, 11, 33, 4, 37, 7, 13, 15, 1, 3, 17, 5, 8, 16, 24, 29, 19, 32, 36, 20, 35, 12, 42, 18, 31, 0, 21, 48, 9, 22, 38, 30, 43, 50, 26, 10, 23, 40, 2, 34, 46, 49, 51, 25, 27, 28, 44, 45
33
39, 47, 14, 41, 6, 11, 33, 4, 37, 7, 13, 15, 1, 3, 17, 5, 8, 16, 24, 29, 19, 32, 36, 20, 35, 12, 42, 18, 31, 0, 21, 48, 9, 22, 38, 30, 43, 50, 26, 10, 23, 40, 2, 34, 46, 49, 51, 25, 27, 28, 44, 45
32
39, 47, 14, 41, 6, 11, 33, 4, 37, 7, 13, 15, 1, 3, 17, 5, 8, 16, 24, 29, 19, 32, 36, 20, 35, 12, 42, 18, 31, 0, 21, 48, 9, 22, 38, 30, 43, 50, 26, 10, 23, 40, 2, 34, 46, 49, 51, 25, 27, 28, 44, 45
31
39, 47, 14, 41, 6, 11, 33, 4, 37, 7, 13, 15, 1, 3, 17, 5, 8, 16, 24, 29, 19, 32, 36, 20, 35, 12, 42, 18, 31, 0, 21, 48, 9, 22, 38, 30, 43, 50, 26, 10, 23, 40, 2, 34, 46, 49, 51, 25, 27, 28, 44, 45
30
39, 47, 14, 41, 6, 11, 33, 4, 37, 7, 13, 15, 1, 3, 17, 5, 8, 16, 24, 29, 19, 32, 36, 20, 35, 12, 42, 18, 31, 0, 21, 48, 9, 22, 38, 30, 43, 50, 26, 10, 23, 40, 2, 34, 46, 49, 51, 25, 27, 28, 44, 45
29
39, 47, 14, 41, 6, 11, 33, 4, 37, 7, 13, 15, 1, 3, 17, 5, 8, 16, 24, 29, 19, 32, 36, 20, 35, 12, 42, 18, 31, 0, 21, 48, 9, 22, 38, 30, 43, 50, 26, 10, 23, 40, 2, 34, 46, 49, 51, 25, 27, 28, 44, 45
28
39, 47, 14, 41, 6, 11, 33, 4, 37, 7, 13, 15, 1, 3, 17, 5, 8, 16, 24, 29, 19, 32, 36, 20, 35, 12, 42, 18, 31, 0, 21, 48, 9, 22, 38, 30, 43, 50, 26, 10, 23, 40, 2, 34, 46, 49, 51, 25, 27, 28, 44, 45
27
39, 47, 14, 41, 6, 11, 33, 4, 37, 7, 13, 15, 1, 3, 17, 5, 8, 16, 24, 29, 19, 32, 36, 20, 35, 12, 42, 18, 31, 0, 21, 48, 9, 22, 38, 30, 43, 50, 26, 10, 23, 40, 2, 34, 46, 49, 51, 25, 27, 28, 44, 45
26
39, 47, 14, 41, 6, 11, 33, 4, 37, 7, 13, 15, 1, 3, 17, 5, 8, 16, 24, 29, 19, 32, 36, 20, 35, 12, 42, 18, 31, 0, 21, 48, 9, 22, 38, 30, 43, 50, 26, 10, 23, 40, 2, 34, 46, 49, 51, 25, 27, 28, 44, 45
25
39, 47, 14, 41, 6, 11, 33, 4, 37, 7, 13, 15, 1, 3, 17, 5, 8, 16, 24, 29, 19, 32, 36, 20, 35, 12, 42, 18, 31, 0, 21, 48, 9, 22, 38, 30, 43, 50, 26, 10, 23, 40, 2, 34, 46, 49, 51, 25, 27, 28, 44, 45
24
39, 47, 14, 41, 6, 11, 33, 4, 37, 7, 13, 15, 1, 3, 17, 5, 8, 16, 24, 29, 19, 32, 36, 20, 35, 12, 42, 18, 31, 0, 21, 48, 9, 22, 38, 30, 43, 50, 26, 10, 23, 40, 2, 34, 46, 49, 51, 25, 27, 28, 44, 45
23
39, 47, 14, 41, 6, 11, 33, 4, 37, 7, 13, 15, 1, 3, 17, 5, 8, 16, 24, 29, 19, 32, 36, 20, 35, 12, 42, 18, 31, 0, 21, 48, 9, 22, 38, 30, 43, 50, 26, 10, 23, 40, 2, 34, 46, 49, 51, 25, 27, 28, 44, 45
22
39, 47, 14, 41, 6, 11, 33, 4, 37, 7, 13, 15, 1, 3, 17, 5, 8, 16, 24, 29, 19, 32, 36, 20, 35, 12, 42, 18, 31, 0, 21, 48, 9, 22, 38, 30, 43, 50, 26, 10, 23, 40, 2, 34, 46, 49, 51, 25, 27, 28, 44, 45
21
39, 47, 14, 41, 6, 11, 33, 4, 37, 7, 13, 15, 1, 3, 17, 5, 8, 16, 24, 29, 19, 32, 36, 20, 35, 12, 42, 18, 31, 0, 21, 48, 9, 22, 38, 30, 43, 50, 26, 10, 23, 40, 2, 34, 46, 49, 51, 25, 27, 28, 44, 45
20
39, 47, 14, 41, 6, 11, 33, 4, 37, 7, 13, 15, 1, 3, 17, 5, 8, 16, 24, 29, 19, 32, 36, 20, 35, 12, 42, 18, 31, 0, 21, 48, 9, 22, 38, 30, 43, 50, 26, 10, 23, 40, 2, 34, 46, 49, 51, 25, 27, 28, 44, 45
19
39, 47, 14, 41, 6, 11, 33, 4, 37, 7, 15, 1, 17, 16, 24, 8, 3, 13, 5, 29, 19, 32, 36, 20, 35, 12, 42, 18, 31, 0, 21, 48, 9, 22, 38, 30, 43, 50, 26, 10, 23, 40, 2, 34, 46, 49, 51, 25, 27, 28, 44, 45
18
39, 47, 14, 41, 6, 11, 33, 4, 37, 15, 0, 46, 34, 17, 7, 16, 18, 42, 24, 1, 8, 3, 13, 5, 29, 19, 32, 36, 20, 35, 12, 31, 21, 48, 9, 22, 38, 30, 43, 50, 26, 10, 23, 40, 2, 49, 51, 25, 27, 28, 44, 45
17
39, 47, 15, 42, 19, 36, 20, 35, 12, 48, 21, 22, 9, 29, 38, 0, 46, 8, 33, 4, 41, 34, 14, 6, 11, 37, 17, 7, 16, 18, 24, 1, 3, 13, 5, 32, 31, 30, 43, 50, 26, 10, 23, 40, 2, 49, 51, 25, 27, 28, 44, 45
../benchmark_instances/2023result/docs/solver/benchmark/random_instance/random_instance004_graph005.col	52	156	17	1742
	Command being timed: "timeout 1h java -Xms1024g -Xmx1024g -Xss134m -cp ../src/pathwidth.jar Pathwidth ../benchmark_instances/2023result/docs/solver/benchmark/random_instance/random_instance004_graph005.col"
	User time (seconds): 2.70
	System time (seconds): 1.85
	Percent of CPU this job got: 128%
	Elapsed (wall clock) time (h:mm:ss or m:ss): 0:03.53
	Average shared text size (kbytes): 0
	Average unshared data size (kbytes): 0
	Average stack size (kbytes): 0
	Average total size (kbytes): 0
	Maximum resident set size (kbytes): 6540000
	Average resident set size (kbytes): 0
	Major (requiring I/O) page faults: 0
	Minor (reclaiming a frame) page faults: 143953
	Voluntary context switches: 2395
	Involuntary context switches: 10
	Swaps: 0
	File system inputs: 8
	File system outputs: 80
	Socket messages sent: 0
	Socket messages received: 0
	Signals delivered: 0
	Page size (bytes): 4096
	Exit status: 0
