../benchmark_instances/2023result/docs/solver/benchmark/random_instance/random_instance005_graph001.col
65
19, 14, 18, 34, 0, 16, 37, 38, 1, 31, 39, 2, 26, 52, 20, 45, 7, 22, 58, 13, 48, 24, 23, 8, 6, 17, 53, 12, 33, 57, 46, 62, 55, 25, 3, 36, 43, 56, 11, 27, 51, 4, 47, 64, 21, 60, 9, 59, 28, 49, 29, 30, 5, 35, 40, 54, 10, 32, 44, 63, 15, 41, 42, 50, 61
64
19, 14, 18, 34, 0, 16, 37, 38, 1, 31, 39, 2, 26, 52, 20, 45, 7, 22, 58, 13, 48, 24, 23, 8, 6, 17, 53, 12, 33, 57, 46, 62, 55, 25, 3, 36, 43, 56, 11, 27, 51, 4, 47, 64, 21, 60, 9, 59, 28, 49, 29, 30, 5, 35, 40, 54, 10, 32, 44, 63, 15, 41, 42, 50, 61
63
19, 14, 18, 34, 0, 16, 37, 38, 1, 31, 39, 2, 26, 52, 20, 45, 7, 22, 58, 13, 48, 24, 23, 8, 6, 17, 53, 12, 33, 57, 46, 62, 55, 25, 3, 36, 43, 56, 11, 27, 51, 4, 47, 64, 21, 60, 9, 59, 28, 49, 29, 30, 5, 35, 40, 54, 10, 32, 44, 63, 15, 41, 42, 50, 61
62
19, 14, 18, 34, 0, 16, 37, 38, 1, 31, 39, 2, 26, 52, 20, 45, 7, 22, 58, 13, 48, 24, 23, 8, 6, 17, 53, 12, 33, 57, 46, 62, 55, 25, 3, 36, 43, 56, 11, 27, 51, 4, 47, 64, 21, 60, 9, 59, 28, 49, 29, 30, 5, 35, 40, 54, 10, 32, 44, 63, 15, 41, 42, 50, 61
61
19, 14, 18, 34, 0, 16, 37, 38, 1, 31, 39, 2, 26, 52, 20, 45, 7, 22, 58, 13, 48, 24, 23, 8, 6, 17, 53, 12, 33, 57, 46, 62, 55, 25, 3, 36, 43, 56, 11, 27, 51, 4, 47, 64, 21, 60, 9, 59, 28, 49, 29, 30, 5, 35, 40, 54, 10, 32, 44, 63, 15, 41, 42, 50, 61
60
19, 14, 18, 34, 0, 16, 37, 38, 1, 31, 39, 2, 26, 52, 20, 45, 7, 22, 58, 13, 48, 24, 23, 8, 6, 17, 53, 12, 33, 57, 46, 62, 55, 25, 3, 36, 43, 56, 11, 27, 51, 4, 47, 64, 21, 60, 9, 59, 28, 49, 29, 30, 5, 35, 40, 54, 10, 32, 44, 63, 15, 41, 42, 50, 61
59
19, 14, 18, 34, 0, 16, 37, 38, 1, 31, 39, 2, 26, 52, 20, 45, 7, 22, 58, 13, 48, 24, 23, 8, 6, 17, 53, 12, 33, 57, 46, 62, 55, 25, 3, 36, 43, 56, 11, 27, 51, 4, 47, 64, 21, 60, 9, 59, 28, 49, 29, 30, 5, 35, 40, 54, 10, 32, 44, 63, 15, 41, 42, 50, 61
58
19, 14, 18, 34, 0, 16, 37, 38, 1, 31, 39, 2, 26, 52, 20, 45, 7, 22, 58, 13, 48, 24, 23, 8, 6, 17, 53, 12, 33, 57, 46, 62, 55, 25, 3, 36, 43, 56, 11, 27, 51, 4, 47, 64, 21, 60, 9, 59, 28, 49, 29, 30, 5, 35, 40, 54, 10, 32, 44, 63, 15, 41, 42, 50, 61
57
19, 14, 18, 34, 0, 16, 37, 38, 1, 31, 39, 2, 26, 52, 20, 45, 7, 22, 58, 13, 48, 24, 23, 8, 6, 17, 53, 12, 33, 57, 46, 62, 55, 25, 3, 36, 43, 56, 11, 27, 51, 4, 47, 64, 21, 60, 9, 59, 28, 49, 29, 30, 5, 35, 40, 54, 10, 32, 44, 63, 15, 41, 42, 50, 61
56
19, 14, 18, 34, 0, 16, 37, 38, 1, 31, 39, 2, 26, 52, 20, 45, 7, 22, 58, 13, 48, 24, 23, 8, 6, 17, 53, 12, 33, 57, 46, 62, 55, 25, 3, 36, 43, 56, 11, 27, 51, 4, 47, 64, 21, 60, 9, 59, 28, 49, 29, 30, 5, 35, 40, 54, 10, 32, 44, 63, 15, 41, 42, 50, 61
55
19, 14, 18, 34, 0, 16, 37, 38, 1, 31, 39, 2, 26, 52, 20, 45, 7, 22, 58, 13, 48, 24, 23, 8, 6, 17, 53, 12, 33, 57, 46, 62, 55, 25, 3, 36, 43, 56, 11, 27, 51, 4, 47, 64, 21, 60, 9, 59, 28, 49, 29, 30, 5, 35, 40, 54, 10, 32, 44, 63, 15, 41, 42, 50, 61
54
19, 14, 18, 34, 0, 16, 37, 38, 1, 31, 39, 2, 26, 52, 20, 45, 7, 22, 58, 13, 48, 24, 23, 8, 6, 17, 53, 12, 33, 57, 46, 62, 55, 25, 3, 36, 43, 56, 11, 27, 51, 4, 47, 64, 21, 60, 9, 59, 28, 49, 29, 30, 5, 35, 40, 54, 10, 32, 44, 63, 15, 41, 42, 50, 61
53
19, 14, 18, 34, 0, 16, 37, 38, 1, 31, 39, 2, 26, 52, 20, 45, 7, 22, 58, 13, 48, 24, 23, 8, 6, 17, 53, 12, 33, 57, 46, 62, 55, 25, 3, 36, 43, 56, 11, 27, 51, 4, 47, 64, 21, 60, 9, 59, 28, 49, 29, 30, 5, 35, 40, 54, 10, 32, 44, 63, 15, 41, 42, 50, 61
52
19, 14, 18, 34, 0, 16, 37, 38, 1, 31, 39, 2, 26, 52, 20, 45, 7, 22, 58, 13, 48, 24, 23, 8, 6, 17, 53, 12, 33, 57, 46, 62, 55, 25, 3, 36, 43, 56, 11, 27, 51, 4, 47, 64, 21, 60, 9, 59, 28, 49, 29, 30, 5, 35, 40, 54, 10, 32, 44, 63, 15, 41, 42, 50, 61
51
19, 14, 18, 34, 0, 16, 37, 38, 1, 31, 39, 2, 26, 52, 20, 45, 7, 22, 58, 13, 48, 24, 23, 8, 6, 17, 53, 12, 33, 57, 46, 62, 55, 25, 3, 36, 43, 56, 11, 27, 51, 4, 47, 64, 21, 60, 9, 59, 28, 49, 29, 30, 5, 35, 40, 54, 10, 32, 44, 63, 15, 41, 42, 50, 61
50
19, 14, 18, 34, 0, 16, 37, 38, 1, 31, 39, 2, 26, 52, 20, 45, 7, 22, 58, 13, 48, 24, 23, 8, 6, 17, 53, 12, 33, 57, 46, 62, 55, 25, 3, 36, 43, 56, 11, 27, 51, 4, 47, 64, 21, 60, 9, 59, 28, 49, 29, 30, 5, 35, 40, 54, 10, 32, 44, 63, 15, 41, 42, 50, 61
49
19, 14, 18, 34, 0, 16, 37, 38, 1, 31, 39, 2, 26, 52, 20, 45, 7, 22, 58, 13, 48, 24, 23, 8, 6, 17, 53, 12, 33, 57, 46, 62, 55, 25, 3, 36, 43, 56, 11, 27, 51, 4, 47, 64, 21, 60, 9, 59, 28, 49, 29, 30, 5, 35, 40, 54, 10, 32, 44, 63, 15, 41, 42, 50, 61
48
19, 14, 18, 34, 0, 16, 37, 38, 1, 31, 39, 2, 26, 52, 20, 45, 7, 22, 58, 13, 48, 24, 23, 8, 6, 17, 53, 12, 33, 57, 46, 62, 55, 25, 3, 36, 43, 56, 11, 27, 51, 4, 47, 64, 21, 60, 9, 59, 28, 49, 29, 30, 5, 35, 40, 54, 10, 32, 44, 63, 15, 41, 42, 50, 61
47
19, 14, 18, 34, 0, 16, 37, 38, 1, 31, 39, 2, 26, 52, 20, 45, 7, 22, 58, 13, 48, 24, 23, 8, 6, 17, 53, 12, 33, 57, 46, 62, 55, 25, 3, 36, 43, 56, 11, 27, 51, 4, 47, 64, 21, 60, 9, 59, 28, 49, 29, 30, 5, 35, 40, 54, 10, 32, 44, 63, 15, 41, 42, 50, 61
46
19, 14, 18, 34, 0, 16, 37, 38, 1, 31, 39, 2, 26, 52, 20, 45, 7, 22, 58, 13, 48, 24, 23, 8, 6, 17, 53, 12, 33, 57, 46, 62, 55, 25, 3, 36, 43, 56, 11, 27, 51, 4, 47, 64, 21, 60, 9, 59, 28, 49, 29, 30, 5, 35, 40, 54, 10, 32, 44, 63, 15, 41, 42, 50, 61
45
19, 14, 18, 34, 0, 16, 37, 38, 1, 31, 39, 2, 26, 52, 20, 45, 7, 22, 58, 13, 48, 24, 23, 8, 6, 17, 53, 12, 33, 57, 46, 62, 55, 25, 3, 36, 43, 56, 11, 27, 51, 4, 47, 64, 21, 60, 9, 59, 28, 49, 29, 30, 5, 35, 40, 54, 10, 32, 44, 63, 15, 41, 42, 50, 61
44
19, 14, 18, 34, 0, 16, 37, 38, 1, 31, 39, 2, 26, 52, 20, 45, 7, 22, 58, 13, 48, 24, 23, 8, 6, 17, 53, 12, 33, 57, 46, 62, 55, 25, 3, 36, 43, 56, 11, 27, 51, 4, 47, 64, 21, 60, 9, 59, 28, 49, 29, 30, 5, 35, 40, 54, 10, 32, 44, 63, 15, 41, 42, 50, 61
43
19, 14, 18, 34, 0, 16, 37, 38, 1, 31, 39, 2, 26, 52, 20, 45, 7, 22, 58, 13, 48, 24, 23, 8, 6, 17, 53, 12, 33, 57, 46, 62, 55, 25, 3, 36, 43, 56, 11, 27, 51, 4, 47, 64, 21, 60, 9, 59, 28, 49, 29, 30, 5, 35, 40, 54, 10, 32, 44, 63, 15, 41, 42, 50, 61
42
19, 14, 18, 34, 0, 16, 37, 38, 1, 31, 39, 2, 26, 52, 20, 45, 7, 22, 58, 13, 48, 24, 23, 8, 6, 17, 53, 12, 33, 57, 46, 62, 55, 25, 3, 36, 43, 56, 11, 27, 51, 4, 47, 64, 21, 60, 9, 59, 28, 49, 29, 30, 5, 35, 40, 54, 10, 32, 44, 63, 15, 41, 42, 50, 61
41
19, 14, 18, 34, 0, 16, 37, 38, 1, 31, 39, 2, 26, 52, 20, 45, 7, 22, 58, 13, 48, 24, 23, 8, 6, 17, 53, 12, 33, 57, 46, 62, 55, 25, 3, 36, 43, 56, 11, 27, 51, 4, 47, 64, 21, 60, 9, 59, 28, 49, 29, 30, 5, 35, 40, 54, 10, 32, 44, 63, 15, 41, 42, 50, 61
40
19, 14, 18, 34, 0, 16, 37, 38, 1, 31, 39, 2, 26, 52, 20, 45, 7, 22, 58, 13, 48, 24, 23, 8, 6, 17, 53, 12, 33, 57, 46, 62, 55, 25, 3, 36, 43, 56, 11, 27, 51, 4, 47, 64, 21, 60, 9, 59, 28, 49, 29, 30, 5, 35, 40, 54, 10, 32, 44, 63, 15, 41, 42, 50, 61
39
19, 14, 18, 34, 0, 16, 37, 38, 1, 31, 39, 2, 26, 52, 20, 45, 7, 22, 58, 13, 48, 24, 23, 8, 6, 17, 53, 12, 33, 57, 46, 62, 55, 25, 3, 36, 43, 56, 11, 27, 51, 4, 47, 64, 21, 60, 9, 59, 28, 49, 29, 30, 5, 35, 40, 54, 10, 32, 44, 63, 15, 41, 42, 50, 61
38
19, 14, 18, 34, 0, 16, 37, 38, 1, 31, 39, 2, 26, 52, 20, 45, 7, 22, 58, 13, 48, 24, 23, 8, 6, 17, 53, 12, 33, 57, 46, 62, 55, 25, 3, 36, 43, 56, 11, 27, 51, 4, 47, 64, 21, 60, 9, 59, 28, 49, 29, 30, 5, 35, 40, 54, 10, 32, 44, 63, 15, 41, 42, 50, 61
37
19, 14, 18, 34, 0, 16, 37, 38, 1, 31, 39, 2, 26, 52, 20, 45, 7, 22, 58, 13, 48, 24, 23, 8, 6, 17, 53, 12, 33, 57, 46, 62, 55, 25, 3, 36, 43, 56, 11, 27, 51, 4, 47, 64, 21, 60, 9, 59, 28, 49, 29, 30, 5, 35, 40, 54, 10, 32, 44, 63, 15, 41, 42, 50, 61
36
19, 14, 18, 34, 0, 16, 37, 38, 1, 31, 39, 2, 26, 52, 20, 45, 7, 22, 58, 13, 48, 24, 23, 8, 6, 17, 53, 12, 33, 57, 46, 62, 55, 25, 3, 36, 43, 56, 11, 27, 51, 4, 47, 64, 21, 60, 9, 59, 28, 49, 29, 30, 5, 35, 40, 54, 10, 32, 44, 63, 15, 41, 42, 50, 61
35
19, 14, 18, 34, 0, 16, 37, 38, 1, 31, 39, 2, 26, 52, 20, 45, 7, 22, 58, 13, 48, 24, 23, 8, 6, 17, 53, 12, 33, 57, 46, 62, 55, 25, 3, 36, 43, 56, 11, 27, 51, 4, 47, 64, 21, 60, 9, 59, 28, 49, 29, 30, 5, 35, 40, 54, 10, 32, 44, 63, 15, 41, 42, 50, 61
34
19, 14, 18, 34, 0, 16, 37, 38, 1, 31, 39, 2, 26, 52, 20, 45, 7, 22, 58, 13, 48, 24, 23, 8, 6, 17, 53, 12, 33, 57, 46, 62, 55, 25, 3, 36, 43, 56, 11, 27, 51, 4, 47, 64, 21, 60, 9, 59, 28, 49, 29, 30, 5, 35, 40, 54, 10, 32, 44, 63, 15, 41, 42, 50, 61
33
19, 14, 18, 34, 0, 16, 37, 38, 1, 31, 39, 2, 26, 52, 20, 45, 7, 22, 58, 13, 48, 24, 23, 8, 6, 17, 53, 12, 33, 57, 46, 62, 55, 25, 3, 36, 43, 56, 11, 27, 51, 4, 47, 64, 21, 60, 9, 59, 28, 49, 29, 30, 5, 35, 40, 54, 10, 32, 44, 63, 15, 41, 42, 50, 61
32
19, 14, 18, 34, 0, 16, 37, 38, 1, 31, 39, 2, 26, 52, 20, 45, 7, 22, 58, 13, 48, 24, 23, 8, 6, 17, 53, 12, 33, 57, 46, 62, 55, 25, 3, 36, 43, 56, 11, 27, 51, 4, 47, 64, 21, 60, 9, 59, 28, 49, 29, 30, 5, 35, 40, 54, 10, 32, 44, 63, 15, 41, 42, 50, 61
31
19, 14, 18, 34, 0, 16, 37, 38, 1, 31, 39, 2, 26, 52, 20, 45, 7, 22, 58, 13, 48, 24, 23, 8, 6, 17, 53, 12, 33, 57, 46, 62, 55, 25, 3, 36, 43, 56, 11, 27, 51, 4, 47, 64, 21, 60, 9, 59, 28, 49, 29, 30, 5, 35, 40, 54, 10, 32, 44, 63, 15, 41, 42, 50, 61
30
19, 14, 18, 34, 0, 16, 37, 38, 1, 31, 39, 2, 26, 52, 20, 45, 7, 22, 58, 13, 48, 24, 23, 8, 6, 17, 53, 12, 33, 57, 46, 62, 55, 25, 3, 36, 43, 56, 11, 27, 51, 4, 47, 64, 21, 60, 9, 59, 28, 49, 29, 30, 5, 35, 40, 54, 10, 32, 44, 63, 15, 41, 42, 50, 61
29
19, 14, 18, 34, 0, 16, 37, 38, 1, 31, 39, 2, 26, 52, 20, 45, 7, 22, 58, 13, 48, 24, 23, 8, 6, 17, 53, 12, 33, 57, 46, 62, 55, 25, 3, 36, 43, 56, 11, 27, 51, 4, 47, 64, 21, 60, 9, 59, 28, 49, 29, 30, 5, 35, 40, 54, 10, 32, 44, 63, 15, 41, 42, 50, 61
28
19, 14, 18, 34, 0, 16, 37, 38, 1, 31, 39, 2, 26, 52, 20, 45, 7, 22, 58, 13, 48, 24, 23, 8, 6, 17, 53, 12, 33, 57, 46, 62, 55, 25, 3, 36, 43, 56, 11, 27, 51, 4, 47, 64, 21, 60, 9, 59, 28, 49, 29, 30, 5, 35, 40, 54, 10, 32, 44, 63, 15, 41, 42, 50, 61
27
19, 14, 18, 34, 0, 16, 37, 38, 1, 31, 39, 2, 26, 52, 20, 45, 7, 22, 58, 13, 48, 24, 23, 8, 6, 17, 53, 12, 33, 57, 46, 62, 55, 25, 3, 36, 43, 56, 11, 27, 51, 4, 47, 64, 21, 60, 9, 59, 28, 49, 29, 30, 5, 35, 40, 54, 10, 32, 44, 63, 15, 41, 42, 50, 61
26
19, 14, 18, 34, 0, 16, 37, 38, 1, 31, 39, 2, 26, 52, 20, 45, 7, 22, 58, 13, 48, 24, 23, 8, 6, 17, 53, 12, 33, 57, 46, 62, 55, 25, 3, 36, 43, 56, 11, 27, 51, 4, 47, 64, 21, 60, 9, 59, 28, 49, 29, 30, 5, 35, 40, 54, 10, 32, 44, 63, 15, 41, 42, 50, 61
25
19, 14, 18, 34, 0, 16, 37, 38, 1, 31, 39, 2, 26, 52, 20, 45, 7, 22, 58, 13, 48, 24, 23, 8, 6, 17, 53, 12, 33, 57, 46, 62, 55, 25, 3, 36, 43, 56, 11, 27, 51, 4, 47, 64, 21, 60, 9, 59, 28, 49, 29, 30, 5, 35, 40, 54, 10, 32, 44, 63, 15, 41, 42, 50, 61
24
19, 14, 18, 34, 0, 16, 37, 38, 1, 31, 39, 2, 26, 52, 20, 45, 7, 22, 58, 13, 48, 24, 23, 8, 6, 17, 53, 12, 33, 57, 46, 62, 55, 25, 3, 36, 43, 56, 11, 27, 51, 4, 47, 64, 21, 60, 9, 59, 28, 49, 29, 30, 5, 35, 40, 54, 10, 32, 44, 63, 15, 41, 42, 50, 61
23
19, 14, 18, 34, 0, 16, 37, 38, 1, 31, 39, 2, 26, 52, 20, 45, 7, 22, 58, 13, 48, 24, 23, 8, 6, 17, 53, 12, 33, 57, 46, 62, 55, 25, 3, 36, 43, 56, 11, 27, 51, 4, 47, 64, 21, 60, 9, 59, 28, 49, 29, 30, 5, 35, 40, 54, 10, 32, 44, 63, 15, 41, 42, 50, 61
22
19, 14, 18, 34, 0, 16, 37, 38, 1, 31, 39, 2, 26, 52, 20, 45, 7, 48, 24, 23, 57, 33, 6, 17, 53, 58, 22, 13, 8, 12, 46, 62, 55, 25, 3, 36, 43, 56, 11, 27, 51, 4, 47, 64, 21, 60, 9, 59, 28, 49, 29, 30, 5, 35, 40, 54, 10, 32, 44, 63, 15, 41, 42, 50, 61
21
19, 14, 18, 34, 0, 16, 37, 38, 1, 31, 39, 2, 26, 52, 20, 45, 23, 57, 33, 6, 17, 12, 56, 64, 21, 60, 7, 24, 48, 53, 58, 22, 13, 8, 46, 62, 55, 25, 3, 36, 43, 11, 27, 51, 4, 47, 9, 59, 28, 49, 29, 30, 5, 35, 40, 54, 10, 32, 44, 63, 15, 41, 42, 50, 61
20
19, 14, 34, 37, 1, 31, 39, 2, 21, 60, 48, 22, 25, 36, 27, 51, 4, 59, 30, 5, 54, 52, 26, 40, 43, 11, 3, 29, 12, 18, 38, 64, 0, 16, 20, 45, 23, 57, 33, 6, 17, 56, 7, 24, 53, 58, 13, 8, 46, 62, 55, 47, 9, 28, 49, 35, 10, 32, 44, 63, 15, 41, 42, 50, 61
../benchmark_instances/2023result/docs/solver/benchmark/random_instance/random_instance005_graph001.col	65	195	20	54074
	Command being timed: "timeout 1h java -Xms1024g -Xmx1024g -Xss134m -cp ../src/pathwidth.jar Pathwidth ../benchmark_instances/2023result/docs/solver/benchmark/random_instance/random_instance005_graph001.col"
	User time (seconds): 44.13
	System time (seconds): 18.98
	Percent of CPU this job got: 112%
	Elapsed (wall clock) time (h:mm:ss or m:ss): 0:56.10
	Average shared text size (kbytes): 0
	Average unshared data size (kbytes): 0
	Average stack size (kbytes): 0
	Average total size (kbytes): 0
	Maximum resident set size (kbytes): 58683376
	Average resident set size (kbytes): 0
	Major (requiring I/O) page faults: 0
	Minor (reclaiming a frame) page faults: 174460
	Voluntary context switches: 4530
	Involuntary context switches: 259
	Swaps: 0
	File system inputs: 8
	File system outputs: 344
	Socket messages sent: 0
	Socket messages received: 0
	Signals delivered: 0
	Page size (bytes): 4096
	Exit status: 0
