../benchmark_instances/2023result/docs/solver/benchmark/random_instance/random_instance004_graph002.col
52
7, 21, 10, 25, 32, 36, 9, 15, 38, 8, 30, 43, 50, 28, 6, 13, 35, 39, 2, 42, 26, 11, 29, 4, 1, 27, 45, 14, 5, 20, 34, 0, 33, 44, 22, 23, 46, 48, 49, 16, 47, 51, 3, 17, 31, 40, 41, 12, 18, 19, 24, 37
51
7, 21, 10, 25, 32, 36, 9, 15, 38, 8, 30, 43, 50, 28, 6, 13, 35, 39, 2, 42, 26, 11, 29, 4, 1, 27, 45, 14, 5, 20, 34, 0, 33, 44, 22, 23, 46, 48, 49, 16, 47, 51, 3, 17, 31, 40, 41, 12, 18, 19, 24, 37
50
7, 21, 10, 25, 32, 36, 9, 15, 38, 8, 30, 43, 50, 28, 6, 13, 35, 39, 2, 42, 26, 11, 29, 4, 1, 27, 45, 14, 5, 20, 34, 0, 33, 44, 22, 23, 46, 48, 49, 16, 47, 51, 3, 17, 31, 40, 41, 12, 18, 19, 24, 37
49
7, 21, 10, 25, 32, 36, 9, 15, 38, 8, 30, 43, 50, 28, 6, 13, 35, 39, 2, 42, 26, 11, 29, 4, 1, 27, 45, 14, 5, 20, 34, 0, 33, 44, 22, 23, 46, 48, 49, 16, 47, 51, 3, 17, 31, 40, 41, 12, 18, 19, 24, 37
48
7, 21, 10, 25, 32, 36, 9, 15, 38, 8, 30, 43, 50, 28, 6, 13, 35, 39, 2, 42, 26, 11, 29, 4, 1, 27, 45, 14, 5, 20, 34, 0, 33, 44, 22, 23, 46, 48, 49, 16, 47, 51, 3, 17, 31, 40, 41, 12, 18, 19, 24, 37
47
7, 21, 10, 25, 32, 36, 9, 15, 38, 8, 30, 43, 50, 28, 6, 13, 35, 39, 2, 42, 26, 11, 29, 4, 1, 27, 45, 14, 5, 20, 34, 0, 33, 44, 22, 23, 46, 48, 49, 16, 47, 51, 3, 17, 31, 40, 41, 12, 18, 19, 24, 37
46
7, 21, 10, 25, 32, 36, 9, 15, 38, 8, 30, 43, 50, 28, 6, 13, 35, 39, 2, 42, 26, 11, 29, 4, 1, 27, 45, 14, 5, 20, 34, 0, 33, 44, 22, 23, 46, 48, 49, 16, 47, 51, 3, 17, 31, 40, 41, 12, 18, 19, 24, 37
45
7, 21, 10, 25, 32, 36, 9, 15, 38, 8, 30, 43, 50, 28, 6, 13, 35, 39, 2, 42, 26, 11, 29, 4, 1, 27, 45, 14, 5, 20, 34, 0, 33, 44, 22, 23, 46, 48, 49, 16, 47, 51, 3, 17, 31, 40, 41, 12, 18, 19, 24, 37
44
7, 21, 10, 25, 32, 36, 9, 15, 38, 8, 30, 43, 50, 28, 6, 13, 35, 39, 2, 42, 26, 11, 29, 4, 1, 27, 45, 14, 5, 20, 34, 0, 33, 44, 22, 23, 46, 48, 49, 16, 47, 51, 3, 17, 31, 40, 41, 12, 18, 19, 24, 37
43
7, 21, 10, 25, 32, 36, 9, 15, 38, 8, 30, 43, 50, 28, 6, 13, 35, 39, 2, 42, 26, 11, 29, 4, 1, 27, 45, 14, 5, 20, 34, 0, 33, 44, 22, 23, 46, 48, 49, 16, 47, 51, 3, 17, 31, 40, 41, 12, 18, 19, 24, 37
42
7, 21, 10, 25, 32, 36, 9, 15, 38, 8, 30, 43, 50, 28, 6, 13, 35, 39, 2, 42, 26, 11, 29, 4, 1, 27, 45, 14, 5, 20, 34, 0, 33, 44, 22, 23, 46, 48, 49, 16, 47, 51, 3, 17, 31, 40, 41, 12, 18, 19, 24, 37
41
7, 21, 10, 25, 32, 36, 9, 15, 38, 8, 30, 43, 50, 28, 6, 13, 35, 39, 2, 42, 26, 11, 29, 4, 1, 27, 45, 14, 5, 20, 34, 0, 33, 44, 22, 23, 46, 48, 49, 16, 47, 51, 3, 17, 31, 40, 41, 12, 18, 19, 24, 37
40
7, 21, 10, 25, 32, 36, 9, 15, 38, 8, 30, 43, 50, 28, 6, 13, 35, 39, 2, 42, 26, 11, 29, 4, 1, 27, 45, 14, 5, 20, 34, 0, 33, 44, 22, 23, 46, 48, 49, 16, 47, 51, 3, 17, 31, 40, 41, 12, 18, 19, 24, 37
39
7, 21, 10, 25, 32, 36, 9, 15, 38, 8, 30, 43, 50, 28, 6, 13, 35, 39, 2, 42, 26, 11, 29, 4, 1, 27, 45, 14, 5, 20, 34, 0, 33, 44, 22, 23, 46, 48, 49, 16, 47, 51, 3, 17, 31, 40, 41, 12, 18, 19, 24, 37
38
7, 21, 10, 25, 32, 36, 9, 15, 38, 8, 30, 43, 50, 28, 6, 13, 35, 39, 2, 42, 26, 11, 29, 4, 1, 27, 45, 14, 5, 20, 34, 0, 33, 44, 22, 23, 46, 48, 49, 16, 47, 51, 3, 17, 31, 40, 41, 12, 18, 19, 24, 37
37
7, 21, 10, 25, 32, 36, 9, 15, 38, 8, 30, 43, 50, 28, 6, 13, 35, 39, 2, 42, 26, 11, 29, 4, 1, 27, 45, 14, 5, 20, 34, 0, 33, 44, 22, 23, 46, 48, 49, 16, 47, 51, 3, 17, 31, 40, 41, 12, 18, 19, 24, 37
36
7, 21, 10, 25, 32, 36, 9, 15, 38, 8, 30, 43, 50, 28, 6, 13, 35, 39, 2, 42, 26, 11, 29, 4, 1, 27, 45, 14, 5, 20, 34, 0, 33, 44, 22, 23, 46, 48, 49, 16, 47, 51, 3, 17, 31, 40, 41, 12, 18, 19, 24, 37
35
7, 21, 10, 25, 32, 36, 9, 15, 38, 8, 30, 43, 50, 28, 6, 13, 35, 39, 2, 42, 26, 11, 29, 4, 1, 27, 45, 14, 5, 20, 34, 0, 33, 44, 22, 23, 46, 48, 49, 16, 47, 51, 3, 17, 31, 40, 41, 12, 18, 19, 24, 37
34
7, 21, 10, 25, 32, 36, 9, 15, 38, 8, 30, 43, 50, 28, 6, 13, 35, 39, 2, 42, 26, 11, 29, 4, 1, 27, 45, 14, 5, 20, 34, 0, 33, 44, 22, 23, 46, 48, 49, 16, 47, 51, 3, 17, 31, 40, 41, 12, 18, 19, 24, 37
33
7, 21, 10, 25, 32, 36, 9, 15, 38, 8, 30, 43, 50, 28, 6, 13, 35, 39, 2, 42, 26, 11, 29, 4, 1, 27, 45, 14, 5, 20, 34, 0, 33, 44, 22, 23, 46, 48, 49, 16, 47, 51, 3, 17, 31, 40, 41, 12, 18, 19, 24, 37
32
7, 21, 10, 25, 32, 36, 9, 15, 38, 8, 30, 43, 50, 28, 6, 13, 35, 39, 2, 42, 26, 11, 29, 4, 1, 27, 45, 14, 5, 20, 34, 0, 33, 44, 22, 23, 46, 48, 49, 16, 47, 51, 3, 17, 31, 40, 41, 12, 18, 19, 24, 37
31
7, 21, 10, 25, 32, 36, 9, 15, 38, 8, 30, 43, 50, 28, 6, 13, 35, 39, 2, 42, 26, 11, 29, 4, 1, 27, 45, 14, 5, 20, 34, 0, 33, 44, 22, 23, 46, 48, 49, 16, 47, 51, 3, 17, 31, 40, 41, 12, 18, 19, 24, 37
30
7, 21, 10, 25, 32, 36, 9, 15, 38, 8, 30, 43, 50, 28, 6, 13, 35, 39, 2, 42, 26, 11, 29, 4, 1, 27, 45, 14, 5, 20, 34, 0, 33, 44, 22, 23, 46, 48, 49, 16, 47, 51, 3, 17, 31, 40, 41, 12, 18, 19, 24, 37
29
7, 21, 10, 25, 32, 36, 9, 15, 38, 8, 30, 43, 50, 28, 6, 13, 35, 39, 2, 42, 26, 11, 29, 4, 1, 27, 45, 14, 5, 20, 34, 0, 33, 44, 22, 23, 46, 48, 49, 16, 47, 51, 3, 17, 31, 40, 41, 12, 18, 19, 24, 37
28
7, 21, 10, 25, 32, 36, 9, 15, 38, 8, 30, 43, 50, 28, 6, 13, 35, 39, 2, 42, 26, 11, 29, 4, 1, 27, 45, 14, 5, 20, 34, 0, 33, 44, 22, 23, 46, 48, 49, 16, 47, 51, 3, 17, 31, 40, 41, 12, 18, 19, 24, 37
27
7, 21, 10, 25, 32, 36, 9, 15, 38, 8, 30, 43, 50, 28, 6, 13, 35, 39, 2, 42, 26, 11, 29, 4, 1, 27, 45, 14, 5, 20, 34, 0, 33, 44, 22, 23, 46, 48, 49, 16, 47, 51, 3, 17, 31, 40, 41, 12, 18, 19, 24, 37
26
7, 21, 10, 25, 32, 36, 9, 15, 38, 8, 30, 43, 50, 28, 6, 13, 35, 39, 2, 42, 26, 11, 29, 4, 1, 27, 45, 14, 5, 20, 34, 0, 33, 44, 22, 23, 46, 48, 49, 16, 47, 51, 3, 17, 31, 40, 41, 12, 18, 19, 24, 37
25
7, 21, 10, 25, 32, 36, 9, 15, 38, 8, 30, 43, 50, 28, 6, 13, 35, 39, 2, 42, 26, 11, 29, 4, 1, 27, 45, 14, 5, 20, 34, 0, 33, 44, 22, 23, 46, 48, 49, 16, 47, 51, 3, 17, 31, 40, 41, 12, 18, 19, 24, 37
24
7, 21, 10, 25, 32, 36, 9, 15, 38, 8, 30, 43, 50, 28, 6, 13, 35, 39, 2, 42, 26, 11, 29, 4, 1, 27, 45, 14, 5, 20, 34, 0, 33, 44, 22, 23, 46, 48, 49, 16, 47, 51, 3, 17, 31, 40, 41, 12, 18, 19, 24, 37
23
7, 21, 10, 25, 32, 36, 9, 15, 38, 8, 30, 43, 50, 28, 6, 13, 35, 39, 2, 42, 26, 11, 29, 4, 1, 27, 45, 14, 5, 20, 34, 0, 33, 44, 22, 23, 46, 48, 49, 16, 47, 51, 3, 17, 31, 40, 41, 12, 18, 19, 24, 37
22
7, 21, 10, 25, 32, 36, 9, 15, 38, 8, 30, 43, 50, 28, 6, 13, 35, 39, 2, 42, 26, 11, 29, 4, 1, 27, 45, 14, 5, 20, 34, 0, 33, 44, 22, 23, 46, 48, 49, 16, 47, 51, 3, 17, 31, 40, 41, 12, 18, 19, 24, 37
21
7, 21, 10, 25, 32, 36, 9, 15, 38, 8, 30, 43, 50, 28, 6, 13, 35, 39, 2, 42, 26, 11, 29, 4, 1, 27, 45, 14, 5, 20, 34, 0, 33, 44, 22, 23, 46, 48, 49, 16, 47, 51, 3, 17, 31, 40, 41, 12, 18, 19, 24, 37
20
7, 21, 10, 25, 32, 36, 9, 15, 38, 8, 30, 43, 50, 28, 6, 13, 35, 39, 2, 42, 26, 11, 29, 4, 1, 27, 45, 14, 5, 20, 34, 0, 33, 44, 22, 23, 46, 48, 49, 16, 47, 51, 3, 17, 31, 40, 41, 12, 18, 19, 24, 37
19
7, 21, 10, 25, 32, 36, 9, 15, 38, 8, 30, 43, 50, 28, 6, 13, 35, 39, 2, 42, 26, 11, 29, 4, 1, 27, 45, 14, 5, 20, 34, 0, 33, 44, 22, 23, 46, 48, 49, 16, 47, 51, 3, 17, 31, 40, 41, 12, 18, 19, 24, 37
18
7, 21, 10, 25, 32, 36, 9, 15, 38, 8, 30, 43, 50, 28, 6, 13, 35, 39, 2, 42, 26, 11, 29, 4, 1, 27, 45, 14, 5, 20, 34, 0, 33, 44, 22, 23, 46, 48, 49, 16, 47, 51, 3, 17, 31, 40, 41, 12, 18, 19, 24, 37
../benchmark_instances/2023result/docs/solver/benchmark/random_instance/random_instance004_graph002.col	52	156	18	3266
	Command being timed: "timeout 1h java -Xms1024g -Xmx1024g -Xss134m -cp ../src/pathwidth.jar Pathwidth ../benchmark_instances/2023result/docs/solver/benchmark/random_instance/random_instance004_graph002.col"
	User time (seconds): 3.46
	System time (seconds): 2.41
	Percent of CPU this job got: 115%
	Elapsed (wall clock) time (h:mm:ss or m:ss): 0:05.08
	Average shared text size (kbytes): 0
	Average unshared data size (kbytes): 0
	Average stack size (kbytes): 0
	Average total size (kbytes): 0
	Maximum resident set size (kbytes): 8593488
	Average resident set size (kbytes): 0
	Major (requiring I/O) page faults: 0
	Minor (reclaiming a frame) page faults: 146977
	Voluntary context switches: 2319
	Involuntary context switches: 37
	Swaps: 0
	File system inputs: 8
	File system outputs: 112
	Socket messages sent: 0
	Socket messages received: 0
	Signals delivered: 0
	Page size (bytes): 4096
	Exit status: 0
