../benchmark_instances/2023result/docs/solver/benchmark/random_instance/random_instance006_graph003.col
78
27, 9, 39, 45, 58, 6, 35, 2, 25, 29, 15, 20, 70, 7, 67, 47, 34, 44, 54, 56, 23, 1, 0, 4, 33, 62, 41, 18, 36, 64, 69, 14, 3, 11, 48, 22, 30, 10, 12, 38, 5, 71, 8, 16, 59, 75, 17, 65, 26, 49, 50, 63, 19, 31, 40, 28, 43, 51, 37, 57, 77, 42, 73, 76, 24, 46, 61, 66, 21, 72, 13, 32, 53, 74, 52, 55, 60, 68
77
27, 9, 39, 45, 58, 6, 35, 2, 25, 29, 15, 20, 70, 7, 67, 47, 34, 44, 54, 56, 23, 1, 0, 4, 33, 62, 41, 18, 36, 64, 69, 14, 3, 11, 48, 22, 30, 10, 12, 38, 5, 71, 8, 16, 59, 75, 17, 65, 26, 49, 50, 63, 19, 31, 40, 28, 43, 51, 37, 57, 77, 42, 73, 76, 24, 46, 61, 66, 21, 72, 13, 32, 53, 74, 52, 55, 60, 68
76
27, 9, 39, 45, 58, 6, 35, 2, 25, 29, 15, 20, 70, 7, 67, 47, 34, 44, 54, 56, 23, 1, 0, 4, 33, 62, 41, 18, 36, 64, 69, 14, 3, 11, 48, 22, 30, 10, 12, 38, 5, 71, 8, 16, 59, 75, 17, 65, 26, 49, 50, 63, 19, 31, 40, 28, 43, 51, 37, 57, 77, 42, 73, 76, 24, 46, 61, 66, 21, 72, 13, 32, 53, 74, 52, 55, 60, 68
75
27, 9, 39, 45, 58, 6, 35, 2, 25, 29, 15, 20, 70, 7, 67, 47, 34, 44, 54, 56, 23, 1, 0, 4, 33, 62, 41, 18, 36, 64, 69, 14, 3, 11, 48, 22, 30, 10, 12, 38, 5, 71, 8, 16, 59, 75, 17, 65, 26, 49, 50, 63, 19, 31, 40, 28, 43, 51, 37, 57, 77, 42, 73, 76, 24, 46, 61, 66, 21, 72, 13, 32, 53, 74, 52, 55, 60, 68
74
27, 9, 39, 45, 58, 6, 35, 2, 25, 29, 15, 20, 70, 7, 67, 47, 34, 44, 54, 56, 23, 1, 0, 4, 33, 62, 41, 18, 36, 64, 69, 14, 3, 11, 48, 22, 30, 10, 12, 38, 5, 71, 8, 16, 59, 75, 17, 65, 26, 49, 50, 63, 19, 31, 40, 28, 43, 51, 37, 57, 77, 42, 73, 76, 24, 46, 61, 66, 21, 72, 13, 32, 53, 74, 52, 55, 60, 68
73
27, 9, 39, 45, 58, 6, 35, 2, 25, 29, 15, 20, 70, 7, 67, 47, 34, 44, 54, 56, 23, 1, 0, 4, 33, 62, 41, 18, 36, 64, 69, 14, 3, 11, 48, 22, 30, 10, 12, 38, 5, 71, 8, 16, 59, 75, 17, 65, 26, 49, 50, 63, 19, 31, 40, 28, 43, 51, 37, 57, 77, 42, 73, 76, 24, 46, 61, 66, 21, 72, 13, 32, 53, 74, 52, 55, 60, 68
72
27, 9, 39, 45, 58, 6, 35, 2, 25, 29, 15, 20, 70, 7, 67, 47, 34, 44, 54, 56, 23, 1, 0, 4, 33, 62, 41, 18, 36, 64, 69, 14, 3, 11, 48, 22, 30, 10, 12, 38, 5, 71, 8, 16, 59, 75, 17, 65, 26, 49, 50, 63, 19, 31, 40, 28, 43, 51, 37, 57, 77, 42, 73, 76, 24, 46, 61, 66, 21, 72, 13, 32, 53, 74, 52, 55, 60, 68
71
27, 9, 39, 45, 58, 6, 35, 2, 25, 29, 15, 20, 70, 7, 67, 47, 34, 44, 54, 56, 23, 1, 0, 4, 33, 62, 41, 18, 36, 64, 69, 14, 3, 11, 48, 22, 30, 10, 12, 38, 5, 71, 8, 16, 59, 75, 17, 65, 26, 49, 50, 63, 19, 31, 40, 28, 43, 51, 37, 57, 77, 42, 73, 76, 24, 46, 61, 66, 21, 72, 13, 32, 53, 74, 52, 55, 60, 68
70
27, 9, 39, 45, 58, 6, 35, 2, 25, 29, 15, 20, 70, 7, 67, 47, 34, 44, 54, 56, 23, 1, 0, 4, 33, 62, 41, 18, 36, 64, 69, 14, 3, 11, 48, 22, 30, 10, 12, 38, 5, 71, 8, 16, 59, 75, 17, 65, 26, 49, 50, 63, 19, 31, 40, 28, 43, 51, 37, 57, 77, 42, 73, 76, 24, 46, 61, 66, 21, 72, 13, 32, 53, 74, 52, 55, 60, 68
69
27, 9, 39, 45, 58, 6, 35, 2, 25, 29, 15, 20, 70, 7, 67, 47, 34, 44, 54, 56, 23, 1, 0, 4, 33, 62, 41, 18, 36, 64, 69, 14, 3, 11, 48, 22, 30, 10, 12, 38, 5, 71, 8, 16, 59, 75, 17, 65, 26, 49, 50, 63, 19, 31, 40, 28, 43, 51, 37, 57, 77, 42, 73, 76, 24, 46, 61, 66, 21, 72, 13, 32, 53, 74, 52, 55, 60, 68
68
27, 9, 39, 45, 58, 6, 35, 2, 25, 29, 15, 20, 70, 7, 67, 47, 34, 44, 54, 56, 23, 1, 0, 4, 33, 62, 41, 18, 36, 64, 69, 14, 3, 11, 48, 22, 30, 10, 12, 38, 5, 71, 8, 16, 59, 75, 17, 65, 26, 49, 50, 63, 19, 31, 40, 28, 43, 51, 37, 57, 77, 42, 73, 76, 24, 46, 61, 66, 21, 72, 13, 32, 53, 74, 52, 55, 60, 68
67
27, 9, 39, 45, 58, 6, 35, 2, 25, 29, 15, 20, 70, 7, 67, 47, 34, 44, 54, 56, 23, 1, 0, 4, 33, 62, 41, 18, 36, 64, 69, 14, 3, 11, 48, 22, 30, 10, 12, 38, 5, 71, 8, 16, 59, 75, 17, 65, 26, 49, 50, 63, 19, 31, 40, 28, 43, 51, 37, 57, 77, 42, 73, 76, 24, 46, 61, 66, 21, 72, 13, 32, 53, 74, 52, 55, 60, 68
66
27, 9, 39, 45, 58, 6, 35, 2, 25, 29, 15, 20, 70, 7, 67, 47, 34, 44, 54, 56, 23, 1, 0, 4, 33, 62, 41, 18, 36, 64, 69, 14, 3, 11, 48, 22, 30, 10, 12, 38, 5, 71, 8, 16, 59, 75, 17, 65, 26, 49, 50, 63, 19, 31, 40, 28, 43, 51, 37, 57, 77, 42, 73, 76, 24, 46, 61, 66, 21, 72, 13, 32, 53, 74, 52, 55, 60, 68
65
27, 9, 39, 45, 58, 6, 35, 2, 25, 29, 15, 20, 70, 7, 67, 47, 34, 44, 54, 56, 23, 1, 0, 4, 33, 62, 41, 18, 36, 64, 69, 14, 3, 11, 48, 22, 30, 10, 12, 38, 5, 71, 8, 16, 59, 75, 17, 65, 26, 49, 50, 63, 19, 31, 40, 28, 43, 51, 37, 57, 77, 42, 73, 76, 24, 46, 61, 66, 21, 72, 13, 32, 53, 74, 52, 55, 60, 68
64
27, 9, 39, 45, 58, 6, 35, 2, 25, 29, 15, 20, 70, 7, 67, 47, 34, 44, 54, 56, 23, 1, 0, 4, 33, 62, 41, 18, 36, 64, 69, 14, 3, 11, 48, 22, 30, 10, 12, 38, 5, 71, 8, 16, 59, 75, 17, 65, 26, 49, 50, 63, 19, 31, 40, 28, 43, 51, 37, 57, 77, 42, 73, 76, 24, 46, 61, 66, 21, 72, 13, 32, 53, 74, 52, 55, 60, 68
63
27, 9, 39, 45, 58, 6, 35, 2, 25, 29, 15, 20, 70, 7, 67, 47, 34, 44, 54, 56, 23, 1, 0, 4, 33, 62, 41, 18, 36, 64, 69, 14, 3, 11, 48, 22, 30, 10, 12, 38, 5, 71, 8, 16, 59, 75, 17, 65, 26, 49, 50, 63, 19, 31, 40, 28, 43, 51, 37, 57, 77, 42, 73, 76, 24, 46, 61, 66, 21, 72, 13, 32, 53, 74, 52, 55, 60, 68
62
27, 9, 39, 45, 58, 6, 35, 2, 25, 29, 15, 20, 70, 7, 67, 47, 34, 44, 54, 56, 23, 1, 0, 4, 33, 62, 41, 18, 36, 64, 69, 14, 3, 11, 48, 22, 30, 10, 12, 38, 5, 71, 8, 16, 59, 75, 17, 65, 26, 49, 50, 63, 19, 31, 40, 28, 43, 51, 37, 57, 77, 42, 73, 76, 24, 46, 61, 66, 21, 72, 13, 32, 53, 74, 52, 55, 60, 68
61
27, 9, 39, 45, 58, 6, 35, 2, 25, 29, 15, 20, 70, 7, 67, 47, 34, 44, 54, 56, 23, 1, 0, 4, 33, 62, 41, 18, 36, 64, 69, 14, 3, 11, 48, 22, 30, 10, 12, 38, 5, 71, 8, 16, 59, 75, 17, 65, 26, 49, 50, 63, 19, 31, 40, 28, 43, 51, 37, 57, 77, 42, 73, 76, 24, 46, 61, 66, 21, 72, 13, 32, 53, 74, 52, 55, 60, 68
60
27, 9, 39, 45, 58, 6, 35, 2, 25, 29, 15, 20, 70, 7, 67, 47, 34, 44, 54, 56, 23, 1, 0, 4, 33, 62, 41, 18, 36, 64, 69, 14, 3, 11, 48, 22, 30, 10, 12, 38, 5, 71, 8, 16, 59, 75, 17, 65, 26, 49, 50, 63, 19, 31, 40, 28, 43, 51, 37, 57, 77, 42, 73, 76, 24, 46, 61, 66, 21, 72, 13, 32, 53, 74, 52, 55, 60, 68
59
27, 9, 39, 45, 58, 6, 35, 2, 25, 29, 15, 20, 70, 7, 67, 47, 34, 44, 54, 56, 23, 1, 0, 4, 33, 62, 41, 18, 36, 64, 69, 14, 3, 11, 48, 22, 30, 10, 12, 38, 5, 71, 8, 16, 59, 75, 17, 65, 26, 49, 50, 63, 19, 31, 40, 28, 43, 51, 37, 57, 77, 42, 73, 76, 24, 46, 61, 66, 21, 72, 13, 32, 53, 74, 52, 55, 60, 68
58
27, 9, 39, 45, 58, 6, 35, 2, 25, 29, 15, 20, 70, 7, 67, 47, 34, 44, 54, 56, 23, 1, 0, 4, 33, 62, 41, 18, 36, 64, 69, 14, 3, 11, 48, 22, 30, 10, 12, 38, 5, 71, 8, 16, 59, 75, 17, 65, 26, 49, 50, 63, 19, 31, 40, 28, 43, 51, 37, 57, 77, 42, 73, 76, 24, 46, 61, 66, 21, 72, 13, 32, 53, 74, 52, 55, 60, 68
57
27, 9, 39, 45, 58, 6, 35, 2, 25, 29, 15, 20, 70, 7, 67, 47, 34, 44, 54, 56, 23, 1, 0, 4, 33, 62, 41, 18, 36, 64, 69, 14, 3, 11, 48, 22, 30, 10, 12, 38, 5, 71, 8, 16, 59, 75, 17, 65, 26, 49, 50, 63, 19, 31, 40, 28, 43, 51, 37, 57, 77, 42, 73, 76, 24, 46, 61, 66, 21, 72, 13, 32, 53, 74, 52, 55, 60, 68
56
27, 9, 39, 45, 58, 6, 35, 2, 25, 29, 15, 20, 70, 7, 67, 47, 34, 44, 54, 56, 23, 1, 0, 4, 33, 62, 41, 18, 36, 64, 69, 14, 3, 11, 48, 22, 30, 10, 12, 38, 5, 71, 8, 16, 59, 75, 17, 65, 26, 49, 50, 63, 19, 31, 40, 28, 43, 51, 37, 57, 77, 42, 73, 76, 24, 46, 61, 66, 21, 72, 13, 32, 53, 74, 52, 55, 60, 68
55
27, 9, 39, 45, 58, 6, 35, 2, 25, 29, 15, 20, 70, 7, 67, 47, 34, 44, 54, 56, 23, 1, 0, 4, 33, 62, 41, 18, 36, 64, 69, 14, 3, 11, 48, 22, 30, 10, 12, 38, 5, 71, 8, 16, 59, 75, 17, 65, 26, 49, 50, 63, 19, 31, 40, 28, 43, 51, 37, 57, 77, 42, 73, 76, 24, 46, 61, 66, 21, 72, 13, 32, 53, 74, 52, 55, 60, 68
54
27, 9, 39, 45, 58, 6, 35, 2, 25, 29, 15, 20, 70, 7, 67, 47, 34, 44, 54, 56, 23, 1, 0, 4, 33, 62, 41, 18, 36, 64, 69, 14, 3, 11, 48, 22, 30, 10, 12, 38, 5, 71, 8, 16, 59, 75, 17, 65, 26, 49, 50, 63, 19, 31, 40, 28, 43, 51, 37, 57, 77, 42, 73, 76, 24, 46, 61, 66, 21, 72, 13, 32, 53, 74, 52, 55, 60, 68
53
27, 9, 39, 45, 58, 6, 35, 2, 25, 29, 15, 20, 70, 7, 67, 47, 34, 44, 54, 56, 23, 1, 0, 4, 33, 62, 41, 18, 36, 64, 69, 14, 3, 11, 48, 22, 30, 10, 12, 38, 5, 71, 8, 16, 59, 75, 17, 65, 26, 49, 50, 63, 19, 31, 40, 28, 43, 51, 37, 57, 77, 42, 73, 76, 24, 46, 61, 66, 21, 72, 13, 32, 53, 74, 52, 55, 60, 68
52
27, 9, 39, 45, 58, 6, 35, 2, 25, 29, 15, 20, 70, 7, 67, 47, 34, 44, 54, 56, 23, 1, 0, 4, 33, 62, 41, 18, 36, 64, 69, 14, 3, 11, 48, 22, 30, 10, 12, 38, 5, 71, 8, 16, 59, 75, 17, 65, 26, 49, 50, 63, 19, 31, 40, 28, 43, 51, 37, 57, 77, 42, 73, 76, 24, 46, 61, 66, 21, 72, 13, 32, 53, 74, 52, 55, 60, 68
51
27, 9, 39, 45, 58, 6, 35, 2, 25, 29, 15, 20, 70, 7, 67, 47, 34, 44, 54, 56, 23, 1, 0, 4, 33, 62, 41, 18, 36, 64, 69, 14, 3, 11, 48, 22, 30, 10, 12, 38, 5, 71, 8, 16, 59, 75, 17, 65, 26, 49, 50, 63, 19, 31, 40, 28, 43, 51, 37, 57, 77, 42, 73, 76, 24, 46, 61, 66, 21, 72, 13, 32, 53, 74, 52, 55, 60, 68
50
27, 9, 39, 45, 58, 6, 35, 2, 25, 29, 15, 20, 70, 7, 67, 47, 34, 44, 54, 56, 23, 1, 0, 4, 33, 62, 41, 18, 36, 64, 69, 14, 3, 11, 48, 22, 30, 10, 12, 38, 5, 71, 8, 16, 59, 75, 17, 65, 26, 49, 50, 63, 19, 31, 40, 28, 43, 51, 37, 57, 77, 42, 73, 76, 24, 46, 61, 66, 21, 72, 13, 32, 53, 74, 52, 55, 60, 68
49
27, 9, 39, 45, 58, 6, 35, 2, 25, 29, 15, 20, 70, 7, 67, 47, 34, 44, 54, 56, 23, 1, 0, 4, 33, 62, 41, 18, 36, 64, 69, 14, 3, 11, 48, 22, 30, 10, 12, 38, 5, 71, 8, 16, 59, 75, 17, 65, 26, 49, 50, 63, 19, 31, 40, 28, 43, 51, 37, 57, 77, 42, 73, 76, 24, 46, 61, 66, 21, 72, 13, 32, 53, 74, 52, 55, 60, 68
48
27, 9, 39, 45, 58, 6, 35, 2, 25, 29, 15, 20, 70, 7, 67, 47, 34, 44, 54, 56, 23, 1, 0, 4, 33, 62, 41, 18, 36, 64, 69, 14, 3, 11, 48, 22, 30, 10, 12, 38, 5, 71, 8, 16, 59, 75, 17, 65, 26, 49, 50, 63, 19, 31, 40, 28, 43, 51, 37, 57, 77, 42, 73, 76, 24, 46, 61, 66, 21, 72, 13, 32, 53, 74, 52, 55, 60, 68
47
27, 9, 39, 45, 58, 6, 35, 2, 25, 29, 15, 20, 70, 7, 67, 47, 34, 44, 54, 56, 23, 1, 0, 4, 33, 62, 41, 18, 36, 64, 69, 14, 3, 11, 48, 22, 30, 10, 12, 38, 5, 71, 8, 16, 59, 75, 17, 65, 26, 49, 50, 63, 19, 31, 40, 28, 43, 51, 37, 57, 77, 42, 73, 76, 24, 46, 61, 66, 21, 72, 13, 32, 53, 74, 52, 55, 60, 68
46
27, 9, 39, 45, 58, 6, 35, 2, 25, 29, 15, 20, 70, 7, 67, 47, 34, 44, 54, 56, 23, 1, 0, 4, 33, 62, 41, 18, 36, 64, 69, 14, 3, 11, 48, 22, 30, 10, 12, 38, 5, 71, 8, 16, 59, 75, 17, 65, 26, 49, 50, 63, 19, 31, 40, 28, 43, 51, 37, 57, 77, 42, 73, 76, 24, 46, 61, 66, 21, 72, 13, 32, 53, 74, 52, 55, 60, 68
45
27, 9, 39, 45, 58, 6, 35, 2, 25, 29, 15, 20, 70, 7, 67, 47, 34, 44, 54, 56, 23, 1, 0, 4, 33, 62, 41, 18, 36, 64, 69, 14, 3, 11, 48, 22, 30, 10, 12, 38, 5, 71, 8, 16, 59, 75, 17, 65, 26, 49, 50, 63, 19, 31, 40, 28, 43, 51, 37, 57, 77, 42, 73, 76, 24, 46, 61, 66, 21, 72, 13, 32, 53, 74, 52, 55, 60, 68
44
27, 9, 39, 45, 58, 6, 35, 2, 25, 29, 15, 20, 70, 7, 67, 47, 34, 44, 54, 56, 23, 1, 0, 4, 33, 62, 41, 18, 36, 64, 69, 14, 3, 11, 48, 22, 30, 10, 12, 38, 5, 71, 8, 16, 59, 75, 17, 65, 26, 49, 50, 63, 19, 31, 40, 28, 43, 51, 37, 57, 77, 42, 73, 76, 24, 46, 61, 66, 21, 72, 13, 32, 53, 74, 52, 55, 60, 68
43
27, 9, 39, 45, 58, 6, 35, 2, 25, 29, 15, 20, 70, 7, 67, 47, 34, 44, 54, 56, 23, 1, 0, 4, 33, 62, 41, 18, 36, 64, 69, 14, 3, 11, 48, 22, 30, 10, 12, 38, 5, 71, 8, 16, 59, 75, 17, 65, 26, 49, 50, 63, 19, 31, 40, 28, 43, 51, 37, 57, 77, 42, 73, 76, 24, 46, 61, 66, 21, 72, 13, 32, 53, 74, 52, 55, 60, 68
42
27, 9, 39, 45, 58, 6, 35, 2, 25, 29, 15, 20, 70, 7, 67, 47, 34, 44, 54, 56, 23, 1, 0, 4, 33, 62, 41, 18, 36, 64, 69, 14, 3, 11, 48, 22, 30, 10, 12, 38, 5, 71, 8, 16, 59, 75, 17, 65, 26, 49, 50, 63, 19, 31, 40, 28, 43, 51, 37, 57, 77, 42, 73, 76, 24, 46, 61, 66, 21, 72, 13, 32, 53, 74, 52, 55, 60, 68
41
27, 9, 39, 45, 58, 6, 35, 2, 25, 29, 15, 20, 70, 7, 67, 47, 34, 44, 54, 56, 23, 1, 0, 4, 33, 62, 41, 18, 36, 64, 69, 14, 3, 11, 48, 22, 30, 10, 12, 38, 5, 71, 8, 16, 59, 75, 17, 65, 26, 49, 50, 63, 19, 31, 40, 28, 43, 51, 37, 57, 77, 42, 73, 76, 24, 46, 61, 66, 21, 72, 13, 32, 53, 74, 52, 55, 60, 68
40
27, 9, 39, 45, 58, 6, 35, 2, 25, 29, 15, 20, 70, 7, 67, 47, 34, 44, 54, 56, 23, 1, 0, 4, 33, 62, 41, 18, 36, 64, 69, 14, 3, 11, 48, 22, 30, 10, 12, 38, 5, 71, 8, 16, 59, 75, 17, 65, 26, 49, 50, 63, 19, 31, 40, 28, 43, 51, 37, 57, 77, 42, 73, 76, 24, 46, 61, 66, 21, 72, 13, 32, 53, 74, 52, 55, 60, 68
39
27, 9, 39, 45, 58, 6, 35, 2, 25, 29, 15, 20, 70, 7, 67, 47, 34, 44, 54, 56, 23, 1, 0, 4, 33, 62, 41, 18, 36, 64, 69, 14, 3, 11, 48, 22, 30, 10, 12, 38, 5, 71, 8, 16, 59, 75, 17, 65, 26, 49, 50, 63, 19, 31, 40, 28, 43, 51, 37, 57, 77, 42, 73, 76, 24, 46, 61, 66, 21, 72, 13, 32, 53, 74, 52, 55, 60, 68
38
27, 9, 39, 45, 58, 6, 35, 2, 25, 29, 15, 20, 70, 7, 67, 47, 34, 44, 54, 56, 23, 1, 0, 4, 33, 62, 41, 18, 36, 64, 69, 14, 3, 11, 48, 22, 30, 10, 12, 38, 5, 71, 8, 16, 59, 75, 17, 65, 26, 49, 50, 63, 19, 31, 40, 28, 43, 51, 37, 57, 77, 42, 73, 76, 24, 46, 61, 66, 21, 72, 13, 32, 53, 74, 52, 55, 60, 68
37
27, 9, 39, 45, 58, 6, 35, 2, 25, 29, 15, 20, 70, 7, 67, 47, 34, 44, 54, 56, 23, 1, 0, 4, 33, 62, 41, 18, 36, 64, 69, 14, 3, 11, 48, 22, 30, 10, 12, 38, 5, 71, 8, 16, 59, 75, 17, 65, 26, 49, 50, 63, 19, 31, 40, 28, 43, 51, 37, 57, 77, 42, 73, 76, 24, 46, 61, 66, 21, 72, 13, 32, 53, 74, 52, 55, 60, 68
36
27, 9, 39, 45, 58, 6, 35, 2, 25, 29, 15, 20, 70, 7, 67, 47, 34, 44, 54, 56, 23, 1, 0, 4, 33, 62, 41, 18, 36, 64, 69, 14, 3, 11, 48, 22, 30, 10, 12, 38, 5, 71, 8, 16, 59, 75, 17, 65, 26, 49, 50, 63, 19, 31, 40, 28, 43, 51, 37, 57, 77, 42, 73, 76, 24, 46, 61, 66, 21, 72, 13, 32, 53, 74, 52, 55, 60, 68
35
27, 9, 39, 45, 58, 6, 35, 2, 25, 29, 15, 20, 70, 7, 67, 47, 34, 44, 54, 56, 23, 1, 0, 4, 33, 62, 41, 18, 36, 64, 69, 14, 3, 11, 48, 22, 30, 10, 12, 38, 5, 71, 8, 16, 59, 75, 17, 65, 26, 49, 50, 63, 19, 31, 40, 28, 43, 51, 37, 57, 77, 42, 73, 76, 24, 46, 61, 66, 21, 72, 13, 32, 53, 74, 52, 55, 60, 68
34
27, 9, 39, 45, 58, 6, 35, 2, 25, 29, 15, 20, 70, 7, 67, 47, 34, 44, 54, 56, 23, 1, 0, 4, 33, 62, 41, 18, 36, 64, 69, 14, 3, 11, 48, 22, 30, 10, 12, 38, 5, 71, 8, 16, 59, 75, 17, 65, 26, 49, 50, 63, 19, 31, 40, 28, 43, 51, 37, 57, 77, 42, 73, 76, 24, 46, 61, 66, 21, 72, 13, 32, 53, 74, 52, 55, 60, 68
33
27, 9, 39, 45, 58, 6, 35, 2, 25, 29, 15, 20, 70, 7, 67, 47, 34, 44, 54, 56, 23, 1, 0, 4, 33, 62, 41, 18, 36, 64, 69, 14, 3, 11, 48, 22, 30, 10, 12, 38, 5, 71, 8, 16, 59, 75, 17, 65, 26, 49, 50, 63, 19, 31, 40, 28, 43, 51, 37, 57, 77, 42, 73, 76, 24, 46, 61, 66, 21, 72, 13, 32, 53, 74, 52, 55, 60, 68
32
27, 9, 39, 45, 58, 6, 35, 2, 25, 29, 15, 20, 70, 7, 67, 47, 34, 44, 54, 56, 23, 1, 0, 4, 33, 62, 41, 18, 36, 64, 69, 14, 3, 11, 48, 22, 30, 10, 12, 38, 5, 71, 8, 16, 59, 75, 17, 65, 26, 49, 50, 63, 19, 31, 40, 28, 43, 51, 37, 57, 77, 42, 73, 76, 24, 46, 61, 66, 21, 72, 13, 32, 53, 74, 52, 55, 60, 68
31
27, 9, 39, 45, 58, 6, 35, 2, 25, 29, 15, 20, 70, 7, 67, 47, 34, 44, 54, 56, 23, 1, 0, 4, 33, 62, 41, 18, 36, 64, 69, 14, 3, 11, 48, 22, 30, 10, 12, 38, 5, 71, 8, 16, 59, 75, 17, 65, 26, 49, 50, 63, 19, 31, 40, 28, 43, 51, 37, 57, 77, 42, 73, 76, 24, 46, 61, 66, 21, 72, 13, 32, 53, 74, 52, 55, 60, 68
30
27, 9, 39, 45, 58, 6, 35, 2, 25, 29, 15, 20, 70, 7, 67, 47, 34, 44, 54, 56, 23, 1, 0, 4, 33, 62, 41, 18, 36, 64, 69, 14, 3, 11, 48, 22, 30, 10, 12, 38, 5, 71, 8, 16, 59, 75, 17, 65, 26, 49, 50, 63, 19, 31, 40, 28, 43, 51, 37, 57, 77, 42, 73, 76, 24, 46, 61, 66, 21, 72, 13, 32, 53, 74, 52, 55, 60, 68
29
27, 9, 39, 45, 58, 6, 35, 2, 25, 29, 15, 20, 70, 7, 67, 47, 34, 44, 54, 56, 23, 1, 0, 4, 33, 62, 41, 18, 36, 64, 69, 14, 3, 11, 48, 22, 30, 10, 12, 38, 5, 71, 8, 16, 59, 75, 17, 65, 26, 49, 50, 63, 19, 31, 40, 28, 43, 51, 37, 57, 77, 42, 73, 76, 24, 46, 61, 66, 21, 72, 13, 32, 53, 74, 52, 55, 60, 68
28
27, 9, 39, 45, 58, 6, 35, 2, 25, 29, 15, 20, 70, 7, 67, 47, 34, 44, 54, 56, 23, 1, 0, 4, 33, 62, 41, 18, 36, 64, 69, 14, 3, 11, 48, 22, 30, 10, 12, 38, 5, 71, 8, 16, 59, 75, 17, 65, 26, 49, 50, 63, 19, 31, 40, 28, 43, 51, 37, 57, 77, 42, 73, 76, 24, 46, 61, 66, 21, 72, 13, 32, 53, 74, 52, 55, 60, 68
27
27, 9, 39, 45, 58, 6, 35, 2, 25, 29, 15, 20, 70, 7, 67, 47, 34, 44, 54, 56, 23, 1, 0, 4, 33, 62, 41, 18, 36, 64, 69, 14, 3, 11, 48, 22, 30, 10, 12, 38, 5, 71, 8, 16, 59, 75, 17, 65, 26, 49, 50, 63, 19, 31, 40, 28, 43, 51, 37, 57, 77, 42, 73, 76, 24, 46, 61, 66, 21, 72, 13, 32, 53, 74, 52, 55, 60, 68
26
27, 9, 39, 45, 58, 6, 35, 2, 25, 29, 15, 20, 70, 7, 67, 47, 34, 44, 54, 56, 23, 33, 62, 41, 18, 36, 64, 69, 14, 71, 8, 43, 28, 59, 75, 4, 0, 1, 3, 11, 48, 22, 30, 10, 12, 38, 5, 16, 17, 65, 26, 49, 50, 63, 19, 31, 40, 51, 37, 57, 77, 42, 73, 76, 24, 46, 61, 66, 21, 72, 13, 32, 53, 74, 52, 55, 60, 68
25
27, 9, 39, 45, 58, 6, 35, 2, 25, 29, 15, 20, 70, 7, 67, 47, 34, 33, 62, 64, 53, 74, 65, 17, 40, 72, 73, 76, 24, 21, 44, 54, 22, 48, 46, 61, 75, 59, 18, 36, 69, 14, 71, 8, 43, 28, 4, 56, 23, 41, 0, 1, 3, 11, 30, 10, 12, 38, 5, 16, 26, 49, 50, 63, 19, 31, 51, 37, 57, 77, 42, 66, 13, 32, 52, 55, 60, 68
24
27, 9, 39, 45, 58, 6, 35, 2, 25, 29, 15, 20, 70, 7, 67, 53, 74, 73, 76, 24, 21, 48, 46, 61, 75, 59, 66, 17, 65, 40, 72, 22, 54, 69, 36, 14, 28, 10, 3, 16, 12, 56, 4, 62, 34, 47, 33, 64, 44, 18, 71, 8, 43, 23, 41, 0, 1, 11, 30, 38, 5, 26, 49, 50, 63, 19, 31, 51, 37, 57, 77, 42, 13, 32, 52, 55, 60, 68
23
27, 9, 39, 67, 17, 65, 69, 36, 28, 62, 64, 33, 44, 71, 8, 43, 51, 52, 55, 60, 47, 37, 41, 57, 31, 5, 77, 6, 14, 18, 7, 40, 16, 34, 19, 49, 56, 23, 11, 26, 4, 48, 66, 61, 46, 76, 24, 20, 73, 75, 45, 35, 29, 15, 58, 2, 25, 70, 21, 53, 74, 59, 72, 22, 54, 10, 3, 12, 0, 1, 30, 38, 50, 63, 42, 13, 32, 68
../benchmark_instances/2023result/docs/solver/benchmark/random_instance/random_instance006_graph003.col	78	234	23	960173
	Command being timed: "timeout 1h java -Xms1024g -Xmx1024g -Xss134m -cp ../src/pathwidth.jar Pathwidth ../benchmark_instances/2023result/docs/solver/benchmark/random_instance/random_instance006_graph003.col"
	User time (seconds): 1237.80
	System time (seconds): 33.50
	Percent of CPU this job got: 132%
	Elapsed (wall clock) time (h:mm:ss or m:ss): 16:02.21
	Average shared text size (kbytes): 0
	Average unshared data size (kbytes): 0
	Average stack size (kbytes): 0
	Average total size (kbytes): 0
	Maximum resident set size (kbytes): 63064204
	Average resident set size (kbytes): 0
	Major (requiring I/O) page faults: 0
	Minor (reclaiming a frame) page faults: 335027
	Voluntary context switches: 63165
	Involuntary context switches: 2701
	Swaps: 0
	File system inputs: 8
	File system outputs: 3528
	Socket messages sent: 0
	Socket messages received: 0
	Signals delivered: 0
	Page size (bytes): 4096
	Exit status: 0
