../benchmark_instances/2023result/docs/solver/benchmark/random_instance/random_instance003_graph005.col
39
28, 4, 9, 17, 15, 10, 23, 3, 11, 24, 0, 31, 12, 35, 1, 7, 36, 38, 13, 16, 2, 27, 14, 21, 25, 32, 34, 18, 30, 5, 19, 26, 33, 6, 8, 20, 22, 29, 37
38
28, 4, 9, 17, 15, 10, 23, 3, 11, 24, 0, 31, 12, 35, 1, 7, 36, 38, 13, 16, 2, 27, 14, 21, 25, 32, 34, 18, 30, 5, 19, 26, 33, 6, 8, 20, 22, 29, 37
37
28, 4, 9, 17, 15, 10, 23, 3, 11, 24, 0, 31, 12, 35, 1, 7, 36, 38, 13, 16, 2, 27, 14, 21, 25, 32, 34, 18, 30, 5, 19, 26, 33, 6, 8, 20, 22, 29, 37
36
28, 4, 9, 17, 15, 10, 23, 3, 11, 24, 0, 31, 12, 35, 1, 7, 36, 38, 13, 16, 2, 27, 14, 21, 25, 32, 34, 18, 30, 5, 19, 26, 33, 6, 8, 20, 22, 29, 37
35
28, 4, 9, 17, 15, 10, 23, 3, 11, 24, 0, 31, 12, 35, 1, 7, 36, 38, 13, 16, 2, 27, 14, 21, 25, 32, 34, 18, 30, 5, 19, 26, 33, 6, 8, 20, 22, 29, 37
34
28, 4, 9, 17, 15, 10, 23, 3, 11, 24, 0, 31, 12, 35, 1, 7, 36, 38, 13, 16, 2, 27, 14, 21, 25, 32, 34, 18, 30, 5, 19, 26, 33, 6, 8, 20, 22, 29, 37
33
28, 4, 9, 17, 15, 10, 23, 3, 11, 24, 0, 31, 12, 35, 1, 7, 36, 38, 13, 16, 2, 27, 14, 21, 25, 32, 34, 18, 30, 5, 19, 26, 33, 6, 8, 20, 22, 29, 37
32
28, 4, 9, 17, 15, 10, 23, 3, 11, 24, 0, 31, 12, 35, 1, 7, 36, 38, 13, 16, 2, 27, 14, 21, 25, 32, 34, 18, 30, 5, 19, 26, 33, 6, 8, 20, 22, 29, 37
31
28, 4, 9, 17, 15, 10, 23, 3, 11, 24, 0, 31, 12, 35, 1, 7, 36, 38, 13, 16, 2, 27, 14, 21, 25, 32, 34, 18, 30, 5, 19, 26, 33, 6, 8, 20, 22, 29, 37
30
28, 4, 9, 17, 15, 10, 23, 3, 11, 24, 0, 31, 12, 35, 1, 7, 36, 38, 13, 16, 2, 27, 14, 21, 25, 32, 34, 18, 30, 5, 19, 26, 33, 6, 8, 20, 22, 29, 37
29
28, 4, 9, 17, 15, 10, 23, 3, 11, 24, 0, 31, 12, 35, 1, 7, 36, 38, 13, 16, 2, 27, 14, 21, 25, 32, 34, 18, 30, 5, 19, 26, 33, 6, 8, 20, 22, 29, 37
28
28, 4, 9, 17, 15, 10, 23, 3, 11, 24, 0, 31, 12, 35, 1, 7, 36, 38, 13, 16, 2, 27, 14, 21, 25, 32, 34, 18, 30, 5, 19, 26, 33, 6, 8, 20, 22, 29, 37
27
28, 4, 9, 17, 15, 10, 23, 3, 11, 24, 0, 31, 12, 35, 1, 7, 36, 38, 13, 16, 2, 27, 14, 21, 25, 32, 34, 18, 30, 5, 19, 26, 33, 6, 8, 20, 22, 29, 37
26
28, 4, 9, 17, 15, 10, 23, 3, 11, 24, 0, 31, 12, 35, 1, 7, 36, 38, 13, 16, 2, 27, 14, 21, 25, 32, 34, 18, 30, 5, 19, 26, 33, 6, 8, 20, 22, 29, 37
25
28, 4, 9, 17, 15, 10, 23, 3, 11, 24, 0, 31, 12, 35, 1, 7, 36, 38, 13, 16, 2, 27, 14, 21, 25, 32, 34, 18, 30, 5, 19, 26, 33, 6, 8, 20, 22, 29, 37
24
28, 4, 9, 17, 15, 10, 23, 3, 11, 24, 0, 31, 12, 35, 1, 7, 36, 38, 13, 16, 2, 27, 14, 21, 25, 32, 34, 18, 30, 5, 19, 26, 33, 6, 8, 20, 22, 29, 37
23
28, 4, 9, 17, 15, 10, 23, 3, 11, 24, 0, 31, 12, 35, 1, 7, 36, 38, 13, 16, 2, 27, 14, 21, 25, 32, 34, 18, 30, 5, 19, 26, 33, 6, 8, 20, 22, 29, 37
22
28, 4, 9, 17, 15, 10, 23, 3, 11, 24, 0, 31, 12, 35, 1, 7, 36, 38, 13, 16, 2, 27, 14, 21, 25, 32, 34, 18, 30, 5, 19, 26, 33, 6, 8, 20, 22, 29, 37
21
28, 4, 9, 17, 15, 10, 23, 3, 11, 24, 0, 31, 12, 35, 1, 7, 36, 38, 13, 16, 2, 27, 14, 21, 25, 32, 34, 18, 30, 5, 19, 26, 33, 6, 8, 20, 22, 29, 37
20
28, 4, 9, 17, 15, 10, 23, 3, 11, 24, 0, 31, 12, 35, 1, 7, 36, 38, 13, 16, 2, 27, 14, 21, 25, 32, 34, 18, 30, 5, 19, 26, 33, 6, 8, 20, 22, 29, 37
19
28, 4, 9, 17, 15, 10, 23, 3, 11, 24, 0, 31, 12, 35, 1, 7, 36, 38, 13, 16, 2, 27, 14, 21, 25, 32, 34, 18, 30, 5, 19, 26, 33, 6, 8, 20, 22, 29, 37
18
28, 4, 9, 17, 15, 10, 23, 3, 11, 24, 0, 31, 12, 35, 1, 7, 36, 38, 13, 16, 2, 27, 14, 21, 25, 32, 34, 18, 30, 5, 19, 26, 33, 6, 8, 20, 22, 29, 37
17
28, 4, 9, 17, 15, 10, 23, 3, 11, 24, 0, 31, 12, 35, 1, 7, 36, 38, 13, 16, 2, 27, 14, 21, 25, 32, 34, 18, 30, 5, 19, 26, 33, 6, 8, 20, 22, 29, 37
16
28, 4, 9, 17, 15, 10, 23, 3, 11, 24, 0, 31, 12, 35, 1, 7, 36, 38, 13, 16, 2, 27, 14, 21, 25, 32, 34, 18, 30, 5, 19, 26, 33, 6, 8, 20, 22, 29, 37
15
28, 4, 9, 17, 15, 10, 23, 11, 0, 35, 16, 2, 27, 14, 32, 1, 12, 31, 3, 24, 7, 36, 38, 13, 21, 25, 34, 18, 30, 5, 19, 26, 33, 6, 8, 20, 22, 29, 37
14
28, 4, 9, 17, 15, 0, 31, 38, 36, 7, 25, 32, 11, 35, 12, 10, 23, 16, 2, 27, 14, 1, 3, 24, 13, 21, 34, 18, 30, 5, 19, 26, 33, 6, 8, 20, 22, 29, 37
../benchmark_instances/2023result/docs/solver/benchmark/random_instance/random_instance003_graph005.col	39	117	14	117
	Command being timed: "timeout 1h java -Xms1024g -Xmx1024g -Xss134m -cp ../src/pathwidth.jar Pathwidth ../benchmark_instances/2023result/docs/solver/benchmark/random_instance/random_instance003_graph005.col"
	User time (seconds): 0.76
	System time (seconds): 1.46
	Percent of CPU this job got: 116%
	Elapsed (wall clock) time (h:mm:ss or m:ss): 0:01.91
	Average shared text size (kbytes): 0
	Average unshared data size (kbytes): 0
	Average stack size (kbytes): 0
	Average total size (kbytes): 0
	Maximum resident set size (kbytes): 4901652
	Average resident set size (kbytes): 0
	Major (requiring I/O) page faults: 0
	Minor (reclaiming a frame) page faults: 142301
	Voluntary context switches: 2143
	Involuntary context switches: 10
	Swaps: 0
	File system inputs: 8
	File system outputs: 72
	Socket messages sent: 0
	Socket messages received: 0
	Signals delivered: 0
	Page size (bytes): 4096
	Exit status: 0
