../benchmark_instances/2023result/docs/solver/benchmark/random_instance/random_instance002_graph001.col
26
4, 15, 14, 0, 8, 2, 3, 12, 9, 19, 6, 10, 21, 1, 24, 7, 13, 5, 11, 17, 18, 16, 20, 22, 23, 25
25
4, 15, 14, 0, 8, 2, 3, 12, 9, 19, 6, 10, 21, 1, 24, 7, 13, 5, 11, 17, 18, 16, 20, 22, 23, 25
24
4, 15, 14, 0, 8, 2, 3, 12, 9, 19, 6, 10, 21, 1, 24, 7, 13, 5, 11, 17, 18, 16, 20, 22, 23, 25
23
4, 15, 14, 0, 8, 2, 3, 12, 9, 19, 6, 10, 21, 1, 24, 7, 13, 5, 11, 17, 18, 16, 20, 22, 23, 25
22
4, 15, 14, 0, 8, 2, 3, 12, 9, 19, 6, 10, 21, 1, 24, 7, 13, 5, 11, 17, 18, 16, 20, 22, 23, 25
21
4, 15, 14, 0, 8, 2, 3, 12, 9, 19, 6, 10, 21, 1, 24, 7, 13, 5, 11, 17, 18, 16, 20, 22, 23, 25
20
4, 15, 14, 0, 8, 2, 3, 12, 9, 19, 6, 10, 21, 1, 24, 7, 13, 5, 11, 17, 18, 16, 20, 22, 23, 25
19
4, 15, 14, 0, 8, 2, 3, 12, 9, 19, 6, 10, 21, 1, 24, 7, 13, 5, 11, 17, 18, 16, 20, 22, 23, 25
18
4, 15, 14, 0, 8, 2, 3, 12, 9, 19, 6, 10, 21, 1, 24, 7, 13, 5, 11, 17, 18, 16, 20, 22, 23, 25
17
4, 15, 14, 0, 8, 2, 3, 12, 9, 19, 6, 10, 21, 1, 24, 7, 13, 5, 11, 17, 18, 16, 20, 22, 23, 25
16
4, 15, 14, 0, 8, 2, 3, 12, 9, 19, 6, 10, 21, 1, 24, 7, 13, 5, 11, 17, 18, 16, 20, 22, 23, 25
15
4, 15, 14, 0, 8, 2, 3, 12, 9, 19, 6, 10, 21, 1, 24, 7, 13, 5, 11, 17, 18, 16, 20, 22, 23, 25
14
4, 15, 14, 0, 8, 2, 3, 12, 9, 19, 6, 10, 21, 1, 24, 7, 13, 5, 11, 17, 18, 16, 20, 22, 23, 25
13
4, 15, 14, 0, 8, 2, 3, 12, 9, 19, 6, 10, 21, 1, 24, 7, 13, 5, 11, 17, 18, 16, 20, 22, 23, 25
12
4, 15, 14, 0, 8, 2, 3, 12, 9, 19, 6, 10, 21, 1, 24, 7, 13, 5, 11, 17, 18, 16, 20, 22, 23, 25
11
4, 15, 14, 0, 8, 2, 3, 12, 9, 19, 6, 10, 21, 1, 24, 7, 13, 5, 11, 17, 18, 16, 20, 22, 23, 25
10
4, 15, 14, 0, 8, 2, 3, 12, 9, 19, 6, 10, 21, 1, 24, 7, 13, 5, 11, 17, 18, 16, 20, 22, 23, 25
9
4, 15, 14, 0, 8, 2, 3, 12, 9, 19, 6, 10, 21, 1, 24, 7, 13, 5, 11, 17, 18, 16, 20, 22, 23, 25
../benchmark_instances/2023result/docs/solver/benchmark/random_instance/random_instance002_graph001.col	26	78	9	9
	Command being timed: "timeout 1h java -Xms1024g -Xmx1024g -Xss134m -cp ../src/pathwidth.jar Pathwidth ../benchmark_instances/2023result/docs/solver/benchmark/random_instance/random_instance002_graph001.col"
	User time (seconds): 0.43
	System time (seconds): 1.40
	Percent of CPU this job got: 102%
	Elapsed (wall clock) time (h:mm:ss or m:ss): 0:01.78
	Average shared text size (kbytes): 0
	Average unshared data size (kbytes): 0
	Average stack size (kbytes): 0
	Average total size (kbytes): 0
	Maximum resident set size (kbytes): 4789220
	Average resident set size (kbytes): 0
	Major (requiring I/O) page faults: 0
	Minor (reclaiming a frame) page faults: 130782
	Voluntary context switches: 2070
	Involuntary context switches: 5
	Swaps: 0
	File system inputs: 8
	File system outputs: 72
	Socket messages sent: 0
	Socket messages received: 0
	Signals delivered: 0
	Page size (bytes): 4096
	Exit status: 0
