../benchmark_instances/2023result/docs/solver/benchmark/random_instance/random_instance009_graph001.col
117
47, 57, 21, 85, 86, 81, 23, 84, 43, 51, 26, 3, 75, 14, 55, 19, 69, 33, 9, 64, 25, 54, 24, 18, 91, 92, 35, 62, 40, 15, 11, 20, 102, 34, 105, 110, 116, 79, 107, 48, 0, 70, 96, 82, 6, 37, 12, 49, 89, 90, 31, 53, 80, 30, 28, 2, 68, 104, 4, 76, 32, 61, 44, 65, 93, 8, 7, 10, 52, 101, 17, 106, 22, 46, 50, 5, 66, 67, 71, 83, 87, 88, 16, 94, 98, 99, 56, 1, 97, 109, 13, 74, 111, 27, 42, 78, 112, 36, 41, 45, 59, 103, 113, 114, 58, 72, 108, 29, 39, 95, 100, 63, 115, 38, 60, 73, 77
116
47, 57, 21, 85, 86, 81, 23, 84, 43, 51, 26, 3, 75, 14, 55, 19, 69, 33, 9, 64, 25, 54, 24, 18, 91, 92, 35, 62, 40, 15, 11, 20, 102, 34, 105, 110, 116, 79, 107, 48, 0, 70, 96, 82, 6, 37, 12, 49, 89, 90, 31, 53, 80, 30, 28, 2, 68, 104, 4, 76, 32, 61, 44, 65, 93, 8, 7, 10, 52, 101, 17, 106, 22, 46, 50, 5, 66, 67, 71, 83, 87, 88, 16, 94, 98, 99, 56, 1, 97, 109, 13, 74, 111, 27, 42, 78, 112, 36, 41, 45, 59, 103, 113, 114, 58, 72, 108, 29, 39, 95, 100, 63, 115, 38, 60, 73, 77
115
47, 57, 21, 85, 86, 81, 23, 84, 43, 51, 26, 3, 75, 14, 55, 19, 69, 33, 9, 64, 25, 54, 24, 18, 91, 92, 35, 62, 40, 15, 11, 20, 102, 34, 105, 110, 116, 79, 107, 48, 0, 70, 96, 82, 6, 37, 12, 49, 89, 90, 31, 53, 80, 30, 28, 2, 68, 104, 4, 76, 32, 61, 44, 65, 93, 8, 7, 10, 52, 101, 17, 106, 22, 46, 50, 5, 66, 67, 71, 83, 87, 88, 16, 94, 98, 99, 56, 1, 97, 109, 13, 74, 111, 27, 42, 78, 112, 36, 41, 45, 59, 103, 113, 114, 58, 72, 108, 29, 39, 95, 100, 63, 115, 38, 60, 73, 77
114
47, 57, 21, 85, 86, 81, 23, 84, 43, 51, 26, 3, 75, 14, 55, 19, 69, 33, 9, 64, 25, 54, 24, 18, 91, 92, 35, 62, 40, 15, 11, 20, 102, 34, 105, 110, 116, 79, 107, 48, 0, 70, 96, 82, 6, 37, 12, 49, 89, 90, 31, 53, 80, 30, 28, 2, 68, 104, 4, 76, 32, 61, 44, 65, 93, 8, 7, 10, 52, 101, 17, 106, 22, 46, 50, 5, 66, 67, 71, 83, 87, 88, 16, 94, 98, 99, 56, 1, 97, 109, 13, 74, 111, 27, 42, 78, 112, 36, 41, 45, 59, 103, 113, 114, 58, 72, 108, 29, 39, 95, 100, 63, 115, 38, 60, 73, 77
113
47, 57, 21, 85, 86, 81, 23, 84, 43, 51, 26, 3, 75, 14, 55, 19, 69, 33, 9, 64, 25, 54, 24, 18, 91, 92, 35, 62, 40, 15, 11, 20, 102, 34, 105, 110, 116, 79, 107, 48, 0, 70, 96, 82, 6, 37, 12, 49, 89, 90, 31, 53, 80, 30, 28, 2, 68, 104, 4, 76, 32, 61, 44, 65, 93, 8, 7, 10, 52, 101, 17, 106, 22, 46, 50, 5, 66, 67, 71, 83, 87, 88, 16, 94, 98, 99, 56, 1, 97, 109, 13, 74, 111, 27, 42, 78, 112, 36, 41, 45, 59, 103, 113, 114, 58, 72, 108, 29, 39, 95, 100, 63, 115, 38, 60, 73, 77
112
47, 57, 21, 85, 86, 81, 23, 84, 43, 51, 26, 3, 75, 14, 55, 19, 69, 33, 9, 64, 25, 54, 24, 18, 91, 92, 35, 62, 40, 15, 11, 20, 102, 34, 105, 110, 116, 79, 107, 48, 0, 70, 96, 82, 6, 37, 12, 49, 89, 90, 31, 53, 80, 30, 28, 2, 68, 104, 4, 76, 32, 61, 44, 65, 93, 8, 7, 10, 52, 101, 17, 106, 22, 46, 50, 5, 66, 67, 71, 83, 87, 88, 16, 94, 98, 99, 56, 1, 97, 109, 13, 74, 111, 27, 42, 78, 112, 36, 41, 45, 59, 103, 113, 114, 58, 72, 108, 29, 39, 95, 100, 63, 115, 38, 60, 73, 77
111
47, 57, 21, 85, 86, 81, 23, 84, 43, 51, 26, 3, 75, 14, 55, 19, 69, 33, 9, 64, 25, 54, 24, 18, 91, 92, 35, 62, 40, 15, 11, 20, 102, 34, 105, 110, 116, 79, 107, 48, 0, 70, 96, 82, 6, 37, 12, 49, 89, 90, 31, 53, 80, 30, 28, 2, 68, 104, 4, 76, 32, 61, 44, 65, 93, 8, 7, 10, 52, 101, 17, 106, 22, 46, 50, 5, 66, 67, 71, 83, 87, 88, 16, 94, 98, 99, 56, 1, 97, 109, 13, 74, 111, 27, 42, 78, 112, 36, 41, 45, 59, 103, 113, 114, 58, 72, 108, 29, 39, 95, 100, 63, 115, 38, 60, 73, 77
110
47, 57, 21, 85, 86, 81, 23, 84, 43, 51, 26, 3, 75, 14, 55, 19, 69, 33, 9, 64, 25, 54, 24, 18, 91, 92, 35, 62, 40, 15, 11, 20, 102, 34, 105, 110, 116, 79, 107, 48, 0, 70, 96, 82, 6, 37, 12, 49, 89, 90, 31, 53, 80, 30, 28, 2, 68, 104, 4, 76, 32, 61, 44, 65, 93, 8, 7, 10, 52, 101, 17, 106, 22, 46, 50, 5, 66, 67, 71, 83, 87, 88, 16, 94, 98, 99, 56, 1, 97, 109, 13, 74, 111, 27, 42, 78, 112, 36, 41, 45, 59, 103, 113, 114, 58, 72, 108, 29, 39, 95, 100, 63, 115, 38, 60, 73, 77
109
47, 57, 21, 85, 86, 81, 23, 84, 43, 51, 26, 3, 75, 14, 55, 19, 69, 33, 9, 64, 25, 54, 24, 18, 91, 92, 35, 62, 40, 15, 11, 20, 102, 34, 105, 110, 116, 79, 107, 48, 0, 70, 96, 82, 6, 37, 12, 49, 89, 90, 31, 53, 80, 30, 28, 2, 68, 104, 4, 76, 32, 61, 44, 65, 93, 8, 7, 10, 52, 101, 17, 106, 22, 46, 50, 5, 66, 67, 71, 83, 87, 88, 16, 94, 98, 99, 56, 1, 97, 109, 13, 74, 111, 27, 42, 78, 112, 36, 41, 45, 59, 103, 113, 114, 58, 72, 108, 29, 39, 95, 100, 63, 115, 38, 60, 73, 77
108
47, 57, 21, 85, 86, 81, 23, 84, 43, 51, 26, 3, 75, 14, 55, 19, 69, 33, 9, 64, 25, 54, 24, 18, 91, 92, 35, 62, 40, 15, 11, 20, 102, 34, 105, 110, 116, 79, 107, 48, 0, 70, 96, 82, 6, 37, 12, 49, 89, 90, 31, 53, 80, 30, 28, 2, 68, 104, 4, 76, 32, 61, 44, 65, 93, 8, 7, 10, 52, 101, 17, 106, 22, 46, 50, 5, 66, 67, 71, 83, 87, 88, 16, 94, 98, 99, 56, 1, 97, 109, 13, 74, 111, 27, 42, 78, 112, 36, 41, 45, 59, 103, 113, 114, 58, 72, 108, 29, 39, 95, 100, 63, 115, 38, 60, 73, 77
107
47, 57, 21, 85, 86, 81, 23, 84, 43, 51, 26, 3, 75, 14, 55, 19, 69, 33, 9, 64, 25, 54, 24, 18, 91, 92, 35, 62, 40, 15, 11, 20, 102, 34, 105, 110, 116, 79, 107, 48, 0, 70, 96, 82, 6, 37, 12, 49, 89, 90, 31, 53, 80, 30, 28, 2, 68, 104, 4, 76, 32, 61, 44, 65, 93, 8, 7, 10, 52, 101, 17, 106, 22, 46, 50, 5, 66, 67, 71, 83, 87, 88, 16, 94, 98, 99, 56, 1, 97, 109, 13, 74, 111, 27, 42, 78, 112, 36, 41, 45, 59, 103, 113, 114, 58, 72, 108, 29, 39, 95, 100, 63, 115, 38, 60, 73, 77
106
47, 57, 21, 85, 86, 81, 23, 84, 43, 51, 26, 3, 75, 14, 55, 19, 69, 33, 9, 64, 25, 54, 24, 18, 91, 92, 35, 62, 40, 15, 11, 20, 102, 34, 105, 110, 116, 79, 107, 48, 0, 70, 96, 82, 6, 37, 12, 49, 89, 90, 31, 53, 80, 30, 28, 2, 68, 104, 4, 76, 32, 61, 44, 65, 93, 8, 7, 10, 52, 101, 17, 106, 22, 46, 50, 5, 66, 67, 71, 83, 87, 88, 16, 94, 98, 99, 56, 1, 97, 109, 13, 74, 111, 27, 42, 78, 112, 36, 41, 45, 59, 103, 113, 114, 58, 72, 108, 29, 39, 95, 100, 63, 115, 38, 60, 73, 77
105
47, 57, 21, 85, 86, 81, 23, 84, 43, 51, 26, 3, 75, 14, 55, 19, 69, 33, 9, 64, 25, 54, 24, 18, 91, 92, 35, 62, 40, 15, 11, 20, 102, 34, 105, 110, 116, 79, 107, 48, 0, 70, 96, 82, 6, 37, 12, 49, 89, 90, 31, 53, 80, 30, 28, 2, 68, 104, 4, 76, 32, 61, 44, 65, 93, 8, 7, 10, 52, 101, 17, 106, 22, 46, 50, 5, 66, 67, 71, 83, 87, 88, 16, 94, 98, 99, 56, 1, 97, 109, 13, 74, 111, 27, 42, 78, 112, 36, 41, 45, 59, 103, 113, 114, 58, 72, 108, 29, 39, 95, 100, 63, 115, 38, 60, 73, 77
104
47, 57, 21, 85, 86, 81, 23, 84, 43, 51, 26, 3, 75, 14, 55, 19, 69, 33, 9, 64, 25, 54, 24, 18, 91, 92, 35, 62, 40, 15, 11, 20, 102, 34, 105, 110, 116, 79, 107, 48, 0, 70, 96, 82, 6, 37, 12, 49, 89, 90, 31, 53, 80, 30, 28, 2, 68, 104, 4, 76, 32, 61, 44, 65, 93, 8, 7, 10, 52, 101, 17, 106, 22, 46, 50, 5, 66, 67, 71, 83, 87, 88, 16, 94, 98, 99, 56, 1, 97, 109, 13, 74, 111, 27, 42, 78, 112, 36, 41, 45, 59, 103, 113, 114, 58, 72, 108, 29, 39, 95, 100, 63, 115, 38, 60, 73, 77
103
47, 57, 21, 85, 86, 81, 23, 84, 43, 51, 26, 3, 75, 14, 55, 19, 69, 33, 9, 64, 25, 54, 24, 18, 91, 92, 35, 62, 40, 15, 11, 20, 102, 34, 105, 110, 116, 79, 107, 48, 0, 70, 96, 82, 6, 37, 12, 49, 89, 90, 31, 53, 80, 30, 28, 2, 68, 104, 4, 76, 32, 61, 44, 65, 93, 8, 7, 10, 52, 101, 17, 106, 22, 46, 50, 5, 66, 67, 71, 83, 87, 88, 16, 94, 98, 99, 56, 1, 97, 109, 13, 74, 111, 27, 42, 78, 112, 36, 41, 45, 59, 103, 113, 114, 58, 72, 108, 29, 39, 95, 100, 63, 115, 38, 60, 73, 77
102
47, 57, 21, 85, 86, 81, 23, 84, 43, 51, 26, 3, 75, 14, 55, 19, 69, 33, 9, 64, 25, 54, 24, 18, 91, 92, 35, 62, 40, 15, 11, 20, 102, 34, 105, 110, 116, 79, 107, 48, 0, 70, 96, 82, 6, 37, 12, 49, 89, 90, 31, 53, 80, 30, 28, 2, 68, 104, 4, 76, 32, 61, 44, 65, 93, 8, 7, 10, 52, 101, 17, 106, 22, 46, 50, 5, 66, 67, 71, 83, 87, 88, 16, 94, 98, 99, 56, 1, 97, 109, 13, 74, 111, 27, 42, 78, 112, 36, 41, 45, 59, 103, 113, 114, 58, 72, 108, 29, 39, 95, 100, 63, 115, 38, 60, 73, 77
101
47, 57, 21, 85, 86, 81, 23, 84, 43, 51, 26, 3, 75, 14, 55, 19, 69, 33, 9, 64, 25, 54, 24, 18, 91, 92, 35, 62, 40, 15, 11, 20, 102, 34, 105, 110, 116, 79, 107, 48, 0, 70, 96, 82, 6, 37, 12, 49, 89, 90, 31, 53, 80, 30, 28, 2, 68, 104, 4, 76, 32, 61, 44, 65, 93, 8, 7, 10, 52, 101, 17, 106, 22, 46, 50, 5, 66, 67, 71, 83, 87, 88, 16, 94, 98, 99, 56, 1, 97, 109, 13, 74, 111, 27, 42, 78, 112, 36, 41, 45, 59, 103, 113, 114, 58, 72, 108, 29, 39, 95, 100, 63, 115, 38, 60, 73, 77
100
47, 57, 21, 85, 86, 81, 23, 84, 43, 51, 26, 3, 75, 14, 55, 19, 69, 33, 9, 64, 25, 54, 24, 18, 91, 92, 35, 62, 40, 15, 11, 20, 102, 34, 105, 110, 116, 79, 107, 48, 0, 70, 96, 82, 6, 37, 12, 49, 89, 90, 31, 53, 80, 30, 28, 2, 68, 104, 4, 76, 32, 61, 44, 65, 93, 8, 7, 10, 52, 101, 17, 106, 22, 46, 50, 5, 66, 67, 71, 83, 87, 88, 16, 94, 98, 99, 56, 1, 97, 109, 13, 74, 111, 27, 42, 78, 112, 36, 41, 45, 59, 103, 113, 114, 58, 72, 108, 29, 39, 95, 100, 63, 115, 38, 60, 73, 77
99
47, 57, 21, 85, 86, 81, 23, 84, 43, 51, 26, 3, 75, 14, 55, 19, 69, 33, 9, 64, 25, 54, 24, 18, 91, 92, 35, 62, 40, 15, 11, 20, 102, 34, 105, 110, 116, 79, 107, 48, 0, 70, 96, 82, 6, 37, 12, 49, 89, 90, 31, 53, 80, 30, 28, 2, 68, 104, 4, 76, 32, 61, 44, 65, 93, 8, 7, 10, 52, 101, 17, 106, 22, 46, 50, 5, 66, 67, 71, 83, 87, 88, 16, 94, 98, 99, 56, 1, 97, 109, 13, 74, 111, 27, 42, 78, 112, 36, 41, 45, 59, 103, 113, 114, 58, 72, 108, 29, 39, 95, 100, 63, 115, 38, 60, 73, 77
98
47, 57, 21, 85, 86, 81, 23, 84, 43, 51, 26, 3, 75, 14, 55, 19, 69, 33, 9, 64, 25, 54, 24, 18, 91, 92, 35, 62, 40, 15, 11, 20, 102, 34, 105, 110, 116, 79, 107, 48, 0, 70, 96, 82, 6, 37, 12, 49, 89, 90, 31, 53, 80, 30, 28, 2, 68, 104, 4, 76, 32, 61, 44, 65, 93, 8, 7, 10, 52, 101, 17, 106, 22, 46, 50, 5, 66, 67, 71, 83, 87, 88, 16, 94, 98, 99, 56, 1, 97, 109, 13, 74, 111, 27, 42, 78, 112, 36, 41, 45, 59, 103, 113, 114, 58, 72, 108, 29, 39, 95, 100, 63, 115, 38, 60, 73, 77
97
47, 57, 21, 85, 86, 81, 23, 84, 43, 51, 26, 3, 75, 14, 55, 19, 69, 33, 9, 64, 25, 54, 24, 18, 91, 92, 35, 62, 40, 15, 11, 20, 102, 34, 105, 110, 116, 79, 107, 48, 0, 70, 96, 82, 6, 37, 12, 49, 89, 90, 31, 53, 80, 30, 28, 2, 68, 104, 4, 76, 32, 61, 44, 65, 93, 8, 7, 10, 52, 101, 17, 106, 22, 46, 50, 5, 66, 67, 71, 83, 87, 88, 16, 94, 98, 99, 56, 1, 97, 109, 13, 74, 111, 27, 42, 78, 112, 36, 41, 45, 59, 103, 113, 114, 58, 72, 108, 29, 39, 95, 100, 63, 115, 38, 60, 73, 77
96
47, 57, 21, 85, 86, 81, 23, 84, 43, 51, 26, 3, 75, 14, 55, 19, 69, 33, 9, 64, 25, 54, 24, 18, 91, 92, 35, 62, 40, 15, 11, 20, 102, 34, 105, 110, 116, 79, 107, 48, 0, 70, 96, 82, 6, 37, 12, 49, 89, 90, 31, 53, 80, 30, 28, 2, 68, 104, 4, 76, 32, 61, 44, 65, 93, 8, 7, 10, 52, 101, 17, 106, 22, 46, 50, 5, 66, 67, 71, 83, 87, 88, 16, 94, 98, 99, 56, 1, 97, 109, 13, 74, 111, 27, 42, 78, 112, 36, 41, 45, 59, 103, 113, 114, 58, 72, 108, 29, 39, 95, 100, 63, 115, 38, 60, 73, 77
95
47, 57, 21, 85, 86, 81, 23, 84, 43, 51, 26, 3, 75, 14, 55, 19, 69, 33, 9, 64, 25, 54, 24, 18, 91, 92, 35, 62, 40, 15, 11, 20, 102, 34, 105, 110, 116, 79, 107, 48, 0, 70, 96, 82, 6, 37, 12, 49, 89, 90, 31, 53, 80, 30, 28, 2, 68, 104, 4, 76, 32, 61, 44, 65, 93, 8, 7, 10, 52, 101, 17, 106, 22, 46, 50, 5, 66, 67, 71, 83, 87, 88, 16, 94, 98, 99, 56, 1, 97, 109, 13, 74, 111, 27, 42, 78, 112, 36, 41, 45, 59, 103, 113, 114, 58, 72, 108, 29, 39, 95, 100, 63, 115, 38, 60, 73, 77
94
47, 57, 21, 85, 86, 81, 23, 84, 43, 51, 26, 3, 75, 14, 55, 19, 69, 33, 9, 64, 25, 54, 24, 18, 91, 92, 35, 62, 40, 15, 11, 20, 102, 34, 105, 110, 116, 79, 107, 48, 0, 70, 96, 82, 6, 37, 12, 49, 89, 90, 31, 53, 80, 30, 28, 2, 68, 104, 4, 76, 32, 61, 44, 65, 93, 8, 7, 10, 52, 101, 17, 106, 22, 46, 50, 5, 66, 67, 71, 83, 87, 88, 16, 94, 98, 99, 56, 1, 97, 109, 13, 74, 111, 27, 42, 78, 112, 36, 41, 45, 59, 103, 113, 114, 58, 72, 108, 29, 39, 95, 100, 63, 115, 38, 60, 73, 77
93
47, 57, 21, 85, 86, 81, 23, 84, 43, 51, 26, 3, 75, 14, 55, 19, 69, 33, 9, 64, 25, 54, 24, 18, 91, 92, 35, 62, 40, 15, 11, 20, 102, 34, 105, 110, 116, 79, 107, 48, 0, 70, 96, 82, 6, 37, 12, 49, 89, 90, 31, 53, 80, 30, 28, 2, 68, 104, 4, 76, 32, 61, 44, 65, 93, 8, 7, 10, 52, 101, 17, 106, 22, 46, 50, 5, 66, 67, 71, 83, 87, 88, 16, 94, 98, 99, 56, 1, 97, 109, 13, 74, 111, 27, 42, 78, 112, 36, 41, 45, 59, 103, 113, 114, 58, 72, 108, 29, 39, 95, 100, 63, 115, 38, 60, 73, 77
92
47, 57, 21, 85, 86, 81, 23, 84, 43, 51, 26, 3, 75, 14, 55, 19, 69, 33, 9, 64, 25, 54, 24, 18, 91, 92, 35, 62, 40, 15, 11, 20, 102, 34, 105, 110, 116, 79, 107, 48, 0, 70, 96, 82, 6, 37, 12, 49, 89, 90, 31, 53, 80, 30, 28, 2, 68, 104, 4, 76, 32, 61, 44, 65, 93, 8, 7, 10, 52, 101, 17, 106, 22, 46, 50, 5, 66, 67, 71, 83, 87, 88, 16, 94, 98, 99, 56, 1, 97, 109, 13, 74, 111, 27, 42, 78, 112, 36, 41, 45, 59, 103, 113, 114, 58, 72, 108, 29, 39, 95, 100, 63, 115, 38, 60, 73, 77
91
47, 57, 21, 85, 86, 81, 23, 84, 43, 51, 26, 3, 75, 14, 55, 19, 69, 33, 9, 64, 25, 54, 24, 18, 91, 92, 35, 62, 40, 15, 11, 20, 102, 34, 105, 110, 116, 79, 107, 48, 0, 70, 96, 82, 6, 37, 12, 49, 89, 90, 31, 53, 80, 30, 28, 2, 68, 104, 4, 76, 32, 61, 44, 65, 93, 8, 7, 10, 52, 101, 17, 106, 22, 46, 50, 5, 66, 67, 71, 83, 87, 88, 16, 94, 98, 99, 56, 1, 97, 109, 13, 74, 111, 27, 42, 78, 112, 36, 41, 45, 59, 103, 113, 114, 58, 72, 108, 29, 39, 95, 100, 63, 115, 38, 60, 73, 77
90
47, 57, 21, 85, 86, 81, 23, 84, 43, 51, 26, 3, 75, 14, 55, 19, 69, 33, 9, 64, 25, 54, 24, 18, 91, 92, 35, 62, 40, 15, 11, 20, 102, 34, 105, 110, 116, 79, 107, 48, 0, 70, 96, 82, 6, 37, 12, 49, 89, 90, 31, 53, 80, 30, 28, 2, 68, 104, 4, 76, 32, 61, 44, 65, 93, 8, 7, 10, 52, 101, 17, 106, 22, 46, 50, 5, 66, 67, 71, 83, 87, 88, 16, 94, 98, 99, 56, 1, 97, 109, 13, 74, 111, 27, 42, 78, 112, 36, 41, 45, 59, 103, 113, 114, 58, 72, 108, 29, 39, 95, 100, 63, 115, 38, 60, 73, 77
89
47, 57, 21, 85, 86, 81, 23, 84, 43, 51, 26, 3, 75, 14, 55, 19, 69, 33, 9, 64, 25, 54, 24, 18, 91, 92, 35, 62, 40, 15, 11, 20, 102, 34, 105, 110, 116, 79, 107, 48, 0, 70, 96, 82, 6, 37, 12, 49, 89, 90, 31, 53, 80, 30, 28, 2, 68, 104, 4, 76, 32, 61, 44, 65, 93, 8, 7, 10, 52, 101, 17, 106, 22, 46, 50, 5, 66, 67, 71, 83, 87, 88, 16, 94, 98, 99, 56, 1, 97, 109, 13, 74, 111, 27, 42, 78, 112, 36, 41, 45, 59, 103, 113, 114, 58, 72, 108, 29, 39, 95, 100, 63, 115, 38, 60, 73, 77
88
47, 57, 21, 85, 86, 81, 23, 84, 43, 51, 26, 3, 75, 14, 55, 19, 69, 33, 9, 64, 25, 54, 24, 18, 91, 92, 35, 62, 40, 15, 11, 20, 102, 34, 105, 110, 116, 79, 107, 48, 0, 70, 96, 82, 6, 37, 12, 49, 89, 90, 31, 53, 80, 30, 28, 2, 68, 104, 4, 76, 32, 61, 44, 65, 93, 8, 7, 10, 52, 101, 17, 106, 22, 46, 50, 5, 66, 67, 71, 83, 87, 88, 16, 94, 98, 99, 56, 1, 97, 109, 13, 74, 111, 27, 42, 78, 112, 36, 41, 45, 59, 103, 113, 114, 58, 72, 108, 29, 39, 95, 100, 63, 115, 38, 60, 73, 77
87
47, 57, 21, 85, 86, 81, 23, 84, 43, 51, 26, 3, 75, 14, 55, 19, 69, 33, 9, 64, 25, 54, 24, 18, 91, 92, 35, 62, 40, 15, 11, 20, 102, 34, 105, 110, 116, 79, 107, 48, 0, 70, 96, 82, 6, 37, 12, 49, 89, 90, 31, 53, 80, 30, 28, 2, 68, 104, 4, 76, 32, 61, 44, 65, 93, 8, 7, 10, 52, 101, 17, 106, 22, 46, 50, 5, 66, 67, 71, 83, 87, 88, 16, 94, 98, 99, 56, 1, 97, 109, 13, 74, 111, 27, 42, 78, 112, 36, 41, 45, 59, 103, 113, 114, 58, 72, 108, 29, 39, 95, 100, 63, 115, 38, 60, 73, 77
86
47, 57, 21, 85, 86, 81, 23, 84, 43, 51, 26, 3, 75, 14, 55, 19, 69, 33, 9, 64, 25, 54, 24, 18, 91, 92, 35, 62, 40, 15, 11, 20, 102, 34, 105, 110, 116, 79, 107, 48, 0, 70, 96, 82, 6, 37, 12, 49, 89, 90, 31, 53, 80, 30, 28, 2, 68, 104, 4, 76, 32, 61, 44, 65, 93, 8, 7, 10, 52, 101, 17, 106, 22, 46, 50, 5, 66, 67, 71, 83, 87, 88, 16, 94, 98, 99, 56, 1, 97, 109, 13, 74, 111, 27, 42, 78, 112, 36, 41, 45, 59, 103, 113, 114, 58, 72, 108, 29, 39, 95, 100, 63, 115, 38, 60, 73, 77
85
47, 57, 21, 85, 86, 81, 23, 84, 43, 51, 26, 3, 75, 14, 55, 19, 69, 33, 9, 64, 25, 54, 24, 18, 91, 92, 35, 62, 40, 15, 11, 20, 102, 34, 105, 110, 116, 79, 107, 48, 0, 70, 96, 82, 6, 37, 12, 49, 89, 90, 31, 53, 80, 30, 28, 2, 68, 104, 4, 76, 32, 61, 44, 65, 93, 8, 7, 10, 52, 101, 17, 106, 22, 46, 50, 5, 66, 67, 71, 83, 87, 88, 16, 94, 98, 99, 56, 1, 97, 109, 13, 74, 111, 27, 42, 78, 112, 36, 41, 45, 59, 103, 113, 114, 58, 72, 108, 29, 39, 95, 100, 63, 115, 38, 60, 73, 77
84
47, 57, 21, 85, 86, 81, 23, 84, 43, 51, 26, 3, 75, 14, 55, 19, 69, 33, 9, 64, 25, 54, 24, 18, 91, 92, 35, 62, 40, 15, 11, 20, 102, 34, 105, 110, 116, 79, 107, 48, 0, 70, 96, 82, 6, 37, 12, 49, 89, 90, 31, 53, 80, 30, 28, 2, 68, 104, 4, 76, 32, 61, 44, 65, 93, 8, 7, 10, 52, 101, 17, 106, 22, 46, 50, 5, 66, 67, 71, 83, 87, 88, 16, 94, 98, 99, 56, 1, 97, 109, 13, 74, 111, 27, 42, 78, 112, 36, 41, 45, 59, 103, 113, 114, 58, 72, 108, 29, 39, 95, 100, 63, 115, 38, 60, 73, 77
83
47, 57, 21, 85, 86, 81, 23, 84, 43, 51, 26, 3, 75, 14, 55, 19, 69, 33, 9, 64, 25, 54, 24, 18, 91, 92, 35, 62, 40, 15, 11, 20, 102, 34, 105, 110, 116, 79, 107, 48, 0, 70, 96, 82, 6, 37, 12, 49, 89, 90, 31, 53, 80, 30, 28, 2, 68, 104, 4, 76, 32, 61, 44, 65, 93, 8, 7, 10, 52, 101, 17, 106, 22, 46, 50, 5, 66, 67, 71, 83, 87, 88, 16, 94, 98, 99, 56, 1, 97, 109, 13, 74, 111, 27, 42, 78, 112, 36, 41, 45, 59, 103, 113, 114, 58, 72, 108, 29, 39, 95, 100, 63, 115, 38, 60, 73, 77
82
47, 57, 21, 85, 86, 81, 23, 84, 43, 51, 26, 3, 75, 14, 55, 19, 69, 33, 9, 64, 25, 54, 24, 18, 91, 92, 35, 62, 40, 15, 11, 20, 102, 34, 105, 110, 116, 79, 107, 48, 0, 70, 96, 82, 6, 37, 12, 49, 89, 90, 31, 53, 80, 30, 28, 2, 68, 104, 4, 76, 32, 61, 44, 65, 93, 8, 7, 10, 52, 101, 17, 106, 22, 46, 50, 5, 66, 67, 71, 83, 87, 88, 16, 94, 98, 99, 56, 1, 97, 109, 13, 74, 111, 27, 42, 78, 112, 36, 41, 45, 59, 103, 113, 114, 58, 72, 108, 29, 39, 95, 100, 63, 115, 38, 60, 73, 77
81
47, 57, 21, 85, 86, 81, 23, 84, 43, 51, 26, 3, 75, 14, 55, 19, 69, 33, 9, 64, 25, 54, 24, 18, 91, 92, 35, 62, 40, 15, 11, 20, 102, 34, 105, 110, 116, 79, 107, 48, 0, 70, 96, 82, 6, 37, 12, 49, 89, 90, 31, 53, 80, 30, 28, 2, 68, 104, 4, 76, 32, 61, 44, 65, 93, 8, 7, 10, 52, 101, 17, 106, 22, 46, 50, 5, 66, 67, 71, 83, 87, 88, 16, 94, 98, 99, 56, 1, 97, 109, 13, 74, 111, 27, 42, 78, 112, 36, 41, 45, 59, 103, 113, 114, 58, 72, 108, 29, 39, 95, 100, 63, 115, 38, 60, 73, 77
80
47, 57, 21, 85, 86, 81, 23, 84, 43, 51, 26, 3, 75, 14, 55, 19, 69, 33, 9, 64, 25, 54, 24, 18, 91, 92, 35, 62, 40, 15, 11, 20, 102, 34, 105, 110, 116, 79, 107, 48, 0, 70, 96, 82, 6, 37, 12, 49, 89, 90, 31, 53, 80, 30, 28, 2, 68, 104, 4, 76, 32, 61, 44, 65, 93, 8, 7, 10, 52, 101, 17, 106, 22, 46, 50, 5, 66, 67, 71, 83, 87, 88, 16, 94, 98, 99, 56, 1, 97, 109, 13, 74, 111, 27, 42, 78, 112, 36, 41, 45, 59, 103, 113, 114, 58, 72, 108, 29, 39, 95, 100, 63, 115, 38, 60, 73, 77
79
47, 57, 21, 85, 86, 81, 23, 84, 43, 51, 26, 3, 75, 14, 55, 19, 69, 33, 9, 64, 25, 54, 24, 18, 91, 92, 35, 62, 40, 15, 11, 20, 102, 34, 105, 110, 116, 79, 107, 48, 0, 70, 96, 82, 6, 37, 12, 49, 89, 90, 31, 53, 80, 30, 28, 2, 68, 104, 4, 76, 32, 61, 44, 65, 93, 8, 7, 10, 52, 101, 17, 106, 22, 46, 50, 5, 66, 67, 71, 83, 87, 88, 16, 94, 98, 99, 56, 1, 97, 109, 13, 74, 111, 27, 42, 78, 112, 36, 41, 45, 59, 103, 113, 114, 58, 72, 108, 29, 39, 95, 100, 63, 115, 38, 60, 73, 77
78
47, 57, 21, 85, 86, 81, 23, 84, 43, 51, 26, 3, 75, 14, 55, 19, 69, 33, 9, 64, 25, 54, 24, 18, 91, 92, 35, 62, 40, 15, 11, 20, 102, 34, 105, 110, 116, 79, 107, 48, 0, 70, 96, 82, 6, 37, 12, 49, 89, 90, 31, 53, 80, 30, 28, 2, 68, 104, 4, 76, 32, 61, 44, 65, 93, 8, 7, 10, 52, 101, 17, 106, 22, 46, 50, 5, 66, 67, 71, 83, 87, 88, 16, 94, 98, 99, 56, 1, 97, 109, 13, 74, 111, 27, 42, 78, 112, 36, 41, 45, 59, 103, 113, 114, 58, 72, 108, 29, 39, 95, 100, 63, 115, 38, 60, 73, 77
77
47, 57, 21, 85, 86, 81, 23, 84, 43, 51, 26, 3, 75, 14, 55, 19, 69, 33, 9, 64, 25, 54, 24, 18, 91, 92, 35, 62, 40, 15, 11, 20, 102, 34, 105, 110, 116, 79, 107, 48, 0, 70, 96, 82, 6, 37, 12, 49, 89, 90, 31, 53, 80, 30, 28, 2, 68, 104, 4, 76, 32, 61, 44, 65, 93, 8, 7, 10, 52, 101, 17, 106, 22, 46, 50, 5, 66, 67, 71, 83, 87, 88, 16, 94, 98, 99, 56, 1, 97, 109, 13, 74, 111, 27, 42, 78, 112, 36, 41, 45, 59, 103, 113, 114, 58, 72, 108, 29, 39, 95, 100, 63, 115, 38, 60, 73, 77
76
47, 57, 21, 85, 86, 81, 23, 84, 43, 51, 26, 3, 75, 14, 55, 19, 69, 33, 9, 64, 25, 54, 24, 18, 91, 92, 35, 62, 40, 15, 11, 20, 102, 34, 105, 110, 116, 79, 107, 48, 0, 70, 96, 82, 6, 37, 12, 49, 89, 90, 31, 53, 80, 30, 28, 2, 68, 104, 4, 76, 32, 61, 44, 65, 93, 8, 7, 10, 52, 101, 17, 106, 22, 46, 50, 5, 66, 67, 71, 83, 87, 88, 16, 94, 98, 99, 56, 1, 97, 109, 13, 74, 111, 27, 42, 78, 112, 36, 41, 45, 59, 103, 113, 114, 58, 72, 108, 29, 39, 95, 100, 63, 115, 38, 60, 73, 77
75
47, 57, 21, 85, 86, 81, 23, 84, 43, 51, 26, 3, 75, 14, 55, 19, 69, 33, 9, 64, 25, 54, 24, 18, 91, 92, 35, 62, 40, 15, 11, 20, 102, 34, 105, 110, 116, 79, 107, 48, 0, 70, 96, 82, 6, 37, 12, 49, 89, 90, 31, 53, 80, 30, 28, 2, 68, 104, 4, 76, 32, 61, 44, 65, 93, 8, 7, 10, 52, 101, 17, 106, 22, 46, 50, 5, 66, 67, 71, 83, 87, 88, 16, 94, 98, 99, 56, 1, 97, 109, 13, 74, 111, 27, 42, 78, 112, 36, 41, 45, 59, 103, 113, 114, 58, 72, 108, 29, 39, 95, 100, 63, 115, 38, 60, 73, 77
74
47, 57, 21, 85, 86, 81, 23, 84, 43, 51, 26, 3, 75, 14, 55, 19, 69, 33, 9, 64, 25, 54, 24, 18, 91, 92, 35, 62, 40, 15, 11, 20, 102, 34, 105, 110, 116, 79, 107, 48, 0, 70, 96, 82, 6, 37, 12, 49, 89, 90, 31, 53, 80, 30, 28, 2, 68, 104, 4, 76, 32, 61, 44, 65, 93, 8, 7, 10, 52, 101, 17, 106, 22, 46, 50, 5, 66, 67, 71, 83, 87, 88, 16, 94, 98, 99, 56, 1, 97, 109, 13, 74, 111, 27, 42, 78, 112, 36, 41, 45, 59, 103, 113, 114, 58, 72, 108, 29, 39, 95, 100, 63, 115, 38, 60, 73, 77
73
47, 57, 21, 85, 86, 81, 23, 84, 43, 51, 26, 3, 75, 14, 55, 19, 69, 33, 9, 64, 25, 54, 24, 18, 91, 92, 35, 62, 40, 15, 11, 20, 102, 34, 105, 110, 116, 79, 107, 48, 0, 70, 96, 82, 6, 37, 12, 49, 89, 90, 31, 53, 80, 30, 28, 2, 68, 104, 4, 76, 32, 61, 44, 65, 93, 8, 7, 10, 52, 101, 17, 106, 22, 46, 50, 5, 66, 67, 71, 83, 87, 88, 16, 94, 98, 99, 56, 1, 97, 109, 13, 74, 111, 27, 42, 78, 112, 36, 41, 45, 59, 103, 113, 114, 58, 72, 108, 29, 39, 95, 100, 63, 115, 38, 60, 73, 77
72
47, 57, 21, 85, 86, 81, 23, 84, 43, 51, 26, 3, 75, 14, 55, 19, 69, 33, 9, 64, 25, 54, 24, 18, 91, 92, 35, 62, 40, 15, 11, 20, 102, 34, 105, 110, 116, 79, 107, 48, 0, 70, 96, 82, 6, 37, 12, 49, 89, 90, 31, 53, 80, 30, 28, 2, 68, 104, 4, 76, 32, 61, 44, 65, 93, 8, 7, 10, 52, 101, 17, 106, 22, 46, 50, 5, 66, 67, 71, 83, 87, 88, 16, 94, 98, 99, 56, 1, 97, 109, 13, 74, 111, 27, 42, 78, 112, 36, 41, 45, 59, 103, 113, 114, 58, 72, 108, 29, 39, 95, 100, 63, 115, 38, 60, 73, 77
71
47, 57, 21, 85, 86, 81, 23, 84, 43, 51, 26, 3, 75, 14, 55, 19, 69, 33, 9, 64, 25, 54, 24, 18, 91, 92, 35, 62, 40, 15, 11, 20, 102, 34, 105, 110, 116, 79, 107, 48, 0, 70, 96, 82, 6, 37, 12, 49, 89, 90, 31, 53, 80, 30, 28, 2, 68, 104, 4, 76, 32, 61, 44, 65, 93, 8, 7, 10, 52, 101, 17, 106, 22, 46, 50, 5, 66, 67, 71, 83, 87, 88, 16, 94, 98, 99, 56, 1, 97, 109, 13, 74, 111, 27, 42, 78, 112, 36, 41, 45, 59, 103, 113, 114, 58, 72, 108, 29, 39, 95, 100, 63, 115, 38, 60, 73, 77
70
47, 57, 21, 85, 86, 81, 23, 84, 43, 51, 26, 3, 75, 14, 55, 19, 69, 33, 9, 64, 25, 54, 24, 18, 91, 92, 35, 62, 40, 15, 11, 20, 102, 34, 105, 110, 116, 79, 107, 48, 0, 70, 96, 82, 6, 37, 12, 49, 89, 90, 31, 53, 80, 30, 28, 2, 68, 104, 4, 76, 32, 61, 44, 65, 93, 8, 7, 10, 52, 101, 17, 106, 22, 46, 50, 5, 66, 67, 71, 83, 87, 88, 16, 94, 98, 99, 56, 1, 97, 109, 13, 74, 111, 27, 42, 78, 112, 36, 41, 45, 59, 103, 113, 114, 58, 72, 108, 29, 39, 95, 100, 63, 115, 38, 60, 73, 77
69
47, 57, 21, 85, 86, 81, 23, 84, 43, 51, 26, 3, 75, 14, 55, 19, 69, 33, 9, 64, 25, 54, 24, 18, 91, 92, 35, 62, 40, 15, 11, 20, 102, 34, 105, 110, 116, 79, 107, 48, 0, 70, 96, 82, 6, 37, 12, 49, 89, 90, 31, 53, 80, 30, 28, 2, 68, 104, 4, 76, 32, 61, 44, 65, 93, 8, 7, 10, 52, 101, 17, 106, 22, 46, 50, 5, 66, 67, 71, 83, 87, 88, 16, 94, 98, 99, 56, 1, 97, 109, 13, 74, 111, 27, 42, 78, 112, 36, 41, 45, 59, 103, 113, 114, 58, 72, 108, 29, 39, 95, 100, 63, 115, 38, 60, 73, 77
68
47, 57, 21, 85, 86, 81, 23, 84, 43, 51, 26, 3, 75, 14, 55, 19, 69, 33, 9, 64, 25, 54, 24, 18, 91, 92, 35, 62, 40, 15, 11, 20, 102, 34, 105, 110, 116, 79, 107, 48, 0, 70, 96, 82, 6, 37, 12, 49, 89, 90, 31, 53, 80, 30, 28, 2, 68, 104, 4, 76, 32, 61, 44, 65, 93, 8, 7, 10, 52, 101, 17, 106, 22, 46, 50, 5, 66, 67, 71, 83, 87, 88, 16, 94, 98, 99, 56, 1, 97, 109, 13, 74, 111, 27, 42, 78, 112, 36, 41, 45, 59, 103, 113, 114, 58, 72, 108, 29, 39, 95, 100, 63, 115, 38, 60, 73, 77
67
47, 57, 21, 85, 86, 81, 23, 84, 43, 51, 26, 3, 75, 14, 55, 19, 69, 33, 9, 64, 25, 54, 24, 18, 91, 92, 35, 62, 40, 15, 11, 20, 102, 34, 105, 110, 116, 79, 107, 48, 0, 70, 96, 82, 6, 37, 12, 49, 89, 90, 31, 53, 80, 30, 28, 2, 68, 104, 4, 76, 32, 61, 44, 65, 93, 8, 7, 10, 52, 101, 17, 106, 22, 46, 50, 5, 66, 67, 71, 83, 87, 88, 16, 94, 98, 99, 56, 1, 97, 109, 13, 74, 111, 27, 42, 78, 112, 36, 41, 45, 59, 103, 113, 114, 58, 72, 108, 29, 39, 95, 100, 63, 115, 38, 60, 73, 77
66
47, 57, 21, 85, 86, 81, 23, 84, 43, 51, 26, 3, 75, 14, 55, 19, 69, 33, 9, 64, 25, 54, 24, 18, 91, 92, 35, 62, 40, 15, 11, 20, 102, 34, 105, 110, 116, 79, 107, 48, 0, 70, 96, 82, 6, 37, 12, 49, 89, 90, 31, 53, 80, 30, 28, 2, 68, 104, 4, 76, 32, 61, 44, 65, 93, 8, 7, 10, 52, 101, 17, 106, 22, 46, 50, 5, 66, 67, 71, 83, 87, 88, 16, 94, 98, 99, 56, 1, 97, 109, 13, 74, 111, 27, 42, 78, 112, 36, 41, 45, 59, 103, 113, 114, 58, 72, 108, 29, 39, 95, 100, 63, 115, 38, 60, 73, 77
65
47, 57, 21, 85, 86, 81, 23, 84, 43, 51, 26, 3, 75, 14, 55, 19, 69, 33, 9, 64, 25, 54, 24, 18, 91, 92, 35, 62, 40, 15, 11, 20, 102, 34, 105, 110, 116, 79, 107, 48, 0, 70, 96, 82, 6, 37, 12, 49, 89, 90, 31, 53, 80, 30, 28, 2, 68, 104, 4, 76, 32, 61, 44, 65, 93, 8, 7, 10, 52, 101, 17, 106, 22, 46, 50, 5, 66, 67, 71, 83, 87, 88, 16, 94, 98, 99, 56, 1, 97, 109, 13, 74, 111, 27, 42, 78, 112, 36, 41, 45, 59, 103, 113, 114, 58, 72, 108, 29, 39, 95, 100, 63, 115, 38, 60, 73, 77
64
47, 57, 21, 85, 86, 81, 23, 84, 43, 51, 26, 3, 75, 14, 55, 19, 69, 33, 9, 64, 25, 54, 24, 18, 91, 92, 35, 62, 40, 15, 11, 20, 102, 34, 105, 110, 116, 79, 107, 48, 0, 70, 96, 82, 6, 37, 12, 49, 89, 90, 31, 53, 80, 30, 28, 2, 68, 104, 4, 76, 32, 61, 44, 65, 93, 8, 7, 10, 52, 101, 17, 106, 22, 46, 50, 5, 66, 67, 71, 83, 87, 88, 16, 94, 98, 99, 56, 1, 97, 109, 13, 74, 111, 27, 42, 78, 112, 36, 41, 45, 59, 103, 113, 114, 58, 72, 108, 29, 39, 95, 100, 63, 115, 38, 60, 73, 77
63
47, 57, 21, 85, 86, 81, 23, 84, 43, 51, 26, 3, 75, 14, 55, 19, 69, 33, 9, 64, 25, 54, 24, 18, 91, 92, 35, 62, 40, 15, 11, 20, 102, 34, 105, 110, 116, 79, 107, 48, 0, 70, 96, 82, 6, 37, 12, 49, 89, 90, 31, 53, 80, 30, 28, 2, 68, 104, 4, 76, 32, 61, 44, 65, 93, 8, 7, 10, 52, 101, 17, 106, 22, 46, 50, 5, 66, 67, 71, 83, 87, 88, 16, 94, 98, 99, 56, 1, 97, 109, 13, 74, 111, 27, 42, 78, 112, 36, 41, 45, 59, 103, 113, 114, 58, 72, 108, 29, 39, 95, 100, 63, 115, 38, 60, 73, 77
62
47, 57, 21, 85, 86, 81, 23, 84, 43, 51, 26, 3, 75, 14, 55, 19, 69, 33, 9, 64, 25, 54, 24, 18, 91, 92, 35, 62, 40, 15, 11, 20, 102, 34, 105, 110, 116, 79, 107, 48, 0, 70, 96, 82, 6, 37, 12, 49, 89, 90, 31, 53, 80, 30, 28, 2, 68, 104, 4, 76, 32, 61, 44, 65, 93, 8, 7, 10, 52, 101, 17, 106, 22, 46, 50, 5, 66, 67, 71, 83, 87, 88, 16, 94, 98, 99, 56, 1, 97, 109, 13, 74, 111, 27, 42, 78, 112, 36, 41, 45, 59, 103, 113, 114, 58, 72, 108, 29, 39, 95, 100, 63, 115, 38, 60, 73, 77
61
47, 57, 21, 85, 86, 81, 23, 84, 43, 51, 26, 3, 75, 14, 55, 19, 69, 33, 9, 64, 25, 54, 24, 18, 91, 92, 35, 62, 40, 15, 11, 20, 102, 34, 105, 110, 116, 79, 107, 48, 0, 70, 96, 82, 6, 37, 12, 49, 89, 90, 31, 53, 80, 30, 28, 2, 68, 104, 4, 76, 32, 61, 44, 65, 93, 8, 7, 10, 52, 101, 17, 106, 22, 46, 50, 5, 66, 67, 71, 83, 87, 88, 16, 94, 98, 99, 56, 1, 97, 109, 13, 74, 111, 27, 42, 78, 112, 36, 41, 45, 59, 103, 113, 114, 58, 72, 108, 29, 39, 95, 100, 63, 115, 38, 60, 73, 77
60
47, 57, 21, 85, 86, 81, 23, 84, 43, 51, 26, 3, 75, 14, 55, 19, 69, 33, 9, 64, 25, 54, 24, 18, 91, 92, 35, 62, 40, 15, 11, 20, 102, 34, 105, 110, 116, 79, 107, 48, 0, 70, 96, 82, 6, 37, 12, 49, 89, 90, 31, 53, 80, 30, 28, 2, 68, 104, 4, 76, 32, 61, 44, 65, 93, 8, 7, 10, 52, 101, 17, 106, 22, 46, 50, 5, 66, 67, 71, 83, 87, 88, 16, 94, 98, 99, 56, 1, 97, 109, 13, 74, 111, 27, 42, 78, 112, 36, 41, 45, 59, 103, 113, 114, 58, 72, 108, 29, 39, 95, 100, 63, 115, 38, 60, 73, 77
59
47, 57, 21, 85, 86, 81, 23, 84, 43, 51, 26, 3, 75, 14, 55, 19, 69, 33, 9, 64, 25, 54, 24, 18, 91, 92, 35, 62, 40, 15, 11, 20, 102, 34, 105, 110, 116, 79, 107, 48, 0, 70, 96, 82, 6, 37, 12, 49, 89, 90, 31, 53, 80, 30, 28, 2, 68, 104, 4, 76, 32, 61, 44, 65, 93, 8, 7, 10, 52, 101, 17, 106, 22, 46, 50, 5, 66, 67, 71, 83, 87, 88, 16, 94, 98, 99, 56, 1, 97, 109, 13, 74, 111, 27, 42, 78, 112, 36, 41, 45, 59, 103, 113, 114, 58, 72, 108, 29, 39, 95, 100, 63, 115, 38, 60, 73, 77
58
47, 57, 21, 85, 86, 81, 23, 84, 43, 51, 26, 3, 75, 14, 55, 19, 69, 33, 9, 64, 25, 54, 24, 18, 91, 92, 35, 62, 40, 15, 11, 20, 102, 34, 105, 110, 116, 79, 107, 48, 0, 70, 96, 82, 6, 37, 12, 49, 89, 90, 31, 53, 80, 30, 28, 2, 68, 104, 4, 76, 32, 61, 44, 65, 93, 8, 7, 10, 52, 101, 17, 106, 22, 46, 50, 5, 66, 67, 71, 83, 87, 88, 16, 94, 98, 99, 56, 1, 97, 109, 13, 74, 111, 27, 42, 78, 112, 36, 41, 45, 59, 103, 113, 114, 58, 72, 108, 29, 39, 95, 100, 63, 115, 38, 60, 73, 77
57
47, 57, 21, 85, 86, 81, 23, 84, 43, 51, 26, 3, 75, 14, 55, 19, 69, 33, 9, 64, 25, 54, 24, 18, 91, 92, 35, 62, 40, 15, 11, 20, 102, 34, 105, 110, 116, 79, 107, 48, 0, 70, 96, 82, 6, 37, 12, 49, 89, 90, 31, 53, 80, 30, 28, 2, 68, 104, 4, 76, 32, 61, 44, 65, 93, 8, 7, 10, 52, 101, 17, 106, 22, 46, 50, 5, 66, 67, 71, 83, 87, 88, 16, 94, 98, 99, 56, 1, 97, 109, 13, 74, 111, 27, 42, 78, 112, 36, 41, 45, 59, 103, 113, 114, 58, 72, 108, 29, 39, 95, 100, 63, 115, 38, 60, 73, 77
56
47, 57, 21, 85, 86, 81, 23, 84, 43, 51, 26, 3, 75, 14, 55, 19, 69, 33, 9, 64, 25, 54, 24, 18, 91, 92, 35, 62, 40, 15, 11, 20, 102, 34, 105, 110, 116, 79, 107, 48, 0, 70, 96, 82, 6, 37, 12, 49, 89, 90, 31, 53, 80, 30, 28, 2, 68, 104, 4, 76, 32, 61, 44, 65, 93, 8, 7, 10, 52, 101, 17, 106, 22, 46, 50, 5, 66, 67, 71, 83, 87, 88, 16, 94, 98, 99, 56, 1, 97, 109, 13, 74, 111, 27, 42, 78, 112, 36, 41, 45, 59, 103, 113, 114, 58, 72, 108, 29, 39, 95, 100, 63, 115, 38, 60, 73, 77
55
47, 57, 21, 85, 86, 81, 23, 84, 43, 51, 26, 3, 75, 14, 55, 19, 69, 33, 9, 64, 25, 54, 24, 18, 91, 92, 35, 62, 40, 15, 11, 20, 102, 34, 105, 110, 116, 79, 107, 48, 0, 70, 96, 82, 6, 37, 12, 49, 89, 90, 31, 53, 80, 30, 28, 2, 68, 104, 4, 76, 32, 61, 44, 65, 93, 8, 7, 10, 52, 101, 17, 106, 22, 46, 50, 5, 66, 67, 71, 83, 87, 88, 16, 94, 98, 99, 56, 1, 97, 109, 13, 74, 111, 27, 42, 78, 112, 36, 41, 45, 59, 103, 113, 114, 58, 72, 108, 29, 39, 95, 100, 63, 115, 38, 60, 73, 77
54
47, 57, 21, 85, 86, 81, 23, 84, 43, 51, 26, 3, 75, 14, 55, 19, 69, 33, 9, 64, 25, 54, 24, 18, 91, 92, 35, 62, 40, 15, 11, 20, 102, 34, 105, 110, 116, 79, 107, 48, 0, 70, 96, 82, 6, 37, 12, 49, 89, 90, 31, 53, 80, 30, 28, 2, 68, 104, 4, 76, 32, 61, 44, 65, 93, 8, 7, 10, 52, 101, 17, 106, 22, 46, 50, 5, 66, 67, 71, 83, 87, 88, 16, 94, 98, 99, 56, 1, 97, 109, 13, 74, 111, 27, 42, 78, 112, 36, 41, 45, 59, 103, 113, 114, 58, 72, 108, 29, 39, 95, 100, 63, 115, 38, 60, 73, 77
53
47, 57, 21, 85, 86, 81, 23, 84, 43, 51, 26, 3, 75, 14, 55, 19, 69, 33, 9, 64, 25, 54, 24, 18, 91, 92, 35, 62, 40, 15, 11, 20, 102, 34, 105, 110, 116, 79, 107, 48, 0, 70, 96, 82, 6, 37, 12, 49, 89, 90, 31, 53, 80, 30, 28, 2, 68, 104, 4, 76, 32, 61, 44, 65, 93, 8, 7, 10, 52, 101, 17, 106, 22, 46, 50, 5, 66, 67, 71, 83, 87, 88, 16, 94, 98, 99, 56, 1, 97, 109, 13, 74, 111, 27, 42, 78, 112, 36, 41, 45, 59, 103, 113, 114, 58, 72, 108, 29, 39, 95, 100, 63, 115, 38, 60, 73, 77
52
47, 57, 21, 85, 86, 81, 23, 84, 43, 51, 26, 3, 75, 14, 55, 19, 69, 33, 9, 64, 25, 54, 24, 18, 91, 92, 35, 62, 40, 15, 11, 20, 102, 34, 105, 110, 116, 79, 107, 48, 0, 70, 96, 82, 6, 37, 12, 49, 89, 90, 31, 53, 80, 30, 28, 2, 68, 104, 4, 76, 32, 61, 44, 65, 93, 8, 7, 10, 52, 101, 17, 106, 22, 46, 50, 5, 66, 67, 71, 83, 87, 88, 16, 94, 98, 99, 56, 1, 97, 109, 13, 74, 111, 27, 42, 78, 112, 36, 41, 45, 59, 103, 113, 114, 58, 72, 108, 29, 39, 95, 100, 63, 115, 38, 60, 73, 77
51
47, 57, 21, 85, 86, 81, 23, 84, 43, 51, 26, 3, 75, 14, 55, 19, 69, 33, 9, 64, 25, 54, 24, 18, 91, 92, 35, 62, 40, 15, 11, 20, 102, 34, 105, 110, 116, 79, 107, 48, 0, 70, 96, 82, 6, 37, 12, 49, 89, 90, 31, 53, 80, 30, 28, 2, 68, 104, 4, 76, 32, 61, 44, 65, 93, 8, 7, 10, 52, 101, 17, 106, 22, 46, 50, 5, 66, 67, 71, 83, 87, 88, 16, 94, 98, 99, 56, 1, 97, 109, 13, 74, 111, 27, 42, 78, 112, 36, 41, 45, 59, 103, 113, 114, 58, 72, 108, 29, 39, 95, 100, 63, 115, 38, 60, 73, 77
50
47, 57, 21, 85, 86, 81, 23, 84, 43, 51, 26, 3, 75, 14, 55, 19, 69, 33, 9, 64, 25, 54, 24, 18, 91, 92, 35, 62, 40, 15, 11, 20, 102, 34, 105, 110, 116, 79, 107, 48, 0, 70, 96, 82, 6, 37, 12, 49, 89, 90, 31, 53, 80, 30, 28, 2, 68, 104, 4, 76, 32, 61, 44, 65, 93, 8, 7, 10, 52, 101, 17, 106, 22, 46, 50, 5, 66, 67, 71, 83, 87, 88, 16, 94, 98, 99, 56, 1, 97, 109, 13, 74, 111, 27, 42, 78, 112, 36, 41, 45, 59, 103, 113, 114, 58, 72, 108, 29, 39, 95, 100, 63, 115, 38, 60, 73, 77
49
47, 57, 21, 85, 86, 81, 23, 84, 43, 51, 26, 3, 75, 14, 55, 19, 69, 33, 9, 64, 25, 54, 24, 18, 91, 92, 35, 62, 40, 15, 11, 20, 102, 34, 105, 110, 116, 79, 107, 48, 0, 70, 96, 82, 6, 37, 12, 49, 89, 90, 31, 53, 80, 30, 28, 2, 68, 104, 4, 76, 32, 61, 44, 65, 93, 8, 7, 10, 52, 101, 17, 106, 22, 46, 50, 5, 66, 67, 71, 83, 87, 88, 16, 94, 98, 99, 56, 1, 97, 109, 13, 74, 111, 27, 42, 78, 112, 36, 41, 45, 59, 103, 113, 114, 58, 72, 108, 29, 39, 95, 100, 63, 115, 38, 60, 73, 77
48
47, 57, 21, 85, 86, 81, 23, 84, 43, 51, 26, 3, 75, 14, 55, 19, 69, 33, 9, 64, 25, 54, 24, 18, 91, 92, 35, 62, 40, 15, 11, 20, 102, 34, 105, 110, 116, 79, 107, 48, 0, 70, 96, 82, 6, 37, 12, 49, 89, 90, 31, 53, 80, 30, 28, 2, 68, 104, 4, 76, 32, 61, 44, 65, 93, 8, 7, 10, 52, 101, 17, 106, 22, 46, 50, 5, 66, 67, 71, 83, 87, 88, 16, 94, 98, 99, 56, 1, 97, 109, 13, 74, 111, 27, 42, 78, 112, 36, 41, 45, 59, 103, 113, 114, 58, 72, 108, 29, 39, 95, 100, 63, 115, 38, 60, 73, 77
47
47, 57, 21, 85, 86, 81, 23, 84, 43, 51, 26, 3, 75, 14, 55, 19, 69, 33, 9, 64, 25, 54, 24, 18, 91, 92, 35, 62, 40, 15, 11, 20, 102, 34, 105, 110, 116, 79, 107, 48, 0, 70, 96, 82, 6, 37, 12, 49, 89, 90, 31, 53, 80, 30, 28, 2, 68, 104, 4, 76, 32, 61, 44, 65, 93, 8, 7, 10, 52, 101, 17, 106, 22, 46, 50, 5, 66, 67, 71, 83, 87, 88, 16, 94, 98, 99, 56, 1, 97, 109, 13, 74, 111, 27, 42, 78, 112, 36, 41, 45, 59, 103, 113, 114, 58, 72, 108, 29, 39, 95, 100, 63, 115, 38, 60, 73, 77
46
47, 57, 21, 85, 86, 81, 23, 84, 43, 51, 26, 3, 75, 14, 55, 19, 69, 33, 9, 64, 25, 54, 24, 18, 91, 92, 35, 62, 40, 15, 11, 20, 102, 34, 105, 110, 116, 79, 107, 48, 0, 70, 96, 82, 6, 37, 12, 49, 89, 90, 31, 53, 80, 30, 28, 2, 68, 104, 4, 76, 32, 61, 44, 65, 93, 8, 7, 10, 52, 101, 17, 106, 22, 46, 50, 5, 66, 67, 71, 83, 87, 88, 16, 94, 98, 99, 56, 1, 97, 109, 13, 74, 111, 27, 42, 78, 112, 36, 41, 45, 59, 103, 113, 114, 58, 72, 108, 29, 39, 95, 100, 63, 115, 38, 60, 73, 77
45
47, 57, 21, 85, 86, 81, 23, 84, 43, 51, 26, 3, 75, 14, 55, 19, 69, 33, 9, 64, 25, 54, 24, 18, 91, 92, 35, 62, 40, 15, 11, 20, 102, 34, 105, 110, 116, 79, 107, 48, 0, 70, 96, 82, 6, 37, 12, 49, 89, 90, 31, 53, 80, 30, 28, 2, 68, 104, 4, 76, 32, 61, 44, 65, 93, 8, 7, 10, 52, 101, 17, 106, 22, 46, 50, 5, 66, 67, 71, 83, 87, 88, 16, 94, 98, 99, 56, 1, 97, 109, 13, 74, 111, 27, 42, 78, 112, 36, 41, 45, 59, 103, 113, 114, 58, 72, 108, 29, 39, 95, 100, 63, 115, 38, 60, 73, 77
44
47, 57, 21, 85, 86, 81, 23, 84, 43, 51, 26, 3, 75, 14, 55, 19, 69, 33, 9, 64, 25, 54, 24, 18, 91, 92, 35, 62, 40, 15, 11, 20, 102, 34, 105, 110, 116, 79, 107, 48, 0, 70, 96, 82, 6, 37, 12, 49, 89, 90, 31, 53, 80, 30, 28, 2, 68, 104, 4, 76, 32, 61, 44, 65, 93, 8, 7, 10, 52, 101, 17, 106, 22, 46, 50, 5, 66, 67, 71, 83, 87, 88, 16, 94, 98, 99, 56, 1, 97, 109, 13, 74, 111, 27, 42, 78, 112, 36, 41, 45, 59, 103, 113, 114, 58, 72, 108, 29, 39, 95, 100, 63, 115, 38, 60, 73, 77
43
47, 57, 21, 85, 86, 81, 23, 84, 43, 51, 26, 3, 75, 14, 55, 19, 69, 33, 9, 64, 25, 54, 24, 18, 91, 92, 35, 62, 40, 15, 11, 20, 102, 34, 105, 110, 116, 79, 107, 48, 0, 70, 96, 82, 6, 37, 12, 49, 89, 90, 31, 53, 80, 30, 28, 2, 68, 104, 4, 76, 32, 61, 44, 65, 93, 8, 7, 10, 52, 101, 17, 106, 22, 46, 50, 5, 66, 67, 71, 83, 87, 88, 16, 94, 98, 99, 56, 1, 97, 109, 13, 74, 111, 27, 42, 78, 112, 36, 41, 45, 59, 103, 113, 114, 58, 72, 108, 29, 39, 95, 100, 63, 115, 38, 60, 73, 77
42
47, 57, 21, 85, 86, 81, 23, 84, 43, 51, 26, 3, 75, 14, 55, 19, 69, 33, 9, 64, 25, 54, 24, 18, 91, 92, 35, 62, 40, 15, 11, 20, 102, 34, 105, 110, 116, 79, 107, 48, 0, 70, 96, 82, 6, 37, 12, 49, 89, 90, 31, 53, 80, 30, 28, 2, 68, 104, 4, 76, 32, 61, 44, 65, 93, 8, 7, 10, 52, 101, 17, 106, 22, 46, 50, 5, 66, 67, 71, 83, 87, 88, 16, 94, 98, 99, 56, 1, 97, 109, 13, 74, 111, 27, 42, 78, 112, 36, 41, 45, 59, 103, 113, 114, 58, 72, 108, 29, 39, 95, 100, 63, 115, 38, 60, 73, 77
41
47, 57, 21, 85, 86, 81, 23, 84, 43, 51, 26, 3, 75, 14, 55, 19, 69, 33, 9, 64, 25, 54, 24, 18, 91, 92, 35, 62, 40, 15, 11, 20, 102, 34, 105, 110, 116, 79, 107, 48, 0, 70, 96, 82, 6, 37, 12, 49, 89, 90, 31, 53, 80, 30, 28, 2, 68, 104, 4, 76, 32, 61, 44, 65, 93, 8, 7, 10, 52, 101, 17, 106, 22, 46, 50, 5, 66, 67, 71, 83, 87, 88, 16, 94, 98, 99, 56, 1, 97, 109, 13, 74, 111, 27, 42, 78, 112, 36, 41, 45, 59, 103, 113, 114, 58, 72, 108, 29, 39, 95, 100, 63, 115, 38, 60, 73, 77
40
47, 57, 21, 85, 86, 81, 23, 84, 43, 51, 26, 3, 75, 14, 55, 19, 69, 33, 9, 64, 25, 54, 24, 18, 91, 92, 35, 62, 40, 15, 11, 20, 102, 34, 105, 110, 116, 79, 107, 48, 0, 70, 96, 82, 6, 37, 12, 49, 89, 90, 31, 53, 80, 30, 28, 2, 68, 104, 4, 76, 32, 61, 44, 65, 93, 8, 7, 10, 52, 101, 17, 106, 22, 46, 50, 5, 66, 67, 71, 83, 87, 88, 16, 94, 98, 99, 56, 1, 97, 109, 13, 74, 111, 27, 42, 78, 112, 36, 41, 45, 59, 103, 113, 114, 58, 72, 108, 29, 39, 95, 100, 63, 115, 38, 60, 73, 77
39
47, 57, 21, 85, 86, 81, 23, 84, 43, 51, 26, 3, 75, 14, 55, 19, 69, 33, 9, 64, 25, 54, 24, 18, 91, 92, 35, 62, 40, 15, 11, 20, 102, 96, 70, 107, 116, 34, 105, 110, 79, 48, 0, 82, 6, 37, 12, 49, 89, 90, 31, 53, 80, 30, 28, 2, 68, 104, 4, 76, 32, 61, 44, 65, 93, 8, 7, 10, 52, 101, 17, 106, 22, 46, 50, 5, 66, 67, 71, 83, 87, 88, 16, 94, 98, 99, 56, 1, 97, 109, 13, 74, 111, 27, 42, 78, 112, 36, 41, 45, 59, 103, 113, 114, 58, 72, 108, 29, 39, 95, 100, 63, 115, 38, 60, 73, 77
38
47, 57, 21, 85, 86, 81, 23, 84, 43, 51, 26, 3, 75, 14, 55, 19, 69, 33, 9, 64, 25, 54, 24, 18, 91, 92, 35, 32, 99, 94, 50, 108, 58, 46, 68, 105, 10, 12, 37, 104, 102, 16, 100, 39, 34, 110, 15, 11, 116, 107, 48, 89, 4, 76, 2, 28, 62, 40, 20, 79, 82, 0, 96, 70, 6, 49, 90, 31, 53, 80, 30, 61, 44, 65, 93, 8, 7, 52, 101, 17, 106, 22, 5, 66, 67, 71, 83, 87, 88, 98, 56, 1, 97, 109, 13, 74, 111, 27, 42, 78, 112, 36, 41, 45, 59, 103, 113, 114, 72, 29, 95, 63, 115, 38, 60, 73, 77
37
47, 57, 21, 85, 86, 81, 23, 84, 43, 51, 26, 3, 75, 14, 55, 19, 69, 33, 9, 64, 25, 54, 24, 18, 102, 1, 109, 97, 45, 113, 59, 42, 27, 78, 12, 105, 104, 68, 48, 4, 36, 110, 34, 15, 116, 107, 91, 11, 65, 111, 90, 0, 31, 70, 53, 80, 30, 67, 83, 108, 58, 10, 50, 92, 35, 16, 99, 32, 94, 46, 37, 100, 39, 89, 76, 2, 28, 62, 40, 20, 79, 82, 96, 6, 49, 61, 44, 93, 8, 7, 52, 101, 17, 106, 22, 5, 66, 71, 87, 88, 98, 56, 13, 74, 112, 41, 103, 114, 72, 29, 95, 63, 115, 38, 60, 73, 77
36
47, 57, 21, 85, 86, 81, 23, 84, 43, 51, 26, 3, 75, 14, 55, 19, 69, 33, 9, 64, 18, 102, 1, 109, 97, 45, 113, 59, 42, 27, 41, 44, 74, 36, 110, 116, 13, 58, 100, 39, 25, 104, 78, 54, 24, 12, 105, 68, 48, 4, 34, 15, 107, 91, 11, 65, 111, 90, 0, 31, 70, 53, 80, 30, 67, 83, 108, 10, 50, 92, 35, 16, 99, 32, 94, 46, 37, 89, 76, 2, 28, 62, 40, 20, 79, 82, 96, 6, 49, 61, 93, 8, 7, 52, 101, 17, 106, 22, 5, 66, 71, 87, 88, 98, 56, 112, 103, 114, 72, 29, 95, 63, 115, 38, 60, 73, 77
35
47, 57, 21, 85, 86, 81, 23, 84, 43, 51, 26, 69, 33, 110, 116, 58, 100, 39, 25, 104, 54, 107, 91, 70, 108, 53, 80, 92, 35, 96, 62, 79, 52, 5, 71, 9, 64, 95, 89, 32, 46, 31, 4, 76, 61, 87, 30, 18, 83, 15, 34, 12, 65, 111, 67, 50, 16, 99, 94, 37, 2, 28, 40, 24, 55, 90, 82, 93, 105, 3, 75, 14, 19, 102, 68, 48, 97, 1, 109, 45, 113, 59, 42, 27, 41, 44, 74, 36, 13, 78, 11, 0, 10, 20, 6, 49, 8, 7, 101, 17, 106, 22, 66, 88, 98, 56, 112, 103, 114, 72, 29, 63, 115, 38, 60, 73, 77
Command exited with non-zero status 124
	Command being timed: "timeout 1h java -Xms1024g -Xmx1024g -Xss134m -cp ../src/pathwidth.jar Pathwidth ../benchmark_instances/2023result/docs/solver/benchmark/random_instance/random_instance009_graph001.col"
	User time (seconds): 6625.82
	System time (seconds): 58.62
	Percent of CPU this job got: 185%
	Elapsed (wall clock) time (h:mm:ss or m:ss): 1:00:00
	Average shared text size (kbytes): 0
	Average unshared data size (kbytes): 0
	Average stack size (kbytes): 0
	Average total size (kbytes): 0
	Maximum resident set size (kbytes): 68504936
	Average resident set size (kbytes): 0
	Major (requiring I/O) page faults: 0
	Minor (reclaiming a frame) page faults: 832189
	Voluntary context switches: 254091
	Involuntary context switches: 11447
	Swaps: 0
	File system inputs: 8
	File system outputs: 3328
	Socket messages sent: 0
	Socket messages received: 0
	Signals delivered: 0
	Page size (bytes): 4096
	Exit status: 124
