../benchmark_instances/2023result/docs/solver/benchmark/exp_instance/SAT_exp_instance002.col
6
1, 0, 4, 5, 2, 3
5
1, 0, 4, 5, 2, 3
4
1, 0, 4, 5, 2, 3
3
1, 0, 4, 5, 2, 3
2
1, 0, 4, 5, 2, 3
1
1, 0, 4, 5, 2, 3
../benchmark_instances/2023result/docs/solver/benchmark/exp_instance/SAT_exp_instance002.col	6	5	-1	2
	Command being timed: "timeout 1h java -Xms1024g -Xmx1024g -Xss134m -cp ../src/pathwidth.jar Pathwidth ../benchmark_instances/2023result/docs/solver/benchmark/exp_instance/SAT_exp_instance002.col"
	User time (seconds): 0.44
	System time (seconds): 1.41
	Percent of CPU this job got: 102%
	Elapsed (wall clock) time (h:mm:ss or m:ss): 0:01.80
	Average shared text size (kbytes): 0
	Average unshared data size (kbytes): 0
	Average stack size (kbytes): 0
	Average total size (kbytes): 0
	Maximum resident set size (kbytes): 4786420
	Average resident set size (kbytes): 0
	Major (requiring I/O) page faults: 0
	Minor (reclaiming a frame) page faults: 130108
	Voluntary context switches: 1999
	Involuntary context switches: 33
	Swaps: 0
	File system inputs: 8
	File system outputs: 72
	Socket messages sent: 0
	Socket messages received: 0
	Signals delivered: 0
	Page size (bytes): 4096
	Exit status: 0
