../benchmark_instances/2023result/docs/solver/benchmark/exp_instance/SAT_exp_instance008.col
60
1, 16, 17, 0, 3, 2, 22, 20, 21, 23, 24, 25, 5, 4, 18, 19, 6, 7, 30, 28, 29, 8, 26, 27, 11, 31, 32, 33, 10, 34, 35, 36, 37, 38, 39, 9, 44, 42, 43, 12, 40, 15, 41, 45, 46, 47, 48, 49, 50, 51, 52, 53, 13, 54, 55, 56, 14, 57, 58, 59
59
1, 16, 17, 0, 3, 2, 22, 20, 21, 23, 24, 25, 5, 4, 18, 19, 6, 7, 30, 28, 29, 8, 26, 27, 11, 31, 32, 33, 10, 34, 35, 36, 37, 38, 39, 9, 44, 42, 43, 12, 40, 15, 41, 45, 46, 47, 48, 49, 50, 51, 52, 53, 13, 54, 55, 56, 14, 57, 58, 59
58
1, 16, 17, 0, 3, 2, 22, 20, 21, 23, 24, 25, 5, 4, 18, 19, 6, 7, 30, 28, 29, 8, 26, 27, 11, 31, 32, 33, 10, 34, 35, 36, 37, 38, 39, 9, 44, 42, 43, 12, 40, 15, 41, 45, 46, 47, 48, 49, 50, 51, 52, 53, 13, 54, 55, 56, 14, 57, 58, 59
57
1, 16, 17, 0, 3, 2, 22, 20, 21, 23, 24, 25, 5, 4, 18, 19, 6, 7, 30, 28, 29, 8, 26, 27, 11, 31, 32, 33, 10, 34, 35, 36, 37, 38, 39, 9, 44, 42, 43, 12, 40, 15, 41, 45, 46, 47, 48, 49, 50, 51, 52, 53, 13, 54, 55, 56, 14, 57, 58, 59
56
1, 16, 17, 0, 3, 2, 22, 20, 21, 23, 24, 25, 5, 4, 18, 19, 6, 7, 30, 28, 29, 8, 26, 27, 11, 31, 32, 33, 10, 34, 35, 36, 37, 38, 39, 9, 44, 42, 43, 12, 40, 15, 41, 45, 46, 47, 48, 49, 50, 51, 52, 53, 13, 54, 55, 56, 14, 57, 58, 59
55
1, 16, 17, 0, 3, 2, 22, 20, 21, 23, 24, 25, 5, 4, 18, 19, 6, 7, 30, 28, 29, 8, 26, 27, 11, 31, 32, 33, 10, 34, 35, 36, 37, 38, 39, 9, 44, 42, 43, 12, 40, 15, 41, 45, 46, 47, 48, 49, 50, 51, 52, 53, 13, 54, 55, 56, 14, 57, 58, 59
54
1, 16, 17, 0, 3, 2, 22, 20, 21, 23, 24, 25, 5, 4, 18, 19, 6, 7, 30, 28, 29, 8, 26, 27, 11, 31, 32, 33, 10, 34, 35, 36, 37, 38, 39, 9, 44, 42, 43, 12, 40, 15, 41, 45, 46, 47, 48, 49, 50, 51, 52, 53, 13, 54, 55, 56, 14, 57, 58, 59
53
1, 16, 17, 0, 3, 2, 22, 20, 21, 23, 24, 25, 5, 4, 18, 19, 6, 7, 30, 28, 29, 8, 26, 27, 11, 31, 32, 33, 10, 34, 35, 36, 37, 38, 39, 9, 44, 42, 43, 12, 40, 15, 41, 45, 46, 47, 48, 49, 50, 51, 52, 53, 13, 54, 55, 56, 14, 57, 58, 59
52
1, 16, 17, 0, 3, 2, 22, 20, 21, 23, 24, 25, 5, 4, 18, 19, 6, 7, 30, 28, 29, 8, 26, 27, 11, 31, 32, 33, 10, 34, 35, 36, 37, 38, 39, 9, 44, 42, 43, 12, 40, 15, 41, 45, 46, 47, 48, 49, 50, 51, 52, 53, 13, 54, 55, 56, 14, 57, 58, 59
51
1, 16, 17, 0, 3, 2, 22, 20, 21, 23, 24, 25, 5, 4, 18, 19, 6, 7, 30, 28, 29, 8, 26, 27, 11, 31, 32, 33, 10, 34, 35, 36, 37, 38, 39, 9, 44, 42, 43, 12, 40, 15, 41, 45, 46, 47, 48, 49, 50, 51, 52, 53, 13, 54, 55, 56, 14, 57, 58, 59
50
1, 16, 17, 0, 3, 2, 22, 20, 21, 23, 24, 25, 5, 4, 18, 19, 6, 7, 30, 28, 29, 8, 26, 27, 11, 31, 32, 33, 10, 34, 35, 36, 37, 38, 39, 9, 44, 42, 43, 12, 40, 15, 41, 45, 46, 47, 48, 49, 50, 51, 52, 53, 13, 54, 55, 56, 14, 57, 58, 59
49
1, 16, 17, 0, 3, 2, 22, 20, 21, 23, 24, 25, 5, 4, 18, 19, 6, 7, 30, 28, 29, 8, 26, 27, 11, 31, 32, 33, 10, 34, 35, 36, 37, 38, 39, 9, 44, 42, 43, 12, 40, 15, 41, 45, 46, 47, 48, 49, 50, 51, 52, 53, 13, 54, 55, 56, 14, 57, 58, 59
48
1, 16, 17, 0, 3, 2, 22, 20, 21, 23, 24, 25, 5, 4, 18, 19, 6, 7, 30, 28, 29, 8, 26, 27, 11, 31, 32, 33, 10, 34, 35, 36, 37, 38, 39, 9, 44, 42, 43, 12, 40, 15, 41, 45, 46, 47, 48, 49, 50, 51, 52, 53, 13, 54, 55, 56, 14, 57, 58, 59
47
1, 16, 17, 0, 3, 2, 22, 20, 21, 23, 24, 25, 5, 4, 18, 19, 6, 7, 30, 28, 29, 8, 26, 27, 11, 31, 32, 33, 10, 34, 35, 36, 37, 38, 39, 9, 44, 42, 43, 12, 40, 15, 41, 45, 46, 47, 48, 49, 50, 51, 52, 53, 13, 54, 55, 56, 14, 57, 58, 59
46
1, 16, 17, 0, 3, 2, 22, 20, 21, 23, 24, 25, 5, 4, 18, 19, 6, 7, 30, 28, 29, 8, 26, 27, 11, 31, 32, 33, 10, 34, 35, 36, 37, 38, 39, 9, 44, 42, 43, 12, 40, 15, 41, 45, 46, 47, 48, 49, 50, 51, 52, 53, 13, 54, 55, 56, 14, 57, 58, 59
45
1, 16, 17, 0, 3, 2, 22, 20, 21, 23, 24, 25, 5, 4, 18, 19, 6, 7, 30, 28, 29, 8, 26, 27, 11, 31, 32, 33, 10, 34, 35, 36, 37, 38, 39, 9, 44, 42, 43, 12, 40, 15, 41, 45, 46, 47, 48, 49, 50, 51, 52, 53, 13, 54, 55, 56, 14, 57, 58, 59
44
1, 16, 17, 0, 3, 2, 22, 20, 21, 23, 24, 25, 5, 4, 18, 19, 6, 7, 30, 28, 29, 8, 26, 27, 11, 31, 32, 33, 10, 34, 35, 36, 37, 38, 39, 9, 44, 42, 43, 12, 40, 15, 41, 45, 46, 47, 48, 49, 50, 51, 52, 53, 13, 54, 55, 56, 14, 57, 58, 59
43
1, 16, 17, 0, 3, 2, 22, 20, 21, 23, 24, 25, 5, 4, 18, 19, 6, 7, 30, 28, 29, 8, 26, 27, 11, 31, 32, 33, 10, 34, 35, 36, 37, 38, 39, 9, 44, 42, 43, 12, 40, 15, 41, 45, 46, 47, 48, 49, 50, 51, 52, 53, 13, 54, 55, 56, 14, 57, 58, 59
42
1, 16, 17, 0, 3, 2, 22, 20, 21, 23, 24, 25, 5, 4, 18, 19, 6, 7, 30, 28, 29, 8, 26, 27, 11, 31, 32, 33, 10, 34, 35, 36, 37, 38, 39, 9, 44, 42, 43, 12, 40, 15, 41, 45, 46, 47, 48, 49, 50, 51, 52, 53, 13, 54, 55, 56, 14, 57, 58, 59
41
1, 16, 17, 0, 3, 2, 22, 20, 21, 23, 24, 25, 5, 4, 18, 19, 6, 7, 30, 28, 29, 8, 26, 27, 11, 31, 32, 33, 10, 34, 35, 36, 37, 38, 39, 9, 44, 42, 43, 12, 40, 15, 41, 45, 46, 47, 48, 49, 50, 51, 52, 53, 13, 54, 55, 56, 14, 57, 58, 59
40
1, 16, 17, 0, 3, 2, 22, 20, 21, 23, 24, 25, 5, 4, 18, 19, 6, 7, 30, 28, 29, 8, 26, 27, 11, 31, 32, 33, 10, 34, 35, 36, 37, 38, 39, 9, 44, 42, 43, 12, 40, 15, 41, 45, 46, 47, 48, 49, 50, 51, 52, 53, 13, 54, 55, 56, 14, 57, 58, 59
39
1, 16, 17, 0, 3, 2, 22, 20, 21, 23, 24, 25, 5, 4, 18, 19, 6, 7, 30, 28, 29, 8, 26, 27, 11, 31, 32, 33, 10, 34, 35, 36, 37, 38, 39, 9, 44, 42, 43, 12, 40, 15, 41, 45, 46, 47, 48, 49, 50, 51, 52, 53, 13, 54, 55, 56, 14, 57, 58, 59
38
1, 16, 17, 0, 3, 2, 22, 20, 21, 23, 24, 25, 5, 4, 18, 19, 6, 7, 30, 28, 29, 8, 26, 27, 11, 31, 32, 33, 10, 34, 35, 36, 37, 38, 39, 9, 44, 42, 43, 12, 40, 15, 41, 45, 46, 47, 48, 49, 50, 51, 52, 53, 13, 54, 55, 56, 14, 57, 58, 59
37
1, 16, 17, 0, 3, 2, 22, 20, 21, 23, 24, 25, 5, 4, 18, 19, 6, 7, 30, 28, 29, 8, 26, 27, 11, 31, 32, 33, 10, 34, 35, 36, 37, 38, 39, 9, 44, 42, 43, 12, 40, 15, 41, 45, 46, 47, 48, 49, 50, 51, 52, 53, 13, 54, 55, 56, 14, 57, 58, 59
36
1, 16, 17, 0, 3, 2, 22, 20, 21, 23, 24, 25, 5, 4, 18, 19, 6, 7, 30, 28, 29, 8, 26, 27, 11, 31, 32, 33, 10, 34, 35, 36, 37, 38, 39, 9, 44, 42, 43, 12, 40, 15, 41, 45, 46, 47, 48, 49, 50, 51, 52, 53, 13, 54, 55, 56, 14, 57, 58, 59
35
1, 16, 17, 0, 3, 2, 22, 20, 21, 23, 24, 25, 5, 4, 18, 19, 6, 7, 30, 28, 29, 8, 26, 27, 11, 31, 32, 33, 10, 34, 35, 36, 37, 38, 39, 9, 44, 42, 43, 12, 40, 15, 41, 45, 46, 47, 48, 49, 50, 51, 52, 53, 13, 54, 55, 56, 14, 57, 58, 59
34
1, 16, 17, 0, 3, 2, 22, 20, 21, 23, 24, 25, 5, 4, 18, 19, 6, 7, 30, 28, 29, 8, 26, 27, 11, 31, 32, 33, 10, 34, 35, 36, 37, 38, 39, 9, 44, 42, 43, 12, 40, 15, 41, 45, 46, 47, 48, 49, 50, 51, 52, 53, 13, 54, 55, 56, 14, 57, 58, 59
33
1, 16, 17, 0, 3, 2, 22, 20, 21, 23, 24, 25, 5, 4, 18, 19, 6, 7, 30, 28, 29, 8, 26, 27, 11, 31, 32, 33, 10, 34, 35, 36, 37, 38, 39, 9, 44, 42, 43, 12, 40, 15, 41, 45, 46, 47, 48, 49, 50, 51, 52, 53, 13, 54, 55, 56, 14, 57, 58, 59
32
1, 16, 17, 0, 3, 2, 22, 20, 21, 23, 24, 25, 5, 4, 18, 19, 6, 7, 30, 28, 29, 8, 26, 27, 11, 31, 32, 33, 10, 34, 35, 36, 37, 38, 39, 9, 44, 42, 43, 12, 40, 15, 41, 45, 46, 47, 48, 49, 50, 51, 52, 53, 13, 54, 55, 56, 14, 57, 58, 59
31
1, 16, 17, 0, 3, 2, 22, 20, 21, 23, 24, 25, 5, 4, 18, 19, 6, 7, 30, 28, 29, 8, 26, 27, 11, 31, 32, 33, 10, 34, 35, 36, 37, 38, 39, 9, 44, 42, 43, 12, 40, 15, 41, 45, 46, 47, 48, 49, 50, 51, 52, 53, 13, 54, 55, 56, 14, 57, 58, 59
30
1, 16, 17, 0, 3, 2, 22, 20, 21, 23, 24, 25, 5, 4, 18, 19, 6, 7, 30, 28, 29, 8, 26, 27, 11, 31, 32, 33, 10, 34, 35, 36, 37, 38, 39, 9, 44, 42, 43, 12, 40, 15, 41, 45, 46, 47, 48, 49, 50, 51, 52, 53, 13, 54, 55, 56, 14, 57, 58, 59
29
1, 16, 17, 0, 3, 2, 22, 20, 21, 23, 24, 25, 5, 4, 18, 19, 6, 7, 30, 28, 29, 8, 26, 27, 11, 31, 32, 33, 10, 34, 35, 36, 37, 38, 39, 9, 44, 42, 43, 12, 40, 15, 41, 45, 46, 47, 48, 49, 50, 51, 52, 53, 13, 54, 55, 56, 14, 57, 58, 59
28
1, 16, 17, 0, 3, 2, 22, 20, 21, 23, 24, 25, 5, 4, 18, 19, 6, 7, 30, 28, 29, 8, 26, 27, 11, 31, 32, 33, 10, 34, 35, 36, 37, 38, 39, 9, 44, 42, 43, 12, 40, 15, 41, 45, 46, 47, 48, 49, 50, 51, 52, 53, 13, 54, 55, 56, 14, 57, 58, 59
27
1, 16, 17, 0, 3, 2, 22, 20, 21, 23, 24, 25, 5, 4, 18, 19, 6, 7, 30, 28, 29, 8, 26, 27, 11, 31, 32, 33, 10, 34, 35, 36, 37, 38, 39, 9, 44, 42, 43, 12, 40, 15, 41, 45, 46, 47, 48, 49, 50, 51, 52, 53, 13, 54, 55, 56, 14, 57, 58, 59
26
1, 16, 17, 0, 3, 2, 22, 20, 21, 23, 24, 25, 5, 4, 18, 19, 6, 7, 30, 28, 29, 8, 26, 27, 11, 31, 32, 33, 10, 34, 35, 36, 37, 38, 39, 9, 44, 42, 43, 12, 40, 15, 41, 45, 46, 47, 48, 49, 50, 51, 52, 53, 13, 54, 55, 56, 14, 57, 58, 59
25
1, 16, 17, 0, 3, 2, 22, 20, 21, 23, 24, 25, 5, 4, 18, 19, 6, 7, 30, 28, 29, 8, 26, 27, 11, 31, 32, 33, 10, 34, 35, 36, 37, 38, 39, 9, 44, 42, 43, 12, 40, 15, 41, 45, 46, 47, 48, 49, 50, 51, 52, 53, 13, 54, 55, 56, 14, 57, 58, 59
24
1, 16, 17, 0, 3, 2, 22, 20, 21, 23, 24, 25, 5, 4, 18, 19, 6, 7, 30, 28, 29, 8, 26, 27, 11, 31, 32, 33, 10, 34, 35, 36, 37, 38, 39, 9, 44, 42, 43, 12, 40, 15, 41, 45, 46, 47, 48, 49, 50, 51, 52, 53, 13, 54, 55, 56, 14, 57, 58, 59
23
1, 16, 17, 0, 3, 2, 22, 20, 21, 23, 24, 25, 5, 4, 18, 19, 6, 7, 30, 28, 29, 8, 26, 27, 11, 31, 32, 33, 10, 34, 35, 36, 37, 38, 39, 9, 44, 42, 43, 12, 40, 15, 41, 45, 46, 47, 48, 49, 50, 51, 52, 53, 13, 54, 55, 56, 14, 57, 58, 59
22
1, 16, 17, 0, 3, 2, 22, 20, 21, 23, 24, 25, 5, 4, 18, 19, 6, 7, 30, 28, 29, 8, 26, 27, 11, 31, 32, 33, 10, 34, 35, 36, 37, 38, 39, 9, 44, 42, 43, 12, 40, 15, 41, 45, 46, 47, 48, 49, 50, 51, 52, 53, 13, 54, 55, 56, 14, 57, 58, 59
21
1, 16, 17, 0, 3, 2, 22, 20, 21, 23, 24, 25, 5, 4, 18, 19, 6, 7, 30, 28, 29, 8, 26, 27, 11, 31, 32, 33, 10, 34, 35, 36, 37, 38, 39, 9, 44, 42, 43, 12, 40, 15, 41, 45, 46, 47, 48, 49, 50, 51, 52, 53, 13, 54, 55, 56, 14, 57, 58, 59
20
1, 16, 17, 0, 3, 2, 22, 20, 21, 23, 24, 25, 5, 4, 18, 19, 6, 7, 30, 28, 29, 8, 26, 27, 11, 31, 32, 33, 10, 34, 35, 36, 37, 38, 39, 9, 44, 42, 43, 12, 40, 15, 41, 45, 46, 47, 48, 49, 50, 51, 52, 53, 13, 54, 55, 56, 14, 57, 58, 59
19
1, 16, 17, 0, 3, 2, 22, 20, 21, 23, 24, 25, 5, 4, 18, 19, 6, 7, 30, 28, 29, 8, 26, 27, 11, 31, 32, 33, 10, 34, 35, 36, 37, 38, 39, 9, 44, 42, 43, 12, 40, 15, 41, 45, 46, 47, 48, 49, 50, 51, 52, 53, 13, 54, 55, 56, 14, 57, 58, 59
18
1, 16, 17, 0, 3, 2, 22, 20, 21, 23, 24, 25, 5, 4, 18, 19, 6, 7, 30, 28, 29, 8, 26, 27, 11, 31, 32, 33, 10, 34, 35, 36, 37, 38, 39, 9, 44, 42, 43, 12, 40, 15, 41, 45, 46, 47, 48, 49, 50, 51, 52, 53, 13, 54, 55, 56, 14, 57, 58, 59
17
1, 16, 17, 0, 3, 2, 22, 20, 21, 23, 24, 25, 5, 4, 18, 19, 6, 7, 30, 28, 29, 8, 26, 27, 11, 31, 32, 33, 10, 34, 35, 36, 37, 38, 39, 9, 44, 42, 43, 12, 40, 15, 41, 45, 46, 47, 48, 49, 50, 51, 52, 53, 13, 54, 55, 56, 14, 57, 58, 59
16
1, 16, 17, 0, 3, 2, 22, 20, 21, 23, 24, 25, 5, 4, 18, 19, 6, 7, 30, 28, 29, 8, 26, 27, 11, 31, 32, 33, 10, 34, 35, 36, 37, 38, 39, 9, 44, 42, 43, 12, 40, 15, 41, 45, 46, 47, 48, 49, 50, 51, 52, 53, 13, 54, 55, 56, 14, 57, 58, 59
15
1, 16, 17, 0, 3, 2, 22, 20, 21, 23, 24, 25, 5, 4, 18, 19, 6, 7, 30, 28, 29, 8, 26, 27, 11, 31, 32, 33, 10, 34, 35, 36, 37, 38, 39, 9, 44, 42, 43, 12, 40, 15, 41, 45, 46, 47, 48, 49, 50, 51, 52, 53, 13, 54, 55, 56, 14, 57, 58, 59
14
1, 16, 17, 0, 3, 2, 22, 20, 21, 23, 24, 25, 5, 4, 18, 19, 6, 7, 30, 28, 29, 8, 26, 27, 11, 31, 32, 33, 10, 34, 35, 36, 37, 38, 39, 9, 44, 42, 43, 12, 40, 15, 41, 45, 46, 47, 48, 49, 50, 51, 52, 53, 13, 54, 55, 56, 14, 57, 58, 59
13
1, 16, 17, 0, 3, 2, 22, 20, 21, 23, 24, 25, 5, 4, 18, 19, 6, 7, 30, 28, 29, 8, 26, 27, 11, 31, 32, 33, 10, 34, 35, 36, 37, 38, 39, 9, 44, 42, 43, 12, 40, 15, 41, 45, 46, 47, 48, 49, 50, 51, 52, 53, 13, 54, 55, 56, 14, 57, 58, 59
12
1, 16, 17, 0, 3, 2, 22, 20, 21, 23, 24, 25, 5, 4, 18, 19, 6, 7, 30, 28, 29, 8, 26, 27, 11, 31, 32, 33, 10, 34, 35, 36, 37, 38, 39, 9, 44, 42, 43, 12, 40, 15, 41, 45, 46, 47, 48, 49, 50, 51, 52, 53, 13, 54, 55, 56, 14, 57, 58, 59
11
1, 16, 17, 0, 3, 2, 22, 20, 21, 23, 24, 25, 5, 4, 18, 19, 6, 7, 30, 28, 29, 8, 26, 27, 11, 31, 32, 33, 10, 34, 35, 36, 37, 38, 39, 9, 44, 42, 43, 12, 40, 15, 41, 45, 46, 47, 48, 49, 50, 51, 52, 53, 13, 54, 55, 56, 14, 57, 58, 59
10
1, 16, 17, 0, 3, 2, 22, 20, 21, 23, 24, 25, 5, 4, 18, 19, 6, 7, 30, 28, 29, 31, 32, 33, 8, 26, 27, 11, 10, 34, 35, 36, 37, 38, 39, 9, 44, 42, 43, 12, 40, 15, 41, 45, 46, 47, 48, 49, 50, 51, 52, 53, 13, 54, 55, 56, 14, 57, 58, 59
9
1, 16, 17, 0, 3, 2, 22, 20, 21, 23, 24, 25, 5, 30, 28, 29, 31, 32, 33, 4, 18, 19, 6, 7, 34, 35, 36, 8, 26, 27, 11, 10, 37, 38, 39, 9, 44, 42, 43, 12, 40, 15, 41, 45, 46, 47, 48, 49, 50, 51, 52, 53, 13, 54, 55, 56, 14, 57, 58, 59
8
1, 16, 17, 0, 3, 2, 22, 20, 21, 23, 24, 25, 30, 28, 29, 31, 32, 33, 5, 34, 35, 36, 4, 18, 19, 6, 7, 8, 26, 27, 11, 10, 37, 38, 39, 9, 44, 42, 43, 12, 40, 15, 41, 45, 46, 47, 48, 49, 50, 51, 52, 53, 13, 54, 55, 56, 14, 57, 58, 59
../benchmark_instances/2023result/docs/solver/benchmark/exp_instance/SAT_exp_instance008.col	60	92	8	221
	Command being timed: "timeout 1h java -Xms1024g -Xmx1024g -Xss134m -cp ../src/pathwidth.jar Pathwidth ../benchmark_instances/2023result/docs/solver/benchmark/exp_instance/SAT_exp_instance008.col"
	User time (seconds): 0.93
	System time (seconds): 1.46
	Percent of CPU this job got: 116%
	Elapsed (wall clock) time (h:mm:ss or m:ss): 0:02.05
	Average shared text size (kbytes): 0
	Average unshared data size (kbytes): 0
	Average stack size (kbytes): 0
	Average total size (kbytes): 0
	Maximum resident set size (kbytes): 4975876
	Average resident set size (kbytes): 0
	Major (requiring I/O) page faults: 0
	Minor (reclaiming a frame) page faults: 137140
	Voluntary context switches: 2151
	Involuntary context switches: 6
	Swaps: 0
	File system inputs: 8
	File system outputs: 96
	Socket messages sent: 0
	Socket messages received: 0
	Signals delivered: 0
	Page size (bytes): 4096
	Exit status: 0
