../benchmark_instances/2023result/docs/solver/benchmark/exp_instance/SAT_exp_instance012.col
126
1, 24, 25, 3, 30, 28, 29, 31, 32, 33, 5, 26, 27, 7, 44, 42, 43, 45, 46, 47, 4, 58, 56, 57, 78, 76, 77, 16, 68, 69, 19, 104, 102, 103, 20, 94, 23, 95, 123, 124, 125, 6, 59, 60, 61, 79, 80, 81, 105, 106, 107, 11, 35, 34, 8, 65, 66, 67, 82, 83, 84, 108, 109, 110, 9, 36, 37, 38, 39, 40, 41, 10, 62, 63, 64, 85, 86, 87, 111, 112, 113, 0, 50, 51, 52, 70, 71, 72, 96, 97, 98, 2, 53, 54, 55, 13, 12, 48, 49, 14, 15, 73, 74, 75, 18, 88, 89, 90, 91, 92, 93, 17, 99, 100, 101, 114, 115, 116, 21, 117, 118, 119, 22, 120, 121, 122
125
1, 24, 25, 3, 30, 28, 29, 31, 32, 33, 5, 26, 27, 7, 44, 42, 43, 45, 46, 47, 4, 58, 56, 57, 78, 76, 77, 16, 68, 69, 19, 104, 102, 103, 20, 94, 23, 95, 123, 124, 125, 6, 59, 60, 61, 79, 80, 81, 105, 106, 107, 11, 35, 34, 8, 65, 66, 67, 82, 83, 84, 108, 109, 110, 9, 36, 37, 38, 39, 40, 41, 10, 62, 63, 64, 85, 86, 87, 111, 112, 113, 0, 50, 51, 52, 70, 71, 72, 96, 97, 98, 2, 53, 54, 55, 13, 12, 48, 49, 14, 15, 73, 74, 75, 18, 88, 89, 90, 91, 92, 93, 17, 99, 100, 101, 114, 115, 116, 21, 117, 118, 119, 22, 120, 121, 122
124
1, 24, 25, 3, 30, 28, 29, 31, 32, 33, 5, 26, 27, 7, 44, 42, 43, 45, 46, 47, 4, 58, 56, 57, 78, 76, 77, 16, 68, 69, 19, 104, 102, 103, 20, 94, 23, 95, 123, 124, 125, 6, 59, 60, 61, 79, 80, 81, 105, 106, 107, 11, 35, 34, 8, 65, 66, 67, 82, 83, 84, 108, 109, 110, 9, 36, 37, 38, 39, 40, 41, 10, 62, 63, 64, 85, 86, 87, 111, 112, 113, 0, 50, 51, 52, 70, 71, 72, 96, 97, 98, 2, 53, 54, 55, 13, 12, 48, 49, 14, 15, 73, 74, 75, 18, 88, 89, 90, 91, 92, 93, 17, 99, 100, 101, 114, 115, 116, 21, 117, 118, 119, 22, 120, 121, 122
123
1, 24, 25, 3, 30, 28, 29, 31, 32, 33, 5, 26, 27, 7, 44, 42, 43, 45, 46, 47, 4, 58, 56, 57, 78, 76, 77, 16, 68, 69, 19, 104, 102, 103, 20, 94, 23, 95, 123, 124, 125, 6, 59, 60, 61, 79, 80, 81, 105, 106, 107, 11, 35, 34, 8, 65, 66, 67, 82, 83, 84, 108, 109, 110, 9, 36, 37, 38, 39, 40, 41, 10, 62, 63, 64, 85, 86, 87, 111, 112, 113, 0, 50, 51, 52, 70, 71, 72, 96, 97, 98, 2, 53, 54, 55, 13, 12, 48, 49, 14, 15, 73, 74, 75, 18, 88, 89, 90, 91, 92, 93, 17, 99, 100, 101, 114, 115, 116, 21, 117, 118, 119, 22, 120, 121, 122
122
1, 24, 25, 3, 30, 28, 29, 31, 32, 33, 5, 26, 27, 7, 44, 42, 43, 45, 46, 47, 4, 58, 56, 57, 78, 76, 77, 16, 68, 69, 19, 104, 102, 103, 20, 94, 23, 95, 123, 124, 125, 6, 59, 60, 61, 79, 80, 81, 105, 106, 107, 11, 35, 34, 8, 65, 66, 67, 82, 83, 84, 108, 109, 110, 9, 36, 37, 38, 39, 40, 41, 10, 62, 63, 64, 85, 86, 87, 111, 112, 113, 0, 50, 51, 52, 70, 71, 72, 96, 97, 98, 2, 53, 54, 55, 13, 12, 48, 49, 14, 15, 73, 74, 75, 18, 88, 89, 90, 91, 92, 93, 17, 99, 100, 101, 114, 115, 116, 21, 117, 118, 119, 22, 120, 121, 122
121
1, 24, 25, 3, 30, 28, 29, 31, 32, 33, 5, 26, 27, 7, 44, 42, 43, 45, 46, 47, 4, 58, 56, 57, 78, 76, 77, 16, 68, 69, 19, 104, 102, 103, 20, 94, 23, 95, 123, 124, 125, 6, 59, 60, 61, 79, 80, 81, 105, 106, 107, 11, 35, 34, 8, 65, 66, 67, 82, 83, 84, 108, 109, 110, 9, 36, 37, 38, 39, 40, 41, 10, 62, 63, 64, 85, 86, 87, 111, 112, 113, 0, 50, 51, 52, 70, 71, 72, 96, 97, 98, 2, 53, 54, 55, 13, 12, 48, 49, 14, 15, 73, 74, 75, 18, 88, 89, 90, 91, 92, 93, 17, 99, 100, 101, 114, 115, 116, 21, 117, 118, 119, 22, 120, 121, 122
120
1, 24, 25, 3, 30, 28, 29, 31, 32, 33, 5, 26, 27, 7, 44, 42, 43, 45, 46, 47, 4, 58, 56, 57, 78, 76, 77, 16, 68, 69, 19, 104, 102, 103, 20, 94, 23, 95, 123, 124, 125, 6, 59, 60, 61, 79, 80, 81, 105, 106, 107, 11, 35, 34, 8, 65, 66, 67, 82, 83, 84, 108, 109, 110, 9, 36, 37, 38, 39, 40, 41, 10, 62, 63, 64, 85, 86, 87, 111, 112, 113, 0, 50, 51, 52, 70, 71, 72, 96, 97, 98, 2, 53, 54, 55, 13, 12, 48, 49, 14, 15, 73, 74, 75, 18, 88, 89, 90, 91, 92, 93, 17, 99, 100, 101, 114, 115, 116, 21, 117, 118, 119, 22, 120, 121, 122
119
1, 24, 25, 3, 30, 28, 29, 31, 32, 33, 5, 26, 27, 7, 44, 42, 43, 45, 46, 47, 4, 58, 56, 57, 78, 76, 77, 16, 68, 69, 19, 104, 102, 103, 20, 94, 23, 95, 123, 124, 125, 6, 59, 60, 61, 79, 80, 81, 105, 106, 107, 11, 35, 34, 8, 65, 66, 67, 82, 83, 84, 108, 109, 110, 9, 36, 37, 38, 39, 40, 41, 10, 62, 63, 64, 85, 86, 87, 111, 112, 113, 0, 50, 51, 52, 70, 71, 72, 96, 97, 98, 2, 53, 54, 55, 13, 12, 48, 49, 14, 15, 73, 74, 75, 18, 88, 89, 90, 91, 92, 93, 17, 99, 100, 101, 114, 115, 116, 21, 117, 118, 119, 22, 120, 121, 122
118
1, 24, 25, 3, 30, 28, 29, 31, 32, 33, 5, 26, 27, 7, 44, 42, 43, 45, 46, 47, 4, 58, 56, 57, 78, 76, 77, 16, 68, 69, 19, 104, 102, 103, 20, 94, 23, 95, 123, 124, 125, 6, 59, 60, 61, 79, 80, 81, 105, 106, 107, 11, 35, 34, 8, 65, 66, 67, 82, 83, 84, 108, 109, 110, 9, 36, 37, 38, 39, 40, 41, 10, 62, 63, 64, 85, 86, 87, 111, 112, 113, 0, 50, 51, 52, 70, 71, 72, 96, 97, 98, 2, 53, 54, 55, 13, 12, 48, 49, 14, 15, 73, 74, 75, 18, 88, 89, 90, 91, 92, 93, 17, 99, 100, 101, 114, 115, 116, 21, 117, 118, 119, 22, 120, 121, 122
117
1, 24, 25, 3, 30, 28, 29, 31, 32, 33, 5, 26, 27, 7, 44, 42, 43, 45, 46, 47, 4, 58, 56, 57, 78, 76, 77, 16, 68, 69, 19, 104, 102, 103, 20, 94, 23, 95, 123, 124, 125, 6, 59, 60, 61, 79, 80, 81, 105, 106, 107, 11, 35, 34, 8, 65, 66, 67, 82, 83, 84, 108, 109, 110, 9, 36, 37, 38, 39, 40, 41, 10, 62, 63, 64, 85, 86, 87, 111, 112, 113, 0, 50, 51, 52, 70, 71, 72, 96, 97, 98, 2, 53, 54, 55, 13, 12, 48, 49, 14, 15, 73, 74, 75, 18, 88, 89, 90, 91, 92, 93, 17, 99, 100, 101, 114, 115, 116, 21, 117, 118, 119, 22, 120, 121, 122
116
1, 24, 25, 3, 30, 28, 29, 31, 32, 33, 5, 26, 27, 7, 44, 42, 43, 45, 46, 47, 4, 58, 56, 57, 78, 76, 77, 16, 68, 69, 19, 104, 102, 103, 20, 94, 23, 95, 123, 124, 125, 6, 59, 60, 61, 79, 80, 81, 105, 106, 107, 11, 35, 34, 8, 65, 66, 67, 82, 83, 84, 108, 109, 110, 9, 36, 37, 38, 39, 40, 41, 10, 62, 63, 64, 85, 86, 87, 111, 112, 113, 0, 50, 51, 52, 70, 71, 72, 96, 97, 98, 2, 53, 54, 55, 13, 12, 48, 49, 14, 15, 73, 74, 75, 18, 88, 89, 90, 91, 92, 93, 17, 99, 100, 101, 114, 115, 116, 21, 117, 118, 119, 22, 120, 121, 122
115
1, 24, 25, 3, 30, 28, 29, 31, 32, 33, 5, 26, 27, 7, 44, 42, 43, 45, 46, 47, 4, 58, 56, 57, 78, 76, 77, 16, 68, 69, 19, 104, 102, 103, 20, 94, 23, 95, 123, 124, 125, 6, 59, 60, 61, 79, 80, 81, 105, 106, 107, 11, 35, 34, 8, 65, 66, 67, 82, 83, 84, 108, 109, 110, 9, 36, 37, 38, 39, 40, 41, 10, 62, 63, 64, 85, 86, 87, 111, 112, 113, 0, 50, 51, 52, 70, 71, 72, 96, 97, 98, 2, 53, 54, 55, 13, 12, 48, 49, 14, 15, 73, 74, 75, 18, 88, 89, 90, 91, 92, 93, 17, 99, 100, 101, 114, 115, 116, 21, 117, 118, 119, 22, 120, 121, 122
114
1, 24, 25, 3, 30, 28, 29, 31, 32, 33, 5, 26, 27, 7, 44, 42, 43, 45, 46, 47, 4, 58, 56, 57, 78, 76, 77, 16, 68, 69, 19, 104, 102, 103, 20, 94, 23, 95, 123, 124, 125, 6, 59, 60, 61, 79, 80, 81, 105, 106, 107, 11, 35, 34, 8, 65, 66, 67, 82, 83, 84, 108, 109, 110, 9, 36, 37, 38, 39, 40, 41, 10, 62, 63, 64, 85, 86, 87, 111, 112, 113, 0, 50, 51, 52, 70, 71, 72, 96, 97, 98, 2, 53, 54, 55, 13, 12, 48, 49, 14, 15, 73, 74, 75, 18, 88, 89, 90, 91, 92, 93, 17, 99, 100, 101, 114, 115, 116, 21, 117, 118, 119, 22, 120, 121, 122
113
1, 24, 25, 3, 30, 28, 29, 31, 32, 33, 5, 26, 27, 7, 44, 42, 43, 45, 46, 47, 4, 58, 56, 57, 78, 76, 77, 16, 68, 69, 19, 104, 102, 103, 20, 94, 23, 95, 123, 124, 125, 6, 59, 60, 61, 79, 80, 81, 105, 106, 107, 11, 35, 34, 8, 65, 66, 67, 82, 83, 84, 108, 109, 110, 9, 36, 37, 38, 39, 40, 41, 10, 62, 63, 64, 85, 86, 87, 111, 112, 113, 0, 50, 51, 52, 70, 71, 72, 96, 97, 98, 2, 53, 54, 55, 13, 12, 48, 49, 14, 15, 73, 74, 75, 18, 88, 89, 90, 91, 92, 93, 17, 99, 100, 101, 114, 115, 116, 21, 117, 118, 119, 22, 120, 121, 122
112
1, 24, 25, 3, 30, 28, 29, 31, 32, 33, 5, 26, 27, 7, 44, 42, 43, 45, 46, 47, 4, 58, 56, 57, 78, 76, 77, 16, 68, 69, 19, 104, 102, 103, 20, 94, 23, 95, 123, 124, 125, 6, 59, 60, 61, 79, 80, 81, 105, 106, 107, 11, 35, 34, 8, 65, 66, 67, 82, 83, 84, 108, 109, 110, 9, 36, 37, 38, 39, 40, 41, 10, 62, 63, 64, 85, 86, 87, 111, 112, 113, 0, 50, 51, 52, 70, 71, 72, 96, 97, 98, 2, 53, 54, 55, 13, 12, 48, 49, 14, 15, 73, 74, 75, 18, 88, 89, 90, 91, 92, 93, 17, 99, 100, 101, 114, 115, 116, 21, 117, 118, 119, 22, 120, 121, 122
111
1, 24, 25, 3, 30, 28, 29, 31, 32, 33, 5, 26, 27, 7, 44, 42, 43, 45, 46, 47, 4, 58, 56, 57, 78, 76, 77, 16, 68, 69, 19, 104, 102, 103, 20, 94, 23, 95, 123, 124, 125, 6, 59, 60, 61, 79, 80, 81, 105, 106, 107, 11, 35, 34, 8, 65, 66, 67, 82, 83, 84, 108, 109, 110, 9, 36, 37, 38, 39, 40, 41, 10, 62, 63, 64, 85, 86, 87, 111, 112, 113, 0, 50, 51, 52, 70, 71, 72, 96, 97, 98, 2, 53, 54, 55, 13, 12, 48, 49, 14, 15, 73, 74, 75, 18, 88, 89, 90, 91, 92, 93, 17, 99, 100, 101, 114, 115, 116, 21, 117, 118, 119, 22, 120, 121, 122
110
1, 24, 25, 3, 30, 28, 29, 31, 32, 33, 5, 26, 27, 7, 44, 42, 43, 45, 46, 47, 4, 58, 56, 57, 78, 76, 77, 16, 68, 69, 19, 104, 102, 103, 20, 94, 23, 95, 123, 124, 125, 6, 59, 60, 61, 79, 80, 81, 105, 106, 107, 11, 35, 34, 8, 65, 66, 67, 82, 83, 84, 108, 109, 110, 9, 36, 37, 38, 39, 40, 41, 10, 62, 63, 64, 85, 86, 87, 111, 112, 113, 0, 50, 51, 52, 70, 71, 72, 96, 97, 98, 2, 53, 54, 55, 13, 12, 48, 49, 14, 15, 73, 74, 75, 18, 88, 89, 90, 91, 92, 93, 17, 99, 100, 101, 114, 115, 116, 21, 117, 118, 119, 22, 120, 121, 122
109
1, 24, 25, 3, 30, 28, 29, 31, 32, 33, 5, 26, 27, 7, 44, 42, 43, 45, 46, 47, 4, 58, 56, 57, 78, 76, 77, 16, 68, 69, 19, 104, 102, 103, 20, 94, 23, 95, 123, 124, 125, 6, 59, 60, 61, 79, 80, 81, 105, 106, 107, 11, 35, 34, 8, 65, 66, 67, 82, 83, 84, 108, 109, 110, 9, 36, 37, 38, 39, 40, 41, 10, 62, 63, 64, 85, 86, 87, 111, 112, 113, 0, 50, 51, 52, 70, 71, 72, 96, 97, 98, 2, 53, 54, 55, 13, 12, 48, 49, 14, 15, 73, 74, 75, 18, 88, 89, 90, 91, 92, 93, 17, 99, 100, 101, 114, 115, 116, 21, 117, 118, 119, 22, 120, 121, 122
108
1, 24, 25, 3, 30, 28, 29, 31, 32, 33, 5, 26, 27, 7, 44, 42, 43, 45, 46, 47, 4, 58, 56, 57, 78, 76, 77, 16, 68, 69, 19, 104, 102, 103, 20, 94, 23, 95, 123, 124, 125, 6, 59, 60, 61, 79, 80, 81, 105, 106, 107, 11, 35, 34, 8, 65, 66, 67, 82, 83, 84, 108, 109, 110, 9, 36, 37, 38, 39, 40, 41, 10, 62, 63, 64, 85, 86, 87, 111, 112, 113, 0, 50, 51, 52, 70, 71, 72, 96, 97, 98, 2, 53, 54, 55, 13, 12, 48, 49, 14, 15, 73, 74, 75, 18, 88, 89, 90, 91, 92, 93, 17, 99, 100, 101, 114, 115, 116, 21, 117, 118, 119, 22, 120, 121, 122
107
1, 24, 25, 3, 30, 28, 29, 31, 32, 33, 5, 26, 27, 7, 44, 42, 43, 45, 46, 47, 4, 58, 56, 57, 78, 76, 77, 16, 68, 69, 19, 104, 102, 103, 20, 94, 23, 95, 123, 124, 125, 6, 59, 60, 61, 79, 80, 81, 105, 106, 107, 11, 35, 34, 8, 65, 66, 67, 82, 83, 84, 108, 109, 110, 9, 36, 37, 38, 39, 40, 41, 10, 62, 63, 64, 85, 86, 87, 111, 112, 113, 0, 50, 51, 52, 70, 71, 72, 96, 97, 98, 2, 53, 54, 55, 13, 12, 48, 49, 14, 15, 73, 74, 75, 18, 88, 89, 90, 91, 92, 93, 17, 99, 100, 101, 114, 115, 116, 21, 117, 118, 119, 22, 120, 121, 122
106
1, 24, 25, 3, 30, 28, 29, 31, 32, 33, 5, 26, 27, 7, 44, 42, 43, 45, 46, 47, 4, 58, 56, 57, 78, 76, 77, 16, 68, 69, 19, 104, 102, 103, 20, 94, 23, 95, 123, 124, 125, 6, 59, 60, 61, 79, 80, 81, 105, 106, 107, 11, 35, 34, 8, 65, 66, 67, 82, 83, 84, 108, 109, 110, 9, 36, 37, 38, 39, 40, 41, 10, 62, 63, 64, 85, 86, 87, 111, 112, 113, 0, 50, 51, 52, 70, 71, 72, 96, 97, 98, 2, 53, 54, 55, 13, 12, 48, 49, 14, 15, 73, 74, 75, 18, 88, 89, 90, 91, 92, 93, 17, 99, 100, 101, 114, 115, 116, 21, 117, 118, 119, 22, 120, 121, 122
105
1, 24, 25, 3, 30, 28, 29, 31, 32, 33, 5, 26, 27, 7, 44, 42, 43, 45, 46, 47, 4, 58, 56, 57, 78, 76, 77, 16, 68, 69, 19, 104, 102, 103, 20, 94, 23, 95, 123, 124, 125, 6, 59, 60, 61, 79, 80, 81, 105, 106, 107, 11, 35, 34, 8, 65, 66, 67, 82, 83, 84, 108, 109, 110, 9, 36, 37, 38, 39, 40, 41, 10, 62, 63, 64, 85, 86, 87, 111, 112, 113, 0, 50, 51, 52, 70, 71, 72, 96, 97, 98, 2, 53, 54, 55, 13, 12, 48, 49, 14, 15, 73, 74, 75, 18, 88, 89, 90, 91, 92, 93, 17, 99, 100, 101, 114, 115, 116, 21, 117, 118, 119, 22, 120, 121, 122
104
1, 24, 25, 3, 30, 28, 29, 31, 32, 33, 5, 26, 27, 7, 44, 42, 43, 45, 46, 47, 4, 58, 56, 57, 78, 76, 77, 16, 68, 69, 19, 104, 102, 103, 20, 94, 23, 95, 123, 124, 125, 6, 59, 60, 61, 79, 80, 81, 105, 106, 107, 11, 35, 34, 8, 65, 66, 67, 82, 83, 84, 108, 109, 110, 9, 36, 37, 38, 39, 40, 41, 10, 62, 63, 64, 85, 86, 87, 111, 112, 113, 0, 50, 51, 52, 70, 71, 72, 96, 97, 98, 2, 53, 54, 55, 13, 12, 48, 49, 14, 15, 73, 74, 75, 18, 88, 89, 90, 91, 92, 93, 17, 99, 100, 101, 114, 115, 116, 21, 117, 118, 119, 22, 120, 121, 122
103
1, 24, 25, 3, 30, 28, 29, 31, 32, 33, 5, 26, 27, 7, 44, 42, 43, 45, 46, 47, 4, 58, 56, 57, 78, 76, 77, 16, 68, 69, 19, 104, 102, 103, 20, 94, 23, 95, 123, 124, 125, 6, 59, 60, 61, 79, 80, 81, 105, 106, 107, 11, 35, 34, 8, 65, 66, 67, 82, 83, 84, 108, 109, 110, 9, 36, 37, 38, 39, 40, 41, 10, 62, 63, 64, 85, 86, 87, 111, 112, 113, 0, 50, 51, 52, 70, 71, 72, 96, 97, 98, 2, 53, 54, 55, 13, 12, 48, 49, 14, 15, 73, 74, 75, 18, 88, 89, 90, 91, 92, 93, 17, 99, 100, 101, 114, 115, 116, 21, 117, 118, 119, 22, 120, 121, 122
102
1, 24, 25, 3, 30, 28, 29, 31, 32, 33, 5, 26, 27, 7, 44, 42, 43, 45, 46, 47, 4, 58, 56, 57, 78, 76, 77, 16, 68, 69, 19, 104, 102, 103, 20, 94, 23, 95, 123, 124, 125, 6, 59, 60, 61, 79, 80, 81, 105, 106, 107, 11, 35, 34, 8, 65, 66, 67, 82, 83, 84, 108, 109, 110, 9, 36, 37, 38, 39, 40, 41, 10, 62, 63, 64, 85, 86, 87, 111, 112, 113, 0, 50, 51, 52, 70, 71, 72, 96, 97, 98, 2, 53, 54, 55, 13, 12, 48, 49, 14, 15, 73, 74, 75, 18, 88, 89, 90, 91, 92, 93, 17, 99, 100, 101, 114, 115, 116, 21, 117, 118, 119, 22, 120, 121, 122
101
1, 24, 25, 3, 30, 28, 29, 31, 32, 33, 5, 26, 27, 7, 44, 42, 43, 45, 46, 47, 4, 58, 56, 57, 78, 76, 77, 16, 68, 69, 19, 104, 102, 103, 20, 94, 23, 95, 123, 124, 125, 6, 59, 60, 61, 79, 80, 81, 105, 106, 107, 11, 35, 34, 8, 65, 66, 67, 82, 83, 84, 108, 109, 110, 9, 36, 37, 38, 39, 40, 41, 10, 62, 63, 64, 85, 86, 87, 111, 112, 113, 0, 50, 51, 52, 70, 71, 72, 96, 97, 98, 2, 53, 54, 55, 13, 12, 48, 49, 14, 15, 73, 74, 75, 18, 88, 89, 90, 91, 92, 93, 17, 99, 100, 101, 114, 115, 116, 21, 117, 118, 119, 22, 120, 121, 122
100
1, 24, 25, 3, 30, 28, 29, 31, 32, 33, 5, 26, 27, 7, 44, 42, 43, 45, 46, 47, 4, 58, 56, 57, 78, 76, 77, 16, 68, 69, 19, 104, 102, 103, 20, 94, 23, 95, 123, 124, 125, 6, 59, 60, 61, 79, 80, 81, 105, 106, 107, 11, 35, 34, 8, 65, 66, 67, 82, 83, 84, 108, 109, 110, 9, 36, 37, 38, 39, 40, 41, 10, 62, 63, 64, 85, 86, 87, 111, 112, 113, 0, 50, 51, 52, 70, 71, 72, 96, 97, 98, 2, 53, 54, 55, 13, 12, 48, 49, 14, 15, 73, 74, 75, 18, 88, 89, 90, 91, 92, 93, 17, 99, 100, 101, 114, 115, 116, 21, 117, 118, 119, 22, 120, 121, 122
99
1, 24, 25, 3, 30, 28, 29, 31, 32, 33, 5, 26, 27, 7, 44, 42, 43, 45, 46, 47, 4, 58, 56, 57, 78, 76, 77, 16, 68, 69, 19, 104, 102, 103, 20, 94, 23, 95, 123, 124, 125, 6, 59, 60, 61, 79, 80, 81, 105, 106, 107, 11, 35, 34, 8, 65, 66, 67, 82, 83, 84, 108, 109, 110, 9, 36, 37, 38, 39, 40, 41, 10, 62, 63, 64, 85, 86, 87, 111, 112, 113, 0, 50, 51, 52, 70, 71, 72, 96, 97, 98, 2, 53, 54, 55, 13, 12, 48, 49, 14, 15, 73, 74, 75, 18, 88, 89, 90, 91, 92, 93, 17, 99, 100, 101, 114, 115, 116, 21, 117, 118, 119, 22, 120, 121, 122
98
1, 24, 25, 3, 30, 28, 29, 31, 32, 33, 5, 26, 27, 7, 44, 42, 43, 45, 46, 47, 4, 58, 56, 57, 78, 76, 77, 16, 68, 69, 19, 104, 102, 103, 20, 94, 23, 95, 123, 124, 125, 6, 59, 60, 61, 79, 80, 81, 105, 106, 107, 11, 35, 34, 8, 65, 66, 67, 82, 83, 84, 108, 109, 110, 9, 36, 37, 38, 39, 40, 41, 10, 62, 63, 64, 85, 86, 87, 111, 112, 113, 0, 50, 51, 52, 70, 71, 72, 96, 97, 98, 2, 53, 54, 55, 13, 12, 48, 49, 14, 15, 73, 74, 75, 18, 88, 89, 90, 91, 92, 93, 17, 99, 100, 101, 114, 115, 116, 21, 117, 118, 119, 22, 120, 121, 122
97
1, 24, 25, 3, 30, 28, 29, 31, 32, 33, 5, 26, 27, 7, 44, 42, 43, 45, 46, 47, 4, 58, 56, 57, 78, 76, 77, 16, 68, 69, 19, 104, 102, 103, 20, 94, 23, 95, 123, 124, 125, 6, 59, 60, 61, 79, 80, 81, 105, 106, 107, 11, 35, 34, 8, 65, 66, 67, 82, 83, 84, 108, 109, 110, 9, 36, 37, 38, 39, 40, 41, 10, 62, 63, 64, 85, 86, 87, 111, 112, 113, 0, 50, 51, 52, 70, 71, 72, 96, 97, 98, 2, 53, 54, 55, 13, 12, 48, 49, 14, 15, 73, 74, 75, 18, 88, 89, 90, 91, 92, 93, 17, 99, 100, 101, 114, 115, 116, 21, 117, 118, 119, 22, 120, 121, 122
96
1, 24, 25, 3, 30, 28, 29, 31, 32, 33, 5, 26, 27, 7, 44, 42, 43, 45, 46, 47, 4, 58, 56, 57, 78, 76, 77, 16, 68, 69, 19, 104, 102, 103, 20, 94, 23, 95, 123, 124, 125, 6, 59, 60, 61, 79, 80, 81, 105, 106, 107, 11, 35, 34, 8, 65, 66, 67, 82, 83, 84, 108, 109, 110, 9, 36, 37, 38, 39, 40, 41, 10, 62, 63, 64, 85, 86, 87, 111, 112, 113, 0, 50, 51, 52, 70, 71, 72, 96, 97, 98, 2, 53, 54, 55, 13, 12, 48, 49, 14, 15, 73, 74, 75, 18, 88, 89, 90, 91, 92, 93, 17, 99, 100, 101, 114, 115, 116, 21, 117, 118, 119, 22, 120, 121, 122
95
1, 24, 25, 3, 30, 28, 29, 31, 32, 33, 5, 26, 27, 7, 44, 42, 43, 45, 46, 47, 4, 58, 56, 57, 78, 76, 77, 16, 68, 69, 19, 104, 102, 103, 20, 94, 23, 95, 123, 124, 125, 6, 59, 60, 61, 79, 80, 81, 105, 106, 107, 11, 35, 34, 8, 65, 66, 67, 82, 83, 84, 108, 109, 110, 9, 36, 37, 38, 39, 40, 41, 10, 62, 63, 64, 85, 86, 87, 111, 112, 113, 0, 50, 51, 52, 70, 71, 72, 96, 97, 98, 2, 53, 54, 55, 13, 12, 48, 49, 14, 15, 73, 74, 75, 18, 88, 89, 90, 91, 92, 93, 17, 99, 100, 101, 114, 115, 116, 21, 117, 118, 119, 22, 120, 121, 122
94
1, 24, 25, 3, 30, 28, 29, 31, 32, 33, 5, 26, 27, 7, 44, 42, 43, 45, 46, 47, 4, 58, 56, 57, 78, 76, 77, 16, 68, 69, 19, 104, 102, 103, 20, 94, 23, 95, 123, 124, 125, 6, 59, 60, 61, 79, 80, 81, 105, 106, 107, 11, 35, 34, 8, 65, 66, 67, 82, 83, 84, 108, 109, 110, 9, 36, 37, 38, 39, 40, 41, 10, 62, 63, 64, 85, 86, 87, 111, 112, 113, 0, 50, 51, 52, 70, 71, 72, 96, 97, 98, 2, 53, 54, 55, 13, 12, 48, 49, 14, 15, 73, 74, 75, 18, 88, 89, 90, 91, 92, 93, 17, 99, 100, 101, 114, 115, 116, 21, 117, 118, 119, 22, 120, 121, 122
93
1, 24, 25, 3, 30, 28, 29, 31, 32, 33, 5, 26, 27, 7, 44, 42, 43, 45, 46, 47, 4, 58, 56, 57, 78, 76, 77, 16, 68, 69, 19, 104, 102, 103, 20, 94, 23, 95, 123, 124, 125, 6, 59, 60, 61, 79, 80, 81, 105, 106, 107, 11, 35, 34, 8, 65, 66, 67, 82, 83, 84, 108, 109, 110, 9, 36, 37, 38, 39, 40, 41, 10, 62, 63, 64, 85, 86, 87, 111, 112, 113, 0, 50, 51, 52, 70, 71, 72, 96, 97, 98, 2, 53, 54, 55, 13, 12, 48, 49, 14, 15, 73, 74, 75, 18, 88, 89, 90, 91, 92, 93, 17, 99, 100, 101, 114, 115, 116, 21, 117, 118, 119, 22, 120, 121, 122
92
1, 24, 25, 3, 30, 28, 29, 31, 32, 33, 5, 26, 27, 7, 44, 42, 43, 45, 46, 47, 4, 58, 56, 57, 78, 76, 77, 16, 68, 69, 19, 104, 102, 103, 20, 94, 23, 95, 123, 124, 125, 6, 59, 60, 61, 79, 80, 81, 105, 106, 107, 11, 35, 34, 8, 65, 66, 67, 82, 83, 84, 108, 109, 110, 9, 36, 37, 38, 39, 40, 41, 10, 62, 63, 64, 85, 86, 87, 111, 112, 113, 0, 50, 51, 52, 70, 71, 72, 96, 97, 98, 2, 53, 54, 55, 13, 12, 48, 49, 14, 15, 73, 74, 75, 18, 88, 89, 90, 91, 92, 93, 17, 99, 100, 101, 114, 115, 116, 21, 117, 118, 119, 22, 120, 121, 122
91
1, 24, 25, 3, 30, 28, 29, 31, 32, 33, 5, 26, 27, 7, 44, 42, 43, 45, 46, 47, 4, 58, 56, 57, 78, 76, 77, 16, 68, 69, 19, 104, 102, 103, 20, 94, 23, 95, 123, 124, 125, 6, 59, 60, 61, 79, 80, 81, 105, 106, 107, 11, 35, 34, 8, 65, 66, 67, 82, 83, 84, 108, 109, 110, 9, 36, 37, 38, 39, 40, 41, 10, 62, 63, 64, 85, 86, 87, 111, 112, 113, 0, 50, 51, 52, 70, 71, 72, 96, 97, 98, 2, 53, 54, 55, 13, 12, 48, 49, 14, 15, 73, 74, 75, 18, 88, 89, 90, 91, 92, 93, 17, 99, 100, 101, 114, 115, 116, 21, 117, 118, 119, 22, 120, 121, 122
90
1, 24, 25, 3, 30, 28, 29, 31, 32, 33, 5, 26, 27, 7, 44, 42, 43, 45, 46, 47, 4, 58, 56, 57, 78, 76, 77, 16, 68, 69, 19, 104, 102, 103, 20, 94, 23, 95, 123, 124, 125, 6, 59, 60, 61, 79, 80, 81, 105, 106, 107, 11, 35, 34, 8, 65, 66, 67, 82, 83, 84, 108, 109, 110, 9, 36, 37, 38, 39, 40, 41, 10, 62, 63, 64, 85, 86, 87, 111, 112, 113, 0, 50, 51, 52, 70, 71, 72, 96, 97, 98, 2, 53, 54, 55, 13, 12, 48, 49, 14, 15, 73, 74, 75, 18, 88, 89, 90, 91, 92, 93, 17, 99, 100, 101, 114, 115, 116, 21, 117, 118, 119, 22, 120, 121, 122
89
1, 24, 25, 3, 30, 28, 29, 31, 32, 33, 5, 26, 27, 7, 44, 42, 43, 45, 46, 47, 4, 58, 56, 57, 78, 76, 77, 16, 68, 69, 19, 104, 102, 103, 20, 94, 23, 95, 123, 124, 125, 6, 59, 60, 61, 79, 80, 81, 105, 106, 107, 11, 35, 34, 8, 65, 66, 67, 82, 83, 84, 108, 109, 110, 9, 36, 37, 38, 39, 40, 41, 10, 62, 63, 64, 85, 86, 87, 111, 112, 113, 0, 50, 51, 52, 70, 71, 72, 96, 97, 98, 2, 53, 54, 55, 13, 12, 48, 49, 14, 15, 73, 74, 75, 18, 88, 89, 90, 91, 92, 93, 17, 99, 100, 101, 114, 115, 116, 21, 117, 118, 119, 22, 120, 121, 122
88
1, 24, 25, 3, 30, 28, 29, 31, 32, 33, 5, 26, 27, 7, 44, 42, 43, 45, 46, 47, 4, 58, 56, 57, 78, 76, 77, 16, 68, 69, 19, 104, 102, 103, 20, 94, 23, 95, 123, 124, 125, 6, 59, 60, 61, 79, 80, 81, 105, 106, 107, 11, 35, 34, 8, 65, 66, 67, 82, 83, 84, 108, 109, 110, 9, 36, 37, 38, 39, 40, 41, 10, 62, 63, 64, 85, 86, 87, 111, 112, 113, 0, 50, 51, 52, 70, 71, 72, 96, 97, 98, 2, 53, 54, 55, 13, 12, 48, 49, 14, 15, 73, 74, 75, 18, 88, 89, 90, 91, 92, 93, 17, 99, 100, 101, 114, 115, 116, 21, 117, 118, 119, 22, 120, 121, 122
87
1, 24, 25, 3, 30, 28, 29, 31, 32, 33, 5, 26, 27, 7, 44, 42, 43, 45, 46, 47, 4, 58, 56, 57, 78, 76, 77, 16, 68, 69, 19, 104, 102, 103, 20, 94, 23, 95, 123, 124, 125, 6, 59, 60, 61, 79, 80, 81, 105, 106, 107, 11, 35, 34, 8, 65, 66, 67, 82, 83, 84, 108, 109, 110, 9, 36, 37, 38, 39, 40, 41, 10, 62, 63, 64, 85, 86, 87, 111, 112, 113, 0, 50, 51, 52, 70, 71, 72, 96, 97, 98, 2, 53, 54, 55, 13, 12, 48, 49, 14, 15, 73, 74, 75, 18, 88, 89, 90, 91, 92, 93, 17, 99, 100, 101, 114, 115, 116, 21, 117, 118, 119, 22, 120, 121, 122
86
1, 24, 25, 3, 30, 28, 29, 31, 32, 33, 5, 26, 27, 7, 44, 42, 43, 45, 46, 47, 4, 58, 56, 57, 78, 76, 77, 16, 68, 69, 19, 104, 102, 103, 20, 94, 23, 95, 123, 124, 125, 6, 59, 60, 61, 79, 80, 81, 105, 106, 107, 11, 35, 34, 8, 65, 66, 67, 82, 83, 84, 108, 109, 110, 9, 36, 37, 38, 39, 40, 41, 10, 62, 63, 64, 85, 86, 87, 111, 112, 113, 0, 50, 51, 52, 70, 71, 72, 96, 97, 98, 2, 53, 54, 55, 13, 12, 48, 49, 14, 15, 73, 74, 75, 18, 88, 89, 90, 91, 92, 93, 17, 99, 100, 101, 114, 115, 116, 21, 117, 118, 119, 22, 120, 121, 122
85
1, 24, 25, 3, 30, 28, 29, 31, 32, 33, 5, 26, 27, 7, 44, 42, 43, 45, 46, 47, 4, 58, 56, 57, 78, 76, 77, 16, 68, 69, 19, 104, 102, 103, 20, 94, 23, 95, 123, 124, 125, 6, 59, 60, 61, 79, 80, 81, 105, 106, 107, 11, 35, 34, 8, 65, 66, 67, 82, 83, 84, 108, 109, 110, 9, 36, 37, 38, 39, 40, 41, 10, 62, 63, 64, 85, 86, 87, 111, 112, 113, 0, 50, 51, 52, 70, 71, 72, 96, 97, 98, 2, 53, 54, 55, 13, 12, 48, 49, 14, 15, 73, 74, 75, 18, 88, 89, 90, 91, 92, 93, 17, 99, 100, 101, 114, 115, 116, 21, 117, 118, 119, 22, 120, 121, 122
84
1, 24, 25, 3, 30, 28, 29, 31, 32, 33, 5, 26, 27, 7, 44, 42, 43, 45, 46, 47, 4, 58, 56, 57, 78, 76, 77, 16, 68, 69, 19, 104, 102, 103, 20, 94, 23, 95, 123, 124, 125, 6, 59, 60, 61, 79, 80, 81, 105, 106, 107, 11, 35, 34, 8, 65, 66, 67, 82, 83, 84, 108, 109, 110, 9, 36, 37, 38, 39, 40, 41, 10, 62, 63, 64, 85, 86, 87, 111, 112, 113, 0, 50, 51, 52, 70, 71, 72, 96, 97, 98, 2, 53, 54, 55, 13, 12, 48, 49, 14, 15, 73, 74, 75, 18, 88, 89, 90, 91, 92, 93, 17, 99, 100, 101, 114, 115, 116, 21, 117, 118, 119, 22, 120, 121, 122
83
1, 24, 25, 3, 30, 28, 29, 31, 32, 33, 5, 26, 27, 7, 44, 42, 43, 45, 46, 47, 4, 58, 56, 57, 78, 76, 77, 16, 68, 69, 19, 104, 102, 103, 20, 94, 23, 95, 123, 124, 125, 6, 59, 60, 61, 79, 80, 81, 105, 106, 107, 11, 35, 34, 8, 65, 66, 67, 82, 83, 84, 108, 109, 110, 9, 36, 37, 38, 39, 40, 41, 10, 62, 63, 64, 85, 86, 87, 111, 112, 113, 0, 50, 51, 52, 70, 71, 72, 96, 97, 98, 2, 53, 54, 55, 13, 12, 48, 49, 14, 15, 73, 74, 75, 18, 88, 89, 90, 91, 92, 93, 17, 99, 100, 101, 114, 115, 116, 21, 117, 118, 119, 22, 120, 121, 122
82
1, 24, 25, 3, 30, 28, 29, 31, 32, 33, 5, 26, 27, 7, 44, 42, 43, 45, 46, 47, 4, 58, 56, 57, 78, 76, 77, 16, 68, 69, 19, 104, 102, 103, 20, 94, 23, 95, 123, 124, 125, 6, 59, 60, 61, 79, 80, 81, 105, 106, 107, 11, 35, 34, 8, 65, 66, 67, 82, 83, 84, 108, 109, 110, 9, 36, 37, 38, 39, 40, 41, 10, 62, 63, 64, 85, 86, 87, 111, 112, 113, 0, 50, 51, 52, 70, 71, 72, 96, 97, 98, 2, 53, 54, 55, 13, 12, 48, 49, 14, 15, 73, 74, 75, 18, 88, 89, 90, 91, 92, 93, 17, 99, 100, 101, 114, 115, 116, 21, 117, 118, 119, 22, 120, 121, 122
81
1, 24, 25, 3, 30, 28, 29, 31, 32, 33, 5, 26, 27, 7, 44, 42, 43, 45, 46, 47, 4, 58, 56, 57, 78, 76, 77, 16, 68, 69, 19, 104, 102, 103, 20, 94, 23, 95, 123, 124, 125, 6, 59, 60, 61, 79, 80, 81, 105, 106, 107, 11, 35, 34, 8, 65, 66, 67, 82, 83, 84, 108, 109, 110, 9, 36, 37, 38, 39, 40, 41, 10, 62, 63, 64, 85, 86, 87, 111, 112, 113, 0, 50, 51, 52, 70, 71, 72, 96, 97, 98, 2, 53, 54, 55, 13, 12, 48, 49, 14, 15, 73, 74, 75, 18, 88, 89, 90, 91, 92, 93, 17, 99, 100, 101, 114, 115, 116, 21, 117, 118, 119, 22, 120, 121, 122
80
1, 24, 25, 3, 30, 28, 29, 31, 32, 33, 5, 26, 27, 7, 44, 42, 43, 45, 46, 47, 4, 58, 56, 57, 78, 76, 77, 16, 68, 69, 19, 104, 102, 103, 20, 94, 23, 95, 123, 124, 125, 6, 59, 60, 61, 79, 80, 81, 105, 106, 107, 11, 35, 34, 8, 65, 66, 67, 82, 83, 84, 108, 109, 110, 9, 36, 37, 38, 39, 40, 41, 10, 62, 63, 64, 85, 86, 87, 111, 112, 113, 0, 50, 51, 52, 70, 71, 72, 96, 97, 98, 2, 53, 54, 55, 13, 12, 48, 49, 14, 15, 73, 74, 75, 18, 88, 89, 90, 91, 92, 93, 17, 99, 100, 101, 114, 115, 116, 21, 117, 118, 119, 22, 120, 121, 122
79
1, 24, 25, 3, 30, 28, 29, 31, 32, 33, 5, 26, 27, 7, 44, 42, 43, 45, 46, 47, 4, 58, 56, 57, 78, 76, 77, 16, 68, 69, 19, 104, 102, 103, 20, 94, 23, 95, 123, 124, 125, 6, 59, 60, 61, 79, 80, 81, 105, 106, 107, 11, 35, 34, 8, 65, 66, 67, 82, 83, 84, 108, 109, 110, 9, 36, 37, 38, 39, 40, 41, 10, 62, 63, 64, 85, 86, 87, 111, 112, 113, 0, 50, 51, 52, 70, 71, 72, 96, 97, 98, 2, 53, 54, 55, 13, 12, 48, 49, 14, 15, 73, 74, 75, 18, 88, 89, 90, 91, 92, 93, 17, 99, 100, 101, 114, 115, 116, 21, 117, 118, 119, 22, 120, 121, 122
78
1, 24, 25, 3, 30, 28, 29, 31, 32, 33, 5, 26, 27, 7, 44, 42, 43, 45, 46, 47, 4, 58, 56, 57, 78, 76, 77, 16, 68, 69, 19, 104, 102, 103, 20, 94, 23, 95, 123, 124, 125, 6, 59, 60, 61, 79, 80, 81, 105, 106, 107, 11, 35, 34, 8, 65, 66, 67, 82, 83, 84, 108, 109, 110, 9, 36, 37, 38, 39, 40, 41, 10, 62, 63, 64, 85, 86, 87, 111, 112, 113, 0, 50, 51, 52, 70, 71, 72, 96, 97, 98, 2, 53, 54, 55, 13, 12, 48, 49, 14, 15, 73, 74, 75, 18, 88, 89, 90, 91, 92, 93, 17, 99, 100, 101, 114, 115, 116, 21, 117, 118, 119, 22, 120, 121, 122
77
1, 24, 25, 3, 30, 28, 29, 31, 32, 33, 5, 26, 27, 7, 44, 42, 43, 45, 46, 47, 4, 58, 56, 57, 78, 76, 77, 16, 68, 69, 19, 104, 102, 103, 20, 94, 23, 95, 123, 124, 125, 6, 59, 60, 61, 79, 80, 81, 105, 106, 107, 11, 35, 34, 8, 65, 66, 67, 82, 83, 84, 108, 109, 110, 9, 36, 37, 38, 39, 40, 41, 10, 62, 63, 64, 85, 86, 87, 111, 112, 113, 0, 50, 51, 52, 70, 71, 72, 96, 97, 98, 2, 53, 54, 55, 13, 12, 48, 49, 14, 15, 73, 74, 75, 18, 88, 89, 90, 91, 92, 93, 17, 99, 100, 101, 114, 115, 116, 21, 117, 118, 119, 22, 120, 121, 122
76
1, 24, 25, 3, 30, 28, 29, 31, 32, 33, 5, 26, 27, 7, 44, 42, 43, 45, 46, 47, 4, 58, 56, 57, 78, 76, 77, 16, 68, 69, 19, 104, 102, 103, 20, 94, 23, 95, 123, 124, 125, 6, 59, 60, 61, 79, 80, 81, 105, 106, 107, 11, 35, 34, 8, 65, 66, 67, 82, 83, 84, 108, 109, 110, 9, 36, 37, 38, 39, 40, 41, 10, 62, 63, 64, 85, 86, 87, 111, 112, 113, 0, 50, 51, 52, 70, 71, 72, 96, 97, 98, 2, 53, 54, 55, 13, 12, 48, 49, 14, 15, 73, 74, 75, 18, 88, 89, 90, 91, 92, 93, 17, 99, 100, 101, 114, 115, 116, 21, 117, 118, 119, 22, 120, 121, 122
75
1, 24, 25, 3, 30, 28, 29, 31, 32, 33, 5, 26, 27, 7, 44, 42, 43, 45, 46, 47, 4, 58, 56, 57, 78, 76, 77, 16, 68, 69, 19, 104, 102, 103, 20, 94, 23, 95, 123, 124, 125, 6, 59, 60, 61, 79, 80, 81, 105, 106, 107, 11, 35, 34, 8, 65, 66, 67, 82, 83, 84, 108, 109, 110, 9, 36, 37, 38, 39, 40, 41, 10, 62, 63, 64, 85, 86, 87, 111, 112, 113, 0, 50, 51, 52, 70, 71, 72, 96, 97, 98, 2, 53, 54, 55, 13, 12, 48, 49, 14, 15, 73, 74, 75, 18, 88, 89, 90, 91, 92, 93, 17, 99, 100, 101, 114, 115, 116, 21, 117, 118, 119, 22, 120, 121, 122
74
1, 24, 25, 3, 30, 28, 29, 31, 32, 33, 5, 26, 27, 7, 44, 42, 43, 45, 46, 47, 4, 58, 56, 57, 78, 76, 77, 16, 68, 69, 19, 104, 102, 103, 20, 94, 23, 95, 123, 124, 125, 6, 59, 60, 61, 79, 80, 81, 105, 106, 107, 11, 35, 34, 8, 65, 66, 67, 82, 83, 84, 108, 109, 110, 9, 36, 37, 38, 39, 40, 41, 10, 62, 63, 64, 85, 86, 87, 111, 112, 113, 0, 50, 51, 52, 70, 71, 72, 96, 97, 98, 2, 53, 54, 55, 13, 12, 48, 49, 14, 15, 73, 74, 75, 18, 88, 89, 90, 91, 92, 93, 17, 99, 100, 101, 114, 115, 116, 21, 117, 118, 119, 22, 120, 121, 122
73
1, 24, 25, 3, 30, 28, 29, 31, 32, 33, 5, 26, 27, 7, 44, 42, 43, 45, 46, 47, 4, 58, 56, 57, 78, 76, 77, 16, 68, 69, 19, 104, 102, 103, 20, 94, 23, 95, 123, 124, 125, 6, 59, 60, 61, 79, 80, 81, 105, 106, 107, 11, 35, 34, 8, 65, 66, 67, 82, 83, 84, 108, 109, 110, 9, 36, 37, 38, 39, 40, 41, 10, 62, 63, 64, 85, 86, 87, 111, 112, 113, 0, 50, 51, 52, 70, 71, 72, 96, 97, 98, 2, 53, 54, 55, 13, 12, 48, 49, 14, 15, 73, 74, 75, 18, 88, 89, 90, 91, 92, 93, 17, 99, 100, 101, 114, 115, 116, 21, 117, 118, 119, 22, 120, 121, 122
72
1, 24, 25, 3, 30, 28, 29, 31, 32, 33, 5, 26, 27, 7, 44, 42, 43, 45, 46, 47, 4, 58, 56, 57, 78, 76, 77, 16, 68, 69, 19, 104, 102, 103, 20, 94, 23, 95, 123, 124, 125, 6, 59, 60, 61, 79, 80, 81, 105, 106, 107, 11, 35, 34, 8, 65, 66, 67, 82, 83, 84, 108, 109, 110, 9, 36, 37, 38, 39, 40, 41, 10, 62, 63, 64, 85, 86, 87, 111, 112, 113, 0, 50, 51, 52, 70, 71, 72, 96, 97, 98, 2, 53, 54, 55, 13, 12, 48, 49, 14, 15, 73, 74, 75, 18, 88, 89, 90, 91, 92, 93, 17, 99, 100, 101, 114, 115, 116, 21, 117, 118, 119, 22, 120, 121, 122
71
1, 24, 25, 3, 30, 28, 29, 31, 32, 33, 5, 26, 27, 7, 44, 42, 43, 45, 46, 47, 4, 58, 56, 57, 78, 76, 77, 16, 68, 69, 19, 104, 102, 103, 20, 94, 23, 95, 123, 124, 125, 6, 59, 60, 61, 79, 80, 81, 105, 106, 107, 11, 35, 34, 8, 65, 66, 67, 82, 83, 84, 108, 109, 110, 9, 36, 37, 38, 39, 40, 41, 10, 62, 63, 64, 85, 86, 87, 111, 112, 113, 0, 50, 51, 52, 70, 71, 72, 96, 97, 98, 2, 53, 54, 55, 13, 12, 48, 49, 14, 15, 73, 74, 75, 18, 88, 89, 90, 91, 92, 93, 17, 99, 100, 101, 114, 115, 116, 21, 117, 118, 119, 22, 120, 121, 122
70
1, 24, 25, 3, 30, 28, 29, 31, 32, 33, 5, 26, 27, 7, 44, 42, 43, 45, 46, 47, 4, 58, 56, 57, 78, 76, 77, 16, 68, 69, 19, 104, 102, 103, 20, 94, 23, 95, 123, 124, 125, 6, 59, 60, 61, 79, 80, 81, 105, 106, 107, 11, 35, 34, 8, 65, 66, 67, 82, 83, 84, 108, 109, 110, 9, 36, 37, 38, 39, 40, 41, 10, 62, 63, 64, 85, 86, 87, 111, 112, 113, 0, 50, 51, 52, 70, 71, 72, 96, 97, 98, 2, 53, 54, 55, 13, 12, 48, 49, 14, 15, 73, 74, 75, 18, 88, 89, 90, 91, 92, 93, 17, 99, 100, 101, 114, 115, 116, 21, 117, 118, 119, 22, 120, 121, 122
69
1, 24, 25, 3, 30, 28, 29, 31, 32, 33, 5, 26, 27, 7, 44, 42, 43, 45, 46, 47, 4, 58, 56, 57, 78, 76, 77, 16, 68, 69, 19, 104, 102, 103, 20, 94, 23, 95, 123, 124, 125, 6, 59, 60, 61, 79, 80, 81, 105, 106, 107, 11, 35, 34, 8, 65, 66, 67, 82, 83, 84, 108, 109, 110, 9, 36, 37, 38, 39, 40, 41, 10, 62, 63, 64, 85, 86, 87, 111, 112, 113, 0, 50, 51, 52, 70, 71, 72, 96, 97, 98, 2, 53, 54, 55, 13, 12, 48, 49, 14, 15, 73, 74, 75, 18, 88, 89, 90, 91, 92, 93, 17, 99, 100, 101, 114, 115, 116, 21, 117, 118, 119, 22, 120, 121, 122
68
1, 24, 25, 3, 30, 28, 29, 31, 32, 33, 5, 26, 27, 7, 44, 42, 43, 45, 46, 47, 4, 58, 56, 57, 78, 76, 77, 16, 68, 69, 19, 104, 102, 103, 20, 94, 23, 95, 123, 124, 125, 6, 59, 60, 61, 79, 80, 81, 105, 106, 107, 11, 35, 34, 8, 65, 66, 67, 82, 83, 84, 108, 109, 110, 9, 36, 37, 38, 39, 40, 41, 10, 62, 63, 64, 85, 86, 87, 111, 112, 113, 0, 50, 51, 52, 70, 71, 72, 96, 97, 98, 2, 53, 54, 55, 13, 12, 48, 49, 14, 15, 73, 74, 75, 18, 88, 89, 90, 91, 92, 93, 17, 99, 100, 101, 114, 115, 116, 21, 117, 118, 119, 22, 120, 121, 122
67
1, 24, 25, 3, 30, 28, 29, 31, 32, 33, 5, 26, 27, 7, 44, 42, 43, 45, 46, 47, 4, 58, 56, 57, 78, 76, 77, 16, 68, 69, 19, 104, 102, 103, 20, 94, 23, 95, 123, 124, 125, 6, 59, 60, 61, 79, 80, 81, 105, 106, 107, 11, 35, 34, 8, 65, 66, 67, 82, 83, 84, 108, 109, 110, 9, 36, 37, 38, 39, 40, 41, 10, 62, 63, 64, 85, 86, 87, 111, 112, 113, 0, 50, 51, 52, 70, 71, 72, 96, 97, 98, 2, 53, 54, 55, 13, 12, 48, 49, 14, 15, 73, 74, 75, 18, 88, 89, 90, 91, 92, 93, 17, 99, 100, 101, 114, 115, 116, 21, 117, 118, 119, 22, 120, 121, 122
66
1, 24, 25, 3, 30, 28, 29, 31, 32, 33, 5, 26, 27, 7, 44, 42, 43, 45, 46, 47, 4, 58, 56, 57, 78, 76, 77, 16, 68, 69, 19, 104, 102, 103, 20, 94, 23, 95, 123, 124, 125, 6, 59, 60, 61, 79, 80, 81, 105, 106, 107, 11, 35, 34, 8, 65, 66, 67, 82, 83, 84, 108, 109, 110, 9, 36, 37, 38, 39, 40, 41, 10, 62, 63, 64, 85, 86, 87, 111, 112, 113, 0, 50, 51, 52, 70, 71, 72, 96, 97, 98, 2, 53, 54, 55, 13, 12, 48, 49, 14, 15, 73, 74, 75, 18, 88, 89, 90, 91, 92, 93, 17, 99, 100, 101, 114, 115, 116, 21, 117, 118, 119, 22, 120, 121, 122
65
1, 24, 25, 3, 30, 28, 29, 31, 32, 33, 5, 26, 27, 7, 44, 42, 43, 45, 46, 47, 4, 58, 56, 57, 78, 76, 77, 16, 68, 69, 19, 104, 102, 103, 20, 94, 23, 95, 123, 124, 125, 6, 59, 60, 61, 79, 80, 81, 105, 106, 107, 11, 35, 34, 8, 65, 66, 67, 82, 83, 84, 108, 109, 110, 9, 36, 37, 38, 39, 40, 41, 10, 62, 63, 64, 85, 86, 87, 111, 112, 113, 0, 50, 51, 52, 70, 71, 72, 96, 97, 98, 2, 53, 54, 55, 13, 12, 48, 49, 14, 15, 73, 74, 75, 18, 88, 89, 90, 91, 92, 93, 17, 99, 100, 101, 114, 115, 116, 21, 117, 118, 119, 22, 120, 121, 122
64
1, 24, 25, 3, 30, 28, 29, 31, 32, 33, 5, 26, 27, 7, 44, 42, 43, 45, 46, 47, 4, 58, 56, 57, 78, 76, 77, 16, 68, 69, 19, 104, 102, 103, 20, 94, 23, 95, 123, 124, 125, 6, 59, 60, 61, 79, 80, 81, 105, 106, 107, 11, 35, 34, 8, 65, 66, 67, 82, 83, 84, 108, 109, 110, 9, 36, 37, 38, 39, 40, 41, 10, 62, 63, 64, 85, 86, 87, 111, 112, 113, 0, 50, 51, 52, 70, 71, 72, 96, 97, 98, 2, 53, 54, 55, 13, 12, 48, 49, 14, 15, 73, 74, 75, 18, 88, 89, 90, 91, 92, 93, 17, 99, 100, 101, 114, 115, 116, 21, 117, 118, 119, 22, 120, 121, 122
63
1, 24, 25, 3, 30, 28, 29, 31, 32, 33, 5, 26, 27, 7, 44, 42, 43, 45, 46, 47, 4, 58, 56, 57, 78, 76, 77, 16, 68, 69, 19, 104, 102, 103, 20, 94, 23, 95, 123, 124, 125, 6, 59, 60, 61, 79, 80, 81, 105, 106, 107, 11, 35, 34, 8, 65, 66, 67, 82, 83, 84, 108, 109, 110, 9, 36, 37, 38, 39, 40, 41, 10, 62, 63, 64, 85, 86, 87, 111, 112, 113, 0, 50, 51, 52, 70, 71, 72, 96, 97, 98, 2, 53, 54, 55, 13, 12, 48, 49, 14, 15, 73, 74, 75, 18, 88, 89, 90, 91, 92, 93, 17, 99, 100, 101, 114, 115, 116, 21, 117, 118, 119, 22, 120, 121, 122
62
1, 24, 25, 3, 30, 28, 29, 31, 32, 33, 5, 26, 27, 7, 44, 42, 43, 45, 46, 47, 4, 58, 56, 57, 78, 76, 77, 16, 68, 69, 19, 104, 102, 103, 20, 94, 23, 95, 123, 124, 125, 6, 59, 60, 61, 79, 80, 81, 105, 106, 107, 11, 35, 34, 8, 65, 66, 67, 82, 83, 84, 108, 109, 110, 9, 36, 37, 38, 39, 40, 41, 10, 62, 63, 64, 85, 86, 87, 111, 112, 113, 0, 50, 51, 52, 70, 71, 72, 96, 97, 98, 2, 53, 54, 55, 13, 12, 48, 49, 14, 15, 73, 74, 75, 18, 88, 89, 90, 91, 92, 93, 17, 99, 100, 101, 114, 115, 116, 21, 117, 118, 119, 22, 120, 121, 122
61
1, 24, 25, 3, 30, 28, 29, 31, 32, 33, 5, 26, 27, 7, 44, 42, 43, 45, 46, 47, 4, 58, 56, 57, 78, 76, 77, 16, 68, 69, 19, 104, 102, 103, 20, 94, 23, 95, 123, 124, 125, 6, 59, 60, 61, 79, 80, 81, 105, 106, 107, 11, 35, 34, 8, 65, 66, 67, 82, 83, 84, 108, 109, 110, 9, 36, 37, 38, 39, 40, 41, 10, 62, 63, 64, 85, 86, 87, 111, 112, 113, 0, 50, 51, 52, 70, 71, 72, 96, 97, 98, 2, 53, 54, 55, 13, 12, 48, 49, 14, 15, 73, 74, 75, 18, 88, 89, 90, 91, 92, 93, 17, 99, 100, 101, 114, 115, 116, 21, 117, 118, 119, 22, 120, 121, 122
60
1, 24, 25, 3, 30, 28, 29, 31, 32, 33, 5, 26, 27, 7, 44, 42, 43, 45, 46, 47, 4, 58, 56, 57, 78, 76, 77, 16, 68, 69, 19, 104, 102, 103, 20, 94, 23, 95, 123, 124, 125, 6, 59, 60, 61, 79, 80, 81, 105, 106, 107, 11, 35, 34, 8, 65, 66, 67, 82, 83, 84, 108, 109, 110, 9, 36, 37, 38, 39, 40, 41, 10, 62, 63, 64, 85, 86, 87, 111, 112, 113, 0, 50, 51, 52, 70, 71, 72, 96, 97, 98, 2, 53, 54, 55, 13, 12, 48, 49, 14, 15, 73, 74, 75, 18, 88, 89, 90, 91, 92, 93, 17, 99, 100, 101, 114, 115, 116, 21, 117, 118, 119, 22, 120, 121, 122
59
1, 24, 25, 3, 30, 28, 29, 31, 32, 33, 5, 26, 27, 7, 44, 42, 43, 45, 46, 47, 4, 58, 56, 57, 78, 76, 77, 16, 68, 69, 19, 104, 102, 103, 20, 94, 23, 95, 123, 124, 125, 6, 59, 60, 61, 79, 80, 81, 105, 106, 107, 11, 35, 34, 8, 65, 66, 67, 82, 83, 84, 108, 109, 110, 9, 36, 37, 38, 39, 40, 41, 10, 62, 63, 64, 85, 86, 87, 111, 112, 113, 0, 50, 51, 52, 70, 71, 72, 96, 97, 98, 2, 53, 54, 55, 13, 12, 48, 49, 14, 15, 73, 74, 75, 18, 88, 89, 90, 91, 92, 93, 17, 99, 100, 101, 114, 115, 116, 21, 117, 118, 119, 22, 120, 121, 122
58
1, 24, 25, 3, 30, 28, 29, 31, 32, 33, 5, 26, 27, 7, 44, 42, 43, 45, 46, 47, 4, 58, 56, 57, 78, 76, 77, 16, 68, 69, 19, 104, 102, 103, 20, 94, 23, 95, 123, 124, 125, 6, 59, 60, 61, 79, 80, 81, 105, 106, 107, 11, 35, 34, 8, 65, 66, 67, 82, 83, 84, 108, 109, 110, 9, 36, 37, 38, 39, 40, 41, 10, 62, 63, 64, 85, 86, 87, 111, 112, 113, 0, 50, 51, 52, 70, 71, 72, 96, 97, 98, 2, 53, 54, 55, 13, 12, 48, 49, 14, 15, 73, 74, 75, 18, 88, 89, 90, 91, 92, 93, 17, 99, 100, 101, 114, 115, 116, 21, 117, 118, 119, 22, 120, 121, 122
57
1, 24, 25, 3, 30, 28, 29, 31, 32, 33, 5, 26, 27, 7, 44, 42, 43, 45, 46, 47, 4, 58, 56, 57, 78, 76, 77, 16, 68, 69, 19, 104, 102, 103, 20, 94, 23, 95, 123, 124, 125, 6, 59, 60, 61, 79, 80, 81, 105, 106, 107, 11, 35, 34, 8, 65, 66, 67, 82, 83, 84, 108, 109, 110, 9, 36, 37, 38, 39, 40, 41, 10, 62, 63, 64, 85, 86, 87, 111, 112, 113, 0, 50, 51, 52, 70, 71, 72, 96, 97, 98, 2, 53, 54, 55, 13, 12, 48, 49, 14, 15, 73, 74, 75, 18, 88, 89, 90, 91, 92, 93, 17, 99, 100, 101, 114, 115, 116, 21, 117, 118, 119, 22, 120, 121, 122
56
1, 24, 25, 3, 30, 28, 29, 31, 32, 33, 5, 26, 27, 7, 44, 42, 43, 45, 46, 47, 4, 58, 56, 57, 78, 76, 77, 16, 68, 69, 19, 104, 102, 103, 20, 94, 23, 95, 123, 124, 125, 6, 59, 60, 61, 79, 80, 81, 105, 106, 107, 11, 35, 34, 8, 65, 66, 67, 82, 83, 84, 108, 109, 110, 9, 36, 37, 38, 39, 40, 41, 10, 62, 63, 64, 85, 86, 87, 111, 112, 113, 0, 50, 51, 52, 70, 71, 72, 96, 97, 98, 2, 53, 54, 55, 13, 12, 48, 49, 14, 15, 73, 74, 75, 18, 88, 89, 90, 91, 92, 93, 17, 99, 100, 101, 114, 115, 116, 21, 117, 118, 119, 22, 120, 121, 122
55
1, 24, 25, 3, 30, 28, 29, 31, 32, 33, 5, 26, 27, 7, 44, 42, 43, 45, 46, 47, 4, 58, 56, 57, 78, 76, 77, 16, 68, 69, 19, 104, 102, 103, 20, 94, 23, 95, 123, 124, 125, 6, 59, 60, 61, 79, 80, 81, 105, 106, 107, 11, 35, 34, 8, 65, 66, 67, 82, 83, 84, 108, 109, 110, 9, 36, 37, 38, 39, 40, 41, 10, 62, 63, 64, 85, 86, 87, 111, 112, 113, 0, 50, 51, 52, 70, 71, 72, 96, 97, 98, 2, 53, 54, 55, 13, 12, 48, 49, 14, 15, 73, 74, 75, 18, 88, 89, 90, 91, 92, 93, 17, 99, 100, 101, 114, 115, 116, 21, 117, 118, 119, 22, 120, 121, 122
54
1, 24, 25, 3, 30, 28, 29, 31, 32, 33, 5, 26, 27, 7, 44, 42, 43, 45, 46, 47, 4, 58, 56, 57, 78, 76, 77, 16, 68, 69, 19, 104, 102, 103, 20, 94, 23, 95, 123, 124, 125, 6, 59, 60, 61, 79, 80, 81, 105, 106, 107, 11, 35, 34, 8, 65, 66, 67, 82, 83, 84, 108, 109, 110, 9, 36, 37, 38, 39, 40, 41, 10, 62, 63, 64, 85, 86, 87, 111, 112, 113, 0, 50, 51, 52, 70, 71, 72, 96, 97, 98, 2, 53, 54, 55, 13, 12, 48, 49, 14, 15, 73, 74, 75, 18, 88, 89, 90, 91, 92, 93, 17, 99, 100, 101, 114, 115, 116, 21, 117, 118, 119, 22, 120, 121, 122
53
1, 24, 25, 3, 30, 28, 29, 31, 32, 33, 5, 26, 27, 7, 44, 42, 43, 45, 46, 47, 4, 58, 56, 57, 78, 76, 77, 16, 68, 69, 19, 104, 102, 103, 20, 94, 23, 95, 123, 124, 125, 6, 59, 60, 61, 79, 80, 81, 105, 106, 107, 11, 35, 34, 8, 65, 66, 67, 82, 83, 84, 108, 109, 110, 9, 36, 37, 38, 39, 40, 41, 10, 62, 63, 64, 85, 86, 87, 111, 112, 113, 0, 50, 51, 52, 70, 71, 72, 96, 97, 98, 2, 53, 54, 55, 13, 12, 48, 49, 14, 15, 73, 74, 75, 18, 88, 89, 90, 91, 92, 93, 17, 99, 100, 101, 114, 115, 116, 21, 117, 118, 119, 22, 120, 121, 122
52
1, 24, 25, 3, 30, 28, 29, 31, 32, 33, 5, 26, 27, 7, 44, 42, 43, 45, 46, 47, 4, 58, 56, 57, 78, 76, 77, 16, 68, 69, 19, 104, 102, 103, 20, 94, 23, 95, 123, 124, 125, 6, 59, 60, 61, 79, 80, 81, 105, 106, 107, 11, 35, 34, 8, 65, 66, 67, 82, 83, 84, 108, 109, 110, 9, 36, 37, 38, 39, 40, 41, 10, 62, 63, 64, 85, 86, 87, 111, 112, 113, 0, 50, 51, 52, 70, 71, 72, 96, 97, 98, 2, 53, 54, 55, 13, 12, 48, 49, 14, 15, 73, 74, 75, 18, 88, 89, 90, 91, 92, 93, 17, 99, 100, 101, 114, 115, 116, 21, 117, 118, 119, 22, 120, 121, 122
51
1, 24, 25, 3, 30, 28, 29, 31, 32, 33, 5, 26, 27, 7, 44, 42, 43, 45, 46, 47, 4, 58, 56, 57, 78, 76, 77, 16, 68, 69, 19, 104, 102, 103, 20, 94, 23, 95, 123, 124, 125, 6, 59, 60, 61, 79, 80, 81, 105, 106, 107, 11, 35, 34, 8, 65, 66, 67, 82, 83, 84, 108, 109, 110, 9, 36, 37, 38, 39, 40, 41, 10, 62, 63, 64, 85, 86, 87, 111, 112, 113, 0, 50, 51, 52, 70, 71, 72, 96, 97, 98, 2, 53, 54, 55, 13, 12, 48, 49, 14, 15, 73, 74, 75, 18, 88, 89, 90, 91, 92, 93, 17, 99, 100, 101, 114, 115, 116, 21, 117, 118, 119, 22, 120, 121, 122
50
1, 24, 25, 3, 30, 28, 29, 31, 32, 33, 5, 26, 27, 7, 44, 42, 43, 45, 46, 47, 4, 58, 56, 57, 78, 76, 77, 16, 68, 69, 19, 104, 102, 103, 20, 94, 23, 95, 123, 124, 125, 6, 59, 60, 61, 79, 80, 81, 105, 106, 107, 11, 35, 34, 8, 65, 66, 67, 82, 83, 84, 108, 109, 110, 9, 36, 37, 38, 39, 40, 41, 10, 62, 63, 64, 85, 86, 87, 111, 112, 113, 0, 50, 51, 52, 70, 71, 72, 96, 97, 98, 2, 53, 54, 55, 13, 12, 48, 49, 14, 15, 73, 74, 75, 18, 88, 89, 90, 91, 92, 93, 17, 99, 100, 101, 114, 115, 116, 21, 117, 118, 119, 22, 120, 121, 122
49
1, 24, 25, 3, 30, 28, 29, 31, 32, 33, 5, 26, 27, 7, 44, 42, 43, 45, 46, 47, 4, 58, 56, 57, 78, 76, 77, 16, 68, 69, 19, 104, 102, 103, 20, 94, 23, 95, 123, 124, 125, 6, 59, 60, 61, 79, 80, 81, 105, 106, 107, 11, 35, 34, 8, 65, 66, 67, 82, 83, 84, 108, 109, 110, 9, 36, 37, 38, 39, 40, 41, 10, 62, 63, 64, 85, 86, 87, 111, 112, 113, 0, 50, 51, 52, 70, 71, 72, 96, 97, 98, 2, 53, 54, 55, 13, 12, 48, 49, 14, 15, 73, 74, 75, 18, 88, 89, 90, 91, 92, 93, 17, 99, 100, 101, 114, 115, 116, 21, 117, 118, 119, 22, 120, 121, 122
48
1, 24, 25, 3, 30, 28, 29, 31, 32, 33, 5, 26, 27, 7, 44, 42, 43, 45, 46, 47, 4, 58, 56, 57, 78, 76, 77, 16, 68, 69, 19, 104, 102, 103, 20, 94, 23, 95, 123, 124, 125, 6, 59, 60, 61, 79, 80, 81, 105, 106, 107, 11, 35, 34, 8, 65, 66, 67, 82, 83, 84, 108, 109, 110, 9, 36, 37, 38, 39, 40, 41, 10, 62, 63, 64, 85, 86, 87, 111, 112, 113, 0, 50, 51, 52, 70, 71, 72, 96, 97, 98, 2, 53, 54, 55, 13, 12, 48, 49, 14, 15, 73, 74, 75, 18, 88, 89, 90, 91, 92, 93, 17, 99, 100, 101, 114, 115, 116, 21, 117, 118, 119, 22, 120, 121, 122
47
1, 24, 25, 3, 30, 28, 29, 31, 32, 33, 5, 26, 27, 7, 44, 42, 43, 45, 46, 47, 4, 58, 56, 57, 78, 76, 77, 16, 68, 69, 19, 104, 102, 103, 20, 94, 23, 95, 123, 124, 125, 6, 59, 60, 61, 79, 80, 81, 105, 106, 107, 11, 35, 34, 8, 65, 66, 67, 82, 83, 84, 108, 109, 110, 9, 36, 37, 38, 39, 40, 41, 10, 62, 63, 64, 85, 86, 87, 111, 112, 113, 0, 50, 51, 52, 70, 71, 72, 96, 97, 98, 2, 53, 54, 55, 13, 12, 48, 49, 14, 15, 73, 74, 75, 18, 88, 89, 90, 91, 92, 93, 17, 99, 100, 101, 114, 115, 116, 21, 117, 118, 119, 22, 120, 121, 122
46
1, 24, 25, 3, 30, 28, 29, 31, 32, 33, 5, 26, 27, 7, 44, 42, 43, 45, 46, 47, 4, 58, 56, 57, 78, 76, 77, 16, 68, 69, 19, 104, 102, 103, 20, 94, 23, 95, 123, 124, 125, 6, 59, 60, 61, 79, 80, 81, 105, 106, 107, 11, 35, 34, 8, 65, 66, 67, 82, 83, 84, 108, 109, 110, 9, 36, 37, 38, 39, 40, 41, 10, 62, 63, 64, 85, 86, 87, 111, 112, 113, 0, 50, 51, 52, 70, 71, 72, 96, 97, 98, 2, 53, 54, 55, 13, 12, 48, 49, 14, 15, 73, 74, 75, 18, 88, 89, 90, 91, 92, 93, 17, 99, 100, 101, 114, 115, 116, 21, 117, 118, 119, 22, 120, 121, 122
45
1, 24, 25, 3, 30, 28, 29, 31, 32, 33, 5, 26, 27, 7, 44, 42, 43, 45, 46, 47, 4, 58, 56, 57, 78, 76, 77, 16, 68, 69, 19, 104, 102, 103, 20, 94, 23, 95, 123, 124, 125, 6, 59, 60, 61, 79, 80, 81, 105, 106, 107, 11, 35, 34, 8, 65, 66, 67, 82, 83, 84, 108, 109, 110, 9, 36, 37, 38, 39, 40, 41, 10, 62, 63, 64, 85, 86, 87, 111, 112, 113, 0, 50, 51, 52, 70, 71, 72, 96, 97, 98, 2, 53, 54, 55, 13, 12, 48, 49, 14, 15, 73, 74, 75, 18, 88, 89, 90, 91, 92, 93, 17, 99, 100, 101, 114, 115, 116, 21, 117, 118, 119, 22, 120, 121, 122
44
1, 24, 25, 3, 30, 28, 29, 31, 32, 33, 5, 26, 27, 7, 44, 42, 43, 45, 46, 47, 4, 58, 56, 57, 78, 76, 77, 16, 68, 69, 19, 104, 102, 103, 20, 94, 23, 95, 123, 124, 125, 6, 59, 60, 61, 79, 80, 81, 105, 106, 107, 11, 35, 34, 8, 65, 66, 67, 82, 83, 84, 108, 109, 110, 9, 36, 37, 38, 39, 40, 41, 10, 62, 63, 64, 85, 86, 87, 111, 112, 113, 0, 50, 51, 52, 70, 71, 72, 96, 97, 98, 2, 53, 54, 55, 13, 12, 48, 49, 14, 15, 73, 74, 75, 18, 88, 89, 90, 91, 92, 93, 17, 99, 100, 101, 114, 115, 116, 21, 117, 118, 119, 22, 120, 121, 122
43
1, 24, 25, 3, 30, 28, 29, 31, 32, 33, 5, 26, 27, 7, 44, 42, 43, 45, 46, 47, 4, 58, 56, 57, 78, 76, 77, 16, 68, 69, 19, 104, 102, 103, 20, 94, 23, 95, 123, 124, 125, 6, 59, 60, 61, 79, 80, 81, 105, 106, 107, 11, 35, 34, 8, 65, 66, 67, 82, 83, 84, 108, 109, 110, 9, 36, 37, 38, 39, 40, 41, 10, 62, 63, 64, 85, 86, 87, 111, 112, 113, 0, 50, 51, 52, 70, 71, 72, 96, 97, 98, 2, 53, 54, 55, 13, 12, 48, 49, 14, 15, 73, 74, 75, 18, 88, 89, 90, 91, 92, 93, 17, 99, 100, 101, 114, 115, 116, 21, 117, 118, 119, 22, 120, 121, 122
42
1, 24, 25, 3, 30, 28, 29, 31, 32, 33, 5, 26, 27, 7, 44, 42, 43, 45, 46, 47, 4, 58, 56, 57, 78, 76, 77, 16, 68, 69, 19, 104, 102, 103, 20, 94, 23, 95, 123, 124, 125, 6, 59, 60, 61, 79, 80, 81, 105, 106, 107, 11, 35, 34, 8, 65, 66, 67, 82, 83, 84, 108, 109, 110, 9, 36, 37, 38, 39, 40, 41, 10, 62, 63, 64, 85, 86, 87, 111, 112, 113, 0, 50, 51, 52, 70, 71, 72, 96, 97, 98, 2, 53, 54, 55, 13, 12, 48, 49, 14, 15, 73, 74, 75, 18, 88, 89, 90, 91, 92, 93, 17, 99, 100, 101, 114, 115, 116, 21, 117, 118, 119, 22, 120, 121, 122
41
1, 24, 25, 3, 30, 28, 29, 31, 32, 33, 5, 26, 27, 7, 44, 42, 43, 45, 46, 47, 4, 58, 56, 57, 78, 76, 77, 16, 68, 69, 19, 104, 102, 103, 20, 94, 23, 95, 123, 124, 125, 6, 59, 60, 61, 79, 80, 81, 105, 106, 107, 11, 35, 34, 8, 65, 66, 67, 82, 83, 84, 108, 109, 110, 9, 36, 37, 38, 39, 40, 41, 10, 62, 63, 64, 85, 86, 87, 111, 112, 113, 0, 50, 51, 52, 70, 71, 72, 96, 97, 98, 2, 53, 54, 55, 13, 12, 48, 49, 14, 15, 73, 74, 75, 18, 88, 89, 90, 91, 92, 93, 17, 99, 100, 101, 114, 115, 116, 21, 117, 118, 119, 22, 120, 121, 122
40
1, 24, 25, 3, 30, 28, 29, 31, 32, 33, 5, 26, 27, 7, 44, 42, 43, 45, 46, 47, 4, 58, 56, 57, 78, 76, 77, 16, 68, 69, 19, 104, 102, 103, 20, 94, 23, 95, 123, 124, 125, 6, 59, 60, 61, 79, 80, 81, 105, 106, 107, 11, 35, 34, 8, 65, 66, 67, 82, 83, 84, 108, 109, 110, 9, 36, 37, 38, 39, 40, 41, 10, 62, 63, 64, 85, 86, 87, 111, 112, 113, 0, 50, 51, 52, 70, 71, 72, 96, 97, 98, 2, 53, 54, 55, 13, 12, 48, 49, 14, 15, 73, 74, 75, 18, 88, 89, 90, 91, 92, 93, 17, 99, 100, 101, 114, 115, 116, 21, 117, 118, 119, 22, 120, 121, 122
39
1, 24, 25, 3, 30, 28, 29, 31, 32, 33, 5, 26, 27, 7, 44, 42, 43, 45, 46, 47, 4, 58, 56, 57, 78, 76, 77, 16, 68, 69, 19, 104, 102, 103, 20, 94, 23, 95, 123, 124, 125, 6, 59, 60, 61, 79, 80, 81, 105, 106, 107, 11, 35, 34, 8, 65, 66, 67, 82, 83, 84, 108, 109, 110, 9, 36, 37, 38, 39, 40, 41, 10, 62, 63, 64, 85, 86, 87, 111, 112, 113, 0, 50, 51, 52, 70, 71, 72, 96, 97, 98, 2, 53, 54, 55, 13, 12, 48, 49, 14, 15, 73, 74, 75, 18, 88, 89, 90, 91, 92, 93, 17, 99, 100, 101, 114, 115, 116, 21, 117, 118, 119, 22, 120, 121, 122
38
1, 24, 25, 3, 30, 28, 29, 31, 32, 33, 5, 26, 27, 7, 44, 42, 43, 45, 46, 47, 4, 58, 56, 57, 78, 76, 77, 16, 68, 69, 19, 104, 102, 103, 20, 94, 23, 95, 123, 124, 125, 6, 59, 60, 61, 79, 80, 81, 105, 106, 107, 11, 35, 34, 8, 65, 66, 67, 82, 83, 84, 108, 109, 110, 9, 36, 37, 38, 39, 40, 41, 10, 62, 63, 64, 85, 86, 87, 111, 112, 113, 0, 50, 51, 52, 70, 71, 72, 96, 97, 98, 2, 53, 54, 55, 13, 12, 48, 49, 14, 15, 73, 74, 75, 18, 88, 89, 90, 91, 92, 93, 17, 99, 100, 101, 114, 115, 116, 21, 117, 118, 119, 22, 120, 121, 122
37
1, 24, 25, 3, 30, 28, 29, 31, 32, 33, 5, 26, 27, 7, 44, 42, 43, 45, 46, 47, 4, 58, 56, 57, 78, 76, 77, 16, 68, 69, 19, 104, 102, 103, 20, 94, 23, 95, 123, 124, 125, 6, 59, 60, 61, 79, 80, 81, 105, 106, 107, 11, 35, 34, 8, 65, 66, 67, 82, 83, 84, 108, 109, 110, 9, 36, 37, 38, 39, 40, 41, 10, 62, 63, 64, 85, 86, 87, 111, 112, 113, 0, 50, 51, 52, 70, 71, 72, 96, 97, 98, 2, 53, 54, 55, 13, 12, 48, 49, 14, 15, 73, 74, 75, 18, 88, 89, 90, 91, 92, 93, 17, 99, 100, 101, 114, 115, 116, 21, 117, 118, 119, 22, 120, 121, 122
36
1, 24, 25, 3, 30, 28, 29, 31, 32, 33, 5, 26, 27, 7, 44, 42, 43, 45, 46, 47, 4, 58, 56, 57, 78, 76, 77, 16, 68, 69, 19, 104, 102, 103, 20, 94, 23, 95, 123, 124, 125, 6, 59, 60, 61, 79, 80, 81, 105, 106, 107, 11, 35, 34, 8, 65, 66, 67, 82, 83, 84, 108, 109, 110, 9, 36, 37, 38, 39, 40, 41, 10, 62, 63, 64, 85, 86, 87, 111, 112, 113, 0, 50, 51, 52, 70, 71, 72, 96, 97, 98, 2, 53, 54, 55, 13, 12, 48, 49, 14, 15, 73, 74, 75, 18, 88, 89, 90, 91, 92, 93, 17, 99, 100, 101, 114, 115, 116, 21, 117, 118, 119, 22, 120, 121, 122
35
1, 24, 25, 3, 30, 28, 29, 31, 32, 33, 5, 26, 27, 7, 44, 42, 43, 45, 46, 47, 4, 58, 56, 57, 78, 76, 77, 16, 68, 69, 19, 104, 102, 103, 20, 94, 23, 95, 123, 124, 125, 6, 59, 60, 61, 79, 80, 81, 105, 106, 107, 11, 35, 34, 8, 65, 66, 67, 82, 83, 84, 108, 109, 110, 9, 36, 37, 38, 39, 40, 41, 10, 62, 63, 64, 85, 86, 87, 111, 112, 113, 0, 50, 51, 52, 70, 71, 72, 96, 97, 98, 2, 53, 54, 55, 13, 12, 48, 49, 14, 15, 73, 74, 75, 18, 88, 89, 90, 91, 92, 93, 17, 99, 100, 101, 114, 115, 116, 21, 117, 118, 119, 22, 120, 121, 122
34
1, 24, 25, 3, 30, 28, 29, 31, 32, 33, 5, 26, 27, 7, 44, 42, 43, 45, 46, 47, 4, 58, 56, 57, 78, 76, 77, 16, 68, 69, 19, 104, 102, 103, 20, 94, 23, 95, 123, 124, 125, 6, 59, 60, 61, 79, 80, 81, 105, 106, 107, 11, 35, 34, 8, 65, 66, 67, 82, 83, 84, 108, 109, 110, 9, 36, 37, 38, 39, 40, 41, 10, 62, 63, 64, 85, 86, 87, 111, 112, 113, 0, 50, 51, 52, 70, 71, 72, 96, 97, 98, 2, 53, 54, 55, 13, 12, 48, 49, 14, 15, 73, 74, 75, 18, 88, 89, 90, 91, 92, 93, 17, 99, 100, 101, 114, 115, 116, 21, 117, 118, 119, 22, 120, 121, 122
33
1, 24, 25, 3, 30, 28, 29, 31, 32, 33, 5, 26, 27, 7, 44, 42, 43, 45, 46, 47, 4, 58, 56, 57, 78, 76, 77, 16, 68, 69, 19, 104, 102, 103, 20, 94, 23, 95, 123, 124, 125, 6, 59, 60, 61, 79, 80, 81, 105, 106, 107, 11, 35, 34, 8, 65, 66, 67, 82, 83, 84, 108, 109, 110, 9, 36, 37, 38, 39, 40, 41, 10, 62, 63, 64, 85, 86, 87, 111, 112, 113, 0, 50, 51, 52, 70, 71, 72, 96, 97, 98, 2, 53, 54, 55, 13, 12, 48, 49, 14, 15, 73, 74, 75, 18, 88, 89, 90, 91, 92, 93, 17, 99, 100, 101, 114, 115, 116, 21, 117, 118, 119, 22, 120, 121, 122
32
1, 24, 25, 3, 30, 28, 29, 31, 32, 33, 5, 26, 27, 7, 44, 42, 43, 45, 46, 47, 4, 58, 56, 57, 78, 76, 77, 16, 68, 69, 19, 104, 102, 103, 20, 94, 23, 95, 123, 124, 125, 6, 59, 60, 61, 79, 80, 81, 105, 106, 107, 11, 35, 34, 8, 65, 66, 67, 82, 83, 84, 108, 109, 110, 9, 36, 37, 38, 39, 40, 41, 10, 62, 63, 64, 85, 86, 87, 111, 112, 113, 0, 50, 51, 52, 70, 71, 72, 96, 97, 98, 2, 53, 54, 55, 13, 12, 48, 49, 14, 15, 73, 74, 75, 18, 88, 89, 90, 91, 92, 93, 17, 99, 100, 101, 114, 115, 116, 21, 117, 118, 119, 22, 120, 121, 122
31
1, 24, 25, 3, 30, 28, 29, 31, 32, 33, 5, 26, 27, 7, 44, 42, 43, 45, 46, 47, 4, 58, 56, 57, 78, 76, 77, 16, 68, 69, 19, 104, 102, 103, 20, 94, 23, 95, 123, 124, 125, 6, 59, 60, 61, 79, 80, 81, 105, 106, 107, 11, 35, 34, 8, 65, 66, 67, 82, 83, 84, 108, 109, 110, 9, 36, 37, 38, 39, 40, 41, 10, 62, 63, 64, 85, 86, 87, 111, 112, 113, 0, 50, 51, 52, 70, 71, 72, 96, 97, 98, 2, 53, 54, 55, 13, 12, 48, 49, 14, 15, 73, 74, 75, 18, 88, 89, 90, 91, 92, 93, 17, 99, 100, 101, 114, 115, 116, 21, 117, 118, 119, 22, 120, 121, 122
30
1, 24, 25, 3, 30, 28, 29, 31, 32, 33, 5, 26, 27, 7, 44, 42, 43, 45, 46, 47, 4, 58, 56, 57, 78, 76, 77, 16, 68, 69, 19, 104, 102, 103, 20, 94, 23, 95, 123, 124, 125, 6, 59, 60, 61, 79, 80, 81, 105, 106, 107, 11, 35, 34, 8, 65, 66, 67, 82, 83, 84, 108, 109, 110, 9, 36, 37, 38, 39, 40, 41, 10, 62, 63, 64, 85, 86, 87, 111, 112, 113, 0, 50, 51, 52, 70, 71, 72, 96, 97, 98, 2, 53, 54, 55, 13, 12, 48, 49, 14, 15, 73, 74, 75, 18, 88, 89, 90, 91, 92, 93, 17, 99, 100, 101, 114, 115, 116, 21, 117, 118, 119, 22, 120, 121, 122
29
1, 24, 25, 3, 30, 28, 29, 31, 32, 33, 5, 26, 27, 7, 44, 42, 43, 45, 46, 47, 4, 58, 56, 57, 78, 76, 77, 16, 68, 69, 19, 104, 102, 103, 20, 94, 23, 95, 123, 124, 125, 6, 59, 60, 61, 79, 80, 81, 105, 106, 107, 11, 35, 34, 8, 65, 66, 67, 82, 83, 84, 108, 109, 110, 9, 36, 37, 38, 39, 40, 41, 10, 62, 63, 64, 85, 86, 87, 111, 112, 113, 0, 50, 51, 52, 70, 71, 72, 96, 97, 98, 2, 53, 54, 55, 13, 12, 48, 49, 14, 15, 73, 74, 75, 18, 88, 89, 90, 91, 92, 93, 17, 99, 100, 101, 114, 115, 116, 21, 117, 118, 119, 22, 120, 121, 122
28
1, 24, 25, 3, 30, 28, 29, 31, 32, 33, 5, 26, 27, 7, 44, 42, 43, 45, 46, 47, 4, 58, 56, 57, 78, 76, 77, 16, 68, 69, 19, 104, 102, 103, 20, 94, 23, 95, 123, 124, 125, 6, 59, 60, 61, 79, 80, 81, 105, 106, 107, 11, 35, 34, 8, 65, 66, 67, 82, 83, 84, 108, 109, 110, 9, 36, 37, 38, 39, 40, 41, 10, 62, 63, 64, 85, 86, 87, 111, 112, 113, 0, 50, 51, 52, 70, 71, 72, 96, 97, 98, 2, 53, 54, 55, 13, 12, 48, 49, 14, 15, 73, 74, 75, 18, 88, 89, 90, 91, 92, 93, 17, 99, 100, 101, 114, 115, 116, 21, 117, 118, 119, 22, 120, 121, 122
27
1, 24, 25, 3, 30, 28, 29, 31, 32, 33, 5, 26, 27, 7, 44, 42, 43, 45, 46, 47, 4, 58, 56, 57, 78, 76, 77, 16, 68, 69, 19, 104, 102, 103, 20, 94, 23, 95, 123, 124, 125, 6, 59, 60, 61, 79, 80, 81, 105, 106, 107, 11, 35, 34, 8, 65, 66, 67, 82, 83, 84, 108, 109, 110, 9, 36, 37, 38, 39, 40, 41, 10, 62, 63, 64, 85, 86, 87, 111, 112, 113, 0, 50, 51, 52, 70, 71, 72, 96, 97, 98, 2, 53, 54, 55, 13, 12, 48, 49, 14, 15, 73, 74, 75, 18, 88, 89, 90, 91, 92, 93, 17, 99, 100, 101, 114, 115, 116, 21, 117, 118, 119, 22, 120, 121, 122
26
1, 24, 25, 3, 30, 28, 29, 31, 32, 33, 5, 26, 27, 7, 44, 42, 43, 45, 46, 47, 4, 58, 56, 57, 78, 76, 77, 16, 68, 69, 19, 104, 102, 103, 20, 94, 23, 95, 123, 124, 125, 6, 59, 60, 61, 79, 80, 81, 105, 106, 107, 11, 35, 34, 8, 65, 66, 67, 82, 83, 84, 108, 109, 110, 9, 36, 37, 38, 39, 40, 41, 10, 62, 63, 64, 85, 86, 87, 111, 112, 113, 0, 50, 51, 52, 70, 71, 72, 96, 97, 98, 2, 53, 54, 55, 13, 12, 48, 49, 14, 15, 73, 74, 75, 18, 88, 89, 90, 91, 92, 93, 17, 99, 100, 101, 114, 115, 116, 21, 117, 118, 119, 22, 120, 121, 122
25
1, 24, 25, 3, 30, 28, 29, 31, 32, 33, 5, 26, 27, 7, 44, 42, 43, 45, 46, 47, 4, 58, 56, 57, 78, 76, 77, 16, 68, 69, 19, 104, 102, 103, 20, 94, 23, 95, 123, 124, 125, 6, 59, 60, 61, 79, 80, 81, 105, 106, 107, 11, 35, 34, 8, 65, 66, 67, 82, 83, 84, 108, 109, 110, 9, 36, 37, 38, 39, 40, 41, 10, 62, 63, 64, 85, 86, 87, 111, 112, 113, 0, 50, 51, 52, 70, 71, 72, 96, 97, 98, 2, 53, 54, 55, 13, 12, 48, 49, 14, 15, 73, 74, 75, 18, 88, 89, 90, 91, 92, 93, 17, 99, 100, 101, 114, 115, 116, 21, 117, 118, 119, 22, 120, 121, 122
24
1, 24, 25, 3, 30, 28, 29, 31, 32, 33, 5, 26, 27, 7, 44, 42, 43, 45, 46, 47, 4, 58, 56, 57, 78, 76, 77, 16, 68, 69, 19, 104, 102, 103, 20, 94, 23, 95, 123, 124, 125, 6, 59, 60, 61, 79, 80, 81, 105, 106, 107, 11, 35, 34, 8, 65, 66, 67, 82, 83, 84, 108, 109, 110, 9, 36, 37, 38, 39, 40, 41, 10, 62, 63, 64, 85, 86, 87, 111, 112, 113, 0, 50, 51, 52, 70, 71, 72, 96, 97, 98, 2, 53, 54, 55, 13, 12, 48, 49, 14, 15, 73, 74, 75, 18, 88, 89, 90, 91, 92, 93, 17, 99, 100, 101, 114, 115, 116, 21, 117, 118, 119, 22, 120, 121, 122
23
1, 24, 25, 3, 30, 28, 29, 31, 32, 33, 5, 26, 27, 7, 44, 42, 43, 45, 46, 47, 4, 58, 56, 57, 78, 76, 77, 16, 68, 69, 19, 104, 102, 103, 20, 94, 23, 95, 123, 124, 125, 6, 59, 60, 61, 79, 80, 81, 105, 106, 107, 11, 35, 34, 8, 65, 66, 67, 82, 83, 84, 108, 109, 110, 9, 36, 37, 38, 39, 40, 41, 10, 62, 63, 64, 85, 86, 87, 111, 112, 113, 0, 50, 51, 52, 70, 71, 72, 96, 97, 98, 2, 53, 54, 55, 13, 12, 48, 49, 14, 15, 73, 74, 75, 18, 88, 89, 90, 91, 92, 93, 17, 99, 100, 101, 114, 115, 116, 21, 117, 118, 119, 22, 120, 121, 122
22
1, 24, 25, 3, 30, 28, 29, 31, 32, 33, 5, 26, 27, 7, 44, 42, 43, 45, 46, 47, 4, 58, 56, 57, 78, 76, 77, 16, 68, 69, 19, 104, 102, 103, 20, 94, 23, 95, 123, 124, 125, 6, 59, 60, 61, 79, 80, 81, 105, 106, 107, 11, 35, 34, 8, 65, 66, 67, 82, 83, 84, 108, 109, 110, 9, 36, 37, 38, 39, 40, 41, 10, 62, 63, 64, 85, 86, 87, 111, 112, 113, 0, 50, 51, 52, 70, 71, 72, 96, 97, 98, 2, 53, 54, 55, 13, 12, 48, 49, 14, 15, 73, 74, 75, 18, 88, 89, 90, 91, 92, 93, 17, 99, 100, 101, 114, 115, 116, 21, 117, 118, 119, 22, 120, 121, 122
21
1, 24, 25, 3, 30, 28, 29, 31, 32, 33, 5, 26, 27, 7, 44, 42, 43, 45, 46, 47, 4, 58, 56, 57, 78, 76, 77, 16, 68, 69, 19, 104, 102, 103, 20, 94, 23, 95, 123, 124, 125, 6, 59, 60, 61, 79, 80, 81, 105, 106, 107, 11, 35, 34, 8, 65, 66, 67, 82, 83, 84, 108, 109, 110, 9, 36, 37, 38, 39, 40, 41, 10, 62, 63, 64, 85, 86, 87, 111, 112, 113, 0, 50, 51, 52, 70, 71, 72, 96, 97, 98, 2, 53, 54, 55, 13, 12, 48, 49, 14, 15, 73, 74, 75, 18, 88, 89, 90, 91, 92, 93, 17, 99, 100, 101, 114, 115, 116, 21, 117, 118, 119, 22, 120, 121, 122
20
1, 24, 25, 3, 30, 28, 29, 31, 32, 33, 5, 26, 27, 7, 44, 42, 43, 45, 46, 47, 4, 58, 56, 57, 78, 76, 77, 16, 68, 69, 19, 104, 102, 103, 20, 94, 23, 95, 123, 124, 125, 6, 59, 60, 61, 79, 80, 81, 105, 106, 107, 11, 35, 34, 8, 65, 66, 67, 82, 83, 84, 108, 109, 110, 9, 36, 37, 38, 39, 40, 41, 10, 62, 63, 64, 85, 86, 87, 111, 112, 113, 0, 50, 51, 52, 70, 71, 72, 96, 97, 98, 2, 53, 54, 55, 13, 12, 48, 49, 14, 15, 73, 74, 75, 18, 88, 89, 90, 91, 92, 93, 17, 99, 100, 101, 114, 115, 116, 21, 117, 118, 119, 22, 120, 121, 122
19
1, 24, 25, 3, 30, 28, 29, 31, 32, 33, 5, 26, 27, 7, 44, 42, 43, 45, 46, 47, 4, 58, 56, 57, 78, 76, 77, 16, 68, 69, 19, 104, 102, 103, 20, 94, 23, 95, 123, 124, 125, 6, 59, 60, 61, 79, 80, 81, 105, 106, 107, 11, 35, 34, 8, 65, 66, 67, 82, 83, 84, 108, 109, 110, 9, 36, 37, 38, 39, 40, 41, 10, 62, 63, 64, 85, 86, 87, 111, 112, 113, 0, 50, 51, 52, 70, 71, 72, 96, 97, 98, 2, 53, 54, 55, 13, 12, 48, 49, 14, 15, 73, 74, 75, 18, 88, 89, 90, 91, 92, 93, 17, 99, 100, 101, 114, 115, 116, 21, 117, 118, 119, 22, 120, 121, 122
18
1, 24, 25, 3, 30, 28, 29, 31, 32, 33, 5, 26, 27, 7, 44, 42, 43, 45, 46, 47, 4, 58, 56, 57, 78, 76, 77, 16, 68, 69, 19, 104, 102, 103, 20, 94, 23, 95, 123, 124, 125, 6, 59, 60, 61, 79, 80, 81, 105, 106, 107, 11, 35, 34, 8, 65, 66, 67, 82, 83, 84, 108, 109, 110, 9, 36, 37, 38, 39, 40, 41, 10, 62, 63, 64, 85, 86, 87, 111, 112, 113, 0, 50, 51, 52, 70, 71, 72, 96, 97, 98, 2, 53, 54, 55, 13, 12, 48, 49, 14, 15, 73, 74, 75, 18, 88, 89, 90, 91, 92, 93, 17, 99, 100, 101, 114, 115, 116, 21, 117, 118, 119, 22, 120, 121, 122
17
1, 24, 25, 3, 30, 28, 29, 31, 32, 33, 5, 26, 27, 7, 44, 42, 43, 45, 46, 47, 4, 58, 56, 57, 78, 76, 77, 16, 68, 69, 19, 104, 102, 103, 20, 94, 23, 95, 123, 124, 125, 6, 59, 60, 61, 79, 80, 81, 105, 106, 107, 11, 35, 34, 8, 65, 66, 67, 82, 83, 84, 108, 109, 110, 9, 36, 37, 38, 39, 40, 41, 10, 62, 63, 64, 85, 86, 87, 111, 112, 113, 0, 50, 51, 52, 70, 71, 72, 96, 97, 98, 2, 53, 54, 55, 13, 12, 48, 49, 14, 15, 73, 74, 75, 18, 88, 89, 90, 91, 92, 93, 17, 99, 100, 101, 114, 115, 116, 21, 117, 118, 119, 22, 120, 121, 122
16
1, 24, 25, 3, 30, 28, 29, 31, 32, 33, 5, 26, 27, 7, 44, 42, 43, 45, 46, 47, 4, 58, 56, 57, 78, 76, 77, 16, 68, 69, 19, 104, 102, 103, 20, 94, 23, 95, 123, 124, 125, 6, 59, 60, 61, 79, 80, 81, 105, 106, 107, 11, 35, 34, 8, 65, 66, 67, 82, 83, 84, 108, 109, 110, 9, 36, 37, 38, 39, 40, 41, 10, 62, 63, 64, 85, 86, 87, 111, 112, 113, 0, 50, 51, 52, 70, 71, 72, 96, 97, 98, 2, 53, 54, 55, 13, 12, 48, 49, 14, 15, 73, 74, 75, 18, 88, 89, 90, 91, 92, 93, 17, 99, 100, 101, 114, 115, 116, 21, 117, 118, 119, 22, 120, 121, 122
15
1, 24, 25, 3, 30, 28, 29, 31, 32, 33, 5, 26, 27, 7, 44, 42, 43, 45, 46, 47, 4, 58, 56, 57, 78, 76, 77, 16, 68, 69, 19, 104, 102, 103, 20, 94, 23, 95, 123, 124, 125, 6, 59, 60, 61, 79, 80, 81, 105, 106, 107, 11, 35, 34, 8, 65, 66, 67, 82, 83, 84, 108, 109, 110, 9, 36, 37, 38, 39, 40, 41, 10, 62, 63, 64, 85, 86, 87, 111, 112, 113, 0, 50, 51, 52, 70, 71, 72, 96, 97, 98, 2, 53, 54, 55, 13, 12, 48, 49, 14, 15, 73, 74, 75, 18, 88, 89, 90, 91, 92, 93, 17, 99, 100, 101, 114, 115, 116, 21, 117, 118, 119, 22, 120, 121, 122
14
1, 24, 25, 3, 30, 28, 29, 31, 32, 33, 5, 26, 27, 7, 44, 42, 43, 45, 46, 47, 4, 58, 56, 57, 78, 76, 77, 16, 68, 69, 19, 104, 102, 103, 20, 94, 23, 95, 123, 124, 125, 6, 59, 60, 61, 79, 80, 81, 105, 106, 107, 11, 35, 34, 8, 65, 66, 67, 82, 83, 84, 108, 109, 110, 9, 36, 37, 38, 39, 40, 41, 10, 62, 63, 64, 85, 86, 87, 111, 112, 113, 0, 50, 51, 52, 70, 71, 72, 96, 97, 98, 2, 53, 54, 55, 13, 12, 48, 49, 14, 15, 73, 74, 75, 18, 88, 89, 90, 91, 92, 93, 17, 99, 100, 101, 114, 115, 116, 21, 117, 118, 119, 22, 120, 121, 122
13
1, 24, 25, 3, 30, 28, 29, 31, 32, 33, 5, 26, 27, 7, 44, 42, 43, 45, 46, 47, 4, 58, 56, 57, 78, 76, 77, 16, 68, 69, 19, 104, 102, 103, 20, 94, 23, 95, 123, 124, 125, 59, 60, 61, 6, 79, 80, 81, 105, 106, 107, 11, 35, 34, 65, 66, 67, 8, 82, 83, 84, 108, 109, 110, 9, 36, 37, 38, 39, 40, 41, 10, 62, 63, 64, 85, 86, 87, 111, 112, 113, 0, 50, 51, 52, 70, 71, 72, 96, 97, 98, 2, 53, 54, 55, 13, 12, 48, 49, 14, 15, 73, 74, 75, 18, 88, 89, 90, 91, 92, 93, 17, 99, 100, 101, 114, 115, 116, 21, 117, 118, 119, 22, 120, 121, 122
12
1, 24, 25, 3, 30, 28, 29, 31, 32, 33, 5, 26, 27, 7, 44, 42, 43, 45, 46, 47, 4, 58, 56, 57, 78, 76, 77, 59, 60, 61, 6, 79, 80, 81, 104, 102, 103, 20, 94, 23, 95, 105, 106, 107, 16, 68, 69, 19, 123, 124, 125, 36, 37, 38, 39, 40, 41, 65, 66, 67, 11, 35, 34, 9, 62, 63, 64, 8, 82, 83, 84, 108, 109, 110, 10, 85, 86, 87, 111, 112, 113, 0, 50, 51, 52, 70, 71, 72, 96, 97, 98, 2, 53, 54, 55, 13, 12, 48, 49, 14, 15, 73, 74, 75, 18, 88, 89, 90, 91, 92, 93, 17, 99, 100, 101, 114, 115, 116, 21, 117, 118, 119, 22, 120, 121, 122
../benchmark_instances/2023result/docs/solver/benchmark/exp_instance/SAT_exp_instance012.col	126	210	12	1177391
	Command being timed: "timeout 1h java -Xms1024g -Xmx1024g -Xss134m -cp ../src/pathwidth.jar Pathwidth ../benchmark_instances/2023result/docs/solver/benchmark/exp_instance/SAT_exp_instance012.col"
	User time (seconds): 1922.86
	System time (seconds): 42.70
	Percent of CPU this job got: 166%
	Elapsed (wall clock) time (h:mm:ss or m:ss): 19:39.38
	Average shared text size (kbytes): 0
	Average unshared data size (kbytes): 0
	Average stack size (kbytes): 0
	Average total size (kbytes): 0
	Maximum resident set size (kbytes): 64668068
	Average resident set size (kbytes): 0
	Major (requiring I/O) page faults: 0
	Minor (reclaiming a frame) page faults: 375428
	Voluntary context switches: 94551
	Involuntary context switches: 5018
	Swaps: 0
	File system inputs: 8
	File system outputs: 4576
	Socket messages sent: 0
	Socket messages received: 0
	Signals delivered: 0
	Page size (bytes): 4096
	Exit status: 0
