../benchmark_instances/2023result/docs/solver/benchmark/2022benchmark/benchmark/sp/sp005.col
65
1, 0, 2, 3, 4, 5, 6, 7, 9, 11, 8, 12, 10, 14, 13, 15, 16, 17, 18, 19, 20, 22, 24, 21, 25, 23, 27, 26, 28, 29, 30, 31, 32, 33, 35, 37, 34, 38, 36, 40, 39, 41, 42, 43, 44, 45, 46, 48, 50, 47, 51, 49, 53, 52, 54, 55, 56, 57, 58, 59, 60, 61, 62, 63, 64
64
1, 0, 2, 3, 4, 5, 6, 7, 9, 11, 8, 12, 10, 14, 13, 15, 16, 17, 18, 19, 20, 22, 24, 21, 25, 23, 27, 26, 28, 29, 30, 31, 32, 33, 35, 37, 34, 38, 36, 40, 39, 41, 42, 43, 44, 45, 46, 48, 50, 47, 51, 49, 53, 52, 54, 55, 56, 57, 58, 59, 60, 61, 62, 63, 64
63
1, 0, 2, 3, 4, 5, 6, 7, 9, 11, 8, 12, 10, 14, 13, 15, 16, 17, 18, 19, 20, 22, 24, 21, 25, 23, 27, 26, 28, 29, 30, 31, 32, 33, 35, 37, 34, 38, 36, 40, 39, 41, 42, 43, 44, 45, 46, 48, 50, 47, 51, 49, 53, 52, 54, 55, 56, 57, 58, 59, 60, 61, 62, 63, 64
62
1, 0, 2, 3, 4, 5, 6, 7, 9, 11, 8, 12, 10, 14, 13, 15, 16, 17, 18, 19, 20, 22, 24, 21, 25, 23, 27, 26, 28, 29, 30, 31, 32, 33, 35, 37, 34, 38, 36, 40, 39, 41, 42, 43, 44, 45, 46, 48, 50, 47, 51, 49, 53, 52, 54, 55, 56, 57, 58, 59, 60, 61, 62, 63, 64
61
1, 0, 2, 3, 4, 5, 6, 7, 9, 11, 8, 12, 10, 14, 13, 15, 16, 17, 18, 19, 20, 22, 24, 21, 25, 23, 27, 26, 28, 29, 30, 31, 32, 33, 35, 37, 34, 38, 36, 40, 39, 41, 42, 43, 44, 45, 46, 48, 50, 47, 51, 49, 53, 52, 54, 55, 56, 57, 58, 59, 60, 61, 62, 63, 64
60
1, 0, 2, 3, 4, 5, 6, 7, 9, 11, 8, 12, 10, 14, 13, 15, 16, 17, 18, 19, 20, 22, 24, 21, 25, 23, 27, 26, 28, 29, 30, 31, 32, 33, 35, 37, 34, 38, 36, 40, 39, 41, 42, 43, 44, 45, 46, 48, 50, 47, 51, 49, 53, 52, 54, 55, 56, 57, 58, 59, 60, 61, 62, 63, 64
59
1, 0, 2, 3, 4, 5, 6, 7, 9, 11, 8, 12, 10, 14, 13, 15, 16, 17, 18, 19, 20, 22, 24, 21, 25, 23, 27, 26, 28, 29, 30, 31, 32, 33, 35, 37, 34, 38, 36, 40, 39, 41, 42, 43, 44, 45, 46, 48, 50, 47, 51, 49, 53, 52, 54, 55, 56, 57, 58, 59, 60, 61, 62, 63, 64
58
1, 0, 2, 3, 4, 5, 6, 7, 9, 11, 8, 12, 10, 14, 13, 15, 16, 17, 18, 19, 20, 22, 24, 21, 25, 23, 27, 26, 28, 29, 30, 31, 32, 33, 35, 37, 34, 38, 36, 40, 39, 41, 42, 43, 44, 45, 46, 48, 50, 47, 51, 49, 53, 52, 54, 55, 56, 57, 58, 59, 60, 61, 62, 63, 64
57
1, 0, 2, 3, 4, 5, 6, 7, 9, 11, 8, 12, 10, 14, 13, 15, 16, 17, 18, 19, 20, 22, 24, 21, 25, 23, 27, 26, 28, 29, 30, 31, 32, 33, 35, 37, 34, 38, 36, 40, 39, 41, 42, 43, 44, 45, 46, 48, 50, 47, 51, 49, 53, 52, 54, 55, 56, 57, 58, 59, 60, 61, 62, 63, 64
56
1, 0, 2, 3, 4, 5, 6, 7, 9, 11, 8, 12, 10, 14, 13, 15, 16, 17, 18, 19, 20, 22, 24, 21, 25, 23, 27, 26, 28, 29, 30, 31, 32, 33, 35, 37, 34, 38, 36, 40, 39, 41, 42, 43, 44, 45, 46, 48, 50, 47, 51, 49, 53, 52, 54, 55, 56, 57, 58, 59, 60, 61, 62, 63, 64
55
1, 0, 2, 3, 4, 5, 6, 7, 9, 11, 8, 12, 10, 14, 13, 15, 16, 17, 18, 19, 20, 22, 24, 21, 25, 23, 27, 26, 28, 29, 30, 31, 32, 33, 35, 37, 34, 38, 36, 40, 39, 41, 42, 43, 44, 45, 46, 48, 50, 47, 51, 49, 53, 52, 54, 55, 56, 57, 58, 59, 60, 61, 62, 63, 64
54
1, 0, 2, 3, 4, 5, 6, 7, 9, 11, 8, 12, 10, 14, 13, 15, 16, 17, 18, 19, 20, 22, 24, 21, 25, 23, 27, 26, 28, 29, 30, 31, 32, 33, 35, 37, 34, 38, 36, 40, 39, 41, 42, 43, 44, 45, 46, 48, 50, 47, 51, 49, 53, 52, 54, 55, 56, 57, 58, 59, 60, 61, 62, 63, 64
53
1, 0, 2, 3, 4, 5, 6, 7, 9, 11, 8, 12, 10, 14, 13, 15, 16, 17, 18, 19, 20, 22, 24, 21, 25, 23, 27, 26, 28, 29, 30, 31, 32, 33, 35, 37, 34, 38, 36, 40, 39, 41, 42, 43, 44, 45, 46, 48, 50, 47, 51, 49, 53, 52, 54, 55, 56, 57, 58, 59, 60, 61, 62, 63, 64
52
1, 0, 2, 3, 4, 5, 6, 7, 9, 11, 8, 12, 10, 14, 13, 15, 16, 17, 18, 19, 20, 22, 24, 21, 25, 23, 27, 26, 28, 29, 30, 31, 32, 33, 35, 37, 34, 38, 36, 40, 39, 41, 42, 43, 44, 45, 46, 48, 50, 47, 51, 49, 53, 52, 54, 55, 56, 57, 58, 59, 60, 61, 62, 63, 64
51
1, 0, 2, 3, 4, 5, 6, 7, 9, 11, 8, 12, 10, 14, 13, 15, 16, 17, 18, 19, 20, 22, 24, 21, 25, 23, 27, 26, 28, 29, 30, 31, 32, 33, 35, 37, 34, 38, 36, 40, 39, 41, 42, 43, 44, 45, 46, 48, 50, 47, 51, 49, 53, 52, 54, 55, 56, 57, 58, 59, 60, 61, 62, 63, 64
50
1, 0, 2, 3, 4, 5, 6, 7, 9, 11, 8, 12, 10, 14, 13, 15, 16, 17, 18, 19, 20, 22, 24, 21, 25, 23, 27, 26, 28, 29, 30, 31, 32, 33, 35, 37, 34, 38, 36, 40, 39, 41, 42, 43, 44, 45, 46, 48, 50, 47, 51, 49, 53, 52, 54, 55, 56, 57, 58, 59, 60, 61, 62, 63, 64
49
1, 0, 2, 3, 4, 5, 6, 7, 9, 11, 8, 12, 10, 14, 13, 15, 16, 17, 18, 19, 20, 22, 24, 21, 25, 23, 27, 26, 28, 29, 30, 31, 32, 33, 35, 37, 34, 38, 36, 40, 39, 41, 42, 43, 44, 45, 46, 48, 50, 47, 51, 49, 53, 52, 54, 55, 56, 57, 58, 59, 60, 61, 62, 63, 64
48
1, 0, 2, 3, 4, 5, 6, 7, 9, 11, 8, 12, 10, 14, 13, 15, 16, 17, 18, 19, 20, 22, 24, 21, 25, 23, 27, 26, 28, 29, 30, 31, 32, 33, 35, 37, 34, 38, 36, 40, 39, 41, 42, 43, 44, 45, 46, 48, 50, 47, 51, 49, 53, 52, 54, 55, 56, 57, 58, 59, 60, 61, 62, 63, 64
47
1, 0, 2, 3, 4, 5, 6, 7, 9, 11, 8, 12, 10, 14, 13, 15, 16, 17, 18, 19, 20, 22, 24, 21, 25, 23, 27, 26, 28, 29, 30, 31, 32, 33, 35, 37, 34, 38, 36, 40, 39, 41, 42, 43, 44, 45, 46, 48, 50, 47, 51, 49, 53, 52, 54, 55, 56, 57, 58, 59, 60, 61, 62, 63, 64
46
1, 0, 2, 3, 4, 5, 6, 7, 9, 11, 8, 12, 10, 14, 13, 15, 16, 17, 18, 19, 20, 22, 24, 21, 25, 23, 27, 26, 28, 29, 30, 31, 32, 33, 35, 37, 34, 38, 36, 40, 39, 41, 42, 43, 44, 45, 46, 48, 50, 47, 51, 49, 53, 52, 54, 55, 56, 57, 58, 59, 60, 61, 62, 63, 64
45
1, 0, 2, 3, 4, 5, 6, 7, 9, 11, 8, 12, 10, 14, 13, 15, 16, 17, 18, 19, 20, 22, 24, 21, 25, 23, 27, 26, 28, 29, 30, 31, 32, 33, 35, 37, 34, 38, 36, 40, 39, 41, 42, 43, 44, 45, 46, 48, 50, 47, 51, 49, 53, 52, 54, 55, 56, 57, 58, 59, 60, 61, 62, 63, 64
44
1, 0, 2, 3, 4, 5, 6, 7, 9, 11, 8, 12, 10, 14, 13, 15, 16, 17, 18, 19, 20, 22, 24, 21, 25, 23, 27, 26, 28, 29, 30, 31, 32, 33, 35, 37, 34, 38, 36, 40, 39, 41, 42, 43, 44, 45, 46, 48, 50, 47, 51, 49, 53, 52, 54, 55, 56, 57, 58, 59, 60, 61, 62, 63, 64
43
1, 0, 2, 3, 4, 5, 6, 7, 9, 11, 8, 12, 10, 14, 13, 15, 16, 17, 18, 19, 20, 22, 24, 21, 25, 23, 27, 26, 28, 29, 30, 31, 32, 33, 35, 37, 34, 38, 36, 40, 39, 41, 42, 43, 44, 45, 46, 48, 50, 47, 51, 49, 53, 52, 54, 55, 56, 57, 58, 59, 60, 61, 62, 63, 64
42
1, 0, 2, 3, 4, 5, 6, 7, 9, 11, 8, 12, 10, 14, 13, 15, 16, 17, 18, 19, 20, 22, 24, 21, 25, 23, 27, 26, 28, 29, 30, 31, 32, 33, 35, 37, 34, 38, 36, 40, 39, 41, 42, 43, 44, 45, 46, 48, 50, 47, 51, 49, 53, 52, 54, 55, 56, 57, 58, 59, 60, 61, 62, 63, 64
41
1, 0, 2, 3, 4, 5, 6, 7, 9, 11, 8, 12, 10, 14, 13, 15, 16, 17, 18, 19, 20, 22, 24, 21, 25, 23, 27, 26, 28, 29, 30, 31, 32, 33, 35, 37, 34, 38, 36, 40, 39, 41, 42, 43, 44, 45, 46, 48, 50, 47, 51, 49, 53, 52, 54, 55, 56, 57, 58, 59, 60, 61, 62, 63, 64
40
1, 0, 2, 3, 4, 5, 6, 7, 9, 11, 8, 12, 10, 14, 13, 15, 16, 17, 18, 19, 20, 22, 24, 21, 25, 23, 27, 26, 28, 29, 30, 31, 32, 33, 35, 37, 34, 38, 36, 40, 39, 41, 42, 43, 44, 45, 46, 48, 50, 47, 51, 49, 53, 52, 54, 55, 56, 57, 58, 59, 60, 61, 62, 63, 64
39
1, 0, 2, 3, 4, 5, 6, 7, 9, 11, 8, 12, 10, 14, 13, 15, 16, 17, 18, 19, 20, 22, 24, 21, 25, 23, 27, 26, 28, 29, 30, 31, 32, 33, 35, 37, 34, 38, 36, 40, 39, 41, 42, 43, 44, 45, 46, 48, 50, 47, 51, 49, 53, 52, 54, 55, 56, 57, 58, 59, 60, 61, 62, 63, 64
38
1, 0, 2, 3, 4, 5, 6, 7, 9, 11, 8, 12, 10, 14, 13, 15, 16, 17, 18, 19, 20, 22, 24, 21, 25, 23, 27, 26, 28, 29, 30, 31, 32, 33, 35, 37, 34, 38, 36, 40, 39, 41, 42, 43, 44, 45, 46, 48, 50, 47, 51, 49, 53, 52, 54, 55, 56, 57, 58, 59, 60, 61, 62, 63, 64
37
1, 0, 2, 3, 4, 5, 6, 7, 9, 11, 8, 12, 10, 14, 13, 15, 16, 17, 18, 19, 20, 22, 24, 21, 25, 23, 27, 26, 28, 29, 30, 31, 32, 33, 35, 37, 34, 38, 36, 40, 39, 41, 42, 43, 44, 45, 46, 48, 50, 47, 51, 49, 53, 52, 54, 55, 56, 57, 58, 59, 60, 61, 62, 63, 64
36
1, 0, 2, 3, 4, 5, 6, 7, 9, 11, 8, 12, 10, 14, 13, 15, 16, 17, 18, 19, 20, 22, 24, 21, 25, 23, 27, 26, 28, 29, 30, 31, 32, 33, 35, 37, 34, 38, 36, 40, 39, 41, 42, 43, 44, 45, 46, 48, 50, 47, 51, 49, 53, 52, 54, 55, 56, 57, 58, 59, 60, 61, 62, 63, 64
35
1, 0, 2, 3, 4, 5, 6, 7, 9, 11, 8, 12, 10, 14, 13, 15, 16, 17, 18, 19, 20, 22, 24, 21, 25, 23, 27, 26, 28, 29, 30, 31, 32, 33, 35, 37, 34, 38, 36, 40, 39, 41, 42, 43, 44, 45, 46, 48, 50, 47, 51, 49, 53, 52, 54, 55, 56, 57, 58, 59, 60, 61, 62, 63, 64
34
1, 0, 2, 3, 4, 5, 6, 7, 9, 11, 8, 12, 10, 14, 13, 15, 16, 17, 18, 19, 20, 22, 24, 21, 25, 23, 27, 26, 28, 29, 30, 31, 32, 33, 35, 37, 34, 38, 36, 40, 39, 41, 42, 43, 44, 45, 46, 48, 50, 47, 51, 49, 53, 52, 54, 55, 56, 57, 58, 59, 60, 61, 62, 63, 64
33
1, 0, 2, 3, 4, 5, 6, 7, 9, 11, 8, 12, 10, 14, 13, 15, 16, 17, 18, 19, 20, 22, 24, 21, 25, 23, 27, 26, 28, 29, 30, 31, 32, 33, 35, 37, 34, 38, 36, 40, 39, 41, 42, 43, 44, 45, 46, 48, 50, 47, 51, 49, 53, 52, 54, 55, 56, 57, 58, 59, 60, 61, 62, 63, 64
32
1, 0, 2, 3, 4, 5, 6, 7, 9, 11, 8, 12, 10, 14, 13, 15, 16, 17, 18, 19, 20, 22, 24, 21, 25, 23, 27, 26, 28, 29, 30, 31, 32, 33, 35, 37, 34, 38, 36, 40, 39, 41, 42, 43, 44, 45, 46, 48, 50, 47, 51, 49, 53, 52, 54, 55, 56, 57, 58, 59, 60, 61, 62, 63, 64
31
1, 0, 2, 3, 4, 5, 6, 7, 9, 11, 8, 12, 10, 14, 13, 15, 16, 17, 18, 19, 20, 22, 24, 21, 25, 23, 27, 26, 28, 29, 30, 31, 32, 33, 35, 37, 34, 38, 36, 40, 39, 41, 42, 43, 44, 45, 46, 48, 50, 47, 51, 49, 53, 52, 54, 55, 56, 57, 58, 59, 60, 61, 62, 63, 64
30
1, 0, 2, 3, 4, 5, 6, 7, 9, 11, 8, 12, 10, 14, 13, 15, 16, 17, 18, 19, 20, 22, 24, 21, 25, 23, 27, 26, 28, 29, 30, 31, 32, 33, 35, 37, 34, 38, 36, 40, 39, 41, 42, 43, 44, 45, 46, 48, 50, 47, 51, 49, 53, 52, 54, 55, 56, 57, 58, 59, 60, 61, 62, 63, 64
29
1, 0, 2, 3, 4, 5, 6, 7, 9, 11, 8, 12, 10, 14, 13, 15, 16, 17, 18, 19, 20, 22, 24, 21, 25, 23, 27, 26, 28, 29, 30, 31, 32, 33, 35, 37, 34, 38, 36, 40, 39, 41, 42, 43, 44, 45, 46, 48, 50, 47, 51, 49, 53, 52, 54, 55, 56, 57, 58, 59, 60, 61, 62, 63, 64
28
1, 0, 2, 3, 4, 5, 6, 7, 9, 11, 8, 12, 10, 14, 13, 15, 16, 17, 18, 19, 20, 22, 24, 21, 25, 23, 27, 26, 28, 29, 30, 31, 32, 33, 35, 37, 34, 38, 36, 40, 39, 41, 42, 43, 44, 45, 46, 48, 50, 47, 51, 49, 53, 52, 54, 55, 56, 57, 58, 59, 60, 61, 62, 63, 64
27
1, 0, 2, 3, 4, 5, 6, 7, 9, 11, 8, 12, 10, 14, 13, 15, 16, 17, 18, 19, 20, 22, 24, 21, 25, 23, 27, 26, 28, 29, 30, 31, 32, 33, 35, 37, 34, 38, 36, 40, 39, 41, 42, 43, 44, 45, 46, 48, 50, 47, 51, 49, 53, 52, 54, 55, 56, 57, 58, 59, 60, 61, 62, 63, 64
26
1, 0, 2, 3, 4, 5, 6, 7, 9, 11, 8, 12, 10, 14, 13, 15, 16, 17, 18, 19, 20, 22, 24, 21, 25, 23, 27, 26, 28, 29, 30, 31, 32, 33, 35, 37, 34, 38, 36, 40, 39, 41, 42, 43, 44, 45, 46, 48, 50, 47, 51, 49, 53, 52, 54, 55, 56, 57, 58, 59, 60, 61, 62, 63, 64
25
1, 0, 2, 3, 4, 5, 6, 7, 9, 11, 8, 12, 10, 14, 13, 15, 16, 17, 18, 19, 20, 22, 24, 21, 25, 23, 27, 26, 28, 29, 30, 31, 32, 33, 35, 37, 34, 38, 36, 40, 39, 41, 42, 43, 44, 45, 46, 48, 50, 47, 51, 49, 53, 52, 54, 55, 56, 57, 58, 59, 60, 61, 62, 63, 64
24
1, 0, 2, 3, 4, 5, 6, 7, 9, 11, 8, 12, 10, 14, 13, 15, 16, 17, 18, 19, 20, 22, 24, 21, 25, 23, 27, 26, 28, 29, 30, 31, 32, 33, 35, 37, 34, 38, 36, 40, 39, 41, 42, 43, 44, 45, 46, 48, 50, 47, 51, 49, 53, 52, 54, 55, 56, 57, 58, 59, 60, 61, 62, 63, 64
23
1, 0, 2, 3, 4, 5, 6, 7, 9, 11, 8, 12, 10, 14, 13, 15, 16, 17, 18, 19, 20, 22, 24, 21, 25, 23, 27, 26, 28, 29, 30, 31, 32, 33, 35, 37, 34, 38, 36, 40, 39, 41, 42, 43, 44, 45, 46, 48, 50, 47, 51, 49, 53, 52, 54, 55, 56, 57, 58, 59, 60, 61, 62, 63, 64
22
1, 0, 2, 3, 4, 5, 6, 7, 9, 11, 8, 12, 10, 14, 13, 15, 16, 17, 18, 19, 20, 22, 24, 21, 25, 23, 27, 26, 28, 29, 30, 31, 32, 33, 35, 37, 34, 38, 36, 40, 39, 41, 42, 43, 44, 45, 46, 48, 50, 47, 51, 49, 53, 52, 54, 55, 56, 57, 58, 59, 60, 61, 62, 63, 64
21
1, 0, 2, 3, 4, 5, 6, 7, 9, 11, 8, 12, 10, 14, 13, 15, 16, 17, 18, 19, 20, 22, 24, 21, 25, 23, 27, 26, 28, 29, 30, 31, 32, 33, 35, 37, 34, 38, 36, 40, 39, 41, 42, 43, 44, 45, 46, 48, 50, 47, 51, 49, 53, 52, 54, 55, 56, 57, 58, 59, 60, 61, 62, 63, 64
20
1, 0, 2, 3, 4, 5, 6, 7, 9, 11, 8, 12, 10, 14, 13, 15, 16, 17, 18, 19, 20, 22, 24, 21, 25, 23, 27, 26, 28, 29, 30, 31, 32, 33, 35, 37, 34, 38, 36, 40, 39, 41, 42, 43, 44, 45, 46, 48, 50, 47, 51, 49, 53, 52, 54, 55, 56, 57, 58, 59, 60, 61, 62, 63, 64
19
1, 0, 2, 3, 4, 5, 6, 7, 9, 11, 8, 12, 10, 14, 13, 15, 16, 17, 18, 19, 20, 22, 24, 21, 25, 23, 27, 26, 28, 29, 30, 31, 32, 33, 35, 37, 34, 38, 36, 40, 39, 41, 42, 43, 44, 45, 46, 48, 50, 47, 51, 49, 53, 52, 54, 55, 56, 57, 58, 59, 60, 61, 62, 63, 64
18
1, 0, 2, 3, 4, 5, 6, 7, 9, 11, 8, 12, 10, 14, 13, 15, 16, 17, 18, 19, 20, 22, 24, 21, 25, 23, 27, 26, 28, 29, 30, 31, 32, 33, 35, 37, 34, 38, 36, 40, 39, 41, 42, 43, 44, 45, 46, 48, 50, 47, 51, 49, 53, 52, 54, 55, 56, 57, 58, 59, 60, 61, 62, 63, 64
17
1, 0, 2, 3, 4, 5, 6, 7, 9, 11, 8, 12, 10, 14, 13, 15, 16, 17, 18, 19, 20, 22, 24, 21, 25, 23, 27, 26, 28, 29, 30, 31, 32, 33, 35, 37, 34, 38, 36, 40, 39, 41, 42, 43, 44, 45, 46, 48, 50, 47, 51, 49, 53, 52, 54, 55, 56, 57, 58, 59, 60, 61, 62, 63, 64
16
1, 0, 2, 3, 4, 5, 6, 7, 9, 11, 8, 12, 10, 14, 13, 15, 16, 17, 18, 19, 20, 22, 24, 21, 25, 23, 27, 26, 28, 29, 30, 31, 32, 33, 35, 37, 34, 38, 36, 40, 39, 41, 42, 43, 44, 45, 46, 48, 50, 47, 51, 49, 53, 52, 54, 55, 56, 57, 58, 59, 60, 61, 62, 63, 64
15
1, 0, 2, 3, 4, 5, 6, 7, 9, 11, 8, 12, 10, 14, 13, 15, 16, 17, 18, 19, 20, 22, 24, 21, 25, 23, 27, 26, 28, 29, 30, 31, 32, 33, 35, 37, 34, 38, 36, 40, 39, 41, 42, 43, 44, 45, 46, 48, 50, 47, 51, 49, 53, 52, 54, 55, 56, 57, 58, 59, 60, 61, 62, 63, 64
14
1, 0, 2, 3, 4, 5, 6, 7, 9, 11, 8, 12, 10, 14, 13, 15, 16, 17, 18, 19, 20, 22, 24, 21, 25, 23, 27, 26, 28, 29, 30, 31, 32, 33, 35, 37, 34, 38, 36, 40, 39, 41, 42, 43, 44, 45, 46, 48, 50, 47, 51, 49, 53, 52, 54, 55, 56, 57, 58, 59, 60, 61, 62, 63, 64
13
1, 0, 2, 3, 4, 5, 6, 7, 9, 11, 8, 12, 10, 14, 13, 15, 16, 17, 18, 19, 20, 22, 24, 21, 25, 23, 27, 26, 28, 29, 30, 31, 32, 33, 35, 37, 34, 38, 36, 40, 39, 41, 42, 43, 44, 45, 46, 48, 50, 47, 51, 49, 53, 52, 54, 55, 56, 57, 58, 59, 60, 61, 62, 63, 64
12
1, 0, 2, 3, 4, 5, 6, 7, 9, 11, 8, 12, 10, 14, 13, 15, 16, 17, 18, 19, 20, 22, 24, 21, 25, 23, 27, 26, 28, 29, 30, 31, 32, 33, 35, 37, 34, 38, 36, 40, 39, 41, 42, 43, 44, 45, 46, 48, 50, 47, 51, 49, 53, 52, 54, 55, 56, 57, 58, 59, 60, 61, 62, 63, 64
11
1, 0, 2, 3, 4, 5, 6, 7, 9, 11, 8, 12, 10, 14, 13, 15, 16, 17, 18, 19, 20, 22, 24, 21, 25, 23, 27, 26, 28, 29, 30, 31, 32, 33, 35, 37, 34, 38, 36, 40, 39, 41, 42, 43, 44, 45, 46, 48, 50, 47, 51, 49, 53, 52, 54, 55, 56, 57, 58, 59, 60, 61, 62, 63, 64
10
1, 0, 2, 3, 4, 5, 6, 7, 9, 11, 8, 12, 10, 14, 13, 15, 16, 17, 18, 19, 20, 22, 24, 21, 25, 23, 27, 26, 28, 29, 30, 31, 32, 33, 35, 37, 34, 38, 36, 40, 39, 41, 42, 43, 44, 45, 46, 48, 50, 47, 51, 49, 53, 52, 54, 55, 56, 57, 58, 59, 60, 61, 62, 63, 64
../benchmark_instances/2023result/docs/solver/benchmark/2022benchmark/benchmark/sp/sp005.col	65	402	10	18
	Command being timed: "timeout 1h java -Xms1024g -Xmx1024g -Xss134m -cp ../src/pathwidth.jar Pathwidth ../benchmark_instances/2023result/docs/solver/benchmark/2022benchmark/benchmark/sp/sp005.col"
	User time (seconds): 0.51
	System time (seconds): 1.42
	Percent of CPU this job got: 106%
	Elapsed (wall clock) time (h:mm:ss or m:ss): 0:01.82
	Average shared text size (kbytes): 0
	Average unshared data size (kbytes): 0
	Average stack size (kbytes): 0
	Average total size (kbytes): 0
	Maximum resident set size (kbytes): 4802520
	Average resident set size (kbytes): 0
	Major (requiring I/O) page faults: 0
	Minor (reclaiming a frame) page faults: 131301
	Voluntary context switches: 2462
	Involuntary context switches: 9
	Swaps: 0
	File system inputs: 8
	File system outputs: 96
	Socket messages sent: 0
	Socket messages received: 0
	Signals delivered: 0
	Page size (bytes): 4096
	Exit status: 0
