Input graph file parsed. # of vertices = 30, # of edges = 100
s 1 5 8 19 20 21 22 23 24 25 26 27 29
t 3 4 9 19 20 21 22 23 24 25 26 27 29
Solution space ZDD construction start
Solution space ZDD construction end
Solution space ZDD construction time = 0.003502
Solution space ZDD size = 664
# of elements in the solution space = 83039
Start searching a reconfiguration sequence from s to t
Step 1 time = 0.000058, # ZDD nodes = 31, # elems = 15
Step 2 time = 0.000072, # ZDD nodes = 29, # elems = 14
Step 3 time = 0.000069, # ZDD nodes = 17, # elems = 3
t found
a YES
a 1 5 8 19 20 21 22 23 24 25 26 27 29
a 1 3 5 19 20 21 22 23 24 25 26 27 29
a 1 3 9 19 20 21 22 23 24 25 26 27 29
a 3 4 9 19 20 21 22 23 24 25 26 27 29
Reconfiguration time = 0.000552
	Command being timed: "timeout 0.5h ../ddreconf/ddreconf ../benchmark_instances/2023result/docs/solver/benchmark/2022benchmark/benchmark/color04/1-FullIns_3.col --st --stfile=../benchmark_instances/2023result/docs/solver/benchmark/2022benchmark/benchmark/color04/1-FullIns_3_02.dat --tj --indset"
	User time (seconds): 0.00
	System time (seconds): 0.00
	Percent of CPU this job got: 94%
	Elapsed (wall clock) time (h:mm:ss or m:ss): 0:00.01
	Average shared text size (kbytes): 0
	Average unshared data size (kbytes): 0
	Average stack size (kbytes): 0
	Average total size (kbytes): 0
	Maximum resident set size (kbytes): 31988
	Average resident set size (kbytes): 0
	Major (requiring I/O) page faults: 0
	Minor (reclaiming a frame) page faults: 934
	Voluntary context switches: 3
	Involuntary context switches: 0
	Swaps: 0
	File system inputs: 0
	File system outputs: 8
	Socket messages sent: 0
	Socket messages received: 0
	Signals delivered: 0
	Page size (bytes): 4096
	Exit status: 0
