Input graph file parsed. # of vertices = 67, # of edges = 232
s 59 61 63 64 60 62 65 45 47 50 17 15 19 20 46 2 16 48 51 18 4 21 7 52 54 56 57 53 66 55 58
t 59 61 63 64 60 62 65 45 47 49 50 3 17 15 19 46 16 48 51 18 4 21 7 52 54 56 57 53 66 55 58
Solution space ZDD construction start
Solution space ZDD construction end
Solution space ZDD construction time = 0.381890
Solution space ZDD size = 20258
# of elements in the solution space = 232007606571
Start searching a reconfiguration sequence from s to t
Step 1 time = 0.000118, # ZDD nodes = 82, # elems = 33
Step 2 time = 0.000320, # ZDD nodes = 172, # elems = 67
t found
a YES
a 2 4 7 15 16 17 18 19 20 21 45 46 47 48 50 51 52 53 54 55 56 57 58 59 60 61 62 63 64 65 66
a 3 4 7 15 16 17 18 19 20 21 45 46 47 48 50 51 52 53 54 55 56 57 58 59 60 61 62 63 64 65 66
a 3 4 7 15 16 17 18 19 21 45 46 47 48 49 50 51 52 53 54 55 56 57 58 59 60 61 62 63 64 65 66
Reconfiguration time = 0.001269
	Command being timed: "timeout 0.5h ../ddreconf/ddreconf ../instances_pw_col/1-Insertions_4.pw.col --st --stfile=../benchmark_instances/2023result/docs/solver/benchmark/2022benchmark/benchmark/color04/1-Insertions_4_02.dat --tj --indset"
	User time (seconds): 0.37
	System time (seconds): 0.03
	Percent of CPU this job got: 99%
	Elapsed (wall clock) time (h:mm:ss or m:ss): 0:00.40
	Average shared text size (kbytes): 0
	Average unshared data size (kbytes): 0
	Average stack size (kbytes): 0
	Average total size (kbytes): 0
	Maximum resident set size (kbytes): 71028
	Average resident set size (kbytes): 0
	Major (requiring I/O) page faults: 0
	Minor (reclaiming a frame) page faults: 3690
	Voluntary context switches: 4
	Involuntary context switches: 0
	Swaps: 0
	File system inputs: 8
	File system outputs: 8
	Socket messages sent: 0
	Socket messages received: 0
	Signals delivered: 0
	Page size (bytes): 4096
	Exit status: 0
