Input graph file parsed. # of vertices = 67, # of edges = 232
s 59 61 63 64 60 62 65 45 47 49 50 46 48 51 52 54 56 57 53 55 58 66 15 17 19 20 16 18 21 2 5 6
t 59 61 63 64 60 62 65 45 47 49 50 46 48 51 52 54 56 57 53 55 58 66 15 17 19 20 16 18 21 3 4 7
Solution space ZDD construction start
Solution space ZDD construction end
Solution space ZDD construction time = 10.583958
Solution space ZDD size = 310776
# of elements in the solution space = 232007606571
Start searching a reconfiguration sequence from s to t
Step 1 time = 0.000209, # ZDD nodes = 34, # elems = 2
Step 2 time = 0.000104, # ZDD nodes = 35, # elems = 2
Step 3 time = 0.000075, # ZDD nodes = 34, # elems = 2
t found
a YES
a 2 5 6 15 16 17 18 19 20 21 45 46 47 48 49 50 51 52 53 54 55 56 57 58 59 60 61 62 63 64 65 66
a 2 4 6 15 16 17 18 19 20 21 45 46 47 48 49 50 51 52 53 54 55 56 57 58 59 60 61 62 63 64 65 66
a 2 4 7 15 16 17 18 19 20 21 45 46 47 48 49 50 51 52 53 54 55 56 57 58 59 60 61 62 63 64 65 66
a 3 4 7 15 16 17 18 19 20 21 45 46 47 48 49 50 51 52 53 54 55 56 57 58 59 60 61 62 63 64 65 66
Reconfiguration time = 0.003508
	Command being timed: "timeout 0.5h ../ddreconf/ddreconf ../instances_pwwt_col/1-Insertions_4.pwwt.col --st --stfile=../benchmark_instances/2023result/docs/solver/benchmark/2022benchmark/benchmark/color04/1-Insertions_4_01.dat --tj --indset"
	User time (seconds): 10.37
	System time (seconds): 0.28
	Percent of CPU this job got: 99%
	Elapsed (wall clock) time (h:mm:ss or m:ss): 0:10.69
	Average shared text size (kbytes): 0
	Average unshared data size (kbytes): 0
	Average stack size (kbytes): 0
	Average total size (kbytes): 0
	Maximum resident set size (kbytes): 573752
	Average resident set size (kbytes): 0
	Major (requiring I/O) page faults: 0
	Minor (reclaiming a frame) page faults: 24078
	Voluntary context switches: 3
	Involuntary context switches: 60
	Swaps: 0
	File system inputs: 0
	File system outputs: 16
	Socket messages sent: 0
	Socket messages received: 0
	Signals delivered: 0
	Page size (bytes): 4096
	Exit status: 0
