Input graph file parsed. # of vertices = 80, # of edges = 346
s 1 31 32 61 62 63 64 33 34 65 66 35 36 5 6 67 68 37 38 69 70 72 73 74 79 71 41 9 10 12 39 40 42 43 44 45 75
t 1 31 32 61 62 63 64 33 34 3 65 66 35 36 5 67 68 37 38 69 70 72 73 74 79 71 41 9 10 14 39 40 42 43 44 45 75
Solution space ZDD construction start
Solution space ZDD construction end
Solution space ZDD construction time = 17.101660
Solution space ZDD size = 211602
# of elements in the solution space = 4560332427351
Start searching a reconfiguration sequence from s to t
Step 1 time = 0.000139, # ZDD nodes = 78, # elems = 3
Step 2 time = 0.000243, # ZDD nodes = 93, # elems = 4
t found
a YES
a 1 5 6 9 10 12 31 32 33 34 35 36 37 38 39 40 41 42 43 44 45 61 62 63 64 65 66 67 68 69 70 71 72 73 74 75 79
a 1 5 6 9 10 14 31 32 33 34 35 36 37 38 39 40 41 42 43 44 45 61 62 63 64 65 66 67 68 69 70 71 72 73 74 75 79
a 1 3 5 9 10 14 31 32 33 34 35 36 37 38 39 40 41 42 43 44 45 61 62 63 64 65 66 67 68 69 70 71 72 73 74 75 79
Reconfiguration time = 0.001538
	Command being timed: "timeout 0.5h ../ddreconf/ddreconf ../instances_pwwt_col/3-FullIns_3.pwwt.col --st --stfile=../benchmark_instances/2023result/docs/solver/benchmark/2022benchmark/benchmark/color04/3-FullIns_3_01.dat --tj --indset"
	User time (seconds): 16.56
	System time (seconds): 0.54
	Percent of CPU this job got: 99%
	Elapsed (wall clock) time (h:mm:ss or m:ss): 0:17.17
	Average shared text size (kbytes): 0
	Average unshared data size (kbytes): 0
	Average stack size (kbytes): 0
	Average total size (kbytes): 0
	Maximum resident set size (kbytes): 1120140
	Average resident set size (kbytes): 0
	Major (requiring I/O) page faults: 0
	Minor (reclaiming a frame) page faults: 30173
	Voluntary context switches: 3
	Involuntary context switches: 24
	Swaps: 0
	File system inputs: 0
	File system outputs: 16
	Socket messages sent: 0
	Socket messages received: 0
	Signals delivered: 0
	Page size (bytes): 4096
	Exit status: 0
