Input graph file parsed. # of vertices = 56, # of edges = 110
s 45 23 25 1 3 24 46 48 26 49 27 5 52 30 53 31 55 51 29 7 11 32 28 33 50 54
t 45 23 25 1 3 24 46 48 26 49 27 5 52 30 53 31 9 55 51 29 10 32 28 33 50 54
Solution space ZDD construction start
Solution space ZDD construction end
Solution space ZDD construction time = 0.014940
Solution space ZDD size = 5841
# of elements in the solution space = 16999974125
Start searching a reconfiguration sequence from s to t
Step 1 time = 0.000112, # ZDD nodes = 75, # elems = 28
Step 2 time = 0.000257, # ZDD nodes = 171, # elems = 61
t found
a YES
a 1 3 5 7 11 23 24 25 26 27 28 29 30 31 32 33 45 46 48 49 50 51 52 53 54 55
a 1 3 5 7 9 23 24 25 26 27 28 29 30 31 32 33 45 46 48 49 50 51 52 53 54 55
a 1 3 5 9 10 23 24 25 26 27 28 29 30 31 32 33 45 46 48 49 50 51 52 53 54 55
Reconfiguration time = 0.001550
	Command being timed: "timeout 0.5h ../ddreconf/ddreconf ../instances_pw_col/3-Insertions_3.pw.col --st --stfile=../benchmark_instances/2023result/docs/solver/benchmark/2022benchmark/benchmark/color04/3-Insertions_3_02.dat --tj --indset"
	User time (seconds): 0.01
	System time (seconds): 0.01
	Percent of CPU this job got: 96%
	Elapsed (wall clock) time (h:mm:ss or m:ss): 0:00.03
	Average shared text size (kbytes): 0
	Average unshared data size (kbytes): 0
	Average stack size (kbytes): 0
	Average total size (kbytes): 0
	Maximum resident set size (kbytes): 33012
	Average resident set size (kbytes): 0
	Major (requiring I/O) page faults: 0
	Minor (reclaiming a frame) page faults: 1086
	Voluntary context switches: 4
	Involuntary context switches: 2
	Swaps: 0
	File system inputs: 8
	File system outputs: 8
	Socket messages sent: 0
	Socket messages received: 0
	Signals delivered: 0
	Page size (bytes): 4096
	Exit status: 0
