Input graph file parsed. # of vertices = 114, # of edges = 541
s 19 20 21 22 23 24 25 26 27 28 29 30 31 32 33 34 35 36 55 56 57 58 59 60 61 62 63 64 65 66 67 68 69 70 71 72 91 93 94 95 96 97 98 99 100 101 102 103 104 105 106 107 108 113
t 19 20 21 22 23 24 25 26 27 28 29 30 31 32 33 34 35 36 55 56 57 58 60 61 62 63 64 65 66 67 68 69 70 71 72 91 92 93 94 95 96 97 98 99 100 101 102 103 104 105 106 107 108 113
Solution space ZDD construction start
Solution space ZDD construction end
Solution space ZDD construction time = 3.607064
Solution space ZDD size = 491999
# of elements in the solution space = 767186184427266378
Start searching a reconfiguration sequence from s to t
Step 1 time = 0.000186, # ZDD nodes = 125, # elems = 55
t found
a YES
a 19 20 21 22 23 24 25 26 27 28 29 30 31 32 33 34 35 36 55 56 57 58 59 60 61 62 63 64 65 66 67 68 69 70 71 72 91 93 94 95 96 97 98 99 100 101 102 103 104 105 106 107 108 113
a 19 20 21 22 23 24 25 26 27 28 29 30 31 32 33 34 35 36 55 56 57 58 60 61 62 63 64 65 66 67 68 69 70 71 72 91 92 93 94 95 96 97 98 99 100 101 102 103 104 105 106 107 108 113
Reconfiguration time = 0.000601
	Command being timed: "timeout 0.5h ../ddreconf/ddreconf ../benchmark_instances/2023result/docs/solver/benchmark/2022benchmark/benchmark/color04/4-FullIns_3.col --st --stfile=../benchmark_instances/2023result/docs/solver/benchmark/2022benchmark/benchmark/color04/4-FullIns_3_02.dat --tj --indset"
	User time (seconds): 3.58
	System time (seconds): 0.14
	Percent of CPU this job got: 99%
	Elapsed (wall clock) time (h:mm:ss or m:ss): 0:03.74
	Average shared text size (kbytes): 0
	Average unshared data size (kbytes): 0
	Average stack size (kbytes): 0
	Average total size (kbytes): 0
	Maximum resident set size (kbytes): 284992
	Average resident set size (kbytes): 0
	Major (requiring I/O) page faults: 0
	Minor (reclaiming a frame) page faults: 13334
	Voluntary context switches: 3
	Involuntary context switches: 4
	Swaps: 0
	File system inputs: 0
	File system outputs: 8
	Socket messages sent: 0
	Socket messages received: 0
	Signals delivered: 0
	Page size (bytes): 4096
	Exit status: 0
