Input graph file parsed. # of vertices = 690, # of edges = 6650
s 571 589 607 625 661 662 626 590 572 608 663 664 627 628 591 592 573 574 609 610 665 666 629 630 593 594 575 576 611 612 667 668 631 632 595 596 577 578 613 614 669 670 673 671 672 674 675 676 677 678 683 633 634 637 635 636 638 639 640 641 642 681 597 598 601 599 600 602 603 604 605 606 579 580 583 581 582 584 585 586 587 588 680 615 616 619 617 618 620 621 622 623 624 682 643 644 645 646 647 648 649 650 651 652 655 653 654 656 657 658 659 660 679 684 689 343 361 379 397 433 434 398 362 344 380 435 436 399 400 363 364 345 346 381 382 437 438 401 402 365 366 347 348 383 384 439 440 403 404 367 368 349 350 385 386 441 442 445 443 444 446 447 448 449 450 455 405 406 409 407 408 410 411 412 413 414 453 369 370 373 371 372 374 375 376 377 378 351 352 355 353 354 356 357 358 359 360 452 387 388 391 389 390 392 393 394 395 396 454 415 416 417 418 419 420 421 422 423 424 427 425 426 428 429 430 431 432 451 456 115 116 133 134 151 152 169 170 205 206 187 188 207 208 171 172 135 136 117 118 153 154 189 190 209 210 173 174 137 138 119 120 155 156 191 192 211 212 175 176 139 140 121 122 157 158 193 194 213 214 217 215 216 218 219 220 221 222 227 223 228 177 178 179 180 182 183 184 185 186 225 195 196 204 197 198 199 200 201 202 203 226 141 142 145 143 144 146 147 148 149 150 161 162 167 125 126 131 164 165 166 128 129 130 123 159 124 127 132 160 163 168 224
t 571 589 607 625 661 662 626 590 572 608 663 664 627 628 591 592 573 574 609 610 665 666 629 630 593 594 575 576 611 612 667 668 631 632 595 596 577 578 613 614 669 670 673 671 672 674 675 676 677 678 683 633 634 637 635 636 638 639 640 641 642 681 597 598 601 599 600 602 603 604 605 606 579 580 583 581 582 584 585 586 587 588 680 615 616 619 617 618 620 621 622 623 624 682 643 644 645 646 647 648 649 650 651 652 655 653 654 656 657 658 659 660 679 684 343 361 379 397 433 434 398 362 344 380 435 436 399 400 363 364 345 346 381 382 437 438 401 402 365 366 347 348 383 384 439 440 403 404 367 368 349 350 385 386 441 442 445 443 444 446 447 448 449 450 455 405 406 409 407 408 410 412 413 414 453 369 370 373 371 372 374 375 376 377 378 351 352 355 353 354 356 357 358 359 360 452 387 388 391 389 390 392 393 394 395 396 454 415 416 417 418 419 420 421 422 423 424 427 425 426 428 429 430 431 432 451 456 687 115 116 133 134 151 152 169 170 205 206 187 188 207 208 171 172 135 136 117 118 153 154 189 190 209 210 173 174 137 138 119 120 155 156 191 192 211 212 175 176 139 140 121 122 157 158 193 194 213 214 217 215 216 218 219 220 221 222 227 223 228 177 178 181 179 180 182 183 184 185 186 225 195 196 204 197 198 199 200 201 202 203 226 141 142 145 143 144 146 147 148 149 150 161 162 167 125 126 131 164 165 166 128 129 130 123 159 124 127 132 160 163 168 224
Solution space ZDD construction start
Command exited with non-zero status 124
	Command being timed: "timeout 2.0h ../ddreconf/ddreconf ../instances_pwwt_col/4-FullIns_4.pwwt.col --st --stfile=../benchmark_instances/2023result/docs/solver/benchmark/2022benchmark/benchmark/color04/4-FullIns_4_02.dat --tj --indset"
	User time (seconds): 6226.97
	System time (seconds): 952.08
	Percent of CPU this job got: 99%
	Elapsed (wall clock) time (h:mm:ss or m:ss): 2:00:05
	Average shared text size (kbytes): 0
	Average unshared data size (kbytes): 0
	Average stack size (kbytes): 0
	Average total size (kbytes): 0
	Maximum resident set size (kbytes): 295275052
	Average resident set size (kbytes): 0
	Major (requiring I/O) page faults: 0
	Minor (reclaiming a frame) page faults: 918125170
	Voluntary context switches: 4
	Involuntary context switches: 5963
	Swaps: 0
	File system inputs: 0
	File system outputs: 8
	Socket messages sent: 0
	Socket messages received: 0
	Signals delivered: 0
	Page size (bytes): 4096
	Exit status: 124
