Input graph file parsed. # of vertices = 114, # of edges = 541
s 19 20 55 56 91 92 93 94 57 58 21 22 95 96 59 60 23 24 97 98 61 62 25 26 99 100 63 64 27 28 101 102 104 105 106 107 113 103 67 31 29 30 32 33 34 35 36 65 66 68 69 70 71 72 108
t 19 20 55 56 91 92 93 94 57 58 21 22 95 96 59 60 23 24 97 98 61 62 25 26 99 100 63 64 27 28 101 102 104 105 106 107 103 67 31 29 30 32 33 34 35 36 65 66 68 69 70 71 111 72 108
Solution space ZDD construction start
Command exited with non-zero status 124
	Command being timed: "timeout 2.0h ../ddreconf/ddreconf ../instances_pwwt_col/4-FullIns_3.pwwt.col --st --stfile=../benchmark_instances/2023result/docs/solver/benchmark/2022benchmark/benchmark/color04/4-FullIns_3_01.dat --tj --indset"
	User time (seconds): 6236.11
	System time (seconds): 943.96
	Percent of CPU this job got: 99%
	Elapsed (wall clock) time (h:mm:ss or m:ss): 2:00:06
	Average shared text size (kbytes): 0
	Average unshared data size (kbytes): 0
	Average stack size (kbytes): 0
	Average total size (kbytes): 0
	Maximum resident set size (kbytes): 280648312
	Average resident set size (kbytes): 0
	Major (requiring I/O) page faults: 0
	Minor (reclaiming a frame) page faults: 890104341
	Voluntary context switches: 5
	Involuntary context switches: 5685
	Swaps: 0
	File system inputs: 16
	File system outputs: 8
	Socket messages sent: 0
	Socket messages received: 0
	Signals delivered: 0
	Page size (bytes): 4096
	Exit status: 124
