Input graph file parsed. # of vertices = 138, # of edges = 493
s 1 2 3 4 5 6 9 10 11 14 15 17 23 31 39 87 88 107 113 114 121 132 19 22 24 25 26 27 29 33 48 66 71 80 103 125 37 38 41 42 43 44 46 47 96 52 55 56 58 59 62 63 90 65 67 69 75 105 76 101 79 82 102 91 93 94 104 124 110 108 111 112 137 117 118 119 128 129 131 134
t 1 2 3 4 5 6 9 10 11 12 13 14 15 16 17 23 31 39 87 88 107 113 114 121 132 19 22 24 25 26 27 29 48 66 71 80 125 37 38 41 42 43 44 46 47 96 52 55 56 58 59 60 62 63 90 65 67 69 75 105 76 101 79 82 102 91 94 97 124 110 108 111 112 137 118 119 128 129 131 134
Solution space ZDD construction start
Solution space ZDD construction end
Solution space ZDD construction time = 2854.932468
Solution space ZDD size = 240778360
# of elements in the solution space = 246319342336314321386707353600
Start searching a reconfiguration sequence from s to t
Step 1 time = 0.002656, # ZDD nodes = 497, # elems = 24
Step 2 time = 0.011484, # ZDD nodes = 1858, # elems = 269
Step 3 time = 0.034019, # ZDD nodes = 5144, # elems = 1880
Step 4 time = 0.084140, # ZDD nodes = 11596, # elems = 9222
Step 5 time = 0.180902, # ZDD nodes = 22225, # elems = 33862
t found
a YES
a 1 2 3 4 5 6 9 10 11 14 15 17 19 22 23 24 25 26 27 29 31 33 37 38 39 41 42 43 44 46 47 48 52 55 56 58 59 62 63 65 66 67 69 71 75 76 79 80 82 87 88 90 91 93 94 96 101 102 103 104 105 107 108 110 111 112 113 114 117 118 119 121 124 125 128 129 131 132 134 137
a 1 2 3 4 5 6 9 10 11 14 15 17 19 22 23 24 25 26 27 29 31 33 37 38 39 41 42 43 44 46 47 48 52 55 56 58 59 62 63 65 66 67 69 71 75 76 79 80 82 87 88 90 91 94 96 97 101 102 103 104 105 107 108 110 111 112 113 114 117 118 119 121 124 125 128 129 131 132 134 137
a 1 2 3 4 5 6 9 10 11 14 15 17 19 22 23 24 25 26 27 29 31 33 37 38 39 41 42 43 44 46 47 48 52 55 56 58 59 60 62 63 65 66 67 69 71 75 76 79 80 82 87 88 90 91 94 96 97 101 102 103 104 105 107 108 110 111 112 113 114 118 119 121 124 125 128 129 131 132 134 137
a 1 2 3 4 5 6 9 10 11 14 15 16 17 19 22 23 24 25 26 27 29 31 37 38 39 41 42 43 44 46 47 48 52 55 56 58 59 60 62 63 65 66 67 69 71 75 76 79 80 82 87 88 90 91 94 96 97 101 102 103 104 105 107 108 110 111 112 113 114 118 119 121 124 125 128 129 131 132 134 137
a 1 2 3 4 5 6 9 10 11 13 14 15 16 17 19 22 23 24 25 26 27 29 31 37 38 39 41 42 43 44 46 47 48 52 55 56 58 59 60 62 63 65 66 67 69 71 75 76 79 80 82 87 88 90 91 94 96 97 101 102 104 105 107 108 110 111 112 113 114 118 119 121 124 125 128 129 131 132 134 137
a 1 2 3 4 5 6 9 10 11 12 13 14 15 16 17 19 22 23 24 25 26 27 29 31 37 38 39 41 42 43 44 46 47 48 52 55 56 58 59 60 62 63 65 66 67 69 71 75 76 79 80 82 87 88 90 91 94 96 97 101 102 105 107 108 110 111 112 113 114 118 119 121 124 125 128 129 131 132 134 137
Reconfiguration time = 0.345467
	Command being timed: "timeout 1.0h ../ddreconf/ddreconf ../benchmark_instances/2023result/docs/solver/benchmark/2022benchmark/benchmark/color04/anna.col --st --stfile=../benchmark_instances/2023result/docs/solver/benchmark/2022benchmark/benchmark/color04/anna_01.dat --tj --indset"
	User time (seconds): 2849.06
	System time (seconds): 79.63
	Percent of CPU this job got: 99%
	Elapsed (wall clock) time (h:mm:ss or m:ss): 48:56.60
	Average shared text size (kbytes): 0
	Average unshared data size (kbytes): 0
	Average stack size (kbytes): 0
	Average total size (kbytes): 0
	Maximum resident set size (kbytes): 151400048
	Average resident set size (kbytes): 0
	Major (requiring I/O) page faults: 0
	Minor (reclaiming a frame) page faults: 2670578
	Voluntary context switches: 45
	Involuntary context switches: 2012
	Swaps: 0
	File system inputs: 0
	File system outputs: 32
	Socket messages sent: 0
	Socket messages received: 0
	Signals delivered: 0
	Page size (bytes): 4096
	Exit status: 0
