Input graph file parsed. # of vertices = 138, # of edges = 493
s 1 2 3 4 5 6 9 10 11 14 15 17 23 31 39 87 88 107 113 114 121 132 19 22 24 25 26 27 29 33 48 66 71 80 103 125 37 38 41 43 44 46 47 96 52 55 56 58 59 62 63 90 65 67 69 75 105 76 101 79 82 102 91 93 94 104 124 110 108 111 112 137 117 118 119 128 129 131 134
t 1 2 3 4 5 6 8 9 10 11 14 15 17 23 31 39 87 88 107 113 114 121 19 22 24 25 26 28 30 33 34 48 66 71 80 103 125 37 38 40 41 42 43 44 47 50 52 56 58 59 63 90 65 67 86 75 105 76 101 81 82 102 123 104 124 110 108 109 111 112 115 117 118 119 128 129 130 131 134
Solution space ZDD construction start
Solution space ZDD construction end
Solution space ZDD construction time = 2839.226206
Solution space ZDD size = 240778360
# of elements in the solution space = 246319342336314321386707353600
Start searching a reconfiguration sequence from s to t
Step 1 time = 0.001466, # ZDD nodes = 574, # elems = 103
Step 2 time = 0.009200, # ZDD nodes = 3000, # elems = 2153
Step 3 time = 0.051394, # ZDD nodes = 10702, # elems = 22879
Step 4 time = 0.227201, # ZDD nodes = 31298, # elems = 155287
Step 5 time = 0.798529, # ZDD nodes = 77635, # elems = 747650
Step 6 time = 2.376948, # ZDD nodes = 166070, # elems = 2710796
Step 7 time = 5.336770, # ZDD nodes = 310908, # elems = 7688758
Step 8 time = 10.486048, # ZDD nodes = 516406, # elems = 17503787
Step 9 time = 17.800285, # ZDD nodes = 769400, # elems = 32556686
Step 10 time = 27.102842, # ZDD nodes = 1035863, # elems = 50080507
Step 11 time = 50.062240, # ZDD nodes = 1265548, # elems = 64215506
Step 12 time = 48.001564, # ZDD nodes = 1405903, # elems = 68932868
Step 13 time = 35.534943, # ZDD nodes = 1419984, # elems = 62017708
t found
a YES
a 1 2 3 4 5 6 9 10 11 14 15 17 19 22 23 24 25 26 27 29 31 33 37 38 39 41 43 44 46 47 48 52 55 56 58 59 62 63 65 66 67 69 71 75 76 79 80 82 87 88 90 91 93 94 96 101 102 103 104 105 107 108 110 111 112 113 114 117 118 119 121 124 125 128 129 131 132 134 137
a 1 2 3 4 5 6 9 10 11 14 15 17 19 22 23 24 25 26 27 29 31 33 37 38 39 41 43 44 47 48 52 55 56 58 59 62 63 65 66 67 69 71 75 76 79 80 82 87 88 90 91 93 94 96 101 102 103 104 105 107 108 110 111 112 113 114 117 118 119 121 124 125 128 129 130 131 132 134 137
a 1 2 3 4 5 6 9 10 11 14 15 17 19 22 23 24 25 26 27 29 31 33 37 38 39 41 43 44 47 48 52 55 56 58 59 62 63 65 66 67 69 71 75 76 79 80 82 87 88 90 91 94 96 101 102 103 104 105 107 108 110 111 112 113 114 115 117 118 119 121 124 125 128 129 130 131 132 134 137
a 1 2 3 4 5 6 9 10 11 14 15 17 19 22 23 24 25 26 27 29 31 33 37 38 39 41 43 44 47 48 52 55 56 58 59 62 63 65 66 67 69 71 75 76 79 80 82 87 88 90 91 94 96 101 102 103 104 105 107 108 109 110 111 112 113 114 115 117 118 119 121 124 125 128 129 130 131 132 134
a 1 2 3 4 5 6 9 10 11 14 15 17 19 22 23 24 25 26 27 29 31 33 37 38 39 41 43 44 47 48 52 56 58 59 62 63 65 66 67 69 71 75 76 79 80 82 87 88 90 91 94 96 101 102 103 104 105 107 108 109 110 111 112 113 114 115 117 118 119 121 123 124 125 128 129 130 131 132 134
a 1 2 3 4 5 6 9 10 11 14 15 17 19 22 23 24 25 26 27 29 31 33 37 38 39 41 43 44 47 48 52 56 58 59 62 63 65 66 67 69 71 75 76 79 80 81 82 87 88 90 94 96 101 102 103 104 105 107 108 109 110 111 112 113 114 115 117 118 119 121 123 124 125 128 129 130 131 132 134
a 1 2 3 4 5 6 9 10 11 14 15 17 19 22 23 24 25 26 27 29 31 33 37 38 39 41 43 44 47 48 52 56 58 59 62 63 65 66 67 71 75 76 79 80 81 82 86 87 88 90 94 96 101 102 103 104 105 107 108 109 110 111 112 113 114 115 117 118 119 121 123 124 125 128 129 130 131 132 134
a 1 2 3 4 5 6 9 10 11 14 15 17 19 22 23 24 25 26 27 29 31 33 37 38 39 41 43 44 47 48 50 52 56 58 59 62 63 65 66 67 71 75 76 79 80 81 82 86 87 88 90 94 101 102 103 104 105 107 108 109 110 111 112 113 114 115 117 118 119 121 123 124 125 128 129 130 131 132 134
a 1 2 3 4 5 6 9 10 11 14 15 17 19 22 23 24 25 26 27 29 31 33 37 38 39 41 42 43 44 47 48 50 52 56 58 59 62 63 65 66 67 71 75 76 79 80 81 82 86 87 88 90 101 102 103 104 105 107 108 109 110 111 112 113 114 115 117 118 119 121 123 124 125 128 129 130 131 132 134
a 1 2 3 4 5 6 9 10 11 14 15 17 19 22 23 24 25 26 27 29 31 33 37 38 39 40 41 42 43 44 47 48 50 52 56 58 59 63 65 66 67 71 75 76 79 80 81 82 86 87 88 90 101 102 103 104 105 107 108 109 110 111 112 113 114 115 117 118 119 121 123 124 125 128 129 130 131 132 134
a 1 2 3 4 5 6 9 10 11 14 15 17 19 22 23 24 25 26 27 31 33 34 37 38 39 40 41 42 43 44 47 48 50 52 56 58 59 63 65 66 67 71 75 76 79 80 81 82 86 87 88 90 101 102 103 104 105 107 108 109 110 111 112 113 114 115 117 118 119 121 123 124 125 128 129 130 131 132 134
a 1 2 3 4 5 6 9 10 11 14 15 17 19 22 23 24 25 26 30 31 33 34 37 38 39 40 41 42 43 44 47 48 50 52 56 58 59 63 65 66 67 71 75 76 79 80 81 82 86 87 88 90 101 102 103 104 105 107 108 109 110 111 112 113 114 115 117 118 119 121 123 124 125 128 129 130 131 132 134
a 1 2 3 4 5 6 9 10 11 14 15 17 19 22 23 24 25 26 28 30 31 33 34 37 38 39 40 41 42 43 44 47 48 50 52 56 58 59 63 65 66 67 71 75 76 80 81 82 86 87 88 90 101 102 103 104 105 107 108 109 110 111 112 113 114 115 117 118 119 121 123 124 125 128 129 130 131 132 134
a 1 2 3 4 5 6 8 9 10 11 14 15 17 19 22 23 24 25 26 28 30 31 33 34 37 38 39 40 41 42 43 44 47 48 50 52 56 58 59 63 65 66 67 71 75 76 80 81 82 86 87 88 90 101 102 103 104 105 107 108 109 110 111 112 113 114 115 117 118 119 121 123 124 125 128 129 130 131 134
Reconfiguration time = 199.592311
	Command being timed: "timeout 1.0h ../ddreconf/ddreconf ../benchmark_instances/2023result/docs/solver/benchmark/2022benchmark/benchmark/color04/anna.col --st --stfile=../benchmark_instances/2023result/docs/solver/benchmark/2022benchmark/benchmark/color04/anna_02.dat --tj --indset"
	User time (seconds): 3030.07
	System time (seconds): 80.86
	Percent of CPU this job got: 99%
	Elapsed (wall clock) time (h:mm:ss or m:ss): 51:59.66
	Average shared text size (kbytes): 0
	Average unshared data size (kbytes): 0
	Average stack size (kbytes): 0
	Average total size (kbytes): 0
	Maximum resident set size (kbytes): 151402700
	Average resident set size (kbytes): 0
	Major (requiring I/O) page faults: 0
	Minor (reclaiming a frame) page faults: 2897354
	Voluntary context switches: 4
	Involuntary context switches: 2149
	Swaps: 0
	File system inputs: 8
	File system outputs: 96
	Socket messages sent: 0
	Socket messages received: 0
	Signals delivered: 0
	Page size (bytes): 4096
	Exit status: 0
