Input graph file parsed. # of vertices = 138, # of edges = 493
s 1 5 48 66 71 125 2 3 4 11 15 23 31 39 75 80 87 88 105 107 113 114 121 132 103 27 41 42 43 44 6 96 56 111 24 128 25 38 10 124 22 26 79 90 37 67 62 52 63 65 119 129 14 17 29 59 69 9 19 108 33 110 112 46 47 102 55 76 58 134 118 91 117 82 93 137 131 104 94 101
t 1 5 48 66 71 125 2 3 4 11 15 23 31 39 75 80 87 88 105 107 113 114 121 132 13 27 41 42 43 44 6 96 56 111 24 128 25 38 10 124 22 26 79 90 37 67 62 52 63 65 119 129 14 17 29 59 69 9 19 108 16 110 112 46 47 102 55 76 58 134 118 91 60 82 97 137 131 12 94 101
Solution space ZDD construction start
Solution space ZDD construction end
Solution space ZDD construction time = 2.405407
Solution space ZDD size = 11785
# of elements in the solution space = 246319342336314321386707353600
Start searching a reconfiguration sequence from s to t
Step 1 time = 0.000232, # ZDD nodes = 159, # elems = 24
Step 2 time = 0.000514, # ZDD nodes = 234, # elems = 269
Step 3 time = 0.000660, # ZDD nodes = 299, # elems = 1880
Step 4 time = 0.000649, # ZDD nodes = 349, # elems = 9222
Step 5 time = 0.000601, # ZDD nodes = 397, # elems = 33862
t found
a YES
a 1 2 3 4 5 6 9 10 11 14 15 17 19 22 23 24 25 26 27 29 31 33 37 38 39 41 42 43 44 46 47 48 52 55 56 58 59 62 63 65 66 67 69 71 75 76 79 80 82 87 88 90 91 93 94 96 101 102 103 104 105 107 108 110 111 112 113 114 117 118 119 121 124 125 128 129 131 132 134 137
a 1 2 3 4 5 6 9 10 11 12 14 15 17 19 22 23 24 25 26 27 29 31 33 37 38 39 41 42 43 44 46 47 48 52 55 56 58 59 62 63 65 66 67 69 71 75 76 79 80 82 87 88 90 91 93 94 96 101 102 103 105 107 108 110 111 112 113 114 117 118 119 121 124 125 128 129 131 132 134 137
a 1 2 3 4 5 6 9 10 11 12 14 15 17 19 22 23 24 25 26 27 29 31 33 37 38 39 41 42 43 44 46 47 48 52 55 56 58 59 62 63 65 66 67 69 71 75 76 79 80 82 87 88 90 91 94 96 97 101 102 103 105 107 108 110 111 112 113 114 117 118 119 121 124 125 128 129 131 132 134 137
a 1 2 3 4 5 6 9 10 11 12 14 15 17 19 22 23 24 25 26 27 29 31 33 37 38 39 41 42 43 44 46 47 48 52 55 56 58 59 60 62 63 65 66 67 69 71 75 76 79 80 82 87 88 90 91 94 96 97 101 102 103 105 107 108 110 111 112 113 114 118 119 121 124 125 128 129 131 132 134 137
a 1 2 3 4 5 6 9 10 11 12 14 15 16 17 19 22 23 24 25 26 27 29 31 37 38 39 41 42 43 44 46 47 48 52 55 56 58 59 60 62 63 65 66 67 69 71 75 76 79 80 82 87 88 90 91 94 96 97 101 102 103 105 107 108 110 111 112 113 114 118 119 121 124 125 128 129 131 132 134 137
a 1 2 3 4 5 6 9 10 11 12 13 14 15 16 17 19 22 23 24 25 26 27 29 31 37 38 39 41 42 43 44 46 47 48 52 55 56 58 59 60 62 63 65 66 67 69 71 75 76 79 80 82 87 88 90 91 94 96 97 101 102 105 107 108 110 111 112 113 114 118 119 121 124 125 128 129 131 132 134 137
Reconfiguration time = 0.067666
	Command being timed: "timeout 0.5h ../ddreconf/ddreconf ../instances_pwwt_col/anna.pwwt.col --st --stfile=../benchmark_instances/2023result/docs/solver/benchmark/2022benchmark/benchmark/color04/anna_01.dat --tj --indset"
	User time (seconds): 2.34
	System time (seconds): 0.13
	Percent of CPU this job got: 99%
	Elapsed (wall clock) time (h:mm:ss or m:ss): 0:02.49
	Average shared text size (kbytes): 0
	Average unshared data size (kbytes): 0
	Average stack size (kbytes): 0
	Average total size (kbytes): 0
	Maximum resident set size (kbytes): 275776
	Average resident set size (kbytes): 0
	Major (requiring I/O) page faults: 0
	Minor (reclaiming a frame) page faults: 11040
	Voluntary context switches: 3
	Involuntary context switches: 6
	Swaps: 0
	File system inputs: 0
	File system outputs: 16
	Socket messages sent: 0
	Socket messages received: 0
	Signals delivered: 0
	Page size (bytes): 4096
	Exit status: 0
