Input graph file parsed. # of vertices = 87, # of edges = 406
s 1 3 8 10 11 18 21 24 25 26 29 30 36 38 41 44 47 48 54 56 57 85 61 62 64 65 69 70 75 77 78 81 82 86 84
t 3 6 7 8 10 11 24 25 26 28 29 30 36 38 41 44 48 50 53 54 55 56 57 59 60 61 62 64 65 75 77 78 79 82 86
Solution space ZDD construction start
Solution space ZDD construction end
Solution space ZDD construction time = 55.527424
Solution space ZDD size = 5193482
# of elements in the solution space = 1233653689761797
Start searching a reconfiguration sequence from s to t
Step 1 time = 0.000461, # ZDD nodes = 326, # elems = 56
Step 2 time = 0.004772, # ZDD nodes = 1786, # elems = 925
Step 3 time = 0.043313, # ZDD nodes = 7049, # elems = 7888
Step 4 time = 0.198580, # ZDD nodes = 21456, # elems = 41944
Step 5 time = 0.805197, # ZDD nodes = 52005, # elems = 152244
Step 6 time = 1.795322, # ZDD nodes = 102643, # elems = 396388
Step 7 time = 4.132596, # ZDD nodes = 168255, # elems = 761430
Step 8 time = 6.354521, # ZDD nodes = 232680, # elems = 1095043
Step 9 time = 7.146171, # ZDD nodes = 273163, # elems = 1184374
t found
a YES
a 1 3 8 10 11 18 21 24 25 26 29 30 36 38 41 44 47 48 54 56 57 61 62 64 65 69 70 75 77 78 81 82 84 85 86
a 1 3 7 8 10 11 18 24 25 26 29 30 36 38 41 44 47 48 54 56 57 61 62 64 65 69 70 75 77 78 81 82 84 85 86
a 3 7 8 10 11 18 24 25 26 29 30 36 38 41 44 47 48 54 56 57 61 62 64 65 69 70 75 77 78 79 81 82 84 85 86
a 3 7 8 10 11 18 24 25 26 29 30 36 38 41 44 47 48 54 56 57 60 61 62 64 65 69 70 75 77 78 79 81 82 84 86
a 3 7 8 10 11 24 25 26 29 30 36 38 41 44 47 48 54 56 57 59 60 61 62 64 65 69 70 75 77 78 79 81 82 84 86
a 3 7 8 10 11 24 25 26 29 30 36 38 41 44 47 48 54 55 56 57 59 60 61 62 64 65 69 75 77 78 79 81 82 84 86
a 3 7 8 10 11 24 25 26 29 30 36 38 41 44 47 48 53 54 55 56 57 59 60 61 62 64 65 69 75 77 78 79 82 84 86
a 3 7 8 10 11 24 25 26 29 30 36 38 41 44 47 48 50 53 54 55 56 57 59 60 61 62 64 65 69 75 77 78 79 82 86
a 3 7 8 10 11 24 25 26 28 29 30 36 38 41 44 47 48 50 53 54 55 56 57 59 60 61 62 64 65 75 77 78 79 82 86
a 3 6 7 8 10 11 24 25 26 28 29 30 36 38 41 44 48 50 53 54 55 56 57 59 60 61 62 64 65 75 77 78 79 82 86
Reconfiguration time = 20.669484
	Command being timed: "timeout 0.5h ../ddreconf/ddreconf ../benchmark_instances/2023result/docs/solver/benchmark/2022benchmark/benchmark/color04/david.col --st --stfile=../benchmark_instances/2023result/docs/solver/benchmark/2022benchmark/benchmark/color04/david_02.dat --tj --indset"
	User time (seconds): 75.33
	System time (seconds): 2.22
	Percent of CPU this job got: 99%
	Elapsed (wall clock) time (h:mm:ss or m:ss): 1:17.74
	Average shared text size (kbytes): 0
	Average unshared data size (kbytes): 0
	Average stack size (kbytes): 0
	Average total size (kbytes): 0
	Maximum resident set size (kbytes): 4508292
	Average resident set size (kbytes): 0
	Major (requiring I/O) page faults: 0
	Minor (reclaiming a frame) page faults: 78450
	Voluntary context switches: 3
	Involuntary context switches: 102
	Swaps: 0
	File system inputs: 0
	File system outputs: 40
	Socket messages sent: 0
	Socket messages received: 0
	Signals delivered: 0
	Page size (bytes): 4096
	Exit status: 0
