Input graph file parsed. # of vertices = 87, # of edges = 406
s 1 3 7 8 10 11 18 21 24 25 26 29 30 36 38 41 44 47 48 54 56 57 85 61 62 64 65 69 70 75 77 78 81 82 86 84
t 1 3 6 7 8 10 11 16 17 18 21 24 25 26 27 29 30 36 38 41 44 48 54 55 56 57 61 62 64 65 68 75 78 81 82 86
Solution space ZDD construction start
Solution space ZDD construction end
Solution space ZDD construction time = 59.336223
Solution space ZDD size = 5193482
# of elements in the solution space = 1233653689761797
Start searching a reconfiguration sequence from s to t
Step 1 time = 0.000749, # ZDD nodes = 281, # elems = 21
Step 2 time = 0.004756, # ZDD nodes = 1256, # elems = 197
Step 3 time = 0.031898, # ZDD nodes = 3826, # elems = 1101
Step 4 time = 0.069139, # ZDD nodes = 8656, # elems = 4106
Step 5 time = 0.213160, # ZDD nodes = 15433, # elems = 10814
Step 6 time = 0.453605, # ZDD nodes = 22612, # elems = 20722
t found
a YES
a 1 3 7 8 10 11 18 21 24 25 26 29 30 36 38 41 44 47 48 54 56 57 61 62 64 65 69 70 75 77 78 81 82 84 85 86
a 1 3 7 8 10 11 18 21 24 25 26 29 30 36 38 41 44 47 48 54 56 57 61 62 64 65 68 70 75 77 78 81 82 84 85 86
a 1 3 7 8 10 11 18 21 24 25 26 29 30 36 38 41 44 47 48 54 55 56 57 61 62 64 65 68 75 77 78 81 82 84 85 86
a 1 3 7 8 10 11 18 21 24 25 26 27 29 30 36 38 41 44 47 48 54 55 56 57 61 62 64 65 68 75 77 78 81 82 84 86
a 1 3 7 8 10 11 17 18 21 24 25 26 27 29 30 36 38 41 44 47 48 54 55 56 57 61 62 64 65 68 75 77 78 81 82 86
a 1 3 7 8 10 11 16 17 18 21 24 25 26 27 29 30 36 38 41 44 47 48 54 55 56 57 61 62 64 65 68 75 78 81 82 86
a 1 3 6 7 8 10 11 16 17 18 21 24 25 26 27 29 30 36 38 41 44 48 54 55 56 57 61 62 64 65 68 75 78 81 82 86
Reconfiguration time = 0.788335
	Command being timed: "timeout 600s ../ddreconf/ddreconf ../benchmark_instances/2023result/docs/solver/benchmark/2022benchmark/benchmark/color04/david.col --st --stfile=../benchmark_instances/2023result/docs/solver/benchmark/2022benchmark/benchmark/color04/david_01.dat --tj --indset"
	User time (seconds): 59.06
	System time (seconds): 2.41
	Percent of CPU this job got: 99%
	Elapsed (wall clock) time (h:mm:ss or m:ss): 1:01.68
	Average shared text size (kbytes): 0
	Average unshared data size (kbytes): 0
	Average stack size (kbytes): 0
	Average total size (kbytes): 0
	Maximum resident set size (kbytes): 4356392
	Average resident set size (kbytes): 0
	Major (requiring I/O) page faults: 0
	Minor (reclaiming a frame) page faults: 271872
	Voluntary context switches: 4
	Involuntary context switches: 85
	Swaps: 0
	File system inputs: 8
	File system outputs: 16
	Socket messages sent: 0
	Socket messages received: 0
	Signals delivered: 0
	Page size (bytes): 4096
	Exit status: 0
