Input graph file parsed. # of vertices = 125, # of edges = 3891
s 88 15 45 87 6 14 25 107 113
t 76 87 122 63 6 14 25 33 107
Solution space ZDD construction start
Solution space ZDD construction end
Solution space ZDD construction time = 986.174384
Solution space ZDD size = 94405
# of elements in the solution space = 537509
Start searching a reconfiguration sequence from s to t
Step 1 time = 0.000321, # ZDD nodes = 17, # elems = 9
Step 2 time = 0.000512, # ZDD nodes = 28, # elems = 5
Step 3 time = 0.000665, # ZDD nodes = 46, # elems = 13
Step 4 time = 0.001091, # ZDD nodes = 41, # elems = 6
t found
a YES
a 6 14 15 25 45 87 88 107 113
a 6 14 15 25 76 87 88 107 113
a 6 14 25 63 76 87 88 107 113
a 6 14 25 33 63 76 87 107 113
a 6 14 25 33 63 76 87 107 122
Reconfiguration time = 0.004670
	Command being timed: "timeout 0.5h ../ddreconf/ddreconf ../instances_pwwt_col/DSJC125.5.pwwt.col --st --stfile=../benchmark_instances/2023result/docs/solver/benchmark/2022benchmark/benchmark/color04/DSJC125.5_01.dat --tj --indset"
	User time (seconds): 947.45
	System time (seconds): 35.22
	Percent of CPU this job got: 99%
	Elapsed (wall clock) time (h:mm:ss or m:ss): 16:26.57
	Average shared text size (kbytes): 0
	Average unshared data size (kbytes): 0
	Average stack size (kbytes): 0
	Average total size (kbytes): 0
	Maximum resident set size (kbytes): 70206848
	Average resident set size (kbytes): 0
	Major (requiring I/O) page faults: 0
	Minor (reclaiming a frame) page faults: 746752
	Voluntary context switches: 3
	Involuntary context switches: 929
	Swaps: 0
	File system inputs: 0
	File system outputs: 16
	Socket messages sent: 0
	Socket messages received: 0
	Signals delivered: 0
	Page size (bytes): 4096
	Exit status: 0
