Input graph file parsed. # of vertices = 125, # of edges = 6961
s 90 30 125
t 20 85 109
Solution space ZDD construction start
Solution space ZDD construction end
Solution space ZDD construction time = 6.635737
Solution space ZDD size = 888
# of elements in the solution space = 1250
Start searching a reconfiguration sequence from s to t
Step 1 time = 0.000150, # ZDD nodes = 12, # elems = 7
Step 2 time = 0.000345, # ZDD nodes = 14, # elems = 6
Step 3 time = 0.000427, # ZDD nodes = 13, # elems = 7
Step 4 time = 0.000515, # ZDD nodes = 30, # elems = 14
Step 5 time = 0.000915, # ZDD nodes = 48, # elems = 24
Step 6 time = 0.001784, # ZDD nodes = 85, # elems = 41
Step 7 time = 0.004373, # ZDD nodes = 110, # elems = 54
Step 8 time = 0.005515, # ZDD nodes = 124, # elems = 60
t found
a YES
a 30 90 125
a 51 90 125
a 51 55 125
a 36 55 125
a 36 45 55
a 20 36 45
a 20 45 79
a 20 79 85
a 20 85 109
Reconfiguration time = 0.017569
	Command being timed: "timeout 0.5h ../ddreconf/ddreconf ../instances_pw_col/DSJC125.9.pw.col --st --stfile=../benchmark_instances/2023result/docs/solver/benchmark/2022benchmark/benchmark/color04/DSJC125.9_02.dat --tj --indset"
	User time (seconds): 6.38
	System time (seconds): 0.29
	Percent of CPU this job got: 99%
	Elapsed (wall clock) time (h:mm:ss or m:ss): 0:06.70
	Average shared text size (kbytes): 0
	Average unshared data size (kbytes): 0
	Average stack size (kbytes): 0
	Average total size (kbytes): 0
	Maximum resident set size (kbytes): 599992
	Average resident set size (kbytes): 0
	Major (requiring I/O) page faults: 0
	Minor (reclaiming a frame) page faults: 32330
	Voluntary context switches: 4
	Involuntary context switches: 8
	Swaps: 0
	File system inputs: 8
	File system outputs: 16
	Socket messages sent: 0
	Socket messages received: 0
	Signals delivered: 0
	Page size (bytes): 4096
	Exit status: 0
