Input graph file parsed. # of vertices = 1000, # of edges = 449449
s 145 184 672 793 805
t 145 674 719 793 805
Solution space ZDD construction start
Command exited with non-zero status 124
	Command being timed: "timeout 2.0h ../ddreconf/ddreconf ../instances_pw_col/DSJC1000.9.pw.col --st --stfile=../benchmark_instances/2023result/docs/solver/benchmark/2022benchmark/benchmark/color04/DSJC1000.9_02.dat --tj --indset"
	User time (seconds): 5715.63
	System time (seconds): 1464.15
	Percent of CPU this job got: 99%
	Elapsed (wall clock) time (h:mm:ss or m:ss): 2:00:05
	Average shared text size (kbytes): 0
	Average unshared data size (kbytes): 0
	Average stack size (kbytes): 0
	Average total size (kbytes): 0
	Maximum resident set size (kbytes): 295482012
	Average resident set size (kbytes): 0
	Major (requiring I/O) page faults: 0
	Minor (reclaiming a frame) page faults: 1518895092
	Voluntary context switches: 9
	Involuntary context switches: 8005
	Swaps: 0
	File system inputs: 0
	File system outputs: 8
	Socket messages sent: 0
	Socket messages received: 0
	Signals delivered: 0
	Page size (bytes): 4096
	Exit status: 124
