Input graph file parsed. # of vertices = 500, # of edges = 12458
s 15 169 279 72 214 377 362 30 95 9 152 469 218 124 267 278 442 110 146 424 490 107 373 301 226 86 419 412 157 210 327 261 299 368 463 474 50 103 245 297 298 133 354 435 458 461 132 174 64 275 375 480 487 94 445 472 467
t 15 169 279 72 214 362 30 95 9 152 469 218 124 267 278 110 424 490 107 373 301 226 86 419 412 157 210 327 125 261 299 178 368 463 474 50 103 245 297 298 427 133 354 435 458 461 132 174 64 275 375 480 487 94 445 472 467
Solution space ZDD construction start
Command exited with non-zero status 124
	Command being timed: "timeout 2.0h ../ddreconf/ddreconf ../instances_pwwt_col/DSJC500.1.pwwt.col --st --stfile=../benchmark_instances/2023result/docs/solver/benchmark/2022benchmark/benchmark/color04/DSJC500.1_01.dat --tj --indset"
	User time (seconds): 6190.32
	System time (seconds): 988.91
	Percent of CPU this job got: 99%
	Elapsed (wall clock) time (h:mm:ss or m:ss): 2:00:05
	Average shared text size (kbytes): 0
	Average unshared data size (kbytes): 0
	Average stack size (kbytes): 0
	Average total size (kbytes): 0
	Maximum resident set size (kbytes): 282312512
	Average resident set size (kbytes): 0
	Major (requiring I/O) page faults: 0
	Minor (reclaiming a frame) page faults: 967333882
	Voluntary context switches: 9
	Involuntary context switches: 7886
	Swaps: 0
	File system inputs: 112
	File system outputs: 8
	Socket messages sent: 0
	Socket messages received: 0
	Signals delivered: 0
	Page size (bytes): 4096
	Exit status: 124
