Input graph file parsed. # of vertices = 125, # of edges = 6961
s 5 33 63 103
t 5 23 33 103
Solution space ZDD construction start
Solution space ZDD construction end
Solution space ZDD construction time = 6.577689
Solution space ZDD size = 888
# of elements in the solution space = 1250
Start searching a reconfiguration sequence from s to t
Step 1 time = 0.000121, # ZDD nodes = 4, # elems = 1
t found
a YES
a 5 33 63 103
a 5 23 33 103
Reconfiguration time = 0.002367
	Command being timed: "timeout 0.5h ../ddreconf/ddreconf ../instances_pwwt_col/DSJC125.9.pwwt.col --st --stfile=../benchmark_instances/2023result/docs/solver/benchmark/2022benchmark/benchmark/color04/DSJC125.9_01.dat --tj --indset"
	User time (seconds): 6.30
	System time (seconds): 0.30
	Percent of CPU this job got: 99%
	Elapsed (wall clock) time (h:mm:ss or m:ss): 0:06.63
	Average shared text size (kbytes): 0
	Average unshared data size (kbytes): 0
	Average stack size (kbytes): 0
	Average total size (kbytes): 0
	Maximum resident set size (kbytes): 596424
	Average resident set size (kbytes): 0
	Major (requiring I/O) page faults: 0
	Minor (reclaiming a frame) page faults: 35142
	Voluntary context switches: 3
	Involuntary context switches: 12
	Swaps: 0
	File system inputs: 0
	File system outputs: 16
	Socket messages sent: 0
	Socket messages received: 0
	Signals delivered: 0
	Page size (bytes): 4096
	Exit status: 0
