Input graph file parsed. # of vertices = 500, # of edges = 58862
s 329 27 326 17 495 464
t 273 164 106 222 447 464
Solution space ZDD construction start
Command exited with non-zero status 124
	Command being timed: "timeout 2.0h ../ddreconf/ddreconf ../instances_pw_col/DSJR500.5.pw.col --st --stfile=../benchmark_instances/2023result/docs/solver/benchmark/2022benchmark/benchmark/color04/DSJR500.5_02.dat --tj --indset"
	User time (seconds): 6039.53
	System time (seconds): 1140.84
	Percent of CPU this job got: 99%
	Elapsed (wall clock) time (h:mm:ss or m:ss): 2:00:07
	Average shared text size (kbytes): 0
	Average unshared data size (kbytes): 0
	Average stack size (kbytes): 0
	Average total size (kbytes): 0
	Maximum resident set size (kbytes): 276224864
	Average resident set size (kbytes): 0
	Major (requiring I/O) page faults: 0
	Minor (reclaiming a frame) page faults: 1145647490
	Voluntary context switches: 24
	Involuntary context switches: 5820
	Swaps: 0
	File system inputs: 0
	File system outputs: 8
	Socket messages sent: 0
	Socket messages received: 0
	Signals delivered: 0
	Page size (bytes): 4096
	Exit status: 124
