Input graph file parsed. # of vertices = 500, # of edges = 121275
s 234 35 148 284 201 301 382 472 61 83 1 8
t 234 35 148 284 201 301 382 472 61 28 383 459
Solution space ZDD construction start
Solution space ZDD construction end
Solution space ZDD construction time = 1459.246537
Solution space ZDD size = 4653
# of elements in the solution space = 94552
Start searching a reconfiguration sequence from s to t
Step 1 time = 0.104922, # ZDD nodes = 33, # elems = 13
Step 2 time = 0.005554, # ZDD nodes = 33, # elems = 13
Step 3 time = 0.009948, # ZDD nodes = 33, # elems = 14
Step 4 time = 0.099521, # ZDD nodes = 24, # elems = 11
t found
a YES
a 1 8 35 61 83 148 201 234 284 301 382 472
a 1 3 35 61 83 148 201 234 284 301 382 472
a 3 35 61 83 148 201 234 284 301 382 459 472
a 3 35 61 148 201 234 284 301 382 383 459 472
a 28 35 61 148 201 234 284 301 382 383 459 472
Reconfiguration time = 0.332006
	Command being timed: "timeout 0.5h ../ddreconf/ddreconf ../instances_pw_col/DSJR500.1c.pw.col --st --stfile=../benchmark_instances/2023result/docs/solver/benchmark/2022benchmark/benchmark/color04/DSJR500.1c_02.dat --tj --indset"
	User time (seconds): 1281.62
	System time (seconds): 177.29
	Percent of CPU this job got: 99%
	Elapsed (wall clock) time (h:mm:ss or m:ss): 24:24.54
	Average shared text size (kbytes): 0
	Average unshared data size (kbytes): 0
	Average stack size (kbytes): 0
	Average total size (kbytes): 0
	Maximum resident set size (kbytes): 137894468
	Average resident set size (kbytes): 0
	Major (requiring I/O) page faults: 0
	Minor (reclaiming a frame) page faults: 84862243
	Voluntary context switches: 8
	Involuntary context switches: 2254
	Swaps: 0
	File system inputs: 8
	File system outputs: 16
	Socket messages sent: 0
	Socket messages received: 0
	Signals delivered: 0
	Page size (bytes): 4096
	Exit status: 0
