Input graph file parsed. # of vertices = 64, # of edges = 95
s 2 6 9 11 14 4 16 21 24 26 29 19 31 36 39 41 44 34 46 51 54 56 59 49 61 64
t 2 6 9 11 14 4 16 21 24 26 29 19 31 36 39 41 44 34 46 52 53 57 58 49 62 63
Solution space ZDD construction start
Solution space ZDD construction end
Solution space ZDD construction time = 0.004772
Solution space ZDD size = 250
# of elements in the solution space = 1113597391920
Start searching a reconfiguration sequence from s to t
Step 1 time = 0.000182, # ZDD nodes = 51, # elems = 5
Step 2 time = 0.000190, # ZDD nodes = 68, # elems = 10
Step 3 time = 0.000101, # ZDD nodes = 78, # elems = 12
Step 4 time = 0.000107, # ZDD nodes = 82, # elems = 13
Step 5 time = 0.000119, # ZDD nodes = 78, # elems = 14
Step 6 time = 0.000106, # ZDD nodes = 84, # elems = 12
Step 7 time = 0.000240, # ZDD nodes = 79, # elems = 8
Step 8 time = 0.000110, # ZDD nodes = 69, # elems = 5
Step 9 time = 0.000107, # ZDD nodes = 60, # elems = 4
Step 10 time = 0.000091, # ZDD nodes = 60, # elems = 4
Step 11 time = 0.000069, # ZDD nodes = 63, # elems = 4
Step 12 time = 0.000087, # ZDD nodes = 65, # elems = 4
Step 13 time = 0.000069, # ZDD nodes = 65, # elems = 5
Step 14 time = 0.000116, # ZDD nodes = 66, # elems = 7
Step 15 time = 0.000092, # ZDD nodes = 68, # elems = 10
Step 16 time = 0.000093, # ZDD nodes = 82, # elems = 18
Step 17 time = 0.000130, # ZDD nodes = 99, # elems = 30
Step 18 time = 0.000145, # ZDD nodes = 115, # elems = 38
Step 19 time = 0.000173, # ZDD nodes = 121, # elems = 37
Step 20 time = 0.000188, # ZDD nodes = 113, # elems = 28
Step 21 time = 0.000161, # ZDD nodes = 96, # elems = 16
Step 22 time = 0.000103, # ZDD nodes = 69, # elems = 7
Step 23 time = 0.000077, # ZDD nodes = 52, # elems = 3
Step 24 time = 0.000079, # ZDD nodes = 46, # elems = 2
Step 25 time = 0.000094, # ZDD nodes = 48, # elems = 2
Step 26 time = 0.000057, # ZDD nodes = 48, # elems = 2
Step 27 time = 0.000073, # ZDD nodes = 48, # elems = 3
Step 28 time = 0.000085, # ZDD nodes = 54, # elems = 4
Step 29 time = 0.000084, # ZDD nodes = 55, # elems = 5
Step 30 time = 0.000086, # ZDD nodes = 60, # elems = 8
Step 31 time = 0.000090, # ZDD nodes = 71, # elems = 11
Step 32 time = 0.000085, # ZDD nodes = 83, # elems = 13
Step 33 time = 0.000166, # ZDD nodes = 88, # elems = 13
Step 34 time = 0.000113, # ZDD nodes = 84, # elems = 10
Step 35 time = 0.000142, # ZDD nodes = 67, # elems = 6
Step 36 time = 0.000079, # ZDD nodes = 53, # elems = 3
Step 37 time = 0.000096, # ZDD nodes = 45, # elems = 2
Step 38 time = 0.000056, # ZDD nodes = 46, # elems = 2
Step 39 time = 0.000059, # ZDD nodes = 48, # elems = 2
Step 40 time = 0.000055, # ZDD nodes = 48, # elems = 2
Step 41 time = 0.000073, # ZDD nodes = 48, # elems = 3
Step 42 time = 0.000055, # ZDD nodes = 53, # elems = 4
Step 43 time = 0.000067, # ZDD nodes = 55, # elems = 6
Step 44 time = 0.000071, # ZDD nodes = 69, # elems = 12
Step 45 time = 0.000113, # ZDD nodes = 91, # elems = 21
Step 46 time = 0.000135, # ZDD nodes = 123, # elems = 36
Step 47 time = 0.000188, # ZDD nodes = 142, # elems = 60
Step 48 time = 0.000276, # ZDD nodes = 156, # elems = 84
Step 49 time = 0.000195, # ZDD nodes = 156, # elems = 94
Step 50 time = 0.000230, # ZDD nodes = 151, # elems = 85
Step 51 time = 0.000212, # ZDD nodes = 146, # elems = 62
Step 52 time = 0.000167, # ZDD nodes = 136, # elems = 38
Step 53 time = 0.000196, # ZDD nodes = 123, # elems = 22
Step 54 time = 0.000144, # ZDD nodes = 117, # elems = 15
Step 55 time = 0.000183, # ZDD nodes = 114, # elems = 14
Step 56 time = 0.000231, # ZDD nodes = 117, # elems = 17
Step 57 time = 0.000186, # ZDD nodes = 118, # elems = 22
Step 58 time = 0.000158, # ZDD nodes = 120, # elems = 29
Step 59 time = 0.000155, # ZDD nodes = 126, # elems = 37
Step 60 time = 0.000141, # ZDD nodes = 124, # elems = 40
Step 61 time = 0.000174, # ZDD nodes = 118, # elems = 37
Step 62 time = 0.000187, # ZDD nodes = 114, # elems = 29
Step 63 time = 0.000124, # ZDD nodes = 102, # elems = 19
Step 64 time = 0.000106, # ZDD nodes = 90, # elems = 12
Step 65 time = 0.000073, # ZDD nodes = 69, # elems = 7
Step 66 time = 0.000048, # ZDD nodes = 46, # elems = 4
Step 67 time = 0.000042, # ZDD nodes = 33, # elems = 2
Step 68 time = 0.000033, # ZDD nodes = 26, # elems = 1
Step 69 time = 0.000026, # ZDD nodes = 26, # elems = 1
Step 70 time = 0.000066, # ZDD nodes = 26, # elems = 1
Step 71 time = 0.000030, # ZDD nodes = 26, # elems = 1
Step 72 time = 0.000103, # ZDD nodes = 26, # elems = 1
Step 73 time = 0.000034, # ZDD nodes = 31, # elems = 2
Step 74 time = 0.000034, # ZDD nodes = 36, # elems = 2
Step 75 time = 0.000074, # ZDD nodes = 39, # elems = 4
Step 76 time = 0.000061, # ZDD nodes = 53, # elems = 8
Step 77 time = 0.000067, # ZDD nodes = 70, # elems = 12
Step 78 time = 0.000110, # ZDD nodes = 92, # elems = 18
Step 79 time = 0.000120, # ZDD nodes = 108, # elems = 25
Step 80 time = 0.000248, # ZDD nodes = 122, # elems = 30
Step 81 time = 0.000225, # ZDD nodes = 129, # elems = 32
Step 82 time = 0.000215, # ZDD nodes = 130, # elems = 30
Step 83 time = 0.000158, # ZDD nodes = 124, # elems = 23
Step 84 time = 0.000144, # ZDD nodes = 113, # elems = 15
Step 85 time = 0.000101, # ZDD nodes = 99, # elems = 9
Step 86 time = 0.000105, # ZDD nodes = 88, # elems = 6
Step 87 time = 0.000095, # ZDD nodes = 84, # elems = 6
Step 88 time = 0.000094, # ZDD nodes = 88, # elems = 7
Step 89 time = 0.000099, # ZDD nodes = 89, # elems = 9
Step 90 time = 0.000099, # ZDD nodes = 91, # elems = 12
Step 91 time = 0.000104, # ZDD nodes = 97, # elems = 14
Step 92 time = 0.000098, # ZDD nodes = 96, # elems = 14
Step 93 time = 0.000141, # ZDD nodes = 89, # elems = 13
Step 94 time = 0.000093, # ZDD nodes = 83, # elems = 11
Step 95 time = 0.000073, # ZDD nodes = 75, # elems = 9
Step 96 time = 0.000067, # ZDD nodes = 71, # elems = 8
Step 97 time = 0.000088, # ZDD nodes = 61, # elems = 6
Step 98 time = 0.000032, # ZDD nodes = 46, # elems = 4
Step 99 time = 0.000065, # ZDD nodes = 33, # elems = 2
Step 100 time = 0.000026, # ZDD nodes = 26, # elems = 1
Step 101 time = 0.000024, # ZDD nodes = 26, # elems = 1
Step 102 time = 0.000026, # ZDD nodes = 26, # elems = 1
Step 103 time = 0.000025, # ZDD nodes = 26, # elems = 1
Step 104 time = 0.000025, # ZDD nodes = 26, # elems = 1
Step 105 time = 0.000027, # ZDD nodes = 31, # elems = 2
Step 106 time = 0.000027, # ZDD nodes = 36, # elems = 2
Step 107 time = 0.000028, # ZDD nodes = 39, # elems = 4
Step 108 time = 0.000071, # ZDD nodes = 57, # elems = 8
Step 109 time = 0.000076, # ZDD nodes = 78, # elems = 13
Step 110 time = 0.000072, # ZDD nodes = 108, # elems = 23
Step 111 time = 0.000089, # ZDD nodes = 136, # elems = 40
Step 112 time = 0.000116, # ZDD nodes = 159, # elems = 66
Step 113 time = 0.000195, # ZDD nodes = 179, # elems = 110
Step 114 time = 0.000163, # ZDD nodes = 204, # elems = 174
Step 115 time = 0.000208, # ZDD nodes = 227, # elems = 241
Step 116 time = 0.000186, # ZDD nodes = 245, # elems = 285
Step 117 time = 0.000197, # ZDD nodes = 255, # elems = 285
Step 118 time = 0.000200, # ZDD nodes = 258, # elems = 239
Step 119 time = 0.000232, # ZDD nodes = 254, # elems = 170
Step 120 time = 0.000272, # ZDD nodes = 249, # elems = 110
Step 121 time = 0.000273, # ZDD nodes = 242, # elems = 75
Step 122 time = 0.000293, # ZDD nodes = 238, # elems = 66
Step 123 time = 0.000216, # ZDD nodes = 235, # elems = 73
Step 124 time = 0.000230, # ZDD nodes = 235, # elems = 86
Step 125 time = 0.000293, # ZDD nodes = 228, # elems = 103
Step 126 time = 0.000224, # ZDD nodes = 216, # elems = 121
Step 127 time = 0.000183, # ZDD nodes = 205, # elems = 133
Step 128 time = 0.000162, # ZDD nodes = 190, # elems = 135
Step 129 time = 0.000143, # ZDD nodes = 187, # elems = 125
Step 130 time = 0.000179, # ZDD nodes = 188, # elems = 102
Step 131 time = 0.000223, # ZDD nodes = 184, # elems = 74
Step 132 time = 0.000175, # ZDD nodes = 176, # elems = 49
Step 133 time = 0.000132, # ZDD nodes = 159, # elems = 29
Step 134 time = 0.000110, # ZDD nodes = 134, # elems = 17
Step 135 time = 0.000109, # ZDD nodes = 122, # elems = 11
Step 136 time = 0.000107, # ZDD nodes = 117, # elems = 9
Step 137 time = 0.000106, # ZDD nodes = 120, # elems = 10
Step 138 time = 0.000109, # ZDD nodes = 122, # elems = 12
Step 139 time = 0.000108, # ZDD nodes = 119, # elems = 16
Step 140 time = 0.000105, # ZDD nodes = 127, # elems = 26
Step 141 time = 0.000110, # ZDD nodes = 143, # elems = 44
Step 142 time = 0.000124, # ZDD nodes = 163, # elems = 69
Step 143 time = 0.000132, # ZDD nodes = 179, # elems = 102
Step 144 time = 0.000137, # ZDD nodes = 190, # elems = 131
Step 145 time = 0.000176, # ZDD nodes = 198, # elems = 143
Step 146 time = 0.000210, # ZDD nodes = 203, # elems = 137
Step 147 time = 0.000206, # ZDD nodes = 207, # elems = 116
Step 148 time = 0.000138, # ZDD nodes = 215, # elems = 89
Step 149 time = 0.000135, # ZDD nodes = 219, # elems = 67
Step 150 time = 0.000243, # ZDD nodes = 221, # elems = 52
Step 151 time = 0.000142, # ZDD nodes = 216, # elems = 41
Step 152 time = 0.000128, # ZDD nodes = 211, # elems = 35
Step 153 time = 0.000280, # ZDD nodes = 203, # elems = 34
Step 154 time = 0.000191, # ZDD nodes = 194, # elems = 39
Step 155 time = 0.000197, # ZDD nodes = 190, # elems = 48
Step 156 time = 0.000197, # ZDD nodes = 190, # elems = 54
Step 157 time = 0.000126, # ZDD nodes = 182, # elems = 55
Step 158 time = 0.000197, # ZDD nodes = 167, # elems = 50
Step 159 time = 0.000111, # ZDD nodes = 151, # elems = 39
Step 160 time = 0.000130, # ZDD nodes = 129, # elems = 27
Step 161 time = 0.000075, # ZDD nodes = 109, # elems = 18
Step 162 time = 0.000071, # ZDD nodes = 92, # elems = 12
Step 163 time = 0.000045, # ZDD nodes = 75, # elems = 9
Step 164 time = 0.000035, # ZDD nodes = 71, # elems = 8
Step 165 time = 0.000032, # ZDD nodes = 61, # elems = 6
Step 166 time = 0.000028, # ZDD nodes = 46, # elems = 4
Step 167 time = 0.000026, # ZDD nodes = 33, # elems = 2
Step 168 time = 0.000023, # ZDD nodes = 26, # elems = 1
Step 169 time = 0.000022, # ZDD nodes = 26, # elems = 1
Step 170 time = 0.000023, # ZDD nodes = 26, # elems = 1
Step 171 time = 0.000022, # ZDD nodes = 26, # elems = 1
Step 172 time = 0.000022, # ZDD nodes = 26, # elems = 1
Step 173 time = 0.000025, # ZDD nodes = 31, # elems = 2
Step 174 time = 0.000024, # ZDD nodes = 36, # elems = 2
Step 175 time = 0.000025, # ZDD nodes = 39, # elems = 4
Step 176 time = 0.000029, # ZDD nodes = 57, # elems = 8
Step 177 time = 0.000119, # ZDD nodes = 78, # elems = 13
Step 178 time = 0.000053, # ZDD nodes = 104, # elems = 23
Step 179 time = 0.000081, # ZDD nodes = 128, # elems = 39
Step 180 time = 0.000193, # ZDD nodes = 154, # elems = 59
Step 181 time = 0.000147, # ZDD nodes = 175, # elems = 85
Step 182 time = 0.000233, # ZDD nodes = 204, # elems = 116
Step 183 time = 0.000199, # ZDD nodes = 228, # elems = 143
Step 184 time = 0.000285, # ZDD nodes = 246, # elems = 157
Step 185 time = 0.000302, # ZDD nodes = 256, # elems = 151
Step 186 time = 0.000379, # ZDD nodes = 259, # elems = 125
Step 187 time = 0.000291, # ZDD nodes = 255, # elems = 90
Step 188 time = 0.000217, # ZDD nodes = 250, # elems = 61
Step 189 time = 0.000291, # ZDD nodes = 243, # elems = 45
Step 190 time = 0.000216, # ZDD nodes = 239, # elems = 43
Step 191 time = 0.000227, # ZDD nodes = 236, # elems = 49
Step 192 time = 0.000299, # ZDD nodes = 236, # elems = 56
Step 193 time = 0.000213, # ZDD nodes = 229, # elems = 64
Step 194 time = 0.000214, # ZDD nodes = 217, # elems = 71
Step 195 time = 0.000212, # ZDD nodes = 206, # elems = 74
Step 196 time = 0.000202, # ZDD nodes = 191, # elems = 73
Step 197 time = 0.000168, # ZDD nodes = 188, # elems = 66
Step 198 time = 0.000149, # ZDD nodes = 188, # elems = 53
Step 199 time = 0.000154, # ZDD nodes = 183, # elems = 38
Step 200 time = 0.000131, # ZDD nodes = 174, # elems = 25
Step 201 time = 0.000192, # ZDD nodes = 152, # elems = 15
Step 202 time = 0.000116, # ZDD nodes = 126, # elems = 9
Step 203 time = 0.000102, # ZDD nodes = 114, # elems = 6
Step 204 time = 0.000094, # ZDD nodes = 109, # elems = 5
Step 205 time = 0.000095, # ZDD nodes = 112, # elems = 6
Step 206 time = 0.000097, # ZDD nodes = 114, # elems = 7
Step 207 time = 0.000175, # ZDD nodes = 111, # elems = 10
Step 208 time = 0.000101, # ZDD nodes = 120, # elems = 17
Step 209 time = 0.000268, # ZDD nodes = 137, # elems = 28
Step 210 time = 0.000127, # ZDD nodes = 158, # elems = 43
Step 211 time = 0.000130, # ZDD nodes = 175, # elems = 61
Step 212 time = 0.000135, # ZDD nodes = 188, # elems = 74
Step 213 time = 0.000300, # ZDD nodes = 195, # elems = 77
Step 214 time = 0.000141, # ZDD nodes = 198, # elems = 72
Step 215 time = 0.000136, # ZDD nodes = 201, # elems = 62
Step 216 time = 0.000132, # ZDD nodes = 208, # elems = 52
Step 217 time = 0.000129, # ZDD nodes = 212, # elems = 45
Step 218 time = 0.000132, # ZDD nodes = 214, # elems = 39
Step 219 time = 0.000131, # ZDD nodes = 209, # elems = 32
Step 220 time = 0.000130, # ZDD nodes = 204, # elems = 26
Step 221 time = 0.000125, # ZDD nodes = 196, # elems = 23
Step 222 time = 0.000131, # ZDD nodes = 187, # elems = 25
Step 223 time = 0.000123, # ZDD nodes = 183, # elems = 29
Step 224 time = 0.000122, # ZDD nodes = 183, # elems = 31
Step 225 time = 0.000122, # ZDD nodes = 175, # elems = 31
Step 226 time = 0.000271, # ZDD nodes = 159, # elems = 28
Step 227 time = 0.000107, # ZDD nodes = 141, # elems = 23
Step 228 time = 0.000076, # ZDD nodes = 118, # elems = 18
Step 229 time = 0.000064, # ZDD nodes = 97, # elems = 14
Step 230 time = 0.000046, # ZDD nodes = 83, # elems = 11
Step 231 time = 0.000029, # ZDD nodes = 75, # elems = 9
Step 232 time = 0.000027, # ZDD nodes = 71, # elems = 8
Step 233 time = 0.000024, # ZDD nodes = 61, # elems = 6
Step 234 time = 0.000023, # ZDD nodes = 46, # elems = 4
Step 235 time = 0.000020, # ZDD nodes = 33, # elems = 2
Step 236 time = 0.000018, # ZDD nodes = 26, # elems = 1
Step 237 time = 0.000018, # ZDD nodes = 26, # elems = 1
Step 238 time = 0.000018, # ZDD nodes = 26, # elems = 1
Step 239 time = 0.000016, # ZDD nodes = 26, # elems = 1
Step 240 time = 0.000016, # ZDD nodes = 26, # elems = 1
Step 241 time = 0.000017, # ZDD nodes = 31, # elems = 2
Step 242 time = 0.000018, # ZDD nodes = 36, # elems = 2
Step 243 time = 0.000020, # ZDD nodes = 39, # elems = 4
Step 244 time = 0.000022, # ZDD nodes = 57, # elems = 8
Step 245 time = 0.000029, # ZDD nodes = 78, # elems = 13
Step 246 time = 0.000080, # ZDD nodes = 108, # elems = 23
Step 247 time = 0.000053, # ZDD nodes = 136, # elems = 40
Step 248 time = 0.000073, # ZDD nodes = 165, # elems = 66
Step 249 time = 0.000084, # ZDD nodes = 189, # elems = 110
Step 250 time = 0.000097, # ZDD nodes = 218, # elems = 174
Step 251 time = 0.000121, # ZDD nodes = 241, # elems = 241
Step 252 time = 0.000123, # ZDD nodes = 259, # elems = 285
Step 253 time = 0.000291, # ZDD nodes = 269, # elems = 285
Step 254 time = 0.000133, # ZDD nodes = 272, # elems = 239
Step 255 time = 0.000132, # ZDD nodes = 268, # elems = 170
Step 256 time = 0.000301, # ZDD nodes = 263, # elems = 110
Step 257 time = 0.000189, # ZDD nodes = 256, # elems = 75
Step 258 time = 0.000195, # ZDD nodes = 252, # elems = 66
Step 259 time = 0.000124, # ZDD nodes = 249, # elems = 73
Step 260 time = 0.000190, # ZDD nodes = 249, # elems = 86
Step 261 time = 0.000119, # ZDD nodes = 242, # elems = 103
Step 262 time = 0.000116, # ZDD nodes = 230, # elems = 121
Step 263 time = 0.000115, # ZDD nodes = 219, # elems = 133
Step 264 time = 0.000109, # ZDD nodes = 200, # elems = 135
Step 265 time = 0.000095, # ZDD nodes = 197, # elems = 125
Step 266 time = 0.000096, # ZDD nodes = 198, # elems = 102
Step 267 time = 0.000093, # ZDD nodes = 194, # elems = 74
Step 268 time = 0.000092, # ZDD nodes = 186, # elems = 49
Step 269 time = 0.000112, # ZDD nodes = 169, # elems = 29
Step 270 time = 0.000084, # ZDD nodes = 144, # elems = 17
Step 271 time = 0.000119, # ZDD nodes = 132, # elems = 11
Step 272 time = 0.000078, # ZDD nodes = 127, # elems = 9
Step 273 time = 0.000074, # ZDD nodes = 130, # elems = 10
Step 274 time = 0.000074, # ZDD nodes = 132, # elems = 12
Step 275 time = 0.000074, # ZDD nodes = 129, # elems = 16
Step 276 time = 0.000077, # ZDD nodes = 137, # elems = 26
Step 277 time = 0.000079, # ZDD nodes = 153, # elems = 44
Step 278 time = 0.000085, # ZDD nodes = 173, # elems = 69
Step 279 time = 0.000129, # ZDD nodes = 189, # elems = 102
Step 280 time = 0.000171, # ZDD nodes = 200, # elems = 131
Step 281 time = 0.000097, # ZDD nodes = 208, # elems = 143
Step 282 time = 0.000099, # ZDD nodes = 213, # elems = 137
Step 283 time = 0.000096, # ZDD nodes = 217, # elems = 116
Step 284 time = 0.000173, # ZDD nodes = 225, # elems = 89
Step 285 time = 0.000125, # ZDD nodes = 229, # elems = 67
Step 286 time = 0.000106, # ZDD nodes = 231, # elems = 52
Step 287 time = 0.000101, # ZDD nodes = 226, # elems = 41
Step 288 time = 0.000098, # ZDD nodes = 221, # elems = 35
Step 289 time = 0.000256, # ZDD nodes = 213, # elems = 34
Step 290 time = 0.000095, # ZDD nodes = 204, # elems = 39
Step 291 time = 0.000092, # ZDD nodes = 200, # elems = 48
Step 292 time = 0.000098, # ZDD nodes = 200, # elems = 54
Step 293 time = 0.000091, # ZDD nodes = 192, # elems = 55
Step 294 time = 0.000086, # ZDD nodes = 177, # elems = 50
Step 295 time = 0.000085, # ZDD nodes = 161, # elems = 39
Step 296 time = 0.000074, # ZDD nodes = 135, # elems = 27
Step 297 time = 0.000053, # ZDD nodes = 109, # elems = 18
Step 298 time = 0.000041, # ZDD nodes = 91, # elems = 12
Step 299 time = 0.000031, # ZDD nodes = 75, # elems = 9
Step 300 time = 0.000024, # ZDD nodes = 71, # elems = 8
Step 301 time = 0.000022, # ZDD nodes = 61, # elems = 6
Step 302 time = 0.000018, # ZDD nodes = 46, # elems = 4
Step 303 time = 0.000016, # ZDD nodes = 33, # elems = 2
Step 304 time = 0.000014, # ZDD nodes = 26, # elems = 1
Step 305 time = 0.000014, # ZDD nodes = 26, # elems = 1
Step 306 time = 0.000013, # ZDD nodes = 26, # elems = 1
Step 307 time = 0.000013, # ZDD nodes = 26, # elems = 1
Step 308 time = 0.000013, # ZDD nodes = 26, # elems = 1
Step 309 time = 0.000014, # ZDD nodes = 31, # elems = 2
Step 310 time = 0.000016, # ZDD nodes = 36, # elems = 2
Step 311 time = 0.000015, # ZDD nodes = 39, # elems = 4
Step 312 time = 0.000020, # ZDD nodes = 57, # elems = 8
Step 313 time = 0.000025, # ZDD nodes = 78, # elems = 13
Step 314 time = 0.000030, # ZDD nodes = 104, # elems = 23
Step 315 time = 0.000036, # ZDD nodes = 128, # elems = 39
Step 316 time = 0.000045, # ZDD nodes = 149, # elems = 58
Step 317 time = 0.000048, # ZDD nodes = 160, # elems = 78
Step 318 time = 0.000049, # ZDD nodes = 167, # elems = 91
Step 319 time = 0.000048, # ZDD nodes = 170, # elems = 86
Step 320 time = 0.000047, # ZDD nodes = 166, # elems = 65
Step 321 time = 0.000045, # ZDD nodes = 156, # elems = 41
Step 322 time = 0.000043, # ZDD nodes = 145, # elems = 24
Step 323 time = 0.000045, # ZDD nodes = 139, # elems = 17
Step 324 time = 0.000040, # ZDD nodes = 137, # elems = 17
Step 325 time = 0.000044, # ZDD nodes = 140, # elems = 20
Step 326 time = 0.000041, # ZDD nodes = 142, # elems = 26
Step 327 time = 0.000042, # ZDD nodes = 143, # elems = 33
Step 328 time = 0.000042, # ZDD nodes = 146, # elems = 37
Step 329 time = 0.000040, # ZDD nodes = 138, # elems = 39
Step 330 time = 0.000039, # ZDD nodes = 128, # elems = 38
Step 331 time = 0.000036, # ZDD nodes = 120, # elems = 32
Step 332 time = 0.000036, # ZDD nodes = 113, # elems = 25
Step 333 time = 0.000034, # ZDD nodes = 107, # elems = 18
Step 334 time = 0.000034, # ZDD nodes = 93, # elems = 11
Step 335 time = 0.000026, # ZDD nodes = 67, # elems = 6
Step 336 time = 0.000024, # ZDD nodes = 53, # elems = 3
Step 337 time = 0.000021, # ZDD nodes = 45, # elems = 2
Step 338 time = 0.000019, # ZDD nodes = 46, # elems = 2
Step 339 time = 0.000019, # ZDD nodes = 48, # elems = 2
Step 340 time = 0.000019, # ZDD nodes = 48, # elems = 2
Step 341 time = 0.000019, # ZDD nodes = 48, # elems = 3
Step 342 time = 0.000019, # ZDD nodes = 53, # elems = 4
Step 343 time = 0.000021, # ZDD nodes = 55, # elems = 6
Step 344 time = 0.000023, # ZDD nodes = 70, # elems = 12
Step 345 time = 0.000028, # ZDD nodes = 88, # elems = 20
Step 346 time = 0.000033, # ZDD nodes = 110, # elems = 29
Step 347 time = 0.000037, # ZDD nodes = 123, # elems = 37
Step 348 time = 0.000037, # ZDD nodes = 125, # elems = 37
Step 349 time = 0.000035, # ZDD nodes = 114, # elems = 28
Step 350 time = 0.000030, # ZDD nodes = 94, # elems = 17
Step 351 time = 0.000026, # ZDD nodes = 77, # elems = 9
Step 352 time = 0.000027, # ZDD nodes = 68, # elems = 5
Step 353 time = 0.000023, # ZDD nodes = 63, # elems = 4
Step 354 time = 0.000024, # ZDD nodes = 65, # elems = 4
Step 355 time = 0.000022, # ZDD nodes = 65, # elems = 5
Step 356 time = 0.000023, # ZDD nodes = 67, # elems = 7
Step 357 time = 0.000025, # ZDD nodes = 73, # elems = 9
Step 358 time = 0.000024, # ZDD nodes = 75, # elems = 12
Step 359 time = 0.000025, # ZDD nodes = 78, # elems = 14
t found
a YES
a 2 4 6 9 11 14 16 19 21 24 26 29 31 34 36 39 41 44 46 49 51 54 56 59 61 64
a 1 4 6 9 11 14 16 19 21 24 26 29 31 34 36 39 41 44 46 49 51 54 56 59 61 64
a 1 3 6 9 11 14 16 19 21 24 26 29 31 34 36 39 41 44 46 49 51 54 56 59 61 64
a 1 3 5 9 11 14 16 19 21 24 26 29 31 34 36 39 41 44 46 49 51 54 56 59 61 64
a 1 3 5 8 11 14 16 19 21 24 26 29 31 34 36 39 41 44 46 49 51 54 56 59 61 64
a 1 3 7 8 11 14 16 19 21 24 26 29 31 34 36 39 41 44 46 49 51 54 56 59 61 64
a 1 4 7 8 11 14 16 19 21 24 26 29 31 34 36 39 41 44 46 49 51 54 56 59 61 64
a 2 4 7 8 11 14 16 19 21 24 26 29 31 34 36 39 41 44 46 49 51 54 56 59 61 64
a 2 4 7 8 10 14 16 19 21 24 26 29 31 34 36 39 41 44 46 49 51 54 56 59 61 64
a 2 4 7 8 10 13 16 19 21 24 26 29 31 34 36 39 41 44 46 49 51 54 56 59 61 64
a 2 4 7 8 12 13 16 19 21 24 26 29 31 34 36 39 41 44 46 49 51 54 56 59 61 64
a 1 4 7 8 12 13 16 19 21 24 26 29 31 34 36 39 41 44 46 49 51 54 56 59 61 64
a 1 3 7 8 12 13 16 19 21 24 26 29 31 34 36 39 41 44 46 49 51 54 56 59 61 64
a 1 3 7 8 12 13 15 19 21 24 26 29 31 34 36 39 41 44 46 49 51 54 56 59 61 64
a 1 3 7 8 12 13 15 18 21 24 26 29 31 34 36 39 41 44 46 49 51 54 56 59 61 64
a 1 3 7 8 12 13 15 18 20 24 26 29 31 34 36 39 41 44 46 49 51 54 56 59 61 64
a 1 3 7 8 12 13 15 18 20 23 26 29 31 34 36 39 41 44 46 49 51 54 56 59 61 64
a 1 3 7 8 12 13 15 18 22 23 26 29 31 34 36 39 41 44 46 49 51 54 56 59 61 64
a 1 3 7 8 12 13 15 19 22 23 26 29 31 34 36 39 41 44 46 49 51 54 56 59 61 64
a 1 3 7 8 12 13 16 19 22 23 26 29 31 34 36 39 41 44 46 49 51 54 56 59 61 64
a 1 4 7 8 12 13 16 19 22 23 26 29 31 34 36 39 41 44 46 49 51 54 56 59 61 64
a 2 4 7 8 12 13 16 19 22 23 26 29 31 34 36 39 41 44 46 49 51 54 56 59 61 64
a 2 4 7 8 10 13 16 19 22 23 26 29 31 34 36 39 41 44 46 49 51 54 56 59 61 64
a 2 4 7 8 10 14 16 19 22 23 26 29 31 34 36 39 41 44 46 49 51 54 56 59 61 64
a 2 4 7 8 11 14 16 19 22 23 26 29 31 34 36 39 41 44 46 49 51 54 56 59 61 64
a 1 4 7 8 11 14 16 19 22 23 26 29 31 34 36 39 41 44 46 49 51 54 56 59 61 64
a 1 3 7 8 11 14 16 19 22 23 26 29 31 34 36 39 41 44 46 49 51 54 56 59 61 64
a 1 3 5 8 11 14 16 19 22 23 26 29 31 34 36 39 41 44 46 49 51 54 56 59 61 64
a 1 3 5 9 11 14 16 19 22 23 26 29 31 34 36 39 41 44 46 49 51 54 56 59 61 64
a 1 3 5 9 11 14 16 19 22 23 25 29 31 34 36 39 41 44 46 49 51 54 56 59 61 64
a 1 3 5 9 11 14 16 19 22 23 25 28 31 34 36 39 41 44 46 49 51 54 56 59 61 64
a 1 3 5 9 11 14 16 19 22 23 27 28 31 34 36 39 41 44 46 49 51 54 56 59 61 64
a 1 3 5 8 11 14 16 19 22 23 27 28 31 34 36 39 41 44 46 49 51 54 56 59 61 64
a 1 3 7 8 11 14 16 19 22 23 27 28 31 34 36 39 41 44 46 49 51 54 56 59 61 64
a 1 4 7 8 11 14 16 19 22 23 27 28 31 34 36 39 41 44 46 49 51 54 56 59 61 64
a 2 4 7 8 11 14 16 19 22 23 27 28 31 34 36 39 41 44 46 49 51 54 56 59 61 64
a 2 4 7 8 10 14 16 19 22 23 27 28 31 34 36 39 41 44 46 49 51 54 56 59 61 64
a 2 4 7 8 10 13 16 19 22 23 27 28 31 34 36 39 41 44 46 49 51 54 56 59 61 64
a 2 4 7 8 12 13 16 19 22 23 27 28 31 34 36 39 41 44 46 49 51 54 56 59 61 64
a 1 4 7 8 12 13 16 19 22 23 27 28 31 34 36 39 41 44 46 49 51 54 56 59 61 64
a 1 3 7 8 12 13 16 19 22 23 27 28 31 34 36 39 41 44 46 49 51 54 56 59 61 64
a 1 3 7 8 12 13 15 19 22 23 27 28 31 34 36 39 41 44 46 49 51 54 56 59 61 64
a 1 3 7 8 12 13 15 18 22 23 27 28 31 34 36 39 41 44 46 49 51 54 56 59 61 64
a 1 3 7 8 12 13 15 18 22 23 27 28 30 34 36 39 41 44 46 49 51 54 56 59 61 64
a 1 3 7 8 12 13 15 18 22 23 27 28 30 33 36 39 41 44 46 49 51 54 56 59 61 64
a 1 3 7 8 12 13 15 18 22 23 27 28 30 33 35 39 41 44 46 49 51 54 56 59 61 64
a 1 3 7 8 12 13 15 18 22 23 27 28 30 33 35 38 41 44 46 49 51 54 56 59 61 64
a 1 3 7 8 12 13 15 18 22 23 27 28 30 33 37 38 41 44 46 49 51 54 56 59 61 64
a 1 3 7 8 12 13 15 18 22 23 27 28 30 34 37 38 41 44 46 49 51 54 56 59 61 64
a 1 3 7 8 12 13 15 18 22 23 27 28 31 34 37 38 41 44 46 49 51 54 56 59 61 64
a 1 3 7 8 12 13 15 19 22 23 27 28 31 34 37 38 41 44 46 49 51 54 56 59 61 64
a 1 3 7 8 12 13 16 19 22 23 27 28 31 34 37 38 41 44 46 49 51 54 56 59 61 64
a 1 4 7 8 12 13 16 19 22 23 27 28 31 34 37 38 41 44 46 49 51 54 56 59 61 64
a 2 4 7 8 12 13 16 19 22 23 27 28 31 34 37 38 41 44 46 49 51 54 56 59 61 64
a 2 4 7 8 10 13 16 19 22 23 27 28 31 34 37 38 41 44 46 49 51 54 56 59 61 64
a 2 4 7 8 10 14 16 19 22 23 27 28 31 34 37 38 41 44 46 49 51 54 56 59 61 64
a 2 4 7 8 11 14 16 19 22 23 27 28 31 34 37 38 41 44 46 49 51 54 56 59 61 64
a 1 4 7 8 11 14 16 19 22 23 27 28 31 34 37 38 41 44 46 49 51 54 56 59 61 64
a 1 3 7 8 11 14 16 19 22 23 27 28 31 34 37 38 41 44 46 49 51 54 56 59 61 64
a 1 3 5 8 11 14 16 19 22 23 27 28 31 34 37 38 41 44 46 49 51 54 56 59 61 64
a 1 3 5 9 11 14 16 19 22 23 27 28 31 34 37 38 41 44 46 49 51 54 56 59 61 64
a 1 3 5 9 11 14 16 19 22 23 25 28 31 34 37 38 41 44 46 49 51 54 56 59 61 64
a 1 3 5 9 11 14 16 19 22 23 25 29 31 34 37 38 41 44 46 49 51 54 56 59 61 64
a 1 3 5 9 11 14 16 19 22 23 26 29 31 34 37 38 41 44 46 49 51 54 56 59 61 64
a 1 3 5 8 11 14 16 19 22 23 26 29 31 34 37 38 41 44 46 49 51 54 56 59 61 64
a 1 3 7 8 11 14 16 19 22 23 26 29 31 34 37 38 41 44 46 49 51 54 56 59 61 64
a 1 4 7 8 11 14 16 19 22 23 26 29 31 34 37 38 41 44 46 49 51 54 56 59 61 64
a 2 4 7 8 11 14 16 19 22 23 26 29 31 34 37 38 41 44 46 49 51 54 56 59 61 64
a 2 4 7 8 10 14 16 19 22 23 26 29 31 34 37 38 41 44 46 49 51 54 56 59 61 64
a 2 4 7 8 10 13 16 19 22 23 26 29 31 34 37 38 41 44 46 49 51 54 56 59 61 64
a 2 4 7 8 12 13 16 19 22 23 26 29 31 34 37 38 41 44 46 49 51 54 56 59 61 64
a 1 4 7 8 12 13 16 19 22 23 26 29 31 34 37 38 41 44 46 49 51 54 56 59 61 64
a 1 3 7 8 12 13 16 19 22 23 26 29 31 34 37 38 41 44 46 49 51 54 56 59 61 64
a 1 3 7 8 12 13 15 19 22 23 26 29 31 34 37 38 41 44 46 49 51 54 56 59 61 64
a 1 3 7 8 12 13 15 18 22 23 26 29 31 34 37 38 41 44 46 49 51 54 56 59 61 64
a 1 3 7 8 12 13 15 18 20 23 26 29 31 34 37 38 41 44 46 49 51 54 56 59 61 64
a 1 3 7 8 12 13 15 18 20 24 26 29 31 34 37 38 41 44 46 49 51 54 56 59 61 64
a 1 3 7 8 12 13 15 18 20 24 26 29 31 34 37 38 40 44 46 49 51 54 56 59 61 64
a 1 3 7 8 12 13 15 18 20 24 26 29 31 34 37 38 40 43 46 49 51 54 56 59 61 64
a 1 3 7 8 12 13 15 18 20 24 26 29 31 34 37 38 42 43 46 49 51 54 56 59 61 64
a 1 3 7 8 12 13 15 18 20 23 26 29 31 34 37 38 42 43 46 49 51 54 56 59 61 64
a 1 3 7 8 12 13 15 18 22 23 26 29 31 34 37 38 42 43 46 49 51 54 56 59 61 64
a 1 3 7 8 12 13 15 19 22 23 26 29 31 34 37 38 42 43 46 49 51 54 56 59 61 64
a 1 3 7 8 12 13 16 19 22 23 26 29 31 34 37 38 42 43 46 49 51 54 56 59 61 64
a 1 4 7 8 12 13 16 19 22 23 26 29 31 34 37 38 42 43 46 49 51 54 56 59 61 64
a 2 4 7 8 12 13 16 19 22 23 26 29 31 34 37 38 42 43 46 49 51 54 56 59 61 64
a 2 4 7 8 10 13 16 19 22 23 26 29 31 34 37 38 42 43 46 49 51 54 56 59 61 64
a 2 4 7 8 10 14 16 19 22 23 26 29 31 34 37 38 42 43 46 49 51 54 56 59 61 64
a 2 4 7 8 11 14 16 19 22 23 26 29 31 34 37 38 42 43 46 49 51 54 56 59 61 64
a 1 4 7 8 11 14 16 19 22 23 26 29 31 34 37 38 42 43 46 49 51 54 56 59 61 64
a 1 3 7 8 11 14 16 19 22 23 26 29 31 34 37 38 42 43 46 49 51 54 56 59 61 64
a 1 3 5 8 11 14 16 19 22 23 26 29 31 34 37 38 42 43 46 49 51 54 56 59 61 64
a 1 3 5 9 11 14 16 19 22 23 26 29 31 34 37 38 42 43 46 49 51 54 56 59 61 64
a 1 3 5 9 11 14 16 19 22 23 25 29 31 34 37 38 42 43 46 49 51 54 56 59 61 64
a 1 3 5 9 11 14 16 19 22 23 25 28 31 34 37 38 42 43 46 49 51 54 56 59 61 64
a 1 3 5 9 11 14 16 19 22 23 27 28 31 34 37 38 42 43 46 49 51 54 56 59 61 64
a 1 3 5 8 11 14 16 19 22 23 27 28 31 34 37 38 42 43 46 49 51 54 56 59 61 64
a 1 3 7 8 11 14 16 19 22 23 27 28 31 34 37 38 42 43 46 49 51 54 56 59 61 64
a 1 4 7 8 11 14 16 19 22 23 27 28 31 34 37 38 42 43 46 49 51 54 56 59 61 64
a 2 4 7 8 11 14 16 19 22 23 27 28 31 34 37 38 42 43 46 49 51 54 56 59 61 64
a 2 4 7 8 10 14 16 19 22 23 27 28 31 34 37 38 42 43 46 49 51 54 56 59 61 64
a 2 4 7 8 10 13 16 19 22 23 27 28 31 34 37 38 42 43 46 49 51 54 56 59 61 64
a 2 4 7 8 12 13 16 19 22 23 27 28 31 34 37 38 42 43 46 49 51 54 56 59 61 64
a 1 4 7 8 12 13 16 19 22 23 27 28 31 34 37 38 42 43 46 49 51 54 56 59 61 64
a 1 3 7 8 12 13 16 19 22 23 27 28 31 34 37 38 42 43 46 49 51 54 56 59 61 64
a 1 3 7 8 12 13 15 19 22 23 27 28 31 34 37 38 42 43 46 49 51 54 56 59 61 64
a 1 3 7 8 12 13 15 18 22 23 27 28 31 34 37 38 42 43 46 49 51 54 56 59 61 64
a 1 3 7 8 12 13 15 18 22 23 27 28 30 34 37 38 42 43 46 49 51 54 56 59 61 64
a 1 3 7 8 12 13 15 18 22 23 27 28 30 33 37 38 42 43 46 49 51 54 56 59 61 64
a 1 3 7 8 12 13 15 18 22 23 27 28 30 33 37 38 42 43 45 49 51 54 56 59 61 64
a 1 3 7 8 12 13 15 18 22 23 27 28 30 33 37 38 42 43 45 48 51 54 56 59 61 64
a 1 3 7 8 12 13 15 18 22 23 27 28 30 33 37 38 42 43 45 48 50 54 56 59 61 64
a 1 3 7 8 12 13 15 18 22 23 27 28 30 33 37 38 42 43 45 48 50 53 56 59 61 64
a 1 3 7 8 12 13 15 18 22 23 27 28 30 33 37 38 42 43 45 48 52 53 56 59 61 64
a 1 3 7 8 12 13 15 18 22 23 27 28 30 33 37 38 42 43 45 49 52 53 56 59 61 64
a 1 3 7 8 12 13 15 18 22 23 27 28 30 33 37 38 42 43 46 49 52 53 56 59 61 64
a 1 3 7 8 12 13 15 18 22 23 27 28 30 34 37 38 42 43 46 49 52 53 56 59 61 64
a 1 3 7 8 12 13 15 18 22 23 27 28 31 34 37 38 42 43 46 49 52 53 56 59 61 64
a 1 3 7 8 12 13 15 19 22 23 27 28 31 34 37 38 42 43 46 49 52 53 56 59 61 64
a 1 3 7 8 12 13 16 19 22 23 27 28 31 34 37 38 42 43 46 49 52 53 56 59 61 64
a 1 4 7 8 12 13 16 19 22 23 27 28 31 34 37 38 42 43 46 49 52 53 56 59 61 64
a 2 4 7 8 12 13 16 19 22 23 27 28 31 34 37 38 42 43 46 49 52 53 56 59 61 64
a 2 4 7 8 10 13 16 19 22 23 27 28 31 34 37 38 42 43 46 49 52 53 56 59 61 64
a 2 4 7 8 10 14 16 19 22 23 27 28 31 34 37 38 42 43 46 49 52 53 56 59 61 64
a 2 4 7 8 11 14 16 19 22 23 27 28 31 34 37 38 42 43 46 49 52 53 56 59 61 64
a 1 4 7 8 11 14 16 19 22 23 27 28 31 34 37 38 42 43 46 49 52 53 56 59 61 64
a 1 3 7 8 11 14 16 19 22 23 27 28 31 34 37 38 42 43 46 49 52 53 56 59 61 64
a 1 3 5 8 11 14 16 19 22 23 27 28 31 34 37 38 42 43 46 49 52 53 56 59 61 64
a 1 3 5 9 11 14 16 19 22 23 27 28 31 34 37 38 42 43 46 49 52 53 56 59 61 64
a 1 3 5 9 11 14 16 19 22 23 25 28 31 34 37 38 42 43 46 49 52 53 56 59 61 64
a 1 3 5 9 11 14 16 19 22 23 25 29 31 34 37 38 42 43 46 49 52 53 56 59 61 64
a 1 3 5 9 11 14 16 19 22 23 26 29 31 34 37 38 42 43 46 49 52 53 56 59 61 64
a 1 3 5 8 11 14 16 19 22 23 26 29 31 34 37 38 42 43 46 49 52 53 56 59 61 64
a 1 3 7 8 11 14 16 19 22 23 26 29 31 34 37 38 42 43 46 49 52 53 56 59 61 64
a 1 4 7 8 11 14 16 19 22 23 26 29 31 34 37 38 42 43 46 49 52 53 56 59 61 64
a 2 4 7 8 11 14 16 19 22 23 26 29 31 34 37 38 42 43 46 49 52 53 56 59 61 64
a 2 4 7 8 10 14 16 19 22 23 26 29 31 34 37 38 42 43 46 49 52 53 56 59 61 64
a 2 4 7 8 10 13 16 19 22 23 26 29 31 34 37 38 42 43 46 49 52 53 56 59 61 64
a 2 4 7 8 12 13 16 19 22 23 26 29 31 34 37 38 42 43 46 49 52 53 56 59 61 64
a 1 4 7 8 12 13 16 19 22 23 26 29 31 34 37 38 42 43 46 49 52 53 56 59 61 64
a 1 3 7 8 12 13 16 19 22 23 26 29 31 34 37 38 42 43 46 49 52 53 56 59 61 64
a 1 3 7 8 12 13 15 19 22 23 26 29 31 34 37 38 42 43 46 49 52 53 56 59 61 64
a 1 3 7 8 12 13 15 18 22 23 26 29 31 34 37 38 42 43 46 49 52 53 56 59 61 64
a 1 3 7 8 12 13 15 18 20 23 26 29 31 34 37 38 42 43 46 49 52 53 56 59 61 64
a 1 3 7 8 12 13 15 18 20 24 26 29 31 34 37 38 42 43 46 49 52 53 56 59 61 64
a 1 3 7 8 12 13 15 18 20 24 26 29 31 34 37 38 40 43 46 49 52 53 56 59 61 64
a 1 3 7 8 12 13 15 18 20 24 26 29 31 34 37 38 40 44 46 49 52 53 56 59 61 64
a 1 3 7 8 12 13 15 18 20 24 26 29 31 34 37 38 41 44 46 49 52 53 56 59 61 64
a 1 3 7 8 12 13 15 18 20 23 26 29 31 34 37 38 41 44 46 49 52 53 56 59 61 64
a 1 3 7 8 12 13 15 18 22 23 26 29 31 34 37 38 41 44 46 49 52 53 56 59 61 64
a 1 3 7 8 12 13 15 19 22 23 26 29 31 34 37 38 41 44 46 49 52 53 56 59 61 64
a 1 3 7 8 12 13 16 19 22 23 26 29 31 34 37 38 41 44 46 49 52 53 56 59 61 64
a 1 4 7 8 12 13 16 19 22 23 26 29 31 34 37 38 41 44 46 49 52 53 56 59 61 64
a 2 4 7 8 12 13 16 19 22 23 26 29 31 34 37 38 41 44 46 49 52 53 56 59 61 64
a 2 4 7 8 10 13 16 19 22 23 26 29 31 34 37 38 41 44 46 49 52 53 56 59 61 64
a 2 4 7 8 10 14 16 19 22 23 26 29 31 34 37 38 41 44 46 49 52 53 56 59 61 64
a 2 4 7 8 11 14 16 19 22 23 26 29 31 34 37 38 41 44 46 49 52 53 56 59 61 64
a 1 4 7 8 11 14 16 19 22 23 26 29 31 34 37 38 41 44 46 49 52 53 56 59 61 64
a 1 3 7 8 11 14 16 19 22 23 26 29 31 34 37 38 41 44 46 49 52 53 56 59 61 64
a 1 3 5 8 11 14 16 19 22 23 26 29 31 34 37 38 41 44 46 49 52 53 56 59 61 64
a 1 3 5 9 11 14 16 19 22 23 26 29 31 34 37 38 41 44 46 49 52 53 56 59 61 64
a 1 3 5 9 11 14 16 19 22 23 25 29 31 34 37 38 41 44 46 49 52 53 56 59 61 64
a 1 3 5 9 11 14 16 19 22 23 25 28 31 34 37 38 41 44 46 49 52 53 56 59 61 64
a 1 3 5 9 11 14 16 19 22 23 27 28 31 34 37 38 41 44 46 49 52 53 56 59 61 64
a 1 3 5 8 11 14 16 19 22 23 27 28 31 34 37 38 41 44 46 49 52 53 56 59 61 64
a 1 3 7 8 11 14 16 19 22 23 27 28 31 34 37 38 41 44 46 49 52 53 56 59 61 64
a 1 4 7 8 11 14 16 19 22 23 27 28 31 34 37 38 41 44 46 49 52 53 56 59 61 64
a 2 4 7 8 11 14 16 19 22 23 27 28 31 34 37 38 41 44 46 49 52 53 56 59 61 64
a 2 4 7 8 10 14 16 19 22 23 27 28 31 34 37 38 41 44 46 49 52 53 56 59 61 64
a 2 4 7 8 10 13 16 19 22 23 27 28 31 34 37 38 41 44 46 49 52 53 56 59 61 64
a 2 4 7 8 12 13 16 19 22 23 27 28 31 34 37 38 41 44 46 49 52 53 56 59 61 64
a 1 4 7 8 12 13 16 19 22 23 27 28 31 34 37 38 41 44 46 49 52 53 56 59 61 64
a 1 3 7 8 12 13 16 19 22 23 27 28 31 34 37 38 41 44 46 49 52 53 56 59 61 64
a 1 3 7 8 12 13 15 19 22 23 27 28 31 34 37 38 41 44 46 49 52 53 56 59 61 64
a 1 3 7 8 12 13 15 18 22 23 27 28 31 34 37 38 41 44 46 49 52 53 56 59 61 64
a 1 3 7 8 12 13 15 18 22 23 27 28 30 34 37 38 41 44 46 49 52 53 56 59 61 64
a 1 3 7 8 12 13 15 18 22 23 27 28 30 33 37 38 41 44 46 49 52 53 56 59 61 64
a 1 3 7 8 12 13 15 18 22 23 27 28 30 33 35 38 41 44 46 49 52 53 56 59 61 64
a 1 3 7 8 12 13 15 18 22 23 27 28 30 33 35 39 41 44 46 49 52 53 56 59 61 64
a 1 3 7 8 12 13 15 18 22 23 27 28 30 33 35 39 41 44 46 49 52 53 55 59 61 64
a 1 3 7 8 12 13 15 18 22 23 27 28 30 33 35 39 41 44 46 49 52 53 55 58 61 64
a 1 3 7 8 12 13 15 18 22 23 27 28 30 33 35 39 41 44 46 49 52 53 57 58 61 64
a 1 3 7 8 12 13 15 18 22 23 27 28 30 33 35 38 41 44 46 49 52 53 57 58 61 64
a 1 3 7 8 12 13 15 18 22 23 27 28 30 33 37 38 41 44 46 49 52 53 57 58 61 64
a 1 3 7 8 12 13 15 18 22 23 27 28 30 34 37 38 41 44 46 49 52 53 57 58 61 64
a 1 3 7 8 12 13 15 18 22 23 27 28 31 34 37 38 41 44 46 49 52 53 57 58 61 64
a 1 3 7 8 12 13 15 19 22 23 27 28 31 34 37 38 41 44 46 49 52 53 57 58 61 64
a 1 3 7 8 12 13 16 19 22 23 27 28 31 34 37 38 41 44 46 49 52 53 57 58 61 64
a 1 4 7 8 12 13 16 19 22 23 27 28 31 34 37 38 41 44 46 49 52 53 57 58 61 64
a 2 4 7 8 12 13 16 19 22 23 27 28 31 34 37 38 41 44 46 49 52 53 57 58 61 64
a 2 4 7 8 10 13 16 19 22 23 27 28 31 34 37 38 41 44 46 49 52 53 57 58 61 64
a 2 4 7 8 10 14 16 19 22 23 27 28 31 34 37 38 41 44 46 49 52 53 57 58 61 64
a 2 4 7 8 11 14 16 19 22 23 27 28 31 34 37 38 41 44 46 49 52 53 57 58 61 64
a 1 4 7 8 11 14 16 19 22 23 27 28 31 34 37 38 41 44 46 49 52 53 57 58 61 64
a 1 3 7 8 11 14 16 19 22 23 27 28 31 34 37 38 41 44 46 49 52 53 57 58 61 64
a 1 3 5 8 11 14 16 19 22 23 27 28 31 34 37 38 41 44 46 49 52 53 57 58 61 64
a 1 3 5 9 11 14 16 19 22 23 27 28 31 34 37 38 41 44 46 49 52 53 57 58 61 64
a 1 3 5 9 11 14 16 19 22 23 25 28 31 34 37 38 41 44 46 49 52 53 57 58 61 64
a 1 3 5 9 11 14 16 19 22 23 25 29 31 34 37 38 41 44 46 49 52 53 57 58 61 64
a 1 3 5 9 11 14 16 19 22 23 26 29 31 34 37 38 41 44 46 49 52 53 57 58 61 64
a 1 3 5 8 11 14 16 19 22 23 26 29 31 34 37 38 41 44 46 49 52 53 57 58 61 64
a 1 3 7 8 11 14 16 19 22 23 26 29 31 34 37 38 41 44 46 49 52 53 57 58 61 64
a 1 4 7 8 11 14 16 19 22 23 26 29 31 34 37 38 41 44 46 49 52 53 57 58 61 64
a 2 4 7 8 11 14 16 19 22 23 26 29 31 34 37 38 41 44 46 49 52 53 57 58 61 64
a 2 4 7 8 10 14 16 19 22 23 26 29 31 34 37 38 41 44 46 49 52 53 57 58 61 64
a 2 4 7 8 10 13 16 19 22 23 26 29 31 34 37 38 41 44 46 49 52 53 57 58 61 64
a 2 4 7 8 12 13 16 19 22 23 26 29 31 34 37 38 41 44 46 49 52 53 57 58 61 64
a 1 4 7 8 12 13 16 19 22 23 26 29 31 34 37 38 41 44 46 49 52 53 57 58 61 64
a 1 3 7 8 12 13 16 19 22 23 26 29 31 34 37 38 41 44 46 49 52 53 57 58 61 64
a 1 3 7 8 12 13 15 19 22 23 26 29 31 34 37 38 41 44 46 49 52 53 57 58 61 64
a 1 3 7 8 12 13 15 18 22 23 26 29 31 34 37 38 41 44 46 49 52 53 57 58 61 64
a 1 3 7 8 12 13 15 18 20 23 26 29 31 34 37 38 41 44 46 49 52 53 57 58 61 64
a 1 3 7 8 12 13 15 18 20 24 26 29 31 34 37 38 41 44 46 49 52 53 57 58 61 64
a 1 3 7 8 12 13 15 18 20 24 26 29 31 34 37 38 40 44 46 49 52 53 57 58 61 64
a 1 3 7 8 12 13 15 18 20 24 26 29 31 34 37 38 40 43 46 49 52 53 57 58 61 64
a 1 3 7 8 12 13 15 18 20 24 26 29 31 34 37 38 42 43 46 49 52 53 57 58 61 64
a 1 3 7 8 12 13 15 18 20 23 26 29 31 34 37 38 42 43 46 49 52 53 57 58 61 64
a 1 3 7 8 12 13 15 18 22 23 26 29 31 34 37 38 42 43 46 49 52 53 57 58 61 64
a 1 3 7 8 12 13 15 19 22 23 26 29 31 34 37 38 42 43 46 49 52 53 57 58 61 64
a 1 3 7 8 12 13 16 19 22 23 26 29 31 34 37 38 42 43 46 49 52 53 57 58 61 64
a 1 4 7 8 12 13 16 19 22 23 26 29 31 34 37 38 42 43 46 49 52 53 57 58 61 64
a 2 4 7 8 12 13 16 19 22 23 26 29 31 34 37 38 42 43 46 49 52 53 57 58 61 64
a 2 4 7 8 10 13 16 19 22 23 26 29 31 34 37 38 42 43 46 49 52 53 57 58 61 64
a 2 4 7 8 10 14 16 19 22 23 26 29 31 34 37 38 42 43 46 49 52 53 57 58 61 64
a 2 4 7 8 11 14 16 19 22 23 26 29 31 34 37 38 42 43 46 49 52 53 57 58 61 64
a 1 4 7 8 11 14 16 19 22 23 26 29 31 34 37 38 42 43 46 49 52 53 57 58 61 64
a 1 3 7 8 11 14 16 19 22 23 26 29 31 34 37 38 42 43 46 49 52 53 57 58 61 64
a 1 3 5 8 11 14 16 19 22 23 26 29 31 34 37 38 42 43 46 49 52 53 57 58 61 64
a 1 3 5 9 11 14 16 19 22 23 26 29 31 34 37 38 42 43 46 49 52 53 57 58 61 64
a 1 3 5 9 11 14 16 19 22 23 25 29 31 34 37 38 42 43 46 49 52 53 57 58 61 64
a 1 3 5 9 11 14 16 19 22 23 25 28 31 34 37 38 42 43 46 49 52 53 57 58 61 64
a 1 3 5 9 11 14 16 19 22 23 27 28 31 34 37 38 42 43 46 49 52 53 57 58 61 64
a 1 3 5 8 11 14 16 19 22 23 27 28 31 34 37 38 42 43 46 49 52 53 57 58 61 64
a 1 3 7 8 11 14 16 19 22 23 27 28 31 34 37 38 42 43 46 49 52 53 57 58 61 64
a 1 4 7 8 11 14 16 19 22 23 27 28 31 34 37 38 42 43 46 49 52 53 57 58 61 64
a 2 4 7 8 11 14 16 19 22 23 27 28 31 34 37 38 42 43 46 49 52 53 57 58 61 64
a 2 4 7 8 10 14 16 19 22 23 27 28 31 34 37 38 42 43 46 49 52 53 57 58 61 64
a 2 4 7 8 10 13 16 19 22 23 27 28 31 34 37 38 42 43 46 49 52 53 57 58 61 64
a 2 4 7 8 12 13 16 19 22 23 27 28 31 34 37 38 42 43 46 49 52 53 57 58 61 64
a 1 4 7 8 12 13 16 19 22 23 27 28 31 34 37 38 42 43 46 49 52 53 57 58 61 64
a 1 3 7 8 12 13 16 19 22 23 27 28 31 34 37 38 42 43 46 49 52 53 57 58 61 64
a 1 3 7 8 12 13 15 19 22 23 27 28 31 34 37 38 42 43 46 49 52 53 57 58 61 64
a 1 3 7 8 12 13 15 18 22 23 27 28 31 34 37 38 42 43 46 49 52 53 57 58 61 64
a 1 3 7 8 12 13 15 18 22 23 27 28 30 34 37 38 42 43 46 49 52 53 57 58 61 64
a 1 3 7 8 12 13 15 18 22 23 27 28 30 33 37 38 42 43 46 49 52 53 57 58 61 64
a 1 3 7 8 12 13 15 18 22 23 27 28 30 33 37 38 42 43 45 49 52 53 57 58 61 64
a 1 3 7 8 12 13 15 18 22 23 27 28 30 33 37 38 42 43 45 48 52 53 57 58 61 64
a 1 3 7 8 12 13 15 18 22 23 27 28 30 33 37 38 42 43 45 48 52 53 57 58 60 64
a 1 3 7 8 12 13 15 18 22 23 27 28 30 33 37 38 42 43 45 48 52 53 57 58 60 63
a 1 3 7 8 12 13 15 18 22 23 27 28 30 33 37 38 42 43 45 48 52 53 57 58 62 63
a 1 3 7 8 12 13 15 18 22 23 27 28 30 33 37 38 42 43 45 49 52 53 57 58 62 63
a 1 3 7 8 12 13 15 18 22 23 27 28 30 33 37 38 42 43 46 49 52 53 57 58 62 63
a 1 3 7 8 12 13 15 18 22 23 27 28 30 34 37 38 42 43 46 49 52 53 57 58 62 63
a 1 3 7 8 12 13 15 18 22 23 27 28 31 34 37 38 42 43 46 49 52 53 57 58 62 63
a 1 3 7 8 12 13 15 19 22 23 27 28 31 34 37 38 42 43 46 49 52 53 57 58 62 63
a 1 3 7 8 12 13 16 19 22 23 27 28 31 34 37 38 42 43 46 49 52 53 57 58 62 63
a 1 4 7 8 12 13 16 19 22 23 27 28 31 34 37 38 42 43 46 49 52 53 57 58 62 63
a 2 4 7 8 12 13 16 19 22 23 27 28 31 34 37 38 42 43 46 49 52 53 57 58 62 63
a 2 4 7 8 10 13 16 19 22 23 27 28 31 34 37 38 42 43 46 49 52 53 57 58 62 63
a 2 4 7 8 10 14 16 19 22 23 27 28 31 34 37 38 42 43 46 49 52 53 57 58 62 63
a 2 4 7 8 11 14 16 19 22 23 27 28 31 34 37 38 42 43 46 49 52 53 57 58 62 63
a 1 4 7 8 11 14 16 19 22 23 27 28 31 34 37 38 42 43 46 49 52 53 57 58 62 63
a 1 3 7 8 11 14 16 19 22 23 27 28 31 34 37 38 42 43 46 49 52 53 57 58 62 63
a 1 3 5 8 11 14 16 19 22 23 27 28 31 34 37 38 42 43 46 49 52 53 57 58 62 63
a 1 3 5 9 11 14 16 19 22 23 27 28 31 34 37 38 42 43 46 49 52 53 57 58 62 63
a 1 3 5 9 11 14 16 19 22 23 25 28 31 34 37 38 42 43 46 49 52 53 57 58 62 63
a 1 3 5 9 11 14 16 19 22 23 25 29 31 34 37 38 42 43 46 49 52 53 57 58 62 63
a 1 3 5 9 11 14 16 19 22 23 26 29 31 34 37 38 42 43 46 49 52 53 57 58 62 63
a 1 3 5 8 11 14 16 19 22 23 26 29 31 34 37 38 42 43 46 49 52 53 57 58 62 63
a 1 3 7 8 11 14 16 19 22 23 26 29 31 34 37 38 42 43 46 49 52 53 57 58 62 63
a 1 4 7 8 11 14 16 19 22 23 26 29 31 34 37 38 42 43 46 49 52 53 57 58 62 63
a 2 4 7 8 11 14 16 19 22 23 26 29 31 34 37 38 42 43 46 49 52 53 57 58 62 63
a 2 4 7 8 10 14 16 19 22 23 26 29 31 34 37 38 42 43 46 49 52 53 57 58 62 63
a 2 4 7 8 10 13 16 19 22 23 26 29 31 34 37 38 42 43 46 49 52 53 57 58 62 63
a 2 4 7 8 12 13 16 19 22 23 26 29 31 34 37 38 42 43 46 49 52 53 57 58 62 63
a 1 4 7 8 12 13 16 19 22 23 26 29 31 34 37 38 42 43 46 49 52 53 57 58 62 63
a 1 3 7 8 12 13 16 19 22 23 26 29 31 34 37 38 42 43 46 49 52 53 57 58 62 63
a 1 3 7 8 12 13 15 19 22 23 26 29 31 34 37 38 42 43 46 49 52 53 57 58 62 63
a 1 3 7 8 12 13 15 18 22 23 26 29 31 34 37 38 42 43 46 49 52 53 57 58 62 63
a 1 3 7 8 12 13 15 18 20 23 26 29 31 34 37 38 42 43 46 49 52 53 57 58 62 63
a 1 3 7 8 12 13 15 18 20 24 26 29 31 34 37 38 42 43 46 49 52 53 57 58 62 63
a 1 3 7 8 12 13 15 18 20 24 26 29 31 34 37 38 40 43 46 49 52 53 57 58 62 63
a 1 3 7 8 12 13 15 18 20 24 26 29 31 34 37 38 40 44 46 49 52 53 57 58 62 63
a 1 3 7 8 12 13 15 18 20 24 26 29 31 34 37 38 41 44 46 49 52 53 57 58 62 63
a 1 3 7 8 12 13 15 18 20 23 26 29 31 34 37 38 41 44 46 49 52 53 57 58 62 63
a 1 3 7 8 12 13 15 18 22 23 26 29 31 34 37 38 41 44 46 49 52 53 57 58 62 63
a 1 3 7 8 12 13 15 19 22 23 26 29 31 34 37 38 41 44 46 49 52 53 57 58 62 63
a 1 3 7 8 12 13 16 19 22 23 26 29 31 34 37 38 41 44 46 49 52 53 57 58 62 63
a 1 4 7 8 12 13 16 19 22 23 26 29 31 34 37 38 41 44 46 49 52 53 57 58 62 63
a 2 4 7 8 12 13 16 19 22 23 26 29 31 34 37 38 41 44 46 49 52 53 57 58 62 63
a 2 4 7 8 10 13 16 19 22 23 26 29 31 34 37 38 41 44 46 49 52 53 57 58 62 63
a 2 4 7 8 10 14 16 19 22 23 26 29 31 34 37 38 41 44 46 49 52 53 57 58 62 63
a 2 4 7 8 11 14 16 19 22 23 26 29 31 34 37 38 41 44 46 49 52 53 57 58 62 63
a 1 4 7 8 11 14 16 19 22 23 26 29 31 34 37 38 41 44 46 49 52 53 57 58 62 63
a 1 3 7 8 11 14 16 19 22 23 26 29 31 34 37 38 41 44 46 49 52 53 57 58 62 63
a 1 3 5 8 11 14 16 19 22 23 26 29 31 34 37 38 41 44 46 49 52 53 57 58 62 63
a 1 3 5 9 11 14 16 19 22 23 26 29 31 34 37 38 41 44 46 49 52 53 57 58 62 63
a 1 3 5 9 11 14 16 19 22 23 25 29 31 34 37 38 41 44 46 49 52 53 57 58 62 63
a 1 3 5 9 11 14 16 19 22 23 25 28 31 34 37 38 41 44 46 49 52 53 57 58 62 63
a 1 3 5 9 11 14 16 19 22 23 27 28 31 34 37 38 41 44 46 49 52 53 57 58 62 63
a 1 3 5 8 11 14 16 19 22 23 27 28 31 34 37 38 41 44 46 49 52 53 57 58 62 63
a 1 3 7 8 11 14 16 19 22 23 27 28 31 34 37 38 41 44 46 49 52 53 57 58 62 63
a 1 4 7 8 11 14 16 19 22 23 27 28 31 34 37 38 41 44 46 49 52 53 57 58 62 63
a 2 4 7 8 11 14 16 19 22 23 27 28 31 34 37 38 41 44 46 49 52 53 57 58 62 63
a 2 4 7 8 10 14 16 19 22 23 27 28 31 34 37 38 41 44 46 49 52 53 57 58 62 63
a 2 4 7 8 10 13 16 19 22 23 27 28 31 34 37 38 41 44 46 49 52 53 57 58 62 63
a 2 4 7 8 12 13 16 19 22 23 27 28 31 34 37 38 41 44 46 49 52 53 57 58 62 63
a 1 4 7 8 12 13 16 19 22 23 27 28 31 34 37 38 41 44 46 49 52 53 57 58 62 63
a 1 3 7 8 12 13 16 19 22 23 27 28 31 34 37 38 41 44 46 49 52 53 57 58 62 63
a 1 3 7 8 12 13 15 19 22 23 27 28 31 34 37 38 41 44 46 49 52 53 57 58 62 63
a 1 3 7 8 12 13 15 18 22 23 27 28 31 34 37 38 41 44 46 49 52 53 57 58 62 63
a 1 3 7 8 12 13 15 18 22 23 27 28 30 34 37 38 41 44 46 49 52 53 57 58 62 63
a 1 3 7 8 12 13 15 18 22 23 27 28 30 33 37 38 41 44 46 49 52 53 57 58 62 63
a 1 3 7 8 12 13 15 18 22 23 27 28 30 33 35 38 41 44 46 49 52 53 57 58 62 63
a 1 3 7 8 12 13 15 18 22 23 27 28 30 33 35 39 41 44 46 49 52 53 57 58 62 63
a 1 3 7 8 12 13 15 18 22 23 27 28 30 33 36 39 41 44 46 49 52 53 57 58 62 63
a 1 3 7 8 12 13 15 18 22 23 27 28 30 34 36 39 41 44 46 49 52 53 57 58 62 63
a 1 3 7 8 12 13 15 18 22 23 27 28 31 34 36 39 41 44 46 49 52 53 57 58 62 63
a 1 3 7 8 12 13 15 19 22 23 27 28 31 34 36 39 41 44 46 49 52 53 57 58 62 63
a 1 3 7 8 12 13 16 19 22 23 27 28 31 34 36 39 41 44 46 49 52 53 57 58 62 63
a 1 4 7 8 12 13 16 19 22 23 27 28 31 34 36 39 41 44 46 49 52 53 57 58 62 63
a 2 4 7 8 12 13 16 19 22 23 27 28 31 34 36 39 41 44 46 49 52 53 57 58 62 63
a 2 4 7 8 10 13 16 19 22 23 27 28 31 34 36 39 41 44 46 49 52 53 57 58 62 63
a 2 4 7 8 10 14 16 19 22 23 27 28 31 34 36 39 41 44 46 49 52 53 57 58 62 63
a 2 4 7 8 11 14 16 19 22 23 27 28 31 34 36 39 41 44 46 49 52 53 57 58 62 63
a 1 4 7 8 11 14 16 19 22 23 27 28 31 34 36 39 41 44 46 49 52 53 57 58 62 63
a 1 3 7 8 11 14 16 19 22 23 27 28 31 34 36 39 41 44 46 49 52 53 57 58 62 63
a 1 3 5 8 11 14 16 19 22 23 27 28 31 34 36 39 41 44 46 49 52 53 57 58 62 63
a 1 3 5 9 11 14 16 19 22 23 27 28 31 34 36 39 41 44 46 49 52 53 57 58 62 63
a 1 3 5 9 11 14 16 19 22 23 25 28 31 34 36 39 41 44 46 49 52 53 57 58 62 63
a 1 3 5 9 11 14 16 19 22 23 25 29 31 34 36 39 41 44 46 49 52 53 57 58 62 63
a 1 3 5 9 11 14 16 19 22 23 26 29 31 34 36 39 41 44 46 49 52 53 57 58 62 63
a 1 3 5 8 11 14 16 19 22 23 26 29 31 34 36 39 41 44 46 49 52 53 57 58 62 63
a 1 3 7 8 11 14 16 19 22 23 26 29 31 34 36 39 41 44 46 49 52 53 57 58 62 63
a 1 4 7 8 11 14 16 19 22 23 26 29 31 34 36 39 41 44 46 49 52 53 57 58 62 63
a 2 4 7 8 11 14 16 19 22 23 26 29 31 34 36 39 41 44 46 49 52 53 57 58 62 63
a 2 4 7 8 10 14 16 19 22 23 26 29 31 34 36 39 41 44 46 49 52 53 57 58 62 63
a 2 4 7 8 10 13 16 19 22 23 26 29 31 34 36 39 41 44 46 49 52 53 57 58 62 63
a 2 4 7 8 12 13 16 19 22 23 26 29 31 34 36 39 41 44 46 49 52 53 57 58 62 63
a 1 4 7 8 12 13 16 19 22 23 26 29 31 34 36 39 41 44 46 49 52 53 57 58 62 63
a 1 3 7 8 12 13 16 19 22 23 26 29 31 34 36 39 41 44 46 49 52 53 57 58 62 63
a 1 3 7 8 12 13 15 19 22 23 26 29 31 34 36 39 41 44 46 49 52 53 57 58 62 63
a 1 3 7 8 12 13 15 18 22 23 26 29 31 34 36 39 41 44 46 49 52 53 57 58 62 63
a 1 3 7 8 12 13 15 18 20 23 26 29 31 34 36 39 41 44 46 49 52 53 57 58 62 63
a 1 3 7 8 12 13 15 18 20 24 26 29 31 34 36 39 41 44 46 49 52 53 57 58 62 63
a 1 3 7 8 12 13 15 18 21 24 26 29 31 34 36 39 41 44 46 49 52 53 57 58 62 63
a 1 3 7 8 12 13 15 19 21 24 26 29 31 34 36 39 41 44 46 49 52 53 57 58 62 63
a 1 3 7 8 12 13 16 19 21 24 26 29 31 34 36 39 41 44 46 49 52 53 57 58 62 63
a 1 4 7 8 12 13 16 19 21 24 26 29 31 34 36 39 41 44 46 49 52 53 57 58 62 63
a 2 4 7 8 12 13 16 19 21 24 26 29 31 34 36 39 41 44 46 49 52 53 57 58 62 63
a 2 4 7 8 10 13 16 19 21 24 26 29 31 34 36 39 41 44 46 49 52 53 57 58 62 63
a 2 4 7 8 10 14 16 19 21 24 26 29 31 34 36 39 41 44 46 49 52 53 57 58 62 63
a 2 4 7 8 11 14 16 19 21 24 26 29 31 34 36 39 41 44 46 49 52 53 57 58 62 63
a 1 4 7 8 11 14 16 19 21 24 26 29 31 34 36 39 41 44 46 49 52 53 57 58 62 63
a 1 3 7 8 11 14 16 19 21 24 26 29 31 34 36 39 41 44 46 49 52 53 57 58 62 63
a 1 3 5 8 11 14 16 19 21 24 26 29 31 34 36 39 41 44 46 49 52 53 57 58 62 63
a 1 3 5 9 11 14 16 19 21 24 26 29 31 34 36 39 41 44 46 49 52 53 57 58 62 63
a 1 3 6 9 11 14 16 19 21 24 26 29 31 34 36 39 41 44 46 49 52 53 57 58 62 63
a 1 4 6 9 11 14 16 19 21 24 26 29 31 34 36 39 41 44 46 49 52 53 57 58 62 63
a 2 4 6 9 11 14 16 19 21 24 26 29 31 34 36 39 41 44 46 49 52 53 57 58 62 63
Reconfiguration time = 0.195693
	Command being timed: "timeout 600s ../ddreconf/ddreconf ../benchmark_instances/2023result/docs/solver/benchmark/2022benchmark/benchmark/power/hc-power-004-002.col --st --stfile=../benchmark_instances/2023result/docs/solver/benchmark/2022benchmark/benchmark/power/hc-power-004-002_01.dat --tj --indset"
	User time (seconds): 0.17
	System time (seconds): 0.03
	Percent of CPU this job got: 99%
	Elapsed (wall clock) time (h:mm:ss or m:ss): 0:00.21
	Average shared text size (kbytes): 0
	Average unshared data size (kbytes): 0
	Average stack size (kbytes): 0
	Average total size (kbytes): 0
	Maximum resident set size (kbytes): 33012
	Average resident set size (kbytes): 0
	Major (requiring I/O) page faults: 0
	Minor (reclaiming a frame) page faults: 7126
	Voluntary context switches: 3
	Involuntary context switches: 20
	Swaps: 0
	File system inputs: 0
	File system outputs: 96
	Socket messages sent: 0
	Socket messages received: 0
	Signals delivered: 0
	Page size (bytes): 4096
	Exit status: 0
