Input graph file parsed. # of vertices = 84, # of edges = 123
s 2 4 6 9 11 14 16 19 21 24 26 29 31 34 36 39 41 44 46 49 51 54 56 59 61 64 66 69 71 74 76 79 81 84
t 3 7 1 12 13 17 8 22 23 27 18 32 33 37 28 42 43 47 38 52 53 57 48 62 63 67 58 72 73 77 78 68 82 83
Solution space ZDD construction start
Solution space ZDD construction end
Solution space ZDD construction time = 0.007537
Solution space ZDD size = 208
# of elements in the solution space = 7129200610914264
Start searching a reconfiguration sequence from s to t
Step 1 time = 0.000260, # ZDD nodes = 74, # elems = 9
Step 2 time = 0.000302, # ZDD nodes = 108, # elems = 36
Step 3 time = 0.000137, # ZDD nodes = 136, # elems = 85
Step 4 time = 0.000156, # ZDD nodes = 158, # elems = 134
Step 5 time = 0.000321, # ZDD nodes = 175, # elems = 154
Step 6 time = 0.000152, # ZDD nodes = 187, # elems = 141
Step 7 time = 0.000256, # ZDD nodes = 193, # elems = 113
Step 8 time = 0.000143, # ZDD nodes = 193, # elems = 87
Step 9 time = 0.000153, # ZDD nodes = 186, # elems = 71
Step 10 time = 0.000138, # ZDD nodes = 184, # elems = 66
Step 11 time = 0.000135, # ZDD nodes = 182, # elems = 72
Step 12 time = 0.000158, # ZDD nodes = 190, # elems = 93
Step 13 time = 0.000220, # ZDD nodes = 201, # elems = 129
Step 14 time = 0.000266, # ZDD nodes = 208, # elems = 168
Step 15 time = 0.000188, # ZDD nodes = 209, # elems = 192
Step 16 time = 0.000183, # ZDD nodes = 210, # elems = 187
Step 17 time = 0.000153, # ZDD nodes = 204, # elems = 152
Step 18 time = 0.000148, # ZDD nodes = 197, # elems = 103
Step 19 time = 0.000139, # ZDD nodes = 189, # elems = 63
Step 20 time = 0.000146, # ZDD nodes = 179, # elems = 47
Step 21 time = 0.000162, # ZDD nodes = 174, # elems = 57
Step 22 time = 0.000208, # ZDD nodes = 180, # elems = 89
Step 23 time = 0.000207, # ZDD nodes = 195, # elems = 140
Step 24 time = 0.000275, # ZDD nodes = 210, # elems = 202
Step 25 time = 0.000233, # ZDD nodes = 225, # elems = 257
Step 26 time = 0.000212, # ZDD nodes = 239, # elems = 288
Step 27 time = 0.000235, # ZDD nodes = 245, # elems = 288
Step 28 time = 0.000258, # ZDD nodes = 251, # elems = 260
Step 29 time = 0.000253, # ZDD nodes = 255, # elems = 220
Step 30 time = 0.000232, # ZDD nodes = 254, # elems = 191
Step 31 time = 0.000230, # ZDD nodes = 248, # elems = 184
Step 32 time = 0.000224, # ZDD nodes = 239, # elems = 192
Step 33 time = 0.000231, # ZDD nodes = 233, # elems = 200
Step 34 time = 0.000209, # ZDD nodes = 221, # elems = 195
Step 35 time = 0.000224, # ZDD nodes = 216, # elems = 176
Step 36 time = 0.000223, # ZDD nodes = 215, # elems = 158
Step 37 time = 0.000202, # ZDD nodes = 221, # elems = 161
Step 38 time = 0.000204, # ZDD nodes = 229, # elems = 197
Step 39 time = 0.000244, # ZDD nodes = 239, # elems = 264
Step 40 time = 0.000247, # ZDD nodes = 259, # elems = 344
Step 41 time = 0.000252, # ZDD nodes = 277, # elems = 412
Step 42 time = 0.000270, # ZDD nodes = 298, # elems = 450
Step 43 time = 0.000287, # ZDD nodes = 315, # elems = 450
Step 44 time = 0.000254, # ZDD nodes = 323, # elems = 417
Step 45 time = 0.000316, # ZDD nodes = 320, # elems = 373
Step 46 time = 0.000296, # ZDD nodes = 312, # elems = 342
Step 47 time = 0.000296, # ZDD nodes = 301, # elems = 333
Step 48 time = 0.000360, # ZDD nodes = 290, # elems = 345
Step 49 time = 0.000248, # ZDD nodes = 278, # elems = 372
Step 50 time = 0.000335, # ZDD nodes = 271, # elems = 398
Step 51 time = 0.000217, # ZDD nodes = 271, # elems = 405
Step 52 time = 0.000185, # ZDD nodes = 274, # elems = 387
Step 53 time = 0.000245, # ZDD nodes = 278, # elems = 350
Step 54 time = 0.000304, # ZDD nodes = 286, # elems = 309
Step 55 time = 0.000341, # ZDD nodes = 297, # elems = 289
Step 56 time = 0.000403, # ZDD nodes = 321, # elems = 315
Step 57 time = 0.000459, # ZDD nodes = 353, # elems = 395
Step 58 time = 0.000417, # ZDD nodes = 384, # elems = 516
Step 59 time = 0.000438, # ZDD nodes = 404, # elems = 648
Step 60 time = 0.000418, # ZDD nodes = 417, # elems = 751
Step 61 time = 0.000426, # ZDD nodes = 420, # elems = 794
Step 62 time = 0.000367, # ZDD nodes = 416, # elems = 772
Step 63 time = 0.000357, # ZDD nodes = 411, # elems = 704
Step 64 time = 0.000355, # ZDD nodes = 402, # elems = 624
Step 65 time = 0.000374, # ZDD nodes = 392, # elems = 569
Step 66 time = 0.000398, # ZDD nodes = 384, # elems = 558
Step 67 time = 0.000367, # ZDD nodes = 370, # elems = 584
Step 68 time = 0.000385, # ZDD nodes = 363, # elems = 627
Step 69 time = 0.000313, # ZDD nodes = 361, # elems = 665
Step 70 time = 0.000345, # ZDD nodes = 361, # elems = 681
Step 71 time = 0.000332, # ZDD nodes = 371, # elems = 677
Step 72 time = 0.000295, # ZDD nodes = 383, # elems = 674
Step 73 time = 0.000435, # ZDD nodes = 394, # elems = 687
Step 74 time = 0.000352, # ZDD nodes = 400, # elems = 712
Step 75 time = 0.000323, # ZDD nodes = 406, # elems = 738
Step 76 time = 0.000505, # ZDD nodes = 410, # elems = 754
Step 77 time = 0.000451, # ZDD nodes = 418, # elems = 752
Step 78 time = 0.000417, # ZDD nodes = 431, # elems = 741
Step 79 time = 0.000428, # ZDD nodes = 456, # elems = 747
Step 80 time = 0.000417, # ZDD nodes = 482, # elems = 792
Step 81 time = 0.000438, # ZDD nodes = 503, # elems = 885
Step 82 time = 0.000494, # ZDD nodes = 525, # elems = 1023
Step 83 time = 0.000422, # ZDD nodes = 544, # elems = 1183
Step 84 time = 0.000619, # ZDD nodes = 555, # elems = 1320
Step 85 time = 0.000523, # ZDD nodes = 559, # elems = 1389
Step 86 time = 0.000465, # ZDD nodes = 563, # elems = 1370
Step 87 time = 0.000647, # ZDD nodes = 569, # elems = 1278
Step 88 time = 0.000537, # ZDD nodes = 570, # elems = 1159
Step 89 time = 0.000502, # ZDD nodes = 565, # elems = 1071
Step 90 time = 0.000573, # ZDD nodes = 565, # elems = 1052
Step 91 time = 0.000549, # ZDD nodes = 566, # elems = 1100
Step 92 time = 0.000518, # ZDD nodes = 567, # elems = 1183
Step 93 time = 0.000583, # ZDD nodes = 565, # elems = 1259
Step 94 time = 0.000516, # ZDD nodes = 559, # elems = 1295
Step 95 time = 0.000597, # ZDD nodes = 554, # elems = 1286
Step 96 time = 0.000421, # ZDD nodes = 541, # elems = 1256
Step 97 time = 0.000392, # ZDD nodes = 529, # elems = 1234
Step 98 time = 0.000388, # ZDD nodes = 522, # elems = 1240
Step 99 time = 0.000469, # ZDD nodes = 513, # elems = 1286
Step 100 time = 0.000367, # ZDD nodes = 511, # elems = 1367
Step 101 time = 0.000363, # ZDD nodes = 524, # elems = 1456
Step 102 time = 0.000367, # ZDD nodes = 545, # elems = 1521
Step 103 time = 0.000383, # ZDD nodes = 569, # elems = 1541
Step 104 time = 0.000401, # ZDD nodes = 595, # elems = 1512
Step 105 time = 0.000464, # ZDD nodes = 619, # elems = 1458
Step 106 time = 0.000442, # ZDD nodes = 652, # elems = 1432
Step 107 time = 0.000559, # ZDD nodes = 679, # elems = 1485
Step 108 time = 0.000515, # ZDD nodes = 704, # elems = 1633
Step 109 time = 0.000639, # ZDD nodes = 729, # elems = 1855
Step 110 time = 0.000748, # ZDD nodes = 750, # elems = 2106
Step 111 time = 0.000760, # ZDD nodes = 771, # elems = 2322
Step 112 time = 0.000708, # ZDD nodes = 797, # elems = 2446
Step 113 time = 0.000552, # ZDD nodes = 820, # elems = 2463
Step 114 time = 0.000552, # ZDD nodes = 833, # elems = 2405
Step 115 time = 0.000635, # ZDD nodes = 834, # elems = 2322
Step 116 time = 0.000558, # ZDD nodes = 829, # elems = 2263
Step 117 time = 0.000530, # ZDD nodes = 819, # elems = 2253
Step 118 time = 0.000509, # ZDD nodes = 807, # elems = 2279
Step 119 time = 0.000640, # ZDD nodes = 792, # elems = 2305
Step 120 time = 0.000475, # ZDD nodes = 774, # elems = 2307
Step 121 time = 0.000466, # ZDD nodes = 763, # elems = 2283
Step 122 time = 0.000476, # ZDD nodes = 754, # elems = 2248
Step 123 time = 0.000640, # ZDD nodes = 747, # elems = 2229
Step 124 time = 0.000639, # ZDD nodes = 745, # elems = 2254
Step 125 time = 0.000496, # ZDD nodes = 750, # elems = 2333
Step 126 time = 0.000487, # ZDD nodes = 752, # elems = 2452
Step 127 time = 0.000497, # ZDD nodes = 755, # elems = 2583
Step 128 time = 0.000671, # ZDD nodes = 761, # elems = 2695
Step 129 time = 0.000747, # ZDD nodes = 777, # elems = 2766
Step 130 time = 0.000674, # ZDD nodes = 796, # elems = 2798
Step 131 time = 0.000672, # ZDD nodes = 815, # elems = 2817
Step 132 time = 0.000581, # ZDD nodes = 834, # elems = 2850
Step 133 time = 0.000843, # ZDD nodes = 858, # elems = 2904
Step 134 time = 0.000642, # ZDD nodes = 883, # elems = 2965
Step 135 time = 0.000598, # ZDD nodes = 906, # elems = 3006
Step 136 time = 0.000780, # ZDD nodes = 933, # elems = 3006
Step 137 time = 0.000857, # ZDD nodes = 963, # elems = 2983
Step 138 time = 0.000868, # ZDD nodes = 991, # elems = 2999
Step 139 time = 0.000822, # ZDD nodes = 1018, # elems = 3122
Step 140 time = 0.001083, # ZDD nodes = 1043, # elems = 3392
Step 141 time = 0.000851, # ZDD nodes = 1063, # elems = 3811
Step 142 time = 0.000925, # ZDD nodes = 1080, # elems = 4328
Step 143 time = 0.000611, # ZDD nodes = 1098, # elems = 4839
Step 144 time = 0.000594, # ZDD nodes = 1119, # elems = 5226
Step 145 time = 0.000768, # ZDD nodes = 1130, # elems = 5409
Step 146 time = 0.000607, # ZDD nodes = 1135, # elems = 5373
Step 147 time = 0.000603, # ZDD nodes = 1142, # elems = 5181
Step 148 time = 0.000604, # ZDD nodes = 1147, # elems = 4958
Step 149 time = 0.000771, # ZDD nodes = 1149, # elems = 4832
Step 150 time = 0.000610, # ZDD nodes = 1146, # elems = 4862
Step 151 time = 0.000614, # ZDD nodes = 1137, # elems = 5021
Step 152 time = 0.000604, # ZDD nodes = 1129, # elems = 5229
Step 153 time = 0.000601, # ZDD nodes = 1127, # elems = 5398
Step 154 time = 0.000598, # ZDD nodes = 1130, # elems = 5473
Step 155 time = 0.000831, # ZDD nodes = 1133, # elems = 5466
Step 156 time = 0.000605, # ZDD nodes = 1141, # elems = 5446
Step 157 time = 0.000616, # ZDD nodes = 1152, # elems = 5485
Step 158 time = 0.000795, # ZDD nodes = 1164, # elems = 5619
Step 159 time = 0.000709, # ZDD nodes = 1178, # elems = 5847
Step 160 time = 0.000646, # ZDD nodes = 1191, # elems = 6134
Step 161 time = 0.000656, # ZDD nodes = 1199, # elems = 6420
Step 162 time = 0.000891, # ZDD nodes = 1207, # elems = 6654
Step 163 time = 0.000817, # ZDD nodes = 1217, # elems = 6821
Step 164 time = 0.000882, # ZDD nodes = 1231, # elems = 6939
Step 165 time = 0.000655, # ZDD nodes = 1244, # elems = 7048
Step 166 time = 0.000648, # ZDD nodes = 1256, # elems = 7192
Step 167 time = 0.000627, # ZDD nodes = 1266, # elems = 7386
Step 168 time = 0.000617, # ZDD nodes = 1282, # elems = 7599
Step 169 time = 0.000644, # ZDD nodes = 1296, # elems = 7777
Step 170 time = 0.000653, # ZDD nodes = 1312, # elems = 7883
Step 171 time = 0.000970, # ZDD nodes = 1335, # elems = 7925
Step 172 time = 0.000972, # ZDD nodes = 1362, # elems = 7966
Step 173 time = 0.000696, # ZDD nodes = 1385, # elems = 8104
Step 174 time = 0.000708, # ZDD nodes = 1406, # elems = 8417
Step 175 time = 0.001011, # ZDD nodes = 1429, # elems = 8902
Step 176 time = 0.000735, # ZDD nodes = 1447, # elems = 9459
Step 177 time = 0.000730, # ZDD nodes = 1459, # elems = 9929
Step 178 time = 0.000719, # ZDD nodes = 1470, # elems = 10170
Step 179 time = 0.000903, # ZDD nodes = 1478, # elems = 10132
Step 180 time = 0.000747, # ZDD nodes = 1480, # elems = 9893
Step 181 time = 0.000745, # ZDD nodes = 1476, # elems = 9616
Step 182 time = 0.000755, # ZDD nodes = 1471, # elems = 9459
Step 183 time = 0.000757, # ZDD nodes = 1466, # elems = 9499
Step 184 time = 0.000752, # ZDD nodes = 1461, # elems = 9711
Step 185 time = 0.000755, # ZDD nodes = 1458, # elems = 9988
Step 186 time = 0.000733, # ZDD nodes = 1459, # elems = 10202
Step 187 time = 0.000747, # ZDD nodes = 1461, # elems = 10282
Step 188 time = 0.000910, # ZDD nodes = 1459, # elems = 10247
Step 189 time = 0.001071, # ZDD nodes = 1452, # elems = 10172
Step 190 time = 0.000712, # ZDD nodes = 1444, # elems = 10144
Step 191 time = 0.000759, # ZDD nodes = 1439, # elems = 10229
Step 192 time = 0.000979, # ZDD nodes = 1439, # elems = 10433
Step 193 time = 0.000816, # ZDD nodes = 1439, # elems = 10691
Step 194 time = 0.000628, # ZDD nodes = 1444, # elems = 10912
Step 195 time = 0.000652, # ZDD nodes = 1458, # elems = 11031
Step 196 time = 0.000656, # ZDD nodes = 1470, # elems = 11031
Step 197 time = 0.000667, # ZDD nodes = 1483, # elems = 10953
Step 198 time = 0.000979, # ZDD nodes = 1497, # elems = 10887
Step 199 time = 0.000682, # ZDD nodes = 1507, # elems = 10916
Step 200 time = 0.001189, # ZDD nodes = 1513, # elems = 11052
Step 201 time = 0.000671, # ZDD nodes = 1522, # elems = 11233
Step 202 time = 0.000676, # ZDD nodes = 1530, # elems = 11371
Step 203 time = 0.001166, # ZDD nodes = 1542, # elems = 11397
Step 204 time = 0.000672, # ZDD nodes = 1558, # elems = 11297
Step 205 time = 0.000683, # ZDD nodes = 1575, # elems = 11137
Step 206 time = 0.000690, # ZDD nodes = 1596, # elems = 11032
Step 207 time = 0.000703, # ZDD nodes = 1613, # elems = 11060
Step 208 time = 0.000711, # ZDD nodes = 1624, # elems = 11206
Step 209 time = 0.000699, # ZDD nodes = 1628, # elems = 11380
Step 210 time = 0.000738, # ZDD nodes = 1630, # elems = 11466
Step 211 time = 0.001471, # ZDD nodes = 1629, # elems = 11372
Step 212 time = 0.000697, # ZDD nodes = 1626, # elems = 11090
Step 213 time = 0.000694, # ZDD nodes = 1618, # elems = 10715
Step 214 time = 0.000868, # ZDD nodes = 1604, # elems = 10379
Step 215 time = 0.001012, # ZDD nodes = 1585, # elems = 10170
Step 216 time = 0.000988, # ZDD nodes = 1561, # elems = 10112
Step 217 time = 0.000671, # ZDD nodes = 1533, # elems = 10167
Step 218 time = 0.001392, # ZDD nodes = 1509, # elems = 10241
Step 219 time = 0.001126, # ZDD nodes = 1494, # elems = 10236
Step 220 time = 0.000623, # ZDD nodes = 1489, # elems = 10118
Step 221 time = 0.000621, # ZDD nodes = 1486, # elems = 9923
Step 222 time = 0.000598, # ZDD nodes = 1482, # elems = 9718
Step 223 time = 0.000590, # ZDD nodes = 1478, # elems = 9573
Step 224 time = 0.000580, # ZDD nodes = 1470, # elems = 9531
Step 225 time = 0.000570, # ZDD nodes = 1464, # elems = 9566
Step 226 time = 0.000566, # ZDD nodes = 1466, # elems = 9587
Step 227 time = 0.000562, # ZDD nodes = 1467, # elems = 9506
Step 228 time = 0.000563, # ZDD nodes = 1463, # elems = 9295
Step 229 time = 0.000559, # ZDD nodes = 1461, # elems = 8988
Step 230 time = 0.000555, # ZDD nodes = 1462, # elems = 8663
Step 231 time = 0.000560, # ZDD nodes = 1459, # elems = 8415
Step 232 time = 0.000876, # ZDD nodes = 1450, # elems = 8299
Step 233 time = 0.000542, # ZDD nodes = 1433, # elems = 8284
Step 234 time = 0.000526, # ZDD nodes = 1414, # elems = 8279
Step 235 time = 0.000517, # ZDD nodes = 1398, # elems = 8197
Step 236 time = 0.000521, # ZDD nodes = 1383, # elems = 7989
Step 237 time = 0.000518, # ZDD nodes = 1374, # elems = 7659
Step 238 time = 0.000508, # ZDD nodes = 1367, # elems = 7280
Step 239 time = 0.000509, # ZDD nodes = 1360, # elems = 6964
Step 240 time = 0.000528, # ZDD nodes = 1353, # elems = 6781
Step 241 time = 0.000518, # ZDD nodes = 1346, # elems = 6718
Step 242 time = 0.000507, # ZDD nodes = 1339, # elems = 6712
Step 243 time = 0.000838, # ZDD nodes = 1331, # elems = 6684
Step 244 time = 0.000660, # ZDD nodes = 1319, # elems = 6558
Step 245 time = 0.000490, # ZDD nodes = 1302, # elems = 6309
Step 246 time = 0.000479, # ZDD nodes = 1280, # elems = 5992
Step 247 time = 0.000473, # ZDD nodes = 1253, # elems = 5690
Step 248 time = 0.000467, # ZDD nodes = 1220, # elems = 5453
Step 249 time = 0.000443, # ZDD nodes = 1193, # elems = 5295
Step 250 time = 0.000426, # ZDD nodes = 1169, # elems = 5199
Step 251 time = 0.000411, # ZDD nodes = 1150, # elems = 5110
Step 252 time = 0.000403, # ZDD nodes = 1138, # elems = 4969
Step 253 time = 0.000390, # ZDD nodes = 1139, # elems = 4768
Step 254 time = 0.000392, # ZDD nodes = 1142, # elems = 4548
Step 255 time = 0.000381, # ZDD nodes = 1138, # elems = 4353
Step 256 time = 0.000358, # ZDD nodes = 1128, # elems = 4209
Step 257 time = 0.000342, # ZDD nodes = 1111, # elems = 4121
Step 258 time = 0.000341, # ZDD nodes = 1088, # elems = 4055
Step 259 time = 0.000330, # ZDD nodes = 1066, # elems = 3945
Step 260 time = 0.000319, # ZDD nodes = 1045, # elems = 3751
Step 261 time = 0.000319, # ZDD nodes = 1019, # elems = 3496
Step 262 time = 0.000329, # ZDD nodes = 993, # elems = 3233
Step 263 time = 0.000321, # ZDD nodes = 972, # elems = 3003
Step 264 time = 0.000314, # ZDD nodes = 948, # elems = 2832
Step 265 time = 0.000301, # ZDD nodes = 925, # elems = 2728
Step 266 time = 0.000295, # ZDD nodes = 901, # elems = 2664
Step 267 time = 0.000464, # ZDD nodes = 883, # elems = 2594
Step 268 time = 0.000288, # ZDD nodes = 869, # elems = 2493
Step 269 time = 0.000282, # ZDD nodes = 855, # elems = 2360
Step 270 time = 0.000290, # ZDD nodes = 841, # elems = 2198
Step 271 time = 0.000276, # ZDD nodes = 830, # elems = 2025
Step 272 time = 0.000274, # ZDD nodes = 823, # elems = 1885
Step 273 time = 0.000265, # ZDD nodes = 821, # elems = 1810
Step 274 time = 0.000271, # ZDD nodes = 821, # elems = 1786
Step 275 time = 0.000267, # ZDD nodes = 821, # elems = 1776
Step 276 time = 0.000267, # ZDD nodes = 815, # elems = 1746
Step 277 time = 0.000268, # ZDD nodes = 797, # elems = 1662
Step 278 time = 0.000258, # ZDD nodes = 772, # elems = 1510
Step 279 time = 0.000251, # ZDD nodes = 739, # elems = 1326
Step 280 time = 0.000235, # ZDD nodes = 697, # elems = 1167
Step 281 time = 0.000215, # ZDD nodes = 648, # elems = 1057
Step 282 time = 0.000182, # ZDD nodes = 598, # elems = 985
Step 283 time = 0.000179, # ZDD nodes = 556, # elems = 933
Step 284 time = 0.000146, # ZDD nodes = 521, # elems = 883
Step 285 time = 0.000126, # ZDD nodes = 493, # elems = 819
Step 286 time = 0.000120, # ZDD nodes = 469, # elems = 743
Step 287 time = 0.000115, # ZDD nodes = 446, # elems = 676
Step 288 time = 0.000111, # ZDD nodes = 421, # elems = 633
Step 289 time = 0.000105, # ZDD nodes = 402, # elems = 609
Step 290 time = 0.000101, # ZDD nodes = 383, # elems = 591
Step 291 time = 0.000095, # ZDD nodes = 365, # elems = 567
Step 292 time = 0.000092, # ZDD nodes = 348, # elems = 524
Step 293 time = 0.000087, # ZDD nodes = 328, # elems = 457
Step 294 time = 0.000082, # ZDD nodes = 304, # elems = 381
Step 295 time = 0.000094, # ZDD nodes = 278, # elems = 318
Step 296 time = 0.000069, # ZDD nodes = 252, # elems = 275
Step 297 time = 0.000065, # ZDD nodes = 231, # elems = 248
Step 298 time = 0.000061, # ZDD nodes = 213, # elems = 237
Step 299 time = 0.000059, # ZDD nodes = 208, # elems = 240
Step 300 time = 0.000056, # ZDD nodes = 201, # elems = 243
Step 301 time = 0.000056, # ZDD nodes = 199, # elems = 232
Step 302 time = 0.000054, # ZDD nodes = 197, # elems = 206
Step 303 time = 0.000052, # ZDD nodes = 191, # elems = 170
Step 304 time = 0.000050, # ZDD nodes = 183, # elems = 130
Step 305 time = 0.000129, # ZDD nodes = 174, # elems = 100
Step 306 time = 0.000048, # ZDD nodes = 168, # elems = 94
t found
a YES
a 2 4 6 9 11 14 16 19 21 24 26 29 31 34 36 39 41 44 46 49 51 54 56 59 61 64 66 69 71 74 76 79 81 84
a 1 4 6 9 11 14 16 19 21 24 26 29 31 34 36 39 41 44 46 49 51 54 56 59 61 64 66 69 71 74 76 79 81 84
a 1 3 6 9 11 14 16 19 21 24 26 29 31 34 36 39 41 44 46 49 51 54 56 59 61 64 66 69 71 74 76 79 81 84
a 1 3 5 9 11 14 16 19 21 24 26 29 31 34 36 39 41 44 46 49 51 54 56 59 61 64 66 69 71 74 76 79 81 84
a 1 3 5 8 11 14 16 19 21 24 26 29 31 34 36 39 41 44 46 49 51 54 56 59 61 64 66 69 71 74 76 79 81 84
a 1 3 7 8 11 14 16 19 21 24 26 29 31 34 36 39 41 44 46 49 51 54 56 59 61 64 66 69 71 74 76 79 81 84
a 1 4 7 8 11 14 16 19 21 24 26 29 31 34 36 39 41 44 46 49 51 54 56 59 61 64 66 69 71 74 76 79 81 84
a 2 4 7 8 11 14 16 19 21 24 26 29 31 34 36 39 41 44 46 49 51 54 56 59 61 64 66 69 71 74 76 79 81 84
a 2 4 7 8 10 14 16 19 21 24 26 29 31 34 36 39 41 44 46 49 51 54 56 59 61 64 66 69 71 74 76 79 81 84
a 2 4 7 8 10 13 16 19 21 24 26 29 31 34 36 39 41 44 46 49 51 54 56 59 61 64 66 69 71 74 76 79 81 84
a 2 4 7 8 10 13 15 19 21 24 26 29 31 34 36 39 41 44 46 49 51 54 56 59 61 64 66 69 71 74 76 79 81 84
a 2 4 7 8 10 13 15 18 21 24 26 29 31 34 36 39 41 44 46 49 51 54 56 59 61 64 66 69 71 74 76 79 81 84
a 2 4 7 8 10 13 17 18 21 24 26 29 31 34 36 39 41 44 46 49 51 54 56 59 61 64 66 69 71 74 76 79 81 84
a 2 4 7 8 10 14 17 18 21 24 26 29 31 34 36 39 41 44 46 49 51 54 56 59 61 64 66 69 71 74 76 79 81 84
a 2 4 7 8 11 14 17 18 21 24 26 29 31 34 36 39 41 44 46 49 51 54 56 59 61 64 66 69 71 74 76 79 81 84
a 1 4 7 8 11 14 17 18 21 24 26 29 31 34 36 39 41 44 46 49 51 54 56 59 61 64 66 69 71 74 76 79 81 84
a 1 3 7 8 11 14 17 18 21 24 26 29 31 34 36 39 41 44 46 49 51 54 56 59 61 64 66 69 71 74 76 79 81 84
a 1 3 5 8 11 14 17 18 21 24 26 29 31 34 36 39 41 44 46 49 51 54 56 59 61 64 66 69 71 74 76 79 81 84
a 1 3 5 9 11 14 17 18 21 24 26 29 31 34 36 39 41 44 46 49 51 54 56 59 61 64 66 69 71 74 76 79 81 84
a 1 3 5 9 11 14 17 18 20 24 26 29 31 34 36 39 41 44 46 49 51 54 56 59 61 64 66 69 71 74 76 79 81 84
a 1 3 5 9 11 14 17 18 20 23 26 29 31 34 36 39 41 44 46 49 51 54 56 59 61 64 66 69 71 74 76 79 81 84
a 1 3 5 9 11 14 17 18 20 23 25 29 31 34 36 39 41 44 46 49 51 54 56 59 61 64 66 69 71 74 76 79 81 84
a 1 3 5 9 11 14 17 18 20 23 25 28 31 34 36 39 41 44 46 49 51 54 56 59 61 64 66 69 71 74 76 79 81 84
a 1 3 5 9 11 14 17 18 20 23 27 28 31 34 36 39 41 44 46 49 51 54 56 59 61 64 66 69 71 74 76 79 81 84
a 1 3 5 9 11 14 17 18 20 24 27 28 31 34 36 39 41 44 46 49 51 54 56 59 61 64 66 69 71 74 76 79 81 84
a 1 3 5 9 11 14 17 18 21 24 27 28 31 34 36 39 41 44 46 49 51 54 56 59 61 64 66 69 71 74 76 79 81 84
a 1 3 5 8 11 14 17 18 21 24 27 28 31 34 36 39 41 44 46 49 51 54 56 59 61 64 66 69 71 74 76 79 81 84
a 1 3 7 8 11 14 17 18 21 24 27 28 31 34 36 39 41 44 46 49 51 54 56 59 61 64 66 69 71 74 76 79 81 84
a 1 4 7 8 11 14 17 18 21 24 27 28 31 34 36 39 41 44 46 49 51 54 56 59 61 64 66 69 71 74 76 79 81 84
a 2 4 7 8 11 14 17 18 21 24 27 28 31 34 36 39 41 44 46 49 51 54 56 59 61 64 66 69 71 74 76 79 81 84
a 2 4 7 8 10 14 17 18 21 24 27 28 31 34 36 39 41 44 46 49 51 54 56 59 61 64 66 69 71 74 76 79 81 84
a 2 4 7 8 10 13 17 18 21 24 27 28 31 34 36 39 41 44 46 49 51 54 56 59 61 64 66 69 71 74 76 79 81 84
a 2 4 7 8 10 13 15 18 21 24 27 28 31 34 36 39 41 44 46 49 51 54 56 59 61 64 66 69 71 74 76 79 81 84
a 2 4 7 8 10 13 15 19 21 24 27 28 31 34 36 39 41 44 46 49 51 54 56 59 61 64 66 69 71 74 76 79 81 84
a 2 4 7 8 10 13 15 19 21 24 27 28 30 34 36 39 41 44 46 49 51 54 56 59 61 64 66 69 71 74 76 79 81 84
a 2 4 7 8 10 13 15 19 21 24 27 28 30 33 36 39 41 44 46 49 51 54 56 59 61 64 66 69 71 74 76 79 81 84
a 2 4 7 8 10 13 15 19 21 24 27 28 30 33 35 39 41 44 46 49 51 54 56 59 61 64 66 69 71 74 76 79 81 84
a 2 4 7 8 10 13 15 19 21 24 27 28 30 33 35 38 41 44 46 49 51 54 56 59 61 64 66 69 71 74 76 79 81 84
a 2 4 7 8 10 13 15 19 21 24 27 28 30 33 37 38 41 44 46 49 51 54 56 59 61 64 66 69 71 74 76 79 81 84
a 2 4 7 8 10 13 15 19 21 24 27 28 30 34 37 38 41 44 46 49 51 54 56 59 61 64 66 69 71 74 76 79 81 84
a 2 4 7 8 10 13 15 19 21 24 27 28 31 34 37 38 41 44 46 49 51 54 56 59 61 64 66 69 71 74 76 79 81 84
a 2 4 7 8 10 13 15 18 21 24 27 28 31 34 37 38 41 44 46 49 51 54 56 59 61 64 66 69 71 74 76 79 81 84
a 2 4 7 8 10 13 17 18 21 24 27 28 31 34 37 38 41 44 46 49 51 54 56 59 61 64 66 69 71 74 76 79 81 84
a 2 4 7 8 10 14 17 18 21 24 27 28 31 34 37 38 41 44 46 49 51 54 56 59 61 64 66 69 71 74 76 79 81 84
a 2 4 7 8 11 14 17 18 21 24 27 28 31 34 37 38 41 44 46 49 51 54 56 59 61 64 66 69 71 74 76 79 81 84
a 1 4 7 8 11 14 17 18 21 24 27 28 31 34 37 38 41 44 46 49 51 54 56 59 61 64 66 69 71 74 76 79 81 84
a 1 3 7 8 11 14 17 18 21 24 27 28 31 34 37 38 41 44 46 49 51 54 56 59 61 64 66 69 71 74 76 79 81 84
a 1 3 5 8 11 14 17 18 21 24 27 28 31 34 37 38 41 44 46 49 51 54 56 59 61 64 66 69 71 74 76 79 81 84
a 1 3 5 9 11 14 17 18 21 24 27 28 31 34 37 38 41 44 46 49 51 54 56 59 61 64 66 69 71 74 76 79 81 84
a 1 3 5 9 11 14 17 18 20 24 27 28 31 34 37 38 41 44 46 49 51 54 56 59 61 64 66 69 71 74 76 79 81 84
a 1 3 5 9 11 14 17 18 20 23 27 28 31 34 37 38 41 44 46 49 51 54 56 59 61 64 66 69 71 74 76 79 81 84
a 1 3 5 9 11 14 17 18 20 23 25 28 31 34 37 38 41 44 46 49 51 54 56 59 61 64 66 69 71 74 76 79 81 84
a 1 3 5 9 11 14 17 18 20 23 25 29 31 34 37 38 41 44 46 49 51 54 56 59 61 64 66 69 71 74 76 79 81 84
a 1 3 5 9 11 14 17 18 20 23 25 29 31 34 37 38 40 44 46 49 51 54 56 59 61 64 66 69 71 74 76 79 81 84
a 1 3 5 9 11 14 17 18 20 23 25 29 31 34 37 38 40 43 46 49 51 54 56 59 61 64 66 69 71 74 76 79 81 84
a 1 3 5 9 11 14 17 18 20 23 25 29 31 34 37 38 40 43 45 49 51 54 56 59 61 64 66 69 71 74 76 79 81 84
a 1 3 5 9 11 14 17 18 20 23 25 29 31 34 37 38 40 43 45 48 51 54 56 59 61 64 66 69 71 74 76 79 81 84
a 1 3 5 9 11 14 17 18 20 23 25 29 31 34 37 38 40 43 47 48 51 54 56 59 61 64 66 69 71 74 76 79 81 84
a 1 3 5 9 11 14 17 18 20 23 25 29 31 34 37 38 40 44 47 48 51 54 56 59 61 64 66 69 71 74 76 79 81 84
a 1 3 5 9 11 14 17 18 20 23 25 29 31 34 37 38 41 44 47 48 51 54 56 59 61 64 66 69 71 74 76 79 81 84
a 1 3 5 9 11 14 17 18 20 23 25 28 31 34 37 38 41 44 47 48 51 54 56 59 61 64 66 69 71 74 76 79 81 84
a 1 3 5 9 11 14 17 18 20 23 27 28 31 34 37 38 41 44 47 48 51 54 56 59 61 64 66 69 71 74 76 79 81 84
a 1 3 5 9 11 14 17 18 20 24 27 28 31 34 37 38 41 44 47 48 51 54 56 59 61 64 66 69 71 74 76 79 81 84
a 1 3 5 9 11 14 17 18 21 24 27 28 31 34 37 38 41 44 47 48 51 54 56 59 61 64 66 69 71 74 76 79 81 84
a 1 3 5 8 11 14 17 18 21 24 27 28 31 34 37 38 41 44 47 48 51 54 56 59 61 64 66 69 71 74 76 79 81 84
a 1 3 7 8 11 14 17 18 21 24 27 28 31 34 37 38 41 44 47 48 51 54 56 59 61 64 66 69 71 74 76 79 81 84
a 1 4 7 8 11 14 17 18 21 24 27 28 31 34 37 38 41 44 47 48 51 54 56 59 61 64 66 69 71 74 76 79 81 84
a 2 4 7 8 11 14 17 18 21 24 27 28 31 34 37 38 41 44 47 48 51 54 56 59 61 64 66 69 71 74 76 79 81 84
a 2 4 7 8 10 14 17 18 21 24 27 28 31 34 37 38 41 44 47 48 51 54 56 59 61 64 66 69 71 74 76 79 81 84
a 2 4 7 8 10 13 17 18 21 24 27 28 31 34 37 38 41 44 47 48 51 54 56 59 61 64 66 69 71 74 76 79 81 84
a 2 4 7 8 10 13 15 18 21 24 27 28 31 34 37 38 41 44 47 48 51 54 56 59 61 64 66 69 71 74 76 79 81 84
a 2 4 7 8 10 13 15 19 21 24 27 28 31 34 37 38 41 44 47 48 51 54 56 59 61 64 66 69 71 74 76 79 81 84
a 2 4 7 8 10 13 15 19 21 24 27 28 30 34 37 38 41 44 47 48 51 54 56 59 61 64 66 69 71 74 76 79 81 84
a 2 4 7 8 10 13 15 19 21 24 27 28 30 33 37 38 41 44 47 48 51 54 56 59 61 64 66 69 71 74 76 79 81 84
a 2 4 7 8 10 13 15 19 21 24 27 28 30 33 35 38 41 44 47 48 51 54 56 59 61 64 66 69 71 74 76 79 81 84
a 2 4 7 8 10 13 15 19 21 24 27 28 30 33 35 39 41 44 47 48 51 54 56 59 61 64 66 69 71 74 76 79 81 84
a 2 4 7 8 10 13 15 19 21 24 27 28 30 33 35 39 41 44 47 48 50 54 56 59 61 64 66 69 71 74 76 79 81 84
a 2 4 7 8 10 13 15 19 21 24 27 28 30 33 35 39 41 44 47 48 50 53 56 59 61 64 66 69 71 74 76 79 81 84
a 2 4 7 8 10 13 15 19 21 24 27 28 30 33 35 39 41 44 47 48 50 53 55 59 61 64 66 69 71 74 76 79 81 84
a 2 4 7 8 10 13 15 19 21 24 27 28 30 33 35 39 41 44 47 48 50 53 55 58 61 64 66 69 71 74 76 79 81 84
a 2 4 7 8 10 13 15 19 21 24 27 28 30 33 35 39 41 44 47 48 50 53 57 58 61 64 66 69 71 74 76 79 81 84
a 2 4 7 8 10 13 15 19 21 24 27 28 30 33 35 39 41 44 47 48 50 54 57 58 61 64 66 69 71 74 76 79 81 84
a 2 4 7 8 10 13 15 19 21 24 27 28 30 33 35 39 41 44 47 48 51 54 57 58 61 64 66 69 71 74 76 79 81 84
a 2 4 7 8 10 13 15 19 21 24 27 28 30 33 35 38 41 44 47 48 51 54 57 58 61 64 66 69 71 74 76 79 81 84
a 2 4 7 8 10 13 15 19 21 24 27 28 30 33 37 38 41 44 47 48 51 54 57 58 61 64 66 69 71 74 76 79 81 84
a 2 4 7 8 10 13 15 19 21 24 27 28 30 34 37 38 41 44 47 48 51 54 57 58 61 64 66 69 71 74 76 79 81 84
a 2 4 7 8 10 13 15 19 21 24 27 28 31 34 37 38 41 44 47 48 51 54 57 58 61 64 66 69 71 74 76 79 81 84
a 2 4 7 8 10 13 15 18 21 24 27 28 31 34 37 38 41 44 47 48 51 54 57 58 61 64 66 69 71 74 76 79 81 84
a 2 4 7 8 10 13 17 18 21 24 27 28 31 34 37 38 41 44 47 48 51 54 57 58 61 64 66 69 71 74 76 79 81 84
a 2 4 7 8 10 14 17 18 21 24 27 28 31 34 37 38 41 44 47 48 51 54 57 58 61 64 66 69 71 74 76 79 81 84
a 2 4 7 8 11 14 17 18 21 24 27 28 31 34 37 38 41 44 47 48 51 54 57 58 61 64 66 69 71 74 76 79 81 84
a 1 4 7 8 11 14 17 18 21 24 27 28 31 34 37 38 41 44 47 48 51 54 57 58 61 64 66 69 71 74 76 79 81 84
a 1 3 7 8 11 14 17 18 21 24 27 28 31 34 37 38 41 44 47 48 51 54 57 58 61 64 66 69 71 74 76 79 81 84
a 1 3 5 8 11 14 17 18 21 24 27 28 31 34 37 38 41 44 47 48 51 54 57 58 61 64 66 69 71 74 76 79 81 84
a 1 3 5 9 11 14 17 18 21 24 27 28 31 34 37 38 41 44 47 48 51 54 57 58 61 64 66 69 71 74 76 79 81 84
a 1 3 5 9 11 14 17 18 20 24 27 28 31 34 37 38 41 44 47 48 51 54 57 58 61 64 66 69 71 74 76 79 81 84
a 1 3 5 9 11 14 17 18 20 23 27 28 31 34 37 38 41 44 47 48 51 54 57 58 61 64 66 69 71 74 76 79 81 84
a 1 3 5 9 11 14 17 18 20 23 25 28 31 34 37 38 41 44 47 48 51 54 57 58 61 64 66 69 71 74 76 79 81 84
a 1 3 5 9 11 14 17 18 20 23 25 29 31 34 37 38 41 44 47 48 51 54 57 58 61 64 66 69 71 74 76 79 81 84
a 1 3 5 9 11 14 17 18 20 23 25 29 31 34 37 38 40 44 47 48 51 54 57 58 61 64 66 69 71 74 76 79 81 84
a 1 3 5 9 11 14 17 18 20 23 25 29 31 34 37 38 40 43 47 48 51 54 57 58 61 64 66 69 71 74 76 79 81 84
a 1 3 5 9 11 14 17 18 20 23 25 29 31 34 37 38 40 43 45 48 51 54 57 58 61 64 66 69 71 74 76 79 81 84
a 1 3 5 9 11 14 17 18 20 23 25 29 31 34 37 38 40 43 45 49 51 54 57 58 61 64 66 69 71 74 76 79 81 84
a 1 3 5 9 11 14 17 18 20 23 25 29 31 34 37 38 40 43 45 49 51 54 57 58 60 64 66 69 71 74 76 79 81 84
a 1 3 5 9 11 14 17 18 20 23 25 29 31 34 37 38 40 43 45 49 51 54 57 58 60 63 66 69 71 74 76 79 81 84
a 1 3 5 9 11 14 17 18 20 23 25 29 31 34 37 38 40 43 45 49 51 54 57 58 60 63 65 69 71 74 76 79 81 84
a 1 3 5 9 11 14 17 18 20 23 25 29 31 34 37 38 40 43 45 49 51 54 57 58 60 63 65 68 71 74 76 79 81 84
a 1 3 5 9 11 14 17 18 20 23 25 29 31 34 37 38 40 43 45 49 51 54 57 58 60 63 67 68 71 74 76 79 81 84
a 1 3 5 9 11 14 17 18 20 23 25 29 31 34 37 38 40 43 45 49 51 54 57 58 60 64 67 68 71 74 76 79 81 84
a 1 3 5 9 11 14 17 18 20 23 25 29 31 34 37 38 40 43 45 49 51 54 57 58 61 64 67 68 71 74 76 79 81 84
a 1 3 5 9 11 14 17 18 20 23 25 29 31 34 37 38 40 43 45 48 51 54 57 58 61 64 67 68 71 74 76 79 81 84
a 1 3 5 9 11 14 17 18 20 23 25 29 31 34 37 38 40 43 47 48 51 54 57 58 61 64 67 68 71 74 76 79 81 84
a 1 3 5 9 11 14 17 18 20 23 25 29 31 34 37 38 40 44 47 48 51 54 57 58 61 64 67 68 71 74 76 79 81 84
a 1 3 5 9 11 14 17 18 20 23 25 29 31 34 37 38 41 44 47 48 51 54 57 58 61 64 67 68 71 74 76 79 81 84
a 1 3 5 9 11 14 17 18 20 23 25 28 31 34 37 38 41 44 47 48 51 54 57 58 61 64 67 68 71 74 76 79 81 84
a 1 3 5 9 11 14 17 18 20 23 27 28 31 34 37 38 41 44 47 48 51 54 57 58 61 64 67 68 71 74 76 79 81 84
a 1 3 5 9 11 14 17 18 20 24 27 28 31 34 37 38 41 44 47 48 51 54 57 58 61 64 67 68 71 74 76 79 81 84
a 1 3 5 9 11 14 17 18 21 24 27 28 31 34 37 38 41 44 47 48 51 54 57 58 61 64 67 68 71 74 76 79 81 84
a 1 3 5 8 11 14 17 18 21 24 27 28 31 34 37 38 41 44 47 48 51 54 57 58 61 64 67 68 71 74 76 79 81 84
a 1 3 7 8 11 14 17 18 21 24 27 28 31 34 37 38 41 44 47 48 51 54 57 58 61 64 67 68 71 74 76 79 81 84
a 1 4 7 8 11 14 17 18 21 24 27 28 31 34 37 38 41 44 47 48 51 54 57 58 61 64 67 68 71 74 76 79 81 84
a 2 4 7 8 11 14 17 18 21 24 27 28 31 34 37 38 41 44 47 48 51 54 57 58 61 64 67 68 71 74 76 79 81 84
a 2 4 7 8 10 14 17 18 21 24 27 28 31 34 37 38 41 44 47 48 51 54 57 58 61 64 67 68 71 74 76 79 81 84
a 2 4 7 8 10 13 17 18 21 24 27 28 31 34 37 38 41 44 47 48 51 54 57 58 61 64 67 68 71 74 76 79 81 84
a 2 4 7 8 10 13 15 18 21 24 27 28 31 34 37 38 41 44 47 48 51 54 57 58 61 64 67 68 71 74 76 79 81 84
a 2 4 7 8 10 13 15 19 21 24 27 28 31 34 37 38 41 44 47 48 51 54 57 58 61 64 67 68 71 74 76 79 81 84
a 2 4 7 8 10 13 15 19 21 24 27 28 30 34 37 38 41 44 47 48 51 54 57 58 61 64 67 68 71 74 76 79 81 84
a 2 4 7 8 10 13 15 19 21 24 27 28 30 33 37 38 41 44 47 48 51 54 57 58 61 64 67 68 71 74 76 79 81 84
a 2 4 7 8 10 13 15 19 21 24 27 28 30 33 35 38 41 44 47 48 51 54 57 58 61 64 67 68 71 74 76 79 81 84
a 2 4 7 8 10 13 15 19 21 24 27 28 30 33 35 39 41 44 47 48 51 54 57 58 61 64 67 68 71 74 76 79 81 84
a 2 4 7 8 10 13 15 19 21 24 27 28 30 33 35 39 41 44 47 48 50 54 57 58 61 64 67 68 71 74 76 79 81 84
a 2 4 7 8 10 13 15 19 21 24 27 28 30 33 35 39 41 44 47 48 50 53 57 58 61 64 67 68 71 74 76 79 81 84
a 2 4 7 8 10 13 15 19 21 24 27 28 30 33 35 39 41 44 47 48 50 53 55 58 61 64 67 68 71 74 76 79 81 84
a 2 4 7 8 10 13 15 19 21 24 27 28 30 33 35 39 41 44 47 48 50 53 55 59 61 64 67 68 71 74 76 79 81 84
a 2 4 7 8 10 13 15 19 21 24 27 28 30 33 35 39 41 44 47 48 50 53 55 59 61 64 67 68 70 74 76 79 81 84
a 2 4 7 8 10 13 15 19 21 24 27 28 30 33 35 39 41 44 47 48 50 53 55 59 61 64 67 68 70 73 76 79 81 84
a 2 4 7 8 10 13 15 19 21 24 27 28 30 33 35 39 41 44 47 48 50 53 55 59 61 64 67 68 70 73 75 79 81 84
a 2 4 7 8 10 13 15 19 21 24 27 28 30 33 35 39 41 44 47 48 50 53 55 59 61 64 67 68 70 73 75 78 81 84
a 2 4 7 8 10 13 15 19 21 24 27 28 30 33 35 39 41 44 47 48 50 53 55 59 61 64 67 68 70 73 77 78 81 84
a 2 4 7 8 10 13 15 19 21 24 27 28 30 33 35 39 41 44 47 48 50 53 55 59 61 64 67 68 70 74 77 78 81 84
a 2 4 7 8 10 13 15 19 21 24 27 28 30 33 35 39 41 44 47 48 50 53 55 59 61 64 67 68 71 74 77 78 81 84
a 2 4 7 8 10 13 15 19 21 24 27 28 30 33 35 39 41 44 47 48 50 53 55 58 61 64 67 68 71 74 77 78 81 84
a 2 4 7 8 10 13 15 19 21 24 27 28 30 33 35 39 41 44 47 48 50 53 57 58 61 64 67 68 71 74 77 78 81 84
a 2 4 7 8 10 13 15 19 21 24 27 28 30 33 35 39 41 44 47 48 50 54 57 58 61 64 67 68 71 74 77 78 81 84
a 2 4 7 8 10 13 15 19 21 24 27 28 30 33 35 39 41 44 47 48 51 54 57 58 61 64 67 68 71 74 77 78 81 84
a 2 4 7 8 10 13 15 19 21 24 27 28 30 33 35 38 41 44 47 48 51 54 57 58 61 64 67 68 71 74 77 78 81 84
a 2 4 7 8 10 13 15 19 21 24 27 28 30 33 37 38 41 44 47 48 51 54 57 58 61 64 67 68 71 74 77 78 81 84
a 2 4 7 8 10 13 15 19 21 24 27 28 30 34 37 38 41 44 47 48 51 54 57 58 61 64 67 68 71 74 77 78 81 84
a 2 4 7 8 10 13 15 19 21 24 27 28 31 34 37 38 41 44 47 48 51 54 57 58 61 64 67 68 71 74 77 78 81 84
a 2 4 7 8 10 13 15 18 21 24 27 28 31 34 37 38 41 44 47 48 51 54 57 58 61 64 67 68 71 74 77 78 81 84
a 2 4 7 8 10 13 17 18 21 24 27 28 31 34 37 38 41 44 47 48 51 54 57 58 61 64 67 68 71 74 77 78 81 84
a 2 4 7 8 10 14 17 18 21 24 27 28 31 34 37 38 41 44 47 48 51 54 57 58 61 64 67 68 71 74 77 78 81 84
a 2 4 7 8 11 14 17 18 21 24 27 28 31 34 37 38 41 44 47 48 51 54 57 58 61 64 67 68 71 74 77 78 81 84
a 1 4 7 8 11 14 17 18 21 24 27 28 31 34 37 38 41 44 47 48 51 54 57 58 61 64 67 68 71 74 77 78 81 84
a 1 3 7 8 11 14 17 18 21 24 27 28 31 34 37 38 41 44 47 48 51 54 57 58 61 64 67 68 71 74 77 78 81 84
a 1 3 5 8 11 14 17 18 21 24 27 28 31 34 37 38 41 44 47 48 51 54 57 58 61 64 67 68 71 74 77 78 81 84
a 1 3 5 9 11 14 17 18 21 24 27 28 31 34 37 38 41 44 47 48 51 54 57 58 61 64 67 68 71 74 77 78 81 84
a 1 3 5 9 11 14 17 18 20 24 27 28 31 34 37 38 41 44 47 48 51 54 57 58 61 64 67 68 71 74 77 78 81 84
a 1 3 5 9 11 14 17 18 20 23 27 28 31 34 37 38 41 44 47 48 51 54 57 58 61 64 67 68 71 74 77 78 81 84
a 1 3 5 9 11 14 17 18 20 23 25 28 31 34 37 38 41 44 47 48 51 54 57 58 61 64 67 68 71 74 77 78 81 84
a 1 3 5 9 11 14 17 18 20 23 25 29 31 34 37 38 41 44 47 48 51 54 57 58 61 64 67 68 71 74 77 78 81 84
a 1 3 5 9 11 14 17 18 20 23 25 29 31 34 37 38 40 44 47 48 51 54 57 58 61 64 67 68 71 74 77 78 81 84
a 1 3 5 9 11 14 17 18 20 23 25 29 31 34 37 38 40 43 47 48 51 54 57 58 61 64 67 68 71 74 77 78 81 84
a 1 3 5 9 11 14 17 18 20 23 25 29 31 34 37 38 40 43 45 48 51 54 57 58 61 64 67 68 71 74 77 78 81 84
a 1 3 5 9 11 14 17 18 20 23 25 29 31 34 37 38 40 43 45 49 51 54 57 58 61 64 67 68 71 74 77 78 81 84
a 1 3 5 9 11 14 17 18 20 23 25 29 31 34 37 38 40 43 45 49 51 54 57 58 60 64 67 68 71 74 77 78 81 84
a 1 3 5 9 11 14 17 18 20 23 25 29 31 34 37 38 40 43 45 49 51 54 57 58 60 63 67 68 71 74 77 78 81 84
a 1 3 5 9 11 14 17 18 20 23 25 29 31 34 37 38 40 43 45 49 51 54 57 58 60 63 65 68 71 74 77 78 81 84
a 1 3 5 9 11 14 17 18 20 23 25 29 31 34 37 38 40 43 45 49 51 54 57 58 60 63 65 69 71 74 77 78 81 84
a 1 3 5 9 11 14 17 18 20 23 25 29 31 34 37 38 40 43 45 49 51 54 57 58 60 63 65 69 71 74 77 78 80 84
a 1 3 5 9 11 14 17 18 20 23 25 29 31 34 37 38 40 43 45 49 51 54 57 58 60 63 65 69 71 74 77 78 80 83
a 1 3 5 9 11 14 17 18 20 23 25 29 31 34 37 38 40 43 45 49 51 54 57 58 60 63 65 69 71 74 77 78 82 83
a 1 3 5 9 11 14 17 18 20 23 25 29 31 34 37 38 40 43 45 49 51 54 57 58 60 63 65 68 71 74 77 78 82 83
a 1 3 5 9 11 14 17 18 20 23 25 29 31 34 37 38 40 43 45 49 51 54 57 58 60 63 67 68 71 74 77 78 82 83
a 1 3 5 9 11 14 17 18 20 23 25 29 31 34 37 38 40 43 45 49 51 54 57 58 60 64 67 68 71 74 77 78 82 83
a 1 3 5 9 11 14 17 18 20 23 25 29 31 34 37 38 40 43 45 49 51 54 57 58 61 64 67 68 71 74 77 78 82 83
a 1 3 5 9 11 14 17 18 20 23 25 29 31 34 37 38 40 43 45 48 51 54 57 58 61 64 67 68 71 74 77 78 82 83
a 1 3 5 9 11 14 17 18 20 23 25 29 31 34 37 38 40 43 47 48 51 54 57 58 61 64 67 68 71 74 77 78 82 83
a 1 3 5 9 11 14 17 18 20 23 25 29 31 34 37 38 40 44 47 48 51 54 57 58 61 64 67 68 71 74 77 78 82 83
a 1 3 5 9 11 14 17 18 20 23 25 29 31 34 37 38 41 44 47 48 51 54 57 58 61 64 67 68 71 74 77 78 82 83
a 1 3 5 9 11 14 17 18 20 23 25 28 31 34 37 38 41 44 47 48 51 54 57 58 61 64 67 68 71 74 77 78 82 83
a 1 3 5 9 11 14 17 18 20 23 27 28 31 34 37 38 41 44 47 48 51 54 57 58 61 64 67 68 71 74 77 78 82 83
a 1 3 5 9 11 14 17 18 20 24 27 28 31 34 37 38 41 44 47 48 51 54 57 58 61 64 67 68 71 74 77 78 82 83
a 1 3 5 9 11 14 17 18 21 24 27 28 31 34 37 38 41 44 47 48 51 54 57 58 61 64 67 68 71 74 77 78 82 83
a 1 3 5 8 11 14 17 18 21 24 27 28 31 34 37 38 41 44 47 48 51 54 57 58 61 64 67 68 71 74 77 78 82 83
a 1 3 7 8 11 14 17 18 21 24 27 28 31 34 37 38 41 44 47 48 51 54 57 58 61 64 67 68 71 74 77 78 82 83
a 1 4 7 8 11 14 17 18 21 24 27 28 31 34 37 38 41 44 47 48 51 54 57 58 61 64 67 68 71 74 77 78 82 83
a 2 4 7 8 11 14 17 18 21 24 27 28 31 34 37 38 41 44 47 48 51 54 57 58 61 64 67 68 71 74 77 78 82 83
a 2 4 7 8 10 14 17 18 21 24 27 28 31 34 37 38 41 44 47 48 51 54 57 58 61 64 67 68 71 74 77 78 82 83
a 2 4 7 8 10 13 17 18 21 24 27 28 31 34 37 38 41 44 47 48 51 54 57 58 61 64 67 68 71 74 77 78 82 83
a 2 4 7 8 10 13 15 18 21 24 27 28 31 34 37 38 41 44 47 48 51 54 57 58 61 64 67 68 71 74 77 78 82 83
a 2 4 7 8 10 13 15 19 21 24 27 28 31 34 37 38 41 44 47 48 51 54 57 58 61 64 67 68 71 74 77 78 82 83
a 2 4 7 8 10 13 15 19 21 24 27 28 30 34 37 38 41 44 47 48 51 54 57 58 61 64 67 68 71 74 77 78 82 83
a 2 4 7 8 10 13 15 19 21 24 27 28 30 33 37 38 41 44 47 48 51 54 57 58 61 64 67 68 71 74 77 78 82 83
a 2 4 7 8 10 13 15 19 21 24 27 28 30 33 35 38 41 44 47 48 51 54 57 58 61 64 67 68 71 74 77 78 82 83
a 2 4 7 8 10 13 15 19 21 24 27 28 30 33 35 39 41 44 47 48 51 54 57 58 61 64 67 68 71 74 77 78 82 83
a 2 4 7 8 10 13 15 19 21 24 27 28 30 33 35 39 41 44 47 48 50 54 57 58 61 64 67 68 71 74 77 78 82 83
a 2 4 7 8 10 13 15 19 21 24 27 28 30 33 35 39 41 44 47 48 50 53 57 58 61 64 67 68 71 74 77 78 82 83
a 2 4 7 8 10 13 15 19 21 24 27 28 30 33 35 39 41 44 47 48 50 53 55 58 61 64 67 68 71 74 77 78 82 83
a 2 4 7 8 10 13 15 19 21 24 27 28 30 33 35 39 41 44 47 48 50 53 55 59 61 64 67 68 71 74 77 78 82 83
a 2 4 7 8 10 13 15 19 21 24 27 28 30 33 35 39 41 44 47 48 50 53 55 59 61 64 67 68 70 74 77 78 82 83
a 2 4 7 8 10 13 15 19 21 24 27 28 30 33 35 39 41 44 47 48 50 53 55 59 61 64 67 68 70 73 77 78 82 83
a 2 4 7 8 10 13 15 19 21 24 27 28 30 33 35 39 41 44 47 48 50 53 55 59 61 64 67 68 72 73 77 78 82 83
a 2 4 7 8 10 13 15 19 21 24 27 28 30 33 35 39 41 44 47 48 50 53 55 58 61 64 67 68 72 73 77 78 82 83
a 2 4 7 8 10 13 15 19 21 24 27 28 30 33 35 39 41 44 47 48 50 53 57 58 61 64 67 68 72 73 77 78 82 83
a 2 4 7 8 10 13 15 19 21 24 27 28 30 33 35 39 41 44 47 48 50 54 57 58 61 64 67 68 72 73 77 78 82 83
a 2 4 7 8 10 13 15 19 21 24 27 28 30 33 35 39 41 44 47 48 51 54 57 58 61 64 67 68 72 73 77 78 82 83
a 2 4 7 8 10 13 15 19 21 24 27 28 30 33 35 38 41 44 47 48 51 54 57 58 61 64 67 68 72 73 77 78 82 83
a 2 4 7 8 10 13 15 19 21 24 27 28 30 33 37 38 41 44 47 48 51 54 57 58 61 64 67 68 72 73 77 78 82 83
a 2 4 7 8 10 13 15 19 21 24 27 28 30 34 37 38 41 44 47 48 51 54 57 58 61 64 67 68 72 73 77 78 82 83
a 2 4 7 8 10 13 15 19 21 24 27 28 31 34 37 38 41 44 47 48 51 54 57 58 61 64 67 68 72 73 77 78 82 83
a 2 4 7 8 10 13 15 18 21 24 27 28 31 34 37 38 41 44 47 48 51 54 57 58 61 64 67 68 72 73 77 78 82 83
a 2 4 7 8 10 13 17 18 21 24 27 28 31 34 37 38 41 44 47 48 51 54 57 58 61 64 67 68 72 73 77 78 82 83
a 2 4 7 8 10 14 17 18 21 24 27 28 31 34 37 38 41 44 47 48 51 54 57 58 61 64 67 68 72 73 77 78 82 83
a 2 4 7 8 11 14 17 18 21 24 27 28 31 34 37 38 41 44 47 48 51 54 57 58 61 64 67 68 72 73 77 78 82 83
a 1 4 7 8 11 14 17 18 21 24 27 28 31 34 37 38 41 44 47 48 51 54 57 58 61 64 67 68 72 73 77 78 82 83
a 1 3 7 8 11 14 17 18 21 24 27 28 31 34 37 38 41 44 47 48 51 54 57 58 61 64 67 68 72 73 77 78 82 83
a 1 3 5 8 11 14 17 18 21 24 27 28 31 34 37 38 41 44 47 48 51 54 57 58 61 64 67 68 72 73 77 78 82 83
a 1 3 5 9 11 14 17 18 21 24 27 28 31 34 37 38 41 44 47 48 51 54 57 58 61 64 67 68 72 73 77 78 82 83
a 1 3 5 9 11 14 17 18 20 24 27 28 31 34 37 38 41 44 47 48 51 54 57 58 61 64 67 68 72 73 77 78 82 83
a 1 3 5 9 11 14 17 18 20 23 27 28 31 34 37 38 41 44 47 48 51 54 57 58 61 64 67 68 72 73 77 78 82 83
a 1 3 5 9 11 14 17 18 20 23 25 28 31 34 37 38 41 44 47 48 51 54 57 58 61 64 67 68 72 73 77 78 82 83
a 1 3 5 9 11 14 17 18 20 23 25 29 31 34 37 38 41 44 47 48 51 54 57 58 61 64 67 68 72 73 77 78 82 83
a 1 3 5 9 11 14 17 18 20 23 25 29 31 34 37 38 40 44 47 48 51 54 57 58 61 64 67 68 72 73 77 78 82 83
a 1 3 5 9 11 14 17 18 20 23 25 29 31 34 37 38 40 43 47 48 51 54 57 58 61 64 67 68 72 73 77 78 82 83
a 1 3 5 9 11 14 17 18 20 23 25 29 31 34 37 38 40 43 45 48 51 54 57 58 61 64 67 68 72 73 77 78 82 83
a 1 3 5 9 11 14 17 18 20 23 25 29 31 34 37 38 40 43 45 49 51 54 57 58 61 64 67 68 72 73 77 78 82 83
a 1 3 5 9 11 14 17 18 20 23 25 29 31 34 37 38 40 43 45 49 51 54 57 58 60 64 67 68 72 73 77 78 82 83
a 1 3 5 9 11 14 17 18 20 23 25 29 31 34 37 38 40 43 45 49 51 54 57 58 60 63 67 68 72 73 77 78 82 83
a 1 3 5 9 11 14 17 18 20 23 25 29 31 34 37 38 40 43 45 49 51 54 57 58 62 63 67 68 72 73 77 78 82 83
a 1 3 5 9 11 14 17 18 20 23 25 29 31 34 37 38 40 43 45 48 51 54 57 58 62 63 67 68 72 73 77 78 82 83
a 1 3 5 9 11 14 17 18 20 23 25 29 31 34 37 38 40 43 47 48 51 54 57 58 62 63 67 68 72 73 77 78 82 83
a 1 3 5 9 11 14 17 18 20 23 25 29 31 34 37 38 40 44 47 48 51 54 57 58 62 63 67 68 72 73 77 78 82 83
a 1 3 5 9 11 14 17 18 20 23 25 29 31 34 37 38 41 44 47 48 51 54 57 58 62 63 67 68 72 73 77 78 82 83
a 1 3 5 9 11 14 17 18 20 23 25 28 31 34 37 38 41 44 47 48 51 54 57 58 62 63 67 68 72 73 77 78 82 83
a 1 3 5 9 11 14 17 18 20 23 27 28 31 34 37 38 41 44 47 48 51 54 57 58 62 63 67 68 72 73 77 78 82 83
a 1 3 5 9 11 14 17 18 20 24 27 28 31 34 37 38 41 44 47 48 51 54 57 58 62 63 67 68 72 73 77 78 82 83
a 1 3 5 9 11 14 17 18 21 24 27 28 31 34 37 38 41 44 47 48 51 54 57 58 62 63 67 68 72 73 77 78 82 83
a 1 3 5 8 11 14 17 18 21 24 27 28 31 34 37 38 41 44 47 48 51 54 57 58 62 63 67 68 72 73 77 78 82 83
a 1 3 7 8 11 14 17 18 21 24 27 28 31 34 37 38 41 44 47 48 51 54 57 58 62 63 67 68 72 73 77 78 82 83
a 1 4 7 8 11 14 17 18 21 24 27 28 31 34 37 38 41 44 47 48 51 54 57 58 62 63 67 68 72 73 77 78 82 83
a 2 4 7 8 11 14 17 18 21 24 27 28 31 34 37 38 41 44 47 48 51 54 57 58 62 63 67 68 72 73 77 78 82 83
a 2 4 7 8 10 14 17 18 21 24 27 28 31 34 37 38 41 44 47 48 51 54 57 58 62 63 67 68 72 73 77 78 82 83
a 2 4 7 8 10 13 17 18 21 24 27 28 31 34 37 38 41 44 47 48 51 54 57 58 62 63 67 68 72 73 77 78 82 83
a 2 4 7 8 10 13 15 18 21 24 27 28 31 34 37 38 41 44 47 48 51 54 57 58 62 63 67 68 72 73 77 78 82 83
a 2 4 7 8 10 13 15 19 21 24 27 28 31 34 37 38 41 44 47 48 51 54 57 58 62 63 67 68 72 73 77 78 82 83
a 2 4 7 8 10 13 15 19 21 24 27 28 30 34 37 38 41 44 47 48 51 54 57 58 62 63 67 68 72 73 77 78 82 83
a 2 4 7 8 10 13 15 19 21 24 27 28 30 33 37 38 41 44 47 48 51 54 57 58 62 63 67 68 72 73 77 78 82 83
a 2 4 7 8 10 13 15 19 21 24 27 28 30 33 35 38 41 44 47 48 51 54 57 58 62 63 67 68 72 73 77 78 82 83
a 2 4 7 8 10 13 15 19 21 24 27 28 30 33 35 39 41 44 47 48 51 54 57 58 62 63 67 68 72 73 77 78 82 83
a 2 4 7 8 10 13 15 19 21 24 27 28 30 33 35 39 41 44 47 48 50 54 57 58 62 63 67 68 72 73 77 78 82 83
a 2 4 7 8 10 13 15 19 21 24 27 28 30 33 35 39 41 44 47 48 50 53 57 58 62 63 67 68 72 73 77 78 82 83
a 2 4 7 8 10 13 15 19 21 24 27 28 30 33 35 39 41 44 47 48 52 53 57 58 62 63 67 68 72 73 77 78 82 83
a 2 4 7 8 10 13 15 19 21 24 27 28 30 33 35 38 41 44 47 48 52 53 57 58 62 63 67 68 72 73 77 78 82 83
a 2 4 7 8 10 13 15 19 21 24 27 28 30 33 37 38 41 44 47 48 52 53 57 58 62 63 67 68 72 73 77 78 82 83
a 2 4 7 8 10 13 15 19 21 24 27 28 30 34 37 38 41 44 47 48 52 53 57 58 62 63 67 68 72 73 77 78 82 83
a 2 4 7 8 10 13 15 19 21 24 27 28 31 34 37 38 41 44 47 48 52 53 57 58 62 63 67 68 72 73 77 78 82 83
a 2 4 7 8 10 13 15 18 21 24 27 28 31 34 37 38 41 44 47 48 52 53 57 58 62 63 67 68 72 73 77 78 82 83
a 2 4 7 8 10 13 17 18 21 24 27 28 31 34 37 38 41 44 47 48 52 53 57 58 62 63 67 68 72 73 77 78 82 83
a 2 4 7 8 10 14 17 18 21 24 27 28 31 34 37 38 41 44 47 48 52 53 57 58 62 63 67 68 72 73 77 78 82 83
a 2 4 7 8 11 14 17 18 21 24 27 28 31 34 37 38 41 44 47 48 52 53 57 58 62 63 67 68 72 73 77 78 82 83
a 1 4 7 8 11 14 17 18 21 24 27 28 31 34 37 38 41 44 47 48 52 53 57 58 62 63 67 68 72 73 77 78 82 83
a 1 3 7 8 11 14 17 18 21 24 27 28 31 34 37 38 41 44 47 48 52 53 57 58 62 63 67 68 72 73 77 78 82 83
a 1 3 5 8 11 14 17 18 21 24 27 28 31 34 37 38 41 44 47 48 52 53 57 58 62 63 67 68 72 73 77 78 82 83
a 1 3 5 9 11 14 17 18 21 24 27 28 31 34 37 38 41 44 47 48 52 53 57 58 62 63 67 68 72 73 77 78 82 83
a 1 3 5 9 11 14 17 18 20 24 27 28 31 34 37 38 41 44 47 48 52 53 57 58 62 63 67 68 72 73 77 78 82 83
a 1 3 5 9 11 14 17 18 20 23 27 28 31 34 37 38 41 44 47 48 52 53 57 58 62 63 67 68 72 73 77 78 82 83
a 1 3 5 9 11 14 17 18 20 23 25 28 31 34 37 38 41 44 47 48 52 53 57 58 62 63 67 68 72 73 77 78 82 83
a 1 3 5 9 11 14 17 18 20 23 25 29 31 34 37 38 41 44 47 48 52 53 57 58 62 63 67 68 72 73 77 78 82 83
a 1 3 5 9 11 14 17 18 20 23 25 29 31 34 37 38 40 44 47 48 52 53 57 58 62 63 67 68 72 73 77 78 82 83
a 1 3 5 9 11 14 17 18 20 23 25 29 31 34 37 38 40 43 47 48 52 53 57 58 62 63 67 68 72 73 77 78 82 83
a 1 3 5 9 11 14 17 18 20 23 25 29 31 34 37 38 42 43 47 48 52 53 57 58 62 63 67 68 72 73 77 78 82 83
a 1 3 5 9 11 14 17 18 20 23 25 28 31 34 37 38 42 43 47 48 52 53 57 58 62 63 67 68 72 73 77 78 82 83
a 1 3 5 9 11 14 17 18 20 23 27 28 31 34 37 38 42 43 47 48 52 53 57 58 62 63 67 68 72 73 77 78 82 83
a 1 3 5 9 11 14 17 18 20 24 27 28 31 34 37 38 42 43 47 48 52 53 57 58 62 63 67 68 72 73 77 78 82 83
a 1 3 5 9 11 14 17 18 21 24 27 28 31 34 37 38 42 43 47 48 52 53 57 58 62 63 67 68 72 73 77 78 82 83
a 1 3 5 8 11 14 17 18 21 24 27 28 31 34 37 38 42 43 47 48 52 53 57 58 62 63 67 68 72 73 77 78 82 83
a 1 3 7 8 11 14 17 18 21 24 27 28 31 34 37 38 42 43 47 48 52 53 57 58 62 63 67 68 72 73 77 78 82 83
a 1 4 7 8 11 14 17 18 21 24 27 28 31 34 37 38 42 43 47 48 52 53 57 58 62 63 67 68 72 73 77 78 82 83
a 2 4 7 8 11 14 17 18 21 24 27 28 31 34 37 38 42 43 47 48 52 53 57 58 62 63 67 68 72 73 77 78 82 83
a 2 4 7 8 10 14 17 18 21 24 27 28 31 34 37 38 42 43 47 48 52 53 57 58 62 63 67 68 72 73 77 78 82 83
a 2 4 7 8 10 13 17 18 21 24 27 28 31 34 37 38 42 43 47 48 52 53 57 58 62 63 67 68 72 73 77 78 82 83
a 2 4 7 8 10 13 15 18 21 24 27 28 31 34 37 38 42 43 47 48 52 53 57 58 62 63 67 68 72 73 77 78 82 83
a 2 4 7 8 10 13 15 19 21 24 27 28 31 34 37 38 42 43 47 48 52 53 57 58 62 63 67 68 72 73 77 78 82 83
a 2 4 7 8 10 13 15 19 21 24 27 28 30 34 37 38 42 43 47 48 52 53 57 58 62 63 67 68 72 73 77 78 82 83
a 2 4 7 8 10 13 15 19 21 24 27 28 30 33 37 38 42 43 47 48 52 53 57 58 62 63 67 68 72 73 77 78 82 83
a 2 4 7 8 10 13 15 19 21 24 27 28 32 33 37 38 42 43 47 48 52 53 57 58 62 63 67 68 72 73 77 78 82 83
a 2 4 7 8 10 13 15 18 21 24 27 28 32 33 37 38 42 43 47 48 52 53 57 58 62 63 67 68 72 73 77 78 82 83
a 2 4 7 8 10 13 17 18 21 24 27 28 32 33 37 38 42 43 47 48 52 53 57 58 62 63 67 68 72 73 77 78 82 83
a 2 4 7 8 10 14 17 18 21 24 27 28 32 33 37 38 42 43 47 48 52 53 57 58 62 63 67 68 72 73 77 78 82 83
a 2 4 7 8 11 14 17 18 21 24 27 28 32 33 37 38 42 43 47 48 52 53 57 58 62 63 67 68 72 73 77 78 82 83
a 1 4 7 8 11 14 17 18 21 24 27 28 32 33 37 38 42 43 47 48 52 53 57 58 62 63 67 68 72 73 77 78 82 83
a 1 3 7 8 11 14 17 18 21 24 27 28 32 33 37 38 42 43 47 48 52 53 57 58 62 63 67 68 72 73 77 78 82 83
a 1 3 5 8 11 14 17 18 21 24 27 28 32 33 37 38 42 43 47 48 52 53 57 58 62 63 67 68 72 73 77 78 82 83
a 1 3 5 9 11 14 17 18 21 24 27 28 32 33 37 38 42 43 47 48 52 53 57 58 62 63 67 68 72 73 77 78 82 83
a 1 3 5 9 11 14 17 18 20 24 27 28 32 33 37 38 42 43 47 48 52 53 57 58 62 63 67 68 72 73 77 78 82 83
a 1 3 5 9 11 14 17 18 20 23 27 28 32 33 37 38 42 43 47 48 52 53 57 58 62 63 67 68 72 73 77 78 82 83
a 1 3 5 9 11 14 17 18 22 23 27 28 32 33 37 38 42 43 47 48 52 53 57 58 62 63 67 68 72 73 77 78 82 83
a 1 3 5 8 11 14 17 18 22 23 27 28 32 33 37 38 42 43 47 48 52 53 57 58 62 63 67 68 72 73 77 78 82 83
a 1 3 7 8 11 14 17 18 22 23 27 28 32 33 37 38 42 43 47 48 52 53 57 58 62 63 67 68 72 73 77 78 82 83
a 1 4 7 8 11 14 17 18 22 23 27 28 32 33 37 38 42 43 47 48 52 53 57 58 62 63 67 68 72 73 77 78 82 83
a 2 4 7 8 11 14 17 18 22 23 27 28 32 33 37 38 42 43 47 48 52 53 57 58 62 63 67 68 72 73 77 78 82 83
a 2 4 7 8 10 14 17 18 22 23 27 28 32 33 37 38 42 43 47 48 52 53 57 58 62 63 67 68 72 73 77 78 82 83
a 2 4 7 8 10 13 17 18 22 23 27 28 32 33 37 38 42 43 47 48 52 53 57 58 62 63 67 68 72 73 77 78 82 83
a 2 4 7 8 12 13 17 18 22 23 27 28 32 33 37 38 42 43 47 48 52 53 57 58 62 63 67 68 72 73 77 78 82 83
a 1 4 7 8 12 13 17 18 22 23 27 28 32 33 37 38 42 43 47 48 52 53 57 58 62 63 67 68 72 73 77 78 82 83
a 1 3 7 8 12 13 17 18 22 23 27 28 32 33 37 38 42 43 47 48 52 53 57 58 62 63 67 68 72 73 77 78 82 83
Reconfiguration time = 0.543191
	Command being timed: "timeout 600s ../ddreconf/ddreconf ../benchmark_instances/2023result/docs/solver/benchmark/2022benchmark/benchmark/square/hc-square-008-002.col --st --stfile=../benchmark_instances/2023result/docs/solver/benchmark/2022benchmark/benchmark/square/hc-square-008-002_01.dat --tj --indset"
	User time (seconds): 0.53
	System time (seconds): 0.03
	Percent of CPU this job got: 99%
	Elapsed (wall clock) time (h:mm:ss or m:ss): 0:00.56
	Average shared text size (kbytes): 0
	Average unshared data size (kbytes): 0
	Average stack size (kbytes): 0
	Average total size (kbytes): 0
	Maximum resident set size (kbytes): 35060
	Average resident set size (kbytes): 0
	Major (requiring I/O) page faults: 0
	Minor (reclaiming a frame) page faults: 8278
	Voluntary context switches: 3
	Involuntary context switches: 22
	Swaps: 0
	File system inputs: 0
	File system outputs: 104
	Socket messages sent: 0
	Socket messages received: 0
	Signals delivered: 0
	Page size (bytes): 4096
	Exit status: 0
