Input graph file parsed. # of vertices = 94, # of edges = 138
s 2 4 6 9 11 14 16 19 21 24 26 29 31 34 36 39 41 44 46 49 51 54 56 59 61 64 66 69 71 74 76 79 81 84 86 89 91 94
t 1 3 7 8 12 13 17 18 22 23 27 28 32 33 37 38 42 43 47 48 52 53 57 58 62 63 67 68 72 73 77 78 82 83 87 88 92 93
Solution space ZDD construction start
Solution space ZDD construction end
Solution space ZDD construction time = 0.009475
Solution space ZDD size = 250
# of elements in the solution space = 529170669913507910
Start searching a reconfiguration sequence from s to t
Step 1 time = 0.000271, # ZDD nodes = 83, # elems = 10
Step 2 time = 0.000346, # ZDD nodes = 121, # elems = 45
Step 3 time = 0.000163, # ZDD nodes = 153, # elems = 121
Step 4 time = 0.000203, # ZDD nodes = 179, # elems = 219
Step 5 time = 0.000166, # ZDD nodes = 200, # elems = 288
Step 6 time = 0.000173, # ZDD nodes = 216, # elems = 295
Step 7 time = 0.000385, # ZDD nodes = 227, # elems = 254
Step 8 time = 0.000173, # ZDD nodes = 231, # elems = 200
Step 9 time = 0.000173, # ZDD nodes = 229, # elems = 158
Step 10 time = 0.000154, # ZDD nodes = 224, # elems = 137
Step 11 time = 0.000189, # ZDD nodes = 223, # elems = 138
Step 12 time = 0.000236, # ZDD nodes = 223, # elems = 165
Step 13 time = 0.000230, # ZDD nodes = 234, # elems = 222
Step 14 time = 0.000239, # ZDD nodes = 240, # elems = 297
Step 15 time = 0.000219, # ZDD nodes = 246, # elems = 360
Step 16 time = 0.000185, # ZDD nodes = 246, # elems = 379
Step 17 time = 0.000224, # ZDD nodes = 247, # elems = 339
Step 18 time = 0.000171, # ZDD nodes = 242, # elems = 255
Step 19 time = 0.000196, # ZDD nodes = 237, # elems = 166
Step 20 time = 0.000192, # ZDD nodes = 230, # elems = 110
Step 21 time = 0.000164, # ZDD nodes = 223, # elems = 104
Step 22 time = 0.000260, # ZDD nodes = 222, # elems = 146
Step 23 time = 0.000228, # ZDD nodes = 231, # elems = 229
Step 24 time = 0.000292, # ZDD nodes = 243, # elems = 342
Step 25 time = 0.000264, # ZDD nodes = 259, # elems = 459
Step 26 time = 0.000255, # ZDD nodes = 273, # elems = 545
Step 27 time = 0.000232, # ZDD nodes = 286, # elems = 576
Step 28 time = 0.000274, # ZDD nodes = 294, # elems = 548
Step 29 time = 0.000258, # ZDD nodes = 300, # elems = 480
Step 30 time = 0.000290, # ZDD nodes = 304, # elems = 411
Step 31 time = 0.000247, # ZDD nodes = 298, # elems = 375
Step 32 time = 0.000215, # ZDD nodes = 288, # elems = 376
Step 33 time = 0.000257, # ZDD nodes = 275, # elems = 392
Step 34 time = 0.000225, # ZDD nodes = 269, # elems = 395
Step 35 time = 0.000237, # ZDD nodes = 261, # elems = 371
Step 36 time = 0.000283, # ZDD nodes = 260, # elems = 334
Step 37 time = 0.000261, # ZDD nodes = 267, # elems = 319
Step 38 time = 0.000236, # ZDD nodes = 276, # elems = 358
Step 39 time = 0.000271, # ZDD nodes = 285, # elems = 461
Step 40 time = 0.000261, # ZDD nodes = 298, # elems = 608
Step 41 time = 0.000331, # ZDD nodes = 320, # elems = 756
Step 42 time = 0.000285, # ZDD nodes = 338, # elems = 862
Step 43 time = 0.000366, # ZDD nodes = 360, # elems = 900
Step 44 time = 0.000326, # ZDD nodes = 377, # elems = 867
Step 45 time = 0.000400, # ZDD nodes = 379, # elems = 790
Step 46 time = 0.000431, # ZDD nodes = 375, # elems = 715
Step 47 time = 0.000288, # ZDD nodes = 369, # elems = 675
Step 48 time = 0.000405, # ZDD nodes = 364, # elems = 678
Step 49 time = 0.000289, # ZDD nodes = 354, # elems = 717
Step 50 time = 0.000303, # ZDD nodes = 343, # elems = 770
Step 51 time = 0.000289, # ZDD nodes = 335, # elems = 803
Step 52 time = 0.000258, # ZDD nodes = 330, # elems = 792
Step 53 time = 0.000246, # ZDD nodes = 332, # elems = 737
Step 54 time = 0.000269, # ZDD nodes = 338, # elems = 659
Step 55 time = 0.000345, # ZDD nodes = 347, # elems = 598
Step 56 time = 0.000329, # ZDD nodes = 364, # elems = 604
Step 57 time = 0.000529, # ZDD nodes = 393, # elems = 710
Step 58 time = 0.000473, # ZDD nodes = 424, # elems = 911
Step 59 time = 0.000482, # ZDD nodes = 452, # elems = 1164
Step 60 time = 0.000532, # ZDD nodes = 468, # elems = 1399
Step 61 time = 0.000438, # ZDD nodes = 480, # elems = 1545
Step 62 time = 0.000388, # ZDD nodes = 483, # elems = 1566
Step 63 time = 0.000335, # ZDD nodes = 476, # elems = 1476
Step 64 time = 0.000366, # ZDD nodes = 473, # elems = 1328
Step 65 time = 0.000326, # ZDD nodes = 464, # elems = 1193
Step 66 time = 0.000391, # ZDD nodes = 455, # elems = 1127
Step 67 time = 0.000429, # ZDD nodes = 442, # elems = 1142
Step 68 time = 0.000406, # ZDD nodes = 430, # elems = 1211
Step 69 time = 0.000370, # ZDD nodes = 427, # elems = 1292
Step 70 time = 0.000340, # ZDD nodes = 429, # elems = 1346
Step 71 time = 0.000537, # ZDD nodes = 441, # elems = 1358
Step 72 time = 0.000491, # ZDD nodes = 455, # elems = 1351
Step 73 time = 0.000373, # ZDD nodes = 470, # elems = 1361
Step 74 time = 0.000464, # ZDD nodes = 483, # elems = 1399
Step 75 time = 0.000505, # ZDD nodes = 486, # elems = 1450
Step 76 time = 0.000440, # ZDD nodes = 491, # elems = 1492
Step 77 time = 0.000379, # ZDD nodes = 495, # elems = 1506
Step 78 time = 0.000536, # ZDD nodes = 504, # elems = 1493
Step 79 time = 0.000426, # ZDD nodes = 526, # elems = 1488
Step 80 time = 0.000394, # ZDD nodes = 554, # elems = 1539
Step 81 time = 0.000503, # ZDD nodes = 582, # elems = 1677
Step 82 time = 0.000427, # ZDD nodes = 609, # elems = 1908
Step 83 time = 0.000549, # ZDD nodes = 632, # elems = 2206
Step 84 time = 0.000519, # ZDD nodes = 649, # elems = 2503
Step 85 time = 0.000519, # ZDD nodes = 654, # elems = 2709
Step 86 time = 0.000522, # ZDD nodes = 656, # elems = 2759
Step 87 time = 0.000551, # ZDD nodes = 661, # elems = 2648
Step 88 time = 0.000538, # ZDD nodes = 667, # elems = 2437
Step 89 time = 0.000755, # ZDD nodes = 663, # elems = 2230
Step 90 time = 0.000578, # ZDD nodes = 658, # elems = 2123
Step 91 time = 0.000722, # ZDD nodes = 659, # elems = 2152
Step 92 time = 0.000684, # ZDD nodes = 659, # elems = 2283
Step 93 time = 0.000682, # ZDD nodes = 655, # elems = 2442
Step 94 time = 0.000723, # ZDD nodes = 646, # elems = 2554
Step 95 time = 0.000663, # ZDD nodes = 637, # elems = 2581
Step 96 time = 0.000695, # ZDD nodes = 629, # elems = 2542
Step 97 time = 0.000540, # ZDD nodes = 617, # elems = 2490
Step 98 time = 0.000613, # ZDD nodes = 611, # elems = 2474
Step 99 time = 0.000624, # ZDD nodes = 606, # elems = 2526
Step 100 time = 0.000518, # ZDD nodes = 599, # elems = 2653
Step 101 time = 0.000579, # ZDD nodes = 600, # elems = 2823
Step 102 time = 0.000500, # ZDD nodes = 616, # elems = 2977
Step 103 time = 0.000597, # ZDD nodes = 642, # elems = 3062
Step 104 time = 0.000557, # ZDD nodes = 671, # elems = 3053
Step 105 time = 0.000556, # ZDD nodes = 702, # elems = 2970
Step 106 time = 0.000594, # ZDD nodes = 735, # elems = 2890
Step 107 time = 0.000713, # ZDD nodes = 772, # elems = 2917
Step 108 time = 0.000670, # ZDD nodes = 801, # elems = 3118
Step 109 time = 0.000841, # ZDD nodes = 830, # elems = 3488
Step 110 time = 0.000698, # ZDD nodes = 860, # elems = 3961
Step 111 time = 0.000731, # ZDD nodes = 883, # elems = 4428
Step 112 time = 0.001083, # ZDD nodes = 909, # elems = 4768
Step 113 time = 0.001195, # ZDD nodes = 943, # elems = 4909
Step 114 time = 0.000763, # ZDD nodes = 967, # elems = 4868
Step 115 time = 0.000713, # ZDD nodes = 975, # elems = 4727
Step 116 time = 0.000920, # ZDD nodes = 975, # elems = 4585
Step 117 time = 0.000697, # ZDD nodes = 971, # elems = 4516
Step 118 time = 0.000674, # ZDD nodes = 963, # elems = 4532
Step 119 time = 0.000652, # ZDD nodes = 947, # elems = 4584
Step 120 time = 0.000787, # ZDD nodes = 926, # elems = 4612
Step 121 time = 0.000646, # ZDD nodes = 907, # elems = 4590
Step 122 time = 0.000625, # ZDD nodes = 894, # elems = 4531
Step 123 time = 0.000794, # ZDD nodes = 885, # elems = 4477
Step 124 time = 0.000688, # ZDD nodes = 883, # elems = 4483
Step 125 time = 0.000826, # ZDD nodes = 885, # elems = 4587
Step 126 time = 0.000648, # ZDD nodes = 892, # elems = 4785
Step 127 time = 0.000658, # ZDD nodes = 895, # elems = 5035
Step 128 time = 0.000669, # ZDD nodes = 899, # elems = 5278
Step 129 time = 0.000832, # ZDD nodes = 910, # elems = 5461
Step 130 time = 0.000675, # ZDD nodes = 926, # elems = 5564
Step 131 time = 0.000862, # ZDD nodes = 943, # elems = 5615
Step 132 time = 0.000923, # ZDD nodes = 960, # elems = 5667
Step 133 time = 0.000789, # ZDD nodes = 978, # elems = 5754
Step 134 time = 0.001001, # ZDD nodes = 1001, # elems = 5869
Step 135 time = 0.000776, # ZDD nodes = 1024, # elems = 5971
Step 136 time = 0.000845, # ZDD nodes = 1044, # elems = 6012
Step 137 time = 0.001055, # ZDD nodes = 1073, # elems = 5989
Step 138 time = 0.001061, # ZDD nodes = 1099, # elems = 5981
Step 139 time = 0.000837, # ZDD nodes = 1129, # elems = 6113
Step 140 time = 0.000911, # ZDD nodes = 1156, # elems = 6478
Step 141 time = 0.001061, # ZDD nodes = 1170, # elems = 7090
Step 142 time = 0.000819, # ZDD nodes = 1185, # elems = 7865
Step 143 time = 0.001124, # ZDD nodes = 1200, # elems = 8628
Step 144 time = 0.001123, # ZDD nodes = 1215, # elems = 9176
Step 145 time = 0.000953, # ZDD nodes = 1229, # elems = 9380
Step 146 time = 0.000792, # ZDD nodes = 1237, # elems = 9240
Step 147 time = 0.000793, # ZDD nodes = 1246, # elems = 8880
Step 148 time = 0.000793, # ZDD nodes = 1261, # elems = 8499
Step 149 time = 0.000805, # ZDD nodes = 1267, # elems = 8289
Step 150 time = 0.000813, # ZDD nodes = 1266, # elems = 8336
Step 151 time = 0.000864, # ZDD nodes = 1261, # elems = 8588
Step 152 time = 0.000790, # ZDD nodes = 1254, # elems = 8909
Step 153 time = 0.000964, # ZDD nodes = 1249, # elems = 9161
Step 154 time = 0.000773, # ZDD nodes = 1248, # elems = 9260
Step 155 time = 0.000773, # ZDD nodes = 1254, # elems = 9214
Step 156 time = 0.000835, # ZDD nodes = 1261, # elems = 9122
Step 157 time = 0.000996, # ZDD nodes = 1275, # elems = 9109
Step 158 time = 0.000804, # ZDD nodes = 1289, # elems = 9249
Step 159 time = 0.000875, # ZDD nodes = 1303, # elems = 9544
Step 160 time = 0.001074, # ZDD nodes = 1318, # elems = 9938
Step 161 time = 0.000986, # ZDD nodes = 1331, # elems = 10335
Step 162 time = 0.000877, # ZDD nodes = 1346, # elems = 10644
Step 163 time = 0.000954, # ZDD nodes = 1365, # elems = 10834
Step 164 time = 0.000950, # ZDD nodes = 1386, # elems = 10942
Step 165 time = 0.000950, # ZDD nodes = 1401, # elems = 11041
Step 166 time = 0.001011, # ZDD nodes = 1414, # elems = 11202
Step 167 time = 0.000836, # ZDD nodes = 1425, # elems = 11449
Step 168 time = 0.001148, # ZDD nodes = 1436, # elems = 11729
Step 169 time = 0.000979, # ZDD nodes = 1449, # elems = 11942
Step 170 time = 0.001149, # ZDD nodes = 1460, # elems = 12014
Step 171 time = 0.001195, # ZDD nodes = 1483, # elems = 11951
Step 172 time = 0.001046, # ZDD nodes = 1518, # elems = 11852
Step 173 time = 0.001079, # ZDD nodes = 1558, # elems = 11886
Step 174 time = 0.001242, # ZDD nodes = 1596, # elems = 12228
Step 175 time = 0.000973, # ZDD nodes = 1631, # elems = 12973
Step 176 time = 0.001296, # ZDD nodes = 1661, # elems = 14089
Step 177 time = 0.001159, # ZDD nodes = 1689, # elems = 15432
Step 178 time = 0.000995, # ZDD nodes = 1716, # elems = 16793
Step 179 time = 0.001014, # ZDD nodes = 1740, # elems = 17952
Step 180 time = 0.001032, # ZDD nodes = 1753, # elems = 18747
Step 181 time = 0.001020, # ZDD nodes = 1763, # elems = 19129
Step 182 time = 0.001192, # ZDD nodes = 1771, # elems = 19170
Step 183 time = 0.001211, # ZDD nodes = 1776, # elems = 19026
Step 184 time = 0.001211, # ZDD nodes = 1775, # elems = 18884
Step 185 time = 0.001046, # ZDD nodes = 1779, # elems = 18884
Step 186 time = 0.001219, # ZDD nodes = 1784, # elems = 19053
Step 187 time = 0.001373, # ZDD nodes = 1790, # elems = 19319
Step 188 time = 0.001043, # ZDD nodes = 1791, # elems = 19597
Step 189 time = 0.001358, # ZDD nodes = 1787, # elems = 19846
Step 190 time = 0.001021, # ZDD nodes = 1782, # elems = 20077
Step 191 time = 0.001314, # ZDD nodes = 1779, # elems = 20346
Step 192 time = 0.001342, # ZDD nodes = 1778, # elems = 20719
Step 193 time = 0.000957, # ZDD nodes = 1785, # elems = 21212
Step 194 time = 0.000961, # ZDD nodes = 1790, # elems = 21781
Step 195 time = 0.000939, # ZDD nodes = 1802, # elems = 22372
Step 196 time = 0.001012, # ZDD nodes = 1814, # elems = 22955
Step 197 time = 0.001032, # ZDD nodes = 1823, # elems = 23519
Step 198 time = 0.000966, # ZDD nodes = 1834, # elems = 24069
Step 199 time = 0.000982, # ZDD nodes = 1846, # elems = 24625
Step 200 time = 0.001279, # ZDD nodes = 1857, # elems = 25199
Step 201 time = 0.001313, # ZDD nodes = 1868, # elems = 25778
Step 202 time = 0.001065, # ZDD nodes = 1884, # elems = 26342
Step 203 time = 0.001671, # ZDD nodes = 1907, # elems = 26883
Step 204 time = 0.001015, # ZDD nodes = 1931, # elems = 27401
Step 205 time = 0.001025, # ZDD nodes = 1961, # elems = 27910
Step 206 time = 0.001032, # ZDD nodes = 1995, # elems = 28457
Step 207 time = 0.001051, # ZDD nodes = 2032, # elems = 29104
Step 208 time = 0.001063, # ZDD nodes = 2077, # elems = 29875
Step 209 time = 0.001272, # ZDD nodes = 2129, # elems = 30733
Step 210 time = 0.001121, # ZDD nodes = 2182, # elems = 31604
Step 211 time = 0.001792, # ZDD nodes = 2230, # elems = 32412
Step 212 time = 0.001993, # ZDD nodes = 2276, # elems = 33121
Step 213 time = 0.001215, # ZDD nodes = 2320, # elems = 33780
Step 214 time = 0.001213, # ZDD nodes = 2358, # elems = 34503
Step 215 time = 0.001372, # ZDD nodes = 2377, # elems = 35373
Step 216 time = 0.001374, # ZDD nodes = 2388, # elems = 36361
Step 217 time = 0.001236, # ZDD nodes = 2392, # elems = 37328
Step 218 time = 0.001545, # ZDD nodes = 2391, # elems = 38087
Step 219 time = 0.001192, # ZDD nodes = 2384, # elems = 38506
Step 220 time = 0.001188, # ZDD nodes = 2378, # elems = 38597
Step 221 time = 0.001488, # ZDD nodes = 2368, # elems = 38518
Step 222 time = 0.001150, # ZDD nodes = 2355, # elems = 38478
Step 223 time = 0.001137, # ZDD nodes = 2344, # elems = 38634
Step 224 time = 0.001465, # ZDD nodes = 2339, # elems = 39032
Step 225 time = 0.001022, # ZDD nodes = 2336, # elems = 39604
Step 226 time = 0.001013, # ZDD nodes = 2336, # elems = 40218
Step 227 time = 0.001010, # ZDD nodes = 2337, # elems = 40760
Step 228 time = 0.001061, # ZDD nodes = 2336, # elems = 41184
Step 229 time = 0.001266, # ZDD nodes = 2336, # elems = 41508
Step 230 time = 0.001122, # ZDD nodes = 2340, # elems = 41793
Step 231 time = 0.001124, # ZDD nodes = 2344, # elems = 42128
Step 232 time = 0.001129, # ZDD nodes = 2346, # elems = 42599
Step 233 time = 0.001126, # ZDD nodes = 2348, # elems = 43241
Step 234 time = 0.001168, # ZDD nodes = 2350, # elems = 44007
Step 235 time = 0.001135, # ZDD nodes = 2346, # elems = 44772
Step 236 time = 0.001117, # ZDD nodes = 2342, # elems = 45373
Step 237 time = 0.001116, # ZDD nodes = 2339, # elems = 45690
Step 238 time = 0.001133, # ZDD nodes = 2344, # elems = 45732
Step 239 time = 0.001442, # ZDD nodes = 2352, # elems = 45646
Step 240 time = 0.001151, # ZDD nodes = 2370, # elems = 45627
Step 241 time = 0.001168, # ZDD nodes = 2393, # elems = 45811
Step 242 time = 0.001188, # ZDD nodes = 2417, # elems = 46226
Step 243 time = 0.001195, # ZDD nodes = 2439, # elems = 46796
Step 244 time = 0.001621, # ZDD nodes = 2462, # elems = 47386
Step 245 time = 0.001218, # ZDD nodes = 2484, # elems = 47888
Step 246 time = 0.001237, # ZDD nodes = 2505, # elems = 48280
Step 247 time = 0.001573, # ZDD nodes = 2517, # elems = 48593
Step 248 time = 0.001524, # ZDD nodes = 2521, # elems = 48853
Step 249 time = 0.001528, # ZDD nodes = 2521, # elems = 49075
Step 250 time = 0.001494, # ZDD nodes = 2519, # elems = 49260
Step 251 time = 0.001309, # ZDD nodes = 2514, # elems = 49366
Step 252 time = 0.001156, # ZDD nodes = 2512, # elems = 49321
Step 253 time = 0.001138, # ZDD nodes = 2518, # elems = 49085
Step 254 time = 0.001150, # ZDD nodes = 2522, # elems = 48683
Step 255 time = 0.001311, # ZDD nodes = 2521, # elems = 48201
Step 256 time = 0.001300, # ZDD nodes = 2511, # elems = 47774
Step 257 time = 0.001136, # ZDD nodes = 2500, # elems = 47533
Step 258 time = 0.001792, # ZDD nodes = 2490, # elems = 47505
Step 259 time = 0.001299, # ZDD nodes = 2481, # elems = 47578
Step 260 time = 0.001084, # ZDD nodes = 2473, # elems = 47588
Step 261 time = 0.001057, # ZDD nodes = 2466, # elems = 47429
Step 262 time = 0.001384, # ZDD nodes = 2456, # elems = 47091
Step 263 time = 0.001338, # ZDD nodes = 2450, # elems = 46652
Step 264 time = 0.000962, # ZDD nodes = 2448, # elems = 46243
Step 265 time = 0.000970, # ZDD nodes = 2445, # elems = 45964
Step 266 time = 0.000963, # ZDD nodes = 2449, # elems = 45809
Step 267 time = 0.000955, # ZDD nodes = 2453, # elems = 45694
Step 268 time = 0.000961, # ZDD nodes = 2456, # elems = 45544
Step 269 time = 0.000980, # ZDD nodes = 2463, # elems = 45326
Step 270 time = 0.000981, # ZDD nodes = 2471, # elems = 45036
Step 271 time = 0.000985, # ZDD nodes = 2477, # elems = 44702
Step 272 time = 0.000972, # ZDD nodes = 2489, # elems = 44370
Step 273 time = 0.001005, # ZDD nodes = 2502, # elems = 44048
Step 274 time = 0.001002, # ZDD nodes = 2516, # elems = 43694
Step 275 time = 0.001320, # ZDD nodes = 2526, # elems = 43275
Step 276 time = 0.000993, # ZDD nodes = 2538, # elems = 42790
Step 277 time = 0.000991, # ZDD nodes = 2555, # elems = 42238
Step 278 time = 0.001001, # ZDD nodes = 2569, # elems = 41630
Step 279 time = 0.001010, # ZDD nodes = 2577, # elems = 41024
Step 280 time = 0.001006, # ZDD nodes = 2580, # elems = 40487
Step 281 time = 0.000995, # ZDD nodes = 2574, # elems = 40036
Step 282 time = 0.000946, # ZDD nodes = 2564, # elems = 39642
Step 283 time = 0.000928, # ZDD nodes = 2543, # elems = 39242
Step 284 time = 0.000913, # ZDD nodes = 2518, # elems = 38728
Step 285 time = 0.000892, # ZDD nodes = 2489, # elems = 37997
Step 286 time = 0.000868, # ZDD nodes = 2459, # elems = 37054
Step 287 time = 0.000834, # ZDD nodes = 2425, # elems = 36030
Step 288 time = 0.000834, # ZDD nodes = 2393, # elems = 35088
Step 289 time = 0.000821, # ZDD nodes = 2371, # elems = 34337
Step 290 time = 0.000802, # ZDD nodes = 2350, # elems = 33802
Step 291 time = 0.000807, # ZDD nodes = 2327, # elems = 33410
Step 292 time = 0.000802, # ZDD nodes = 2303, # elems = 33018
Step 293 time = 0.000783, # ZDD nodes = 2278, # elems = 32513
Step 294 time = 0.000790, # ZDD nodes = 2254, # elems = 31884
Step 295 time = 0.000784, # ZDD nodes = 2234, # elems = 31182
Step 296 time = 0.000765, # ZDD nodes = 2212, # elems = 30454
Step 297 time = 0.000771, # ZDD nodes = 2189, # elems = 29741
Step 298 time = 0.000759, # ZDD nodes = 2167, # elems = 29081
Step 299 time = 0.000750, # ZDD nodes = 2145, # elems = 28472
Step 300 time = 0.000750, # ZDD nodes = 2127, # elems = 27869
Step 301 time = 0.000743, # ZDD nodes = 2114, # elems = 27233
Step 302 time = 0.000728, # ZDD nodes = 2101, # elems = 26545
Step 303 time = 0.000730, # ZDD nodes = 2084, # elems = 25787
Step 304 time = 0.001084, # ZDD nodes = 2073, # elems = 24974
Step 305 time = 0.000742, # ZDD nodes = 2063, # elems = 24192
Step 306 time = 0.000728, # ZDD nodes = 2050, # elems = 23535
Step 307 time = 0.001049, # ZDD nodes = 2027, # elems = 23010
Step 308 time = 0.000717, # ZDD nodes = 2008, # elems = 22545
Step 309 time = 0.001039, # ZDD nodes = 1990, # elems = 22052
Step 310 time = 0.000698, # ZDD nodes = 1972, # elems = 21450
Step 311 time = 0.000709, # ZDD nodes = 1951, # elems = 20702
Step 312 time = 0.000672, # ZDD nodes = 1927, # elems = 19878
Step 313 time = 0.000666, # ZDD nodes = 1898, # elems = 19116
Step 314 time = 0.001002, # ZDD nodes = 1863, # elems = 18492
Step 315 time = 0.001599, # ZDD nodes = 1822, # elems = 17976
Step 316 time = 0.000609, # ZDD nodes = 1780, # elems = 17495
Step 317 time = 0.000594, # ZDD nodes = 1739, # elems = 16975
Step 318 time = 0.000579, # ZDD nodes = 1699, # elems = 16356
Step 319 time = 0.000555, # ZDD nodes = 1662, # elems = 15638
Step 320 time = 0.000556, # ZDD nodes = 1626, # elems = 14895
Step 321 time = 0.000607, # ZDD nodes = 1590, # elems = 14205
Step 322 time = 0.000511, # ZDD nodes = 1556, # elems = 13595
Step 323 time = 0.000493, # ZDD nodes = 1524, # elems = 13069
Step 324 time = 0.000478, # ZDD nodes = 1501, # elems = 12630
Step 325 time = 0.000464, # ZDD nodes = 1485, # elems = 12247
Step 326 time = 0.000459, # ZDD nodes = 1471, # elems = 11857
Step 327 time = 0.000455, # ZDD nodes = 1467, # elems = 11427
Step 328 time = 0.000445, # ZDD nodes = 1464, # elems = 10973
Step 329 time = 0.000446, # ZDD nodes = 1456, # elems = 10516
Step 330 time = 0.000443, # ZDD nodes = 1445, # elems = 10068
Step 331 time = 0.000431, # ZDD nodes = 1423, # elems = 9650
Step 332 time = 0.000417, # ZDD nodes = 1393, # elems = 9265
Step 333 time = 0.000432, # ZDD nodes = 1364, # elems = 8864
Step 334 time = 0.000408, # ZDD nodes = 1337, # elems = 8394
Step 335 time = 0.000402, # ZDD nodes = 1313, # elems = 7868
Step 336 time = 0.000390, # ZDD nodes = 1289, # elems = 7348
Step 337 time = 0.000385, # ZDD nodes = 1262, # elems = 6886
Step 338 time = 0.000374, # ZDD nodes = 1233, # elems = 6512
Step 339 time = 0.000358, # ZDD nodes = 1204, # elems = 6233
Step 340 time = 0.000357, # ZDD nodes = 1175, # elems = 6006
Step 341 time = 0.000347, # ZDD nodes = 1145, # elems = 5756
Step 342 time = 0.000341, # ZDD nodes = 1119, # elems = 5450
Step 343 time = 0.000334, # ZDD nodes = 1107, # elems = 5115
Step 344 time = 0.000340, # ZDD nodes = 1095, # elems = 4783
Step 345 time = 0.000332, # ZDD nodes = 1085, # elems = 4474
Step 346 time = 0.000327, # ZDD nodes = 1078, # elems = 4220
Step 347 time = 0.000993, # ZDD nodes = 1064, # elems = 4040
Step 348 time = 0.000317, # ZDD nodes = 1045, # elems = 3904
Step 349 time = 0.000312, # ZDD nodes = 1024, # elems = 3766
Step 350 time = 0.000323, # ZDD nodes = 999, # elems = 3602
Step 351 time = 0.000289, # ZDD nodes = 965, # elems = 3391
Step 352 time = 0.000289, # ZDD nodes = 923, # elems = 3111
Step 353 time = 0.000264, # ZDD nodes = 878, # elems = 2781
Step 354 time = 0.000238, # ZDD nodes = 831, # elems = 2465
Step 355 time = 0.000210, # ZDD nodes = 779, # elems = 2216
Step 356 time = 0.000177, # ZDD nodes = 725, # elems = 2041
Step 357 time = 0.000164, # ZDD nodes = 673, # elems = 1918
Step 358 time = 0.000153, # ZDD nodes = 627, # elems = 1816
Step 359 time = 0.000152, # ZDD nodes = 597, # elems = 1702
Step 360 time = 0.000140, # ZDD nodes = 573, # elems = 1562
Step 361 time = 0.000136, # ZDD nodes = 554, # elems = 1419
Step 362 time = 0.000131, # ZDD nodes = 531, # elems = 1309
Step 363 time = 0.000126, # ZDD nodes = 507, # elems = 1242
Step 364 time = 0.000128, # ZDD nodes = 484, # elems = 1200
Step 365 time = 0.000118, # ZDD nodes = 461, # elems = 1158
Step 366 time = 0.000109, # ZDD nodes = 439, # elems = 1091
Step 367 time = 0.000105, # ZDD nodes = 416, # elems = 981
Step 368 time = 0.000099, # ZDD nodes = 391, # elems = 838
Step 369 time = 0.000094, # ZDD nodes = 365, # elems = 699
Step 370 time = 0.000166, # ZDD nodes = 336, # elems = 593
Step 371 time = 0.000082, # ZDD nodes = 310, # elems = 523
Step 372 time = 0.000079, # ZDD nodes = 292, # elems = 485
Step 373 time = 0.000076, # ZDD nodes = 276, # elems = 477
Step 374 time = 0.000071, # ZDD nodes = 263, # elems = 483
Step 375 time = 0.000068, # ZDD nodes = 255, # elems = 475
Step 376 time = 0.000073, # ZDD nodes = 249, # elems = 438
Step 377 time = 0.000064, # ZDD nodes = 243, # elems = 376
Step 378 time = 0.000063, # ZDD nodes = 237, # elems = 300
Step 379 time = 0.000059, # ZDD nodes = 226, # elems = 230
Step 380 time = 0.000059, # ZDD nodes = 216, # elems = 194
t found
a YES
a 2 4 6 9 11 14 16 19 21 24 26 29 31 34 36 39 41 44 46 49 51 54 56 59 61 64 66 69 71 74 76 79 81 84 86 89 91 94
a 1 4 6 9 11 14 16 19 21 24 26 29 31 34 36 39 41 44 46 49 51 54 56 59 61 64 66 69 71 74 76 79 81 84 86 89 91 94
a 1 3 6 9 11 14 16 19 21 24 26 29 31 34 36 39 41 44 46 49 51 54 56 59 61 64 66 69 71 74 76 79 81 84 86 89 91 94
a 1 3 5 9 11 14 16 19 21 24 26 29 31 34 36 39 41 44 46 49 51 54 56 59 61 64 66 69 71 74 76 79 81 84 86 89 91 94
a 1 3 5 8 11 14 16 19 21 24 26 29 31 34 36 39 41 44 46 49 51 54 56 59 61 64 66 69 71 74 76 79 81 84 86 89 91 94
a 1 3 7 8 11 14 16 19 21 24 26 29 31 34 36 39 41 44 46 49 51 54 56 59 61 64 66 69 71 74 76 79 81 84 86 89 91 94
a 1 4 7 8 11 14 16 19 21 24 26 29 31 34 36 39 41 44 46 49 51 54 56 59 61 64 66 69 71 74 76 79 81 84 86 89 91 94
a 2 4 7 8 11 14 16 19 21 24 26 29 31 34 36 39 41 44 46 49 51 54 56 59 61 64 66 69 71 74 76 79 81 84 86 89 91 94
a 2 4 7 8 10 14 16 19 21 24 26 29 31 34 36 39 41 44 46 49 51 54 56 59 61 64 66 69 71 74 76 79 81 84 86 89 91 94
a 2 4 7 8 10 13 16 19 21 24 26 29 31 34 36 39 41 44 46 49 51 54 56 59 61 64 66 69 71 74 76 79 81 84 86 89 91 94
a 2 4 7 8 10 13 15 19 21 24 26 29 31 34 36 39 41 44 46 49 51 54 56 59 61 64 66 69 71 74 76 79 81 84 86 89 91 94
a 2 4 7 8 10 13 15 18 21 24 26 29 31 34 36 39 41 44 46 49 51 54 56 59 61 64 66 69 71 74 76 79 81 84 86 89 91 94
a 2 4 7 8 10 13 17 18 21 24 26 29 31 34 36 39 41 44 46 49 51 54 56 59 61 64 66 69 71 74 76 79 81 84 86 89 91 94
a 2 4 7 8 10 14 17 18 21 24 26 29 31 34 36 39 41 44 46 49 51 54 56 59 61 64 66 69 71 74 76 79 81 84 86 89 91 94
a 2 4 7 8 11 14 17 18 21 24 26 29 31 34 36 39 41 44 46 49 51 54 56 59 61 64 66 69 71 74 76 79 81 84 86 89 91 94
a 1 4 7 8 11 14 17 18 21 24 26 29 31 34 36 39 41 44 46 49 51 54 56 59 61 64 66 69 71 74 76 79 81 84 86 89 91 94
a 1 3 7 8 11 14 17 18 21 24 26 29 31 34 36 39 41 44 46 49 51 54 56 59 61 64 66 69 71 74 76 79 81 84 86 89 91 94
a 1 3 5 8 11 14 17 18 21 24 26 29 31 34 36 39 41 44 46 49 51 54 56 59 61 64 66 69 71 74 76 79 81 84 86 89 91 94
a 1 3 5 9 11 14 17 18 21 24 26 29 31 34 36 39 41 44 46 49 51 54 56 59 61 64 66 69 71 74 76 79 81 84 86 89 91 94
a 1 3 5 9 11 14 17 18 20 24 26 29 31 34 36 39 41 44 46 49 51 54 56 59 61 64 66 69 71 74 76 79 81 84 86 89 91 94
a 1 3 5 9 11 14 17 18 20 23 26 29 31 34 36 39 41 44 46 49 51 54 56 59 61 64 66 69 71 74 76 79 81 84 86 89 91 94
a 1 3 5 9 11 14 17 18 20 23 25 29 31 34 36 39 41 44 46 49 51 54 56 59 61 64 66 69 71 74 76 79 81 84 86 89 91 94
a 1 3 5 9 11 14 17 18 20 23 25 28 31 34 36 39 41 44 46 49 51 54 56 59 61 64 66 69 71 74 76 79 81 84 86 89 91 94
a 1 3 5 9 11 14 17 18 20 23 27 28 31 34 36 39 41 44 46 49 51 54 56 59 61 64 66 69 71 74 76 79 81 84 86 89 91 94
a 1 3 5 9 11 14 17 18 20 24 27 28 31 34 36 39 41 44 46 49 51 54 56 59 61 64 66 69 71 74 76 79 81 84 86 89 91 94
a 1 3 5 9 11 14 17 18 21 24 27 28 31 34 36 39 41 44 46 49 51 54 56 59 61 64 66 69 71 74 76 79 81 84 86 89 91 94
a 1 3 5 8 11 14 17 18 21 24 27 28 31 34 36 39 41 44 46 49 51 54 56 59 61 64 66 69 71 74 76 79 81 84 86 89 91 94
a 1 3 7 8 11 14 17 18 21 24 27 28 31 34 36 39 41 44 46 49 51 54 56 59 61 64 66 69 71 74 76 79 81 84 86 89 91 94
a 1 4 7 8 11 14 17 18 21 24 27 28 31 34 36 39 41 44 46 49 51 54 56 59 61 64 66 69 71 74 76 79 81 84 86 89 91 94
a 2 4 7 8 11 14 17 18 21 24 27 28 31 34 36 39 41 44 46 49 51 54 56 59 61 64 66 69 71 74 76 79 81 84 86 89 91 94
a 2 4 7 8 10 14 17 18 21 24 27 28 31 34 36 39 41 44 46 49 51 54 56 59 61 64 66 69 71 74 76 79 81 84 86 89 91 94
a 2 4 7 8 10 13 17 18 21 24 27 28 31 34 36 39 41 44 46 49 51 54 56 59 61 64 66 69 71 74 76 79 81 84 86 89 91 94
a 2 4 7 8 10 13 15 18 21 24 27 28 31 34 36 39 41 44 46 49 51 54 56 59 61 64 66 69 71 74 76 79 81 84 86 89 91 94
a 2 4 7 8 10 13 15 19 21 24 27 28 31 34 36 39 41 44 46 49 51 54 56 59 61 64 66 69 71 74 76 79 81 84 86 89 91 94
a 2 4 7 8 10 13 15 19 21 24 27 28 30 34 36 39 41 44 46 49 51 54 56 59 61 64 66 69 71 74 76 79 81 84 86 89 91 94
a 2 4 7 8 10 13 15 19 21 24 27 28 30 33 36 39 41 44 46 49 51 54 56 59 61 64 66 69 71 74 76 79 81 84 86 89 91 94
a 2 4 7 8 10 13 15 19 21 24 27 28 30 33 35 39 41 44 46 49 51 54 56 59 61 64 66 69 71 74 76 79 81 84 86 89 91 94
a 2 4 7 8 10 13 15 19 21 24 27 28 30 33 35 38 41 44 46 49 51 54 56 59 61 64 66 69 71 74 76 79 81 84 86 89 91 94
a 2 4 7 8 10 13 15 19 21 24 27 28 30 33 37 38 41 44 46 49 51 54 56 59 61 64 66 69 71 74 76 79 81 84 86 89 91 94
a 2 4 7 8 10 13 15 19 21 24 27 28 30 34 37 38 41 44 46 49 51 54 56 59 61 64 66 69 71 74 76 79 81 84 86 89 91 94
a 2 4 7 8 10 13 15 19 21 24 27 28 31 34 37 38 41 44 46 49 51 54 56 59 61 64 66 69 71 74 76 79 81 84 86 89 91 94
a 2 4 7 8 10 13 15 18 21 24 27 28 31 34 37 38 41 44 46 49 51 54 56 59 61 64 66 69 71 74 76 79 81 84 86 89 91 94
a 2 4 7 8 10 13 17 18 21 24 27 28 31 34 37 38 41 44 46 49 51 54 56 59 61 64 66 69 71 74 76 79 81 84 86 89 91 94
a 2 4 7 8 10 14 17 18 21 24 27 28 31 34 37 38 41 44 46 49 51 54 56 59 61 64 66 69 71 74 76 79 81 84 86 89 91 94
a 2 4 7 8 11 14 17 18 21 24 27 28 31 34 37 38 41 44 46 49 51 54 56 59 61 64 66 69 71 74 76 79 81 84 86 89 91 94
a 1 4 7 8 11 14 17 18 21 24 27 28 31 34 37 38 41 44 46 49 51 54 56 59 61 64 66 69 71 74 76 79 81 84 86 89 91 94
a 1 3 7 8 11 14 17 18 21 24 27 28 31 34 37 38 41 44 46 49 51 54 56 59 61 64 66 69 71 74 76 79 81 84 86 89 91 94
a 1 3 5 8 11 14 17 18 21 24 27 28 31 34 37 38 41 44 46 49 51 54 56 59 61 64 66 69 71 74 76 79 81 84 86 89 91 94
a 1 3 5 9 11 14 17 18 21 24 27 28 31 34 37 38 41 44 46 49 51 54 56 59 61 64 66 69 71 74 76 79 81 84 86 89 91 94
a 1 3 5 9 11 14 17 18 20 24 27 28 31 34 37 38 41 44 46 49 51 54 56 59 61 64 66 69 71 74 76 79 81 84 86 89 91 94
a 1 3 5 9 11 14 17 18 20 23 27 28 31 34 37 38 41 44 46 49 51 54 56 59 61 64 66 69 71 74 76 79 81 84 86 89 91 94
a 1 3 5 9 11 14 17 18 20 23 25 28 31 34 37 38 41 44 46 49 51 54 56 59 61 64 66 69 71 74 76 79 81 84 86 89 91 94
a 1 3 5 9 11 14 17 18 20 23 25 29 31 34 37 38 41 44 46 49 51 54 56 59 61 64 66 69 71 74 76 79 81 84 86 89 91 94
a 1 3 5 9 11 14 17 18 20 23 25 29 31 34 37 38 40 44 46 49 51 54 56 59 61 64 66 69 71 74 76 79 81 84 86 89 91 94
a 1 3 5 9 11 14 17 18 20 23 25 29 31 34 37 38 40 43 46 49 51 54 56 59 61 64 66 69 71 74 76 79 81 84 86 89 91 94
a 1 3 5 9 11 14 17 18 20 23 25 29 31 34 37 38 40 43 45 49 51 54 56 59 61 64 66 69 71 74 76 79 81 84 86 89 91 94
a 1 3 5 9 11 14 17 18 20 23 25 29 31 34 37 38 40 43 45 48 51 54 56 59 61 64 66 69 71 74 76 79 81 84 86 89 91 94
a 1 3 5 9 11 14 17 18 20 23 25 29 31 34 37 38 40 43 47 48 51 54 56 59 61 64 66 69 71 74 76 79 81 84 86 89 91 94
a 1 3 5 9 11 14 17 18 20 23 25 29 31 34 37 38 40 44 47 48 51 54 56 59 61 64 66 69 71 74 76 79 81 84 86 89 91 94
a 1 3 5 9 11 14 17 18 20 23 25 29 31 34 37 38 41 44 47 48 51 54 56 59 61 64 66 69 71 74 76 79 81 84 86 89 91 94
a 1 3 5 9 11 14 17 18 20 23 25 28 31 34 37 38 41 44 47 48 51 54 56 59 61 64 66 69 71 74 76 79 81 84 86 89 91 94
a 1 3 5 9 11 14 17 18 20 23 27 28 31 34 37 38 41 44 47 48 51 54 56 59 61 64 66 69 71 74 76 79 81 84 86 89 91 94
a 1 3 5 9 11 14 17 18 20 24 27 28 31 34 37 38 41 44 47 48 51 54 56 59 61 64 66 69 71 74 76 79 81 84 86 89 91 94
a 1 3 5 9 11 14 17 18 21 24 27 28 31 34 37 38 41 44 47 48 51 54 56 59 61 64 66 69 71 74 76 79 81 84 86 89 91 94
a 1 3 5 8 11 14 17 18 21 24 27 28 31 34 37 38 41 44 47 48 51 54 56 59 61 64 66 69 71 74 76 79 81 84 86 89 91 94
a 1 3 7 8 11 14 17 18 21 24 27 28 31 34 37 38 41 44 47 48 51 54 56 59 61 64 66 69 71 74 76 79 81 84 86 89 91 94
a 1 4 7 8 11 14 17 18 21 24 27 28 31 34 37 38 41 44 47 48 51 54 56 59 61 64 66 69 71 74 76 79 81 84 86 89 91 94
a 2 4 7 8 11 14 17 18 21 24 27 28 31 34 37 38 41 44 47 48 51 54 56 59 61 64 66 69 71 74 76 79 81 84 86 89 91 94
a 2 4 7 8 10 14 17 18 21 24 27 28 31 34 37 38 41 44 47 48 51 54 56 59 61 64 66 69 71 74 76 79 81 84 86 89 91 94
a 2 4 7 8 10 13 17 18 21 24 27 28 31 34 37 38 41 44 47 48 51 54 56 59 61 64 66 69 71 74 76 79 81 84 86 89 91 94
a 2 4 7 8 10 13 15 18 21 24 27 28 31 34 37 38 41 44 47 48 51 54 56 59 61 64 66 69 71 74 76 79 81 84 86 89 91 94
a 2 4 7 8 10 13 15 19 21 24 27 28 31 34 37 38 41 44 47 48 51 54 56 59 61 64 66 69 71 74 76 79 81 84 86 89 91 94
a 2 4 7 8 10 13 15 19 21 24 27 28 30 34 37 38 41 44 47 48 51 54 56 59 61 64 66 69 71 74 76 79 81 84 86 89 91 94
a 2 4 7 8 10 13 15 19 21 24 27 28 30 33 37 38 41 44 47 48 51 54 56 59 61 64 66 69 71 74 76 79 81 84 86 89 91 94
a 2 4 7 8 10 13 15 19 21 24 27 28 30 33 35 38 41 44 47 48 51 54 56 59 61 64 66 69 71 74 76 79 81 84 86 89 91 94
a 2 4 7 8 10 13 15 19 21 24 27 28 30 33 35 39 41 44 47 48 51 54 56 59 61 64 66 69 71 74 76 79 81 84 86 89 91 94
a 2 4 7 8 10 13 15 19 21 24 27 28 30 33 35 39 41 44 47 48 50 54 56 59 61 64 66 69 71 74 76 79 81 84 86 89 91 94
a 2 4 7 8 10 13 15 19 21 24 27 28 30 33 35 39 41 44 47 48 50 53 56 59 61 64 66 69 71 74 76 79 81 84 86 89 91 94
a 2 4 7 8 10 13 15 19 21 24 27 28 30 33 35 39 41 44 47 48 50 53 55 59 61 64 66 69 71 74 76 79 81 84 86 89 91 94
a 2 4 7 8 10 13 15 19 21 24 27 28 30 33 35 39 41 44 47 48 50 53 55 58 61 64 66 69 71 74 76 79 81 84 86 89 91 94
a 2 4 7 8 10 13 15 19 21 24 27 28 30 33 35 39 41 44 47 48 50 53 57 58 61 64 66 69 71 74 76 79 81 84 86 89 91 94
a 2 4 7 8 10 13 15 19 21 24 27 28 30 33 35 39 41 44 47 48 50 54 57 58 61 64 66 69 71 74 76 79 81 84 86 89 91 94
a 2 4 7 8 10 13 15 19 21 24 27 28 30 33 35 39 41 44 47 48 51 54 57 58 61 64 66 69 71 74 76 79 81 84 86 89 91 94
a 2 4 7 8 10 13 15 19 21 24 27 28 30 33 35 38 41 44 47 48 51 54 57 58 61 64 66 69 71 74 76 79 81 84 86 89 91 94
a 2 4 7 8 10 13 15 19 21 24 27 28 30 33 37 38 41 44 47 48 51 54 57 58 61 64 66 69 71 74 76 79 81 84 86 89 91 94
a 2 4 7 8 10 13 15 19 21 24 27 28 30 34 37 38 41 44 47 48 51 54 57 58 61 64 66 69 71 74 76 79 81 84 86 89 91 94
a 2 4 7 8 10 13 15 19 21 24 27 28 31 34 37 38 41 44 47 48 51 54 57 58 61 64 66 69 71 74 76 79 81 84 86 89 91 94
a 2 4 7 8 10 13 15 18 21 24 27 28 31 34 37 38 41 44 47 48 51 54 57 58 61 64 66 69 71 74 76 79 81 84 86 89 91 94
a 2 4 7 8 10 13 17 18 21 24 27 28 31 34 37 38 41 44 47 48 51 54 57 58 61 64 66 69 71 74 76 79 81 84 86 89 91 94
a 2 4 7 8 10 14 17 18 21 24 27 28 31 34 37 38 41 44 47 48 51 54 57 58 61 64 66 69 71 74 76 79 81 84 86 89 91 94
a 2 4 7 8 11 14 17 18 21 24 27 28 31 34 37 38 41 44 47 48 51 54 57 58 61 64 66 69 71 74 76 79 81 84 86 89 91 94
a 1 4 7 8 11 14 17 18 21 24 27 28 31 34 37 38 41 44 47 48 51 54 57 58 61 64 66 69 71 74 76 79 81 84 86 89 91 94
a 1 3 7 8 11 14 17 18 21 24 27 28 31 34 37 38 41 44 47 48 51 54 57 58 61 64 66 69 71 74 76 79 81 84 86 89 91 94
a 1 3 5 8 11 14 17 18 21 24 27 28 31 34 37 38 41 44 47 48 51 54 57 58 61 64 66 69 71 74 76 79 81 84 86 89 91 94
a 1 3 5 9 11 14 17 18 21 24 27 28 31 34 37 38 41 44 47 48 51 54 57 58 61 64 66 69 71 74 76 79 81 84 86 89 91 94
a 1 3 5 9 11 14 17 18 20 24 27 28 31 34 37 38 41 44 47 48 51 54 57 58 61 64 66 69 71 74 76 79 81 84 86 89 91 94
a 1 3 5 9 11 14 17 18 20 23 27 28 31 34 37 38 41 44 47 48 51 54 57 58 61 64 66 69 71 74 76 79 81 84 86 89 91 94
a 1 3 5 9 11 14 17 18 20 23 25 28 31 34 37 38 41 44 47 48 51 54 57 58 61 64 66 69 71 74 76 79 81 84 86 89 91 94
a 1 3 5 9 11 14 17 18 20 23 25 29 31 34 37 38 41 44 47 48 51 54 57 58 61 64 66 69 71 74 76 79 81 84 86 89 91 94
a 1 3 5 9 11 14 17 18 20 23 25 29 31 34 37 38 40 44 47 48 51 54 57 58 61 64 66 69 71 74 76 79 81 84 86 89 91 94
a 1 3 5 9 11 14 17 18 20 23 25 29 31 34 37 38 40 43 47 48 51 54 57 58 61 64 66 69 71 74 76 79 81 84 86 89 91 94
a 1 3 5 9 11 14 17 18 20 23 25 29 31 34 37 38 40 43 45 48 51 54 57 58 61 64 66 69 71 74 76 79 81 84 86 89 91 94
a 1 3 5 9 11 14 17 18 20 23 25 29 31 34 37 38 40 43 45 49 51 54 57 58 61 64 66 69 71 74 76 79 81 84 86 89 91 94
a 1 3 5 9 11 14 17 18 20 23 25 29 31 34 37 38 40 43 45 49 51 54 57 58 60 64 66 69 71 74 76 79 81 84 86 89 91 94
a 1 3 5 9 11 14 17 18 20 23 25 29 31 34 37 38 40 43 45 49 51 54 57 58 60 63 66 69 71 74 76 79 81 84 86 89 91 94
a 1 3 5 9 11 14 17 18 20 23 25 29 31 34 37 38 40 43 45 49 51 54 57 58 60 63 65 69 71 74 76 79 81 84 86 89 91 94
a 1 3 5 9 11 14 17 18 20 23 25 29 31 34 37 38 40 43 45 49 51 54 57 58 60 63 65 68 71 74 76 79 81 84 86 89 91 94
a 1 3 5 9 11 14 17 18 20 23 25 29 31 34 37 38 40 43 45 49 51 54 57 58 60 63 67 68 71 74 76 79 81 84 86 89 91 94
a 1 3 5 9 11 14 17 18 20 23 25 29 31 34 37 38 40 43 45 49 51 54 57 58 60 64 67 68 71 74 76 79 81 84 86 89 91 94
a 1 3 5 9 11 14 17 18 20 23 25 29 31 34 37 38 40 43 45 49 51 54 57 58 61 64 67 68 71 74 76 79 81 84 86 89 91 94
a 1 3 5 9 11 14 17 18 20 23 25 29 31 34 37 38 40 43 45 48 51 54 57 58 61 64 67 68 71 74 76 79 81 84 86 89 91 94
a 1 3 5 9 11 14 17 18 20 23 25 29 31 34 37 38 40 43 47 48 51 54 57 58 61 64 67 68 71 74 76 79 81 84 86 89 91 94
a 1 3 5 9 11 14 17 18 20 23 25 29 31 34 37 38 40 44 47 48 51 54 57 58 61 64 67 68 71 74 76 79 81 84 86 89 91 94
a 1 3 5 9 11 14 17 18 20 23 25 29 31 34 37 38 41 44 47 48 51 54 57 58 61 64 67 68 71 74 76 79 81 84 86 89 91 94
a 1 3 5 9 11 14 17 18 20 23 25 28 31 34 37 38 41 44 47 48 51 54 57 58 61 64 67 68 71 74 76 79 81 84 86 89 91 94
a 1 3 5 9 11 14 17 18 20 23 27 28 31 34 37 38 41 44 47 48 51 54 57 58 61 64 67 68 71 74 76 79 81 84 86 89 91 94
a 1 3 5 9 11 14 17 18 20 24 27 28 31 34 37 38 41 44 47 48 51 54 57 58 61 64 67 68 71 74 76 79 81 84 86 89 91 94
a 1 3 5 9 11 14 17 18 21 24 27 28 31 34 37 38 41 44 47 48 51 54 57 58 61 64 67 68 71 74 76 79 81 84 86 89 91 94
a 1 3 5 8 11 14 17 18 21 24 27 28 31 34 37 38 41 44 47 48 51 54 57 58 61 64 67 68 71 74 76 79 81 84 86 89 91 94
a 1 3 7 8 11 14 17 18 21 24 27 28 31 34 37 38 41 44 47 48 51 54 57 58 61 64 67 68 71 74 76 79 81 84 86 89 91 94
a 1 4 7 8 11 14 17 18 21 24 27 28 31 34 37 38 41 44 47 48 51 54 57 58 61 64 67 68 71 74 76 79 81 84 86 89 91 94
a 2 4 7 8 11 14 17 18 21 24 27 28 31 34 37 38 41 44 47 48 51 54 57 58 61 64 67 68 71 74 76 79 81 84 86 89 91 94
a 2 4 7 8 10 14 17 18 21 24 27 28 31 34 37 38 41 44 47 48 51 54 57 58 61 64 67 68 71 74 76 79 81 84 86 89 91 94
a 2 4 7 8 10 13 17 18 21 24 27 28 31 34 37 38 41 44 47 48 51 54 57 58 61 64 67 68 71 74 76 79 81 84 86 89 91 94
a 2 4 7 8 10 13 15 18 21 24 27 28 31 34 37 38 41 44 47 48 51 54 57 58 61 64 67 68 71 74 76 79 81 84 86 89 91 94
a 2 4 7 8 10 13 15 19 21 24 27 28 31 34 37 38 41 44 47 48 51 54 57 58 61 64 67 68 71 74 76 79 81 84 86 89 91 94
a 2 4 7 8 10 13 15 19 21 24 27 28 30 34 37 38 41 44 47 48 51 54 57 58 61 64 67 68 71 74 76 79 81 84 86 89 91 94
a 2 4 7 8 10 13 15 19 21 24 27 28 30 33 37 38 41 44 47 48 51 54 57 58 61 64 67 68 71 74 76 79 81 84 86 89 91 94
a 2 4 7 8 10 13 15 19 21 24 27 28 30 33 35 38 41 44 47 48 51 54 57 58 61 64 67 68 71 74 76 79 81 84 86 89 91 94
a 2 4 7 8 10 13 15 19 21 24 27 28 30 33 35 39 41 44 47 48 51 54 57 58 61 64 67 68 71 74 76 79 81 84 86 89 91 94
a 2 4 7 8 10 13 15 19 21 24 27 28 30 33 35 39 41 44 47 48 50 54 57 58 61 64 67 68 71 74 76 79 81 84 86 89 91 94
a 2 4 7 8 10 13 15 19 21 24 27 28 30 33 35 39 41 44 47 48 50 53 57 58 61 64 67 68 71 74 76 79 81 84 86 89 91 94
a 2 4 7 8 10 13 15 19 21 24 27 28 30 33 35 39 41 44 47 48 50 53 55 58 61 64 67 68 71 74 76 79 81 84 86 89 91 94
a 2 4 7 8 10 13 15 19 21 24 27 28 30 33 35 39 41 44 47 48 50 53 55 59 61 64 67 68 71 74 76 79 81 84 86 89 91 94
a 2 4 7 8 10 13 15 19 21 24 27 28 30 33 35 39 41 44 47 48 50 53 55 59 61 64 67 68 70 74 76 79 81 84 86 89 91 94
a 2 4 7 8 10 13 15 19 21 24 27 28 30 33 35 39 41 44 47 48 50 53 55 59 61 64 67 68 70 73 76 79 81 84 86 89 91 94
a 2 4 7 8 10 13 15 19 21 24 27 28 30 33 35 39 41 44 47 48 50 53 55 59 61 64 67 68 70 73 75 79 81 84 86 89 91 94
a 2 4 7 8 10 13 15 19 21 24 27 28 30 33 35 39 41 44 47 48 50 53 55 59 61 64 67 68 70 73 75 78 81 84 86 89 91 94
a 2 4 7 8 10 13 15 19 21 24 27 28 30 33 35 39 41 44 47 48 50 53 55 59 61 64 67 68 70 73 77 78 81 84 86 89 91 94
a 2 4 7 8 10 13 15 19 21 24 27 28 30 33 35 39 41 44 47 48 50 53 55 59 61 64 67 68 70 74 77 78 81 84 86 89 91 94
a 2 4 7 8 10 13 15 19 21 24 27 28 30 33 35 39 41 44 47 48 50 53 55 59 61 64 67 68 71 74 77 78 81 84 86 89 91 94
a 2 4 7 8 10 13 15 19 21 24 27 28 30 33 35 39 41 44 47 48 50 53 55 58 61 64 67 68 71 74 77 78 81 84 86 89 91 94
a 2 4 7 8 10 13 15 19 21 24 27 28 30 33 35 39 41 44 47 48 50 53 57 58 61 64 67 68 71 74 77 78 81 84 86 89 91 94
a 2 4 7 8 10 13 15 19 21 24 27 28 30 33 35 39 41 44 47 48 50 54 57 58 61 64 67 68 71 74 77 78 81 84 86 89 91 94
a 2 4 7 8 10 13 15 19 21 24 27 28 30 33 35 39 41 44 47 48 51 54 57 58 61 64 67 68 71 74 77 78 81 84 86 89 91 94
a 2 4 7 8 10 13 15 19 21 24 27 28 30 33 35 38 41 44 47 48 51 54 57 58 61 64 67 68 71 74 77 78 81 84 86 89 91 94
a 2 4 7 8 10 13 15 19 21 24 27 28 30 33 37 38 41 44 47 48 51 54 57 58 61 64 67 68 71 74 77 78 81 84 86 89 91 94
a 2 4 7 8 10 13 15 19 21 24 27 28 30 34 37 38 41 44 47 48 51 54 57 58 61 64 67 68 71 74 77 78 81 84 86 89 91 94
a 2 4 7 8 10 13 15 19 21 24 27 28 31 34 37 38 41 44 47 48 51 54 57 58 61 64 67 68 71 74 77 78 81 84 86 89 91 94
a 2 4 7 8 10 13 15 18 21 24 27 28 31 34 37 38 41 44 47 48 51 54 57 58 61 64 67 68 71 74 77 78 81 84 86 89 91 94
a 2 4 7 8 10 13 17 18 21 24 27 28 31 34 37 38 41 44 47 48 51 54 57 58 61 64 67 68 71 74 77 78 81 84 86 89 91 94
a 2 4 7 8 10 14 17 18 21 24 27 28 31 34 37 38 41 44 47 48 51 54 57 58 61 64 67 68 71 74 77 78 81 84 86 89 91 94
a 2 4 7 8 11 14 17 18 21 24 27 28 31 34 37 38 41 44 47 48 51 54 57 58 61 64 67 68 71 74 77 78 81 84 86 89 91 94
a 1 4 7 8 11 14 17 18 21 24 27 28 31 34 37 38 41 44 47 48 51 54 57 58 61 64 67 68 71 74 77 78 81 84 86 89 91 94
a 1 3 7 8 11 14 17 18 21 24 27 28 31 34 37 38 41 44 47 48 51 54 57 58 61 64 67 68 71 74 77 78 81 84 86 89 91 94
a 1 3 5 8 11 14 17 18 21 24 27 28 31 34 37 38 41 44 47 48 51 54 57 58 61 64 67 68 71 74 77 78 81 84 86 89 91 94
a 1 3 5 9 11 14 17 18 21 24 27 28 31 34 37 38 41 44 47 48 51 54 57 58 61 64 67 68 71 74 77 78 81 84 86 89 91 94
a 1 3 5 9 11 14 17 18 20 24 27 28 31 34 37 38 41 44 47 48 51 54 57 58 61 64 67 68 71 74 77 78 81 84 86 89 91 94
a 1 3 5 9 11 14 17 18 20 23 27 28 31 34 37 38 41 44 47 48 51 54 57 58 61 64 67 68 71 74 77 78 81 84 86 89 91 94
a 1 3 5 9 11 14 17 18 20 23 25 28 31 34 37 38 41 44 47 48 51 54 57 58 61 64 67 68 71 74 77 78 81 84 86 89 91 94
a 1 3 5 9 11 14 17 18 20 23 25 29 31 34 37 38 41 44 47 48 51 54 57 58 61 64 67 68 71 74 77 78 81 84 86 89 91 94
a 1 3 5 9 11 14 17 18 20 23 25 29 31 34 37 38 40 44 47 48 51 54 57 58 61 64 67 68 71 74 77 78 81 84 86 89 91 94
a 1 3 5 9 11 14 17 18 20 23 25 29 31 34 37 38 40 43 47 48 51 54 57 58 61 64 67 68 71 74 77 78 81 84 86 89 91 94
a 1 3 5 9 11 14 17 18 20 23 25 29 31 34 37 38 40 43 45 48 51 54 57 58 61 64 67 68 71 74 77 78 81 84 86 89 91 94
a 1 3 5 9 11 14 17 18 20 23 25 29 31 34 37 38 40 43 45 49 51 54 57 58 61 64 67 68 71 74 77 78 81 84 86 89 91 94
a 1 3 5 9 11 14 17 18 20 23 25 29 31 34 37 38 40 43 45 49 51 54 57 58 60 64 67 68 71 74 77 78 81 84 86 89 91 94
a 1 3 5 9 11 14 17 18 20 23 25 29 31 34 37 38 40 43 45 49 51 54 57 58 60 63 67 68 71 74 77 78 81 84 86 89 91 94
a 1 3 5 9 11 14 17 18 20 23 25 29 31 34 37 38 40 43 45 49 51 54 57 58 60 63 65 68 71 74 77 78 81 84 86 89 91 94
a 1 3 5 9 11 14 17 18 20 23 25 29 31 34 37 38 40 43 45 49 51 54 57 58 60 63 65 69 71 74 77 78 81 84 86 89 91 94
a 1 3 5 9 11 14 17 18 20 23 25 29 31 34 37 38 40 43 45 49 51 54 57 58 60 63 65 69 71 74 77 78 80 84 86 89 91 94
a 1 3 5 9 11 14 17 18 20 23 25 29 31 34 37 38 40 43 45 49 51 54 57 58 60 63 65 69 71 74 77 78 80 83 86 89 91 94
a 1 3 5 9 11 14 17 18 20 23 25 29 31 34 37 38 40 43 45 49 51 54 57 58 60 63 65 69 71 74 77 78 80 83 85 89 91 94
a 1 3 5 9 11 14 17 18 20 23 25 29 31 34 37 38 40 43 45 49 51 54 57 58 60 63 65 69 71 74 77 78 80 83 85 88 91 94
a 1 3 5 9 11 14 17 18 20 23 25 29 31 34 37 38 40 43 45 49 51 54 57 58 60 63 65 69 71 74 77 78 80 83 87 88 91 94
a 1 3 5 9 11 14 17 18 20 23 25 29 31 34 37 38 40 43 45 49 51 54 57 58 60 63 65 69 71 74 77 78 80 84 87 88 91 94
a 1 3 5 9 11 14 17 18 20 23 25 29 31 34 37 38 40 43 45 49 51 54 57 58 60 63 65 69 71 74 77 78 81 84 87 88 91 94
a 1 3 5 9 11 14 17 18 20 23 25 29 31 34 37 38 40 43 45 49 51 54 57 58 60 63 65 68 71 74 77 78 81 84 87 88 91 94
a 1 3 5 9 11 14 17 18 20 23 25 29 31 34 37 38 40 43 45 49 51 54 57 58 60 63 67 68 71 74 77 78 81 84 87 88 91 94
a 1 3 5 9 11 14 17 18 20 23 25 29 31 34 37 38 40 43 45 49 51 54 57 58 60 64 67 68 71 74 77 78 81 84 87 88 91 94
a 1 3 5 9 11 14 17 18 20 23 25 29 31 34 37 38 40 43 45 49 51 54 57 58 61 64 67 68 71 74 77 78 81 84 87 88 91 94
a 1 3 5 9 11 14 17 18 20 23 25 29 31 34 37 38 40 43 45 48 51 54 57 58 61 64 67 68 71 74 77 78 81 84 87 88 91 94
a 1 3 5 9 11 14 17 18 20 23 25 29 31 34 37 38 40 43 47 48 51 54 57 58 61 64 67 68 71 74 77 78 81 84 87 88 91 94
a 1 3 5 9 11 14 17 18 20 23 25 29 31 34 37 38 40 44 47 48 51 54 57 58 61 64 67 68 71 74 77 78 81 84 87 88 91 94
a 1 3 5 9 11 14 17 18 20 23 25 29 31 34 37 38 41 44 47 48 51 54 57 58 61 64 67 68 71 74 77 78 81 84 87 88 91 94
a 1 3 5 9 11 14 17 18 20 23 25 28 31 34 37 38 41 44 47 48 51 54 57 58 61 64 67 68 71 74 77 78 81 84 87 88 91 94
a 1 3 5 9 11 14 17 18 20 23 27 28 31 34 37 38 41 44 47 48 51 54 57 58 61 64 67 68 71 74 77 78 81 84 87 88 91 94
a 1 3 5 9 11 14 17 18 20 24 27 28 31 34 37 38 41 44 47 48 51 54 57 58 61 64 67 68 71 74 77 78 81 84 87 88 91 94
a 1 3 5 9 11 14 17 18 21 24 27 28 31 34 37 38 41 44 47 48 51 54 57 58 61 64 67 68 71 74 77 78 81 84 87 88 91 94
a 1 3 5 8 11 14 17 18 21 24 27 28 31 34 37 38 41 44 47 48 51 54 57 58 61 64 67 68 71 74 77 78 81 84 87 88 91 94
a 1 3 7 8 11 14 17 18 21 24 27 28 31 34 37 38 41 44 47 48 51 54 57 58 61 64 67 68 71 74 77 78 81 84 87 88 91 94
a 1 4 7 8 11 14 17 18 21 24 27 28 31 34 37 38 41 44 47 48 51 54 57 58 61 64 67 68 71 74 77 78 81 84 87 88 91 94
a 2 4 7 8 11 14 17 18 21 24 27 28 31 34 37 38 41 44 47 48 51 54 57 58 61 64 67 68 71 74 77 78 81 84 87 88 91 94
a 2 4 7 8 10 14 17 18 21 24 27 28 31 34 37 38 41 44 47 48 51 54 57 58 61 64 67 68 71 74 77 78 81 84 87 88 91 94
a 2 4 7 8 10 13 17 18 21 24 27 28 31 34 37 38 41 44 47 48 51 54 57 58 61 64 67 68 71 74 77 78 81 84 87 88 91 94
a 2 4 7 8 10 13 15 18 21 24 27 28 31 34 37 38 41 44 47 48 51 54 57 58 61 64 67 68 71 74 77 78 81 84 87 88 91 94
a 2 4 7 8 10 13 15 19 21 24 27 28 31 34 37 38 41 44 47 48 51 54 57 58 61 64 67 68 71 74 77 78 81 84 87 88 91 94
a 2 4 7 8 10 13 15 19 21 24 27 28 30 34 37 38 41 44 47 48 51 54 57 58 61 64 67 68 71 74 77 78 81 84 87 88 91 94
a 2 4 7 8 10 13 15 19 21 24 27 28 30 33 37 38 41 44 47 48 51 54 57 58 61 64 67 68 71 74 77 78 81 84 87 88 91 94
a 2 4 7 8 10 13 15 19 21 24 27 28 30 33 35 38 41 44 47 48 51 54 57 58 61 64 67 68 71 74 77 78 81 84 87 88 91 94
a 2 4 7 8 10 13 15 19 21 24 27 28 30 33 35 39 41 44 47 48 51 54 57 58 61 64 67 68 71 74 77 78 81 84 87 88 91 94
a 2 4 7 8 10 13 15 19 21 24 27 28 30 33 35 39 41 44 47 48 50 54 57 58 61 64 67 68 71 74 77 78 81 84 87 88 91 94
a 2 4 7 8 10 13 15 19 21 24 27 28 30 33 35 39 41 44 47 48 50 53 57 58 61 64 67 68 71 74 77 78 81 84 87 88 91 94
a 2 4 7 8 10 13 15 19 21 24 27 28 30 33 35 39 41 44 47 48 50 53 55 58 61 64 67 68 71 74 77 78 81 84 87 88 91 94
a 2 4 7 8 10 13 15 19 21 24 27 28 30 33 35 39 41 44 47 48 50 53 55 59 61 64 67 68 71 74 77 78 81 84 87 88 91 94
a 2 4 7 8 10 13 15 19 21 24 27 28 30 33 35 39 41 44 47 48 50 53 55 59 61 64 67 68 70 74 77 78 81 84 87 88 91 94
a 2 4 7 8 10 13 15 19 21 24 27 28 30 33 35 39 41 44 47 48 50 53 55 59 61 64 67 68 70 73 77 78 81 84 87 88 91 94
a 2 4 7 8 10 13 15 19 21 24 27 28 30 33 35 39 41 44 47 48 50 53 55 59 61 64 67 68 70 73 75 78 81 84 87 88 91 94
a 2 4 7 8 10 13 15 19 21 24 27 28 30 33 35 39 41 44 47 48 50 53 55 59 61 64 67 68 70 73 75 79 81 84 87 88 91 94
a 2 4 7 8 10 13 15 19 21 24 27 28 30 33 35 39 41 44 47 48 50 53 55 59 61 64 67 68 70 73 75 79 81 84 87 88 90 94
a 2 4 7 8 10 13 15 19 21 24 27 28 30 33 35 39 41 44 47 48 50 53 55 59 61 64 67 68 70 73 75 79 81 84 87 88 90 93
a 2 4 7 8 10 13 15 19 21 24 27 28 30 33 35 39 41 44 47 48 50 53 55 59 61 64 67 68 70 73 75 79 81 84 87 88 92 93
a 2 4 7 8 10 13 15 19 21 24 27 28 30 33 35 39 41 44 47 48 50 53 55 59 61 64 67 68 70 73 75 78 81 84 87 88 92 93
a 2 4 7 8 10 13 15 19 21 24 27 28 30 33 35 39 41 44 47 48 50 53 55 59 61 64 67 68 70 73 77 78 81 84 87 88 92 93
a 2 4 7 8 10 13 15 19 21 24 27 28 30 33 35 39 41 44 47 48 50 53 55 59 61 64 67 68 70 74 77 78 81 84 87 88 92 93
a 2 4 7 8 10 13 15 19 21 24 27 28 30 33 35 39 41 44 47 48 50 53 55 59 61 64 67 68 71 74 77 78 81 84 87 88 92 93
a 2 4 7 8 10 13 15 19 21 24 27 28 30 33 35 39 41 44 47 48 50 53 55 58 61 64 67 68 71 74 77 78 81 84 87 88 92 93
a 2 4 7 8 10 13 15 19 21 24 27 28 30 33 35 39 41 44 47 48 50 53 57 58 61 64 67 68 71 74 77 78 81 84 87 88 92 93
a 2 4 7 8 10 13 15 19 21 24 27 28 30 33 35 39 41 44 47 48 50 54 57 58 61 64 67 68 71 74 77 78 81 84 87 88 92 93
a 2 4 7 8 10 13 15 19 21 24 27 28 30 33 35 39 41 44 47 48 51 54 57 58 61 64 67 68 71 74 77 78 81 84 87 88 92 93
a 2 4 7 8 10 13 15 19 21 24 27 28 30 33 35 38 41 44 47 48 51 54 57 58 61 64 67 68 71 74 77 78 81 84 87 88 92 93
a 2 4 7 8 10 13 15 19 21 24 27 28 30 33 37 38 41 44 47 48 51 54 57 58 61 64 67 68 71 74 77 78 81 84 87 88 92 93
a 2 4 7 8 10 13 15 19 21 24 27 28 30 34 37 38 41 44 47 48 51 54 57 58 61 64 67 68 71 74 77 78 81 84 87 88 92 93
a 2 4 7 8 10 13 15 19 21 24 27 28 31 34 37 38 41 44 47 48 51 54 57 58 61 64 67 68 71 74 77 78 81 84 87 88 92 93
a 2 4 7 8 10 13 15 18 21 24 27 28 31 34 37 38 41 44 47 48 51 54 57 58 61 64 67 68 71 74 77 78 81 84 87 88 92 93
a 2 4 7 8 10 13 17 18 21 24 27 28 31 34 37 38 41 44 47 48 51 54 57 58 61 64 67 68 71 74 77 78 81 84 87 88 92 93
a 2 4 7 8 10 14 17 18 21 24 27 28 31 34 37 38 41 44 47 48 51 54 57 58 61 64 67 68 71 74 77 78 81 84 87 88 92 93
a 2 4 7 8 11 14 17 18 21 24 27 28 31 34 37 38 41 44 47 48 51 54 57 58 61 64 67 68 71 74 77 78 81 84 87 88 92 93
a 1 4 7 8 11 14 17 18 21 24 27 28 31 34 37 38 41 44 47 48 51 54 57 58 61 64 67 68 71 74 77 78 81 84 87 88 92 93
a 1 3 7 8 11 14 17 18 21 24 27 28 31 34 37 38 41 44 47 48 51 54 57 58 61 64 67 68 71 74 77 78 81 84 87 88 92 93
a 1 3 5 8 11 14 17 18 21 24 27 28 31 34 37 38 41 44 47 48 51 54 57 58 61 64 67 68 71 74 77 78 81 84 87 88 92 93
a 1 3 5 9 11 14 17 18 21 24 27 28 31 34 37 38 41 44 47 48 51 54 57 58 61 64 67 68 71 74 77 78 81 84 87 88 92 93
a 1 3 5 9 11 14 17 18 20 24 27 28 31 34 37 38 41 44 47 48 51 54 57 58 61 64 67 68 71 74 77 78 81 84 87 88 92 93
a 1 3 5 9 11 14 17 18 20 23 27 28 31 34 37 38 41 44 47 48 51 54 57 58 61 64 67 68 71 74 77 78 81 84 87 88 92 93
a 1 3 5 9 11 14 17 18 20 23 25 28 31 34 37 38 41 44 47 48 51 54 57 58 61 64 67 68 71 74 77 78 81 84 87 88 92 93
a 1 3 5 9 11 14 17 18 20 23 25 29 31 34 37 38 41 44 47 48 51 54 57 58 61 64 67 68 71 74 77 78 81 84 87 88 92 93
a 1 3 5 9 11 14 17 18 20 23 25 29 31 34 37 38 40 44 47 48 51 54 57 58 61 64 67 68 71 74 77 78 81 84 87 88 92 93
a 1 3 5 9 11 14 17 18 20 23 25 29 31 34 37 38 40 43 47 48 51 54 57 58 61 64 67 68 71 74 77 78 81 84 87 88 92 93
a 1 3 5 9 11 14 17 18 20 23 25 29 31 34 37 38 40 43 45 48 51 54 57 58 61 64 67 68 71 74 77 78 81 84 87 88 92 93
a 1 3 5 9 11 14 17 18 20 23 25 29 31 34 37 38 40 43 45 49 51 54 57 58 61 64 67 68 71 74 77 78 81 84 87 88 92 93
a 1 3 5 9 11 14 17 18 20 23 25 29 31 34 37 38 40 43 45 49 51 54 57 58 60 64 67 68 71 74 77 78 81 84 87 88 92 93
a 1 3 5 9 11 14 17 18 20 23 25 29 31 34 37 38 40 43 45 49 51 54 57 58 60 63 67 68 71 74 77 78 81 84 87 88 92 93
a 1 3 5 9 11 14 17 18 20 23 25 29 31 34 37 38 40 43 45 49 51 54 57 58 60 63 65 68 71 74 77 78 81 84 87 88 92 93
a 1 3 5 9 11 14 17 18 20 23 25 29 31 34 37 38 40 43 45 49 51 54 57 58 60 63 65 69 71 74 77 78 81 84 87 88 92 93
a 1 3 5 9 11 14 17 18 20 23 25 29 31 34 37 38 40 43 45 49 51 54 57 58 60 63 65 69 71 74 77 78 80 84 87 88 92 93
a 1 3 5 9 11 14 17 18 20 23 25 29 31 34 37 38 40 43 45 49 51 54 57 58 60 63 65 69 71 74 77 78 80 83 87 88 92 93
a 1 3 5 9 11 14 17 18 20 23 25 29 31 34 37 38 40 43 45 49 51 54 57 58 60 63 65 69 71 74 77 78 82 83 87 88 92 93
a 1 3 5 9 11 14 17 18 20 23 25 29 31 34 37 38 40 43 45 49 51 54 57 58 60 63 65 68 71 74 77 78 82 83 87 88 92 93
a 1 3 5 9 11 14 17 18 20 23 25 29 31 34 37 38 40 43 45 49 51 54 57 58 60 63 67 68 71 74 77 78 82 83 87 88 92 93
a 1 3 5 9 11 14 17 18 20 23 25 29 31 34 37 38 40 43 45 49 51 54 57 58 60 64 67 68 71 74 77 78 82 83 87 88 92 93
a 1 3 5 9 11 14 17 18 20 23 25 29 31 34 37 38 40 43 45 49 51 54 57 58 61 64 67 68 71 74 77 78 82 83 87 88 92 93
a 1 3 5 9 11 14 17 18 20 23 25 29 31 34 37 38 40 43 45 48 51 54 57 58 61 64 67 68 71 74 77 78 82 83 87 88 92 93
a 1 3 5 9 11 14 17 18 20 23 25 29 31 34 37 38 40 43 47 48 51 54 57 58 61 64 67 68 71 74 77 78 82 83 87 88 92 93
a 1 3 5 9 11 14 17 18 20 23 25 29 31 34 37 38 40 44 47 48 51 54 57 58 61 64 67 68 71 74 77 78 82 83 87 88 92 93
a 1 3 5 9 11 14 17 18 20 23 25 29 31 34 37 38 41 44 47 48 51 54 57 58 61 64 67 68 71 74 77 78 82 83 87 88 92 93
a 1 3 5 9 11 14 17 18 20 23 25 28 31 34 37 38 41 44 47 48 51 54 57 58 61 64 67 68 71 74 77 78 82 83 87 88 92 93
a 1 3 5 9 11 14 17 18 20 23 27 28 31 34 37 38 41 44 47 48 51 54 57 58 61 64 67 68 71 74 77 78 82 83 87 88 92 93
a 1 3 5 9 11 14 17 18 20 24 27 28 31 34 37 38 41 44 47 48 51 54 57 58 61 64 67 68 71 74 77 78 82 83 87 88 92 93
a 1 3 5 9 11 14 17 18 21 24 27 28 31 34 37 38 41 44 47 48 51 54 57 58 61 64 67 68 71 74 77 78 82 83 87 88 92 93
a 1 3 5 8 11 14 17 18 21 24 27 28 31 34 37 38 41 44 47 48 51 54 57 58 61 64 67 68 71 74 77 78 82 83 87 88 92 93
a 1 3 7 8 11 14 17 18 21 24 27 28 31 34 37 38 41 44 47 48 51 54 57 58 61 64 67 68 71 74 77 78 82 83 87 88 92 93
a 1 4 7 8 11 14 17 18 21 24 27 28 31 34 37 38 41 44 47 48 51 54 57 58 61 64 67 68 71 74 77 78 82 83 87 88 92 93
a 2 4 7 8 11 14 17 18 21 24 27 28 31 34 37 38 41 44 47 48 51 54 57 58 61 64 67 68 71 74 77 78 82 83 87 88 92 93
a 2 4 7 8 10 14 17 18 21 24 27 28 31 34 37 38 41 44 47 48 51 54 57 58 61 64 67 68 71 74 77 78 82 83 87 88 92 93
a 2 4 7 8 10 13 17 18 21 24 27 28 31 34 37 38 41 44 47 48 51 54 57 58 61 64 67 68 71 74 77 78 82 83 87 88 92 93
a 2 4 7 8 10 13 15 18 21 24 27 28 31 34 37 38 41 44 47 48 51 54 57 58 61 64 67 68 71 74 77 78 82 83 87 88 92 93
a 2 4 7 8 10 13 15 19 21 24 27 28 31 34 37 38 41 44 47 48 51 54 57 58 61 64 67 68 71 74 77 78 82 83 87 88 92 93
a 2 4 7 8 10 13 15 19 21 24 27 28 30 34 37 38 41 44 47 48 51 54 57 58 61 64 67 68 71 74 77 78 82 83 87 88 92 93
a 2 4 7 8 10 13 15 19 21 24 27 28 30 33 37 38 41 44 47 48 51 54 57 58 61 64 67 68 71 74 77 78 82 83 87 88 92 93
a 2 4 7 8 10 13 15 19 21 24 27 28 30 33 35 38 41 44 47 48 51 54 57 58 61 64 67 68 71 74 77 78 82 83 87 88 92 93
a 2 4 7 8 10 13 15 19 21 24 27 28 30 33 35 39 41 44 47 48 51 54 57 58 61 64 67 68 71 74 77 78 82 83 87 88 92 93
a 2 4 7 8 10 13 15 19 21 24 27 28 30 33 35 39 41 44 47 48 50 54 57 58 61 64 67 68 71 74 77 78 82 83 87 88 92 93
a 2 4 7 8 10 13 15 19 21 24 27 28 30 33 35 39 41 44 47 48 50 53 57 58 61 64 67 68 71 74 77 78 82 83 87 88 92 93
a 2 4 7 8 10 13 15 19 21 24 27 28 30 33 35 39 41 44 47 48 50 53 55 58 61 64 67 68 71 74 77 78 82 83 87 88 92 93
a 2 4 7 8 10 13 15 19 21 24 27 28 30 33 35 39 41 44 47 48 50 53 55 59 61 64 67 68 71 74 77 78 82 83 87 88 92 93
a 2 4 7 8 10 13 15 19 21 24 27 28 30 33 35 39 41 44 47 48 50 53 55 59 61 64 67 68 70 74 77 78 82 83 87 88 92 93
a 2 4 7 8 10 13 15 19 21 24 27 28 30 33 35 39 41 44 47 48 50 53 55 59 61 64 67 68 70 73 77 78 82 83 87 88 92 93
a 2 4 7 8 10 13 15 19 21 24 27 28 30 33 35 39 41 44 47 48 50 53 55 59 61 64 67 68 72 73 77 78 82 83 87 88 92 93
a 2 4 7 8 10 13 15 19 21 24 27 28 30 33 35 39 41 44 47 48 50 53 55 58 61 64 67 68 72 73 77 78 82 83 87 88 92 93
a 2 4 7 8 10 13 15 19 21 24 27 28 30 33 35 39 41 44 47 48 50 53 57 58 61 64 67 68 72 73 77 78 82 83 87 88 92 93
a 2 4 7 8 10 13 15 19 21 24 27 28 30 33 35 39 41 44 47 48 50 54 57 58 61 64 67 68 72 73 77 78 82 83 87 88 92 93
a 2 4 7 8 10 13 15 19 21 24 27 28 30 33 35 39 41 44 47 48 51 54 57 58 61 64 67 68 72 73 77 78 82 83 87 88 92 93
a 2 4 7 8 10 13 15 19 21 24 27 28 30 33 35 38 41 44 47 48 51 54 57 58 61 64 67 68 72 73 77 78 82 83 87 88 92 93
a 2 4 7 8 10 13 15 19 21 24 27 28 30 33 37 38 41 44 47 48 51 54 57 58 61 64 67 68 72 73 77 78 82 83 87 88 92 93
a 2 4 7 8 10 13 15 19 21 24 27 28 30 34 37 38 41 44 47 48 51 54 57 58 61 64 67 68 72 73 77 78 82 83 87 88 92 93
a 2 4 7 8 10 13 15 19 21 24 27 28 31 34 37 38 41 44 47 48 51 54 57 58 61 64 67 68 72 73 77 78 82 83 87 88 92 93
a 2 4 7 8 10 13 15 18 21 24 27 28 31 34 37 38 41 44 47 48 51 54 57 58 61 64 67 68 72 73 77 78 82 83 87 88 92 93
a 2 4 7 8 10 13 17 18 21 24 27 28 31 34 37 38 41 44 47 48 51 54 57 58 61 64 67 68 72 73 77 78 82 83 87 88 92 93
a 2 4 7 8 10 14 17 18 21 24 27 28 31 34 37 38 41 44 47 48 51 54 57 58 61 64 67 68 72 73 77 78 82 83 87 88 92 93
a 2 4 7 8 11 14 17 18 21 24 27 28 31 34 37 38 41 44 47 48 51 54 57 58 61 64 67 68 72 73 77 78 82 83 87 88 92 93
a 1 4 7 8 11 14 17 18 21 24 27 28 31 34 37 38 41 44 47 48 51 54 57 58 61 64 67 68 72 73 77 78 82 83 87 88 92 93
a 1 3 7 8 11 14 17 18 21 24 27 28 31 34 37 38 41 44 47 48 51 54 57 58 61 64 67 68 72 73 77 78 82 83 87 88 92 93
a 1 3 5 8 11 14 17 18 21 24 27 28 31 34 37 38 41 44 47 48 51 54 57 58 61 64 67 68 72 73 77 78 82 83 87 88 92 93
a 1 3 5 9 11 14 17 18 21 24 27 28 31 34 37 38 41 44 47 48 51 54 57 58 61 64 67 68 72 73 77 78 82 83 87 88 92 93
a 1 3 5 9 11 14 17 18 20 24 27 28 31 34 37 38 41 44 47 48 51 54 57 58 61 64 67 68 72 73 77 78 82 83 87 88 92 93
a 1 3 5 9 11 14 17 18 20 23 27 28 31 34 37 38 41 44 47 48 51 54 57 58 61 64 67 68 72 73 77 78 82 83 87 88 92 93
a 1 3 5 9 11 14 17 18 20 23 25 28 31 34 37 38 41 44 47 48 51 54 57 58 61 64 67 68 72 73 77 78 82 83 87 88 92 93
a 1 3 5 9 11 14 17 18 20 23 25 29 31 34 37 38 41 44 47 48 51 54 57 58 61 64 67 68 72 73 77 78 82 83 87 88 92 93
a 1 3 5 9 11 14 17 18 20 23 25 29 31 34 37 38 40 44 47 48 51 54 57 58 61 64 67 68 72 73 77 78 82 83 87 88 92 93
a 1 3 5 9 11 14 17 18 20 23 25 29 31 34 37 38 40 43 47 48 51 54 57 58 61 64 67 68 72 73 77 78 82 83 87 88 92 93
a 1 3 5 9 11 14 17 18 20 23 25 29 31 34 37 38 40 43 45 48 51 54 57 58 61 64 67 68 72 73 77 78 82 83 87 88 92 93
a 1 3 5 9 11 14 17 18 20 23 25 29 31 34 37 38 40 43 45 49 51 54 57 58 61 64 67 68 72 73 77 78 82 83 87 88 92 93
a 1 3 5 9 11 14 17 18 20 23 25 29 31 34 37 38 40 43 45 49 51 54 57 58 60 64 67 68 72 73 77 78 82 83 87 88 92 93
a 1 3 5 9 11 14 17 18 20 23 25 29 31 34 37 38 40 43 45 49 51 54 57 58 60 63 67 68 72 73 77 78 82 83 87 88 92 93
a 1 3 5 9 11 14 17 18 20 23 25 29 31 34 37 38 40 43 45 49 51 54 57 58 62 63 67 68 72 73 77 78 82 83 87 88 92 93
a 1 3 5 9 11 14 17 18 20 23 25 29 31 34 37 38 40 43 45 48 51 54 57 58 62 63 67 68 72 73 77 78 82 83 87 88 92 93
a 1 3 5 9 11 14 17 18 20 23 25 29 31 34 37 38 40 43 47 48 51 54 57 58 62 63 67 68 72 73 77 78 82 83 87 88 92 93
a 1 3 5 9 11 14 17 18 20 23 25 29 31 34 37 38 40 44 47 48 51 54 57 58 62 63 67 68 72 73 77 78 82 83 87 88 92 93
a 1 3 5 9 11 14 17 18 20 23 25 29 31 34 37 38 41 44 47 48 51 54 57 58 62 63 67 68 72 73 77 78 82 83 87 88 92 93
a 1 3 5 9 11 14 17 18 20 23 25 28 31 34 37 38 41 44 47 48 51 54 57 58 62 63 67 68 72 73 77 78 82 83 87 88 92 93
a 1 3 5 9 11 14 17 18 20 23 27 28 31 34 37 38 41 44 47 48 51 54 57 58 62 63 67 68 72 73 77 78 82 83 87 88 92 93
a 1 3 5 9 11 14 17 18 20 24 27 28 31 34 37 38 41 44 47 48 51 54 57 58 62 63 67 68 72 73 77 78 82 83 87 88 92 93
a 1 3 5 9 11 14 17 18 21 24 27 28 31 34 37 38 41 44 47 48 51 54 57 58 62 63 67 68 72 73 77 78 82 83 87 88 92 93
a 1 3 5 8 11 14 17 18 21 24 27 28 31 34 37 38 41 44 47 48 51 54 57 58 62 63 67 68 72 73 77 78 82 83 87 88 92 93
a 1 3 7 8 11 14 17 18 21 24 27 28 31 34 37 38 41 44 47 48 51 54 57 58 62 63 67 68 72 73 77 78 82 83 87 88 92 93
a 1 4 7 8 11 14 17 18 21 24 27 28 31 34 37 38 41 44 47 48 51 54 57 58 62 63 67 68 72 73 77 78 82 83 87 88 92 93
a 2 4 7 8 11 14 17 18 21 24 27 28 31 34 37 38 41 44 47 48 51 54 57 58 62 63 67 68 72 73 77 78 82 83 87 88 92 93
a 2 4 7 8 10 14 17 18 21 24 27 28 31 34 37 38 41 44 47 48 51 54 57 58 62 63 67 68 72 73 77 78 82 83 87 88 92 93
a 2 4 7 8 10 13 17 18 21 24 27 28 31 34 37 38 41 44 47 48 51 54 57 58 62 63 67 68 72 73 77 78 82 83 87 88 92 93
a 2 4 7 8 10 13 15 18 21 24 27 28 31 34 37 38 41 44 47 48 51 54 57 58 62 63 67 68 72 73 77 78 82 83 87 88 92 93
a 2 4 7 8 10 13 15 19 21 24 27 28 31 34 37 38 41 44 47 48 51 54 57 58 62 63 67 68 72 73 77 78 82 83 87 88 92 93
a 2 4 7 8 10 13 15 19 21 24 27 28 30 34 37 38 41 44 47 48 51 54 57 58 62 63 67 68 72 73 77 78 82 83 87 88 92 93
a 2 4 7 8 10 13 15 19 21 24 27 28 30 33 37 38 41 44 47 48 51 54 57 58 62 63 67 68 72 73 77 78 82 83 87 88 92 93
a 2 4 7 8 10 13 15 19 21 24 27 28 30 33 35 38 41 44 47 48 51 54 57 58 62 63 67 68 72 73 77 78 82 83 87 88 92 93
a 2 4 7 8 10 13 15 19 21 24 27 28 30 33 35 39 41 44 47 48 51 54 57 58 62 63 67 68 72 73 77 78 82 83 87 88 92 93
a 2 4 7 8 10 13 15 19 21 24 27 28 30 33 35 39 41 44 47 48 50 54 57 58 62 63 67 68 72 73 77 78 82 83 87 88 92 93
a 2 4 7 8 10 13 15 19 21 24 27 28 30 33 35 39 41 44 47 48 50 53 57 58 62 63 67 68 72 73 77 78 82 83 87 88 92 93
a 2 4 7 8 10 13 15 19 21 24 27 28 30 33 35 39 41 44 47 48 52 53 57 58 62 63 67 68 72 73 77 78 82 83 87 88 92 93
a 2 4 7 8 10 13 15 19 21 24 27 28 30 33 35 38 41 44 47 48 52 53 57 58 62 63 67 68 72 73 77 78 82 83 87 88 92 93
a 2 4 7 8 10 13 15 19 21 24 27 28 30 33 37 38 41 44 47 48 52 53 57 58 62 63 67 68 72 73 77 78 82 83 87 88 92 93
a 2 4 7 8 10 13 15 19 21 24 27 28 30 34 37 38 41 44 47 48 52 53 57 58 62 63 67 68 72 73 77 78 82 83 87 88 92 93
a 2 4 7 8 10 13 15 19 21 24 27 28 31 34 37 38 41 44 47 48 52 53 57 58 62 63 67 68 72 73 77 78 82 83 87 88 92 93
a 2 4 7 8 10 13 15 18 21 24 27 28 31 34 37 38 41 44 47 48 52 53 57 58 62 63 67 68 72 73 77 78 82 83 87 88 92 93
a 2 4 7 8 10 13 17 18 21 24 27 28 31 34 37 38 41 44 47 48 52 53 57 58 62 63 67 68 72 73 77 78 82 83 87 88 92 93
a 2 4 7 8 10 14 17 18 21 24 27 28 31 34 37 38 41 44 47 48 52 53 57 58 62 63 67 68 72 73 77 78 82 83 87 88 92 93
a 2 4 7 8 11 14 17 18 21 24 27 28 31 34 37 38 41 44 47 48 52 53 57 58 62 63 67 68 72 73 77 78 82 83 87 88 92 93
a 1 4 7 8 11 14 17 18 21 24 27 28 31 34 37 38 41 44 47 48 52 53 57 58 62 63 67 68 72 73 77 78 82 83 87 88 92 93
a 1 3 7 8 11 14 17 18 21 24 27 28 31 34 37 38 41 44 47 48 52 53 57 58 62 63 67 68 72 73 77 78 82 83 87 88 92 93
a 1 3 5 8 11 14 17 18 21 24 27 28 31 34 37 38 41 44 47 48 52 53 57 58 62 63 67 68 72 73 77 78 82 83 87 88 92 93
a 1 3 5 9 11 14 17 18 21 24 27 28 31 34 37 38 41 44 47 48 52 53 57 58 62 63 67 68 72 73 77 78 82 83 87 88 92 93
a 1 3 5 9 11 14 17 18 20 24 27 28 31 34 37 38 41 44 47 48 52 53 57 58 62 63 67 68 72 73 77 78 82 83 87 88 92 93
a 1 3 5 9 11 14 17 18 20 23 27 28 31 34 37 38 41 44 47 48 52 53 57 58 62 63 67 68 72 73 77 78 82 83 87 88 92 93
a 1 3 5 9 11 14 17 18 20 23 25 28 31 34 37 38 41 44 47 48 52 53 57 58 62 63 67 68 72 73 77 78 82 83 87 88 92 93
a 1 3 5 9 11 14 17 18 20 23 25 29 31 34 37 38 41 44 47 48 52 53 57 58 62 63 67 68 72 73 77 78 82 83 87 88 92 93
a 1 3 5 9 11 14 17 18 20 23 25 29 31 34 37 38 40 44 47 48 52 53 57 58 62 63 67 68 72 73 77 78 82 83 87 88 92 93
a 1 3 5 9 11 14 17 18 20 23 25 29 31 34 37 38 40 43 47 48 52 53 57 58 62 63 67 68 72 73 77 78 82 83 87 88 92 93
a 1 3 5 9 11 14 17 18 20 23 25 29 31 34 37 38 42 43 47 48 52 53 57 58 62 63 67 68 72 73 77 78 82 83 87 88 92 93
a 1 3 5 9 11 14 17 18 20 23 25 28 31 34 37 38 42 43 47 48 52 53 57 58 62 63 67 68 72 73 77 78 82 83 87 88 92 93
a 1 3 5 9 11 14 17 18 20 23 27 28 31 34 37 38 42 43 47 48 52 53 57 58 62 63 67 68 72 73 77 78 82 83 87 88 92 93
a 1 3 5 9 11 14 17 18 20 24 27 28 31 34 37 38 42 43 47 48 52 53 57 58 62 63 67 68 72 73 77 78 82 83 87 88 92 93
a 1 3 5 9 11 14 17 18 21 24 27 28 31 34 37 38 42 43 47 48 52 53 57 58 62 63 67 68 72 73 77 78 82 83 87 88 92 93
a 1 3 5 8 11 14 17 18 21 24 27 28 31 34 37 38 42 43 47 48 52 53 57 58 62 63 67 68 72 73 77 78 82 83 87 88 92 93
a 1 3 7 8 11 14 17 18 21 24 27 28 31 34 37 38 42 43 47 48 52 53 57 58 62 63 67 68 72 73 77 78 82 83 87 88 92 93
a 1 4 7 8 11 14 17 18 21 24 27 28 31 34 37 38 42 43 47 48 52 53 57 58 62 63 67 68 72 73 77 78 82 83 87 88 92 93
a 2 4 7 8 11 14 17 18 21 24 27 28 31 34 37 38 42 43 47 48 52 53 57 58 62 63 67 68 72 73 77 78 82 83 87 88 92 93
a 2 4 7 8 10 14 17 18 21 24 27 28 31 34 37 38 42 43 47 48 52 53 57 58 62 63 67 68 72 73 77 78 82 83 87 88 92 93
a 2 4 7 8 10 13 17 18 21 24 27 28 31 34 37 38 42 43 47 48 52 53 57 58 62 63 67 68 72 73 77 78 82 83 87 88 92 93
a 2 4 7 8 10 13 15 18 21 24 27 28 31 34 37 38 42 43 47 48 52 53 57 58 62 63 67 68 72 73 77 78 82 83 87 88 92 93
a 2 4 7 8 10 13 15 19 21 24 27 28 31 34 37 38 42 43 47 48 52 53 57 58 62 63 67 68 72 73 77 78 82 83 87 88 92 93
a 2 4 7 8 10 13 15 19 21 24 27 28 30 34 37 38 42 43 47 48 52 53 57 58 62 63 67 68 72 73 77 78 82 83 87 88 92 93
a 2 4 7 8 10 13 15 19 21 24 27 28 30 33 37 38 42 43 47 48 52 53 57 58 62 63 67 68 72 73 77 78 82 83 87 88 92 93
a 2 4 7 8 10 13 15 19 21 24 27 28 32 33 37 38 42 43 47 48 52 53 57 58 62 63 67 68 72 73 77 78 82 83 87 88 92 93
a 2 4 7 8 10 13 15 18 21 24 27 28 32 33 37 38 42 43 47 48 52 53 57 58 62 63 67 68 72 73 77 78 82 83 87 88 92 93
a 2 4 7 8 10 13 17 18 21 24 27 28 32 33 37 38 42 43 47 48 52 53 57 58 62 63 67 68 72 73 77 78 82 83 87 88 92 93
a 2 4 7 8 10 14 17 18 21 24 27 28 32 33 37 38 42 43 47 48 52 53 57 58 62 63 67 68 72 73 77 78 82 83 87 88 92 93
a 2 4 7 8 11 14 17 18 21 24 27 28 32 33 37 38 42 43 47 48 52 53 57 58 62 63 67 68 72 73 77 78 82 83 87 88 92 93
a 1 4 7 8 11 14 17 18 21 24 27 28 32 33 37 38 42 43 47 48 52 53 57 58 62 63 67 68 72 73 77 78 82 83 87 88 92 93
a 1 3 7 8 11 14 17 18 21 24 27 28 32 33 37 38 42 43 47 48 52 53 57 58 62 63 67 68 72 73 77 78 82 83 87 88 92 93
a 1 3 5 8 11 14 17 18 21 24 27 28 32 33 37 38 42 43 47 48 52 53 57 58 62 63 67 68 72 73 77 78 82 83 87 88 92 93
a 1 3 5 9 11 14 17 18 21 24 27 28 32 33 37 38 42 43 47 48 52 53 57 58 62 63 67 68 72 73 77 78 82 83 87 88 92 93
a 1 3 5 9 11 14 17 18 20 24 27 28 32 33 37 38 42 43 47 48 52 53 57 58 62 63 67 68 72 73 77 78 82 83 87 88 92 93
a 1 3 5 9 11 14 17 18 20 23 27 28 32 33 37 38 42 43 47 48 52 53 57 58 62 63 67 68 72 73 77 78 82 83 87 88 92 93
a 1 3 5 9 11 14 17 18 22 23 27 28 32 33 37 38 42 43 47 48 52 53 57 58 62 63 67 68 72 73 77 78 82 83 87 88 92 93
a 1 3 5 8 11 14 17 18 22 23 27 28 32 33 37 38 42 43 47 48 52 53 57 58 62 63 67 68 72 73 77 78 82 83 87 88 92 93
a 1 3 7 8 11 14 17 18 22 23 27 28 32 33 37 38 42 43 47 48 52 53 57 58 62 63 67 68 72 73 77 78 82 83 87 88 92 93
a 1 4 7 8 11 14 17 18 22 23 27 28 32 33 37 38 42 43 47 48 52 53 57 58 62 63 67 68 72 73 77 78 82 83 87 88 92 93
a 2 4 7 8 11 14 17 18 22 23 27 28 32 33 37 38 42 43 47 48 52 53 57 58 62 63 67 68 72 73 77 78 82 83 87 88 92 93
a 2 4 7 8 10 14 17 18 22 23 27 28 32 33 37 38 42 43 47 48 52 53 57 58 62 63 67 68 72 73 77 78 82 83 87 88 92 93
a 2 4 7 8 10 13 17 18 22 23 27 28 32 33 37 38 42 43 47 48 52 53 57 58 62 63 67 68 72 73 77 78 82 83 87 88 92 93
a 2 4 7 8 12 13 17 18 22 23 27 28 32 33 37 38 42 43 47 48 52 53 57 58 62 63 67 68 72 73 77 78 82 83 87 88 92 93
a 1 4 7 8 12 13 17 18 22 23 27 28 32 33 37 38 42 43 47 48 52 53 57 58 62 63 67 68 72 73 77 78 82 83 87 88 92 93
a 1 3 7 8 12 13 17 18 22 23 27 28 32 33 37 38 42 43 47 48 52 53 57 58 62 63 67 68 72 73 77 78 82 83 87 88 92 93
Reconfiguration time = 0.990088
	Command being timed: "timeout 0.5h ../ddreconf/ddreconf ../instances_pwwt_col/hc-square-009-002.pwwt.col --st --stfile=../benchmark_instances/2023result/docs/solver/benchmark/2022benchmark/benchmark/square/hc-square-009-002_01.dat --tj --indset"
	User time (seconds): 0.94
	System time (seconds): 0.06
	Percent of CPU this job got: 99%
	Elapsed (wall clock) time (h:mm:ss or m:ss): 0:01.01
	Average shared text size (kbytes): 0
	Average unshared data size (kbytes): 0
	Average stack size (kbytes): 0
	Average total size (kbytes): 0
	Maximum resident set size (kbytes): 37108
	Average resident set size (kbytes): 0
	Major (requiring I/O) page faults: 0
	Minor (reclaiming a frame) page faults: 26544
	Voluntary context switches: 3
	Involuntary context switches: 33
	Swaps: 0
	File system inputs: 0
	File system outputs: 136
	Socket messages sent: 0
	Socket messages received: 0
	Signals delivered: 0
	Page size (bytes): 4096
	Exit status: 0
