Input graph file parsed. # of vertices = 24, # of edges = 33
s 1 3 7 12 9 14 18 21 20 23
t 2 4 8 11 10 13 17 22 19 24
Solution space ZDD construction start
Solution space ZDD construction end
Solution space ZDD construction time = 0.000780
Solution space ZDD size = 54
# of elements in the solution space = 42630
Start searching a reconfiguration sequence from s to t
Step 1 time = 0.000065, # ZDD nodes = 17, # elems = 3
Step 2 time = 0.000040, # ZDD nodes = 21, # elems = 3
Step 3 time = 0.000029, # ZDD nodes = 15, # elems = 2
Step 4 time = 0.000022, # ZDD nodes = 14, # elems = 2
Step 5 time = 0.000021, # ZDD nodes = 10, # elems = 1
Step 6 time = 0.000014, # ZDD nodes = 10, # elems = 1
Step 7 time = 0.000017, # ZDD nodes = 10, # elems = 1
Step 8 time = 0.000018, # ZDD nodes = 10, # elems = 1
Step 9 time = 0.000012, # ZDD nodes = 10, # elems = 1
Step 10 time = 0.000019, # ZDD nodes = 15, # elems = 2
Step 11 time = 0.000029, # ZDD nodes = 24, # elems = 3
Step 12 time = 0.000033, # ZDD nodes = 33, # elems = 4
Step 13 time = 0.000036, # ZDD nodes = 37, # elems = 5
Step 14 time = 0.000049, # ZDD nodes = 32, # elems = 4
Step 15 time = 0.000033, # ZDD nodes = 23, # elems = 3
Step 16 time = 0.000026, # ZDD nodes = 14, # elems = 2
Step 17 time = 0.000011, # ZDD nodes = 10, # elems = 1
Step 18 time = 0.000009, # ZDD nodes = 10, # elems = 1
Step 19 time = 0.000009, # ZDD nodes = 15, # elems = 2
Step 20 time = 0.000014, # ZDD nodes = 23, # elems = 3
Step 21 time = 0.000029, # ZDD nodes = 29, # elems = 4
Step 22 time = 0.000032, # ZDD nodes = 29, # elems = 5
Step 23 time = 0.000034, # ZDD nodes = 24, # elems = 4
Step 24 time = 0.000044, # ZDD nodes = 17, # elems = 3
Step 25 time = 0.000019, # ZDD nodes = 13, # elems = 2
Step 26 time = 0.000013, # ZDD nodes = 10, # elems = 1
Step 27 time = 0.000009, # ZDD nodes = 10, # elems = 1
Step 28 time = 0.000009, # ZDD nodes = 15, # elems = 2
Step 29 time = 0.000013, # ZDD nodes = 18, # elems = 2
Step 30 time = 0.000013, # ZDD nodes = 19, # elems = 2
t found
a YES
a 1 3 7 9 12 14 18 20 21 23
a 1 4 7 9 12 14 18 20 21 23
a 2 4 7 9 12 14 18 20 21 23
a 2 4 5 9 12 14 18 20 21 23
a 2 4 5 9 11 14 18 20 21 23
a 2 4 8 9 11 14 18 20 21 23
a 1 4 8 9 11 14 18 20 21 23
a 1 3 8 9 11 14 18 20 21 23
a 1 3 6 8 11 14 18 20 21 23
a 1 3 6 8 11 13 18 20 21 23
a 1 3 6 8 11 13 16 18 21 23
a 1 3 6 8 11 13 16 18 21 24
a 1 3 6 8 11 13 18 19 21 24
a 1 3 6 8 11 14 18 19 21 24
a 1 3 8 9 11 14 18 19 21 24
a 1 4 8 9 11 14 18 19 21 24
a 2 4 8 9 11 14 18 19 21 24
a 2 4 5 9 11 14 18 19 21 24
a 2 4 5 9 12 14 18 19 21 24
a 2 4 5 9 12 14 15 19 21 24
a 2 4 5 9 12 14 15 19 22 24
a 2 4 5 9 12 14 17 19 22 24
a 2 4 5 9 11 14 17 19 22 24
a 2 4 8 9 11 14 17 19 22 24
a 1 4 8 9 11 14 17 19 22 24
a 1 3 8 9 11 14 17 19 22 24
a 1 3 6 8 11 14 17 19 22 24
a 1 3 6 8 11 13 17 19 22 24
a 1 3 8 10 11 13 17 19 22 24
a 1 4 8 10 11 13 17 19 22 24
a 2 4 8 10 11 13 17 19 22 24
Reconfiguration time = 0.003513
	Command being timed: "timeout 0.5h ../ddreconf/ddreconf ../instances_pw_col/hc-square-02.pw.col --st --stfile=../benchmark_instances/2023result/docs/solver/benchmark/2022benchmark/benchmark/handcrafted/hc-square-02_01.dat --tj --indset"
	User time (seconds): 0.00
	System time (seconds): 0.00
	Percent of CPU this job got: 89%
	Elapsed (wall clock) time (h:mm:ss or m:ss): 0:00.01
	Average shared text size (kbytes): 0
	Average unshared data size (kbytes): 0
	Average stack size (kbytes): 0
	Average total size (kbytes): 0
	Maximum resident set size (kbytes): 33008
	Average resident set size (kbytes): 0
	Major (requiring I/O) page faults: 0
	Minor (reclaiming a frame) page faults: 1088
	Voluntary context switches: 4
	Involuntary context switches: 1
	Swaps: 0
	File system inputs: 8
	File system outputs: 8
	Socket messages sent: 0
	Socket messages received: 0
	Signals delivered: 0
	Page size (bytes): 4096
	Exit status: 0
