Input graph file parsed. # of vertices = 7, # of edges = 7
s 7 3 6
t 7 4 5
Solution space ZDD construction start
Solution space ZDD construction end
Solution space ZDD construction time = 0.000127
Solution space ZDD size = 8
# of elements in the solution space = 31
Start searching a reconfiguration sequence from s to t
Step 1 time = 0.000020, # ZDD nodes = 5, # elems = 2
Step 2 time = 0.000009, # ZDD nodes = 4, # elems = 2
Step 3 time = 0.000007, # ZDD nodes = 4, # elems = 2
t found
a YES
a 3 6 7
a 1 6 7
a 1 5 7
a 4 5 7
Reconfiguration time = 0.000185
	Command being timed: "timeout 0.5h ../ddreconf/ddreconf ../instances_pw_col/hc-toyyes-01.pw.col --st --stfile=../benchmark_instances/2023result/docs/solver/benchmark/2022benchmark/benchmark/handcrafted/hc-toyyes-01_01.dat --tj --indset"
	User time (seconds): 0.00
	System time (seconds): 0.00
	Percent of CPU this job got: 92%
	Elapsed (wall clock) time (h:mm:ss or m:ss): 0:00.01
	Average shared text size (kbytes): 0
	Average unshared data size (kbytes): 0
	Average stack size (kbytes): 0
	Average total size (kbytes): 0
	Maximum resident set size (kbytes): 33012
	Average resident set size (kbytes): 0
	Major (requiring I/O) page faults: 0
	Minor (reclaiming a frame) page faults: 827
	Voluntary context switches: 4
	Involuntary context switches: 0
	Swaps: 0
	File system inputs: 8
	File system outputs: 8
	Socket messages sent: 0
	Socket messages received: 0
	Signals delivered: 0
	Page size (bytes): 4096
	Exit status: 0
