Input graph file parsed. # of vertices = 74, # of edges = 301
s 70 10 15 28 26 61 63 30 32 33 36 37 42 44 45 46 48 53 54 59 64 65 66 69 74 67 68
t 7 10 14 15 16 28 21 26 61 63 27 30 32 33 36 37 42 45 46 47 48 50 53 54 66 69 74
Solution space ZDD construction start
Solution space ZDD construction end
Solution space ZDD construction time = 0.644287
Solution space ZDD size = 128070
# of elements in the solution space = 1537558481760
Start searching a reconfiguration sequence from s to t
Step 1 time = 0.000183, # ZDD nodes = 228, # elems = 29
Step 2 time = 0.001861, # ZDD nodes = 960, # elems = 358
Step 3 time = 0.010180, # ZDD nodes = 2641, # elems = 2478
Step 4 time = 0.025383, # ZDD nodes = 5284, # elems = 10680
Step 5 time = 0.062835, # ZDD nodes = 8207, # elems = 30132
Step 6 time = 0.145972, # ZDD nodes = 10386, # elems = 56930
Step 7 time = 0.095259, # ZDD nodes = 11157, # elems = 72262
t found
a YES
a 10 15 26 28 30 32 33 36 37 42 44 45 46 48 53 54 59 61 63 64 65 66 67 68 69 70 74
a 10 15 26 28 30 32 33 36 37 42 44 45 46 48 50 53 54 61 63 64 65 66 67 68 69 70 74
a 10 15 26 28 30 32 33 36 37 42 44 45 46 47 48 50 53 54 61 63 64 65 66 68 69 70 74
a 10 15 26 27 28 30 32 33 36 37 42 44 45 46 47 48 50 53 54 61 63 64 65 66 69 70 74
a 10 15 21 26 27 28 30 32 33 36 37 42 44 45 46 47 48 50 53 54 61 63 65 66 69 70 74
a 10 15 16 21 26 27 28 30 32 33 36 37 42 44 45 46 47 48 50 53 54 61 63 66 69 70 74
a 10 14 15 16 21 26 27 28 30 32 33 36 37 42 45 46 47 48 50 53 54 61 63 66 69 70 74
a 7 10 14 15 16 21 26 27 28 30 32 33 36 37 42 45 46 47 48 50 53 54 61 63 66 69 74
Reconfiguration time = 0.351898
	Command being timed: "timeout 600s ../ddreconf/ddreconf ../benchmark_instances/2023result/docs/solver/benchmark/2022benchmark/benchmark/color04/huck.col --st --stfile=../benchmark_instances/2023result/docs/solver/benchmark/2022benchmark/benchmark/color04/huck_01.dat --tj --indset"
	User time (seconds): 0.96
	System time (seconds): 0.06
	Percent of CPU this job got: 99%
	Elapsed (wall clock) time (h:mm:ss or m:ss): 0:01.03
	Average shared text size (kbytes): 0
	Average unshared data size (kbytes): 0
	Average stack size (kbytes): 0
	Average total size (kbytes): 0
	Maximum resident set size (kbytes): 151892
	Average resident set size (kbytes): 0
	Major (requiring I/O) page faults: 0
	Minor (reclaiming a frame) page faults: 8555
	Voluntary context switches: 3
	Involuntary context switches: 2
	Swaps: 0
	File system inputs: 0
	File system outputs: 8
	Socket messages sent: 0
	Socket messages received: 0
	Signals delivered: 0
	Page size (bytes): 4096
	Exit status: 0
