Input graph file parsed. # of vertices = 450, # of edges = 17425
s 10 11 38 47 48 61 74 76 80 90 113 122 138 162 167 189 191 198 203 205 220 222 230 231 250 262 279 298 324 334 342 358 362 365 368 369 390 412 418 419 420 445
t 10 38 47 48 61 74 76 80 90 113 122 152 162 167 189 191 198 200 203 205 220 222 230 231 250 262 279 298 324 334 342 358 362 365 368 369 390 412 418 419 420 445
Solution space ZDD construction start
Command exited with non-zero status 124
	Command being timed: "timeout 2.0h ../ddreconf/ddreconf ../benchmark_instances/2023result/docs/solver/benchmark/2022benchmark/benchmark/color04/le450_25d.col --st --stfile=../benchmark_instances/2023result/docs/solver/benchmark/2022benchmark/benchmark/color04/le450_25d_02.dat --tj --indset"
	User time (seconds): 6304.33
	System time (seconds): 877.03
	Percent of CPU this job got: 99%
	Elapsed (wall clock) time (h:mm:ss or m:ss): 2:00:04
	Average shared text size (kbytes): 0
	Average unshared data size (kbytes): 0
	Average stack size (kbytes): 0
	Average total size (kbytes): 0
	Maximum resident set size (kbytes): 547401104
	Average resident set size (kbytes): 0
	Major (requiring I/O) page faults: 0
	Minor (reclaiming a frame) page faults: 616817675
	Voluntary context switches: 633
	Involuntary context switches: 8744
	Swaps: 0
	File system inputs: 0
	File system outputs: 8
	Socket messages sent: 0
	Socket messages received: 0
	Signals delivered: 0
	Page size (bytes): 4096
	Exit status: 124
