Input graph file parsed. # of vertices = 450, # of edges = 8169
s 236 391 29 347 407 92 101 48 159 382 292 390 213 439 327 447 50 91 116 40 207 249 384 423 27 126 246 387 192 3 348 351 99 102 401 409 107 277 257 25 109 171 42 69 231 197 13 405 412 64 52 156 209 295 363 204 294 372 135 445 245 360 446 106 174 291 94 155 160 274 298 140 302 186 214 241 395
t 236 391 29 347 407 92 101 48 159 51 382 292 390 213 439 327 447 50 91 116 40 207 249 384 423 27 126 246 387 192 22 348 351 102 401 409 107 277 257 25 109 311 42 148 69 231 197 13 405 412 64 52 156 209 295 363 204 431 294 372 135 445 360 446 106 174 291 94 155 160 274 298 140 186 214 241 395
Solution space ZDD construction start
Command exited with non-zero status 124
	Command being timed: "timeout 2.0h ../ddreconf/ddreconf ../instances_pwwt_col/le450_15b.pwwt.col --st --stfile=../benchmark_instances/2023result/docs/solver/benchmark/2022benchmark/benchmark/color04/le450_15b_02.dat --tj --indset"
	User time (seconds): 6943.28
	System time (seconds): 236.38
	Percent of CPU this job got: 99%
	Elapsed (wall clock) time (h:mm:ss or m:ss): 2:00:01
	Average shared text size (kbytes): 0
	Average unshared data size (kbytes): 0
	Average stack size (kbytes): 0
	Average total size (kbytes): 0
	Maximum resident set size (kbytes): 288257012
	Average resident set size (kbytes): 0
	Major (requiring I/O) page faults: 0
	Minor (reclaiming a frame) page faults: 80447984
	Voluntary context switches: 4
	Involuntary context switches: 4441
	Swaps: 0
	File system inputs: 0
	File system outputs: 8
	Socket messages sent: 0
	Socket messages received: 0
	Signals delivered: 0
	Page size (bytes): 4096
	Exit status: 124
