Input graph file parsed. # of vertices = 450, # of edges = 17425
s 10 35 38 46 47 48 61 76 83 90 113 130 138 152 162 177 189 200 203 205 217 220 228 230 231 232 243 250 269 275 279 334 338 342 343 353 358 368 389 408 420 436 445
t 10 35 38 46 47 48 61 76 83 90 113 130 138 152 162 177 189 191 200 203 205 215 217 220 230 231 243 250 269 279 334 338 342 343 353 358 360 368 389 408 420 436 445
Solution space ZDD construction start
Command exited with non-zero status 124
	Command being timed: "timeout 2.0h ../ddreconf/ddreconf ../benchmark_instances/2023result/docs/solver/benchmark/2022benchmark/benchmark/color04/le450_25d.col --st --stfile=../benchmark_instances/2023result/docs/solver/benchmark/2022benchmark/benchmark/color04/le450_25d_01.dat --tj --indset"
	User time (seconds): 6305.68
	System time (seconds): 877.01
	Percent of CPU this job got: 99%
	Elapsed (wall clock) time (h:mm:ss or m:ss): 2:00:04
	Average shared text size (kbytes): 0
	Average unshared data size (kbytes): 0
	Average stack size (kbytes): 0
	Average total size (kbytes): 0
	Maximum resident set size (kbytes): 550723056
	Average resident set size (kbytes): 0
	Major (requiring I/O) page faults: 0
	Minor (reclaiming a frame) page faults: 618423498
	Voluntary context switches: 552
	Involuntary context switches: 7788
	Swaps: 0
	File system inputs: 328
	File system outputs: 8
	Socket messages sent: 0
	Socket messages received: 0
	Signals delivered: 0
	Page size (bytes): 4096
	Exit status: 124
