Input graph file parsed. # of vertices = 124, # of edges = 144
s 8 10 12 6 4 1 59 61 63 95 97 99 119 121 123 54 56 58 90 92 94 114 116 118 21 66 68 70 23 25 19 102 104 106 17 14 71 73 75 107 109 111 34 36 38 32 78 80 82 30 27 83 85 87 47 49 51 45 40 43
t 8 10 12 6 4 1 59 61 63 95 97 99 119 121 123 54 56 58 90 92 94 114 116 118 21 66 68 70 23 25 19 102 104 106 17 14 71 73 75 107 109 111 34 36 38 32 78 80 82 30 27 83 85 87 47 49 51 45 41 42
Solution space ZDD construction start
Solution space ZDD construction end
Solution space ZDD construction time = 0.014499
Solution space ZDD size = 890
# of elements in the solution space = 32514909110582995049377860
Start searching a reconfiguration sequence from s to t
Step 1 time = 0.000384, # ZDD nodes = 120, # elems = 10
Step 2 time = 0.000322, # ZDD nodes = 194, # elems = 53
Step 3 time = 0.000363, # ZDD nodes = 282, # elems = 201
Step 4 time = 0.000676, # ZDD nodes = 363, # elems = 604
Step 5 time = 0.000699, # ZDD nodes = 448, # elems = 1514
Step 6 time = 0.000540, # ZDD nodes = 533, # elems = 3272
Step 7 time = 0.000647, # ZDD nodes = 599, # elems = 6226
Step 8 time = 0.000633, # ZDD nodes = 660, # elems = 10587
Step 9 time = 0.000593, # ZDD nodes = 709, # elems = 16271
Step 10 time = 0.000560, # ZDD nodes = 744, # elems = 22791
Step 11 time = 0.000488, # ZDD nodes = 764, # elems = 29291
Step 12 time = 0.000415, # ZDD nodes = 792, # elems = 34729
Step 13 time = 0.000484, # ZDD nodes = 817, # elems = 38151
Step 14 time = 0.000444, # ZDD nodes = 832, # elems = 38973
Step 15 time = 0.000478, # ZDD nodes = 852, # elems = 37131
Step 16 time = 0.000500, # ZDD nodes = 861, # elems = 33067
Step 17 time = 0.000502, # ZDD nodes = 885, # elems = 27578
Step 18 time = 0.000597, # ZDD nodes = 907, # elems = 21577
Step 19 time = 0.000642, # ZDD nodes = 918, # elems = 15892
Step 20 time = 0.000772, # ZDD nodes = 930, # elems = 11138
Step 21 time = 0.000709, # ZDD nodes = 935, # elems = 7667
Step 22 time = 0.000702, # ZDD nodes = 921, # elems = 5597
Step 23 time = 0.000661, # ZDD nodes = 899, # elems = 4848
Step 24 time = 0.000609, # ZDD nodes = 887, # elems = 5177
Step 25 time = 0.000481, # ZDD nodes = 854, # elems = 6218
Step 26 time = 0.000544, # ZDD nodes = 814, # elems = 7523
Step 27 time = 0.000486, # ZDD nodes = 785, # elems = 8644
Step 28 time = 0.000526, # ZDD nodes = 765, # elems = 9242
Step 29 time = 0.000548, # ZDD nodes = 753, # elems = 9186
Step 30 time = 0.000451, # ZDD nodes = 753, # elems = 8609
Step 31 time = 0.000526, # ZDD nodes = 777, # elems = 7880
Step 32 time = 0.000597, # ZDD nodes = 801, # elems = 7501
Step 33 time = 0.000447, # ZDD nodes = 806, # elems = 7968
Step 34 time = 0.000470, # ZDD nodes = 805, # elems = 9634
Step 35 time = 0.000449, # ZDD nodes = 791, # elems = 12609
Step 36 time = 0.000383, # ZDD nodes = 768, # elems = 16704
Step 37 time = 0.000378, # ZDD nodes = 740, # elems = 21418
Step 38 time = 0.000415, # ZDD nodes = 702, # elems = 25996
Step 39 time = 0.000390, # ZDD nodes = 664, # elems = 29565
Step 40 time = 0.000410, # ZDD nodes = 658, # elems = 31342
Step 41 time = 0.000470, # ZDD nodes = 663, # elems = 30871
Step 42 time = 0.000505, # ZDD nodes = 690, # elems = 28177
Step 43 time = 0.000546, # ZDD nodes = 712, # elems = 23774
Step 44 time = 0.000679, # ZDD nodes = 729, # elems = 18509
Step 45 time = 0.000805, # ZDD nodes = 782, # elems = 13298
Step 46 time = 0.001047, # ZDD nodes = 823, # elems = 8889
Step 47 time = 0.000859, # ZDD nodes = 858, # elems = 5745
Step 48 time = 0.000965, # ZDD nodes = 924, # elems = 4095
Step 49 time = 0.000930, # ZDD nodes = 975, # elems = 4115
Step 50 time = 0.000985, # ZDD nodes = 1022, # elems = 6139
Step 51 time = 0.001022, # ZDD nodes = 1041, # elems = 10781
Step 52 time = 0.000828, # ZDD nodes = 1027, # elems = 18859
Step 53 time = 0.000825, # ZDD nodes = 1019, # elems = 31097
Step 54 time = 0.000693, # ZDD nodes = 1000, # elems = 47654
Step 55 time = 0.000627, # ZDD nodes = 1025, # elems = 67662
Step 56 time = 0.000627, # ZDD nodes = 1056, # elems = 89021
Step 57 time = 0.000692, # ZDD nodes = 1074, # elems = 108628
Step 58 time = 0.000580, # ZDD nodes = 1078, # elems = 123093
Step 59 time = 0.000528, # ZDD nodes = 1068, # elems = 129732
Step 60 time = 0.000483, # ZDD nodes = 1048, # elems = 127452
Step 61 time = 0.000474, # ZDD nodes = 1019, # elems = 117165
Step 62 time = 0.000463, # ZDD nodes = 996, # elems = 101507
Step 63 time = 0.000414, # ZDD nodes = 998, # elems = 83967
Step 64 time = 0.000433, # ZDD nodes = 986, # elems = 67789
Step 65 time = 0.000474, # ZDD nodes = 983, # elems = 55061
Step 66 time = 0.000418, # ZDD nodes = 980, # elems = 46335
Step 67 time = 0.000540, # ZDD nodes = 972, # elems = 40840
Step 68 time = 0.000461, # ZDD nodes = 961, # elems = 37098
Step 69 time = 0.000505, # ZDD nodes = 933, # elems = 33650
Step 70 time = 0.000594, # ZDD nodes = 900, # elems = 29578
Step 71 time = 0.000398, # ZDD nodes = 859, # elems = 24682
Step 72 time = 0.000387, # ZDD nodes = 814, # elems = 19339
Step 73 time = 0.000433, # ZDD nodes = 790, # elems = 14183
Step 74 time = 0.000594, # ZDD nodes = 780, # elems = 9801
Step 75 time = 0.000566, # ZDD nodes = 758, # elems = 6558
Step 76 time = 0.000544, # ZDD nodes = 761, # elems = 4589
Step 77 time = 0.000399, # ZDD nodes = 785, # elems = 3904
Step 78 time = 0.000378, # ZDD nodes = 818, # elems = 4507
Step 79 time = 0.000446, # ZDD nodes = 836, # elems = 6453
Step 80 time = 0.000388, # ZDD nodes = 837, # elems = 9795
Step 81 time = 0.000308, # ZDD nodes = 832, # elems = 14446
Step 82 time = 0.000295, # ZDD nodes = 833, # elems = 20031
Step 83 time = 0.000290, # ZDD nodes = 861, # elems = 25831
Step 84 time = 0.000308, # ZDD nodes = 886, # elems = 30894
Step 85 time = 0.000302, # ZDD nodes = 898, # elems = 34313
Step 86 time = 0.000313, # ZDD nodes = 926, # elems = 35584
Step 87 time = 0.000315, # ZDD nodes = 946, # elems = 34888
Step 88 time = 0.000315, # ZDD nodes = 958, # elems = 33169
Step 89 time = 0.000312, # ZDD nodes = 974, # elems = 31957
Step 90 time = 0.000409, # ZDD nodes = 996, # elems = 32983
Step 91 time = 0.000327, # ZDD nodes = 1005, # elems = 37712
Step 92 time = 0.000333, # ZDD nodes = 994, # elems = 46915
Step 93 time = 0.000319, # ZDD nodes = 979, # elems = 60365
Step 94 time = 0.000398, # ZDD nodes = 956, # elems = 76727
Step 95 time = 0.000311, # ZDD nodes = 927, # elems = 93683
Step 96 time = 0.000298, # ZDD nodes = 893, # elems = 108320
Step 97 time = 0.000471, # ZDD nodes = 849, # elems = 117767
Step 98 time = 0.000279, # ZDD nodes = 805, # elems = 119927
Step 99 time = 0.000356, # ZDD nodes = 758, # elems = 114080
Step 100 time = 0.000266, # ZDD nodes = 715, # elems = 101125
Step 101 time = 0.000339, # ZDD nodes = 690, # elems = 83319
Step 102 time = 0.000252, # ZDD nodes = 697, # elems = 63616
Step 103 time = 0.000381, # ZDD nodes = 700, # elems = 44853
Step 104 time = 0.000496, # ZDD nodes = 705, # elems = 29080
Step 105 time = 0.000601, # ZDD nodes = 702, # elems = 17261
Step 106 time = 0.000635, # ZDD nodes = 698, # elems = 9356
Step 107 time = 0.000893, # ZDD nodes = 750, # elems = 4667
Step 108 time = 0.000935, # ZDD nodes = 793, # elems = 2263
Step 109 time = 0.000899, # ZDD nodes = 834, # elems = 1330
Step 110 time = 0.000892, # ZDD nodes = 861, # elems = 1401
Step 111 time = 0.001137, # ZDD nodes = 880, # elems = 2462
Step 112 time = 0.000948, # ZDD nodes = 905, # elems = 4971
Step 113 time = 0.001133, # ZDD nodes = 914, # elems = 9781
Step 114 time = 0.000901, # ZDD nodes = 928, # elems = 17924
Step 115 time = 0.000769, # ZDD nodes = 943, # elems = 30252
Step 116 time = 0.000602, # ZDD nodes = 944, # elems = 46961
Step 117 time = 0.000805, # ZDD nodes = 948, # elems = 67160
Step 118 time = 0.000719, # ZDD nodes = 960, # elems = 88705
Step 119 time = 0.000562, # ZDD nodes = 967, # elems = 108458
Step 120 time = 0.000587, # ZDD nodes = 975, # elems = 123017
Step 121 time = 0.000466, # ZDD nodes = 974, # elems = 129705
Step 122 time = 0.000496, # ZDD nodes = 1004, # elems = 127445
Step 123 time = 0.000468, # ZDD nodes = 1017, # elems = 117164
Step 124 time = 0.000378, # ZDD nodes = 1023, # elems = 101507
Step 125 time = 0.000382, # ZDD nodes = 1020, # elems = 83967
Step 126 time = 0.000366, # ZDD nodes = 1010, # elems = 67789
Step 127 time = 0.000370, # ZDD nodes = 1009, # elems = 55061
Step 128 time = 0.000462, # ZDD nodes = 1004, # elems = 46335
Step 129 time = 0.000399, # ZDD nodes = 994, # elems = 40840
Step 130 time = 0.000404, # ZDD nodes = 978, # elems = 37097
Step 131 time = 0.000372, # ZDD nodes = 950, # elems = 33644
Step 132 time = 0.000473, # ZDD nodes = 913, # elems = 29558
Step 133 time = 0.000405, # ZDD nodes = 867, # elems = 24632
Step 134 time = 0.000341, # ZDD nodes = 814, # elems = 19239
Step 135 time = 0.000353, # ZDD nodes = 790, # elems = 14018
Step 136 time = 0.000521, # ZDD nodes = 771, # elems = 9571
Step 137 time = 0.000398, # ZDD nodes = 742, # elems = 6288
Step 138 time = 0.000319, # ZDD nodes = 745, # elems = 4329
Step 139 time = 0.000322, # ZDD nodes = 767, # elems = 3714
Step 140 time = 0.000298, # ZDD nodes = 798, # elems = 4437
Step 141 time = 0.000278, # ZDD nodes = 825, # elems = 6523
Step 142 time = 0.000278, # ZDD nodes = 831, # elems = 9985
Step 143 time = 0.000307, # ZDD nodes = 830, # elems = 14706
Step 144 time = 0.000262, # ZDD nodes = 836, # elems = 20301
Step 145 time = 0.000257, # ZDD nodes = 864, # elems = 26061
Step 146 time = 0.000265, # ZDD nodes = 897, # elems = 31059
Step 147 time = 0.000257, # ZDD nodes = 920, # elems = 34413
Step 148 time = 0.000266, # ZDD nodes = 944, # elems = 35634
Step 149 time = 0.000257, # ZDD nodes = 964, # elems = 34908
Step 150 time = 0.000267, # ZDD nodes = 970, # elems = 33175
Step 151 time = 0.000354, # ZDD nodes = 975, # elems = 31958
Step 152 time = 0.000342, # ZDD nodes = 987, # elems = 32983
Step 153 time = 0.000281, # ZDD nodes = 996, # elems = 37712
Step 154 time = 0.000278, # ZDD nodes = 985, # elems = 46915
Step 155 time = 0.000268, # ZDD nodes = 970, # elems = 60365
Step 156 time = 0.000264, # ZDD nodes = 947, # elems = 76727
Step 157 time = 0.000256, # ZDD nodes = 918, # elems = 93683
Step 158 time = 0.000246, # ZDD nodes = 884, # elems = 108320
Step 159 time = 0.000253, # ZDD nodes = 840, # elems = 117767
Step 160 time = 0.000224, # ZDD nodes = 796, # elems = 119927
Step 161 time = 0.000221, # ZDD nodes = 783, # elems = 114081
Step 162 time = 0.000238, # ZDD nodes = 783, # elems = 101132
Step 163 time = 0.000420, # ZDD nodes = 804, # elems = 83346
Step 164 time = 0.000284, # ZDD nodes = 817, # elems = 63692
Step 165 time = 0.000284, # ZDD nodes = 817, # elems = 45023
Step 166 time = 0.000320, # ZDD nodes = 814, # elems = 29396
Step 167 time = 0.000443, # ZDD nodes = 796, # elems = 17764
Step 168 time = 0.000295, # ZDD nodes = 772, # elems = 10053
Step 169 time = 0.000309, # ZDD nodes = 798, # elems = 5515
Step 170 time = 0.000557, # ZDD nodes = 803, # elems = 3168
Step 171 time = 0.000347, # ZDD nodes = 801, # elems = 2148
Step 172 time = 0.000363, # ZDD nodes = 803, # elems = 1915
Step 173 time = 0.000314, # ZDD nodes = 795, # elems = 2300
Step 174 time = 0.000298, # ZDD nodes = 779, # elems = 3434
Step 175 time = 0.000282, # ZDD nodes = 762, # elems = 5604
Step 176 time = 0.000429, # ZDD nodes = 773, # elems = 9059
Step 177 time = 0.000302, # ZDD nodes = 774, # elems = 13813
Step 178 time = 0.000265, # ZDD nodes = 766, # elems = 19498
Step 179 time = 0.000253, # ZDD nodes = 772, # elems = 25342
Step 180 time = 0.000244, # ZDD nodes = 778, # elems = 30314
Step 181 time = 0.000236, # ZDD nodes = 774, # elems = 33409
Step 182 time = 0.000217, # ZDD nodes = 785, # elems = 33986
Step 183 time = 0.000218, # ZDD nodes = 816, # elems = 32004
Step 184 time = 0.000236, # ZDD nodes = 839, # elems = 28047
Step 185 time = 0.000213, # ZDD nodes = 836, # elems = 23127
Step 186 time = 0.000217, # ZDD nodes = 826, # elems = 18329
Step 187 time = 0.000283, # ZDD nodes = 810, # elems = 14464
Step 188 time = 0.000205, # ZDD nodes = 788, # elems = 11869
Step 189 time = 0.000201, # ZDD nodes = 775, # elems = 10399
Step 190 time = 0.000195, # ZDD nodes = 751, # elems = 9603
Step 191 time = 0.000189, # ZDD nodes = 720, # elems = 8969
Step 192 time = 0.000179, # ZDD nodes = 689, # elems = 8127
Step 193 time = 0.000172, # ZDD nodes = 648, # elems = 6951
Step 194 time = 0.000161, # ZDD nodes = 610, # elems = 5531
Step 195 time = 0.000227, # ZDD nodes = 576, # elems = 4073
Step 196 time = 0.000148, # ZDD nodes = 543, # elems = 2784
Step 197 time = 0.000149, # ZDD nodes = 543, # elems = 1795
Step 198 time = 0.000160, # ZDD nodes = 559, # elems = 1149
Step 199 time = 0.000156, # ZDD nodes = 566, # elems = 830
Step 200 time = 0.000157, # ZDD nodes = 577, # elems = 815
Step 201 time = 0.000161, # ZDD nodes = 592, # elems = 1110
Step 202 time = 0.000246, # ZDD nodes = 607, # elems = 1752
Step 203 time = 0.000159, # ZDD nodes = 615, # elems = 2776
Step 204 time = 0.000168, # ZDD nodes = 625, # elems = 4157
Step 205 time = 0.000169, # ZDD nodes = 633, # elems = 5761
Step 206 time = 0.000170, # ZDD nodes = 639, # elems = 7337
Step 207 time = 0.000175, # ZDD nodes = 675, # elems = 8576
t found
a YES
a 1 4 6 8 10 12 14 17 19 21 23 25 27 30 32 34 36 38 40 43 45 47 49 51 54 56 58 59 61 63 66 68 70 71 73 75 78 80 82 83 85 87 90 92 94 95 97 99 102 104 106 107 109 111 114 116 118 119 121 123
a 1 4 7 8 10 12 14 17 19 21 23 25 27 30 32 34 36 38 40 43 45 47 49 51 54 56 58 59 61 63 66 68 70 71 73 75 78 80 82 83 85 87 90 92 94 95 97 99 102 104 106 107 109 111 114 116 118 119 121 123
a 1 5 7 8 10 12 14 17 19 21 23 25 27 30 32 34 36 38 40 43 45 47 49 51 54 56 58 59 61 63 66 68 70 71 73 75 78 80 82 83 85 87 90 92 94 95 97 99 102 104 106 107 109 111 114 116 118 119 121 123
a 2 5 7 8 10 12 14 17 19 21 23 25 27 30 32 34 36 38 40 43 45 47 49 51 54 56 58 59 61 63 66 68 70 71 73 75 78 80 82 83 85 87 90 92 94 95 97 99 102 104 106 107 109 111 114 116 118 119 121 123
a 2 3 7 8 10 12 14 17 19 21 23 25 27 30 32 34 36 38 40 43 45 47 49 51 54 56 58 59 61 63 66 68 70 71 73 75 78 80 82 83 85 87 90 92 94 95 97 99 102 104 106 107 109 111 114 116 118 119 121 123
a 2 3 6 8 10 12 14 17 19 21 23 25 27 30 32 34 36 38 40 43 45 47 49 51 54 56 58 59 61 63 66 68 70 71 73 75 78 80 82 83 85 87 90 92 94 95 97 99 102 104 106 107 109 111 114 116 118 119 121 123
a 2 3 6 8 10 12 14 17 19 21 23 25 27 30 32 34 36 38 40 43 45 47 49 51 53 56 58 59 61 63 66 68 70 71 73 75 78 80 82 83 85 87 90 92 94 95 97 99 102 104 106 107 109 111 114 116 118 119 121 123
a 2 3 6 8 10 12 14 17 19 21 23 25 27 30 32 34 36 38 40 43 45 47 49 51 53 55 58 59 61 63 66 68 70 71 73 75 78 80 82 83 85 87 90 92 94 95 97 99 102 104 106 107 109 111 114 116 118 119 121 123
a 2 3 6 8 10 12 14 17 19 21 23 25 27 30 32 34 36 38 40 43 45 47 49 51 53 55 57 59 61 63 66 68 70 71 73 75 78 80 82 83 85 87 90 92 94 95 97 99 102 104 106 107 109 111 114 116 118 119 121 123
a 2 3 6 8 10 12 14 17 19 21 23 25 27 30 32 34 36 38 40 43 45 47 49 51 53 55 57 60 61 63 66 68 70 71 73 75 78 80 82 83 85 87 90 92 94 95 97 99 102 104 106 107 109 111 114 116 118 119 121 123
a 2 3 6 8 10 12 14 17 19 21 23 25 27 30 32 34 36 38 40 43 45 47 49 51 53 55 57 60 62 63 66 68 70 71 73 75 78 80 82 83 85 87 90 92 94 95 97 99 102 104 106 107 109 111 114 116 118 119 121 123
a 2 3 6 8 10 12 14 17 19 21 23 25 27 30 32 34 36 38 40 43 45 47 49 51 53 55 57 60 62 64 66 68 70 71 73 75 78 80 82 83 85 87 90 92 94 95 97 99 102 104 106 107 109 111 114 116 118 119 121 123
a 2 3 6 8 10 12 14 17 20 21 23 25 27 30 32 34 36 38 40 43 45 47 49 51 53 55 57 60 62 64 66 68 70 71 73 75 78 80 82 83 85 87 90 92 94 95 97 99 102 104 106 107 109 111 114 116 118 119 121 123
a 2 3 6 8 10 12 14 18 20 21 23 25 27 30 32 34 36 38 40 43 45 47 49 51 53 55 57 60 62 64 66 68 70 71 73 75 78 80 82 83 85 87 90 92 94 95 97 99 102 104 106 107 109 111 114 116 118 119 121 123
a 2 3 6 8 10 12 15 18 20 21 23 25 27 30 32 34 36 38 40 43 45 47 49 51 53 55 57 60 62 64 66 68 70 71 73 75 78 80 82 83 85 87 90 92 94 95 97 99 102 104 106 107 109 111 114 116 118 119 121 123
a 2 3 6 8 10 12 15 18 20 21 23 25 27 30 32 34 36 38 40 43 45 47 49 51 53 55 57 60 62 64 66 68 70 72 73 75 78 80 82 83 85 87 90 92 94 95 97 99 102 104 106 107 109 111 114 116 118 119 121 123
a 2 3 6 8 10 12 15 18 20 21 23 25 27 30 32 34 36 38 40 43 45 47 49 51 53 55 57 60 62 64 66 68 70 72 74 75 78 80 82 83 85 87 90 92 94 95 97 99 102 104 106 107 109 111 114 116 118 119 121 123
a 2 3 6 8 10 12 15 18 20 21 23 25 27 30 32 34 36 38 40 43 45 47 49 51 53 55 57 60 62 64 66 68 70 72 74 76 78 80 82 83 85 87 90 92 94 95 97 99 102 104 106 107 109 111 114 116 118 119 121 123
a 2 3 6 8 10 12 15 16 20 21 23 25 27 30 32 34 36 38 40 43 45 47 49 51 53 55 57 60 62 64 66 68 70 72 74 76 78 80 82 83 85 87 90 92 94 95 97 99 102 104 106 107 109 111 114 116 118 119 121 123
a 2 3 6 8 10 12 15 16 19 21 23 25 27 30 32 34 36 38 40 43 45 47 49 51 53 55 57 60 62 64 66 68 70 72 74 76 78 80 82 83 85 87 90 92 94 95 97 99 102 104 106 107 109 111 114 116 118 119 121 123
a 2 3 6 8 10 12 15 16 19 21 23 25 27 30 32 34 36 38 40 43 45 47 49 51 53 55 57 60 62 64 65 68 70 72 74 76 78 80 82 83 85 87 90 92 94 95 97 99 102 104 106 107 109 111 114 116 118 119 121 123
a 2 3 6 8 10 12 15 16 19 21 23 25 27 30 32 34 36 38 40 43 45 47 49 51 53 55 57 60 62 64 65 67 70 72 74 76 78 80 82 83 85 87 90 92 94 95 97 99 102 104 106 107 109 111 114 116 118 119 121 123
a 2 3 6 8 10 12 15 16 19 21 23 25 27 30 32 34 36 38 40 43 45 47 49 51 53 55 57 60 62 64 65 67 69 72 74 76 78 80 82 83 85 87 90 92 94 95 97 99 102 104 106 107 109 111 114 116 118 119 121 123
a 2 3 6 8 10 12 15 16 19 21 23 25 27 30 32 34 36 38 40 43 45 47 49 51 53 55 58 60 62 64 65 67 69 72 74 76 78 80 82 83 85 87 90 92 94 95 97 99 102 104 106 107 109 111 114 116 118 119 121 123
a 2 3 6 8 10 12 15 16 19 21 23 25 27 30 32 34 36 38 40 43 45 47 49 51 53 56 58 60 62 64 65 67 69 72 74 76 78 80 82 83 85 87 90 92 94 95 97 99 102 104 106 107 109 111 114 116 118 119 121 123
a 2 3 6 8 10 12 15 16 19 21 23 25 27 30 32 34 36 38 40 43 45 47 49 51 54 56 58 60 62 64 65 67 69 72 74 76 78 80 82 83 85 87 90 92 94 95 97 99 102 104 106 107 109 111 114 116 118 119 121 123
a 2 3 7 8 10 12 15 16 19 21 23 25 27 30 32 34 36 38 40 43 45 47 49 51 54 56 58 60 62 64 65 67 69 72 74 76 78 80 82 83 85 87 90 92 94 95 97 99 102 104 106 107 109 111 114 116 118 119 121 123
a 2 3 7 8 10 12 15 16 19 21 23 25 27 30 32 34 36 38 40 43 45 47 49 51 54 56 58 60 62 63 65 67 69 72 74 76 78 80 82 83 85 87 90 92 94 95 97 99 102 104 106 107 109 111 114 116 118 119 121 123
a 2 3 7 8 10 12 15 16 19 21 23 25 27 30 32 34 36 38 40 43 45 47 49 51 54 56 58 60 61 63 65 67 69 72 74 76 78 80 82 83 85 87 90 92 94 95 97 99 102 104 106 107 109 111 114 116 118 119 121 123
a 2 3 7 8 10 12 15 16 19 21 23 25 27 30 32 34 36 38 40 43 45 47 49 51 54 56 58 59 61 63 65 67 69 72 74 76 78 80 82 83 85 87 90 92 94 95 97 99 102 104 106 107 109 111 114 116 118 119 121 123
a 2 5 7 8 10 12 15 16 19 21 23 25 27 30 32 34 36 38 40 43 45 47 49 51 54 56 58 59 61 63 65 67 69 72 74 76 78 80 82 83 85 87 90 92 94 95 97 99 102 104 106 107 109 111 114 116 118 119 121 123
a 1 5 7 8 10 12 15 16 19 21 23 25 27 30 32 34 36 38 40 43 45 47 49 51 54 56 58 59 61 63 65 67 69 72 74 76 78 80 82 83 85 87 90 92 94 95 97 99 102 104 106 107 109 111 114 116 118 119 121 123
a 1 4 7 8 10 12 15 16 19 21 23 25 27 30 32 34 36 38 40 43 45 47 49 51 54 56 58 59 61 63 65 67 69 72 74 76 78 80 82 83 85 87 90 92 94 95 97 99 102 104 106 107 109 111 114 116 118 119 121 123
a 1 4 6 8 10 12 15 16 19 21 23 25 27 30 32 34 36 38 40 43 45 47 49 51 54 56 58 59 61 63 65 67 69 72 74 76 78 80 82 83 85 87 90 92 94 95 97 99 102 104 106 107 109 111 114 116 118 119 121 123
a 1 4 6 8 10 12 15 16 19 21 23 25 27 30 32 34 36 38 40 43 45 47 49 51 54 56 58 59 61 63 65 67 69 72 74 76 78 80 82 83 85 87 89 92 94 95 97 99 102 104 106 107 109 111 114 116 118 119 121 123
a 1 4 6 8 10 12 15 16 19 21 23 25 27 30 32 34 36 38 40 43 45 47 49 51 54 56 58 59 61 63 65 67 69 72 74 76 78 80 82 83 85 87 89 91 94 95 97 99 102 104 106 107 109 111 114 116 118 119 121 123
a 1 4 6 8 10 12 15 16 19 21 23 25 27 30 32 34 36 38 40 43 45 47 49 51 54 56 58 59 61 63 65 67 69 72 74 76 78 80 82 83 85 87 89 91 93 95 97 99 102 104 106 107 109 111 114 116 118 119 121 123
a 1 4 6 8 10 12 15 16 19 21 23 25 27 30 32 34 36 38 40 43 45 47 49 51 54 56 58 59 61 63 65 67 69 72 74 76 78 80 82 83 85 87 89 91 93 96 97 99 102 104 106 107 109 111 114 116 118 119 121 123
a 1 4 6 8 10 12 15 16 19 21 23 25 27 30 32 34 36 38 40 43 45 47 49 51 54 56 58 59 61 63 65 67 69 72 74 76 78 80 82 83 85 87 89 91 93 96 98 99 102 104 106 107 109 111 114 116 118 119 121 123
a 1 4 6 8 10 12 15 16 19 21 23 25 27 30 32 34 36 38 40 43 45 47 49 51 54 56 58 59 61 63 65 67 69 72 74 76 78 80 82 83 85 87 89 91 93 96 98 100 102 104 106 107 109 111 114 116 118 119 121 123
a 1 4 6 8 10 12 15 16 19 21 23 25 27 30 33 34 36 38 40 43 45 47 49 51 54 56 58 59 61 63 65 67 69 72 74 76 78 80 82 83 85 87 89 91 93 96 98 100 102 104 106 107 109 111 114 116 118 119 121 123
a 1 4 6 8 10 12 15 16 19 21 23 25 27 31 33 34 36 38 40 43 45 47 49 51 54 56 58 59 61 63 65 67 69 72 74 76 78 80 82 83 85 87 89 91 93 96 98 100 102 104 106 107 109 111 114 116 118 119 121 123
a 1 4 6 8 10 12 15 16 19 21 23 25 28 31 33 34 36 38 40 43 45 47 49 51 54 56 58 59 61 63 65 67 69 72 74 76 78 80 82 83 85 87 89 91 93 96 98 100 102 104 106 107 109 111 114 116 118 119 121 123
a 1 4 6 8 10 12 15 16 19 21 23 25 28 31 33 34 36 38 40 43 45 47 49 51 54 56 58 59 61 63 65 67 69 72 74 76 78 80 82 84 85 87 89 91 93 96 98 100 102 104 106 107 109 111 114 116 118 119 121 123
a 1 4 6 8 10 12 15 16 19 21 23 25 28 31 33 34 36 38 40 43 45 47 49 51 54 56 58 59 61 63 65 67 69 72 74 76 78 80 82 84 86 87 89 91 93 96 98 100 102 104 106 107 109 111 114 116 118 119 121 123
a 1 4 6 8 10 12 15 16 19 21 23 25 28 31 33 34 36 38 40 43 45 47 49 51 54 56 58 59 61 63 65 67 69 72 74 76 78 80 82 84 86 88 89 91 93 96 98 100 102 104 106 107 109 111 114 116 118 119 121 123
a 1 4 6 8 10 12 15 16 19 21 23 25 28 29 33 34 36 38 40 43 45 47 49 51 54 56 58 59 61 63 65 67 69 72 74 76 78 80 82 84 86 88 89 91 93 96 98 100 102 104 106 107 109 111 114 116 118 119 121 123
a 1 4 6 8 10 12 15 16 19 21 23 25 28 29 32 34 36 38 40 43 45 47 49 51 54 56 58 59 61 63 65 67 69 72 74 76 78 80 82 84 86 88 89 91 93 96 98 100 102 104 106 107 109 111 114 116 118 119 121 123
a 1 4 6 8 10 12 15 16 19 21 23 25 28 29 32 34 36 38 40 43 45 47 49 51 54 56 58 59 61 63 65 67 69 72 74 76 77 80 82 84 86 88 89 91 93 96 98 100 102 104 106 107 109 111 114 116 118 119 121 123
a 1 4 6 8 10 12 15 16 19 21 23 25 28 29 32 34 36 38 40 43 45 47 49 51 54 56 58 59 61 63 65 67 69 72 74 76 77 79 82 84 86 88 89 91 93 96 98 100 102 104 106 107 109 111 114 116 118 119 121 123
a 1 4 6 8 10 12 15 16 19 21 23 25 28 29 32 34 36 38 40 43 45 47 49 51 54 56 58 59 61 63 65 67 69 72 74 76 77 79 81 84 86 88 89 91 93 96 98 100 102 104 106 107 109 111 114 116 118 119 121 123
a 1 4 6 8 10 12 15 16 19 21 23 25 28 29 32 34 36 38 40 43 45 47 49 51 54 56 58 59 61 63 65 67 69 72 74 75 77 79 81 84 86 88 89 91 93 96 98 100 102 104 106 107 109 111 114 116 118 119 121 123
a 1 4 6 8 10 12 15 16 19 21 23 25 28 29 32 34 36 38 40 43 45 47 49 51 54 56 58 59 61 63 65 67 69 72 73 75 77 79 81 84 86 88 89 91 93 96 98 100 102 104 106 107 109 111 114 116 118 119 121 123
a 1 4 6 8 10 12 15 16 19 21 23 25 28 29 32 34 36 38 40 43 45 47 49 51 54 56 58 59 61 63 65 67 69 71 73 75 77 79 81 84 86 88 89 91 93 96 98 100 102 104 106 107 109 111 114 116 118 119 121 123
a 1 4 6 8 10 12 15 16 19 21 23 25 28 29 32 34 36 38 40 43 45 47 49 51 54 56 58 59 61 63 65 67 70 71 73 75 77 79 81 84 86 88 89 91 93 96 98 100 102 104 106 107 109 111 114 116 118 119 121 123
a 1 4 6 8 10 12 15 16 19 21 23 25 28 29 32 34 36 38 40 43 45 47 49 51 54 56 58 59 61 63 65 68 70 71 73 75 77 79 81 84 86 88 89 91 93 96 98 100 102 104 106 107 109 111 114 116 118 119 121 123
a 1 4 6 8 10 12 15 16 19 21 23 25 28 29 32 34 36 38 40 43 45 47 49 51 54 56 58 59 61 63 66 68 70 71 73 75 77 79 81 84 86 88 89 91 93 96 98 100 102 104 106 107 109 111 114 116 118 119 121 123
a 1 4 6 8 10 12 15 16 19 21 23 25 28 29 32 34 36 38 40 43 45 47 49 51 54 56 58 59 61 63 66 68 70 71 73 75 77 79 81 84 86 88 89 91 94 96 98 100 102 104 106 107 109 111 114 116 118 119 121 123
a 1 4 6 8 10 12 15 16 19 21 23 25 28 29 32 34 36 38 40 43 45 47 49 51 54 56 58 59 61 63 66 68 70 71 73 75 77 79 81 84 86 88 89 92 94 96 98 100 102 104 106 107 109 111 114 116 118 119 121 123
a 1 4 6 8 10 12 15 16 19 21 23 25 28 29 32 34 36 38 40 43 45 47 49 51 54 56 58 59 61 63 66 68 70 71 73 75 77 79 81 84 86 88 90 92 94 96 98 100 102 104 106 107 109 111 114 116 118 119 121 123
a 1 4 7 8 10 12 15 16 19 21 23 25 28 29 32 34 36 38 40 43 45 47 49 51 54 56 58 59 61 63 66 68 70 71 73 75 77 79 81 84 86 88 90 92 94 96 98 100 102 104 106 107 109 111 114 116 118 119 121 123
a 1 4 7 8 10 12 15 16 19 21 23 25 28 29 32 34 36 38 40 43 45 47 49 51 54 56 58 59 61 63 66 68 70 71 73 75 77 79 81 84 86 88 90 92 94 96 98 99 102 104 106 107 109 111 114 116 118 119 121 123
a 1 4 7 8 10 12 15 16 19 21 23 25 28 29 32 34 36 38 40 43 45 47 49 51 54 56 58 59 61 63 66 68 70 71 73 75 77 79 81 84 86 88 90 92 94 96 97 99 102 104 106 107 109 111 114 116 118 119 121 123
a 1 4 7 8 10 12 15 16 19 21 23 25 28 29 32 34 36 38 40 43 45 47 49 51 54 56 58 59 61 63 66 68 70 71 73 75 77 79 81 84 86 88 90 92 94 95 97 99 102 104 106 107 109 111 114 116 118 119 121 123
a 1 5 7 8 10 12 15 16 19 21 23 25 28 29 32 34 36 38 40 43 45 47 49 51 54 56 58 59 61 63 66 68 70 71 73 75 77 79 81 84 86 88 90 92 94 95 97 99 102 104 106 107 109 111 114 116 118 119 121 123
a 2 5 7 8 10 12 15 16 19 21 23 25 28 29 32 34 36 38 40 43 45 47 49 51 54 56 58 59 61 63 66 68 70 71 73 75 77 79 81 84 86 88 90 92 94 95 97 99 102 104 106 107 109 111 114 116 118 119 121 123
a 2 3 7 8 10 12 15 16 19 21 23 25 28 29 32 34 36 38 40 43 45 47 49 51 54 56 58 59 61 63 66 68 70 71 73 75 77 79 81 84 86 88 90 92 94 95 97 99 102 104 106 107 109 111 114 116 118 119 121 123
a 2 3 6 8 10 12 15 16 19 21 23 25 28 29 32 34 36 38 40 43 45 47 49 51 54 56 58 59 61 63 66 68 70 71 73 75 77 79 81 84 86 88 90 92 94 95 97 99 102 104 106 107 109 111 114 116 118 119 121 123
a 2 3 6 8 10 12 15 16 19 21 23 25 28 29 32 34 36 38 40 43 45 47 49 51 53 56 58 59 61 63 66 68 70 71 73 75 77 79 81 84 86 88 90 92 94 95 97 99 102 104 106 107 109 111 114 116 118 119 121 123
a 2 3 6 8 10 12 15 16 19 21 23 25 28 29 32 34 36 38 40 43 45 47 49 51 53 55 58 59 61 63 66 68 70 71 73 75 77 79 81 84 86 88 90 92 94 95 97 99 102 104 106 107 109 111 114 116 118 119 121 123
a 2 3 6 8 10 12 15 16 19 21 23 25 28 29 32 34 36 38 40 43 45 47 49 51 53 55 57 59 61 63 66 68 70 71 73 75 77 79 81 84 86 88 90 92 94 95 97 99 102 104 106 107 109 111 114 116 118 119 121 123
a 2 3 6 8 10 12 15 16 19 21 23 25 28 29 32 34 36 38 40 43 45 47 49 51 53 55 57 60 61 63 66 68 70 71 73 75 77 79 81 84 86 88 90 92 94 95 97 99 102 104 106 107 109 111 114 116 118 119 121 123
a 2 3 6 8 10 12 15 16 19 21 23 25 28 29 32 34 36 38 40 43 45 47 49 51 53 55 57 60 62 63 66 68 70 71 73 75 77 79 81 84 86 88 90 92 94 95 97 99 102 104 106 107 109 111 114 116 118 119 121 123
a 2 3 6 8 10 12 15 16 19 21 23 25 28 29 32 34 36 38 40 43 45 47 49 51 53 55 57 60 62 64 66 68 70 71 73 75 77 79 81 84 86 88 90 92 94 95 97 99 102 104 106 107 109 111 114 116 118 119 121 123
a 2 3 6 8 10 12 15 16 20 21 23 25 28 29 32 34 36 38 40 43 45 47 49 51 53 55 57 60 62 64 66 68 70 71 73 75 77 79 81 84 86 88 90 92 94 95 97 99 102 104 106 107 109 111 114 116 118 119 121 123
a 2 3 6 8 10 12 15 18 20 21 23 25 28 29 32 34 36 38 40 43 45 47 49 51 53 55 57 60 62 64 66 68 70 71 73 75 77 79 81 84 86 88 90 92 94 95 97 99 102 104 106 107 109 111 114 116 118 119 121 123
a 2 3 6 8 10 12 14 18 20 21 23 25 28 29 32 34 36 38 40 43 45 47 49 51 53 55 57 60 62 64 66 68 70 71 73 75 77 79 81 84 86 88 90 92 94 95 97 99 102 104 106 107 109 111 114 116 118 119 121 123
a 2 3 6 8 10 12 14 18 20 21 23 25 28 29 32 34 36 38 40 43 45 47 49 51 53 55 57 60 62 64 66 68 70 71 73 75 77 79 81 84 86 88 90 92 94 95 97 99 102 104 106 108 109 111 114 116 118 119 121 123
a 2 3 6 8 10 12 14 18 20 21 23 25 28 29 32 34 36 38 40 43 45 47 49 51 53 55 57 60 62 64 66 68 70 71 73 75 77 79 81 84 86 88 90 92 94 95 97 99 102 104 106 108 110 111 114 116 118 119 121 123
a 2 3 6 8 10 12 14 18 20 21 23 25 28 29 32 34 36 38 40 43 45 47 49 51 53 55 57 60 62 64 66 68 70 71 73 75 77 79 81 84 86 88 90 92 94 95 97 99 102 104 106 108 110 112 114 116 118 119 121 123
a 2 3 6 8 10 12 14 17 20 21 23 25 28 29 32 34 36 38 40 43 45 47 49 51 53 55 57 60 62 64 66 68 70 71 73 75 77 79 81 84 86 88 90 92 94 95 97 99 102 104 106 108 110 112 114 116 118 119 121 123
a 2 3 6 8 10 12 14 17 19 21 23 25 28 29 32 34 36 38 40 43 45 47 49 51 53 55 57 60 62 64 66 68 70 71 73 75 77 79 81 84 86 88 90 92 94 95 97 99 102 104 106 108 110 112 114 116 118 119 121 123
a 2 3 6 8 10 12 14 17 19 21 23 25 28 29 32 34 36 38 40 43 45 47 49 51 53 55 57 60 62 64 66 68 70 71 73 75 77 79 81 84 86 88 90 92 94 95 97 99 101 104 106 108 110 112 114 116 118 119 121 123
a 2 3 6 8 10 12 14 17 19 21 23 25 28 29 32 34 36 38 40 43 45 47 49 51 53 55 57 60 62 64 66 68 70 71 73 75 77 79 81 84 86 88 90 92 94 95 97 99 101 103 106 108 110 112 114 116 118 119 121 123
a 2 3 6 8 10 12 14 17 19 21 23 25 28 29 32 34 36 38 40 43 45 47 49 51 53 55 57 60 62 64 66 68 70 71 73 75 77 79 81 84 86 88 90 92 94 95 97 99 101 103 105 108 110 112 114 116 118 119 121 123
a 2 3 6 8 10 12 14 17 19 21 23 25 28 29 32 34 36 38 40 43 45 47 49 51 53 55 58 60 62 64 66 68 70 71 73 75 77 79 81 84 86 88 90 92 94 95 97 99 101 103 105 108 110 112 114 116 118 119 121 123
a 2 3 6 8 10 12 14 17 19 21 23 25 28 29 32 34 36 38 40 43 45 47 49 51 53 56 58 60 62 64 66 68 70 71 73 75 77 79 81 84 86 88 90 92 94 95 97 99 101 103 105 108 110 112 114 116 118 119 121 123
a 2 3 6 8 10 12 14 17 19 21 23 25 28 29 32 34 36 38 40 43 45 47 49 51 54 56 58 60 62 64 66 68 70 71 73 75 77 79 81 84 86 88 90 92 94 95 97 99 101 103 105 108 110 112 114 116 118 119 121 123
a 2 3 7 8 10 12 14 17 19 21 23 25 28 29 32 34 36 38 40 43 45 47 49 51 54 56 58 60 62 64 66 68 70 71 73 75 77 79 81 84 86 88 90 92 94 95 97 99 101 103 105 108 110 112 114 116 118 119 121 123
a 2 3 7 8 10 12 14 17 19 21 23 25 28 29 32 34 36 38 40 43 45 47 49 51 54 56 58 60 62 63 66 68 70 71 73 75 77 79 81 84 86 88 90 92 94 95 97 99 101 103 105 108 110 112 114 116 118 119 121 123
a 2 3 7 8 10 12 14 17 19 21 23 25 28 29 32 34 36 38 40 43 45 47 49 51 54 56 58 60 61 63 66 68 70 71 73 75 77 79 81 84 86 88 90 92 94 95 97 99 101 103 105 108 110 112 114 116 118 119 121 123
a 2 3 7 8 10 12 14 17 19 21 23 25 28 29 32 34 36 38 40 43 45 47 49 51 54 56 58 59 61 63 66 68 70 71 73 75 77 79 81 84 86 88 90 92 94 95 97 99 101 103 105 108 110 112 114 116 118 119 121 123
a 2 5 7 8 10 12 14 17 19 21 23 25 28 29 32 34 36 38 40 43 45 47 49 51 54 56 58 59 61 63 66 68 70 71 73 75 77 79 81 84 86 88 90 92 94 95 97 99 101 103 105 108 110 112 114 116 118 119 121 123
a 1 5 7 8 10 12 14 17 19 21 23 25 28 29 32 34 36 38 40 43 45 47 49 51 54 56 58 59 61 63 66 68 70 71 73 75 77 79 81 84 86 88 90 92 94 95 97 99 101 103 105 108 110 112 114 116 118 119 121 123
a 1 4 7 8 10 12 14 17 19 21 23 25 28 29 32 34 36 38 40 43 45 47 49 51 54 56 58 59 61 63 66 68 70 71 73 75 77 79 81 84 86 88 90 92 94 95 97 99 101 103 105 108 110 112 114 116 118 119 121 123
a 1 4 6 8 10 12 14 17 19 21 23 25 28 29 32 34 36 38 40 43 45 47 49 51 54 56 58 59 61 63 66 68 70 71 73 75 77 79 81 84 86 88 90 92 94 95 97 99 101 103 105 108 110 112 114 116 118 119 121 123
a 1 4 6 8 10 12 14 17 19 21 23 25 28 29 32 34 36 38 40 43 45 47 49 51 54 56 58 59 61 63 66 68 70 71 73 75 77 79 81 84 86 88 90 92 94 95 97 99 101 103 105 108 110 112 113 116 118 119 121 123
a 1 4 6 8 10 12 14 17 19 21 23 25 28 29 32 34 36 38 40 43 45 47 49 51 54 56 58 59 61 63 66 68 70 71 73 75 77 79 81 84 86 88 90 92 94 95 97 99 101 103 105 108 110 112 113 115 118 119 121 123
a 1 4 6 8 10 12 14 17 19 21 23 25 28 29 32 34 36 38 40 43 45 47 49 51 54 56 58 59 61 63 66 68 70 71 73 75 77 79 81 84 86 88 90 92 94 95 97 99 101 103 105 108 110 112 113 115 117 119 121 123
a 1 4 6 8 10 12 14 17 19 21 23 25 28 29 32 34 36 38 40 43 45 47 49 51 54 56 58 59 61 63 66 68 70 71 73 75 77 79 81 84 86 88 90 92 94 95 97 99 101 103 105 108 110 112 113 115 117 120 121 123
a 1 4 6 8 10 12 14 17 19 21 23 25 28 29 32 34 36 38 40 43 45 47 49 51 54 56 58 59 61 63 66 68 70 71 73 75 77 79 81 84 86 88 90 92 94 95 97 99 101 103 105 108 110 112 113 115 117 120 122 123
a 1 4 6 8 10 12 14 17 19 21 23 25 28 29 32 34 36 38 40 43 45 47 49 51 54 56 58 59 61 63 66 68 70 71 73 75 77 79 81 84 86 88 90 92 94 95 97 99 101 103 105 108 110 112 113 115 117 120 122 124
a 1 4 6 8 10 12 14 17 19 21 23 25 28 29 32 34 36 38 40 43 46 47 49 51 54 56 58 59 61 63 66 68 70 71 73 75 77 79 81 84 86 88 90 92 94 95 97 99 101 103 105 108 110 112 113 115 117 120 122 124
a 1 4 6 8 10 12 14 17 19 21 23 25 28 29 32 34 36 38 40 44 46 47 49 51 54 56 58 59 61 63 66 68 70 71 73 75 77 79 81 84 86 88 90 92 94 95 97 99 101 103 105 108 110 112 113 115 117 120 122 124
a 1 4 6 8 10 12 14 17 19 21 23 25 28 29 32 34 36 38 41 44 46 47 49 51 54 56 58 59 61 63 66 68 70 71 73 75 77 79 81 84 86 88 90 92 94 95 97 99 101 103 105 108 110 112 113 115 117 120 122 124
a 1 4 6 8 10 12 14 17 19 21 23 25 28 29 32 34 36 38 41 42 46 47 49 51 54 56 58 59 61 63 66 68 70 71 73 75 77 79 81 84 86 88 90 92 94 95 97 99 101 103 105 108 110 112 113 115 117 120 122 124
a 1 4 6 8 10 12 14 17 19 21 23 25 28 29 32 34 36 38 41 42 45 47 49 51 54 56 58 59 61 63 66 68 70 71 73 75 77 79 81 84 86 88 90 92 94 95 97 99 101 103 105 108 110 112 113 115 117 120 122 124
a 1 4 6 8 10 12 14 17 19 21 23 25 28 29 32 34 36 38 41 42 45 47 49 51 54 56 58 59 61 63 66 68 70 71 73 75 77 79 81 84 86 87 90 92 94 95 97 99 101 103 105 108 110 112 113 115 117 120 122 124
a 1 4 6 8 10 12 14 17 19 21 23 25 28 29 32 34 36 38 41 42 45 47 49 51 54 56 58 59 61 63 66 68 70 71 73 75 77 79 81 84 85 87 90 92 94 95 97 99 101 103 105 108 110 112 113 115 117 120 122 124
a 1 4 6 8 10 12 14 17 19 21 23 25 28 29 32 34 36 38 41 42 45 47 49 51 54 56 58 59 61 63 66 68 70 71 73 75 77 79 81 83 85 87 90 92 94 95 97 99 101 103 105 108 110 112 113 115 117 120 122 124
a 1 4 6 8 10 12 14 17 19 21 23 25 28 29 32 34 36 38 41 42 45 47 49 51 54 56 58 59 61 63 66 68 70 71 73 75 77 79 82 83 85 87 90 92 94 95 97 99 101 103 105 108 110 112 113 115 117 120 122 124
a 1 4 6 8 10 12 14 17 19 21 23 25 28 29 32 34 36 38 41 42 45 47 49 51 54 56 58 59 61 63 66 68 70 71 73 75 77 80 82 83 85 87 90 92 94 95 97 99 101 103 105 108 110 112 113 115 117 120 122 124
a 1 4 6 8 10 12 14 17 19 21 23 25 28 29 32 34 36 38 41 42 45 47 49 51 54 56 58 59 61 63 66 68 70 71 73 75 78 80 82 83 85 87 90 92 94 95 97 99 101 103 105 108 110 112 113 115 117 120 122 124
a 1 4 6 8 10 12 14 17 19 21 23 25 28 29 32 34 36 38 41 42 45 47 49 51 54 56 58 59 61 63 66 68 70 71 73 75 78 80 82 83 85 87 90 92 94 95 97 99 101 103 105 108 110 111 113 115 117 120 122 124
a 1 4 6 8 10 12 14 17 19 21 23 25 28 29 32 34 36 38 41 42 45 47 49 51 54 56 58 59 61 63 66 68 70 71 73 75 78 80 82 83 85 87 90 92 94 95 97 99 101 103 105 108 109 111 113 115 117 120 122 124
a 1 4 6 8 10 12 14 17 19 21 23 25 28 29 32 34 36 38 41 42 45 47 49 51 54 56 58 59 61 63 66 68 70 71 73 75 78 80 82 83 85 87 90 92 94 95 97 99 101 103 105 107 109 111 113 115 117 120 122 124
a 1 4 6 8 10 12 14 17 19 21 23 25 28 29 32 34 36 38 41 42 45 47 49 51 54 56 58 59 61 63 66 68 70 71 73 75 78 80 82 83 85 87 90 92 94 95 97 99 101 103 106 107 109 111 113 115 117 120 122 124
a 1 4 6 8 10 12 14 17 19 21 23 25 28 29 32 34 36 38 41 42 45 47 49 51 54 56 58 59 61 63 66 68 70 71 73 75 78 80 82 83 85 87 90 92 94 95 97 99 101 104 106 107 109 111 113 115 117 120 122 124
a 1 4 6 8 10 12 14 17 19 21 23 25 28 29 32 34 36 38 41 42 45 47 49 51 54 56 58 59 61 63 66 68 70 71 73 75 78 80 82 83 85 87 90 92 94 95 97 99 102 104 106 107 109 111 113 115 117 120 122 124
a 1 4 6 8 10 12 14 17 19 21 23 25 28 29 32 34 36 38 41 42 45 47 49 51 54 56 58 59 61 63 66 68 70 71 73 75 78 80 82 83 85 87 90 92 94 95 97 99 102 104 106 107 109 111 113 115 118 120 122 124
a 1 4 6 8 10 12 14 17 19 21 23 25 28 29 32 34 36 38 41 42 45 47 49 51 54 56 58 59 61 63 66 68 70 71 73 75 78 80 82 83 85 87 90 92 94 95 97 99 102 104 106 107 109 111 113 116 118 120 122 124
a 1 4 6 8 10 12 14 17 19 21 23 25 28 29 32 34 36 38 41 42 45 47 49 51 54 56 58 59 61 63 66 68 70 71 73 75 78 80 82 83 85 87 90 92 94 95 97 99 102 104 106 107 109 111 114 116 118 120 122 124
a 1 4 7 8 10 12 14 17 19 21 23 25 28 29 32 34 36 38 41 42 45 47 49 51 54 56 58 59 61 63 66 68 70 71 73 75 78 80 82 83 85 87 90 92 94 95 97 99 102 104 106 107 109 111 114 116 118 120 122 124
a 1 4 7 8 10 12 14 17 19 21 23 25 28 29 32 34 36 38 41 42 45 47 49 51 54 56 58 59 61 63 66 68 70 71 73 75 78 80 82 83 85 87 90 92 94 95 97 99 102 104 106 107 109 111 114 116 118 120 122 123
a 1 4 7 8 10 12 14 17 19 21 23 25 28 29 32 34 36 38 41 42 45 47 49 51 54 56 58 59 61 63 66 68 70 71 73 75 78 80 82 83 85 87 90 92 94 95 97 99 102 104 106 107 109 111 114 116 118 120 121 123
a 1 4 7 8 10 12 14 17 19 21 23 25 28 29 32 34 36 38 41 42 45 47 49 51 54 56 58 59 61 63 66 68 70 71 73 75 78 80 82 83 85 87 90 92 94 95 97 99 102 104 106 107 109 111 114 116 118 119 121 123
a 1 5 7 8 10 12 14 17 19 21 23 25 28 29 32 34 36 38 41 42 45 47 49 51 54 56 58 59 61 63 66 68 70 71 73 75 78 80 82 83 85 87 90 92 94 95 97 99 102 104 106 107 109 111 114 116 118 119 121 123
a 2 5 7 8 10 12 14 17 19 21 23 25 28 29 32 34 36 38 41 42 45 47 49 51 54 56 58 59 61 63 66 68 70 71 73 75 78 80 82 83 85 87 90 92 94 95 97 99 102 104 106 107 109 111 114 116 118 119 121 123
a 2 3 7 8 10 12 14 17 19 21 23 25 28 29 32 34 36 38 41 42 45 47 49 51 54 56 58 59 61 63 66 68 70 71 73 75 78 80 82 83 85 87 90 92 94 95 97 99 102 104 106 107 109 111 114 116 118 119 121 123
a 2 3 6 8 10 12 14 17 19 21 23 25 28 29 32 34 36 38 41 42 45 47 49 51 54 56 58 59 61 63 66 68 70 71 73 75 78 80 82 83 85 87 90 92 94 95 97 99 102 104 106 107 109 111 114 116 118 119 121 123
a 2 3 6 8 10 12 14 17 19 21 23 25 28 29 32 34 36 38 41 42 45 47 49 51 53 56 58 59 61 63 66 68 70 71 73 75 78 80 82 83 85 87 90 92 94 95 97 99 102 104 106 107 109 111 114 116 118 119 121 123
a 2 3 6 8 10 12 14 17 19 21 23 25 28 29 32 34 36 38 41 42 45 47 49 51 53 55 58 59 61 63 66 68 70 71 73 75 78 80 82 83 85 87 90 92 94 95 97 99 102 104 106 107 109 111 114 116 118 119 121 123
a 2 3 6 8 10 12 14 17 19 21 23 25 28 29 32 34 36 38 41 42 45 47 49 51 53 55 57 59 61 63 66 68 70 71 73 75 78 80 82 83 85 87 90 92 94 95 97 99 102 104 106 107 109 111 114 116 118 119 121 123
a 2 3 6 8 10 12 14 17 19 21 23 25 28 29 32 34 36 38 41 42 45 47 49 51 53 55 57 60 61 63 66 68 70 71 73 75 78 80 82 83 85 87 90 92 94 95 97 99 102 104 106 107 109 111 114 116 118 119 121 123
a 2 3 6 8 10 12 14 17 19 21 23 25 28 29 32 34 36 38 41 42 45 47 49 51 53 55 57 60 62 63 66 68 70 71 73 75 78 80 82 83 85 87 90 92 94 95 97 99 102 104 106 107 109 111 114 116 118 119 121 123
a 2 3 6 8 10 12 14 17 19 21 23 25 28 29 32 34 36 38 41 42 45 47 49 51 53 55 57 60 62 64 66 68 70 71 73 75 78 80 82 83 85 87 90 92 94 95 97 99 102 104 106 107 109 111 114 116 118 119 121 123
a 2 3 6 8 10 12 14 17 20 21 23 25 28 29 32 34 36 38 41 42 45 47 49 51 53 55 57 60 62 64 66 68 70 71 73 75 78 80 82 83 85 87 90 92 94 95 97 99 102 104 106 107 109 111 114 116 118 119 121 123
a 2 3 6 8 10 12 14 18 20 21 23 25 28 29 32 34 36 38 41 42 45 47 49 51 53 55 57 60 62 64 66 68 70 71 73 75 78 80 82 83 85 87 90 92 94 95 97 99 102 104 106 107 109 111 114 116 118 119 121 123
a 2 3 6 8 10 12 15 18 20 21 23 25 28 29 32 34 36 38 41 42 45 47 49 51 53 55 57 60 62 64 66 68 70 71 73 75 78 80 82 83 85 87 90 92 94 95 97 99 102 104 106 107 109 111 114 116 118 119 121 123
a 2 3 6 8 10 12 15 18 20 21 23 25 28 29 32 34 36 38 41 42 45 47 49 51 53 55 57 60 62 64 66 68 70 72 73 75 78 80 82 83 85 87 90 92 94 95 97 99 102 104 106 107 109 111 114 116 118 119 121 123
a 2 3 6 8 10 12 15 18 20 21 23 25 28 29 32 34 36 38 41 42 45 47 49 51 53 55 57 60 62 64 66 68 70 72 74 75 78 80 82 83 85 87 90 92 94 95 97 99 102 104 106 107 109 111 114 116 118 119 121 123
a 2 3 6 8 10 12 15 18 20 21 23 25 28 29 32 34 36 38 41 42 45 47 49 51 53 55 57 60 62 64 66 68 70 72 74 76 78 80 82 83 85 87 90 92 94 95 97 99 102 104 106 107 109 111 114 116 118 119 121 123
a 2 3 6 8 10 12 15 16 20 21 23 25 28 29 32 34 36 38 41 42 45 47 49 51 53 55 57 60 62 64 66 68 70 72 74 76 78 80 82 83 85 87 90 92 94 95 97 99 102 104 106 107 109 111 114 116 118 119 121 123
a 2 3 6 8 10 12 15 16 19 21 23 25 28 29 32 34 36 38 41 42 45 47 49 51 53 55 57 60 62 64 66 68 70 72 74 76 78 80 82 83 85 87 90 92 94 95 97 99 102 104 106 107 109 111 114 116 118 119 121 123
a 2 3 6 8 10 12 15 16 19 21 23 25 28 29 32 34 36 38 41 42 45 47 49 51 53 55 57 60 62 64 65 68 70 72 74 76 78 80 82 83 85 87 90 92 94 95 97 99 102 104 106 107 109 111 114 116 118 119 121 123
a 2 3 6 8 10 12 15 16 19 21 23 25 28 29 32 34 36 38 41 42 45 47 49 51 53 55 57 60 62 64 65 67 70 72 74 76 78 80 82 83 85 87 90 92 94 95 97 99 102 104 106 107 109 111 114 116 118 119 121 123
a 2 3 6 8 10 12 15 16 19 21 23 25 28 29 32 34 36 38 41 42 45 47 49 51 53 55 57 60 62 64 65 67 69 72 74 76 78 80 82 83 85 87 90 92 94 95 97 99 102 104 106 107 109 111 114 116 118 119 121 123
a 2 3 6 8 10 12 15 16 19 21 23 25 28 29 32 34 36 38 41 42 45 47 49 51 53 55 58 60 62 64 65 67 69 72 74 76 78 80 82 83 85 87 90 92 94 95 97 99 102 104 106 107 109 111 114 116 118 119 121 123
a 2 3 6 8 10 12 15 16 19 21 23 25 28 29 32 34 36 38 41 42 45 47 49 51 53 56 58 60 62 64 65 67 69 72 74 76 78 80 82 83 85 87 90 92 94 95 97 99 102 104 106 107 109 111 114 116 118 119 121 123
a 2 3 6 8 10 12 15 16 19 21 23 25 28 29 32 34 36 38 41 42 45 47 49 51 54 56 58 60 62 64 65 67 69 72 74 76 78 80 82 83 85 87 90 92 94 95 97 99 102 104 106 107 109 111 114 116 118 119 121 123
a 2 3 7 8 10 12 15 16 19 21 23 25 28 29 32 34 36 38 41 42 45 47 49 51 54 56 58 60 62 64 65 67 69 72 74 76 78 80 82 83 85 87 90 92 94 95 97 99 102 104 106 107 109 111 114 116 118 119 121 123
a 2 3 7 8 10 12 15 16 19 21 23 25 28 29 32 34 36 38 41 42 45 47 49 51 54 56 58 60 62 63 65 67 69 72 74 76 78 80 82 83 85 87 90 92 94 95 97 99 102 104 106 107 109 111 114 116 118 119 121 123
a 2 3 7 8 10 12 15 16 19 21 23 25 28 29 32 34 36 38 41 42 45 47 49 51 54 56 58 60 61 63 65 67 69 72 74 76 78 80 82 83 85 87 90 92 94 95 97 99 102 104 106 107 109 111 114 116 118 119 121 123
a 2 3 7 8 10 12 15 16 19 21 23 25 28 29 32 34 36 38 41 42 45 47 49 51 54 56 58 59 61 63 65 67 69 72 74 76 78 80 82 83 85 87 90 92 94 95 97 99 102 104 106 107 109 111 114 116 118 119 121 123
a 2 5 7 8 10 12 15 16 19 21 23 25 28 29 32 34 36 38 41 42 45 47 49 51 54 56 58 59 61 63 65 67 69 72 74 76 78 80 82 83 85 87 90 92 94 95 97 99 102 104 106 107 109 111 114 116 118 119 121 123
a 1 5 7 8 10 12 15 16 19 21 23 25 28 29 32 34 36 38 41 42 45 47 49 51 54 56 58 59 61 63 65 67 69 72 74 76 78 80 82 83 85 87 90 92 94 95 97 99 102 104 106 107 109 111 114 116 118 119 121 123
a 1 4 7 8 10 12 15 16 19 21 23 25 28 29 32 34 36 38 41 42 45 47 49 51 54 56 58 59 61 63 65 67 69 72 74 76 78 80 82 83 85 87 90 92 94 95 97 99 102 104 106 107 109 111 114 116 118 119 121 123
a 1 4 6 8 10 12 15 16 19 21 23 25 28 29 32 34 36 38 41 42 45 47 49 51 54 56 58 59 61 63 65 67 69 72 74 76 78 80 82 83 85 87 90 92 94 95 97 99 102 104 106 107 109 111 114 116 118 119 121 123
a 1 4 6 8 10 12 15 16 19 21 23 25 28 29 32 34 36 38 41 42 45 47 49 51 54 56 58 59 61 63 65 67 69 72 74 76 78 80 82 83 85 87 89 92 94 95 97 99 102 104 106 107 109 111 114 116 118 119 121 123
a 1 4 6 8 10 12 15 16 19 21 23 25 28 29 32 34 36 38 41 42 45 47 49 51 54 56 58 59 61 63 65 67 69 72 74 76 78 80 82 83 85 87 89 91 94 95 97 99 102 104 106 107 109 111 114 116 118 119 121 123
a 1 4 6 8 10 12 15 16 19 21 23 25 28 29 32 34 36 38 41 42 45 47 49 51 54 56 58 59 61 63 65 67 69 72 74 76 78 80 82 83 85 87 89 91 93 95 97 99 102 104 106 107 109 111 114 116 118 119 121 123
a 1 4 6 8 10 12 15 16 19 21 23 25 28 29 32 34 36 38 41 42 45 47 49 51 54 56 58 59 61 63 65 67 69 72 74 76 78 80 82 83 85 87 89 91 93 96 97 99 102 104 106 107 109 111 114 116 118 119 121 123
a 1 4 6 8 10 12 15 16 19 21 23 25 28 29 32 34 36 38 41 42 45 47 49 51 54 56 58 59 61 63 65 67 69 72 74 76 78 80 82 83 85 87 89 91 93 96 98 99 102 104 106 107 109 111 114 116 118 119 121 123
a 1 4 6 8 10 12 15 16 19 21 23 25 28 29 32 34 36 38 41 42 45 47 49 51 54 56 58 59 61 63 65 67 69 72 74 76 78 80 82 83 85 87 89 91 93 96 98 100 102 104 106 107 109 111 114 116 118 119 121 123
a 1 4 6 8 10 12 15 16 19 21 23 25 28 29 33 34 36 38 41 42 45 47 49 51 54 56 58 59 61 63 65 67 69 72 74 76 78 80 82 83 85 87 89 91 93 96 98 100 102 104 106 107 109 111 114 116 118 119 121 123
a 1 4 6 8 10 12 15 16 19 21 23 25 28 31 33 34 36 38 41 42 45 47 49 51 54 56 58 59 61 63 65 67 69 72 74 76 78 80 82 83 85 87 89 91 93 96 98 100 102 104 106 107 109 111 114 116 118 119 121 123
a 1 4 6 8 10 12 15 16 19 21 23 25 27 31 33 34 36 38 41 42 45 47 49 51 54 56 58 59 61 63 65 67 69 72 74 76 78 80 82 83 85 87 89 91 93 96 98 100 102 104 106 107 109 111 114 116 118 119 121 123
a 1 4 6 8 10 12 15 16 19 21 23 25 27 30 33 34 36 38 41 42 45 47 49 51 54 56 58 59 61 63 65 67 69 72 74 76 78 80 82 83 85 87 89 91 93 96 98 100 102 104 106 107 109 111 114 116 118 119 121 123
a 1 4 6 8 10 12 15 16 19 21 23 25 27 30 32 34 36 38 41 42 45 47 49 51 54 56 58 59 61 63 65 67 69 72 74 76 78 80 82 83 85 87 89 91 93 96 98 100 102 104 106 107 109 111 114 116 118 119 121 123
a 1 4 6 8 10 12 15 16 19 21 23 25 27 30 32 34 36 38 41 42 45 47 49 51 54 56 58 59 61 63 65 67 69 72 74 75 78 80 82 83 85 87 89 91 93 96 98 100 102 104 106 107 109 111 114 116 118 119 121 123
a 1 4 6 8 10 12 15 16 19 21 23 25 27 30 32 34 36 38 41 42 45 47 49 51 54 56 58 59 61 63 65 67 69 72 73 75 78 80 82 83 85 87 89 91 93 96 98 100 102 104 106 107 109 111 114 116 118 119 121 123
a 1 4 6 8 10 12 15 16 19 21 23 25 27 30 32 34 36 38 41 42 45 47 49 51 54 56 58 59 61 63 65 67 69 71 73 75 78 80 82 83 85 87 89 91 93 96 98 100 102 104 106 107 109 111 114 116 118 119 121 123
a 1 4 6 8 10 12 15 16 19 21 23 25 27 30 32 34 36 38 41 42 45 47 49 51 54 56 58 59 61 63 65 67 70 71 73 75 78 80 82 83 85 87 89 91 93 96 98 100 102 104 106 107 109 111 114 116 118 119 121 123
a 1 4 6 8 10 12 15 16 19 21 23 25 27 30 32 34 36 38 41 42 45 47 49 51 54 56 58 59 61 63 65 68 70 71 73 75 78 80 82 83 85 87 89 91 93 96 98 100 102 104 106 107 109 111 114 116 118 119 121 123
a 1 4 6 8 10 12 15 16 19 21 23 25 27 30 32 34 36 38 41 42 45 47 49 51 54 56 58 59 61 63 66 68 70 71 73 75 78 80 82 83 85 87 89 91 93 96 98 100 102 104 106 107 109 111 114 116 118 119 121 123
a 1 4 6 8 10 12 15 16 19 21 23 25 27 30 32 34 36 38 41 42 45 47 49 51 54 56 58 59 61 63 66 68 70 71 73 75 78 80 82 83 85 87 89 91 94 96 98 100 102 104 106 107 109 111 114 116 118 119 121 123
a 1 4 6 8 10 12 15 16 19 21 23 25 27 30 32 34 36 38 41 42 45 47 49 51 54 56 58 59 61 63 66 68 70 71 73 75 78 80 82 83 85 87 89 92 94 96 98 100 102 104 106 107 109 111 114 116 118 119 121 123
a 1 4 6 8 10 12 15 16 19 21 23 25 27 30 32 34 36 38 41 42 45 47 49 51 54 56 58 59 61 63 66 68 70 71 73 75 78 80 82 83 85 87 90 92 94 96 98 100 102 104 106 107 109 111 114 116 118 119 121 123
a 1 4 7 8 10 12 15 16 19 21 23 25 27 30 32 34 36 38 41 42 45 47 49 51 54 56 58 59 61 63 66 68 70 71 73 75 78 80 82 83 85 87 90 92 94 96 98 100 102 104 106 107 109 111 114 116 118 119 121 123
a 1 4 7 8 10 12 15 16 19 21 23 25 27 30 32 34 36 38 41 42 45 47 49 51 54 56 58 59 61 63 66 68 70 71 73 75 78 80 82 83 85 87 90 92 94 96 98 99 102 104 106 107 109 111 114 116 118 119 121 123
a 1 4 7 8 10 12 15 16 19 21 23 25 27 30 32 34 36 38 41 42 45 47 49 51 54 56 58 59 61 63 66 68 70 71 73 75 78 80 82 83 85 87 90 92 94 96 97 99 102 104 106 107 109 111 114 116 118 119 121 123
a 1 4 7 8 10 12 15 16 19 21 23 25 27 30 32 34 36 38 41 42 45 47 49 51 54 56 58 59 61 63 66 68 70 71 73 75 78 80 82 83 85 87 90 92 94 95 97 99 102 104 106 107 109 111 114 116 118 119 121 123
a 1 5 7 8 10 12 15 16 19 21 23 25 27 30 32 34 36 38 41 42 45 47 49 51 54 56 58 59 61 63 66 68 70 71 73 75 78 80 82 83 85 87 90 92 94 95 97 99 102 104 106 107 109 111 114 116 118 119 121 123
a 2 5 7 8 10 12 15 16 19 21 23 25 27 30 32 34 36 38 41 42 45 47 49 51 54 56 58 59 61 63 66 68 70 71 73 75 78 80 82 83 85 87 90 92 94 95 97 99 102 104 106 107 109 111 114 116 118 119 121 123
a 2 3 7 8 10 12 15 16 19 21 23 25 27 30 32 34 36 38 41 42 45 47 49 51 54 56 58 59 61 63 66 68 70 71 73 75 78 80 82 83 85 87 90 92 94 95 97 99 102 104 106 107 109 111 114 116 118 119 121 123
a 2 3 6 8 10 12 15 16 19 21 23 25 27 30 32 34 36 38 41 42 45 47 49 51 54 56 58 59 61 63 66 68 70 71 73 75 78 80 82 83 85 87 90 92 94 95 97 99 102 104 106 107 109 111 114 116 118 119 121 123
a 2 3 6 8 10 12 15 16 19 21 23 25 27 30 32 34 36 38 41 42 45 47 49 51 53 56 58 59 61 63 66 68 70 71 73 75 78 80 82 83 85 87 90 92 94 95 97 99 102 104 106 107 109 111 114 116 118 119 121 123
a 2 3 6 8 10 12 15 16 19 21 23 25 27 30 32 34 36 38 41 42 45 47 49 51 53 55 58 59 61 63 66 68 70 71 73 75 78 80 82 83 85 87 90 92 94 95 97 99 102 104 106 107 109 111 114 116 118 119 121 123
a 2 3 6 8 10 12 15 16 19 21 23 25 27 30 32 34 36 38 41 42 45 47 49 51 53 55 57 59 61 63 66 68 70 71 73 75 78 80 82 83 85 87 90 92 94 95 97 99 102 104 106 107 109 111 114 116 118 119 121 123
a 2 3 6 8 10 12 15 16 19 21 23 25 27 30 32 34 36 38 41 42 45 47 49 51 53 55 57 60 61 63 66 68 70 71 73 75 78 80 82 83 85 87 90 92 94 95 97 99 102 104 106 107 109 111 114 116 118 119 121 123
a 2 3 6 8 10 12 15 16 19 21 23 25 27 30 32 34 36 38 41 42 45 47 49 51 53 55 57 60 62 63 66 68 70 71 73 75 78 80 82 83 85 87 90 92 94 95 97 99 102 104 106 107 109 111 114 116 118 119 121 123
a 2 3 6 8 10 12 15 16 19 21 23 25 27 30 32 34 36 38 41 42 45 47 49 51 53 55 57 60 62 64 66 68 70 71 73 75 78 80 82 83 85 87 90 92 94 95 97 99 102 104 106 107 109 111 114 116 118 119 121 123
a 2 3 6 8 10 12 15 16 20 21 23 25 27 30 32 34 36 38 41 42 45 47 49 51 53 55 57 60 62 64 66 68 70 71 73 75 78 80 82 83 85 87 90 92 94 95 97 99 102 104 106 107 109 111 114 116 118 119 121 123
a 2 3 6 8 10 12 15 18 20 21 23 25 27 30 32 34 36 38 41 42 45 47 49 51 53 55 57 60 62 64 66 68 70 71 73 75 78 80 82 83 85 87 90 92 94 95 97 99 102 104 106 107 109 111 114 116 118 119 121 123
a 2 3 6 8 10 12 14 18 20 21 23 25 27 30 32 34 36 38 41 42 45 47 49 51 53 55 57 60 62 64 66 68 70 71 73 75 78 80 82 83 85 87 90 92 94 95 97 99 102 104 106 107 109 111 114 116 118 119 121 123
a 2 3 6 8 10 12 14 17 20 21 23 25 27 30 32 34 36 38 41 42 45 47 49 51 53 55 57 60 62 64 66 68 70 71 73 75 78 80 82 83 85 87 90 92 94 95 97 99 102 104 106 107 109 111 114 116 118 119 121 123
a 2 3 6 8 10 12 14 17 19 21 23 25 27 30 32 34 36 38 41 42 45 47 49 51 53 55 57 60 62 64 66 68 70 71 73 75 78 80 82 83 85 87 90 92 94 95 97 99 102 104 106 107 109 111 114 116 118 119 121 123
a 2 3 6 8 10 12 14 17 19 21 23 25 27 30 32 34 36 38 41 42 45 47 49 51 53 55 58 60 62 64 66 68 70 71 73 75 78 80 82 83 85 87 90 92 94 95 97 99 102 104 106 107 109 111 114 116 118 119 121 123
a 2 3 6 8 10 12 14 17 19 21 23 25 27 30 32 34 36 38 41 42 45 47 49 51 53 56 58 60 62 64 66 68 70 71 73 75 78 80 82 83 85 87 90 92 94 95 97 99 102 104 106 107 109 111 114 116 118 119 121 123
a 2 3 6 8 10 12 14 17 19 21 23 25 27 30 32 34 36 38 41 42 45 47 49 51 54 56 58 60 62 64 66 68 70 71 73 75 78 80 82 83 85 87 90 92 94 95 97 99 102 104 106 107 109 111 114 116 118 119 121 123
a 2 3 7 8 10 12 14 17 19 21 23 25 27 30 32 34 36 38 41 42 45 47 49 51 54 56 58 60 62 64 66 68 70 71 73 75 78 80 82 83 85 87 90 92 94 95 97 99 102 104 106 107 109 111 114 116 118 119 121 123
a 2 3 7 8 10 12 14 17 19 21 23 25 27 30 32 34 36 38 41 42 45 47 49 51 54 56 58 60 62 63 66 68 70 71 73 75 78 80 82 83 85 87 90 92 94 95 97 99 102 104 106 107 109 111 114 116 118 119 121 123
a 2 3 7 8 10 12 14 17 19 21 23 25 27 30 32 34 36 38 41 42 45 47 49 51 54 56 58 60 61 63 66 68 70 71 73 75 78 80 82 83 85 87 90 92 94 95 97 99 102 104 106 107 109 111 114 116 118 119 121 123
a 2 3 7 8 10 12 14 17 19 21 23 25 27 30 32 34 36 38 41 42 45 47 49 51 54 56 58 59 61 63 66 68 70 71 73 75 78 80 82 83 85 87 90 92 94 95 97 99 102 104 106 107 109 111 114 116 118 119 121 123
a 2 5 7 8 10 12 14 17 19 21 23 25 27 30 32 34 36 38 41 42 45 47 49 51 54 56 58 59 61 63 66 68 70 71 73 75 78 80 82 83 85 87 90 92 94 95 97 99 102 104 106 107 109 111 114 116 118 119 121 123
a 1 5 7 8 10 12 14 17 19 21 23 25 27 30 32 34 36 38 41 42 45 47 49 51 54 56 58 59 61 63 66 68 70 71 73 75 78 80 82 83 85 87 90 92 94 95 97 99 102 104 106 107 109 111 114 116 118 119 121 123
a 1 4 7 8 10 12 14 17 19 21 23 25 27 30 32 34 36 38 41 42 45 47 49 51 54 56 58 59 61 63 66 68 70 71 73 75 78 80 82 83 85 87 90 92 94 95 97 99 102 104 106 107 109 111 114 116 118 119 121 123
a 1 4 6 8 10 12 14 17 19 21 23 25 27 30 32 34 36 38 41 42 45 47 49 51 54 56 58 59 61 63 66 68 70 71 73 75 78 80 82 83 85 87 90 92 94 95 97 99 102 104 106 107 109 111 114 116 118 119 121 123
Reconfiguration time = 1.200422
	Command being timed: "timeout 0.5h ../ddreconf/ddreconf ../instances_pw_col/LGC_exp_instance004.pw.col --st --stfile=../benchmark_instances/2023result/docs/solver/benchmark/exp_instance/LGC_exp_instance004_01.dat --tj --indset"
	User time (seconds): 1.19
	System time (seconds): 0.03
	Percent of CPU this job got: 99%
	Elapsed (wall clock) time (h:mm:ss or m:ss): 0:01.22
	Average shared text size (kbytes): 0
	Average unshared data size (kbytes): 0
	Average stack size (kbytes): 0
	Average total size (kbytes): 0
	Maximum resident set size (kbytes): 36080
	Average resident set size (kbytes): 0
	Major (requiring I/O) page faults: 0
	Minor (reclaiming a frame) page faults: 7106
	Voluntary context switches: 4
	Involuntary context switches: 32
	Swaps: 0
	File system inputs: 8
	File system outputs: 104
	Socket messages sent: 0
	Socket messages received: 0
	Signals delivered: 0
	Page size (bytes): 4096
	Exit status: 0
