Input graph file parsed. # of vertices = 13, # of edges = 15
s 1 4 6 8 10 12
t 2 3 6 8 10 12
Solution space ZDD construction start
Solution space ZDD construction end
Solution space ZDD construction time = 0.000263
Solution space ZDD size = 23
# of elements in the solution space = 475
Start searching a reconfiguration sequence from s to t
Step 1 time = 0.000027, # ZDD nodes = 6, # elems = 1
Step 2 time = 0.000015, # ZDD nodes = 11, # elems = 2
Step 3 time = 0.000018, # ZDD nodes = 16, # elems = 3
Step 4 time = 0.000027, # ZDD nodes = 16, # elems = 3
Step 5 time = 0.000019, # ZDD nodes = 14, # elems = 3
t found
a YES
a 1 4 6 8 10 12
a 1 4 7 8 10 12
a 1 5 7 8 10 12
a 2 5 7 8 10 12
a 2 3 7 8 10 12
a 2 3 6 8 10 12
Reconfiguration time = 0.000431
	Command being timed: "timeout 600s ../ddreconf/ddreconf ../benchmark_instances/2023result/docs/solver/benchmark/exp_instance/LGC_exp_instance001.col --st --stfile=../benchmark_instances/2023result/docs/solver/benchmark/exp_instance/LGC_exp_instance001_01.dat --tj --indset"
	User time (seconds): 0.00
	System time (seconds): 0.02
	Percent of CPU this job got: 95%
	Elapsed (wall clock) time (h:mm:ss or m:ss): 0:00.02
	Average shared text size (kbytes): 0
	Average unshared data size (kbytes): 0
	Average stack size (kbytes): 0
	Average total size (kbytes): 0
	Maximum resident set size (kbytes): 32768
	Average resident set size (kbytes): 0
	Major (requiring I/O) page faults: 0
	Minor (reclaiming a frame) page faults: 7499
	Voluntary context switches: 3
	Involuntary context switches: 0
	Swaps: 0
	File system inputs: 0
	File system outputs: 8
	Socket messages sent: 0
	Socket messages received: 0
	Signals delivered: 0
	Page size (bytes): 4096
	Exit status: 0
