Input graph file parsed. # of vertices = 128, # of edges = 3216
s 17 15 34 32 119 106 14 22
t 11 54 34 32 119 106 8 22
Solution space ZDD construction start
Solution space ZDD construction end
Solution space ZDD construction time = 1.148085
Solution space ZDD size = 690
# of elements in the solution space = 2500822
Start searching a reconfiguration sequence from s to t
Step 1 time = 0.000140, # ZDD nodes = 39, # elems = 24
Step 2 time = 0.000419, # ZDD nodes = 70, # elems = 181
Step 3 time = 0.000936, # ZDD nodes = 91, # elems = 502
t found
a YES
a 14 15 17 22 32 34 106 119
a 8 15 17 22 32 34 106 119
a 8 17 22 32 34 54 106 119
a 8 11 22 32 34 54 106 119
Reconfiguration time = 0.002924
	Command being timed: "timeout 0.5h ../ddreconf/ddreconf ../instances_pwwt_col/miles1000.pwwt.col --st --stfile=../benchmark_instances/2023result/docs/solver/benchmark/2022benchmark/benchmark/color04/miles1000_01.dat --tj --indset"
	User time (seconds): 1.11
	System time (seconds): 0.06
	Percent of CPU this job got: 99%
	Elapsed (wall clock) time (h:mm:ss or m:ss): 0:01.18
	Average shared text size (kbytes): 0
	Average unshared data size (kbytes): 0
	Average stack size (kbytes): 0
	Average total size (kbytes): 0
	Maximum resident set size (kbytes): 153204
	Average resident set size (kbytes): 0
	Major (requiring I/O) page faults: 0
	Minor (reclaiming a frame) page faults: 6901
	Voluntary context switches: 3
	Involuntary context switches: 1
	Swaps: 0
	File system inputs: 0
	File system outputs: 8
	Socket messages sent: 0
	Socket messages received: 0
	Signals delivered: 0
	Page size (bytes): 4096
	Exit status: 0
