Input graph file parsed. # of vertices = 128, # of edges = 3216
s 17 15 34 119 106 14 22
t 85 48 121 119 60 8 22
Solution space ZDD construction start
Solution space ZDD construction end
Solution space ZDD construction time = 1.154567
Solution space ZDD size = 690
# of elements in the solution space = 2500822
Start searching a reconfiguration sequence from s to t
Step 1 time = 0.000157, # ZDD nodes = 69, # elems = 55
Step 2 time = 0.000917, # ZDD nodes = 285, # elems = 979
Step 3 time = 0.005639, # ZDD nodes = 524, # elems = 7272
Step 4 time = 0.014750, # ZDD nodes = 725, # elems = 24871
Step 5 time = 0.026712, # ZDD nodes = 750, # elems = 44603
t found
a YES
a 14 15 17 22 34 106 119
a 8 15 17 22 34 106 119
a 8 15 17 22 34 60 119
a 8 15 17 22 60 119 121
a 8 17 22 48 60 119 121
a 8 22 48 60 85 119 121
Reconfiguration time = 0.050948
	Command being timed: "timeout 0.5h ../ddreconf/ddreconf ../instances_pwwt_col/miles1000.pwwt.col --st --stfile=../benchmark_instances/2023result/docs/solver/benchmark/2022benchmark/benchmark/color04/miles1000_02.dat --tj --indset"
	User time (seconds): 1.15
	System time (seconds): 0.07
	Percent of CPU this job got: 99%
	Elapsed (wall clock) time (h:mm:ss or m:ss): 0:01.23
	Average shared text size (kbytes): 0
	Average unshared data size (kbytes): 0
	Average stack size (kbytes): 0
	Average total size (kbytes): 0
	Maximum resident set size (kbytes): 153792
	Average resident set size (kbytes): 0
	Major (requiring I/O) page faults: 0
	Minor (reclaiming a frame) page faults: 7047
	Voluntary context switches: 3
	Involuntary context switches: 0
	Swaps: 0
	File system inputs: 0
	File system outputs: 8
	Socket messages sent: 0
	Socket messages received: 0
	Signals delivered: 0
	Page size (bytes): 4096
	Exit status: 0
