Input graph file parsed. # of vertices = 128, # of edges = 2113
s 3 14 17 22 33 34 40 64 72 106 111 112
t 14 22 34 40 42 87 64 72 95 105 111 112
Solution space ZDD construction start
Solution space ZDD construction end
Solution space ZDD construction time = 152.989224
Solution space ZDD size = 507692
# of elements in the solution space = 245547105
Start searching a reconfiguration sequence from s to t
Step 1 time = 0.000466, # ZDD nodes = 45, # elems = 10
Step 2 time = 0.001220, # ZDD nodes = 86, # elems = 24
Step 3 time = 0.001996, # ZDD nodes = 172, # elems = 90
Step 4 time = 0.004099, # ZDD nodes = 313, # elems = 317
t found
a YES
a 3 14 17 22 33 34 40 64 72 106 111 112
a 3 14 17 22 34 40 64 72 105 106 111 112
a 3 14 17 22 34 40 64 72 95 105 111 112
a 14 17 22 34 40 64 72 87 95 105 111 112
a 14 22 34 40 42 64 72 87 95 105 111 112
Reconfiguration time = 0.010288
	Command being timed: "timeout 600s ../ddreconf/ddreconf ../benchmark_instances/2023result/docs/solver/benchmark/2022benchmark/benchmark/color04/miles750.col --st --stfile=../benchmark_instances/2023result/docs/solver/benchmark/2022benchmark/benchmark/color04/miles750_01.dat --tj --indset"
	User time (seconds): 144.12
	System time (seconds): 8.61
	Percent of CPU this job got: 99%
	Elapsed (wall clock) time (h:mm:ss or m:ss): 2:33.29
	Average shared text size (kbytes): 0
	Average unshared data size (kbytes): 0
	Average stack size (kbytes): 0
	Average total size (kbytes): 0
	Maximum resident set size (kbytes): 16579148
	Average resident set size (kbytes): 0
	Major (requiring I/O) page faults: 0
	Minor (reclaiming a frame) page faults: 450352
	Voluntary context switches: 3
	Involuntary context switches: 192
	Swaps: 0
	File system inputs: 0
	File system outputs: 16
	Socket messages sent: 0
	Socket messages received: 0
	Signals delivered: 0
	Page size (bytes): 4096
	Exit status: 0
