Input graph file parsed. # of vertices = 128, # of edges = 1170
s 121 35 48 112 117 101 27 99 1 119 70 106 84 22 77 104 85
t 34 35 3 32 112 125 14 88 1 119 122 106 111 61 77 49 85
Solution space ZDD construction start
Solution space ZDD construction end
Solution space ZDD construction time = 0.589155
Solution space ZDD size = 6471
# of elements in the solution space = 892734883938
Start searching a reconfiguration sequence from s to t
Step 1 time = 0.000389, # ZDD nodes = 103, # elems = 78
Step 2 time = 0.000967, # ZDD nodes = 373, # elems = 2112
Step 3 time = 0.006476, # ZDD nodes = 986, # elems = 26687
Step 4 time = 0.033169, # ZDD nodes = 1957, # elems = 192837
Step 5 time = 0.068718, # ZDD nodes = 3325, # elems = 907394
Step 6 time = 0.156457, # ZDD nodes = 4977, # elems = 3059546
Step 7 time = 0.281438, # ZDD nodes = 6801, # elems = 8012358
Step 8 time = 0.349292, # ZDD nodes = 8542, # elems = 17447260
Step 9 time = 0.527287, # ZDD nodes = 9792, # elems = 33057164
Step 10 time = 0.544337, # ZDD nodes = 10342, # elems = 54972099
t found
a YES
a 1 22 27 35 48 70 77 84 85 99 101 104 106 112 117 119 121
a 1 22 27 35 48 49 70 77 84 85 99 101 106 112 117 119 121
a 1 27 35 48 49 61 70 77 84 85 99 101 106 112 117 119 121
a 1 27 35 48 49 61 70 77 85 99 101 106 111 112 117 119 121
a 1 27 32 35 49 61 70 77 85 99 101 106 111 112 117 119 121
a 1 3 27 32 35 49 61 77 85 99 101 106 111 112 117 119 121
a 1 3 32 35 49 61 77 85 99 101 106 111 112 117 119 121 122
a 1 3 32 35 49 61 77 85 88 101 106 111 112 117 119 121 122
a 1 3 14 32 35 49 61 77 85 88 106 111 112 117 119 121 122
a 1 3 14 32 35 49 61 77 85 88 106 111 112 119 121 122 125
a 1 3 14 32 34 35 49 61 77 85 88 106 111 112 119 122 125
Reconfiguration time = 1.987011
	Command being timed: "timeout 0.5h ../ddreconf/ddreconf ../instances_pwwt_col/miles500.pwwt.col --st --stfile=../benchmark_instances/2023result/docs/solver/benchmark/2022benchmark/benchmark/color04/miles500_02.dat --tj --indset"
	User time (seconds): 2.51
	System time (seconds): 0.07
	Percent of CPU this job got: 99%
	Elapsed (wall clock) time (h:mm:ss or m:ss): 0:02.59
	Average shared text size (kbytes): 0
	Average unshared data size (kbytes): 0
	Average stack size (kbytes): 0
	Average total size (kbytes): 0
	Maximum resident set size (kbytes): 152524
	Average resident set size (kbytes): 0
	Major (requiring I/O) page faults: 0
	Minor (reclaiming a frame) page faults: 7981
	Voluntary context switches: 3
	Involuntary context switches: 5
	Swaps: 0
	File system inputs: 0
	File system outputs: 8
	Socket messages sent: 0
	Socket messages received: 0
	Signals delivered: 0
	Page size (bytes): 4096
	Exit status: 0
