Input graph file parsed. # of vertices = 128, # of edges = 2113
s 34 17 3 40 112 33 72 64 14 111 22
t 34 87 42 77 72 117 95 64 7 111 22
Solution space ZDD construction start
Solution space ZDD construction end
Solution space ZDD construction time = 0.538015
Solution space ZDD size = 1501
# of elements in the solution space = 245547105
Start searching a reconfiguration sequence from s to t
Step 1 time = 0.000253, # ZDD nodes = 44, # elems = 31
Step 2 time = 0.000633, # ZDD nodes = 162, # elems = 323
Step 3 time = 0.003141, # ZDD nodes = 423, # elems = 1631
Step 4 time = 0.008518, # ZDD nodes = 672, # elems = 5398
Step 5 time = 0.012684, # ZDD nodes = 801, # elems = 15519
Step 6 time = 0.013230, # ZDD nodes = 752, # elems = 32791
t found
a YES
a 3 14 17 22 33 34 40 64 72 111 112
a 3 7 17 22 33 34 40 64 72 111 112
a 3 7 17 22 34 40 64 72 95 111 112
a 3 7 17 22 34 40 64 72 95 111 117
a 3 7 17 22 34 64 72 77 95 111 117
a 7 17 22 34 64 72 77 87 95 111 117
a 7 22 34 42 64 72 77 87 95 111 117
Reconfiguration time = 0.042432
	Command being timed: "timeout 0.5h ../ddreconf/ddreconf ../instances_pw_col/miles750.pw.col --st --stfile=../benchmark_instances/2023result/docs/solver/benchmark/2022benchmark/benchmark/color04/miles750_02.dat --tj --indset"
	User time (seconds): 0.57
	System time (seconds): 0.03
	Percent of CPU this job got: 99%
	Elapsed (wall clock) time (h:mm:ss or m:ss): 0:00.60
	Average shared text size (kbytes): 0
	Average unshared data size (kbytes): 0
	Average stack size (kbytes): 0
	Average total size (kbytes): 0
	Maximum resident set size (kbytes): 74960
	Average resident set size (kbytes): 0
	Major (requiring I/O) page faults: 0
	Minor (reclaiming a frame) page faults: 5248
	Voluntary context switches: 4
	Involuntary context switches: 2
	Swaps: 0
	File system inputs: 8
	File system outputs: 8
	Socket messages sent: 0
	Socket messages received: 0
	Signals delivered: 0
	Page size (bytes): 4096
	Exit status: 0
