Input graph file parsed. # of vertices = 100, # of edges = 166
s 3 6 8 12 16 17 22 25 28 29 34 35 40 41 46 48 52 55 56 59 64 67 68 73 76 77 82 85 86 91 94 97 100
t 2 3 9 12 15 17 21 25 28 29 34 35 39 41 46 48 52 53 56 59 63 65 68 71 76 77 82 84 86 90 94 97 100
Solution space ZDD construction start
Solution space ZDD construction end
Solution space ZDD construction time = 1.265694
Solution space ZDD size = 312529
# of elements in the solution space = 899476914678948928
Start searching a reconfiguration sequence from s to t
Step 1 time = 0.000440, # ZDD nodes = 109, # elems = 32
Step 2 time = 0.001767, # ZDD nodes = 381, # elems = 503
Step 3 time = 0.007867, # ZDD nodes = 1015, # elems = 5176
Step 4 time = 0.040871, # ZDD nodes = 2443, # elems = 39197
Step 5 time = 0.073324, # ZDD nodes = 5217, # elems = 232775
Step 6 time = 0.195416, # ZDD nodes = 10091, # elems = 1127868
Step 7 time = 0.671335, # ZDD nodes = 17922, # elems = 4580350
Step 8 time = 1.684685, # ZDD nodes = 29575, # elems = 15895468
Step 9 time = 2.960073, # ZDD nodes = 46106, # elems = 47837315
Step 10 time = 3.828739, # ZDD nodes = 68400, # elems = 126323067
Step 11 time = 5.669067, # ZDD nodes = 97166, # elems = 295623567
t found
a YES
a 3 6 8 12 16 17 22 25 28 29 34 35 40 41 46 48 52 55 56 59 64 67 68 73 76 77 82 85 86 91 94 97 100
a 3 6 8 12 16 17 22 25 28 29 34 35 40 41 46 48 52 55 56 59 64 67 68 73 76 77 82 85 86 90 94 97 100
a 3 6 8 12 16 17 22 25 28 29 34 35 40 41 46 48 52 55 56 59 64 67 68 73 76 77 82 84 86 90 94 97 100
a 3 6 8 12 16 17 22 25 28 29 34 35 40 41 46 48 52 55 56 59 64 67 68 71 76 77 82 84 86 90 94 97 100
a 3 6 8 12 16 17 22 25 28 29 34 35 40 41 46 48 52 55 56 59 64 65 68 71 76 77 82 84 86 90 94 97 100
a 3 6 8 12 16 17 22 25 28 29 34 35 40 41 46 48 52 55 56 59 63 65 68 71 76 77 82 84 86 90 94 97 100
a 3 6 8 12 16 17 22 25 28 29 34 35 40 41 46 48 52 53 56 59 63 65 68 71 76 77 82 84 86 90 94 97 100
a 3 6 8 12 16 17 22 25 28 29 34 35 39 41 46 48 52 53 56 59 63 65 68 71 76 77 82 84 86 90 94 97 100
a 3 6 8 12 16 17 21 25 28 29 34 35 39 41 46 48 52 53 56 59 63 65 68 71 76 77 82 84 86 90 94 97 100
a 3 6 8 12 15 17 21 25 28 29 34 35 39 41 46 48 52 53 56 59 63 65 68 71 76 77 82 84 86 90 94 97 100
a 3 6 9 12 15 17 21 25 28 29 34 35 39 41 46 48 52 53 56 59 63 65 68 71 76 77 82 84 86 90 94 97 100
a 2 3 9 12 15 17 21 25 28 29 34 35 39 41 46 48 52 53 56 59 63 65 68 71 76 77 82 84 86 90 94 97 100
Reconfiguration time = 15.208029
	Command being timed: "timeout 600s ../ddreconf/ddreconf ../benchmark_instances/2023result/docs/solver/benchmark/2022benchmark/benchmark/color04/mug100_1.col --st --stfile=../benchmark_instances/2023result/docs/solver/benchmark/2022benchmark/benchmark/color04/mug100_1_01.dat --tj --indset"
	User time (seconds): 15.88
	System time (seconds): 0.64
	Percent of CPU this job got: 99%
	Elapsed (wall clock) time (h:mm:ss or m:ss): 0:16.58
	Average shared text size (kbytes): 0
	Average unshared data size (kbytes): 0
	Average stack size (kbytes): 0
	Average total size (kbytes): 0
	Maximum resident set size (kbytes): 563840
	Average resident set size (kbytes): 0
	Major (requiring I/O) page faults: 0
	Minor (reclaiming a frame) page faults: 320522
	Voluntary context switches: 3
	Involuntary context switches: 23
	Swaps: 0
	File system inputs: 0
	File system outputs: 24
	Socket messages sent: 0
	Socket messages received: 0
	Signals delivered: 0
	Page size (bytes): 4096
	Exit status: 0
