Input graph file parsed. # of vertices = 100, # of edges = 166
s 4 7 9 12 15 16 18 22 25 27 34 37 40 43 46 49 50 55 58 61 64 67 68 73 76 79 80 85 88 91 94 97 100
t 4 6 8 11 15 17 21 23 26 29 34 37 40 43 46 49 50 55 56 57 60 64 66 67 68 73 75 78 80 85 91 94 99
Solution space ZDD construction start
Solution space ZDD construction end
Solution space ZDD construction time = 8.303033
Solution space ZDD size = 823723
# of elements in the solution space = 917236423320766528
Start searching a reconfiguration sequence from s to t
Step 1 time = 0.000450, # ZDD nodes = 141, # elems = 34
Step 2 time = 0.002050, # ZDD nodes = 492, # elems = 559
Step 3 time = 0.057924, # ZDD nodes = 1482, # elems = 5932
Step 4 time = 0.032731, # ZDD nodes = 3824, # elems = 45760
Step 5 time = 0.114938, # ZDD nodes = 8812, # elems = 274061
Step 6 time = 0.304306, # ZDD nodes = 18362, # elems = 1329453
Step 7 time = 0.763677, # ZDD nodes = 35120, # elems = 5382678
Step 8 time = 1.752904, # ZDD nodes = 61929, # elems = 18609522
Step 9 time = 4.147816, # ZDD nodes = 101731, # elems = 55952283
Step 10 time = 7.929422, # ZDD nodes = 156991, # elems = 148528407
Step 11 time = 14.958126, # ZDD nodes = 228627, # elems = 352533440
Step 12 time = 24.194987, # ZDD nodes = 315930, # elems = 755995443
Step 13 time = 39.417440, # ZDD nodes = 416015, # elems = 1476898679
Step 14 time = 52.370260, # ZDD nodes = 524710, # elems = 2644426892
Step 15 time = 75.522818, # ZDD nodes = 637290, # elems = 4356936384
t found
a YES
a 4 7 9 12 15 16 18 22 25 27 34 37 40 43 46 49 50 55 58 61 64 67 68 73 76 79 80 85 88 91 94 97 100
a 4 7 9 12 15 16 18 22 25 27 34 37 40 43 46 49 50 55 58 61 64 67 68 73 76 79 80 85 88 91 94 97 99
a 4 7 9 12 15 16 18 22 25 27 34 37 40 43 46 49 50 55 58 61 64 67 68 73 76 78 80 85 88 91 94 97 99
a 4 7 9 12 15 16 18 22 25 27 34 37 40 43 46 49 50 55 58 61 64 67 68 73 75 78 80 85 88 91 94 97 99
a 4 7 9 12 15 16 18 22 25 27 34 37 40 43 46 49 50 55 58 61 64 66 67 68 73 75 78 80 85 91 94 97 99
a 4 7 9 12 15 16 18 22 25 27 34 37 40 43 46 49 50 55 58 60 64 66 67 68 73 75 78 80 85 91 94 97 99
a 4 7 9 12 15 16 18 22 25 27 34 37 40 43 46 49 50 55 56 60 64 66 67 68 73 75 78 80 85 91 94 97 99
a 4 7 9 12 15 16 18 22 25 27 34 37 40 43 46 49 50 55 56 57 60 64 66 67 68 73 75 78 80 85 91 94 99
a 4 7 9 12 15 18 22 25 27 29 34 37 40 43 46 49 50 55 56 57 60 64 66 67 68 73 75 78 80 85 91 94 99
a 4 7 9 12 15 18 22 25 26 29 34 37 40 43 46 49 50 55 56 57 60 64 66 67 68 73 75 78 80 85 91 94 99
a 4 7 9 11 12 15 22 25 26 29 34 37 40 43 46 49 50 55 56 57 60 64 66 67 68 73 75 78 80 85 91 94 99
a 4 7 9 11 12 15 17 22 26 29 34 37 40 43 46 49 50 55 56 57 60 64 66 67 68 73 75 78 80 85 91 94 99
a 4 7 9 11 15 17 22 23 26 29 34 37 40 43 46 49 50 55 56 57 60 64 66 67 68 73 75 78 80 85 91 94 99
a 4 7 9 11 15 17 21 23 26 29 34 37 40 43 46 49 50 55 56 57 60 64 66 67 68 73 75 78 80 85 91 94 99
a 4 7 8 11 15 17 21 23 26 29 34 37 40 43 46 49 50 55 56 57 60 64 66 67 68 73 75 78 80 85 91 94 99
a 4 6 8 11 15 17 21 23 26 29 34 37 40 43 46 49 50 55 56 57 60 64 66 67 68 73 75 78 80 85 91 94 99
Reconfiguration time = 222.193705
	Command being timed: "timeout 600s ../ddreconf/ddreconf ../benchmark_instances/2023result/docs/solver/benchmark/2022benchmark/benchmark/color04/mug100_25.col --st --stfile=../benchmark_instances/2023result/docs/solver/benchmark/2022benchmark/benchmark/color04/mug100_25_01.dat --tj --indset"
	User time (seconds): 225.40
	System time (seconds): 4.54
	Percent of CPU this job got: 99%
	Elapsed (wall clock) time (h:mm:ss or m:ss): 3:50.84
	Average shared text size (kbytes): 0
	Average unshared data size (kbytes): 0
	Average stack size (kbytes): 0
	Average total size (kbytes): 0
	Maximum resident set size (kbytes): 8672444
	Average resident set size (kbytes): 0
	Major (requiring I/O) page faults: 0
	Minor (reclaiming a frame) page faults: 395553
	Voluntary context switches: 3
	Involuntary context switches: 266
	Swaps: 0
	File system inputs: 0
	File system outputs: 72
	Socket messages sent: 0
	Socket messages received: 0
	Signals delivered: 0
	Page size (bytes): 4096
	Exit status: 0
