Input graph file parsed. # of vertices = 100, # of edges = 166
s 4 34 49 7 94 9 76 68 73 27 64 85 79 18 22 12 61 16 100 15 46 37 40 91 55 43 58 97 25 80 50 67 88
t 4 34 49 94 6 75 68 73 8 26 64 85 78 11 21 60 23 17 99 15 29 46 37 40 91 55 43 56 57 80 50 67 66
Solution space ZDD construction start
Solution space ZDD construction end
Solution space ZDD construction time = 0.013080
Solution space ZDD size = 681
# of elements in the solution space = 917236423320766528
Start searching a reconfiguration sequence from s to t
Step 1 time = 0.000344, # ZDD nodes = 102, # elems = 34
Step 2 time = 0.000595, # ZDD nodes = 241, # elems = 559
Step 3 time = 0.001003, # ZDD nodes = 449, # elems = 5932
Step 4 time = 0.002098, # ZDD nodes = 740, # elems = 45760
Step 5 time = 0.003179, # ZDD nodes = 1098, # elems = 274061
Step 6 time = 0.005193, # ZDD nodes = 1511, # elems = 1329453
Step 7 time = 0.006953, # ZDD nodes = 1942, # elems = 5382678
Step 8 time = 0.009006, # ZDD nodes = 2379, # elems = 18609522
Step 9 time = 0.010644, # ZDD nodes = 2801, # elems = 55952283
Step 10 time = 0.012159, # ZDD nodes = 3197, # elems = 148528407
Step 11 time = 0.011797, # ZDD nodes = 3543, # elems = 352533440
Step 12 time = 0.012161, # ZDD nodes = 3835, # elems = 755995443
Step 13 time = 0.013027, # ZDD nodes = 4076, # elems = 1476898679
Step 14 time = 0.012557, # ZDD nodes = 4251, # elems = 2644426892
Step 15 time = 0.010837, # ZDD nodes = 4377, # elems = 4356936384
t found
a YES
a 4 7 9 12 15 16 18 22 25 27 34 37 40 43 46 49 50 55 58 61 64 67 68 73 76 79 80 85 88 91 94 97 100
a 4 7 9 12 15 16 18 22 25 27 34 37 40 43 46 49 50 55 58 61 64 66 67 68 73 76 79 80 85 91 94 97 100
a 4 7 9 12 15 16 18 22 25 27 34 37 40 43 46 49 50 55 56 61 64 66 67 68 73 76 79 80 85 91 94 97 100
a 4 7 9 12 15 16 18 22 25 27 34 37 40 43 46 49 50 55 56 57 61 64 66 67 68 73 76 79 80 85 91 94 100
a 4 7 9 12 15 18 22 25 27 29 34 37 40 43 46 49 50 55 56 57 61 64 66 67 68 73 76 79 80 85 91 94 100
a 4 7 9 12 15 18 22 25 27 29 34 37 40 43 46 49 50 55 56 57 61 64 66 67 68 73 76 79 80 85 91 94 99
a 4 7 9 11 12 15 22 25 27 29 34 37 40 43 46 49 50 55 56 57 61 64 66 67 68 73 76 79 80 85 91 94 99
a 4 7 9 11 12 15 17 22 27 29 34 37 40 43 46 49 50 55 56 57 61 64 66 67 68 73 76 79 80 85 91 94 99
a 4 7 9 11 15 17 22 23 27 29 34 37 40 43 46 49 50 55 56 57 61 64 66 67 68 73 76 79 80 85 91 94 99
a 4 7 9 11 15 17 22 23 27 29 34 37 40 43 46 49 50 55 56 57 60 64 66 67 68 73 76 79 80 85 91 94 99
a 4 7 9 11 15 17 21 23 27 29 34 37 40 43 46 49 50 55 56 57 60 64 66 67 68 73 76 79 80 85 91 94 99
a 4 7 9 11 15 17 21 23 27 29 34 37 40 43 46 49 50 55 56 57 60 64 66 67 68 73 76 78 80 85 91 94 99
a 4 7 9 11 15 17 21 23 26 29 34 37 40 43 46 49 50 55 56 57 60 64 66 67 68 73 76 78 80 85 91 94 99
a 4 7 8 11 15 17 21 23 26 29 34 37 40 43 46 49 50 55 56 57 60 64 66 67 68 73 76 78 80 85 91 94 99
a 4 7 8 11 15 17 21 23 26 29 34 37 40 43 46 49 50 55 56 57 60 64 66 67 68 73 75 78 80 85 91 94 99
a 4 6 8 11 15 17 21 23 26 29 34 37 40 43 46 49 50 55 56 57 60 64 66 67 68 73 75 78 80 85 91 94 99
Reconfiguration time = 0.147292
	Command being timed: "timeout 0.5h ../ddreconf/ddreconf ../instances_pw_col/mug100_25.pw.col --st --stfile=../benchmark_instances/2023result/docs/solver/benchmark/2022benchmark/benchmark/color04/mug100_25_01.dat --tj --indset"
	User time (seconds): 0.16
	System time (seconds): 0.01
	Percent of CPU this job got: 98%
	Elapsed (wall clock) time (h:mm:ss or m:ss): 0:00.17
	Average shared text size (kbytes): 0
	Average unshared data size (kbytes): 0
	Average stack size (kbytes): 0
	Average total size (kbytes): 0
	Maximum resident set size (kbytes): 36084
	Average resident set size (kbytes): 0
	Major (requiring I/O) page faults: 0
	Minor (reclaiming a frame) page faults: 2135
	Voluntary context switches: 4
	Involuntary context switches: 1
	Swaps: 0
	File system inputs: 8
	File system outputs: 8
	Socket messages sent: 0
	Socket messages received: 0
	Signals delivered: 0
	Page size (bytes): 4096
	Exit status: 0
