Input graph file parsed. # of vertices = 88, # of edges = 146
s 3 7 8 11 16 19 22 24 26 29 34 37 40 43 46 49 50 55 58 59 63 67 70 73 76 77 80 85 88
t 3 7 8 11 16 18 21 22 24 26 29 34 37 39 42 46 49 50 55 56 59 63 66 69 73 77 80 85 88
Solution space ZDD construction start
Solution space ZDD construction end
Solution space ZDD construction time = 14.770253
Solution space ZDD size = 1783217
# of elements in the solution space = 6219522864915696
Start searching a reconfiguration sequence from s to t
Step 1 time = 0.000326, # ZDD nodes = 130, # elems = 31
Step 2 time = 0.001648, # ZDD nodes = 409, # elems = 459
Step 3 time = 0.006894, # ZDD nodes = 1175, # elems = 4332
Step 4 time = 0.042663, # ZDD nodes = 2895, # elems = 29344
Step 5 time = 0.080473, # ZDD nodes = 6311, # elems = 152312
Step 6 time = 0.246055, # ZDD nodes = 12426, # elems = 631737
Step 7 time = 0.543458, # ZDD nodes = 22530, # elems = 2156597
t found
a YES
a 3 7 8 11 16 19 22 24 26 29 34 37 40 43 46 49 50 55 58 59 63 67 70 73 76 77 80 85 88
a 3 7 8 11 16 19 22 24 26 29 34 37 40 43 46 49 50 55 58 59 63 67 69 73 76 77 80 85 88
a 3 7 8 11 16 19 22 24 26 29 34 37 40 43 46 49 50 55 58 59 63 66 69 73 76 77 80 85 88
a 3 7 8 11 16 19 22 24 26 29 34 37 40 43 46 49 50 55 56 59 63 66 69 73 76 77 80 85 88
a 3 7 8 11 16 19 22 24 26 29 34 37 40 42 46 49 50 55 56 59 63 66 69 73 76 77 80 85 88
a 3 7 8 11 16 19 22 24 26 29 34 37 39 42 46 49 50 55 56 59 63 66 69 73 76 77 80 85 88
a 3 7 8 11 16 19 21 22 24 26 29 34 37 39 42 46 49 50 55 56 59 63 66 69 73 77 80 85 88
a 3 7 8 11 16 18 21 22 24 26 29 34 37 39 42 46 49 50 55 56 59 63 66 69 73 77 80 85 88
Reconfiguration time = 0.938822
	Command being timed: "timeout 600s ../ddreconf/ddreconf ../benchmark_instances/2023result/docs/solver/benchmark/2022benchmark/benchmark/color04/mug88_25.col --st --stfile=../benchmark_instances/2023result/docs/solver/benchmark/2022benchmark/benchmark/color04/mug88_25_01.dat --tj --indset"
	User time (seconds): 15.39
	System time (seconds): 0.80
	Percent of CPU this job got: 99%
	Elapsed (wall clock) time (h:mm:ss or m:ss): 0:16.28
	Average shared text size (kbytes): 0
	Average unshared data size (kbytes): 0
	Average stack size (kbytes): 0
	Average total size (kbytes): 0
	Maximum resident set size (kbytes): 1108120
	Average resident set size (kbytes): 0
	Major (requiring I/O) page faults: 0
	Minor (reclaiming a frame) page faults: 244900
	Voluntary context switches: 7
	Involuntary context switches: 23
	Swaps: 0
	File system inputs: 0
	File system outputs: 16
	Socket messages sent: 0
	Socket messages received: 0
	Signals delivered: 0
	Page size (bytes): 4096
	Exit status: 0
