Input graph file parsed. # of vertices = 88, # of edges = 146
s 7 19 8 77 3 26 24 43 37 46 85 55 49 80 67 34 11 59 58 22 40 76 50 16 63 70 73 88
t 17 6 10 2 78 4 28 43 35 31 44 83 55 48 81 67 34 11 59 56 20 38 50 16 68 73 74 86
Solution space ZDD construction start
Solution space ZDD construction end
Solution space ZDD construction time = 0.011700
Solution space ZDD size = 1974
# of elements in the solution space = 6219522864915696
Start searching a reconfiguration sequence from s to t
Step 1 time = 0.000250, # ZDD nodes = 117, # elems = 62
Step 2 time = 0.000525, # ZDD nodes = 332, # elems = 1440
Step 3 time = 0.002071, # ZDD nodes = 760, # elems = 19198
Step 4 time = 0.006197, # ZDD nodes = 1527, # elems = 173140
Step 5 time = 0.016766, # ZDD nodes = 2684, # elems = 1150740
Step 6 time = 0.037338, # ZDD nodes = 4235, # elems = 5938186
Step 7 time = 0.074340, # ZDD nodes = 6092, # elems = 24642694
Step 8 time = 0.145239, # ZDD nodes = 8138, # elems = 84366328
Step 9 time = 0.316504, # ZDD nodes = 10207, # elems = 243046618
Step 10 time = 0.753808, # ZDD nodes = 12116, # elems = 598813668
Step 11 time = 2.285355, # ZDD nodes = 13759, # elems = 1279380010
Step 12 time = 1.196619, # ZDD nodes = 15007, # elems = 2399224905
Step 13 time = 2.510703, # ZDD nodes = 15825, # elems = 3990625518
Step 14 time = 5.147590, # ZDD nodes = 16264, # elems = 5937939012
Step 15 time = 16.039956, # ZDD nodes = 16432, # elems = 7955403293
Step 16 time = 27.524343, # ZDD nodes = 16453, # elems = 9637579205
Step 17 time = 40.810868, # ZDD nodes = 16395, # elems = 10579883685
Step 18 time = 51.667408, # ZDD nodes = 16263, # elems = 10525155039
Step 19 time = 40.777888, # ZDD nodes = 16007, # elems = 9466872340
t found
a YES
a 3 7 8 11 16 19 22 24 26 34 37 40 43 46 49 50 55 58 59 63 67 70 73 76 77 80 85 88
a 3 7 8 11 16 19 22 24 26 34 37 40 43 46 49 50 55 56 59 63 67 70 73 76 77 80 85 88
a 3 7 8 11 16 19 20 24 26 34 37 40 43 46 49 50 55 56 59 63 67 70 73 76 77 80 85 88
a 3 7 8 11 16 19 20 24 26 34 37 40 43 46 49 50 55 56 59 63 67 70 73 74 76 77 80 85
a 3 7 8 11 16 19 20 24 26 34 37 40 43 46 49 50 55 56 59 63 67 70 73 74 77 80 85 86
a 3 7 8 11 16 19 20 24 26 34 37 40 43 46 49 50 55 56 59 63 67 68 73 74 77 80 85 86
a 3 7 8 11 16 19 20 24 26 34 37 40 43 46 49 50 55 56 59 63 67 68 73 74 77 81 85 86
a 3 7 8 11 16 19 20 24 26 34 37 40 43 44 49 50 55 56 59 63 67 68 73 74 77 81 85 86
a 3 7 8 11 16 19 20 26 31 34 37 40 43 44 49 50 55 56 59 63 67 68 73 74 77 81 85 86
a 3 7 8 11 16 19 20 28 31 34 37 40 43 44 49 50 55 56 59 63 67 68 73 74 77 81 85 86
a 4 7 8 11 16 19 20 28 31 34 37 40 43 44 49 50 55 56 59 63 67 68 73 74 77 81 85 86
a 4 7 8 11 16 19 20 28 31 34 37 40 43 44 49 50 55 56 59 63 67 68 73 74 78 81 85 86
a 2 4 7 8 11 16 19 20 28 31 34 37 40 43 44 49 50 55 56 59 67 68 73 74 78 81 85 86
a 2 4 7 8 11 16 19 20 28 31 34 37 38 43 44 49 50 55 56 59 67 68 73 74 78 81 85 86
a 2 4 7 8 11 16 19 20 28 31 34 37 38 43 44 48 50 55 56 59 67 68 73 74 78 81 85 86
a 2 4 7 8 11 16 19 20 28 31 34 35 38 43 44 48 50 55 56 59 67 68 73 74 78 81 85 86
a 2 4 7 8 11 16 19 20 28 31 34 35 38 43 44 48 50 55 56 59 67 68 73 74 78 81 83 86
a 2 4 7 10 11 16 19 20 28 31 34 35 38 43 44 48 50 55 56 59 67 68 73 74 78 81 83 86
a 2 4 7 10 11 16 17 20 28 31 34 35 38 43 44 48 50 55 56 59 67 68 73 74 78 81 83 86
a 2 4 6 10 11 16 17 20 28 31 34 35 38 43 44 48 50 55 56 59 67 68 73 74 78 81 83 86
Reconfiguration time = 189.377023
	Command being timed: "timeout 0.5h ../ddreconf/ddreconf ../instances_pwwt_col/mug88_25.pwwt.col --st --stfile=../benchmark_instances/2023result/docs/solver/benchmark/2022benchmark/benchmark/color04/mug88_25_02.dat --tj --indset"
	User time (seconds): 188.53
	System time (seconds): 0.07
	Percent of CPU this job got: 99%
	Elapsed (wall clock) time (h:mm:ss or m:ss): 3:09.40
	Average shared text size (kbytes): 0
	Average unshared data size (kbytes): 0
	Average stack size (kbytes): 0
	Average total size (kbytes): 0
	Maximum resident set size (kbytes): 152380
	Average resident set size (kbytes): 0
	Major (requiring I/O) page faults: 0
	Minor (reclaiming a frame) page faults: 7173
	Voluntary context switches: 3
	Involuntary context switches: 90
	Swaps: 0
	File system inputs: 0
	File system outputs: 56
	Socket messages sent: 0
	Socket messages received: 0
	Signals delivered: 0
	Page size (bytes): 4096
	Exit status: 0
