Input graph file parsed. # of vertices = 88, # of edges = 146
s 7 19 8 77 3 26 24 29 43 37 46 85 55 49 80 67 34 11 59 58 22 40 76 50 16 63 70 73 88
t 7 18 8 77 3 26 24 29 42 37 46 85 55 49 80 66 34 11 59 56 22 39 21 50 16 63 69 73 88
Solution space ZDD construction start
Solution space ZDD construction end
Solution space ZDD construction time = 0.011654
Solution space ZDD size = 1974
# of elements in the solution space = 6219522864915696
Start searching a reconfiguration sequence from s to t
Step 1 time = 0.000230, # ZDD nodes = 88, # elems = 31
Step 2 time = 0.000324, # ZDD nodes = 197, # elems = 459
Step 3 time = 0.000938, # ZDD nodes = 371, # elems = 4332
Step 4 time = 0.001660, # ZDD nodes = 637, # elems = 29344
Step 5 time = 0.003203, # ZDD nodes = 1011, # elems = 152312
Step 6 time = 0.005587, # ZDD nodes = 1496, # elems = 631737
Step 7 time = 0.008288, # ZDD nodes = 2108, # elems = 2156597
t found
a YES
a 3 7 8 11 16 19 22 24 26 29 34 37 40 43 46 49 50 55 58 59 63 67 70 73 76 77 80 85 88
a 3 7 8 11 16 19 22 24 26 29 34 37 40 43 46 49 50 55 58 59 63 67 69 73 76 77 80 85 88
a 3 7 8 11 16 19 21 22 24 26 29 34 37 40 43 46 49 50 55 58 59 63 67 69 73 77 80 85 88
a 3 7 8 11 16 19 21 22 24 26 29 34 37 39 43 46 49 50 55 58 59 63 67 69 73 77 80 85 88
a 3 7 8 11 16 19 21 22 24 26 29 34 37 39 43 46 49 50 55 56 59 63 67 69 73 77 80 85 88
a 3 7 8 11 16 19 21 22 24 26 29 34 37 39 43 46 49 50 55 56 59 63 66 69 73 77 80 85 88
a 3 7 8 11 16 19 21 22 24 26 29 34 37 39 42 46 49 50 55 56 59 63 66 69 73 77 80 85 88
a 3 7 8 11 16 18 21 22 24 26 29 34 37 39 42 46 49 50 55 56 59 63 66 69 73 77 80 85 88
Reconfiguration time = 0.030220
	Command being timed: "timeout 0.5h ../ddreconf/ddreconf ../instances_pwwt_col/mug88_25.pwwt.col --st --stfile=../benchmark_instances/2023result/docs/solver/benchmark/2022benchmark/benchmark/color04/mug88_25_01.dat --tj --indset"
	User time (seconds): 0.04
	System time (seconds): 0.00
	Percent of CPU this job got: 100%
	Elapsed (wall clock) time (h:mm:ss or m:ss): 0:00.05
	Average shared text size (kbytes): 0
	Average unshared data size (kbytes): 0
	Average stack size (kbytes): 0
	Average total size (kbytes): 0
	Maximum resident set size (kbytes): 34036
	Average resident set size (kbytes): 0
	Major (requiring I/O) page faults: 0
	Minor (reclaiming a frame) page faults: 1399
	Voluntary context switches: 3
	Involuntary context switches: 0
	Swaps: 0
	File system inputs: 0
	File system outputs: 8
	Socket messages sent: 0
	Socket messages received: 0
	Signals delivered: 0
	Page size (bytes): 4096
	Exit status: 0
