Input graph file parsed. # of vertices = 88, # of edges = 146
s 8 19 14 38 70 53 73 85 82 50 41 21 28 5 59 65 23 79 76 49 4 45 29 11 33 56 34 88 64
t 8 18 15 40 70 54 73 84 80 50 41 21 28 5 59 1 23 79 76 47 4 45 29 11 33 56 34 88 36
Solution space ZDD construction start
Solution space ZDD construction end
Solution space ZDD construction time = 0.010088
Solution space ZDD size = 455
# of elements in the solution space = 6657407284552416
Start searching a reconfiguration sequence from s to t
Step 1 time = 0.000279, # ZDD nodes = 95, # elems = 28
Step 2 time = 0.000489, # ZDD nodes = 192, # elems = 380
Step 3 time = 0.000663, # ZDD nodes = 325, # elems = 3338
Step 4 time = 0.001079, # ZDD nodes = 490, # elems = 21380
Step 5 time = 0.001631, # ZDD nodes = 692, # elems = 106642
Step 6 time = 0.002467, # ZDD nodes = 938, # elems = 432074
Step 7 time = 0.003065, # ZDD nodes = 1208, # elems = 1465020
Step 8 time = 0.004356, # ZDD nodes = 1463, # elems = 4253249
Step 9 time = 0.004799, # ZDD nodes = 1699, # elems = 10775636
t found
a YES
a 4 5 8 11 14 19 21 23 28 29 33 34 38 41 45 49 50 53 56 59 64 65 70 73 76 79 82 85 88
a 4 5 8 11 14 19 21 23 28 29 33 34 36 38 41 45 49 50 53 56 59 65 70 73 76 79 82 85 88
a 4 5 8 11 14 19 21 23 28 29 33 34 36 38 41 45 47 50 53 56 59 65 70 73 76 79 82 85 88
a 1 4 5 8 11 14 19 21 23 28 29 33 34 36 38 41 45 47 50 53 56 59 70 73 76 79 82 85 88
a 1 4 5 8 11 14 19 21 23 28 29 33 34 36 38 41 45 47 50 53 56 59 70 73 76 79 80 85 88
a 1 4 5 8 11 14 19 21 23 28 29 33 34 36 38 41 45 47 50 53 56 59 70 73 76 79 80 84 88
a 1 4 5 8 11 14 19 21 23 28 29 33 34 36 38 41 45 47 50 54 56 59 70 73 76 79 80 84 88
a 1 4 5 8 11 15 19 21 23 28 29 33 34 36 38 41 45 47 50 54 56 59 70 73 76 79 80 84 88
a 1 4 5 8 11 15 19 21 23 28 29 33 34 36 40 41 45 47 50 54 56 59 70 73 76 79 80 84 88
a 1 4 5 8 11 15 18 21 23 28 29 33 34 36 40 41 45 47 50 54 56 59 70 73 76 79 80 84 88
Reconfiguration time = 0.027804
	Command being timed: "timeout 0.5h ../ddreconf/ddreconf ../instances_pw_col/mug88_1.pw.col --st --stfile=../benchmark_instances/2023result/docs/solver/benchmark/2022benchmark/benchmark/color04/mug88_1_01.dat --tj --indset"
	User time (seconds): 0.04
	System time (seconds): 0.00
	Percent of CPU this job got: 96%
	Elapsed (wall clock) time (h:mm:ss or m:ss): 0:00.05
	Average shared text size (kbytes): 0
	Average unshared data size (kbytes): 0
	Average stack size (kbytes): 0
	Average total size (kbytes): 0
	Maximum resident set size (kbytes): 34036
	Average resident set size (kbytes): 0
	Major (requiring I/O) page faults: 0
	Minor (reclaiming a frame) page faults: 1469
	Voluntary context switches: 4
	Involuntary context switches: 0
	Swaps: 0
	File system inputs: 8
	File system outputs: 8
	Socket messages sent: 0
	Socket messages received: 0
	Signals delivered: 0
	Page size (bytes): 4096
	Exit status: 0
