Input graph file parsed. # of vertices = 88, # of edges = 146
s 8 19 14 38 70 53 85 82 50 41 21 28 5 59 65 23 79 76 49 4 45 29 11 33 56 34 88 64
t 8 19 14 39 53 73 84 80 51 43 27 21 5 59 1 66 24 78 74 47 4 44 31 32 57 35 86 63
Solution space ZDD construction start
Solution space ZDD construction end
Solution space ZDD construction time = 0.009965
Solution space ZDD size = 455
# of elements in the solution space = 6657407284552416
Start searching a reconfiguration sequence from s to t
Step 1 time = 0.000289, # ZDD nodes = 124, # elems = 85
Step 2 time = 0.000658, # ZDD nodes = 321, # elems = 1961
Step 3 time = 0.001410, # ZDD nodes = 634, # elems = 24404
Step 4 time = 0.003961, # ZDD nodes = 1047, # elems = 201794
Step 5 time = 0.006832, # ZDD nodes = 1527, # elems = 1227462
Step 6 time = 0.011767, # ZDD nodes = 2089, # elems = 5836041
Step 7 time = 0.017681, # ZDD nodes = 2672, # elems = 22590935
Step 8 time = 0.023541, # ZDD nodes = 3224, # elems = 73347351
Step 9 time = 0.028299, # ZDD nodes = 3724, # elems = 204459582
Step 10 time = 0.031045, # ZDD nodes = 4151, # elems = 498950128
Step 11 time = 0.030666, # ZDD nodes = 4491, # elems = 1084155033
Step 12 time = 0.030708, # ZDD nodes = 4745, # elems = 2128821422
Step 13 time = 0.027698, # ZDD nodes = 4924, # elems = 3823632114
Step 14 time = 0.025659, # ZDD nodes = 5018, # elems = 6334671138
Step 15 time = 0.020918, # ZDD nodes = 5021, # elems = 9713108280
Step 16 time = 0.016726, # ZDD nodes = 4946, # elems = 13758029589
Step 17 time = 0.013895, # ZDD nodes = 4803, # elems = 17886700730
Step 18 time = 0.011223, # ZDD nodes = 4595, # elems = 21142762166
Step 19 time = 0.009064, # ZDD nodes = 4313, # elems = 22470109652
Step 20 time = 0.006936, # ZDD nodes = 3966, # elems = 21213192159
t found
a YES
a 4 5 8 11 14 19 21 23 28 29 33 34 38 41 45 49 50 53 56 59 64 65 70 76 79 82 85 88
a 4 5 8 11 14 19 21 23 28 29 33 34 38 41 45 49 50 53 56 59 63 65 70 76 79 82 85 88
a 4 5 8 11 14 19 21 23 28 29 33 34 38 41 45 49 50 53 56 59 63 65 70 76 79 82 85 86
a 4 5 8 11 14 19 21 23 28 29 33 35 38 41 45 49 50 53 56 59 63 65 70 76 79 82 85 86
a 4 5 8 11 14 19 21 23 28 29 33 35 38 41 45 49 50 53 57 59 63 65 70 76 79 82 85 86
a 1 4 5 8 11 14 19 21 23 28 29 33 35 38 41 45 49 50 53 57 59 63 70 76 79 82 85 86
a 1 4 5 8 11 14 19 21 23 28 33 35 38 41 45 49 50 53 57 59 63 66 70 76 79 82 85 86
a 1 4 5 8 11 14 19 21 23 28 31 35 38 41 45 49 50 53 57 59 63 66 70 76 79 82 85 86
a 1 4 5 8 14 19 21 23 28 31 32 35 38 41 45 49 50 53 57 59 63 66 70 76 79 82 85 86
a 1 4 5 8 14 19 21 23 28 31 32 35 38 41 44 49 50 53 57 59 63 66 70 76 79 82 85 86
a 1 4 5 8 14 19 21 23 28 31 32 35 38 41 44 47 50 53 57 59 63 66 70 76 79 82 85 86
a 1 4 5 8 14 19 21 23 28 31 32 35 38 41 44 47 50 53 57 59 63 66 70 74 79 82 85 86
a 1 4 5 8 14 19 21 23 28 31 32 35 38 41 44 47 50 53 57 59 63 66 70 74 78 82 85 86
a 1 4 5 8 14 19 21 24 28 31 32 35 38 41 44 47 50 53 57 59 63 66 70 74 78 82 85 86
a 1 4 5 8 14 19 21 24 27 31 32 35 38 41 44 47 50 53 57 59 63 66 70 74 78 82 85 86
a 1 4 5 8 14 19 21 24 27 31 32 35 38 41 43 44 47 53 57 59 63 66 70 74 78 82 85 86
a 1 4 5 8 14 19 21 24 27 31 32 35 38 41 43 44 47 53 57 59 63 66 70 74 78 80 85 86
a 1 4 5 8 14 19 21 24 27 31 32 35 38 43 44 47 51 53 57 59 63 66 70 74 78 80 85 86
a 1 4 5 8 14 19 21 24 27 31 32 35 38 43 44 47 51 53 57 59 63 66 70 74 78 80 84 86
a 1 4 5 8 14 19 21 24 27 31 32 35 38 43 44 47 51 53 57 59 63 66 73 74 78 80 84 86
a 1 4 5 8 14 19 21 24 27 31 32 35 39 43 44 47 51 53 57 59 63 66 73 74 78 80 84 86
Reconfiguration time = 0.363683
	Command being timed: "timeout 0.5h ../ddreconf/ddreconf ../instances_pw_col/mug88_1.pw.col --st --stfile=../benchmark_instances/2023result/docs/solver/benchmark/2022benchmark/benchmark/color04/mug88_1_02.dat --tj --indset"
	User time (seconds): 0.37
	System time (seconds): 0.01
	Percent of CPU this job got: 99%
	Elapsed (wall clock) time (h:mm:ss or m:ss): 0:00.38
	Average shared text size (kbytes): 0
	Average unshared data size (kbytes): 0
	Average stack size (kbytes): 0
	Average total size (kbytes): 0
	Maximum resident set size (kbytes): 37108
	Average resident set size (kbytes): 0
	Major (requiring I/O) page faults: 0
	Minor (reclaiming a frame) page faults: 2654
	Voluntary context switches: 4
	Involuntary context switches: 0
	Swaps: 0
	File system inputs: 8
	File system outputs: 8
	Socket messages sent: 0
	Socket messages received: 0
	Signals delivered: 0
	Page size (bytes): 4096
	Exit status: 0
