Input graph file parsed. # of vertices = 23, # of edges = 71
s 17 19 20 18 21 12 14 13 16 22
t 19 20 18 21 12 15 14 13 16 22
Solution space ZDD construction start
Solution space ZDD construction end
Solution space ZDD construction time = 0.001981
Solution space ZDD size = 198
# of elements in the solution space = 7407
Start searching a reconfiguration sequence from s to t
Step 1 time = 0.000058, # ZDD nodes = 20, # elems = 10
t found
a YES
a 12 13 14 16 17 18 19 20 21 22
a 12 13 14 15 16 18 19 20 21 22
Reconfiguration time = 0.000194
	Command being timed: "timeout 0.5h ../ddreconf/ddreconf ../instances_pwwt_col/myciel4.pwwt.col --st --stfile=../benchmark_instances/2023result/docs/solver/benchmark/2022benchmark/benchmark/color04/myciel4_01.dat --tj --indset"
	User time (seconds): 0.00
	System time (seconds): 0.00
	Percent of CPU this job got: 100%
	Elapsed (wall clock) time (h:mm:ss or m:ss): 0:00.01
	Average shared text size (kbytes): 0
	Average unshared data size (kbytes): 0
	Average stack size (kbytes): 0
	Average total size (kbytes): 0
	Maximum resident set size (kbytes): 33012
	Average resident set size (kbytes): 0
	Major (requiring I/O) page faults: 0
	Minor (reclaiming a frame) page faults: 879
	Voluntary context switches: 3
	Involuntary context switches: 0
	Swaps: 0
	File system inputs: 0
	File system outputs: 8
	Socket messages sent: 0
	Socket messages received: 0
	Signals delivered: 0
	Page size (bytes): 4096
	Exit status: 0
