Input graph file parsed. # of vertices = 165, # of edges = 256
s 1 3 8 11 14 17 20 23 26 29 32 35 38 41 44 47 50 53 56 59 62 65 66 70 74 78 82 86 88 90 92 94 96 98 100 102 104 106 108 110 112 114 116 118 120 122 124 126 128 130 132 134 136 138 140 142 144 146 148 150 152 154 156 158 160 162 164
t 2 4 8 11 14 17 20 23 26 29 32 35 38 41 44 47 50 53 56 59 62 65 66 70 74 78 82 86 88 90 92 94 96 98 100 102 104 106 108 110 112 114 116 118 120 122 124 126 128 130 132 134 136 138 140 142 144 146 148 150 152 154 156 158 160 162 164
Solution space ZDD construction start
Solution space ZDD construction end
Solution space ZDD construction time = 858.542290
Solution space ZDD size = 45443928
# of elements in the solution space = 753738554891557952055688747206339
Start searching a reconfiguration sequence from s to t
Step 1 time = 0.106270, # ZDD nodes = 472, # elems = 74
Step 2 time = 0.371926, # ZDD nodes = 2217, # elems = 2671
Step 3 time = 0.661353, # ZDD nodes = 8522, # elems = 62699
Step 4 time = 0.873236, # ZDD nodes = 27753, # elems = 1076810
Step 5 time = 1.809748, # ZDD nodes = 77563, # elems = 14432155
Step 6 time = 7.449684, # ZDD nodes = 188412, # elems = 157237688
Step 7 time = 27.640860, # ZDD nodes = 403163, # elems = 1432313089
Step 8 time = 93.135583, # ZDD nodes = 770391, # elems = 11135619719
Step 9 time = 263.149813, # ZDD nodes = 1332848, # elems = 75059480371
Step 10 time = 702.426754, # ZDD nodes = 2117585, # elems = 444101059810
Step 11 time = 1423.146026, # ZDD nodes = 3134760, # elems = 2329581202154
Step 12 Command exited with non-zero status 124
	Command being timed: "timeout 1.0h ../ddreconf/ddreconf ../benchmark_instances/2023result/docs/solver/benchmark/ph-isr/ph-05-04.col --st --stfile=../benchmark_instances/2023result/docs/solver/benchmark/ph-isr/ph-05-04_01.dat --tj --indset"
	User time (seconds): 3470.30
	System time (seconds): 116.98
	Percent of CPU this job got: 99%
	Elapsed (wall clock) time (h:mm:ss or m:ss): 1:00:00
	Average shared text size (kbytes): 0
	Average unshared data size (kbytes): 0
	Average stack size (kbytes): 0
	Average total size (kbytes): 0
	Maximum resident set size (kbytes): 138867092
	Average resident set size (kbytes): 0
	Major (requiring I/O) page faults: 0
	Minor (reclaiming a frame) page faults: 28159632
	Voluntary context switches: 5
	Involuntary context switches: 2235
	Swaps: 0
	File system inputs: 8
	File system outputs: 72
	Socket messages sent: 0
	Socket messages received: 0
	Signals delivered: 0
	Page size (bytes): 4096
	Exit status: 124
