Input graph file parsed. # of vertices = 117, # of edges = 182
s 1 3 8 11 14 17 20 23 26 29 32 35 38 41 44 47 50 53 54 58 62 66 70 72 74 76 78 80 82 84 86 88 90 92 94 96 98 100 102 104 106 108 110 112 114 116
t 2 4 8 11 14 17 20 23 26 29 32 35 38 41 44 47 50 53 54 58 62 66 70 72 74 76 78 80 82 84 86 88 90 92 94 96 98 100 102 104 106 108 110 112 114 116
Solution space ZDD construction start
Solution space ZDD construction end
Solution space ZDD construction time = 25.605439
Solution space ZDD size = 2265360
# of elements in the solution space = 74825062231393217887911
Start searching a reconfiguration sequence from s to t
Step 1 time = 0.000344, # ZDD nodes = 305, # elems = 52
Step 2 time = 0.003184, # ZDD nodes = 1303, # elems = 1303
Step 3 time = 0.019164, # ZDD nodes = 4382, # elems = 20972
Step 4 time = 0.095192, # ZDD nodes = 12209, # elems = 243853
Step 5 time = 0.456412, # ZDD nodes = 28937, # elems = 2184390
Step 6 time = 1.792774, # ZDD nodes = 59731, # elems = 15698985
Step 7 time = 6.361120, # ZDD nodes = 109620, # elems = 93086298
Step 8 time = 18.817011, # ZDD nodes = 182282, # elems = 464757486
Step 9 time = 42.955197, # ZDD nodes = 279716, # elems = 1984397570
Step 10 time = 116.479766, # ZDD nodes = 402855, # elems = 7334613134
Step 11 time = 236.435216, # ZDD nodes = 552188, # elems = 23698262384
Step 12 time = 439.861260, # ZDD nodes = 727608, # elems = 67470923954
Step 13 time = 844.341696, # ZDD nodes = 927517, # elems = 170393108298
Step 14 time = 1117.130957, # ZDD nodes = 1147991, # elems = 383817833290
Step 15 Command exited with non-zero status 124
	Command being timed: "timeout 1.0h ../ddreconf/ddreconf ../benchmark_instances/2023result/docs/solver/benchmark/ph-isr/ph-04-04.col --st --stfile=../benchmark_instances/2023result/docs/solver/benchmark/ph-isr/ph-04-04_01.dat --tj --indset"
	User time (seconds): 3567.22
	System time (seconds): 18.53
	Percent of CPU this job got: 99%
	Elapsed (wall clock) time (h:mm:ss or m:ss): 1:00:00
	Average shared text size (kbytes): 0
	Average unshared data size (kbytes): 0
	Average stack size (kbytes): 0
	Average total size (kbytes): 0
	Maximum resident set size (kbytes): 35920092
	Average resident set size (kbytes): 0
	Major (requiring I/O) page faults: 0
	Minor (reclaiming a frame) page faults: 697905
	Voluntary context switches: 5
	Involuntary context switches: 1432
	Swaps: 0
	File system inputs: 8
	File system outputs: 80
	Socket messages sent: 0
	Socket messages received: 0
	Signals delivered: 0
	Page size (bytes): 4096
	Exit status: 124
