Input graph file parsed. # of vertices = 977, # of edges = 1707
s 1 3 8 330 35 332 62 334 89 336 116 338 143 340 342 344 170 197 224 346 348 350 352 354 356 358 360 362 364 366 368 370 372 374 376 378 380 382 384 386 388 390 392 394 396 398 400 11 402 38 404 65 406 92 408 119 410 146 412 414 416 173 200 227 418 420 422 424 426 428 430 432 434 436 438 440 442 444 446 448 450 452 454 456 458 460 462 464 466 468 470 472 14 474 41 476 68 478 95 480 122 482 149 484 486 488 176 203 230 490 492 494 496 498 500 502 504 506 508 510 512 514 516 518 520 522 524 526 528 530 532 534 536 538 540 542 544 17 546 44 548 71 550 98 552 125 554 152 556 558 560 179 206 233 562 564 566 568 570 572 574 576 578 580 582 584 586 588 590 592 594 596 598 600 602 604 606 608 610 612 614 616 20 618 47 620 74 622 101 624 128 626 155 628 630 632 182 209 236 634 636 638 640 642 644 646 648 650 652 654 656 658 660 662 664 666 668 670 672 674 676 678 680 682 684 686 688 23 690 50 692 77 694 104 696 131 698 158 700 702 704 185 212 239 706 708 710 712 714 716 718 720 722 724 726 728 730 732 734 736 738 740 742 744 746 748 750 752 754 756 758 760 26 249 29 32 762 53 258 56 59 764 80 267 83 86 766 107 276 110 113 768 134 285 137 140 770 161 294 164 167 772 774 776 188 215 242 303 191 194 312 218 221 245 321 248 778 780 782 784 786 788 790 792 794 796 798 800 802 804 806 808 810 812 814 816 818 820 822 824 826 828 830 832 834 836 838 840 842 844 846 848 850 852 854 856 858 860 862 864 866 868 870 872 874 876 878 880 882 884 886 888 890 892 894 896 898 900 902 904 906 908 910 912 914 916 918 920 922 924 926 928 930 932 934 936 938 940 942 944 946 948 950 952 954 956 958 960 962 964 966 968 970 972 974 976
t 2 4 8 330 35 332 62 334 89 336 116 338 143 340 342 344 170 197 224 346 348 350 352 354 356 358 360 362 364 366 368 370 372 374 376 378 380 382 384 386 388 390 392 394 396 398 400 11 402 38 404 65 406 92 408 119 410 146 412 414 416 173 200 227 418 420 422 424 426 428 430 432 434 436 438 440 442 444 446 448 450 452 454 456 458 460 462 464 466 468 470 472 14 474 41 476 68 478 95 480 122 482 149 484 486 488 176 203 230 490 492 494 496 498 500 502 504 506 508 510 512 514 516 518 520 522 524 526 528 530 532 534 536 538 540 542 544 17 546 44 548 71 550 98 552 125 554 152 556 558 560 179 206 233 562 564 566 568 570 572 574 576 578 580 582 584 586 588 590 592 594 596 598 600 602 604 606 608 610 612 614 616 20 618 47 620 74 622 101 624 128 626 155 628 630 632 182 209 236 634 636 638 640 642 644 646 648 650 652 654 656 658 660 662 664 666 668 670 672 674 676 678 680 682 684 686 688 23 690 50 692 77 694 104 696 131 698 158 700 702 704 185 212 239 706 708 710 712 714 716 718 720 722 724 726 728 730 732 734 736 738 740 742 744 746 748 750 752 754 756 758 760 26 249 29 32 762 53 258 56 59 764 80 267 83 86 766 107 276 110 113 768 134 285 137 140 770 161 294 164 167 772 774 776 188 215 242 303 191 194 312 218 221 245 321 248 778 780 782 784 786 788 790 792 794 796 798 800 802 804 806 808 810 812 814 816 818 820 822 824 826 828 830 832 834 836 838 840 842 844 846 848 850 852 854 856 858 860 862 864 866 868 870 872 874 876 878 880 882 884 886 888 890 892 894 896 898 900 902 904 906 908 910 912 914 916 918 920 922 924 926 928 930 932 934 936 938 940 942 944 946 948 950 952 954 956 958 960 962 964 966 968 970 972 974 976
Solution space ZDD construction start
Command exited with non-zero status 124
	Command being timed: "timeout 1.0h ../ddreconf/ddreconf ../instances_pwwt_col/ph-09-09.pwwt.col --st --stfile=../benchmark_instances/2023result/docs/solver/benchmark/ph-isr/ph-09-09_01.dat --tj --indset"
	User time (seconds): 3172.49
	System time (seconds): 420.47
	Percent of CPU this job got: 99%
	Elapsed (wall clock) time (h:mm:ss or m:ss): 1:00:05
	Average shared text size (kbytes): 0
	Average unshared data size (kbytes): 0
	Average stack size (kbytes): 0
	Average total size (kbytes): 0
	Maximum resident set size (kbytes): 277037176
	Average resident set size (kbytes): 0
	Major (requiring I/O) page faults: 0
	Minor (reclaiming a frame) page faults: 315803397
	Voluntary context switches: 5
	Involuntary context switches: 2809
	Swaps: 0
	File system inputs: 40
	File system outputs: 8
	Socket messages sent: 0
	Socket messages received: 0
	Signals delivered: 0
	Page size (bytes): 4096
	Exit status: 124
