Input graph file parsed. # of vertices = 869, # of edges = 1482
s 1 3 8 294 32 296 56 298 80 300 104 302 128 304 306 308 152 176 200 310 312 314 316 318 320 322 324 326 328 330 332 334 336 338 340 342 344 346 348 350 352 354 356 358 360 362 364 11 366 35 368 59 370 83 372 107 374 131 376 378 380 155 179 203 382 384 386 388 390 392 394 396 398 400 402 404 406 408 410 412 414 416 418 420 422 424 426 428 430 432 434 436 14 438 38 440 62 442 86 444 110 446 134 448 450 452 158 182 206 454 456 458 460 462 464 466 468 470 472 474 476 478 480 482 484 486 488 490 492 494 496 498 500 502 504 506 508 17 510 41 512 65 514 89 516 113 518 137 520 522 524 161 185 209 526 528 530 532 534 536 538 540 542 544 546 548 550 552 554 556 558 560 562 564 566 568 570 572 574 576 578 580 20 582 44 584 68 586 92 588 116 590 140 592 594 596 164 188 212 598 600 602 604 606 608 610 612 614 616 618 620 622 624 626 628 630 632 634 636 638 640 642 644 646 648 650 652 23 222 26 29 654 47 230 50 53 656 71 238 74 77 658 95 246 98 101 660 119 254 122 125 662 143 262 146 149 664 666 668 167 191 215 270 170 173 278 194 197 218 286 221 670 672 674 676 678 680 682 684 686 688 690 692 694 696 698 700 702 704 706 708 710 712 714 716 718 720 722 724 726 728 730 732 734 736 738 740 742 744 746 748 750 752 754 756 758 760 762 764 766 768 770 772 774 776 778 780 782 784 786 788 790 792 794 796 798 800 802 804 806 808 810 812 814 816 818 820 822 824 826 828 830 832 834 836 838 840 842 844 846 848 850 852 854 856 858 860 862 864 866 868
t 2 4 8 294 32 296 56 298 80 300 104 302 128 304 306 308 152 176 200 310 312 314 316 318 320 322 324 326 328 330 332 334 336 338 340 342 344 346 348 350 352 354 356 358 360 362 364 11 366 35 368 59 370 83 372 107 374 131 376 378 380 155 179 203 382 384 386 388 390 392 394 396 398 400 402 404 406 408 410 412 414 416 418 420 422 424 426 428 430 432 434 436 14 438 38 440 62 442 86 444 110 446 134 448 450 452 158 182 206 454 456 458 460 462 464 466 468 470 472 474 476 478 480 482 484 486 488 490 492 494 496 498 500 502 504 506 508 17 510 41 512 65 514 89 516 113 518 137 520 522 524 161 185 209 526 528 530 532 534 536 538 540 542 544 546 548 550 552 554 556 558 560 562 564 566 568 570 572 574 576 578 580 20 582 44 584 68 586 92 588 116 590 140 592 594 596 164 188 212 598 600 602 604 606 608 610 612 614 616 618 620 622 624 626 628 630 632 634 636 638 640 642 644 646 648 650 652 23 222 26 29 654 47 230 50 53 656 71 238 74 77 658 95 246 98 101 660 119 254 122 125 662 143 262 146 149 664 666 668 167 191 215 270 170 173 278 194 197 218 286 221 670 672 674 676 678 680 682 684 686 688 690 692 694 696 698 700 702 704 706 708 710 712 714 716 718 720 722 724 726 728 730 732 734 736 738 740 742 744 746 748 750 752 754 756 758 760 762 764 766 768 770 772 774 776 778 780 782 784 786 788 790 792 794 796 798 800 802 804 806 808 810 812 814 816 818 820 822 824 826 828 830 832 834 836 838 840 842 844 846 848 850 852 854 856 858 860 862 864 866 868
Solution space ZDD construction start
Command exited with non-zero status 124
	Command being timed: "timeout 1.0h ../ddreconf/ddreconf ../instances_pwwt_col/ph-09-08.pwwt.col --st --stfile=../benchmark_instances/2023result/docs/solver/benchmark/ph-isr/ph-09-08_01.dat --tj --indset"
	User time (seconds): 3145.10
	System time (seconds): 449.30
	Percent of CPU this job got: 99%
	Elapsed (wall clock) time (h:mm:ss or m:ss): 1:00:05
	Average shared text size (kbytes): 0
	Average unshared data size (kbytes): 0
	Average stack size (kbytes): 0
	Average total size (kbytes): 0
	Maximum resident set size (kbytes): 276242728
	Average resident set size (kbytes): 0
	Major (requiring I/O) page faults: 0
	Minor (reclaiming a frame) page faults: 351122700
	Voluntary context switches: 521
	Involuntary context switches: 2639
	Swaps: 0
	File system inputs: 32
	File system outputs: 8
	Socket messages sent: 0
	Socket messages received: 0
	Signals delivered: 0
	Page size (bytes): 4096
	Exit status: 124
