Input graph file parsed. # of vertices = 89, # of edges = 132
s 1 3 8 11 14 17 20 23 26 29 32 35 38 41 42 45 48 51 54 56 58 60 62 64 66 68 70 72 74 76 78 80 82 84 86 88
t 2 4 8 11 14 17 20 23 26 29 32 35 38 41 42 45 48 51 54 56 58 60 62 64 66 68 70 72 74 76 78 80 82 84 86 88
Solution space ZDD construction start
Solution space ZDD construction end
Solution space ZDD construction time = 0.571350
Solution space ZDD size = 108816
# of elements in the solution space = 391184729725936525
Start searching a reconfiguration sequence from s to t
Step 1 time = 0.000236, # ZDD nodes = 195, # elems = 37
Step 2 time = 0.001528, # ZDD nodes = 662, # elems = 654
Step 3 time = 0.007485, # ZDD nodes = 1753, # elems = 7360
Step 4 time = 0.029535, # ZDD nodes = 3851, # elems = 59300
Step 5 time = 0.103494, # ZDD nodes = 7310, # elems = 364690
Step 6 time = 0.446325, # ZDD nodes = 12342, # elems = 1782318
Step 7 time = 1.012019, # ZDD nodes = 18987, # elems = 7115838
Step 8 time = 2.510839, # ZDD nodes = 27231, # elems = 23677289
Step 9 time = 3.900633, # ZDD nodes = 37050, # elems = 66656905
Step 10 time = 7.214618, # ZDD nodes = 48338, # elems = 160630350
Step 11 time = 10.927031, # ZDD nodes = 60774, # elems = 334399358
Step 12 time = 18.033874, # ZDD nodes = 73825, # elems = 605795396
Step 13 time = 20.978604, # ZDD nodes = 86815, # elems = 960563208
Step 14 time = 26.738538, # ZDD nodes = 99059, # elems = 1339190512
Step 15 time = 36.184210, # ZDD nodes = 109929, # elems = 1647343384
Step 16 time = 47.062531, # ZDD nodes = 118887, # elems = 1792400631
Step 17 time = 35.337461, # ZDD nodes = 125549, # elems = 1727721995
Step 18 time = 21.491658, # ZDD nodes = 129731, # elems = 1476294550
Step 19 time = 3.573623, # ZDD nodes = 131584, # elems = 1117832136
Step 20 time = 0.763106, # ZDD nodes = 131399, # elems = 748949112
Step 21 time = 0.273558, # ZDD nodes = 129418, # elems = 442803230
Step 22 time = 0.151590, # ZDD nodes = 125761, # elems = 230027034
Step 23 time = 0.102166, # ZDD nodes = 120127, # elems = 104329482
Step 24 time = 0.085051, # ZDD nodes = 111596, # elems = 40942831
Step 25 time = 0.068466, # ZDD nodes = 98643, # elems = 13726503
Step 26 time = 0.053151, # ZDD nodes = 80108, # elems = 3861006
Step 27 time = 0.034575, # ZDD nodes = 56779, # elems = 887626
Step 28 time = 0.018520, # ZDD nodes = 32810, # elems = 160336
Step 29 time = 0.008457, # ZDD nodes = 14176, # elems = 21352
Step 30 time = 0.003100, # ZDD nodes = 4062, # elems = 1864
Step 31 time = 0.001051, # ZDD nodes = 605, # elems = 80
Step 32 time = 0.000321, # ZDD nodes = 0, # elems = 0
a NO
Reconfiguration time = 237.548036
	Command being timed: "timeout 600s ../ddreconf/ddreconf ../benchmark_instances/2023result/docs/solver/benchmark/ph-isr/ph-04-03.col --st --stfile=../benchmark_instances/2023result/docs/solver/benchmark/ph-isr/ph-04-03_01.dat --tj --indset"
	User time (seconds): 236.09
	System time (seconds): 1.18
	Percent of CPU this job got: 99%
	Elapsed (wall clock) time (h:mm:ss or m:ss): 3:58.17
	Average shared text size (kbytes): 0
	Average unshared data size (kbytes): 0
	Average stack size (kbytes): 0
	Average total size (kbytes): 0
	Maximum resident set size (kbytes): 2143360
	Average resident set size (kbytes): 0
	Major (requiring I/O) page faults: 0
	Minor (reclaiming a frame) page faults: 140305
	Voluntary context switches: 3
	Involuntary context switches: 175
	Swaps: 0
	File system inputs: 0
	File system outputs: 104
	Socket messages sent: 0
	Socket messages received: 0
	Signals delivered: 0
	Page size (bytes): 4096
	Exit status: 0
