Input graph file parsed. # of vertices = 59, # of edges = 87
s 1 3 8 11 14 17 20 23 26 29 32 33 36 39 42 44 46 48 50 52 54 56 58
t 2 4 8 11 14 17 20 23 26 29 32 33 36 39 42 44 46 48 50 52 54 56 58
Solution space ZDD construction start
Solution space ZDD construction end
Solution space ZDD construction time = 0.027223
Solution space ZDD size = 10204
# of elements in the solution space = 279340917727
Start searching a reconfiguration sequence from s to t
Step 1 time = 0.000152, # ZDD nodes = 113, # elems = 24
Step 2 time = 0.000658, # ZDD nodes = 351, # elems = 268
Step 3 time = 0.002357, # ZDD nodes = 842, # elems = 1853
Step 4 time = 0.007896, # ZDD nodes = 1659, # elems = 8907
Step 5 time = 0.021268, # ZDD nodes = 2834, # elems = 31683
Step 6 time = 0.048050, # ZDD nodes = 4339, # elems = 86677
Step 7 time = 0.092788, # ZDD nodes = 6099, # elems = 187107
Step 8 time = 0.201847, # ZDD nodes = 7997, # elems = 324362
Step 9 time = 0.502646, # ZDD nodes = 9901, # elems = 457021
Step 10 time = 0.975505, # ZDD nodes = 11622, # elems = 527357
Step 11 time = 1.116263, # ZDD nodes = 12923, # elems = 500188
Step 12 time = 1.529427, # ZDD nodes = 13637, # elems = 389874
Step 13 time = 1.812381, # ZDD nodes = 13586, # elems = 248570
Step 14 time = 0.624837, # ZDD nodes = 12552, # elems = 128274
Step 15 time = 0.082254, # ZDD nodes = 10475, # elems = 52566
Step 16 time = 0.022521, # ZDD nodes = 7479, # elems = 16564
Step 17 time = 0.006744, # ZDD nodes = 4222, # elems = 3812
Step 18 time = 0.003883, # ZDD nodes = 2101, # elems = 652
Step 19 time = 0.007492, # ZDD nodes = 1945, # elems = 514
Step 20 time = 0.024863, # ZDD nodes = 3707, # elems = 2184
Step 21 time = 0.089206, # ZDD nodes = 7099, # elems = 8136
Step 22 time = 0.217512, # ZDD nodes = 11955, # elems = 25398
Step 23 time = 0.538030, # ZDD nodes = 18440, # elems = 67818
Step 24 time = 1.724602, # ZDD nodes = 26999, # elems = 155472
Step 25 time = 2.721270, # ZDD nodes = 38255, # elems = 303495
Step 26 time = 6.873525, # ZDD nodes = 50438, # elems = 493521
Step 27 time = 9.814877, # ZDD nodes = 59034, # elems = 640881
Step 28 time = 10.897887, # ZDD nodes = 59655, # elems = 621999
Step 29 time = 4.600749, # ZDD nodes = 50515, # elems = 417420
Step 30 time = 3.315874, # ZDD nodes = 32646, # elems = 178713
Step 31 time = 1.213263, # ZDD nodes = 13885, # elems = 44295
t found
a YES
a 1 3 8 11 14 17 20 23 26 29 32 33 36 39 42 44 46 48 50 52 54 56 58
a 1 3 8 11 14 17 20 23 26 29 32 33 36 39 42 44 46 48 50 52 54 56 59
a 1 3 8 11 14 17 20 22 26 29 32 33 36 39 42 44 46 48 50 52 54 56 59
a 1 3 8 11 14 17 20 22 26 28 32 33 36 39 42 44 46 48 50 52 54 56 59
a 1 3 8 11 14 17 20 22 26 28 32 33 36 39 42 45 46 48 50 52 54 56 59
a 1 3 8 11 14 17 20 22 26 28 32 33 36 39 43 45 46 48 50 52 54 56 59
a 1 3 7 11 14 17 20 22 26 28 32 33 36 39 43 45 46 48 50 52 54 56 59
a 1 3 7 11 14 17 20 22 26 28 30 33 36 39 43 45 46 48 50 52 54 56 59
a 1 3 7 11 14 17 20 22 26 28 30 33 36 40 43 45 46 48 50 52 54 56 59
a 1 3 7 11 14 17 20 22 24 28 30 33 36 40 43 45 46 48 50 52 54 56 59
a 1 3 7 11 14 17 20 22 24 28 30 33 38 40 43 45 46 48 50 52 54 56 59
a 1 3 7 11 14 17 18 22 24 28 30 33 38 40 43 45 46 48 50 52 54 56 59
a 1 3 7 11 14 15 18 22 24 28 30 33 38 40 43 45 46 48 50 52 54 56 59
a 1 3 7 11 12 15 18 22 24 28 30 33 38 40 43 45 46 48 50 52 54 56 59
a 1 3 7 9 12 15 18 22 24 28 30 33 38 40 43 45 46 48 50 52 54 56 59
a 1 5 7 9 12 15 18 22 24 28 30 33 38 40 43 45 46 48 50 52 54 56 59
a 2 5 7 9 12 15 18 22 24 28 30 33 38 40 43 45 46 48 50 52 54 56 59
a 2 4 7 9 12 15 18 22 24 28 30 33 38 40 43 45 46 48 50 52 54 56 59
a 2 4 7 9 12 15 18 23 24 28 30 33 38 40 43 45 46 48 50 52 54 56 59
a 2 4 7 9 12 15 18 23 24 28 30 33 38 40 43 45 46 48 50 52 54 56 58
a 2 4 8 9 12 15 18 23 24 28 30 33 38 40 43 45 46 48 50 52 54 56 58
a 2 4 8 9 12 15 18 23 24 28 30 33 38 40 43 44 46 48 50 52 54 56 58
a 2 4 8 9 12 15 18 23 24 28 30 33 38 40 42 44 46 48 50 52 54 56 58
a 2 4 8 9 12 15 18 23 26 28 30 33 38 40 42 44 46 48 50 52 54 56 58
a 2 4 8 9 12 15 18 23 26 28 30 33 38 39 42 44 46 48 50 52 54 56 58
a 2 4 8 9 12 17 18 23 26 28 30 33 38 39 42 44 46 48 50 52 54 56 58
a 2 4 8 9 12 17 18 23 26 28 30 33 36 39 42 44 46 48 50 52 54 56 58
a 2 4 8 9 12 17 18 23 26 28 32 33 36 39 42 44 46 48 50 52 54 56 58
a 2 4 8 9 12 17 18 23 26 29 32 33 36 39 42 44 46 48 50 52 54 56 58
a 2 4 8 9 12 17 20 23 26 29 32 33 36 39 42 44 46 48 50 52 54 56 58
a 2 4 8 9 14 17 20 23 26 29 32 33 36 39 42 44 46 48 50 52 54 56 58
a 2 4 8 11 14 17 20 23 26 29 32 33 36 39 42 44 46 48 50 52 54 56 58
Reconfiguration time = 49.217169
	Command being timed: "timeout 600s ../ddreconf/ddreconf ../benchmark_instances/2023result/docs/solver/benchmark/ph-isr/ph-03-03.col --st --stfile=../benchmark_instances/2023result/docs/solver/benchmark/ph-isr/ph-03-03_01.dat --tj --indset"
	User time (seconds): 47.93
	System time (seconds): 1.08
	Percent of CPU this job got: 99%
	Elapsed (wall clock) time (h:mm:ss or m:ss): 0:49.27
	Average shared text size (kbytes): 0
	Average unshared data size (kbytes): 0
	Average stack size (kbytes): 0
	Average total size (kbytes): 0
	Maximum resident set size (kbytes): 1148876
	Average resident set size (kbytes): 0
	Major (requiring I/O) page faults: 0
	Minor (reclaiming a frame) page faults: 370442
	Voluntary context switches: 5
	Involuntary context switches: 67
	Swaps: 0
	File system inputs: 0
	File system outputs: 64
	Socket messages sent: 0
	Socket messages received: 0
	Signals delivered: 0
	Page size (bytes): 4096
	Exit status: 0
