Input graph file parsed. # of vertices = 495, # of edges = 839
s 1 3 8 202 29 204 50 206 71 208 210 212 92 113 134 214 216 218 220 222 224 226 228 230 232 234 236 238 240 242 11 244 32 246 53 248 74 250 252 254 95 116 137 256 258 260 262 264 266 268 270 272 274 276 278 280 282 284 14 286 35 288 56 290 77 292 294 296 98 119 140 298 300 302 304 306 308 310 312 314 316 318 320 322 324 326 17 328 38 330 59 332 80 334 336 338 101 122 143 340 342 344 346 348 350 352 354 356 358 360 362 364 366 368 20 153 23 26 370 41 160 44 47 372 62 167 65 68 374 83 174 86 89 376 378 380 104 125 146 181 107 110 188 128 131 149 195 152 382 384 386 388 390 392 394 396 398 400 402 404 406 408 410 412 414 416 418 420 422 424 426 428 430 432 434 436 438 440 442 444 446 448 450 452 454 456 458 460 462 464 466 468 470 472 474 476 478 480 482 484 486 488 490 492 494
t 2 4 8 202 29 204 50 206 71 208 210 212 92 113 134 214 216 218 220 222 224 226 228 230 232 234 236 238 240 242 11 244 32 246 53 248 74 250 252 254 95 116 137 256 258 260 262 264 266 268 270 272 274 276 278 280 282 284 14 286 35 288 56 290 77 292 294 296 98 119 140 298 300 302 304 306 308 310 312 314 316 318 320 322 324 326 17 328 38 330 59 332 80 334 336 338 101 122 143 340 342 344 346 348 350 352 354 356 358 360 362 364 366 368 20 153 23 26 370 41 160 44 47 372 62 167 65 68 374 83 174 86 89 376 378 380 104 125 146 181 107 110 188 128 131 149 195 152 382 384 386 388 390 392 394 396 398 400 402 404 406 408 410 412 414 416 418 420 422 424 426 428 430 432 434 436 438 440 442 444 446 448 450 452 454 456 458 460 462 464 466 468 470 472 474 476 478 480 482 484 486 488 490 492 494
Solution space ZDD construction start
Command exited with non-zero status 124
	Command being timed: "timeout 1.0h ../ddreconf/ddreconf ../instances_pwwt_col/ph-07-07.pwwt.col --st --stfile=../benchmark_instances/2023result/docs/solver/benchmark/ph-isr/ph-07-07_01.dat --tj --indset"
	User time (seconds): 3238.18
	System time (seconds): 355.82
	Percent of CPU this job got: 99%
	Elapsed (wall clock) time (h:mm:ss or m:ss): 1:00:05
	Average shared text size (kbytes): 0
	Average unshared data size (kbytes): 0
	Average stack size (kbytes): 0
	Average total size (kbytes): 0
	Maximum resident set size (kbytes): 274533688
	Average resident set size (kbytes): 0
	Major (requiring I/O) page faults: 0
	Minor (reclaiming a frame) page faults: 232094134
	Voluntary context switches: 229
	Involuntary context switches: 5744
	Swaps: 0
	File system inputs: 24
	File system outputs: 8
	Socket messages sent: 0
	Socket messages received: 0
	Signals delivered: 0
	Page size (bytes): 4096
	Exit status: 124
