Input graph file parsed. # of vertices = 49, # of edges = 476
s 3 21 41 23 32 43
t 15 25 12 35 2 45
Solution space ZDD construction start
Solution space ZDD construction end
Solution space ZDD construction time = 0.485685
Solution space ZDD size = 3463
# of elements in the solution space = 16870
Start searching a reconfiguration sequence from s to t
Step 1 time = 0.000054, # ZDD nodes = 15, # elems = 7
Step 2 time = 0.000116, # ZDD nodes = 22, # elems = 6
Step 3 time = 0.000203, # ZDD nodes = 30, # elems = 7
Step 4 time = 0.000265, # ZDD nodes = 63, # elems = 16
Step 5 time = 0.000533, # ZDD nodes = 93, # elems = 25
Step 6 time = 0.000886, # ZDD nodes = 142, # elems = 43
Step 7 time = 0.001761, # ZDD nodes = 205, # elems = 71
Step 8 time = 0.005700, # ZDD nodes = 280, # elems = 107
Step 9 time = 0.003948, # ZDD nodes = 346, # elems = 139
Step 10 time = 0.005379, # ZDD nodes = 377, # elems = 152
Step 11 time = 0.010609, # ZDD nodes = 297, # elems = 113
t found
a YES
a 3 21 23 32 41 43
a 3 12 21 23 32 41
a 3 12 21 22 32 41
a 3 12 21 22 41 44
a 3 12 21 29 41 44
a 3 12 21 25 29 44
a 3 12 21 25 29 48
a 12 21 25 29 38 48
a 2 12 21 25 38 48
a 2 12 25 35 38 48
a 2 12 15 25 35 38
a 2 12 15 25 35 45
Reconfiguration time = 0.031481
	Command being timed: "timeout 0.5h ../ddreconf/ddreconf ../instances_pwwt_col/queen7_7.pwwt.col --st --stfile=../benchmark_instances/2023result/docs/solver/benchmark/2022benchmark/benchmark/color04/queen7_7_01.dat --tj --indset"
	User time (seconds): 0.49
	System time (seconds): 0.03
	Percent of CPU this job got: 99%
	Elapsed (wall clock) time (h:mm:ss or m:ss): 0:00.53
	Average shared text size (kbytes): 0
	Average unshared data size (kbytes): 0
	Average stack size (kbytes): 0
	Average total size (kbytes): 0
	Maximum resident set size (kbytes): 73436
	Average resident set size (kbytes): 0
	Major (requiring I/O) page faults: 0
	Minor (reclaiming a frame) page faults: 5838
	Voluntary context switches: 3
	Involuntary context switches: 1
	Swaps: 0
	File system inputs: 0
	File system outputs: 8
	Socket messages sent: 0
	Socket messages received: 0
	Signals delivered: 0
	Page size (bytes): 4096
	Exit status: 0
