Input graph file parsed. # of vertices = 81, # of edges = 1056
s 3 15 27 29 41 52 64 80
t 4 26 29 41 46 60 72 75
Solution space ZDD construction start
Solution space ZDD construction end
Solution space ZDD construction time = 402.762166
Solution space ZDD size = 109532
# of elements in the solution space = 915442
Start searching a reconfiguration sequence from s to t
Step 1 time = 0.000206, # ZDD nodes = 22, # elems = 9
Step 2 time = 0.000367, # ZDD nodes = 38, # elems = 8
Step 3 time = 0.000763, # ZDD nodes = 62, # elems = 12
Step 4 time = 0.001091, # ZDD nodes = 112, # elems = 29
Step 5 time = 0.002033, # ZDD nodes = 197, # elems = 52
Step 6 time = 0.004349, # ZDD nodes = 301, # elems = 87
Step 7 time = 0.008487, # ZDD nodes = 524, # elems = 160
t found
a YES
a 3 15 27 29 41 52 64 80
a 4 15 27 29 41 52 64 80
a 4 15 29 41 52 63 64 80
a 4 15 29 41 52 63 64 75
a 4 15 26 29 41 52 63 75
a 4 15 26 29 41 46 63 75
a 4 15 26 29 41 46 72 75
a 4 26 29 41 46 60 72 75
Reconfiguration time = 0.019572
	Command being timed: "timeout 600s ../ddreconf/ddreconf ../benchmark_instances/2023result/docs/solver/benchmark/2022benchmark/benchmark/color04/queen9_9.col --st --stfile=../benchmark_instances/2023result/docs/solver/benchmark/2022benchmark/benchmark/color04/queen9_9_01.dat --tj --indset"
	User time (seconds): 384.20
	System time (seconds): 17.28
	Percent of CPU this job got: 99%
	Elapsed (wall clock) time (h:mm:ss or m:ss): 6:42.98
	Average shared text size (kbytes): 0
	Average unshared data size (kbytes): 0
	Average stack size (kbytes): 0
	Average total size (kbytes): 0
	Maximum resident set size (kbytes): 33740540
	Average resident set size (kbytes): 0
	Major (requiring I/O) page faults: 0
	Minor (reclaiming a frame) page faults: 488913
	Voluntary context switches: 3
	Involuntary context switches: 447
	Swaps: 0
	File system inputs: 0
	File system outputs: 16
	Socket messages sent: 0
	Socket messages received: 0
	Signals delivered: 0
	Page size (bytes): 4096
	Exit status: 0
