Input graph file parsed. # of vertices = 81, # of edges = 1056
s 3 27 15 34 62 40 46 77
t 21 65 43 8 15 36 46 77
Solution space ZDD construction start
Solution space ZDD construction end
Solution space ZDD construction time = 124.103444
Solution space ZDD size = 87103
# of elements in the solution space = 915442
Start searching a reconfiguration sequence from s to t
Step 1 time = 0.000366, # ZDD nodes = 28, # elems = 11
Step 2 time = 0.000445, # ZDD nodes = 64, # elems = 13
Step 3 time = 0.001230, # ZDD nodes = 83, # elems = 17
Step 4 time = 0.001288, # ZDD nodes = 134, # elems = 32
Step 5 time = 0.002631, # ZDD nodes = 295, # elems = 88
t found
a YES
a 3 15 27 34 40 46 62 77
a 3 15 27 40 46 62 65 77
a 3 15 36 40 46 62 65 77
a 15 21 36 40 46 62 65 77
a 15 21 36 43 46 62 65 77
a 8 15 21 36 43 46 65 77
Reconfiguration time = 0.007185
	Command being timed: "timeout 0.5h ../ddreconf/ddreconf ../instances_pwwt_col/queen9_9.pwwt.col --st --stfile=../benchmark_instances/2023result/docs/solver/benchmark/2022benchmark/benchmark/color04/queen9_9_02.dat --tj --indset"
	User time (seconds): 119.57
	System time (seconds): 4.12
	Percent of CPU this job got: 99%
	Elapsed (wall clock) time (h:mm:ss or m:ss): 2:04.20
	Average shared text size (kbytes): 0
	Average unshared data size (kbytes): 0
	Average stack size (kbytes): 0
	Average total size (kbytes): 0
	Maximum resident set size (kbytes): 8517872
	Average resident set size (kbytes): 0
	Major (requiring I/O) page faults: 0
	Minor (reclaiming a frame) page faults: 79483
	Voluntary context switches: 3
	Involuntary context switches: 152
	Swaps: 0
	File system inputs: 0
	File system outputs: 16
	Socket messages sent: 0
	Socket messages received: 0
	Signals delivered: 0
	Page size (bytes): 4096
	Exit status: 0
