Input graph file parsed. # of vertices = 169, # of edges = 3328
s 25 78 79 152 45 94 112 30 137 62 119 167
t 5 129 39 21 42 79 71 100 108 137 145 166
Solution space ZDD construction start
Command exited with non-zero status 124
	Command being timed: "timeout 1.0h ../ddreconf/ddreconf ../instances_pwwt_col/queen13_13.pwwt.col --st --stfile=../benchmark_instances/2023result/docs/solver/benchmark/2022benchmark/benchmark/color04/queen13_13_01.dat --tj --indset"
	User time (seconds): 3465.72
	System time (seconds): 122.79
	Percent of CPU this job got: 99%
	Elapsed (wall clock) time (h:mm:ss or m:ss): 1:00:02
	Average shared text size (kbytes): 0
	Average unshared data size (kbytes): 0
	Average stack size (kbytes): 0
	Average total size (kbytes): 0
	Maximum resident set size (kbytes): 144566980
	Average resident set size (kbytes): 0
	Major (requiring I/O) page faults: 0
	Minor (reclaiming a frame) page faults: 24644303
	Voluntary context switches: 168
	Involuntary context switches: 10672
	Swaps: 0
	File system inputs: 64
	File system outputs: 8
	Socket messages sent: 0
	Socket messages received: 0
	Signals delivered: 0
	Page size (bytes): 4096
	Exit status: 124
