Input graph file parsed. # of vertices = 96, # of edges = 1368
s 1 62 87 55 45 24 28
t 16 62 90 9 37 83 58
Solution space ZDD construction start
Solution space ZDD construction end
Solution space ZDD construction time = 1037.149382
Solution space ZDD size = 273418
# of elements in the solution space = 4558093
Start searching a reconfiguration sequence from s to t
Step 1 time = 0.000344, # ZDD nodes = 44, # elems = 25
Step 2 time = 0.001750, # ZDD nodes = 311, # elems = 228
Step 3 time = 0.015861, # ZDD nodes = 1786, # elems = 1749
Step 4 time = 0.118973, # ZDD nodes = 8705, # elems = 10524
Step 5 time = 0.718639, # ZDD nodes = 32910, # elems = 48761
Step 6 time = 3.556454, # ZDD nodes = 95652, # elems = 162697
t found
a YES
a 1 24 28 45 55 62 87
a 1 24 28 55 62 83 87
a 1 24 28 58 62 83 87
a 24 28 37 58 62 83 87
a 9 28 37 58 62 83 87
a 9 28 37 58 62 83 90
a 9 16 37 58 62 83 90
Reconfiguration time = 4.448263
	Command being timed: "timeout 0.5h ../ddreconf/ddreconf ../instances_pwwt_col/queen8_12.pwwt.col --st --stfile=../benchmark_instances/2023result/docs/solver/benchmark/2022benchmark/benchmark/color04/queen8_12_02.dat --tj --indset"
	User time (seconds): 1004.62
	System time (seconds): 33.26
	Percent of CPU this job got: 99%
	Elapsed (wall clock) time (h:mm:ss or m:ss): 17:21.95
	Average shared text size (kbytes): 0
	Average unshared data size (kbytes): 0
	Average stack size (kbytes): 0
	Average total size (kbytes): 0
	Maximum resident set size (kbytes): 66475404
	Average resident set size (kbytes): 0
	Major (requiring I/O) page faults: 0
	Minor (reclaiming a frame) page faults: 375897
	Voluntary context switches: 3
	Involuntary context switches: 993
	Swaps: 0
	File system inputs: 0
	File system outputs: 16
	Socket messages sent: 0
	Socket messages received: 0
	Signals delivered: 0
	Page size (bytes): 4096
	Exit status: 0
