Input graph file parsed. # of vertices = 25, # of edges = 160
s 4 13 20 22
t 5 8 11 24
Solution space ZDD construction start
Solution space ZDD construction end
Solution space ZDD construction time = 0.008461
Solution space ZDD size = 193
# of elements in the solution space = 462
Start searching a reconfiguration sequence from s to t
Step 1 time = 0.000061, # ZDD nodes = 9, # elems = 5
Step 2 time = 0.000086, # ZDD nodes = 11, # elems = 4
Step 3 time = 0.000041, # ZDD nodes = 14, # elems = 4
Step 4 time = 0.000052, # ZDD nodes = 17, # elems = 5
Step 5 time = 0.000056, # ZDD nodes = 23, # elems = 9
Step 6 time = 0.000069, # ZDD nodes = 27, # elems = 10
Step 7 time = 0.000079, # ZDD nodes = 12, # elems = 3
t found
a YES
a 4 13 20 22
a 4 6 20 22
a 3 6 20 22
a 3 6 19 22
a 5 6 19 22
a 5 11 19 22
a 5 8 11 19
a 5 8 11 24
Reconfiguration time = 0.001059
	Command being timed: "timeout 0.5h ../ddreconf/ddreconf ../benchmark_instances/2023result/docs/solver/benchmark/2022benchmark/benchmark/color04/queen5_5.col --st --stfile=../benchmark_instances/2023result/docs/solver/benchmark/2022benchmark/benchmark/color04/queen5_5_02.dat --tj --indset"
	User time (seconds): 0.01
	System time (seconds): 0.00
	Percent of CPU this job got: 95%
	Elapsed (wall clock) time (h:mm:ss or m:ss): 0:00.02
	Average shared text size (kbytes): 0
	Average unshared data size (kbytes): 0
	Average stack size (kbytes): 0
	Average total size (kbytes): 0
	Maximum resident set size (kbytes): 33012
	Average resident set size (kbytes): 0
	Major (requiring I/O) page faults: 0
	Minor (reclaiming a frame) page faults: 1033
	Voluntary context switches: 3
	Involuntary context switches: 0
	Swaps: 0
	File system inputs: 0
	File system outputs: 8
	Socket messages sent: 0
	Socket messages received: 0
	Signals delivered: 0
	Page size (bytes): 4096
	Exit status: 0
