Input graph file parsed. # of vertices = 64, # of edges = 728
s 3 32 18 13 47 52 62
t 1 14 50 39 24 44 61
Solution space ZDD construction start
Solution space ZDD construction end
Solution space ZDD construction time = 7.780240
Solution space ZDD size = 16607
# of elements in the solution space = 118969
Start searching a reconfiguration sequence from s to t
Step 1 time = 0.000080, # ZDD nodes = 26, # elems = 11
Step 2 time = 0.000345, # ZDD nodes = 61, # elems = 17
Step 3 time = 0.001243, # ZDD nodes = 106, # elems = 35
Step 4 time = 0.006650, # ZDD nodes = 194, # elems = 56
Step 5 time = 0.004047, # ZDD nodes = 325, # elems = 92
Step 6 time = 0.006778, # ZDD nodes = 525, # elems = 167
Step 7 time = 0.021074, # ZDD nodes = 747, # elems = 272
Step 8 time = 0.018673, # ZDD nodes = 967, # elems = 364
Step 9 time = 0.025158, # ZDD nodes = 1237, # elems = 471
Step 10 time = 0.037731, # ZDD nodes = 1399, # elems = 580
Step 11 time = 0.039554, # ZDD nodes = 1300, # elems = 540
t found
a YES
a 3 13 18 32 47 52 62
a 3 13 18 32 33 47 62
a 3 13 32 33 47 50 62
a 3 13 24 33 47 50 62
a 3 13 24 28 33 47 50
a 3 13 24 28 33 50 63
a 3 13 24 33 44 50 63
a 3 14 24 33 44 50 63
a 3 14 24 33 44 50 61
a 14 24 27 33 44 50 61
a 14 24 27 39 44 50 61
a 1 14 24 39 44 50 61
Reconfiguration time = 0.164734
	Command being timed: "timeout 0.5h ../ddreconf/ddreconf ../instances_pwwt_col/queen008x008.pwwt.col --st --stfile=../benchmark_instances/2023result/docs/solver/benchmark/2022benchmark/benchmark/queen/queen008x008_03_8723.dat --tj --indset"
	User time (seconds): 7.66
	System time (seconds): 0.27
	Percent of CPU this job got: 99%
	Elapsed (wall clock) time (h:mm:ss or m:ss): 0:07.97
	Average shared text size (kbytes): 0
	Average unshared data size (kbytes): 0
	Average stack size (kbytes): 0
	Average total size (kbytes): 0
	Maximum resident set size (kbytes): 557680
	Average resident set size (kbytes): 0
	Major (requiring I/O) page faults: 0
	Minor (reclaiming a frame) page faults: 23063
	Voluntary context switches: 3
	Involuntary context switches: 49
	Swaps: 0
	File system inputs: 0
	File system outputs: 16
	Socket messages sent: 0
	Socket messages received: 0
	Signals delivered: 0
	Page size (bytes): 4096
	Exit status: 0
