Input graph file parsed. # of vertices = 121, # of edges = 1980
s 15 30 119 43 2 72 88 49 56 106
t 24 8 91 43 17 75 66 49 100 114
Solution space ZDD construction start
Command exited with non-zero status 124
	Command being timed: "timeout 1.0h ../ddreconf/ddreconf ../instances_pw_col/queen11_11.pw.col --st --stfile=../benchmark_instances/2023result/docs/solver/benchmark/2022benchmark/benchmark/color04/queen11_11_01.dat --tj --indset"
	User time (seconds): 3512.84
	System time (seconds): 74.19
	Percent of CPU this job got: 99%
	Elapsed (wall clock) time (h:mm:ss or m:ss): 1:00:00
	Average shared text size (kbytes): 0
	Average unshared data size (kbytes): 0
	Average stack size (kbytes): 0
	Average total size (kbytes): 0
	Maximum resident set size (kbytes): 143713644
	Average resident set size (kbytes): 0
	Major (requiring I/O) page faults: 0
	Minor (reclaiming a frame) page faults: 2716334
	Voluntary context switches: 84
	Involuntary context switches: 2315
	Swaps: 0
	File system inputs: 0
	File system outputs: 8
	Socket messages sent: 0
	Socket messages received: 0
	Signals delivered: 0
	Page size (bytes): 4096
	Exit status: 124
