Input graph file parsed. # of vertices = 100, # of edges = 1470
s 6 20 23 35 52 64 77 81 98
t 3 18 37 49 52 66 71 90 95
Solution space ZDD construction start
Command exited with non-zero status 124
	Command being timed: "timeout 1.0h ../ddreconf/ddreconf ../benchmark_instances/2023result/docs/solver/benchmark/2022benchmark/benchmark/color04/queen10_10.col --st --stfile=../benchmark_instances/2023result/docs/solver/benchmark/2022benchmark/benchmark/color04/queen10_10_02.dat --tj --indset"
	User time (seconds): 3445.58
	System time (seconds): 141.78
	Percent of CPU this job got: 99%
	Elapsed (wall clock) time (h:mm:ss or m:ss): 1:00:00
	Average shared text size (kbytes): 0
	Average unshared data size (kbytes): 0
	Average stack size (kbytes): 0
	Average total size (kbytes): 0
	Maximum resident set size (kbytes): 274138884
	Average resident set size (kbytes): 0
	Major (requiring I/O) page faults: 0
	Minor (reclaiming a frame) page faults: 3473541
	Voluntary context switches: 81
	Involuntary context switches: 2522
	Swaps: 0
	File system inputs: 0
	File system outputs: 8
	Socket messages sent: 0
	Socket messages received: 0
	Signals delivered: 0
	Page size (bytes): 4096
	Exit status: 124
