Input graph file parsed. # of vertices = 52, # of edges = 156
s 3 4 8 11 12 14 17 22 23 24 25 26 28 31 44 50
t 2 10 11 12 13 24 28 29 31 32 44 36 37 50 51 52
Solution space ZDD construction start
Solution space ZDD construction end
Solution space ZDD construction time = 5.683615
Solution space ZDD size = 266787
# of elements in the solution space = 242964120
Start searching a reconfiguration sequence from s to t
Step 1 time = 0.000212, # ZDD nodes = 86, # elems = 9
Step 2 time = 0.001161, # ZDD nodes = 336, # elems = 75
Step 3 time = 0.005208, # ZDD nodes = 1102, # elems = 447
Step 4 time = 0.022763, # ZDD nodes = 3142, # elems = 1977
Step 5 time = 0.070926, # ZDD nodes = 7778, # elems = 6927
Step 6 time = 0.222231, # ZDD nodes = 16468, # elems = 19531
Step 7 time = 0.660612, # ZDD nodes = 29738, # elems = 43989
Step 8 time = 1.708231, # ZDD nodes = 46339, # elems = 79062
Step 9 time = 2.215291, # ZDD nodes = 62271, # elems = 113728
t found
a YES
a 3 4 8 11 12 14 17 22 23 24 25 26 28 31 44 50
a 2 3 4 8 11 12 14 22 23 24 25 26 28 31 44 50
a 2 3 8 11 12 14 22 23 24 25 26 28 31 44 50 52
a 2 3 8 10 11 12 14 22 23 24 25 28 31 44 50 52
a 2 3 8 10 11 12 14 23 24 25 28 31 37 44 50 52
a 2 3 10 11 12 14 23 24 25 28 31 37 44 50 51 52
a 2 3 10 11 12 23 24 25 28 31 36 37 44 50 51 52
a 2 3 10 11 12 24 25 28 31 32 36 37 44 50 51 52
a 2 10 11 12 24 25 28 29 31 32 36 37 44 50 51 52
a 2 10 11 12 13 24 28 29 31 32 36 37 44 50 51 52
Reconfiguration time = 4.947550
	Command being timed: "timeout 600s ../ddreconf/ddreconf ../benchmark_instances/2023result/docs/solver/benchmark/random_instance/random_instance004_graph002.col --st --stfile=../benchmark_instances/2023result/docs/solver/benchmark/random_instance/random_instance004_graph002_01.dat --tj --indset"
	User time (seconds): 10.19
	System time (seconds): 0.51
	Percent of CPU this job got: 99%
	Elapsed (wall clock) time (h:mm:ss or m:ss): 0:10.74
	Average shared text size (kbytes): 0
	Average unshared data size (kbytes): 0
	Average stack size (kbytes): 0
	Average total size (kbytes): 0
	Maximum resident set size (kbytes): 557972
	Average resident set size (kbytes): 0
	Major (requiring I/O) page faults: 0
	Minor (reclaiming a frame) page faults: 178862
	Voluntary context switches: 3
	Involuntary context switches: 16
	Swaps: 0
	File system inputs: 0
	File system outputs: 16
	Socket messages sent: 0
	Socket messages received: 0
	Signals delivered: 0
	Page size (bytes): 4096
	Exit status: 0
