Input graph file parsed. # of vertices = 13, # of edges = 39
s 3 4 9
t 3 9 11
Solution space ZDD construction start
Solution space ZDD construction end
Solution space ZDD construction time = 0.000635
Solution space ZDD size = 38
# of elements in the solution space = 94
Start searching a reconfiguration sequence from s to t
Step 1 time = 0.000036, # ZDD nodes = 13, # elems = 6
t found
a YES
a 3 4 9
a 3 9 11
Reconfiguration time = 0.000167
	Command being timed: "timeout 600s ../ddreconf/ddreconf ../benchmark_instances/2023result/docs/solver/benchmark/random_instance/random_instance001_graph003.col --st --stfile=../benchmark_instances/2023result/docs/solver/benchmark/random_instance/random_instance001_graph003_01.dat --tj --indset"
	User time (seconds): 0.00
	System time (seconds): 0.01
	Percent of CPU this job got: 96%
	Elapsed (wall clock) time (h:mm:ss or m:ss): 0:00.02
	Average shared text size (kbytes): 0
	Average unshared data size (kbytes): 0
	Average stack size (kbytes): 0
	Average total size (kbytes): 0
	Maximum resident set size (kbytes): 31744
	Average resident set size (kbytes): 0
	Major (requiring I/O) page faults: 0
	Minor (reclaiming a frame) page faults: 7490
	Voluntary context switches: 2
	Involuntary context switches: 0
	Swaps: 0
	File system inputs: 0
	File system outputs: 8
	Socket messages sent: 0
	Socket messages received: 0
	Signals delivered: 0
	Page size (bytes): 4096
	Exit status: 0
