Input graph file parsed. # of vertices = 65, # of edges = 195
s 46 40 9 13 17 15 33 36 32 37 39 42 11 27 44 24 61 65 43 47 38 54
t 1 46 34 40 9 13 15 33 50 14 12 52 7 62 11 3 10 25 18 41 38 54
Solution space ZDD construction start
Solution space ZDD construction end
Solution space ZDD construction time = 2.938182
Solution space ZDD size = 129949
# of elements in the solution space = 38638170829
Start searching a reconfiguration sequence from s to t
Step 1 time = 0.000125, # ZDD nodes = 67, # elems = 10
Step 2 time = 0.000410, # ZDD nodes = 162, # elems = 69
Step 3 time = 0.001313, # ZDD nodes = 355, # elems = 392
Step 4 time = 0.003777, # ZDD nodes = 805, # elems = 1591
Step 5 time = 0.029053, # ZDD nodes = 1647, # elems = 4705
Step 6 time = 0.029960, # ZDD nodes = 3010, # elems = 11058
Step 7 time = 0.071915, # ZDD nodes = 5077, # elems = 22596
Step 8 time = 0.145223, # ZDD nodes = 8117, # elems = 40260
Step 9 time = 0.259259, # ZDD nodes = 12241, # elems = 63104
Step 10 time = 0.402988, # ZDD nodes = 17088, # elems = 90426
Step 11 time = 0.685161, # ZDD nodes = 22093, # elems = 120725
Step 12 time = 1.188871, # ZDD nodes = 26890, # elems = 149262
Step 13 time = 1.128905, # ZDD nodes = 30682, # elems = 173133
Step 14 time = 1.284711, # ZDD nodes = 32350, # elems = 195436
t found
a YES
a 9 11 13 15 17 24 27 32 33 36 37 38 39 40 42 43 44 46 47 54 61 65
a 9 11 13 15 17 27 32 33 36 37 38 39 40 42 43 44 46 47 53 54 61 65
a 9 11 13 15 27 32 33 34 36 37 38 39 40 42 43 44 46 47 53 54 61 65
a 9 11 13 15 27 32 33 34 36 37 38 39 40 41 42 43 44 46 47 53 54 61
a 9 11 13 15 18 27 32 33 34 36 37 38 39 40 41 42 43 44 46 53 54 61
a 9 11 13 15 18 25 27 32 33 34 36 37 38 39 40 41 43 44 46 53 54 61
a 3 9 11 13 15 18 25 27 32 33 34 36 37 38 39 40 41 43 46 53 54 61
a 3 9 10 11 13 15 18 25 27 32 33 34 36 37 38 39 40 41 46 53 54 61
a 3 7 9 10 11 13 15 18 25 27 32 33 34 36 38 39 40 41 46 53 54 61
a 3 7 9 10 11 13 14 15 18 25 27 33 34 36 38 39 40 41 46 53 54 61
a 3 7 9 10 11 12 13 14 15 18 25 27 33 34 36 38 40 41 46 53 54 61
a 3 7 9 10 11 12 13 14 15 18 25 27 33 34 36 38 40 41 46 52 54 61
a 3 7 9 10 11 12 13 14 15 18 25 27 33 34 38 40 41 46 50 52 54 61
a 1 3 7 9 10 11 12 13 14 15 18 25 27 33 34 38 40 41 46 50 52 54
a 1 3 7 9 10 11 12 13 14 15 18 25 33 34 38 40 41 46 50 52 54 62
Reconfiguration time = 5.276291
	Command being timed: "timeout 0.5h ../ddreconf/ddreconf ../instances_pwwt_col/random_instance005_graph003.pwwt.col --st --stfile=../benchmark_instances/2023result/docs/solver/benchmark/random_instance/random_instance005_graph003_01.dat --tj --indset"
	User time (seconds): 7.96
	System time (seconds): 0.26
	Percent of CPU this job got: 99%
	Elapsed (wall clock) time (h:mm:ss or m:ss): 0:08.26
	Average shared text size (kbytes): 0
	Average unshared data size (kbytes): 0
	Average stack size (kbytes): 0
	Average total size (kbytes): 0
	Maximum resident set size (kbytes): 549280
	Average resident set size (kbytes): 0
	Major (requiring I/O) page faults: 0
	Minor (reclaiming a frame) page faults: 22961
	Voluntary context switches: 3
	Involuntary context switches: 11
	Swaps: 0
	File system inputs: 0
	File system outputs: 8
	Socket messages sent: 0
	Socket messages received: 0
	Signals delivered: 0
	Page size (bytes): 4096
	Exit status: 0
