Input graph file parsed. # of vertices = 65, # of edges = 195
s 35 12 20 23 24 31 32 39 40 61 64 58 57 47 52 65 62 55 53 56
t 6 35 13 15 16 19 20 24 33 34 37 40 41 44 60 58 47 48 65 56
Solution space ZDD construction start
Solution space ZDD construction end
Solution space ZDD construction time = 30.426216
Solution space ZDD size = 1702838
# of elements in the solution space = 48187380654
Start searching a reconfiguration sequence from s to t
Step 1 time = 0.000193, # ZDD nodes = 115, # elems = 12
Step 2 time = 0.001370, # ZDD nodes = 559, # elems = 163
Step 3 time = 0.010219, # ZDD nodes = 2325, # elems = 1588
Step 4 time = 0.060722, # ZDD nodes = 8334, # elems = 11028
Step 5 time = 1.132736, # ZDD nodes = 25460, # elems = 58344
Step 6 time = 1.153509, # ZDD nodes = 67369, # elems = 249456
Step 7 time = 4.639493, # ZDD nodes = 155756, # elems = 899423
Step 8 time = 11.683660, # ZDD nodes = 316370, # elems = 2772257
Step 9 time = 32.870304, # ZDD nodes = 562871, # elems = 7216845
Step 10 time = 63.114795, # ZDD nodes = 870289, # elems = 15471114
Step 11 time = 104.543965, # ZDD nodes = 1160309, # elems = 26607653
Step 12 time = 147.903286, # ZDD nodes = 1325015, # elems = 35810714
t found
a YES
a 12 20 23 24 31 32 35 39 40 47 52 53 55 56 57 58 61 62 64 65
a 12 20 23 24 32 35 39 40 47 52 53 55 56 57 58 60 61 62 64 65
a 12 20 23 24 32 33 35 39 40 47 52 53 55 56 57 58 60 61 62 65
a 12 20 24 32 33 35 37 39 40 47 52 53 55 56 57 58 60 61 62 65
a 20 24 32 33 35 37 39 40 44 47 52 53 55 56 57 58 60 61 62 65
a 20 24 32 33 35 37 39 40 44 47 48 53 55 56 57 58 60 61 62 65
a 20 24 32 33 35 37 39 40 41 44 47 48 53 55 56 57 58 60 62 65
a 20 24 32 33 34 35 37 39 40 41 44 47 48 53 55 56 58 60 62 65
a 19 20 24 32 33 34 35 37 40 41 44 47 48 53 55 56 58 60 62 65
a 15 19 20 24 32 33 34 35 37 40 41 44 47 48 55 56 58 60 62 65
a 6 15 19 20 24 32 33 34 35 37 40 41 44 47 48 56 58 60 62 65
a 6 15 16 19 20 24 32 33 34 35 37 40 41 44 47 48 56 58 60 65
a 6 13 15 16 19 20 24 33 34 35 37 40 41 44 47 48 56 58 60 65
Reconfiguration time = 368.552080
	Command being timed: "timeout 600s ../ddreconf/ddreconf ../benchmark_instances/2023result/docs/solver/benchmark/random_instance/random_instance005_graph001.col --st --stfile=../benchmark_instances/2023result/docs/solver/benchmark/random_instance/random_instance005_graph001_01.dat --tj --indset"
	User time (seconds): 389.37
	System time (seconds): 8.76
	Percent of CPU this job got: 99%
	Elapsed (wall clock) time (h:mm:ss or m:ss): 6:39.66
	Average shared text size (kbytes): 0
	Average unshared data size (kbytes): 0
	Average stack size (kbytes): 0
	Average total size (kbytes): 0
	Maximum resident set size (kbytes): 17431752
	Average resident set size (kbytes): 0
	Major (requiring I/O) page faults: 0
	Minor (reclaiming a frame) page faults: 265595
	Voluntary context switches: 3
	Involuntary context switches: 401
	Swaps: 0
	File system inputs: 0
	File system outputs: 64
	Socket messages sent: 0
	Socket messages received: 0
	Signals delivered: 0
	Page size (bytes): 4096
	Exit status: 0
