Input graph file parsed. # of vertices = 39, # of edges = 117
s 1 5 7 8 14 30 33 37 28 31 39
t 4 7 14 30 24 25 26 28 32 34 36
Solution space ZDD construction start
Solution space ZDD construction end
Solution space ZDD construction time = 0.094519
Solution space ZDD size = 11820
# of elements in the solution space = 1346850
Start searching a reconfiguration sequence from s to t
Step 1 time = 0.000058, # ZDD nodes = 30, # elems = 7
Step 2 time = 0.000175, # ZDD nodes = 98, # elems = 56
Step 3 time = 0.000680, # ZDD nodes = 267, # elems = 254
Step 4 time = 0.002443, # ZDD nodes = 642, # elems = 782
Step 5 time = 0.009572, # ZDD nodes = 1345, # elems = 1830
Step 6 time = 0.021923, # ZDD nodes = 2461, # elems = 3442
Step 7 time = 0.047579, # ZDD nodes = 3738, # elems = 5163
Step 8 time = 0.083543, # ZDD nodes = 4662, # elems = 5862
t found
a YES
a 1 5 7 8 14 28 30 31 33 37 39
a 1 5 7 8 14 24 28 30 31 33 37
a 1 7 8 14 24 28 30 31 33 34 37
a 1 7 8 14 24 28 30 32 33 34 37
a 3 7 8 14 24 28 30 32 33 34 37
a 3 7 8 14 24 26 28 30 32 33 34
a 3 4 7 14 24 26 28 30 32 33 34
a 4 7 14 24 26 28 30 32 33 34 36
a 4 7 14 24 25 26 28 30 32 34 36
Reconfiguration time = 0.171209
	Command being timed: "timeout 600s ../ddreconf/ddreconf ../benchmark_instances/2023result/docs/solver/benchmark/random_instance/random_instance003_graph003.col --st --stfile=../benchmark_instances/2023result/docs/solver/benchmark/random_instance/random_instance003_graph003_01.dat --tj --indset"
	User time (seconds): 0.26
	System time (seconds): 0.02
	Percent of CPU this job got: 99%
	Elapsed (wall clock) time (h:mm:ss or m:ss): 0:00.29
	Average shared text size (kbytes): 0
	Average unshared data size (kbytes): 0
	Average stack size (kbytes): 0
	Average total size (kbytes): 0
	Maximum resident set size (kbytes): 36864
	Average resident set size (kbytes): 0
	Major (requiring I/O) page faults: 0
	Minor (reclaiming a frame) page faults: 9342
	Voluntary context switches: 3
	Involuntary context switches: 1
	Swaps: 0
	File system inputs: 0
	File system outputs: 8
	Socket messages sent: 0
	Socket messages received: 0
	Signals delivered: 0
	Page size (bytes): 4096
	Exit status: 0
