Input graph file parsed. # of vertices = 65, # of edges = 195
s 3 55 31 52 28 44 24 40 34 49 18 42 19 13 16 23 57 61 63
t 14 44 24 30 59 32 4 34 49 18 26 19 11 20 23 9 36 6 43
Solution space ZDD construction start
Solution space ZDD construction end
Solution space ZDD construction time = 1.297629
Solution space ZDD size = 72492
# of elements in the solution space = 34141571484
Start searching a reconfiguration sequence from s to t
Step 1 time = 0.000142, # ZDD nodes = 90, # elems = 21
Step 2 time = 0.000809, # ZDD nodes = 393, # elems = 410
Step 3 time = 0.004608, # ZDD nodes = 1364, # elems = 4931
Step 4 time = 0.023787, # ZDD nodes = 3917, # elems = 39793
Step 5 time = 0.103176, # ZDD nodes = 9639, # elems = 228697
Step 6 time = 0.309884, # ZDD nodes = 21029, # elems = 971746
Step 7 time = 0.967099, # ZDD nodes = 41208, # elems = 3145386
Step 8 time = 2.971437, # ZDD nodes = 72688, # elems = 7953082
Step 9 time = 7.435807, # ZDD nodes = 116340, # elems = 16076701
Step 10 time = 14.723132, # ZDD nodes = 168629, # elems = 26508738
Step 11 time = 21.511473, # ZDD nodes = 219563, # elems = 35958710
Step 12 time = 30.378642, # ZDD nodes = 254003, # elems = 39556292
t found
a YES
a 3 13 16 18 19 23 24 28 31 34 40 42 44 49 52 55 57 61 63
a 3 13 18 19 20 23 24 28 31 34 40 42 44 49 52 55 57 61 63
a 3 11 13 18 19 20 23 24 28 31 34 40 42 44 49 52 55 57 61
a 3 11 13 18 19 20 23 24 28 31 34 40 42 43 44 49 52 55 57
a 3 11 13 18 19 20 23 24 26 28 31 34 42 43 44 49 52 55 57
a 3 11 13 18 19 20 23 24 26 31 32 34 42 43 44 49 52 55 57
a 3 6 11 13 18 19 20 23 24 26 31 32 34 42 43 44 49 55 57
a 3 6 11 13 14 18 19 20 23 24 26 31 32 34 42 43 44 49 57
a 6 11 13 14 18 19 20 23 24 26 31 32 34 36 42 43 44 49 57
a 6 11 13 14 18 19 20 23 24 26 30 31 32 34 36 43 44 49 57
a 4 6 11 14 18 19 20 23 24 26 30 31 32 34 36 43 44 49 57
a 4 6 9 11 14 18 19 20 23 24 26 30 31 32 34 36 43 44 49
a 4 6 9 11 14 18 19 20 23 24 26 30 32 34 36 43 44 49 59
Reconfiguration time = 78.660682
	Command being timed: "timeout 0.5h ../ddreconf/ddreconf ../instances_pwwt_col/random_instance005_graph002.pwwt.col --st --stfile=../benchmark_instances/2023result/docs/solver/benchmark/random_instance/random_instance005_graph002_01.dat --tj --indset"
	User time (seconds): 78.57
	System time (seconds): 1.09
	Percent of CPU this job got: 99%
	Elapsed (wall clock) time (h:mm:ss or m:ss): 1:20.00
	Average shared text size (kbytes): 0
	Average unshared data size (kbytes): 0
	Average stack size (kbytes): 0
	Average total size (kbytes): 0
	Maximum resident set size (kbytes): 2175100
	Average resident set size (kbytes): 0
	Major (requiring I/O) page faults: 0
	Minor (reclaiming a frame) page faults: 43008
	Voluntary context switches: 3
	Involuntary context switches: 301
	Swaps: 0
	File system inputs: 0
	File system outputs: 16
	Socket messages sent: 0
	Socket messages received: 0
	Signals delivered: 0
	Page size (bytes): 4096
	Exit status: 0
