Input graph file parsed. # of vertices = 13, # of edges = 39
s 4 10 13
t 6 7 13
Solution space ZDD construction start
Solution space ZDD construction end
Solution space ZDD construction time = 0.000652
Solution space ZDD size = 39
# of elements in the solution space = 125
Start searching a reconfiguration sequence from s to t
Step 1 time = 0.000035, # ZDD nodes = 8, # elems = 4
Step 2 time = 0.000027, # ZDD nodes = 17, # elems = 14
t found
a YES
a 4 10 13
a 6 10 13
a 6 7 13
Reconfiguration time = 0.000261
	Command being timed: "timeout 600s ../ddreconf/ddreconf ../benchmark_instances/2023result/docs/solver/benchmark/random_instance/random_instance001_graph001.col --st --stfile=../benchmark_instances/2023result/docs/solver/benchmark/random_instance/random_instance001_graph001_01.dat --tj --indset"
	User time (seconds): 0.00
	System time (seconds): 0.02
	Percent of CPU this job got: 100%
	Elapsed (wall clock) time (h:mm:ss or m:ss): 0:00.02
	Average shared text size (kbytes): 0
	Average unshared data size (kbytes): 0
	Average stack size (kbytes): 0
	Average total size (kbytes): 0
	Maximum resident set size (kbytes): 32768
	Average resident set size (kbytes): 0
	Major (requiring I/O) page faults: 0
	Minor (reclaiming a frame) page faults: 7500
	Voluntary context switches: 3
	Involuntary context switches: 0
	Swaps: 0
	File system inputs: 0
	File system outputs: 8
	Socket messages sent: 0
	Socket messages received: 0
	Signals delivered: 0
	Page size (bytes): 4096
	Exit status: 0
