Input graph file parsed. # of vertices = 65, # of edges = 195
s 43 51 58 3 20 8 5 10 13 39 41 47 1 9 46 59 26 32 19 53
t 43 51 58 7 62 10 28 6 13 21 46 15 14 29 44 48 32 55 19 53
Solution space ZDD construction start
Solution space ZDD construction end
Solution space ZDD construction time = 1.737579
Solution space ZDD size = 70227
# of elements in the solution space = 54651105614
Start searching a reconfiguration sequence from s to t
Step 1 time = 0.000159, # ZDD nodes = 106, # elems = 17
Step 2 time = 0.001220, # ZDD nodes = 458, # elems = 262
Step 3 time = 0.007007, # ZDD nodes = 1729, # elems = 2467
Step 4 time = 0.036000, # ZDD nodes = 5292, # elems = 16246
Step 5 time = 0.153966, # ZDD nodes = 13474, # elems = 81084
Step 6 time = 0.709780, # ZDD nodes = 29446, # elems = 326342
Step 7 time = 1.729752, # ZDD nodes = 56036, # elems = 1114057
Step 8 time = 4.442775, # ZDD nodes = 94429, # elems = 3317416
Step 9 time = 9.326254, # ZDD nodes = 143126, # elems = 8651474
Step 10 time = 15.730035, # ZDD nodes = 195068, # elems = 19439246
Step 11 time = 24.025799, # ZDD nodes = 238195, # elems = 36433486
t found
a YES
a 1 3 5 8 9 10 13 19 20 26 32 39 41 43 46 47 51 53 58 59
a 1 3 5 9 10 13 19 20 26 32 39 41 43 46 47 51 53 55 58 59
a 3 5 9 10 13 19 20 26 32 39 41 43 46 47 51 53 55 58 59 62
a 3 5 7 9 10 13 19 20 32 39 41 43 46 47 51 53 55 58 59 62
a 3 5 7 9 10 13 19 20 32 39 41 43 46 48 51 53 55 58 59 62
a 3 5 7 10 13 14 19 20 32 39 41 43 46 48 51 53 55 58 59 62
a 3 5 7 10 13 14 19 20 21 32 39 43 46 48 51 53 55 58 59 62
a 3 5 7 10 13 14 19 20 21 32 43 44 46 48 51 53 55 58 59 62
a 5 7 10 13 14 19 20 21 29 32 43 44 46 48 51 53 55 58 59 62
a 5 6 7 10 13 14 19 20 21 29 32 43 44 46 48 51 53 55 58 62
a 6 7 10 13 14 15 19 20 21 29 32 43 44 46 48 51 53 55 58 62
a 6 7 10 13 14 15 19 21 28 29 32 43 44 46 48 51 53 55 58 62
Reconfiguration time = 56.360159
	Command being timed: "timeout 0.5h ../ddreconf/ddreconf ../instances_pwwt_col/random_instance005_graph005.pwwt.col --st --stfile=../benchmark_instances/2023result/docs/solver/benchmark/random_instance/random_instance005_graph005_01.dat --tj --indset"
	User time (seconds): 56.84
	System time (seconds): 1.06
	Percent of CPU this job got: 99%
	Elapsed (wall clock) time (h:mm:ss or m:ss): 0:58.14
	Average shared text size (kbytes): 0
	Average unshared data size (kbytes): 0
	Average stack size (kbytes): 0
	Average total size (kbytes): 0
	Maximum resident set size (kbytes): 2169736
	Average resident set size (kbytes): 0
	Major (requiring I/O) page faults: 0
	Minor (reclaiming a frame) page faults: 44999
	Voluntary context switches: 3
	Involuntary context switches: 71
	Swaps: 0
	File system inputs: 0
	File system outputs: 16
	Socket messages sent: 0
	Socket messages received: 0
	Signals delivered: 0
	Page size (bytes): 4096
	Exit status: 0
