Input graph file parsed. # of vertices = 52, # of edges = 156
s 15 5 14 9 20 33 36 43 19 10 24 41 26 29 45
t 48 5 38 14 2 18 30 36 43 19 23 24 41 26 45
Solution space ZDD construction start
Solution space ZDD construction end
Solution space ZDD construction time = 0.192621
Solution space ZDD size = 15622
# of elements in the solution space = 198435306
Start searching a reconfiguration sequence from s to t
Step 1 time = 0.000074, # ZDD nodes = 67, # elems = 8
Step 2 time = 0.000345, # ZDD nodes = 176, # elems = 37
Step 3 time = 0.001615, # ZDD nodes = 447, # elems = 156
Step 4 time = 0.006345, # ZDD nodes = 1022, # elems = 596
Step 5 time = 0.012608, # ZDD nodes = 2230, # elems = 2091
Step 6 time = 0.032373, # ZDD nodes = 4489, # elems = 6822
Step 7 time = 0.105219, # ZDD nodes = 8488, # elems = 19609
t found
a YES
a 5 9 10 14 15 19 20 24 26 29 33 36 41 43 45
a 4 5 9 10 14 15 19 20 24 26 33 36 41 43 45
a 4 5 9 14 15 19 20 23 24 26 33 36 41 43 45
a 4 5 9 14 15 19 20 23 24 26 30 36 41 43 45
a 4 5 14 15 18 19 20 23 24 26 30 36 41 43 45
a 2 5 14 15 18 19 20 23 24 26 30 36 41 43 45
a 2 5 14 18 19 20 23 24 26 30 36 38 41 43 45
a 2 5 14 18 19 23 24 26 30 36 38 41 43 45 48
Reconfiguration time = 0.164562
	Command being timed: "timeout 0.5h ../ddreconf/ddreconf ../instances_pwwt_col/random_instance004_graph005.pwwt.col --st --stfile=../benchmark_instances/2023result/docs/solver/benchmark/random_instance/random_instance004_graph005_01.dat --tj --indset"
	User time (seconds): 0.35
	System time (seconds): 0.01
	Percent of CPU this job got: 99%
	Elapsed (wall clock) time (h:mm:ss or m:ss): 0:00.37
	Average shared text size (kbytes): 0
	Average unshared data size (kbytes): 0
	Average stack size (kbytes): 0
	Average total size (kbytes): 0
	Maximum resident set size (kbytes): 42228
	Average resident set size (kbytes): 0
	Major (requiring I/O) page faults: 0
	Minor (reclaiming a frame) page faults: 3696
	Voluntary context switches: 3
	Involuntary context switches: 1
	Swaps: 0
	File system inputs: 0
	File system outputs: 8
	Socket messages sent: 0
	Socket messages received: 0
	Signals delivered: 0
	Page size (bytes): 4096
	Exit status: 0
