Input graph file parsed. # of vertices = 26, # of edges = 78
s 12 21 20 16 7 10 15
t 12 21 24 16 7 11 19
Solution space ZDD construction start
Solution space ZDD construction end
Solution space ZDD construction time = 0.002882
Solution space ZDD size = 254
# of elements in the solution space = 11926
Start searching a reconfiguration sequence from s to t
Step 1 time = 0.000077, # ZDD nodes = 20, # elems = 7
Step 2 time = 0.000088, # ZDD nodes = 41, # elems = 28
Step 3 time = 0.000183, # ZDD nodes = 90, # elems = 91
t found
a YES
a 7 10 12 15 16 20 21
a 7 10 12 16 19 20 21
a 7 11 12 16 19 20 21
a 7 11 12 16 19 21 24
Reconfiguration time = 0.000791
	Command being timed: "timeout 0.5h ../ddreconf/ddreconf ../instances_pwwt_col/random_instance002_graph005.pwwt.col --st --stfile=../benchmark_instances/2023result/docs/solver/benchmark/random_instance/random_instance002_graph005_01.dat --tj --indset"
	User time (seconds): 0.00
	System time (seconds): 0.01
	Percent of CPU this job got: 100%
	Elapsed (wall clock) time (h:mm:ss or m:ss): 0:00.01
	Average shared text size (kbytes): 0
	Average unshared data size (kbytes): 0
	Average stack size (kbytes): 0
	Average total size (kbytes): 0
	Maximum resident set size (kbytes): 33012
	Average resident set size (kbytes): 0
	Major (requiring I/O) page faults: 0
	Minor (reclaiming a frame) page faults: 933
	Voluntary context switches: 3
	Involuntary context switches: 1
	Swaps: 0
	File system inputs: 0
	File system outputs: 8
	Socket messages sent: 0
	Socket messages received: 0
	Signals delivered: 0
	Page size (bytes): 4096
	Exit status: 0
