Input graph file parsed. # of vertices = 65, # of edges = 195
s 3 13 16 18 19 23 24 28 31 34 40 42 44 63 57 49 52 55 61
t 4 6 9 11 14 18 19 20 23 24 26 30 32 34 36 43 44 49 59
Solution space ZDD construction start
Solution space ZDD construction end
Solution space ZDD construction time = 72.368642
Solution space ZDD size = 2138028
# of elements in the solution space = 34141571484
Start searching a reconfiguration sequence from s to t
Step 1 time = 0.000274, # ZDD nodes = 152, # elems = 21
Step 2 time = 0.002334, # ZDD nodes = 816, # elems = 410
Step 3 time = 0.016123, # ZDD nodes = 3578, # elems = 4931
Step 4 time = 0.096241, # ZDD nodes = 12597, # elems = 39793
Step 5 time = 0.495115, # ZDD nodes = 37184, # elems = 228697
Step 6 time = 2.042313, # ZDD nodes = 93895, # elems = 971746
Step 7 time = 6.976850, # ZDD nodes = 206601, # elems = 3145386
Step 8 time = 18.051164, # ZDD nodes = 400279, # elems = 7953082
Step 9 time = 48.562096, # ZDD nodes = 689142, # elems = 16076701
Step 10 time = 87.488001, # ZDD nodes = 1054491, # elems = 26508738
Step 11 time = 157.142840, # ZDD nodes = 1419399, # elems = 35958710
Step 12 time = 193.228202, # ZDD nodes = 1647244, # elems = 39556292
t found
a YES
a 3 13 16 18 19 23 24 28 31 34 40 42 44 49 52 55 57 61 63
a 3 13 16 18 19 23 24 28 34 40 42 44 49 52 55 57 59 61 63
a 3 13 16 18 19 23 24 28 32 34 42 44 49 52 55 57 59 61 63
a 3 13 16 18 19 23 24 26 28 32 34 42 44 49 52 55 57 59 63
a 3 13 16 18 19 23 24 26 28 32 34 42 43 44 49 52 55 57 59
a 3 13 18 19 20 23 24 26 28 32 34 42 43 44 49 52 55 57 59
a 3 11 13 18 19 20 23 24 26 28 32 34 42 43 44 49 52 57 59
a 11 13 18 19 20 23 24 26 28 32 34 36 42 43 44 49 52 57 59
a 11 13 14 18 19 20 23 24 26 32 34 36 42 43 44 49 52 57 59
a 6 11 13 14 18 19 20 23 24 26 32 34 36 42 43 44 49 57 59
a 6 11 13 14 18 19 20 23 24 26 30 32 34 36 43 44 49 57 59
a 4 6 11 14 18 19 20 23 24 26 30 32 34 36 43 44 49 57 59
a 4 6 9 11 14 18 19 20 23 24 26 30 32 34 36 43 44 49 59
Reconfiguration time = 516.038058
	Command being timed: "timeout 600s ../ddreconf/ddreconf ../benchmark_instances/2023result/docs/solver/benchmark/random_instance/random_instance005_graph002.col --st --stfile=../benchmark_instances/2023result/docs/solver/benchmark/random_instance/random_instance005_graph002_01.dat --tj --indset"
	User time (seconds): 577.57
	System time (seconds): 9.45
	Percent of CPU this job got: 99%
	Elapsed (wall clock) time (h:mm:ss or m:ss): 9:49.31
	Average shared text size (kbytes): 0
	Average unshared data size (kbytes): 0
	Average stack size (kbytes): 0
	Average total size (kbytes): 0
	Maximum resident set size (kbytes): 18184240
	Average resident set size (kbytes): 0
	Major (requiring I/O) page faults: 0
	Minor (reclaiming a frame) page faults: 418930
	Voluntary context switches: 3
	Involuntary context switches: 503
	Swaps: 0
	File system inputs: 0
	File system outputs: 64
	Socket messages sent: 0
	Socket messages received: 0
	Signals delivered: 0
	Page size (bytes): 4096
	Exit status: 0
