Input graph file parsed. # of vertices = 65, # of edges = 195
s 20 35 32 40 61 23 52 31 55 53 12 39 65 24 58 57 47 56 64 62
t 20 15 35 40 37 60 6 41 44 13 19 65 24 58 34 47 56 48 33 16
Solution space ZDD construction start
Solution space ZDD construction end
Solution space ZDD construction time = 5.789893
Solution space ZDD size = 84633
# of elements in the solution space = 48187380654
Start searching a reconfiguration sequence from s to t
Step 1 time = 0.000155, # ZDD nodes = 88, # elems = 12
Step 2 time = 0.000862, # ZDD nodes = 378, # elems = 163
Step 3 time = 0.004394, # ZDD nodes = 1150, # elems = 1588
Step 4 time = 0.020900, # ZDD nodes = 3051, # elems = 11028
Step 5 time = 0.109279, # ZDD nodes = 7249, # elems = 58344
Step 6 time = 0.194326, # ZDD nodes = 16132, # elems = 249456
Step 7 time = 0.667065, # ZDD nodes = 32184, # elems = 899423
Step 8 time = 1.556204, # ZDD nodes = 57334, # elems = 2772257
Step 9 time = 3.303974, # ZDD nodes = 91016, # elems = 7216845
Step 10 time = 6.884470, # ZDD nodes = 128994, # elems = 15471114
Step 11 time = 10.363213, # ZDD nodes = 163868, # elems = 26607653
Step 12 time = 15.268889, # ZDD nodes = 187042, # elems = 35810714
t found
a YES
a 12 20 23 24 31 32 35 39 40 47 52 53 55 56 57 58 61 62 64 65
a 12 20 23 24 31 32 33 35 39 40 47 52 53 55 56 57 58 61 62 65
a 12 20 23 24 32 33 35 39 40 47 52 53 55 56 57 58 60 61 62 65
a 6 12 20 23 24 32 33 35 39 40 47 52 53 56 57 58 60 61 62 65
a 6 12 15 20 23 24 32 33 35 39 40 47 52 53 56 57 58 60 61 65
a 6 12 15 16 20 23 24 32 33 35 39 40 47 52 56 57 58 60 61 65
a 6 12 15 16 20 24 32 33 35 37 39 40 47 52 56 57 58 60 61 65
a 6 15 16 20 24 32 33 35 37 39 40 44 47 52 56 57 58 60 61 65
a 6 15 16 20 24 32 33 35 37 39 40 44 47 48 56 57 58 60 61 65
a 6 15 16 20 24 32 33 34 35 37 39 40 44 47 48 56 58 60 61 65
a 6 15 16 19 20 24 32 33 34 35 37 40 44 47 48 56 58 60 61 65
a 6 13 15 16 19 20 24 33 34 35 37 40 44 47 48 56 58 60 61 65
a 6 13 15 16 19 20 24 33 34 35 37 40 41 44 47 48 56 58 60 65
Reconfiguration time = 38.544490
	Command being timed: "timeout 0.5h ../ddreconf/ddreconf ../instances_pw_col/random_instance005_graph001.pw.col --st --stfile=../benchmark_instances/2023result/docs/solver/benchmark/random_instance/random_instance005_graph001_01.dat --tj --indset"
	User time (seconds): 43.11
	System time (seconds): 1.10
	Percent of CPU this job got: 99%
	Elapsed (wall clock) time (h:mm:ss or m:ss): 0:44.39
	Average shared text size (kbytes): 0
	Average unshared data size (kbytes): 0
	Average stack size (kbytes): 0
	Average total size (kbytes): 0
	Maximum resident set size (kbytes): 2149556
	Average resident set size (kbytes): 0
	Major (requiring I/O) page faults: 0
	Minor (reclaiming a frame) page faults: 48349
	Voluntary context switches: 4
	Involuntary context switches: 273
	Swaps: 0
	File system inputs: 8
	File system outputs: 16
	Socket messages sent: 0
	Socket messages received: 0
	Signals delivered: 0
	Page size (bytes): 4096
	Exit status: 0
