Input graph file parsed. # of vertices = 39, # of edges = 117
s 4 6 7 34 9 25 17 18 35 24 22 32 29 36
t 1 5 6 7 34 9 10 11 25 18 35 24 27 39
Solution space ZDD construction start
Solution space ZDD construction end
Solution space ZDD construction time = 0.036115
Solution space ZDD size = 4316
# of elements in the solution space = 2283228
Start searching a reconfiguration sequence from s to t
Step 1 time = 0.000072, # ZDD nodes = 36, # elems = 4
Step 2 time = 0.000129, # ZDD nodes = 85, # elems = 12
Step 3 time = 0.000516, # ZDD nodes = 158, # elems = 48
Step 4 time = 0.001482, # ZDD nodes = 347, # elems = 168
Step 5 time = 0.002476, # ZDD nodes = 545, # elems = 408
Step 6 time = 0.003710, # ZDD nodes = 651, # elems = 545
Step 7 time = 0.004531, # ZDD nodes = 527, # elems = 335
t found
a YES
a 4 6 7 9 17 18 22 24 25 29 32 34 35 36
a 4 6 7 9 18 22 24 25 28 29 32 34 35 36
a 4 5 6 7 9 18 24 25 28 29 32 34 35 36
a 4 5 6 7 9 18 24 25 28 32 34 35 36 39
a 4 5 6 7 9 10 18 24 25 28 32 34 35 39
a 1 5 6 7 9 10 18 24 25 28 32 34 35 39
a 1 5 6 7 9 10 11 18 24 25 32 34 35 39
a 1 5 6 7 9 10 11 18 24 25 27 34 35 39
Reconfiguration time = 0.015131
	Command being timed: "timeout 600s ../ddreconf/ddreconf ../benchmark_instances/2023result/docs/solver/benchmark/random_instance/random_instance003_graph002.col --st --stfile=../benchmark_instances/2023result/docs/solver/benchmark/random_instance/random_instance003_graph002_01.dat --tj --indset"
	User time (seconds): 0.05
	System time (seconds): 0.02
	Percent of CPU this job got: 98%
	Elapsed (wall clock) time (h:mm:ss or m:ss): 0:00.07
	Average shared text size (kbytes): 0
	Average unshared data size (kbytes): 0
	Average stack size (kbytes): 0
	Average total size (kbytes): 0
	Maximum resident set size (kbytes): 33792
	Average resident set size (kbytes): 0
	Major (requiring I/O) page faults: 0
	Minor (reclaiming a frame) page faults: 8008
	Voluntary context switches: 3
	Involuntary context switches: 0
	Swaps: 0
	File system inputs: 0
	File system outputs: 8
	Socket messages sent: 0
	Socket messages received: 0
	Signals delivered: 0
	Page size (bytes): 4096
	Exit status: 0
