Input graph file parsed. # of vertices = 182, # of edges = 546
s 2 7 12 20 22 25 27 37 38 154 177 43 45 49 52 53 63 66 124 69 72 73 75 79 81 133 88 89 90 91 92 98 101 106 110 111 136 113 115 116 117 120 121 123 150 130 135 137 181 142 145 147 175 167 169 171 178
t 10 11 14 21 22 25 30 32 38 154 177 43 47 48 49 50 52 57 60 61 124 73 74 107 76 80 83 86 105 88 90 91 93 98 99 104 110 112 115 117 146 159 122 123 125 150 131 140 141 147 149 151 158 164 168 169 179
Solution space ZDD construction start
Command exited with non-zero status 124
	Command being timed: "timeout 1.0h ../ddreconf/ddreconf ../benchmark_instances/2023result/docs/solver/benchmark/random_instance/random_instance014_graph005.col --st --stfile=../benchmark_instances/2023result/docs/solver/benchmark/random_instance/random_instance014_graph005_01.dat --tj --indset"
	User time (seconds): 3508.45
	System time (seconds): 79.00
	Percent of CPU this job got: 99%
	Elapsed (wall clock) time (h:mm:ss or m:ss): 1:00:00
	Average shared text size (kbytes): 0
	Average unshared data size (kbytes): 0
	Average stack size (kbytes): 0
	Average total size (kbytes): 0
	Maximum resident set size (kbytes): 157442076
	Average resident set size (kbytes): 0
	Major (requiring I/O) page faults: 0
	Minor (reclaiming a frame) page faults: 3124000
	Voluntary context switches: 5
	Involuntary context switches: 2150
	Swaps: 0
	File system inputs: 16
	File system outputs: 8
	Socket messages sent: 0
	Socket messages received: 0
	Signals delivered: 0
	Page size (bytes): 4096
	Exit status: 124
