Input graph file parsed. # of vertices = 52, # of edges = 156
s 29 31 28 23 6 46 20 39 19 45 8 34 40 47 42
t 29 43 44 28 6 38 32 19 17 34 16 47 33 42 49
Solution space ZDD construction start
Solution space ZDD construction end
Solution space ZDD construction time = 0.096949
Solution space ZDD size = 10029
# of elements in the solution space = 245353332
Start searching a reconfiguration sequence from s to t
Step 1 time = 0.000081, # ZDD nodes = 66, # elems = 12
Step 2 time = 0.000387, # ZDD nodes = 255, # elems = 103
Step 3 time = 0.002520, # ZDD nodes = 751, # elems = 683
Step 4 time = 0.009238, # ZDD nodes = 1849, # elems = 3539
Step 5 time = 0.028251, # ZDD nodes = 4151, # elems = 14396
Step 6 time = 0.086828, # ZDD nodes = 8382, # elems = 45885
Step 7 time = 0.286390, # ZDD nodes = 15138, # elems = 115398
Step 8 time = 0.704946, # ZDD nodes = 24190, # elems = 234049
t found
a YES
a 6 8 19 20 23 28 29 31 34 39 40 42 45 46 47
a 6 8 17 19 20 23 28 29 31 34 39 42 45 46 47
a 6 8 17 19 20 23 28 29 31 33 34 39 42 46 47
a 6 8 17 19 20 23 28 29 33 34 39 42 46 47 49
a 6 16 17 19 20 23 28 29 33 34 39 42 46 47 49
a 6 16 17 19 23 28 29 32 33 34 39 42 46 47 49
a 6 16 17 19 23 28 29 32 33 34 42 44 46 47 49
a 6 16 17 19 23 28 29 32 33 34 42 43 44 47 49
a 6 16 17 19 28 29 32 33 34 38 42 43 44 47 49
Reconfiguration time = 1.134503
	Command being timed: "timeout 0.5h ../ddreconf/ddreconf ../instances_pwwt_col/random_instance004_graph004.pwwt.col --st --stfile=../benchmark_instances/2023result/docs/solver/benchmark/random_instance/random_instance004_graph004_01.dat --tj --indset"
	User time (seconds): 1.20
	System time (seconds): 0.03
	Percent of CPU this job got: 99%
	Elapsed (wall clock) time (h:mm:ss or m:ss): 0:01.24
	Average shared text size (kbytes): 0
	Average unshared data size (kbytes): 0
	Average stack size (kbytes): 0
	Average total size (kbytes): 0
	Maximum resident set size (kbytes): 78616
	Average resident set size (kbytes): 0
	Major (requiring I/O) page faults: 0
	Minor (reclaiming a frame) page faults: 6537
	Voluntary context switches: 3
	Involuntary context switches: 2
	Swaps: 0
	File system inputs: 0
	File system outputs: 8
	Socket messages sent: 0
	Socket messages received: 0
	Signals delivered: 0
	Page size (bytes): 4096
	Exit status: 0
