Input graph file parsed. # of vertices = 52, # of edges = 156
s 10 20 35 40 30 29 7 24 42 17 19 11 8 47 21 25
t 10 20 5 40 30 29 7 24 16 18 19 41 47 21 23 25
Solution space ZDD construction start
Solution space ZDD construction end
Solution space ZDD construction time = 0.175814
Solution space ZDD size = 13549
# of elements in the solution space = 280529902
Start searching a reconfiguration sequence from s to t
Step 1 time = 0.000089, # ZDD nodes = 66, # elems = 13
Step 2 time = 0.000450, # ZDD nodes = 243, # elems = 140
Step 3 time = 0.002331, # ZDD nodes = 736, # elems = 1111
Step 4 time = 0.008943, # ZDD nodes = 1927, # elems = 6188
Step 5 time = 0.031339, # ZDD nodes = 4365, # elems = 23853
t found
a YES
a 7 8 10 11 17 19 20 21 24 25 29 30 35 40 42 47
a 7 10 11 17 19 20 21 23 24 25 29 30 35 40 42 47
a 7 10 17 19 20 21 23 24 25 29 30 35 40 41 42 47
a 7 10 17 18 19 20 21 23 24 25 29 30 35 40 41 47
a 7 10 16 17 18 19 20 21 23 24 25 29 30 40 41 47
a 5 7 10 16 18 19 20 21 23 24 25 29 30 40 41 47
Reconfiguration time = 0.046677
	Command being timed: "timeout 0.5h ../ddreconf/ddreconf ../instances_pw_col/random_instance004_graph003.pw.col --st --stfile=../benchmark_instances/2023result/docs/solver/benchmark/random_instance/random_instance004_graph003_01.dat --tj --indset"
	User time (seconds): 0.23
	System time (seconds): 0.00
	Percent of CPU this job got: 99%
	Elapsed (wall clock) time (h:mm:ss or m:ss): 0:00.24
	Average shared text size (kbytes): 0
	Average unshared data size (kbytes): 0
	Average stack size (kbytes): 0
	Average total size (kbytes): 0
	Maximum resident set size (kbytes): 38132
	Average resident set size (kbytes): 0
	Major (requiring I/O) page faults: 0
	Minor (reclaiming a frame) page faults: 2509
	Voluntary context switches: 4
	Involuntary context switches: 1
	Swaps: 0
	File system inputs: 8
	File system outputs: 8
	Socket messages sent: 0
	Socket messages received: 0
	Signals delivered: 0
	Page size (bytes): 4096
	Exit status: 0
