Input graph file parsed. # of vertices = 13, # of edges = 39
s 1 6 10 11
t 3 5 9 13
Solution space ZDD construction start
Solution space ZDD construction end
Solution space ZDD construction time = 0.000664
Solution space ZDD size = 40
# of elements in the solution space = 94
Start searching a reconfiguration sequence from s to t
Step 1 time = 0.000028, # ZDD nodes = 4, # elems = 1
Step 2 time = 0.000009, # ZDD nodes = 4, # elems = 1
Step 3 time = 0.000007, # ZDD nodes = 4, # elems = 1
Step 4 time = 0.000010, # ZDD nodes = 4, # elems = 1
Step 5 time = 0.000009, # ZDD nodes = 4, # elems = 1
t found
a YES
a 1 6 10 11
a 1 2 10 11
a 1 2 9 10
a 1 2 3 9
a 2 3 5 9
a 3 5 9 13
Reconfiguration time = 0.000377
	Command being timed: "timeout 600s ../ddreconf/ddreconf ../benchmark_instances/2023result/docs/solver/benchmark/random_instance/random_instance001_graph004.col --st --stfile=../benchmark_instances/2023result/docs/solver/benchmark/random_instance/random_instance001_graph004_01.dat --tj --indset"
	User time (seconds): 0.00
	System time (seconds): 0.02
	Percent of CPU this job got: 100%
	Elapsed (wall clock) time (h:mm:ss or m:ss): 0:00.02
	Average shared text size (kbytes): 0
	Average unshared data size (kbytes): 0
	Average stack size (kbytes): 0
	Average total size (kbytes): 0
	Maximum resident set size (kbytes): 31744
	Average resident set size (kbytes): 0
	Major (requiring I/O) page faults: 0
	Minor (reclaiming a frame) page faults: 7513
	Voluntary context switches: 3
	Involuntary context switches: 1
	Swaps: 0
	File system inputs: 0
	File system outputs: 8
	Socket messages sent: 0
	Socket messages received: 0
	Signals delivered: 0
	Page size (bytes): 4096
	Exit status: 0
