Input graph file parsed. # of vertices = 39, # of edges = 117
s 14 21 34 16 28 17 25 30 4 9 29 6
t 14 21 34 28 31 12 25 30 10 2 29 6
Solution space ZDD construction start
Solution space ZDD construction end
Solution space ZDD construction time = 0.018184
Solution space ZDD size = 2906
# of elements in the solution space = 1797410
Start searching a reconfiguration sequence from s to t
Step 1 time = 0.000060, # ZDD nodes = 32, # elems = 7
Step 2 time = 0.000147, # ZDD nodes = 87, # elems = 39
Step 3 time = 0.000506, # ZDD nodes = 185, # elems = 163
Step 4 time = 0.001344, # ZDD nodes = 360, # elems = 491
t found
a YES
a 4 6 9 14 16 17 21 25 28 29 30 34
a 4 6 9 14 17 21 25 28 29 30 31 34
a 4 6 9 10 14 21 25 28 29 30 31 34
a 6 9 10 12 14 21 25 28 29 30 31 34
a 2 6 10 12 14 21 25 28 29 30 31 34
Reconfiguration time = 0.003137
	Command being timed: "timeout 0.5h ../ddreconf/ddreconf ../instances_pwwt_col/random_instance003_graph001.pwwt.col --st --stfile=../benchmark_instances/2023result/docs/solver/benchmark/random_instance/random_instance003_graph001_01.dat --tj --indset"
	User time (seconds): 0.02
	System time (seconds): 0.01
	Percent of CPU this job got: 100%
	Elapsed (wall clock) time (h:mm:ss or m:ss): 0:00.03
	Average shared text size (kbytes): 0
	Average unshared data size (kbytes): 0
	Average stack size (kbytes): 0
	Average total size (kbytes): 0
	Maximum resident set size (kbytes): 33012
	Average resident set size (kbytes): 0
	Major (requiring I/O) page faults: 0
	Minor (reclaiming a frame) page faults: 1112
	Voluntary context switches: 3
	Involuntary context switches: 0
	Swaps: 0
	File system inputs: 0
	File system outputs: 8
	Socket messages sent: 0
	Socket messages received: 0
	Signals delivered: 0
	Page size (bytes): 4096
	Exit status: 0
