Input graph file parsed. # of vertices = 52, # of edges = 156
s 4 5 7 25 14 27 28 29 31 36 35 39 40 46 50
t 1 3 7 25 11 19 20 21 28 31 34 41 42 44 48
Solution space ZDD construction start
Solution space ZDD construction end
Solution space ZDD construction time = 2.234104
Solution space ZDD size = 138652
# of elements in the solution space = 227597732
Start searching a reconfiguration sequence from s to t
Step 1 time = 0.000328, # ZDD nodes = 58, # elems = 9
Step 2 time = 0.001151, # ZDD nodes = 186, # elems = 75
Step 3 time = 0.004092, # ZDD nodes = 656, # elems = 506
Step 4 time = 0.021050, # ZDD nodes = 2173, # elems = 2836
Step 5 time = 0.095564, # ZDD nodes = 6444, # elems = 13281
Step 6 time = 0.408156, # ZDD nodes = 15956, # elems = 50284
Step 7 time = 1.139002, # ZDD nodes = 33232, # elems = 148585
Step 8 time = 2.063912, # ZDD nodes = 58421, # elems = 331067
Step 9 time = 3.662406, # ZDD nodes = 87032, # elems = 545427
Step 10 time = 5.069118, # ZDD nodes = 107376, # elems = 663706
Step 11 time = 7.027353, # ZDD nodes = 107763, # elems = 597132
t found
a YES
a 4 5 7 14 25 27 28 29 31 35 36 39 40 46 50
a 4 5 7 14 25 28 29 31 35 36 39 40 44 46 50
a 4 5 7 14 25 28 29 31 36 39 40 42 44 46 50
a 5 7 14 25 28 29 31 36 39 40 41 42 44 46 50
a 5 7 14 25 28 29 31 34 36 39 40 41 42 44 50
a 5 7 14 21 25 28 29 31 34 36 39 41 42 44 50
a 5 7 14 21 25 28 29 31 34 36 41 42 44 48 50
a 7 14 20 21 25 28 29 31 34 36 41 42 44 48 50
a 1 7 14 20 21 25 28 31 34 36 41 42 44 48 50
a 1 7 14 19 20 21 25 28 31 34 36 41 42 44 48
a 1 7 11 19 20 21 25 28 31 34 36 41 42 44 48
a 1 3 7 11 19 20 21 25 28 31 34 41 42 44 48
Reconfiguration time = 19.600763
	Command being timed: "timeout 600s ../ddreconf/ddreconf ../benchmark_instances/2023result/docs/solver/benchmark/random_instance/random_instance004_graph001.col --st --stfile=../benchmark_instances/2023result/docs/solver/benchmark/random_instance/random_instance004_graph001_01.dat --tj --indset"
	User time (seconds): 21.16
	System time (seconds): 0.66
	Percent of CPU this job got: 99%
	Elapsed (wall clock) time (h:mm:ss or m:ss): 0:21.90
	Average shared text size (kbytes): 0
	Average unshared data size (kbytes): 0
	Average stack size (kbytes): 0
	Average total size (kbytes): 0
	Maximum resident set size (kbytes): 1097292
	Average resident set size (kbytes): 0
	Major (requiring I/O) page faults: 0
	Minor (reclaiming a frame) page faults: 169650
	Voluntary context switches: 3
	Involuntary context switches: 28
	Swaps: 0
	File system inputs: 0
	File system outputs: 32
	Socket messages sent: 0
	Socket messages received: 0
	Signals delivered: 0
	Page size (bytes): 4096
	Exit status: 0
