Input graph file parsed. # of vertices = 208, # of edges = 624
s 6 10 16 18 20 24 26 28 35 36 37 41 42 47 48 54 56 57 59 60 64 65 67 68 74 75 77 81 87 89 92 95 100 134 104 105 109 111 178 120 121 186 163 141 129 136 155 202 179 138 139 145 148 152 208 159 161 164 166 168 180 190 183 203 192 205
t 4 6 8 15 16 17 18 22 26 31 32 34 36 37 39 40 46 49 54 57 59 62 66 67 69 74 79 87 88 89 91 93 94 95 104 109 178 116 118 120 121 186 176 123 124 125 163 141 129 132 139 147 195 154 157 208 159 164 175 180 190 183 203 185 196 197
Solution space ZDD construction start
Command exited with non-zero status 124
	Command being timed: "timeout 1.0h ../ddreconf/ddreconf ../benchmark_instances/2023result/docs/solver/benchmark/random_instance/random_instance016_graph004.col --st --stfile=../benchmark_instances/2023result/docs/solver/benchmark/random_instance/random_instance016_graph004_01.dat --tj --indset"
	User time (seconds): 3482.39
	System time (seconds): 104.52
	Percent of CPU this job got: 99%
	Elapsed (wall clock) time (h:mm:ss or m:ss): 1:00:00
	Average shared text size (kbytes): 0
	Average unshared data size (kbytes): 0
	Average stack size (kbytes): 0
	Average total size (kbytes): 0
	Maximum resident set size (kbytes): 229825696
	Average resident set size (kbytes): 0
	Major (requiring I/O) page faults: 0
	Minor (reclaiming a frame) page faults: 2914488
	Voluntary context switches: 5
	Involuntary context switches: 2218
	Swaps: 0
	File system inputs: 16
	File system outputs: 8
	Socket messages sent: 0
	Socket messages received: 0
	Signals delivered: 0
	Page size (bytes): 4096
	Exit status: 124
