Input graph file parsed. # of vertices = 52, # of edges = 156
s 7 8 10 11 17 19 20 21 40 24 25 47 29 30 35 42
t 5 7 10 16 18 19 20 21 40 23 24 25 47 29 30 41
Solution space ZDD construction start
Solution space ZDD construction end
Solution space ZDD construction time = 3.534281
Solution space ZDD size = 137344
# of elements in the solution space = 280529902
Start searching a reconfiguration sequence from s to t
Step 1 time = 0.000406, # ZDD nodes = 108, # elems = 13
Step 2 time = 0.002743, # ZDD nodes = 458, # elems = 140
Step 3 time = 0.013292, # ZDD nodes = 1587, # elems = 1111
Step 4 time = 0.051976, # ZDD nodes = 4648, # elems = 6188
Step 5 time = 0.237237, # ZDD nodes = 11253, # elems = 23853
t found
a YES
a 7 8 10 11 17 19 20 21 24 25 29 30 35 40 42 47
a 7 10 11 17 19 20 21 23 24 25 29 30 35 40 42 47
a 7 10 17 19 20 21 23 24 25 29 30 35 40 41 42 47
a 7 10 17 18 19 20 21 23 24 25 29 30 35 40 41 47
a 7 10 16 17 18 19 20 21 23 24 25 29 30 40 41 47
a 5 7 10 16 18 19 20 21 23 24 25 29 30 40 41 47
Reconfiguration time = 0.310831
	Command being timed: "timeout 600s ../ddreconf/ddreconf ../benchmark_instances/2023result/docs/solver/benchmark/random_instance/random_instance004_graph003.col --st --stfile=../benchmark_instances/2023result/docs/solver/benchmark/random_instance/random_instance004_graph003_01.dat --tj --indset"
	User time (seconds): 3.70
	System time (seconds): 0.20
	Percent of CPU this job got: 99%
	Elapsed (wall clock) time (h:mm:ss or m:ss): 0:03.92
	Average shared text size (kbytes): 0
	Average unshared data size (kbytes): 0
	Average stack size (kbytes): 0
	Average total size (kbytes): 0
	Maximum resident set size (kbytes): 151604
	Average resident set size (kbytes): 0
	Major (requiring I/O) page faults: 0
	Minor (reclaiming a frame) page faults: 122292
	Voluntary context switches: 3
	Involuntary context switches: 4
	Swaps: 0
	File system inputs: 0
	File system outputs: 8
	Socket messages sent: 0
	Socket messages received: 0
	Signals delivered: 0
	Page size (bytes): 4096
	Exit status: 0
