Input graph file parsed. # of vertices = 52, # of edges = 156
s 8 22 11 26 31 44 14 3 12 28 23 24 50 17 4 25
t 11 37 10 31 44 51 29 36 12 2 28 24 50 52 32 13
Solution space ZDD construction start
Solution space ZDD construction end
Solution space ZDD construction time = 0.102750
Solution space ZDD size = 12969
# of elements in the solution space = 242964120
Start searching a reconfiguration sequence from s to t
Step 1 time = 0.000076, # ZDD nodes = 52, # elems = 9
Step 2 time = 0.000253, # ZDD nodes = 157, # elems = 75
Step 3 time = 0.001338, # ZDD nodes = 456, # elems = 447
Step 4 time = 0.004182, # ZDD nodes = 1197, # elems = 1977
Step 5 time = 0.014243, # ZDD nodes = 2694, # elems = 6927
Step 6 time = 0.049485, # ZDD nodes = 5265, # elems = 19531
Step 7 time = 0.122188, # ZDD nodes = 9166, # elems = 43989
Step 8 time = 0.356939, # ZDD nodes = 13986, # elems = 79062
Step 9 time = 0.638999, # ZDD nodes = 18323, # elems = 113728
t found
a YES
a 3 4 8 11 12 14 17 22 23 24 25 26 28 31 44 50
a 2 3 4 8 11 12 14 22 23 24 25 26 28 31 44 50
a 2 3 8 11 12 14 22 23 24 25 26 28 31 44 50 52
a 2 3 8 11 12 14 22 24 25 26 28 31 32 44 50 52
a 2 3 8 11 12 13 14 22 24 26 28 31 32 44 50 52
a 2 3 8 11 12 13 22 24 26 28 31 32 36 44 50 52
a 2 3 8 10 11 12 13 22 24 28 31 32 36 44 50 52
a 2 8 10 11 12 13 22 24 28 29 31 32 36 44 50 52
a 2 8 10 11 12 13 24 28 29 31 32 36 37 44 50 52
a 2 10 11 12 13 24 28 29 31 32 36 37 44 50 51 52
Reconfiguration time = 1.203049
	Command being timed: "timeout 0.5h ../ddreconf/ddreconf ../instances_pwwt_col/random_instance004_graph002.pwwt.col --st --stfile=../benchmark_instances/2023result/docs/solver/benchmark/random_instance/random_instance004_graph002_01.dat --tj --indset"
	User time (seconds): 1.25
	System time (seconds): 0.06
	Percent of CPU this job got: 99%
	Elapsed (wall clock) time (h:mm:ss or m:ss): 0:01.32
	Average shared text size (kbytes): 0
	Average unshared data size (kbytes): 0
	Average stack size (kbytes): 0
	Average total size (kbytes): 0
	Maximum resident set size (kbytes): 152376
	Average resident set size (kbytes): 0
	Major (requiring I/O) page faults: 0
	Minor (reclaiming a frame) page faults: 7392
	Voluntary context switches: 3
	Involuntary context switches: 3
	Swaps: 0
	File system inputs: 0
	File system outputs: 8
	Socket messages sent: 0
	Socket messages received: 0
	Signals delivered: 0
	Page size (bytes): 4096
	Exit status: 0
