Input graph file parsed. # of vertices = 78, # of edges = 234
s 3 4 7 8 12 13 15 16 24 25 29 40 41 45 46 66 52 73 59 63 65 77 72 69
t 1 16 21 22 23 25 27 34 37 39 42 43 44 48 50 66 52 56 57 58 59 64 77 74
Solution space ZDD construction start
Solution space ZDD construction end
Solution space ZDD construction time = 473.468237
Solution space ZDD size = 11045981
# of elements in the solution space = 4518023603224
Start searching a reconfiguration sequence from s to t
Step 1 time = 0.000390, # ZDD nodes = 96, # elems = 11
Step 2 time = 0.001504, # ZDD nodes = 339, # elems = 88
Step 3 time = 0.006617, # ZDD nodes = 1107, # elems = 520
Step 4 time = 0.026277, # ZDD nodes = 3370, # elems = 2562
Step 5 time = 0.111228, # ZDD nodes = 9619, # elems = 11376
Step 6 time = 1.018405, # ZDD nodes = 25275, # elems = 44750
Step 7 time = 1.257905, # ZDD nodes = 62271, # elems = 155830
Step 8 time = 4.001631, # ZDD nodes = 143016, # elems = 496482
Step 9 time = 11.069862, # ZDD nodes = 305867, # elems = 1518032
Step 10 time = 29.505627, # ZDD nodes = 611188, # elems = 4516707
Step 11 time = 66.941923, # ZDD nodes = 1143040, # elems = 12735181
Step 12 time = 154.446828, # ZDD nodes = 2009022, # elems = 32698346
Step 13 time = 335.578507, # ZDD nodes = 3325848, # elems = 74118830
Step 14 time = 587.343540, # ZDD nodes = 5175249, # elems = 146185051
Step 15 time = 1088.594891, # ZDD nodes = 7525736, # elems = 250388541
Step 16 Command exited with non-zero status 124
	Command being timed: "timeout 1.0h ../ddreconf/ddreconf ../benchmark_instances/2023result/docs/solver/benchmark/random_instance/random_instance006_graph002.col --st --stfile=../benchmark_instances/2023result/docs/solver/benchmark/random_instance/random_instance006_graph002_01.dat --tj --indset"
	User time (seconds): 3512.72
	System time (seconds): 73.70
	Percent of CPU this job got: 99%
	Elapsed (wall clock) time (h:mm:ss or m:ss): 1:00:00
	Average shared text size (kbytes): 0
	Average unshared data size (kbytes): 0
	Average stack size (kbytes): 0
	Average total size (kbytes): 0
	Maximum resident set size (kbytes): 140406880
	Average resident set size (kbytes): 0
	Major (requiring I/O) page faults: 0
	Minor (reclaiming a frame) page faults: 2750583
	Voluntary context switches: 119
	Involuntary context switches: 2178
	Swaps: 0
	File system inputs: 8
	File system outputs: 88
	Socket messages sent: 0
	Socket messages received: 0
	Signals delivered: 0
	Page size (bytes): 4096
	Exit status: 124
