Input graph file parsed. # of vertices = 126, # of edges = 210
s 2 4 6 8 10 12 14 16 18 20 22 24 25 27 30 33 35 38 41 44 47 49 52 55 58 61 64 67 69 72 75 78 81 84 87 90 93 95 98 101 104 107 110 113 116 119 122 125
t 2 4 6 8 10 12 14 16 18 20 21 23 25 27 30 33 35 38 41 44 47 49 52 55 58 61 64 67 69 72 75 78 81 84 87 90 93 96 97 100 103 106 109 112 115 118 121 124
Solution space ZDD construction start
Solution space ZDD construction end
Solution space ZDD construction time = 1088.198530
Solution space ZDD size = 142539591
# of elements in the solution space = 415653365128275123681600
Start searching a reconfiguration sequence from s to t
Step 1 time = 0.002469, # ZDD nodes = 112, # elems = 21
Step 2 time = 0.007929, # ZDD nodes = 198, # elems = 208
Step 3 time = 0.018733, # ZDD nodes = 291, # elems = 1294
Step 4 time = 0.033234, # ZDD nodes = 397, # elems = 5675
Step 5 time = 0.049594, # ZDD nodes = 492, # elems = 18655
Step 6 time = 0.060609, # ZDD nodes = 587, # elems = 47693
Step 7 time = 0.065347, # ZDD nodes = 693, # elems = 97096
Step 8 time = 0.066045, # ZDD nodes = 796, # elems = 159852
Step 9 time = 0.063494, # ZDD nodes = 890, # elems = 214896
Step 10 time = 0.060357, # ZDD nodes = 971, # elems = 237184
Step 11 time = 0.055305, # ZDD nodes = 1041, # elems = 215317
Step 12 time = 0.049063, # ZDD nodes = 1088, # elems = 160559
Step 13 time = 0.043105, # ZDD nodes = 1119, # elems = 98032
Step 14 time = 0.037943, # ZDD nodes = 1098, # elems = 49084
Step 15 time = 0.033317, # ZDD nodes = 1039, # elems = 20952
Step 16 time = 0.029906, # ZDD nodes = 941, # elems = 9294
Step 17 time = 0.024534, # ZDD nodes = 813, # elems = 6557
Step 18 time = 0.021430, # ZDD nodes = 674, # elems = 7581
Step 19 time = 0.019145, # ZDD nodes = 604, # elems = 10043
Step 20 time = 0.018349, # ZDD nodes = 584, # elems = 12509
Step 21 time = 0.017618, # ZDD nodes = 600, # elems = 13468
Step 22 time = 0.019126, # ZDD nodes = 645, # elems = 12118
Step 23 time = 0.020192, # ZDD nodes = 681, # elems = 9190
Step 24 time = 0.021491, # ZDD nodes = 691, # elems = 6360
Step 25 time = 0.020992, # ZDD nodes = 692, # elems = 4835
Step 26 time = 0.019375, # ZDD nodes = 714, # elems = 4561
Step 27 time = 0.017553, # ZDD nodes = 703, # elems = 4592
Step 28 time = 0.014491, # ZDD nodes = 648, # elems = 4065
Step 29 time = 0.012662, # ZDD nodes = 591, # elems = 2878
Step 30 time = 0.009764, # ZDD nodes = 525, # elems = 1562
Step 31 time = 0.008766, # ZDD nodes = 471, # elems = 648
Step 32 time = 0.008484, # ZDD nodes = 447, # elems = 250
Step 33 time = 0.007826, # ZDD nodes = 390, # elems = 165
Step 34 time = 0.007216, # ZDD nodes = 331, # elems = 195
Step 35 time = 0.007875, # ZDD nodes = 318, # elems = 320
Step 36 time = 0.009966, # ZDD nodes = 366, # elems = 651
Step 37 time = 0.012423, # ZDD nodes = 399, # elems = 1362
Step 38 time = 0.014441, # ZDD nodes = 427, # elems = 2763
Step 39 time = 0.016169, # ZDD nodes = 448, # elems = 5313
Step 40 time = 0.018677, # ZDD nodes = 484, # elems = 9319
Step 41 time = 0.021492, # ZDD nodes = 510, # elems = 14720
Step 42 time = 0.023632, # ZDD nodes = 520, # elems = 21504
Step 43 time = 0.023420, # ZDD nodes = 511, # elems = 30016
Step 44 time = 0.022164, # ZDD nodes = 508, # elems = 39834
Step 45 time = 0.019259, # ZDD nodes = 520, # elems = 48139
Step 46 time = 0.018207, # ZDD nodes = 593, # elems = 50519
Step 47 time = 0.017551, # ZDD nodes = 669, # elems = 44622
Step 48 time = 0.019739, # ZDD nodes = 751, # elems = 32813
Step 49 time = 0.024069, # ZDD nodes = 802, # elems = 20699
Step 50 time = 0.030196, # ZDD nodes = 842, # elems = 13465
Step 51 time = 0.036316, # ZDD nodes = 874, # elems = 13905
Step 52 time = 0.039847, # ZDD nodes = 902, # elems = 22499
Step 53 time = 0.041403, # ZDD nodes = 899, # elems = 37126
Step 54 time = 0.036752, # ZDD nodes = 846, # elems = 52290
Step 55 time = 0.031980, # ZDD nodes = 789, # elems = 60635
Step 56 time = 0.027877, # ZDD nodes = 745, # elems = 57442
Step 57 time = 0.024599, # ZDD nodes = 718, # elems = 44225
Step 58 time = 0.021541, # ZDD nodes = 701, # elems = 27449
Step 59 time = 0.018412, # ZDD nodes = 705, # elems = 13565
Step 60 time = 0.016415, # ZDD nodes = 697, # elems = 5255
Step 61 time = 0.013742, # ZDD nodes = 670, # elems = 1594
Step 62 time = 0.012681, # ZDD nodes = 603, # elems = 457
Step 63 time = 0.012405, # ZDD nodes = 516, # elems = 321
Step 64 time = 0.009857, # ZDD nodes = 402, # elems = 540
Step 65 time = 0.008529, # ZDD nodes = 316, # elems = 891
Step 66 time = 0.009391, # ZDD nodes = 323, # elems = 1289
Step 67 time = 0.009847, # ZDD nodes = 305, # elems = 1793
Step 68 time = 0.010129, # ZDD nodes = 311, # elems = 2497
Step 69 time = 0.009513, # ZDD nodes = 333, # elems = 3224
Step 70 time = 0.008914, # ZDD nodes = 350, # elems = 3510
Step 71 time = 0.008344, # ZDD nodes = 350, # elems = 3081
Step 72 time = 0.008953, # ZDD nodes = 356, # elems = 2224
Step 73 time = 0.009908, # ZDD nodes = 356, # elems = 1512
Step 74 time = 0.011092, # ZDD nodes = 413, # elems = 1277
Step 75 time = 0.013403, # ZDD nodes = 464, # elems = 1589
Step 76 time = 0.017217, # ZDD nodes = 512, # elems = 2717
Step 77 time = 0.019714, # ZDD nodes = 551, # elems = 5229
Step 78 time = 0.020566, # ZDD nodes = 585, # elems = 9239
Step 79 time = 0.021196, # ZDD nodes = 631, # elems = 13553
Step 80 time = 0.020646, # ZDD nodes = 636, # elems = 16005
Step 81 time = 0.018415, # ZDD nodes = 638, # elems = 15084
Step 82 time = 0.016186, # ZDD nodes = 638, # elems = 11274
Step 83 time = 0.014554, # ZDD nodes = 633, # elems = 6635
Step 84 time = 0.013386, # ZDD nodes = 618, # elems = 3107
Step 85 time = 0.012374, # ZDD nodes = 594, # elems = 1313
Step 86 time = 0.011881, # ZDD nodes = 563, # elems = 775
Step 87 time = 0.012012, # ZDD nodes = 529, # elems = 875
Step 88 time = 0.014046, # ZDD nodes = 475, # elems = 1486
Step 89 time = 0.016925, # ZDD nodes = 459, # elems = 2984
Step 90 time = 0.020285, # ZDD nodes = 508, # elems = 6138
Step 91 time = 0.024375, # ZDD nodes = 547, # elems = 12201
Step 92 time = 0.027729, # ZDD nodes = 561, # elems = 22708
Step 93 time = 0.035397, # ZDD nodes = 562, # elems = 38671
Step 94 time = 0.036447, # ZDD nodes = 590, # elems = 60263
Step 95 time = 0.040133, # ZDD nodes = 599, # elems = 87744
Step 96 time = 0.040935, # ZDD nodes = 592, # elems = 121369
Step 97 time = 0.038410, # ZDD nodes = 567, # elems = 157808
Step 98 time = 0.034524, # ZDD nodes = 563, # elems = 186526
Step 99 time = 0.031700, # ZDD nodes = 570, # elems = 193338
Step 100 time = 0.029042, # ZDD nodes = 639, # elems = 171112
Step 101 time = 0.025332, # ZDD nodes = 714, # elems = 127172
Step 102 time = 0.025676, # ZDD nodes = 807, # elems = 78906
Step 103 time = 0.028550, # ZDD nodes = 870, # elems = 42340
Step 104 time = 0.038295, # ZDD nodes = 920, # elems = 26013
Step 105 time = 0.053974, # ZDD nodes = 985, # elems = 35752
Step 106 time = 0.070996, # ZDD nodes = 1040, # elems = 83617
Step 107 time = 0.086095, # ZDD nodes = 1057, # elems = 188360
Step 108 time = 0.089928, # ZDD nodes = 1011, # elems = 360111
Step 109 time = 0.088888, # ZDD nodes = 977, # elems = 577126
Step 110 time = 0.086842, # ZDD nodes = 964, # elems = 777088
Step 111 time = 0.078951, # ZDD nodes = 950, # elems = 881492
Step 112 time = 0.071115, # ZDD nodes = 960, # elems = 843130
Step 113 time = 0.069547, # ZDD nodes = 972, # elems = 678977
Step 114 time = 0.058599, # ZDD nodes = 1022, # elems = 458534
Step 115 time = 0.051452, # ZDD nodes = 1065, # elems = 258024
Step 116 time = 0.043302, # ZDD nodes = 1090, # elems = 120072
Step 117 time = 0.037594, # ZDD nodes = 1098, # elems = 46298
Step 118 time = 0.030694, # ZDD nodes = 1072, # elems = 16197
Step 119 time = 0.023905, # ZDD nodes = 1030, # elems = 8399
Step 120 time = 0.019465, # ZDD nodes = 945, # elems = 9834
Step 121 time = 0.017585, # ZDD nodes = 825, # elems = 14776
Step 122 time = 0.018281, # ZDD nodes = 679, # elems = 21507
Step 123 time = 0.019828, # ZDD nodes = 589, # elems = 30017
Step 124 time = 0.019213, # ZDD nodes = 604, # elems = 39847
Step 125 time = 0.019063, # ZDD nodes = 594, # elems = 48217
Step 126 time = 0.018997, # ZDD nodes = 644, # elems = 50805
Step 127 time = 0.019160, # ZDD nodes = 678, # elems = 45335
Step 128 time = 0.019228, # ZDD nodes = 705, # elems = 34067
Step 129 time = 0.018946, # ZDD nodes = 731, # elems = 22157
Step 130 time = 0.019291, # ZDD nodes = 732, # elems = 13912
Step 131 time = 0.018833, # ZDD nodes = 739, # elems = 10796
Step 132 time = 0.017340, # ZDD nodes = 780, # elems = 11837
Step 133 time = 0.015737, # ZDD nodes = 796, # elems = 14641
Step 134 time = 0.013990, # ZDD nodes = 773, # elems = 16375
Step 135 time = 0.011397, # ZDD nodes = 745, # elems = 15175
Step 136 time = 0.009805, # ZDD nodes = 704, # elems = 11288
Step 137 time = 0.008505, # ZDD nodes = 669, # elems = 6636
Step 138 time = 0.008160, # ZDD nodes = 628, # elems = 3107
Step 139 time = 0.007744, # ZDD nodes = 605, # elems = 1313
Step 140 time = 0.007226, # ZDD nodes = 580, # elems = 775
Step 141 time = 0.007537, # ZDD nodes = 549, # elems = 875
Step 142 time = 0.008639, # ZDD nodes = 490, # elems = 1486
Step 143 time = 0.010511, # ZDD nodes = 470, # elems = 2984
Step 144 time = 0.012760, # ZDD nodes = 526, # elems = 6138
Step 145 time = 0.015082, # ZDD nodes = 569, # elems = 12201
Step 146 time = 0.017481, # ZDD nodes = 582, # elems = 22708
Step 147 time = 0.020530, # ZDD nodes = 578, # elems = 38671
Step 148 time = 0.023791, # ZDD nodes = 603, # elems = 60263
Step 149 time = 0.025408, # ZDD nodes = 616, # elems = 87744
Step 150 time = 0.025723, # ZDD nodes = 612, # elems = 121369
Step 151 time = 0.022456, # ZDD nodes = 622, # elems = 157809
Step 152 time = 0.020784, # ZDD nodes = 640, # elems = 186540
Step 153 time = 0.019192, # ZDD nodes = 645, # elems = 193429
Step 154 time = 0.018179, # ZDD nodes = 702, # elems = 171476
Step 155 time = 0.018880, # ZDD nodes = 765, # elems = 128171
Step 156 time = 0.020733, # ZDD nodes = 832, # elems = 80867
Step 157 time = 0.023938, # ZDD nodes = 884, # elems = 44941
Step 158 time = 0.027937, # ZDD nodes = 933, # elems = 26938
Step 159 time = 0.031439, # ZDD nodes = 980, # elems = 27601
Step 160 time = 0.032593, # ZDD nodes = 1031, # elems = 47979
Step 161 time = 0.033153, # ZDD nodes = 1057, # elems = 89372
Step 162 time = 0.031044, # ZDD nodes = 1015, # elems = 146283
Step 163 time = 0.028335, # ZDD nodes = 969, # elems = 201242
Step 164 time = 0.026017, # ZDD nodes = 948, # elems = 230632
Step 165 time = 0.023955, # ZDD nodes = 919, # elems = 219653
Step 166 time = 0.021776, # ZDD nodes = 899, # elems = 173327
Step 167 time = 0.019665, # ZDD nodes = 901, # elems = 112687
Step 168 time = 0.018487, # ZDD nodes = 928, # elems = 59834
Step 169 time = 0.016968, # ZDD nodes = 934, # elems = 25669
Step 170 time = 0.015214, # ZDD nodes = 913, # elems = 8900
Step 171 time = 0.013157, # ZDD nodes = 864, # elems = 2829
Step 172 time = 0.010355, # ZDD nodes = 790, # elems = 1639
Step 173 time = 0.008029, # ZDD nodes = 703, # elems = 2292
Step 174 time = 0.007716, # ZDD nodes = 574, # elems = 3611
Step 175 time = 0.007856, # ZDD nodes = 465, # elems = 5262
Step 176 time = 0.008139, # ZDD nodes = 460, # elems = 7372
Step 177 time = 0.007702, # ZDD nodes = 455, # elems = 10011
Step 178 time = 0.007484, # ZDD nodes = 482, # elems = 12455
Step 179 time = 0.007445, # ZDD nodes = 493, # elems = 13325
Step 180 time = 0.007926, # ZDD nodes = 515, # elems = 11896
Step 181 time = 0.009433, # ZDD nodes = 535, # elems = 9041
Step 182 time = 0.011068, # ZDD nodes = 565, # elems = 6525
Step 183 time = 0.013264, # ZDD nodes = 592, # elems = 5655
Step 184 time = 0.016152, # ZDD nodes = 660, # elems = 7172
Step 185 time = 0.018963, # ZDD nodes = 722, # elems = 12252
Step 186 time = 0.020318, # ZDD nodes = 771, # elems = 22414
Step 187 time = 0.021402, # ZDD nodes = 796, # elems = 37260
Step 188 time = 0.021991, # ZDD nodes = 795, # elems = 52350
Step 189 time = 0.019765, # ZDD nodes = 824, # elems = 60647
Step 190 time = 0.018702, # ZDD nodes = 832, # elems = 57447
Step 191 time = 0.017876, # ZDD nodes = 804, # elems = 44267
Step 192 time = 0.016701, # ZDD nodes = 784, # elems = 27651
Step 193 time = 0.016102, # ZDD nodes = 782, # elems = 14162
Step 194 time = 0.015095, # ZDD nodes = 768, # elems = 6508
Step 195 time = 0.014513, # ZDD nodes = 760, # elems = 3738
Step 196 time = 0.015436, # ZDD nodes = 734, # elems = 4011
Step 197 time = 0.017466, # ZDD nodes = 698, # elems = 6831
Step 198 time = 0.020921, # ZDD nodes = 649, # elems = 13592
Step 199 time = 0.026651, # ZDD nodes = 632, # elems = 27461
Step 200 time = 0.030410, # ZDD nodes = 670, # elems = 53248
Step 201 time = 0.035030, # ZDD nodes = 690, # elems = 96288
Step 202 time = 0.040004, # ZDD nodes = 689, # elems = 160313
Step 203 time = 0.044682, # ZDD nodes = 674, # elems = 246941
Step 204 time = 0.047768, # ZDD nodes = 685, # elems = 357120
Step 205 time = 0.048627, # ZDD nodes = 683, # elems = 488290
Step 206 time = 0.046160, # ZDD nodes = 673, # elems = 623510
Step 207 time = 0.043682, # ZDD nodes = 642, # elems = 724182
Step 208 time = 0.040063, # ZDD nodes = 631, # elems = 744194
Step 209 time = 0.037757, # ZDD nodes = 614, # elems = 662163
Step 210 time = 0.034236, # ZDD nodes = 640, # elems = 502344
Step 211 time = 0.030451, # ZDD nodes = 681, # elems = 321218
Step 212 time = 0.029799, # ZDD nodes = 752, # elems = 171681
Step 213 time = 0.031756, # ZDD nodes = 798, # elems = 77480
Step 214 time = 0.037414, # ZDD nodes = 813, # elems = 35556
Step 215 time = 0.045390, # ZDD nodes = 864, # elems = 36506
Step 216 time = 0.054469, # ZDD nodes = 906, # elems = 82301
Step 217 time = 0.059372, # ZDD nodes = 919, # elems = 187114
Step 218 time = 0.059946, # ZDD nodes = 897, # elems = 359398
Step 219 time = 0.058582, # ZDD nodes = 912, # elems = 576840
Step 220 time = 0.057045, # ZDD nodes = 926, # elems = 777010
Step 221 time = 0.053408, # ZDD nodes = 923, # elems = 881479
Step 222 time = 0.049310, # ZDD nodes = 974, # elems = 843129
Step 223 time = 0.045292, # ZDD nodes = 1011, # elems = 678977
Step 224 time = 0.039424, # ZDD nodes = 1038, # elems = 458534
Step 225 time = 0.033606, # ZDD nodes = 1066, # elems = 258024
Step 226 time = 0.027924, # ZDD nodes = 1064, # elems = 120072
Step 227 time = 0.022358, # ZDD nodes = 1057, # elems = 46298
Step 228 time = 0.017286, # ZDD nodes = 1023, # elems = 16197
Step 229 time = 0.014051, # ZDD nodes = 980, # elems = 8399
Step 230 time = 0.012772, # ZDD nodes = 892, # elems = 9834
Step 231 time = 0.013196, # ZDD nodes = 776, # elems = 14776
Step 232 time = 0.014448, # ZDD nodes = 654, # elems = 21507
Step 233 time = 0.015539, # ZDD nodes = 605, # elems = 30017
Step 234 time = 0.016476, # ZDD nodes = 631, # elems = 39847
Step 235 time = 0.016559, # ZDD nodes = 621, # elems = 48217
Step 236 time = 0.017576, # ZDD nodes = 675, # elems = 50805
Step 237 time = 0.017000, # ZDD nodes = 711, # elems = 45335
Step 238 time = 0.016725, # ZDD nodes = 735, # elems = 34067
Step 239 time = 0.016242, # ZDD nodes = 762, # elems = 22157
Step 240 time = 0.016392, # ZDD nodes = 756, # elems = 13912
Step 241 time = 0.015417, # ZDD nodes = 756, # elems = 10796
Step 242 time = 0.013556, # ZDD nodes = 787, # elems = 11837
Step 243 time = 0.012373, # ZDD nodes = 796, # elems = 14641
Step 244 time = 0.010534, # ZDD nodes = 769, # elems = 16375
Step 245 time = 0.008588, # ZDD nodes = 744, # elems = 15175
Step 246 time = 0.008000, # ZDD nodes = 712, # elems = 11288
Step 247 time = 0.006993, # ZDD nodes = 678, # elems = 6636
Step 248 time = 0.006750, # ZDD nodes = 641, # elems = 3107
Step 249 time = 0.006609, # ZDD nodes = 611, # elems = 1313
Step 250 time = 0.006072, # ZDD nodes = 585, # elems = 775
Step 251 time = 0.006134, # ZDD nodes = 557, # elems = 875
Step 252 time = 0.006856, # ZDD nodes = 502, # elems = 1486
Step 253 time = 0.008300, # ZDD nodes = 478, # elems = 2984
Step 254 time = 0.009821, # ZDD nodes = 531, # elems = 6138
Step 255 time = 0.011689, # ZDD nodes = 572, # elems = 12201
Step 256 time = 0.013526, # ZDD nodes = 587, # elems = 22708
Step 257 time = 0.015446, # ZDD nodes = 586, # elems = 38671
Step 258 time = 0.017981, # ZDD nodes = 606, # elems = 60263
Step 259 time = 0.019227, # ZDD nodes = 618, # elems = 87744
Step 260 time = 0.018945, # ZDD nodes = 619, # elems = 121369
Step 261 time = 0.017822, # ZDD nodes = 647, # elems = 157809
Step 262 time = 0.017432, # ZDD nodes = 679, # elems = 186540
Step 263 time = 0.016872, # ZDD nodes = 690, # elems = 193429
Step 264 time = 0.016926, # ZDD nodes = 753, # elems = 171476
Step 265 time = 0.017989, # ZDD nodes = 818, # elems = 128171
Step 266 time = 0.019677, # ZDD nodes = 874, # elems = 80867
Step 267 time = 0.022050, # ZDD nodes = 909, # elems = 44941
Step 268 time = 0.025622, # ZDD nodes = 930, # elems = 26938
Step 269 time = 0.028172, # ZDD nodes = 959, # elems = 27601
Step 270 time = 0.029431, # ZDD nodes = 992, # elems = 47979
Step 271 time = 0.029871, # ZDD nodes = 1002, # elems = 89372
Step 272 time = 0.027867, # ZDD nodes = 956, # elems = 146283
Step 273 time = 0.025362, # ZDD nodes = 919, # elems = 201242
Step 274 time = 0.022821, # ZDD nodes = 910, # elems = 230632
Step 275 time = 0.021028, # ZDD nodes = 891, # elems = 219653
Step 276 time = 0.019131, # ZDD nodes = 882, # elems = 173327
Step 277 time = 0.016477, # ZDD nodes = 888, # elems = 112687
Step 278 time = 0.015123, # ZDD nodes = 913, # elems = 59834
Step 279 time = 0.013097, # ZDD nodes = 920, # elems = 25669
Step 280 time = 0.011542, # ZDD nodes = 903, # elems = 8900
Step 281 time = 0.009928, # ZDD nodes = 865, # elems = 2829
Step 282 time = 0.008630, # ZDD nodes = 789, # elems = 1639
Step 283 time = 0.007376, # ZDD nodes = 693, # elems = 2292
Step 284 time = 0.007072, # ZDD nodes = 562, # elems = 3611
Step 285 time = 0.007269, # ZDD nodes = 453, # elems = 5262
Step 286 time = 0.007730, # ZDD nodes = 443, # elems = 7372
Step 287 time = 0.006929, # ZDD nodes = 435, # elems = 10011
Step 288 time = 0.006648, # ZDD nodes = 462, # elems = 12455
Step 289 time = 0.006541, # ZDD nodes = 478, # elems = 13325
Step 290 time = 0.006984, # ZDD nodes = 504, # elems = 11896
Step 291 time = 0.008107, # ZDD nodes = 521, # elems = 9041
Step 292 time = 0.009329, # ZDD nodes = 547, # elems = 6525
Step 293 time = 0.010890, # ZDD nodes = 578, # elems = 5655
Step 294 time = 0.013428, # ZDD nodes = 655, # elems = 7172
Step 295 time = 0.015615, # ZDD nodes = 722, # elems = 12252
Step 296 time = 0.016965, # ZDD nodes = 771, # elems = 22414
Step 297 time = 0.018779, # ZDD nodes = 797, # elems = 37260
Step 298 time = 0.018284, # ZDD nodes = 797, # elems = 52350
Step 299 time = 0.017303, # ZDD nodes = 824, # elems = 60647
Step 300 time = 0.016099, # ZDD nodes = 825, # elems = 57447
Step 301 time = 0.014820, # ZDD nodes = 794, # elems = 44267
Step 302 time = 0.013917, # ZDD nodes = 779, # elems = 27651
Step 303 time = 0.012825, # ZDD nodes = 788, # elems = 14162
Step 304 time = 0.012299, # ZDD nodes = 781, # elems = 6508
Step 305 time = 0.012143, # ZDD nodes = 767, # elems = 3738
Step 306 time = 0.013309, # ZDD nodes = 734, # elems = 4011
Step 307 time = 0.015339, # ZDD nodes = 702, # elems = 6831
Step 308 time = 0.018547, # ZDD nodes = 656, # elems = 13592
Step 309 time = 0.022208, # ZDD nodes = 637, # elems = 27461
Step 310 time = 0.027246, # ZDD nodes = 672, # elems = 53248
Step 311 time = 0.031290, # ZDD nodes = 693, # elems = 96288
Step 312 time = 0.036870, # ZDD nodes = 692, # elems = 160313
Step 313 time = 0.042211, # ZDD nodes = 676, # elems = 246941
Step 314 time = 0.045829, # ZDD nodes = 687, # elems = 357120
Step 315 time = 0.046408, # ZDD nodes = 683, # elems = 488290
Step 316 time = 0.045746, # ZDD nodes = 668, # elems = 623510
Step 317 time = 0.043494, # ZDD nodes = 685, # elems = 724183
Step 318 time = 0.040666, # ZDD nodes = 697, # elems = 744207
Step 319 time = 0.036808, # ZDD nodes = 691, # elems = 662241
Step 320 time = 0.032205, # ZDD nodes = 743, # elems = 502630
Step 321 time = 0.028964, # ZDD nodes = 797, # elems = 321931
Step 322 time = 0.026441, # ZDD nodes = 865, # elems = 172927
Step 323 time = 0.026097, # ZDD nodes = 909, # elems = 78794
Step 324 time = 0.027997, # ZDD nodes = 916, # elems = 34765
Step 325 time = 0.030296, # ZDD nodes = 948, # elems = 26639
Step 326 time = 0.033247, # ZDD nodes = 972, # elems = 45376
Step 327 time = 0.034220, # ZDD nodes = 971, # elems = 87411
Step 328 time = 0.033696, # ZDD nodes = 905, # elems = 145284
Step 329 time = 0.030057, # ZDD nodes = 861, # elems = 200878
Step 330 time = 0.027739, # ZDD nodes = 828, # elems = 230541
Step 331 time = 0.024525, # ZDD nodes = 807, # elems = 219639
Step 332 time = 0.021045, # ZDD nodes = 834, # elems = 173326
Step 333 time = 0.018447, # ZDD nodes = 864, # elems = 112687
Step 334 time = 0.016066, # ZDD nodes = 892, # elems = 59834
Step 335 time = 0.013293, # ZDD nodes = 904, # elems = 25669
Step 336 time = 0.011236, # ZDD nodes = 890, # elems = 8900
Step 337 time = 0.010040, # ZDD nodes = 866, # elems = 2829
Step 338 time = 0.008697, # ZDD nodes = 789, # elems = 1639
Step 339 time = 0.007362, # ZDD nodes = 682, # elems = 2292
Step 340 time = 0.007028, # ZDD nodes = 558, # elems = 3611
Step 341 time = 0.007523, # ZDD nodes = 457, # elems = 5262
Step 342 time = 0.008243, # ZDD nodes = 446, # elems = 7372
Step 343 time = 0.007977, # ZDD nodes = 439, # elems = 10011
Step 344 time = 0.008168, # ZDD nodes = 470, # elems = 12453
Step 345 time = 0.008261, # ZDD nodes = 488, # elems = 13300
Step 346 time = 0.007874, # ZDD nodes = 516, # elems = 11752
Step 347 time = 0.008139, # ZDD nodes = 523, # elems = 8531
Step 348 time = 0.008242, # ZDD nodes = 518, # elems = 5253
Step 349 time = 0.008292, # ZDD nodes = 525, # elems = 3120
Step 350 time = 0.009031, # ZDD nodes = 553, # elems = 2419
Step 351 time = 0.008688, # ZDD nodes = 574, # elems = 2838
Step 352 time = 0.008164, # ZDD nodes = 578, # elems = 3742
Step 353 time = 0.008153, # ZDD nodes = 558, # elems = 4319
Step 354 time = 0.007253, # ZDD nodes = 508, # elems = 3995
Step 355 time = 0.006195, # ZDD nodes = 488, # elems = 2866
Step 356 time = 0.005323, # ZDD nodes = 458, # elems = 1561
Step 357 time = 0.004906, # ZDD nodes = 440, # elems = 648
Step 358 time = 0.004346, # ZDD nodes = 414, # elems = 250
Step 359 time = 0.004002, # ZDD nodes = 367, # elems = 165
Step 360 time = 0.003821, # ZDD nodes = 312, # elems = 195
Step 361 time = 0.004161, # ZDD nodes = 295, # elems = 320
Step 362 time = 0.005215, # ZDD nodes = 340, # elems = 651
Step 363 time = 0.006497, # ZDD nodes = 381, # elems = 1362
Step 364 time = 0.007655, # ZDD nodes = 413, # elems = 2763
Step 365 time = 0.008741, # ZDD nodes = 432, # elems = 5313
Step 366 time = 0.010171, # ZDD nodes = 470, # elems = 9319
Step 367 time = 0.011884, # ZDD nodes = 496, # elems = 14720
Step 368 time = 0.013300, # ZDD nodes = 506, # elems = 21504
Step 369 time = 0.013513, # ZDD nodes = 495, # elems = 30016
Step 370 time = 0.012873, # ZDD nodes = 468, # elems = 39833
Step 371 time = 0.012716, # ZDD nodes = 457, # elems = 48127
Step 372 time = 0.010227, # ZDD nodes = 500, # elems = 50453
Step 373 time = 0.009055, # ZDD nodes = 534, # elems = 44396
Step 374 time = 0.008255, # ZDD nodes = 571, # elems = 32231
Step 375 time = 0.008150, # ZDD nodes = 612, # elems = 19313
Step 376 time = 0.008651, # ZDD nodes = 654, # elems = 10010
Step 377 time = 0.010198, # ZDD nodes = 689, # elems = 5608
Step 378 time = 0.012543, # ZDD nodes = 755, # elems = 5712
Step 379 time = 0.014597, # ZDD nodes = 805, # elems = 10569
Step 380 time = 0.015753, # ZDD nodes = 803, # elems = 21129
Step 381 time = 0.015989, # ZDD nodes = 779, # elems = 36545
Step 382 time = 0.014630, # ZDD nodes = 740, # elems = 52064
Step 383 time = 0.013188, # ZDD nodes = 720, # elems = 60569
Step 384 time = 0.011886, # ZDD nodes = 710, # elems = 57430
Step 385 time = 0.010900, # ZDD nodes = 706, # elems = 44224
Step 386 time = 0.009389, # ZDD nodes = 735, # elems = 27449
Step 387 time = 0.008196, # ZDD nodes = 744, # elems = 13565
Step 388 time = 0.007479, # ZDD nodes = 740, # elems = 5255
Step 389 time = 0.007148, # ZDD nodes = 707, # elems = 1594
Step 390 time = 0.005671, # ZDD nodes = 632, # elems = 457
Step 391 time = 0.004976, # ZDD nodes = 539, # elems = 321
Step 392 time = 0.004281, # ZDD nodes = 424, # elems = 540
Step 393 time = 0.005387, # ZDD nodes = 338, # elems = 891
Step 394 time = 0.004537, # ZDD nodes = 346, # elems = 1289
Step 395 time = 0.004788, # ZDD nodes = 329, # elems = 1793
Step 396 time = 0.004750, # ZDD nodes = 335, # elems = 2497
Step 397 time = 0.004344, # ZDD nodes = 357, # elems = 3224
Step 398 time = 0.004125, # ZDD nodes = 374, # elems = 3510
Step 399 time = 0.004112, # ZDD nodes = 373, # elems = 3081
Step 400 time = 0.004337, # ZDD nodes = 381, # elems = 2224
Step 401 time = 0.004972, # ZDD nodes = 383, # elems = 1512
Step 402 time = 0.005659, # ZDD nodes = 443, # elems = 1277
Step 403 time = 0.006701, # ZDD nodes = 495, # elems = 1589
Step 404 time = 0.008058, # ZDD nodes = 542, # elems = 2717
Step 405 time = 0.009012, # ZDD nodes = 583, # elems = 5229
Step 406 time = 0.009264, # ZDD nodes = 617, # elems = 9239
Step 407 time = 0.009625, # ZDD nodes = 657, # elems = 13553
Step 408 time = 0.009185, # ZDD nodes = 658, # elems = 16005
Step 409 time = 0.008305, # ZDD nodes = 659, # elems = 15084
Step 410 time = 0.007555, # ZDD nodes = 658, # elems = 11274
Step 411 time = 0.006963, # ZDD nodes = 651, # elems = 6635
Step 412 time = 0.006403, # ZDD nodes = 631, # elems = 3107
Step 413 time = 0.006118, # ZDD nodes = 601, # elems = 1313
Step 414 time = 0.005795, # ZDD nodes = 570, # elems = 775
Step 415 time = 0.005973, # ZDD nodes = 539, # elems = 875
Step 416 time = 0.007005, # ZDD nodes = 487, # elems = 1486
Step 417 time = 0.008461, # ZDD nodes = 468, # elems = 2984
t found
a YES
a 2 4 6 8 10 12 14 16 18 20 22 24 25 27 30 33 35 38 41 44 47 49 52 55 58 61 64 67 69 72 75 78 81 84 87 90 93 95 98 101 104 107 110 113 116 119 122 125
a 2 3 6 8 10 12 14 16 18 20 22 24 25 27 30 33 35 38 41 44 47 49 52 55 58 61 64 67 69 72 75 78 81 84 87 90 93 95 98 101 104 107 110 113 116 119 122 125
a 2 3 6 8 10 12 14 16 18 20 22 24 25 27 30 34 35 38 41 44 47 49 52 55 58 61 64 67 69 72 75 78 81 84 87 90 93 95 98 101 104 107 110 113 116 119 122 125
a 2 3 6 8 10 12 14 16 18 20 22 24 26 27 30 34 35 38 41 44 47 49 52 55 58 61 64 67 69 72 75 78 81 84 87 90 93 95 98 101 104 107 110 113 116 119 122 125
a 1 3 6 8 10 12 14 16 18 20 22 24 26 27 30 34 35 38 41 44 47 49 52 55 58 61 64 67 69 72 75 78 81 84 87 90 93 95 98 101 104 107 110 113 116 119 122 125
a 1 3 6 8 10 12 14 16 18 20 22 24 26 27 31 34 35 38 41 44 47 49 52 55 58 61 64 67 69 72 75 78 81 84 87 90 93 95 98 101 104 107 110 113 116 119 122 125
a 1 3 6 7 10 12 14 16 18 20 22 24 26 27 31 34 35 38 41 44 47 49 52 55 58 61 64 67 69 72 75 78 81 84 87 90 93 95 98 101 104 107 110 113 116 119 122 125
a 1 3 6 7 10 12 14 16 18 20 22 24 26 27 31 34 35 38 41 44 48 49 52 55 58 61 64 67 69 72 75 78 81 84 87 90 93 95 98 101 104 107 110 113 116 119 122 125
a 1 3 6 7 10 12 14 16 18 20 22 24 26 28 31 34 35 38 41 44 48 49 52 55 58 61 64 67 69 72 75 78 81 84 87 90 93 95 98 101 104 107 110 113 116 119 122 125
a 1 3 5 7 10 12 14 16 18 20 22 24 26 28 31 34 35 38 41 44 48 49 52 55 58 61 64 67 69 72 75 78 81 84 87 90 93 95 98 101 104 107 110 113 116 119 122 125
a 1 3 5 7 10 12 14 16 18 20 22 24 26 28 31 34 35 38 41 45 48 49 52 55 58 61 64 67 69 72 75 78 81 84 87 90 93 95 98 101 104 107 110 113 116 119 122 125
a 1 3 5 7 10 12 14 16 18 20 22 24 26 28 31 32 35 38 41 45 48 49 52 55 58 61 64 67 69 72 75 78 81 84 87 90 93 95 98 101 104 107 110 113 116 119 122 125
a 1 3 5 7 10 12 14 16 18 20 22 24 26 28 29 32 35 38 41 45 48 49 52 55 58 61 64 67 69 72 75 78 81 84 87 90 93 95 98 101 104 107 110 113 116 119 122 125
a 2 3 5 7 10 12 14 16 18 20 22 24 26 28 29 32 35 38 41 45 48 49 52 55 58 61 64 67 69 72 75 78 81 84 87 90 93 95 98 101 104 107 110 113 116 119 122 125
a 2 3 5 7 10 12 14 16 18 20 22 24 25 28 29 32 35 38 41 45 48 49 52 55 58 61 64 67 69 72 75 78 81 84 87 90 93 95 98 101 104 107 110 113 116 119 122 125
a 2 4 5 7 10 12 14 16 18 20 22 24 25 28 29 32 35 38 41 45 48 49 52 55 58 61 64 67 69 72 75 78 81 84 87 90 93 95 98 101 104 107 110 113 116 119 122 125
a 2 4 5 7 10 12 14 16 18 20 22 24 25 28 29 32 35 38 42 45 48 49 52 55 58 61 64 67 69 72 75 78 81 84 87 90 93 95 98 101 104 107 110 113 116 119 122 125
a 2 4 5 7 10 12 14 16 18 20 22 24 25 28 29 32 35 39 42 45 48 49 52 55 58 61 64 67 69 72 75 78 81 84 87 90 93 95 98 101 104 107 110 113 116 119 122 125
a 2 4 5 7 10 11 14 16 18 20 22 24 25 28 29 32 35 39 42 45 48 49 52 55 58 61 64 67 69 72 75 78 81 84 87 90 93 95 98 101 104 107 110 113 116 119 122 125
a 2 4 5 7 10 11 14 16 18 20 22 24 25 28 29 32 35 39 42 45 48 49 52 55 58 61 64 68 69 72 75 78 81 84 87 90 93 95 98 101 104 107 110 113 116 119 122 125
a 2 4 5 7 10 11 14 16 18 20 22 24 25 28 29 32 36 39 42 45 48 49 52 55 58 61 64 68 69 72 75 78 81 84 87 90 93 95 98 101 104 107 110 113 116 119 122 125
a 2 4 5 7 9 11 14 16 18 20 22 24 25 28 29 32 36 39 42 45 48 49 52 55 58 61 64 68 69 72 75 78 81 84 87 90 93 95 98 101 104 107 110 113 116 119 122 125
a 2 4 5 7 9 11 14 16 18 20 22 24 25 28 29 32 36 39 42 45 48 49 52 55 58 61 65 68 69 72 75 78 81 84 87 90 93 95 98 101 104 107 110 113 116 119 122 125
a 2 4 5 7 9 11 14 16 18 20 22 24 25 28 29 32 36 39 42 45 46 49 52 55 58 61 65 68 69 72 75 78 81 84 87 90 93 95 98 101 104 107 110 113 116 119 122 125
a 2 4 5 7 9 11 14 16 18 20 22 24 25 28 29 32 36 39 42 43 46 49 52 55 58 61 65 68 69 72 75 78 81 84 87 90 93 95 98 101 104 107 110 113 116 119 122 125
a 2 4 5 7 9 11 14 16 18 20 22 24 25 28 29 32 36 39 40 43 46 49 52 55 58 61 65 68 69 72 75 78 81 84 87 90 93 95 98 101 104 107 110 113 116 119 122 125
a 2 4 5 7 9 11 14 16 18 20 22 24 25 28 29 32 36 37 40 43 46 49 52 55 58 61 65 68 69 72 75 78 81 84 87 90 93 95 98 101 104 107 110 113 116 119 122 125
a 2 3 5 7 9 11 14 16 18 20 22 24 25 28 29 32 36 37 40 43 46 49 52 55 58 61 65 68 69 72 75 78 81 84 87 90 93 95 98 101 104 107 110 113 116 119 122 125
a 2 3 5 7 9 11 14 16 18 20 22 24 25 28 29 34 36 37 40 43 46 49 52 55 58 61 65 68 69 72 75 78 81 84 87 90 93 95 98 101 104 107 110 113 116 119 122 125
a 2 3 5 7 9 11 14 16 18 20 22 24 26 28 29 34 36 37 40 43 46 49 52 55 58 61 65 68 69 72 75 78 81 84 87 90 93 95 98 101 104 107 110 113 116 119 122 125
a 1 3 5 7 9 11 14 16 18 20 22 24 26 28 29 34 36 37 40 43 46 49 52 55 58 61 65 68 69 72 75 78 81 84 87 90 93 95 98 101 104 107 110 113 116 119 122 125
a 1 3 5 7 9 11 14 16 18 20 22 24 26 28 31 34 36 37 40 43 46 49 52 55 58 61 65 68 69 72 75 78 81 84 87 90 93 95 98 101 104 107 110 113 116 119 122 125
a 1 3 6 7 9 11 14 16 18 20 22 24 26 28 31 34 36 37 40 43 46 49 52 55 58 61 65 68 69 72 75 78 81 84 87 90 93 95 98 101 104 107 110 113 116 119 122 125
a 1 3 6 7 9 11 14 16 18 20 22 24 26 27 31 34 36 37 40 43 46 49 52 55 58 61 65 68 69 72 75 78 81 84 87 90 93 95 98 101 104 107 110 113 116 119 122 125
a 1 3 6 8 9 11 14 16 18 20 22 24 26 27 31 34 36 37 40 43 46 49 52 55 58 61 65 68 69 72 75 78 81 84 87 90 93 95 98 101 104 107 110 113 116 119 122 125
a 1 3 6 8 9 11 14 16 18 20 22 24 26 27 31 34 36 37 40 43 46 49 52 55 58 62 65 68 69 72 75 78 81 84 87 90 93 95 98 101 104 107 110 113 116 119 122 125
a 1 3 6 8 9 11 14 16 18 20 22 24 26 27 31 34 36 37 40 43 46 49 52 55 59 62 65 68 69 72 75 78 81 84 87 90 93 95 98 101 104 107 110 113 116 119 122 125
a 1 3 6 8 9 11 14 16 18 20 22 24 26 27 31 33 36 37 40 43 46 49 52 55 59 62 65 68 69 72 75 78 81 84 87 90 93 95 98 101 104 107 110 113 116 119 122 125
a 1 3 6 8 9 11 14 16 18 20 22 24 26 27 30 33 36 37 40 43 46 49 52 55 59 62 65 68 69 72 75 78 81 84 87 90 93 95 98 101 104 107 110 113 116 119 122 125
a 2 3 6 8 9 11 14 16 18 20 22 24 26 27 30 33 36 37 40 43 46 49 52 55 59 62 65 68 69 72 75 78 81 84 87 90 93 95 98 101 104 107 110 113 116 119 122 125
a 2 3 6 8 9 11 14 16 18 20 22 24 25 27 30 33 36 37 40 43 46 49 52 55 59 62 65 68 69 72 75 78 81 84 87 90 93 95 98 101 104 107 110 113 116 119 122 125
a 2 4 6 8 9 11 14 16 18 20 22 24 25 27 30 33 36 37 40 43 46 49 52 55 59 62 65 68 69 72 75 78 81 84 87 90 93 95 98 101 104 107 110 113 116 119 122 125
a 2 4 6 8 9 11 14 16 18 20 22 24 25 27 30 33 36 37 40 43 46 49 52 56 59 62 65 68 69 72 75 78 81 84 87 90 93 95 98 101 104 107 110 113 116 119 122 125
a 2 4 6 8 9 11 14 16 18 20 22 24 25 27 30 33 36 37 40 43 46 49 53 56 59 62 65 68 69 72 75 78 81 84 87 90 93 95 98 101 104 107 110 113 116 119 122 125
a 2 4 6 8 9 11 14 15 18 20 22 24 25 27 30 33 36 37 40 43 46 49 53 56 59 62 65 68 69 72 75 78 81 84 87 90 93 95 98 101 104 107 110 113 116 119 122 125
a 2 4 6 8 9 11 14 15 18 20 22 24 25 27 30 33 36 37 40 43 46 49 53 56 59 62 65 68 69 72 75 78 81 84 87 90 94 95 98 101 104 107 110 113 116 119 122 125
a 2 4 6 8 9 11 14 15 18 20 22 24 25 27 30 33 36 37 40 43 46 50 53 56 59 62 65 68 69 72 75 78 81 84 87 90 94 95 98 101 104 107 110 113 116 119 122 125
a 2 4 6 8 9 11 13 15 18 20 22 24 25 27 30 33 36 37 40 43 46 50 53 56 59 62 65 68 69 72 75 78 81 84 87 90 94 95 98 101 104 107 110 113 116 119 122 125
a 2 4 6 8 9 11 13 15 18 20 22 24 25 27 30 33 36 37 40 43 46 50 53 56 59 62 65 68 69 72 75 78 81 84 87 91 94 95 98 101 104 107 110 113 116 119 122 125
a 2 4 6 8 9 11 13 15 18 20 22 24 25 27 30 33 36 37 40 43 46 50 53 56 59 62 65 66 69 72 75 78 81 84 87 91 94 95 98 101 104 107 110 113 116 119 122 125
a 2 4 6 8 9 11 13 15 18 20 22 24 25 27 30 33 36 37 40 43 46 50 53 56 59 62 63 66 69 72 75 78 81 84 87 91 94 95 98 101 104 107 110 113 116 119 122 125
a 2 4 6 8 9 11 13 15 18 20 22 24 25 27 30 33 36 37 40 43 46 50 53 56 59 60 63 66 69 72 75 78 81 84 87 91 94 95 98 101 104 107 110 113 116 119 122 125
a 2 4 6 8 9 11 13 15 18 20 22 24 25 27 30 33 36 37 40 43 46 50 53 56 57 60 63 66 69 72 75 78 81 84 87 91 94 95 98 101 104 107 110 113 116 119 122 125
a 2 4 6 8 9 11 13 15 18 20 22 24 25 27 30 33 36 37 40 43 46 50 53 54 57 60 63 66 69 72 75 78 81 84 87 91 94 95 98 101 104 107 110 113 116 119 122 125
a 2 4 6 8 9 11 13 15 18 20 22 24 25 27 30 33 36 37 40 43 46 50 51 54 57 60 63 66 69 72 75 78 81 84 87 91 94 95 98 101 104 107 110 113 116 119 122 125
a 2 3 6 8 9 11 13 15 18 20 22 24 25 27 30 33 36 37 40 43 46 50 51 54 57 60 63 66 69 72 75 78 81 84 87 91 94 95 98 101 104 107 110 113 116 119 122 125
a 2 3 6 8 9 11 13 15 18 20 22 24 25 27 30 34 36 37 40 43 46 50 51 54 57 60 63 66 69 72 75 78 81 84 87 91 94 95 98 101 104 107 110 113 116 119 122 125
a 2 3 6 8 9 11 13 15 18 20 22 24 26 27 30 34 36 37 40 43 46 50 51 54 57 60 63 66 69 72 75 78 81 84 87 91 94 95 98 101 104 107 110 113 116 119 122 125
a 1 3 6 8 9 11 13 15 18 20 22 24 26 27 30 34 36 37 40 43 46 50 51 54 57 60 63 66 69 72 75 78 81 84 87 91 94 95 98 101 104 107 110 113 116 119 122 125
a 1 3 6 8 9 11 13 15 18 20 22 24 26 27 31 34 36 37 40 43 46 50 51 54 57 60 63 66 69 72 75 78 81 84 87 91 94 95 98 101 104 107 110 113 116 119 122 125
a 1 3 6 7 9 11 13 15 18 20 22 24 26 27 31 34 36 37 40 43 46 50 51 54 57 60 63 66 69 72 75 78 81 84 87 91 94 95 98 101 104 107 110 113 116 119 122 125
a 1 3 6 7 9 11 13 15 18 20 22 24 26 27 31 34 36 37 40 43 48 50 51 54 57 60 63 66 69 72 75 78 81 84 87 91 94 95 98 101 104 107 110 113 116 119 122 125
a 1 3 6 7 9 11 13 15 18 20 22 24 26 28 31 34 36 37 40 43 48 50 51 54 57 60 63 66 69 72 75 78 81 84 87 91 94 95 98 101 104 107 110 113 116 119 122 125
a 1 3 5 7 9 11 13 15 18 20 22 24 26 28 31 34 36 37 40 43 48 50 51 54 57 60 63 66 69 72 75 78 81 84 87 91 94 95 98 101 104 107 110 113 116 119 122 125
a 1 3 5 7 9 11 13 15 18 20 22 24 26 28 31 34 36 37 40 45 48 50 51 54 57 60 63 66 69 72 75 78 81 84 87 91 94 95 98 101 104 107 110 113 116 119 122 125
a 1 3 5 7 9 11 13 15 18 20 22 24 26 28 31 32 36 37 40 45 48 50 51 54 57 60 63 66 69 72 75 78 81 84 87 91 94 95 98 101 104 107 110 113 116 119 122 125
a 1 3 5 7 9 11 13 15 18 20 22 24 26 28 29 32 36 37 40 45 48 50 51 54 57 60 63 66 69 72 75 78 81 84 87 91 94 95 98 101 104 107 110 113 116 119 122 125
a 2 3 5 7 9 11 13 15 18 20 22 24 26 28 29 32 36 37 40 45 48 50 51 54 57 60 63 66 69 72 75 78 81 84 87 91 94 95 98 101 104 107 110 113 116 119 122 125
a 2 3 5 7 9 11 13 15 18 20 22 24 25 28 29 32 36 37 40 45 48 50 51 54 57 60 63 66 69 72 75 78 81 84 87 91 94 95 98 101 104 107 110 113 116 119 122 125
a 2 4 5 7 9 11 13 15 18 20 22 24 25 28 29 32 36 37 40 45 48 50 51 54 57 60 63 66 69 72 75 78 81 84 87 91 94 95 98 101 104 107 110 113 116 119 122 125
a 2 4 5 7 9 11 13 15 18 20 22 24 25 28 29 32 36 37 42 45 48 50 51 54 57 60 63 66 69 72 75 78 81 84 87 91 94 95 98 101 104 107 110 113 116 119 122 125
a 2 4 5 7 9 11 13 15 18 20 22 24 25 28 29 32 36 39 42 45 48 50 51 54 57 60 63 66 69 72 75 78 81 84 87 91 94 95 98 101 104 107 110 113 116 119 122 125
a 2 4 5 7 10 11 13 15 18 20 22 24 25 28 29 32 36 39 42 45 48 50 51 54 57 60 63 66 69 72 75 78 81 84 87 91 94 95 98 101 104 107 110 113 116 119 122 125
a 2 4 5 7 10 11 13 15 18 20 22 24 25 28 29 32 35 39 42 45 48 50 51 54 57 60 63 66 69 72 75 78 81 84 87 91 94 95 98 101 104 107 110 113 116 119 122 125
a 2 4 5 7 10 12 13 15 18 20 22 24 25 28 29 32 35 39 42 45 48 50 51 54 57 60 63 66 69 72 75 78 81 84 87 91 94 95 98 101 104 107 110 113 116 119 122 125
a 2 4 5 7 10 12 13 15 18 20 22 24 25 28 29 32 35 39 42 45 48 50 51 54 57 60 63 66 69 72 75 78 81 84 88 91 94 95 98 101 104 107 110 113 116 119 122 125
a 2 4 5 7 10 12 13 15 18 20 22 24 25 28 29 32 35 39 42 45 48 50 51 54 57 60 63 66 69 72 75 78 81 85 88 91 94 95 98 101 104 107 110 113 116 119 122 125
a 2 4 5 7 10 12 13 15 18 20 22 24 25 28 29 32 35 39 42 45 47 50 51 54 57 60 63 66 69 72 75 78 81 85 88 91 94 95 98 101 104 107 110 113 116 119 122 125
a 2 4 5 7 10 12 13 15 18 20 22 24 25 28 29 32 35 39 42 44 47 50 51 54 57 60 63 66 69 72 75 78 81 85 88 91 94 95 98 101 104 107 110 113 116 119 122 125
a 2 4 5 7 10 12 13 15 18 20 22 24 25 28 29 32 35 39 41 44 47 50 51 54 57 60 63 66 69 72 75 78 81 85 88 91 94 95 98 101 104 107 110 113 116 119 122 125
a 2 4 5 7 10 12 13 15 18 20 22 24 25 28 29 32 35 38 41 44 47 50 51 54 57 60 63 66 69 72 75 78 81 85 88 91 94 95 98 101 104 107 110 113 116 119 122 125
a 2 3 5 7 10 12 13 15 18 20 22 24 25 28 29 32 35 38 41 44 47 50 51 54 57 60 63 66 69 72 75 78 81 85 88 91 94 95 98 101 104 107 110 113 116 119 122 125
a 2 3 5 7 10 12 13 15 18 20 22 24 25 28 29 34 35 38 41 44 47 50 51 54 57 60 63 66 69 72 75 78 81 85 88 91 94 95 98 101 104 107 110 113 116 119 122 125
a 2 3 5 7 10 12 13 15 18 20 22 24 26 28 29 34 35 38 41 44 47 50 51 54 57 60 63 66 69 72 75 78 81 85 88 91 94 95 98 101 104 107 110 113 116 119 122 125
a 1 3 5 7 10 12 13 15 18 20 22 24 26 28 29 34 35 38 41 44 47 50 51 54 57 60 63 66 69 72 75 78 81 85 88 91 94 95 98 101 104 107 110 113 116 119 122 125
a 1 3 5 7 10 12 13 15 18 20 22 24 26 28 31 34 35 38 41 44 47 50 51 54 57 60 63 66 69 72 75 78 81 85 88 91 94 95 98 101 104 107 110 113 116 119 122 125
a 1 3 6 7 10 12 13 15 18 20 22 24 26 28 31 34 35 38 41 44 47 50 51 54 57 60 63 66 69 72 75 78 81 85 88 91 94 95 98 101 104 107 110 113 116 119 122 125
a 1 3 6 7 10 12 13 15 18 20 22 24 26 27 31 34 35 38 41 44 47 50 51 54 57 60 63 66 69 72 75 78 81 85 88 91 94 95 98 101 104 107 110 113 116 119 122 125
a 1 3 6 8 10 12 13 15 18 20 22 24 26 27 31 34 35 38 41 44 47 50 51 54 57 60 63 66 69 72 75 78 81 85 88 91 94 95 98 101 104 107 110 113 116 119 122 125
a 1 3 6 8 10 12 13 15 18 20 22 24 26 27 31 34 35 38 41 44 47 50 51 54 57 60 63 66 69 72 75 78 82 85 88 91 94 95 98 101 104 107 110 113 116 119 122 125
a 1 3 6 8 10 12 13 15 18 20 22 24 26 27 31 34 35 38 41 44 47 50 51 54 57 60 63 66 69 72 75 79 82 85 88 91 94 95 98 101 104 107 110 113 116 119 122 125
a 1 3 6 8 10 12 13 15 18 20 22 24 26 27 31 33 35 38 41 44 47 50 51 54 57 60 63 66 69 72 75 79 82 85 88 91 94 95 98 101 104 107 110 113 116 119 122 125
a 1 3 6 8 10 12 13 15 18 20 22 24 26 27 30 33 35 38 41 44 47 50 51 54 57 60 63 66 69 72 75 79 82 85 88 91 94 95 98 101 104 107 110 113 116 119 122 125
a 2 3 6 8 10 12 13 15 18 20 22 24 26 27 30 33 35 38 41 44 47 50 51 54 57 60 63 66 69 72 75 79 82 85 88 91 94 95 98 101 104 107 110 113 116 119 122 125
a 2 3 6 8 10 12 13 15 18 20 22 24 25 27 30 33 35 38 41 44 47 50 51 54 57 60 63 66 69 72 75 79 82 85 88 91 94 95 98 101 104 107 110 113 116 119 122 125
a 2 4 6 8 10 12 13 15 18 20 22 24 25 27 30 33 35 38 41 44 47 50 51 54 57 60 63 66 69 72 75 79 82 85 88 91 94 95 98 101 104 107 110 113 116 119 122 125
a 2 4 6 8 10 12 13 15 18 20 22 24 25 27 30 33 35 38 41 44 47 50 51 54 57 60 63 66 69 72 76 79 82 85 88 91 94 95 98 101 104 107 110 113 116 119 122 125
a 2 4 6 8 10 12 13 15 18 20 22 24 25 27 30 33 35 38 41 44 47 50 51 54 57 60 63 66 69 73 76 79 82 85 88 91 94 95 98 101 104 107 110 113 116 119 122 125
a 2 4 6 8 10 12 13 15 18 19 22 24 25 27 30 33 35 38 41 44 47 50 51 54 57 60 63 66 69 73 76 79 82 85 88 91 94 95 98 101 104 107 110 113 116 119 122 125
a 2 4 6 8 10 12 13 15 18 19 22 24 25 27 30 33 35 38 41 44 47 50 51 54 57 60 63 66 69 73 76 79 82 85 88 91 94 95 98 101 104 107 110 113 116 119 122 126
a 2 4 6 8 10 12 13 15 18 19 22 24 25 27 30 33 35 38 41 44 47 50 51 54 57 60 63 66 70 73 76 79 82 85 88 91 94 95 98 101 104 107 110 113 116 119 122 126
a 2 4 6 8 10 12 13 15 17 19 22 24 25 27 30 33 35 38 41 44 47 50 51 54 57 60 63 66 70 73 76 79 82 85 88 91 94 95 98 101 104 107 110 113 116 119 122 126
a 2 4 6 8 10 12 13 15 17 19 22 24 25 27 30 33 35 38 41 44 47 50 51 54 57 60 63 66 70 73 76 79 82 85 88 91 94 95 98 101 104 107 110 113 116 119 123 126
a 2 4 6 8 10 12 13 15 17 19 22 24 25 27 30 33 35 38 41 44 47 50 51 54 57 60 63 66 70 73 76 79 82 85 88 91 92 95 98 101 104 107 110 113 116 119 123 126
a 2 4 6 8 10 12 13 15 17 19 22 24 25 27 30 33 35 38 41 44 47 50 51 54 57 60 63 66 70 73 76 79 82 85 88 89 92 95 98 101 104 107 110 113 116 119 123 126
a 2 4 6 8 10 12 13 15 17 19 22 24 25 27 30 33 35 38 41 44 47 50 51 54 57 60 63 66 70 73 76 79 82 85 86 89 92 95 98 101 104 107 110 113 116 119 123 126
a 2 4 6 8 10 12 13 15 17 19 22 24 25 27 30 33 35 38 41 44 47 50 51 54 57 60 63 66 70 73 76 79 82 83 86 89 92 95 98 101 104 107 110 113 116 119 123 126
a 2 4 6 8 10 12 13 15 17 19 22 24 25 27 30 33 35 38 41 44 47 50 51 54 57 60 63 66 70 73 76 79 80 83 86 89 92 95 98 101 104 107 110 113 116 119 123 126
a 2 4 6 8 10 12 13 15 17 19 22 24 25 27 30 33 35 38 41 44 47 50 51 54 57 60 63 66 70 73 76 77 80 83 86 89 92 95 98 101 104 107 110 113 116 119 123 126
a 2 4 6 8 10 12 13 15 17 19 22 24 25 27 30 33 35 38 41 44 47 50 51 54 57 60 63 66 70 73 74 77 80 83 86 89 92 95 98 101 104 107 110 113 116 119 123 126
a 2 4 6 8 10 12 13 15 17 19 22 24 25 27 30 33 35 38 41 44 47 50 51 54 57 60 63 66 70 71 74 77 80 83 86 89 92 95 98 101 104 107 110 113 116 119 123 126
a 2 3 6 8 10 12 13 15 17 19 22 24 25 27 30 33 35 38 41 44 47 50 51 54 57 60 63 66 70 71 74 77 80 83 86 89 92 95 98 101 104 107 110 113 116 119 123 126
a 2 3 6 8 10 12 13 15 17 19 22 24 25 27 30 34 35 38 41 44 47 50 51 54 57 60 63 66 70 71 74 77 80 83 86 89 92 95 98 101 104 107 110 113 116 119 123 126
a 2 3 6 8 10 12 13 15 17 19 22 24 26 27 30 34 35 38 41 44 47 50 51 54 57 60 63 66 70 71 74 77 80 83 86 89 92 95 98 101 104 107 110 113 116 119 123 126
a 1 3 6 8 10 12 13 15 17 19 22 24 26 27 30 34 35 38 41 44 47 50 51 54 57 60 63 66 70 71 74 77 80 83 86 89 92 95 98 101 104 107 110 113 116 119 123 126
a 1 3 6 8 10 12 13 15 17 19 22 24 26 27 31 34 35 38 41 44 47 50 51 54 57 60 63 66 70 71 74 77 80 83 86 89 92 95 98 101 104 107 110 113 116 119 123 126
a 1 3 6 7 10 12 13 15 17 19 22 24 26 27 31 34 35 38 41 44 47 50 51 54 57 60 63 66 70 71 74 77 80 83 86 89 92 95 98 101 104 107 110 113 116 119 123 126
a 1 3 6 7 10 12 13 15 17 19 22 24 26 27 31 34 35 38 41 44 48 50 51 54 57 60 63 66 70 71 74 77 80 83 86 89 92 95 98 101 104 107 110 113 116 119 123 126
a 1 3 6 7 10 12 13 15 17 19 22 24 26 28 31 34 35 38 41 44 48 50 51 54 57 60 63 66 70 71 74 77 80 83 86 89 92 95 98 101 104 107 110 113 116 119 123 126
a 1 3 5 7 10 12 13 15 17 19 22 24 26 28 31 34 35 38 41 44 48 50 51 54 57 60 63 66 70 71 74 77 80 83 86 89 92 95 98 101 104 107 110 113 116 119 123 126
a 1 3 5 7 10 12 13 15 17 19 22 24 26 28 31 34 35 38 41 45 48 50 51 54 57 60 63 66 70 71 74 77 80 83 86 89 92 95 98 101 104 107 110 113 116 119 123 126
a 1 3 5 7 10 12 13 15 17 19 22 24 26 28 31 32 35 38 41 45 48 50 51 54 57 60 63 66 70 71 74 77 80 83 86 89 92 95 98 101 104 107 110 113 116 119 123 126
a 1 3 5 7 10 12 13 15 17 19 22 24 26 28 29 32 35 38 41 45 48 50 51 54 57 60 63 66 70 71 74 77 80 83 86 89 92 95 98 101 104 107 110 113 116 119 123 126
a 2 3 5 7 10 12 13 15 17 19 22 24 26 28 29 32 35 38 41 45 48 50 51 54 57 60 63 66 70 71 74 77 80 83 86 89 92 95 98 101 104 107 110 113 116 119 123 126
a 2 3 5 7 10 12 13 15 17 19 22 24 25 28 29 32 35 38 41 45 48 50 51 54 57 60 63 66 70 71 74 77 80 83 86 89 92 95 98 101 104 107 110 113 116 119 123 126
a 2 4 5 7 10 12 13 15 17 19 22 24 25 28 29 32 35 38 41 45 48 50 51 54 57 60 63 66 70 71 74 77 80 83 86 89 92 95 98 101 104 107 110 113 116 119 123 126
a 2 4 5 7 10 12 13 15 17 19 22 24 25 28 29 32 35 38 42 45 48 50 51 54 57 60 63 66 70 71 74 77 80 83 86 89 92 95 98 101 104 107 110 113 116 119 123 126
a 2 4 5 7 10 12 13 15 17 19 22 24 25 28 29 32 35 39 42 45 48 50 51 54 57 60 63 66 70 71 74 77 80 83 86 89 92 95 98 101 104 107 110 113 116 119 123 126
a 2 4 5 7 10 11 13 15 17 19 22 24 25 28 29 32 35 39 42 45 48 50 51 54 57 60 63 66 70 71 74 77 80 83 86 89 92 95 98 101 104 107 110 113 116 119 123 126
a 2 4 5 7 10 11 13 15 17 19 22 24 25 28 29 32 35 39 42 45 48 50 51 54 57 60 63 68 70 71 74 77 80 83 86 89 92 95 98 101 104 107 110 113 116 119 123 126
a 2 4 5 7 10 11 13 15 17 19 22 24 25 28 29 32 36 39 42 45 48 50 51 54 57 60 63 68 70 71 74 77 80 83 86 89 92 95 98 101 104 107 110 113 116 119 123 126
a 2 4 5 7 9 11 13 15 17 19 22 24 25 28 29 32 36 39 42 45 48 50 51 54 57 60 63 68 70 71 74 77 80 83 86 89 92 95 98 101 104 107 110 113 116 119 123 126
a 2 4 5 7 9 11 13 15 17 19 22 24 25 28 29 32 36 39 42 45 48 50 51 54 57 60 65 68 70 71 74 77 80 83 86 89 92 95 98 101 104 107 110 113 116 119 123 126
a 2 4 5 7 9 11 13 15 17 19 22 24 25 28 29 32 36 39 42 45 46 50 51 54 57 60 65 68 70 71 74 77 80 83 86 89 92 95 98 101 104 107 110 113 116 119 123 126
a 2 4 5 7 9 11 13 15 17 19 22 24 25 28 29 32 36 39 42 43 46 50 51 54 57 60 65 68 70 71 74 77 80 83 86 89 92 95 98 101 104 107 110 113 116 119 123 126
a 2 4 5 7 9 11 13 15 17 19 22 24 25 28 29 32 36 39 40 43 46 50 51 54 57 60 65 68 70 71 74 77 80 83 86 89 92 95 98 101 104 107 110 113 116 119 123 126
a 2 4 5 7 9 11 13 15 17 19 22 24 25 28 29 32 36 37 40 43 46 50 51 54 57 60 65 68 70 71 74 77 80 83 86 89 92 95 98 101 104 107 110 113 116 119 123 126
a 2 3 5 7 9 11 13 15 17 19 22 24 25 28 29 32 36 37 40 43 46 50 51 54 57 60 65 68 70 71 74 77 80 83 86 89 92 95 98 101 104 107 110 113 116 119 123 126
a 2 3 5 7 9 11 13 15 17 19 22 24 25 28 29 34 36 37 40 43 46 50 51 54 57 60 65 68 70 71 74 77 80 83 86 89 92 95 98 101 104 107 110 113 116 119 123 126
a 2 3 5 7 9 11 13 15 17 19 22 24 26 28 29 34 36 37 40 43 46 50 51 54 57 60 65 68 70 71 74 77 80 83 86 89 92 95 98 101 104 107 110 113 116 119 123 126
a 1 3 5 7 9 11 13 15 17 19 22 24 26 28 29 34 36 37 40 43 46 50 51 54 57 60 65 68 70 71 74 77 80 83 86 89 92 95 98 101 104 107 110 113 116 119 123 126
a 1 3 5 7 9 11 13 15 17 19 22 24 26 28 31 34 36 37 40 43 46 50 51 54 57 60 65 68 70 71 74 77 80 83 86 89 92 95 98 101 104 107 110 113 116 119 123 126
a 1 3 6 7 9 11 13 15 17 19 22 24 26 28 31 34 36 37 40 43 46 50 51 54 57 60 65 68 70 71 74 77 80 83 86 89 92 95 98 101 104 107 110 113 116 119 123 126
a 1 3 6 7 9 11 13 15 17 19 22 24 26 27 31 34 36 37 40 43 46 50 51 54 57 60 65 68 70 71 74 77 80 83 86 89 92 95 98 101 104 107 110 113 116 119 123 126
a 1 3 6 8 9 11 13 15 17 19 22 24 26 27 31 34 36 37 40 43 46 50 51 54 57 60 65 68 70 71 74 77 80 83 86 89 92 95 98 101 104 107 110 113 116 119 123 126
a 1 3 6 8 9 11 13 15 17 19 22 24 26 27 31 34 36 37 40 43 46 50 51 54 57 62 65 68 70 71 74 77 80 83 86 89 92 95 98 101 104 107 110 113 116 119 123 126
a 1 3 6 8 9 11 13 15 17 19 22 24 26 27 31 34 36 37 40 43 46 50 51 54 59 62 65 68 70 71 74 77 80 83 86 89 92 95 98 101 104 107 110 113 116 119 123 126
a 1 3 6 8 9 11 13 15 17 19 22 24 26 27 31 33 36 37 40 43 46 50 51 54 59 62 65 68 70 71 74 77 80 83 86 89 92 95 98 101 104 107 110 113 116 119 123 126
a 1 3 6 8 9 11 13 15 17 19 22 24 26 27 30 33 36 37 40 43 46 50 51 54 59 62 65 68 70 71 74 77 80 83 86 89 92 95 98 101 104 107 110 113 116 119 123 126
a 2 3 6 8 9 11 13 15 17 19 22 24 26 27 30 33 36 37 40 43 46 50 51 54 59 62 65 68 70 71 74 77 80 83 86 89 92 95 98 101 104 107 110 113 116 119 123 126
a 2 3 6 8 9 11 13 15 17 19 22 24 25 27 30 33 36 37 40 43 46 50 51 54 59 62 65 68 70 71 74 77 80 83 86 89 92 95 98 101 104 107 110 113 116 119 123 126
a 2 4 6 8 9 11 13 15 17 19 22 24 25 27 30 33 36 37 40 43 46 50 51 54 59 62 65 68 70 71 74 77 80 83 86 89 92 95 98 101 104 107 110 113 116 119 123 126
a 2 4 6 8 9 11 13 15 17 19 22 24 25 27 30 33 36 37 40 43 46 50 51 56 59 62 65 68 70 71 74 77 80 83 86 89 92 95 98 101 104 107 110 113 116 119 123 126
a 2 4 6 8 9 11 13 15 17 19 22 24 25 27 30 33 36 37 40 43 46 50 53 56 59 62 65 68 70 71 74 77 80 83 86 89 92 95 98 101 104 107 110 113 116 119 123 126
a 2 4 6 8 9 11 14 15 17 19 22 24 25 27 30 33 36 37 40 43 46 50 53 56 59 62 65 68 70 71 74 77 80 83 86 89 92 95 98 101 104 107 110 113 116 119 123 126
a 2 4 6 8 9 11 14 15 17 19 22 24 25 27 30 33 36 37 40 43 46 49 53 56 59 62 65 68 70 71 74 77 80 83 86 89 92 95 98 101 104 107 110 113 116 119 123 126
a 2 4 6 8 9 11 14 16 17 19 22 24 25 27 30 33 36 37 40 43 46 49 53 56 59 62 65 68 70 71 74 77 80 83 86 89 92 95 98 101 104 107 110 113 116 119 123 126
a 2 4 6 8 9 11 14 16 17 19 22 24 25 27 30 33 36 37 40 43 46 49 53 56 59 62 65 68 70 71 74 77 80 83 86 89 92 95 98 101 104 107 110 113 116 120 123 126
a 2 4 6 8 9 11 14 16 17 19 22 24 25 27 30 33 36 37 40 43 46 49 53 56 59 62 65 68 70 71 74 77 80 83 86 89 92 95 98 101 104 107 110 113 117 120 123 126
a 2 4 6 8 9 11 14 16 17 19 22 24 25 27 30 33 36 37 40 43 46 49 53 56 59 62 65 67 70 71 74 77 80 83 86 89 92 95 98 101 104 107 110 113 117 120 123 126
a 2 4 6 8 9 11 14 16 17 19 22 24 25 27 30 33 36 37 40 43 46 49 53 56 59 62 64 67 70 71 74 77 80 83 86 89 92 95 98 101 104 107 110 113 117 120 123 126
a 2 4 6 8 9 11 14 16 17 19 22 24 25 27 30 33 36 37 40 43 46 49 53 56 59 61 64 67 70 71 74 77 80 83 86 89 92 95 98 101 104 107 110 113 117 120 123 126
a 2 4 6 8 9 11 14 16 17 19 22 24 25 27 30 33 36 37 40 43 46 49 53 56 58 61 64 67 70 71 74 77 80 83 86 89 92 95 98 101 104 107 110 113 117 120 123 126
a 2 4 6 8 9 11 14 16 17 19 22 24 25 27 30 33 36 37 40 43 46 49 53 55 58 61 64 67 70 71 74 77 80 83 86 89 92 95 98 101 104 107 110 113 117 120 123 126
a 2 4 6 8 9 11 14 16 17 19 22 24 25 27 30 33 36 37 40 43 46 49 52 55 58 61 64 67 70 71 74 77 80 83 86 89 92 95 98 101 104 107 110 113 117 120 123 126
a 2 3 6 8 9 11 14 16 17 19 22 24 25 27 30 33 36 37 40 43 46 49 52 55 58 61 64 67 70 71 74 77 80 83 86 89 92 95 98 101 104 107 110 113 117 120 123 126
a 2 3 6 8 9 11 14 16 17 19 22 24 25 27 30 34 36 37 40 43 46 49 52 55 58 61 64 67 70 71 74 77 80 83 86 89 92 95 98 101 104 107 110 113 117 120 123 126
a 2 3 6 8 9 11 14 16 17 19 22 24 26 27 30 34 36 37 40 43 46 49 52 55 58 61 64 67 70 71 74 77 80 83 86 89 92 95 98 101 104 107 110 113 117 120 123 126
a 1 3 6 8 9 11 14 16 17 19 22 24 26 27 30 34 36 37 40 43 46 49 52 55 58 61 64 67 70 71 74 77 80 83 86 89 92 95 98 101 104 107 110 113 117 120 123 126
a 1 3 6 8 9 11 14 16 17 19 22 24 26 27 31 34 36 37 40 43 46 49 52 55 58 61 64 67 70 71 74 77 80 83 86 89 92 95 98 101 104 107 110 113 117 120 123 126
a 1 3 6 7 9 11 14 16 17 19 22 24 26 27 31 34 36 37 40 43 46 49 52 55 58 61 64 67 70 71 74 77 80 83 86 89 92 95 98 101 104 107 110 113 117 120 123 126
a 1 3 6 7 9 11 14 16 17 19 22 24 26 27 31 34 36 37 40 43 48 49 52 55 58 61 64 67 70 71 74 77 80 83 86 89 92 95 98 101 104 107 110 113 117 120 123 126
a 1 3 6 7 9 11 14 16 17 19 22 24 26 28 31 34 36 37 40 43 48 49 52 55 58 61 64 67 70 71 74 77 80 83 86 89 92 95 98 101 104 107 110 113 117 120 123 126
a 1 3 5 7 9 11 14 16 17 19 22 24 26 28 31 34 36 37 40 43 48 49 52 55 58 61 64 67 70 71 74 77 80 83 86 89 92 95 98 101 104 107 110 113 117 120 123 126
a 1 3 5 7 9 11 14 16 17 19 22 24 26 28 31 34 36 37 40 45 48 49 52 55 58 61 64 67 70 71 74 77 80 83 86 89 92 95 98 101 104 107 110 113 117 120 123 126
a 1 3 5 7 9 11 14 16 17 19 22 24 26 28 31 32 36 37 40 45 48 49 52 55 58 61 64 67 70 71 74 77 80 83 86 89 92 95 98 101 104 107 110 113 117 120 123 126
a 1 3 5 7 9 11 14 16 17 19 22 24 26 28 29 32 36 37 40 45 48 49 52 55 58 61 64 67 70 71 74 77 80 83 86 89 92 95 98 101 104 107 110 113 117 120 123 126
a 2 3 5 7 9 11 14 16 17 19 22 24 26 28 29 32 36 37 40 45 48 49 52 55 58 61 64 67 70 71 74 77 80 83 86 89 92 95 98 101 104 107 110 113 117 120 123 126
a 2 3 5 7 9 11 14 16 17 19 22 24 25 28 29 32 36 37 40 45 48 49 52 55 58 61 64 67 70 71 74 77 80 83 86 89 92 95 98 101 104 107 110 113 117 120 123 126
a 2 4 5 7 9 11 14 16 17 19 22 24 25 28 29 32 36 37 40 45 48 49 52 55 58 61 64 67 70 71 74 77 80 83 86 89 92 95 98 101 104 107 110 113 117 120 123 126
a 2 4 5 7 9 11 14 16 17 19 22 24 25 28 29 32 36 37 42 45 48 49 52 55 58 61 64 67 70 71 74 77 80 83 86 89 92 95 98 101 104 107 110 113 117 120 123 126
a 2 4 5 7 9 11 14 16 17 19 22 24 25 28 29 32 36 39 42 45 48 49 52 55 58 61 64 67 70 71 74 77 80 83 86 89 92 95 98 101 104 107 110 113 117 120 123 126
a 2 4 5 7 10 11 14 16 17 19 22 24 25 28 29 32 36 39 42 45 48 49 52 55 58 61 64 67 70 71 74 77 80 83 86 89 92 95 98 101 104 107 110 113 117 120 123 126
a 2 4 5 7 10 11 14 16 17 19 22 24 25 28 29 32 35 39 42 45 48 49 52 55 58 61 64 67 70 71 74 77 80 83 86 89 92 95 98 101 104 107 110 113 117 120 123 126
a 2 4 5 7 10 12 14 16 17 19 22 24 25 28 29 32 35 39 42 45 48 49 52 55 58 61 64 67 70 71 74 77 80 83 86 89 92 95 98 101 104 107 110 113 117 120 123 126
a 2 4 5 7 10 12 14 16 17 19 22 24 25 28 29 32 35 39 42 45 48 49 52 55 58 61 64 67 70 71 74 77 80 83 86 89 92 95 98 101 104 107 110 114 117 120 123 126
a 2 4 5 7 10 12 14 16 17 19 22 24 25 28 29 32 35 39 42 45 48 49 52 55 58 61 64 67 70 71 74 77 80 83 86 89 92 95 98 101 104 107 111 114 117 120 123 126
a 2 4 5 7 10 12 14 16 17 19 22 24 25 28 29 32 35 39 42 45 47 49 52 55 58 61 64 67 70 71 74 77 80 83 86 89 92 95 98 101 104 107 111 114 117 120 123 126
a 2 4 5 7 10 12 14 16 17 19 22 24 25 28 29 32 35 39 42 44 47 49 52 55 58 61 64 67 70 71 74 77 80 83 86 89 92 95 98 101 104 107 111 114 117 120 123 126
a 2 4 5 7 10 12 14 16 17 19 22 24 25 28 29 32 35 39 41 44 47 49 52 55 58 61 64 67 70 71 74 77 80 83 86 89 92 95 98 101 104 107 111 114 117 120 123 126
a 2 4 5 7 10 12 14 16 17 19 22 24 25 28 29 32 35 38 41 44 47 49 52 55 58 61 64 67 70 71 74 77 80 83 86 89 92 95 98 101 104 107 111 114 117 120 123 126
a 2 3 5 7 10 12 14 16 17 19 22 24 25 28 29 32 35 38 41 44 47 49 52 55 58 61 64 67 70 71 74 77 80 83 86 89 92 95 98 101 104 107 111 114 117 120 123 126
a 2 3 5 7 10 12 14 16 17 19 22 24 25 28 29 34 35 38 41 44 47 49 52 55 58 61 64 67 70 71 74 77 80 83 86 89 92 95 98 101 104 107 111 114 117 120 123 126
a 2 3 5 7 10 12 14 16 17 19 22 24 26 28 29 34 35 38 41 44 47 49 52 55 58 61 64 67 70 71 74 77 80 83 86 89 92 95 98 101 104 107 111 114 117 120 123 126
a 1 3 5 7 10 12 14 16 17 19 22 24 26 28 29 34 35 38 41 44 47 49 52 55 58 61 64 67 70 71 74 77 80 83 86 89 92 95 98 101 104 107 111 114 117 120 123 126
a 1 3 5 7 10 12 14 16 17 19 22 24 26 28 31 34 35 38 41 44 47 49 52 55 58 61 64 67 70 71 74 77 80 83 86 89 92 95 98 101 104 107 111 114 117 120 123 126
a 1 3 6 7 10 12 14 16 17 19 22 24 26 28 31 34 35 38 41 44 47 49 52 55 58 61 64 67 70 71 74 77 80 83 86 89 92 95 98 101 104 107 111 114 117 120 123 126
a 1 3 6 7 10 12 14 16 17 19 22 24 26 27 31 34 35 38 41 44 47 49 52 55 58 61 64 67 70 71 74 77 80 83 86 89 92 95 98 101 104 107 111 114 117 120 123 126
a 1 3 6 8 10 12 14 16 17 19 22 24 26 27 31 34 35 38 41 44 47 49 52 55 58 61 64 67 70 71 74 77 80 83 86 89 92 95 98 101 104 107 111 114 117 120 123 126
a 1 3 6 8 10 12 14 16 17 19 22 24 26 27 31 34 35 38 41 44 47 49 52 55 58 61 64 67 70 71 74 77 80 83 86 89 92 95 98 101 104 108 111 114 117 120 123 126
a 1 3 6 8 10 12 14 16 17 19 22 24 26 27 31 34 35 38 41 44 47 49 52 55 58 61 64 67 70 71 74 77 80 83 86 89 92 95 98 101 105 108 111 114 117 120 123 126
a 1 3 6 8 10 12 14 16 17 19 22 24 26 27 31 33 35 38 41 44 47 49 52 55 58 61 64 67 70 71 74 77 80 83 86 89 92 95 98 101 105 108 111 114 117 120 123 126
a 1 3 6 8 10 12 14 16 17 19 22 24 26 27 30 33 35 38 41 44 47 49 52 55 58 61 64 67 70 71 74 77 80 83 86 89 92 95 98 101 105 108 111 114 117 120 123 126
a 2 3 6 8 10 12 14 16 17 19 22 24 26 27 30 33 35 38 41 44 47 49 52 55 58 61 64 67 70 71 74 77 80 83 86 89 92 95 98 101 105 108 111 114 117 120 123 126
a 2 3 6 8 10 12 14 16 17 19 22 24 25 27 30 33 35 38 41 44 47 49 52 55 58 61 64 67 70 71 74 77 80 83 86 89 92 95 98 101 105 108 111 114 117 120 123 126
a 2 4 6 8 10 12 14 16 17 19 22 24 25 27 30 33 35 38 41 44 47 49 52 55 58 61 64 67 70 71 74 77 80 83 86 89 92 95 98 101 105 108 111 114 117 120 123 126
a 2 4 6 8 10 12 14 16 17 19 22 24 25 27 30 33 35 38 41 44 47 49 52 55 58 61 64 67 70 71 74 77 80 83 86 89 92 95 98 102 105 108 111 114 117 120 123 126
a 2 4 6 8 10 12 14 16 17 19 22 24 25 27 30 33 35 38 41 44 47 49 52 55 58 61 64 67 70 71 74 77 80 83 86 89 92 95 99 102 105 108 111 114 117 120 123 126
a 2 4 6 8 10 12 14 16 17 19 22 23 25 27 30 33 35 38 41 44 47 49 52 55 58 61 64 67 70 71 74 77 80 83 86 89 92 95 99 102 105 108 111 114 117 120 123 126
a 2 4 6 8 10 12 14 16 17 19 22 23 25 27 30 33 35 38 41 44 47 49 52 55 58 61 64 67 70 71 74 77 80 83 86 89 92 96 99 102 105 108 111 114 117 120 123 126
a 2 4 6 8 10 12 14 16 17 19 21 23 25 27 30 33 35 38 41 44 47 49 52 55 58 61 64 67 70 71 74 77 80 83 86 89 92 96 99 102 105 108 111 114 117 120 123 126
a 2 4 6 8 10 12 14 16 17 19 21 23 25 27 30 33 35 38 41 44 47 49 52 55 58 61 64 67 70 71 74 77 80 83 86 89 92 96 99 102 105 108 111 114 117 120 123 124
a 2 4 6 8 10 12 14 16 17 19 21 23 25 27 30 33 35 38 41 44 47 49 52 55 58 61 64 67 70 71 74 77 80 83 86 89 92 96 99 102 105 108 111 114 117 120 121 124
a 2 4 6 8 10 12 14 16 17 19 21 23 25 27 30 33 35 38 41 44 47 49 52 55 58 61 64 67 70 71 74 77 80 83 86 89 92 96 99 102 105 108 111 114 117 118 121 124
a 2 4 6 8 10 12 14 16 17 19 21 23 25 27 30 33 35 38 41 44 47 49 52 55 58 61 64 67 70 71 74 77 80 83 86 89 92 96 99 102 105 108 111 114 115 118 121 124
a 2 4 6 8 10 12 14 16 17 19 21 23 25 27 30 33 35 38 41 44 47 49 52 55 58 61 64 67 70 71 74 77 80 83 86 89 92 96 99 102 105 108 111 112 115 118 121 124
a 2 4 6 8 10 12 14 16 17 19 21 23 25 27 30 33 35 38 41 44 47 49 52 55 58 61 64 67 70 71 74 77 80 83 86 89 92 96 99 102 105 108 109 112 115 118 121 124
a 2 4 6 8 10 12 14 16 17 19 21 23 25 27 30 33 35 38 41 44 47 49 52 55 58 61 64 67 70 71 74 77 80 83 86 89 92 96 99 102 105 106 109 112 115 118 121 124
a 2 4 6 8 10 12 14 16 17 19 21 23 25 27 30 33 35 38 41 44 47 49 52 55 58 61 64 67 70 71 74 77 80 83 86 89 92 96 99 102 103 106 109 112 115 118 121 124
a 2 4 6 8 10 12 14 16 17 19 21 23 25 27 30 33 35 38 41 44 47 49 52 55 58 61 64 67 70 71 74 77 80 83 86 89 92 96 99 100 103 106 109 112 115 118 121 124
a 2 4 6 8 10 12 14 16 17 19 21 23 25 27 30 33 35 38 41 44 47 49 52 55 58 61 64 67 70 71 74 77 80 83 86 89 92 96 97 100 103 106 109 112 115 118 121 124
a 2 3 6 8 10 12 14 16 17 19 21 23 25 27 30 33 35 38 41 44 47 49 52 55 58 61 64 67 70 71 74 77 80 83 86 89 92 96 97 100 103 106 109 112 115 118 121 124
a 2 3 6 8 10 12 14 16 17 19 21 23 25 27 30 34 35 38 41 44 47 49 52 55 58 61 64 67 70 71 74 77 80 83 86 89 92 96 97 100 103 106 109 112 115 118 121 124
a 2 3 6 8 10 12 14 16 17 19 21 23 26 27 30 34 35 38 41 44 47 49 52 55 58 61 64 67 70 71 74 77 80 83 86 89 92 96 97 100 103 106 109 112 115 118 121 124
a 1 3 6 8 10 12 14 16 17 19 21 23 26 27 30 34 35 38 41 44 47 49 52 55 58 61 64 67 70 71 74 77 80 83 86 89 92 96 97 100 103 106 109 112 115 118 121 124
a 1 3 6 8 10 12 14 16 17 19 21 23 26 27 31 34 35 38 41 44 47 49 52 55 58 61 64 67 70 71 74 77 80 83 86 89 92 96 97 100 103 106 109 112 115 118 121 124
a 1 3 6 7 10 12 14 16 17 19 21 23 26 27 31 34 35 38 41 44 47 49 52 55 58 61 64 67 70 71 74 77 80 83 86 89 92 96 97 100 103 106 109 112 115 118 121 124
a 1 3 6 7 10 12 14 16 17 19 21 23 26 27 31 34 35 38 41 44 48 49 52 55 58 61 64 67 70 71 74 77 80 83 86 89 92 96 97 100 103 106 109 112 115 118 121 124
a 1 3 6 7 10 12 14 16 17 19 21 23 26 28 31 34 35 38 41 44 48 49 52 55 58 61 64 67 70 71 74 77 80 83 86 89 92 96 97 100 103 106 109 112 115 118 121 124
a 1 3 5 7 10 12 14 16 17 19 21 23 26 28 31 34 35 38 41 44 48 49 52 55 58 61 64 67 70 71 74 77 80 83 86 89 92 96 97 100 103 106 109 112 115 118 121 124
a 1 3 5 7 10 12 14 16 17 19 21 23 26 28 31 34 35 38 41 45 48 49 52 55 58 61 64 67 70 71 74 77 80 83 86 89 92 96 97 100 103 106 109 112 115 118 121 124
a 1 3 5 7 10 12 14 16 17 19 21 23 26 28 31 32 35 38 41 45 48 49 52 55 58 61 64 67 70 71 74 77 80 83 86 89 92 96 97 100 103 106 109 112 115 118 121 124
a 1 3 5 7 10 12 14 16 17 19 21 23 26 28 29 32 35 38 41 45 48 49 52 55 58 61 64 67 70 71 74 77 80 83 86 89 92 96 97 100 103 106 109 112 115 118 121 124
a 2 3 5 7 10 12 14 16 17 19 21 23 26 28 29 32 35 38 41 45 48 49 52 55 58 61 64 67 70 71 74 77 80 83 86 89 92 96 97 100 103 106 109 112 115 118 121 124
a 2 3 5 7 10 12 14 16 17 19 21 23 25 28 29 32 35 38 41 45 48 49 52 55 58 61 64 67 70 71 74 77 80 83 86 89 92 96 97 100 103 106 109 112 115 118 121 124
a 2 4 5 7 10 12 14 16 17 19 21 23 25 28 29 32 35 38 41 45 48 49 52 55 58 61 64 67 70 71 74 77 80 83 86 89 92 96 97 100 103 106 109 112 115 118 121 124
a 2 4 5 7 10 12 14 16 17 19 21 23 25 28 29 32 35 38 42 45 48 49 52 55 58 61 64 67 70 71 74 77 80 83 86 89 92 96 97 100 103 106 109 112 115 118 121 124
a 2 4 5 7 10 12 14 16 17 19 21 23 25 28 29 32 35 39 42 45 48 49 52 55 58 61 64 67 70 71 74 77 80 83 86 89 92 96 97 100 103 106 109 112 115 118 121 124
a 2 4 5 7 10 11 14 16 17 19 21 23 25 28 29 32 35 39 42 45 48 49 52 55 58 61 64 67 70 71 74 77 80 83 86 89 92 96 97 100 103 106 109 112 115 118 121 124
a 2 4 5 7 10 11 14 16 17 19 21 23 25 28 29 32 35 39 42 45 48 49 52 55 58 61 64 68 70 71 74 77 80 83 86 89 92 96 97 100 103 106 109 112 115 118 121 124
a 2 4 5 7 10 11 14 16 17 19 21 23 25 28 29 32 36 39 42 45 48 49 52 55 58 61 64 68 70 71 74 77 80 83 86 89 92 96 97 100 103 106 109 112 115 118 121 124
a 2 4 5 7 9 11 14 16 17 19 21 23 25 28 29 32 36 39 42 45 48 49 52 55 58 61 64 68 70 71 74 77 80 83 86 89 92 96 97 100 103 106 109 112 115 118 121 124
a 2 4 5 7 9 11 14 16 17 19 21 23 25 28 29 32 36 39 42 45 48 49 52 55 58 61 65 68 70 71 74 77 80 83 86 89 92 96 97 100 103 106 109 112 115 118 121 124
a 2 4 5 7 9 11 14 16 17 19 21 23 25 28 29 32 36 39 42 45 46 49 52 55 58 61 65 68 70 71 74 77 80 83 86 89 92 96 97 100 103 106 109 112 115 118 121 124
a 2 4 5 7 9 11 14 16 17 19 21 23 25 28 29 32 36 39 42 43 46 49 52 55 58 61 65 68 70 71 74 77 80 83 86 89 92 96 97 100 103 106 109 112 115 118 121 124
a 2 4 5 7 9 11 14 16 17 19 21 23 25 28 29 32 36 39 40 43 46 49 52 55 58 61 65 68 70 71 74 77 80 83 86 89 92 96 97 100 103 106 109 112 115 118 121 124
a 2 4 5 7 9 11 14 16 17 19 21 23 25 28 29 32 36 37 40 43 46 49 52 55 58 61 65 68 70 71 74 77 80 83 86 89 92 96 97 100 103 106 109 112 115 118 121 124
a 2 3 5 7 9 11 14 16 17 19 21 23 25 28 29 32 36 37 40 43 46 49 52 55 58 61 65 68 70 71 74 77 80 83 86 89 92 96 97 100 103 106 109 112 115 118 121 124
a 2 3 5 7 9 11 14 16 17 19 21 23 25 28 29 34 36 37 40 43 46 49 52 55 58 61 65 68 70 71 74 77 80 83 86 89 92 96 97 100 103 106 109 112 115 118 121 124
a 2 3 5 7 9 11 14 16 17 19 21 23 26 28 29 34 36 37 40 43 46 49 52 55 58 61 65 68 70 71 74 77 80 83 86 89 92 96 97 100 103 106 109 112 115 118 121 124
a 1 3 5 7 9 11 14 16 17 19 21 23 26 28 29 34 36 37 40 43 46 49 52 55 58 61 65 68 70 71 74 77 80 83 86 89 92 96 97 100 103 106 109 112 115 118 121 124
a 1 3 5 7 9 11 14 16 17 19 21 23 26 28 31 34 36 37 40 43 46 49 52 55 58 61 65 68 70 71 74 77 80 83 86 89 92 96 97 100 103 106 109 112 115 118 121 124
a 1 3 6 7 9 11 14 16 17 19 21 23 26 28 31 34 36 37 40 43 46 49 52 55 58 61 65 68 70 71 74 77 80 83 86 89 92 96 97 100 103 106 109 112 115 118 121 124
a 1 3 6 7 9 11 14 16 17 19 21 23 26 27 31 34 36 37 40 43 46 49 52 55 58 61 65 68 70 71 74 77 80 83 86 89 92 96 97 100 103 106 109 112 115 118 121 124
a 1 3 6 8 9 11 14 16 17 19 21 23 26 27 31 34 36 37 40 43 46 49 52 55 58 61 65 68 70 71 74 77 80 83 86 89 92 96 97 100 103 106 109 112 115 118 121 124
a 1 3 6 8 9 11 14 16 17 19 21 23 26 27 31 34 36 37 40 43 46 49 52 55 58 62 65 68 70 71 74 77 80 83 86 89 92 96 97 100 103 106 109 112 115 118 121 124
a 1 3 6 8 9 11 14 16 17 19 21 23 26 27 31 34 36 37 40 43 46 49 52 55 59 62 65 68 70 71 74 77 80 83 86 89 92 96 97 100 103 106 109 112 115 118 121 124
a 1 3 6 8 9 11 14 16 17 19 21 23 26 27 31 33 36 37 40 43 46 49 52 55 59 62 65 68 70 71 74 77 80 83 86 89 92 96 97 100 103 106 109 112 115 118 121 124
a 1 3 6 8 9 11 14 16 17 19 21 23 26 27 30 33 36 37 40 43 46 49 52 55 59 62 65 68 70 71 74 77 80 83 86 89 92 96 97 100 103 106 109 112 115 118 121 124
a 2 3 6 8 9 11 14 16 17 19 21 23 26 27 30 33 36 37 40 43 46 49 52 55 59 62 65 68 70 71 74 77 80 83 86 89 92 96 97 100 103 106 109 112 115 118 121 124
a 2 3 6 8 9 11 14 16 17 19 21 23 25 27 30 33 36 37 40 43 46 49 52 55 59 62 65 68 70 71 74 77 80 83 86 89 92 96 97 100 103 106 109 112 115 118 121 124
a 2 4 6 8 9 11 14 16 17 19 21 23 25 27 30 33 36 37 40 43 46 49 52 55 59 62 65 68 70 71 74 77 80 83 86 89 92 96 97 100 103 106 109 112 115 118 121 124
a 2 4 6 8 9 11 14 16 17 19 21 23 25 27 30 33 36 37 40 43 46 49 52 56 59 62 65 68 70 71 74 77 80 83 86 89 92 96 97 100 103 106 109 112 115 118 121 124
a 2 4 6 8 9 11 14 16 17 19 21 23 25 27 30 33 36 37 40 43 46 49 53 56 59 62 65 68 70 71 74 77 80 83 86 89 92 96 97 100 103 106 109 112 115 118 121 124
a 2 4 6 8 9 11 14 15 17 19 21 23 25 27 30 33 36 37 40 43 46 49 53 56 59 62 65 68 70 71 74 77 80 83 86 89 92 96 97 100 103 106 109 112 115 118 121 124
a 2 4 6 8 9 11 14 15 17 19 21 23 25 27 30 33 36 37 40 43 46 49 53 56 59 62 65 68 70 71 74 77 80 83 86 89 94 96 97 100 103 106 109 112 115 118 121 124
a 2 4 6 8 9 11 14 15 17 19 21 23 25 27 30 33 36 37 40 43 46 50 53 56 59 62 65 68 70 71 74 77 80 83 86 89 94 96 97 100 103 106 109 112 115 118 121 124
a 2 4 6 8 9 11 13 15 17 19 21 23 25 27 30 33 36 37 40 43 46 50 53 56 59 62 65 68 70 71 74 77 80 83 86 89 94 96 97 100 103 106 109 112 115 118 121 124
a 2 4 6 8 9 11 13 15 17 19 21 23 25 27 30 33 36 37 40 43 46 50 53 56 59 62 65 68 70 71 74 77 80 83 86 91 94 96 97 100 103 106 109 112 115 118 121 124
a 2 4 6 8 9 11 13 15 17 19 21 23 25 27 30 33 36 37 40 43 46 50 53 56 59 62 65 66 70 71 74 77 80 83 86 91 94 96 97 100 103 106 109 112 115 118 121 124
a 2 4 6 8 9 11 13 15 17 19 21 23 25 27 30 33 36 37 40 43 46 50 53 56 59 62 63 66 70 71 74 77 80 83 86 91 94 96 97 100 103 106 109 112 115 118 121 124
a 2 4 6 8 9 11 13 15 17 19 21 23 25 27 30 33 36 37 40 43 46 50 53 56 59 60 63 66 70 71 74 77 80 83 86 91 94 96 97 100 103 106 109 112 115 118 121 124
a 2 4 6 8 9 11 13 15 17 19 21 23 25 27 30 33 36 37 40 43 46 50 53 56 57 60 63 66 70 71 74 77 80 83 86 91 94 96 97 100 103 106 109 112 115 118 121 124
a 2 4 6 8 9 11 13 15 17 19 21 23 25 27 30 33 36 37 40 43 46 50 53 54 57 60 63 66 70 71 74 77 80 83 86 91 94 96 97 100 103 106 109 112 115 118 121 124
a 2 4 6 8 9 11 13 15 17 19 21 23 25 27 30 33 36 37 40 43 46 50 51 54 57 60 63 66 70 71 74 77 80 83 86 91 94 96 97 100 103 106 109 112 115 118 121 124
a 2 3 6 8 9 11 13 15 17 19 21 23 25 27 30 33 36 37 40 43 46 50 51 54 57 60 63 66 70 71 74 77 80 83 86 91 94 96 97 100 103 106 109 112 115 118 121 124
a 2 3 6 8 9 11 13 15 17 19 21 23 25 27 30 34 36 37 40 43 46 50 51 54 57 60 63 66 70 71 74 77 80 83 86 91 94 96 97 100 103 106 109 112 115 118 121 124
a 2 3 6 8 9 11 13 15 17 19 21 23 26 27 30 34 36 37 40 43 46 50 51 54 57 60 63 66 70 71 74 77 80 83 86 91 94 96 97 100 103 106 109 112 115 118 121 124
a 1 3 6 8 9 11 13 15 17 19 21 23 26 27 30 34 36 37 40 43 46 50 51 54 57 60 63 66 70 71 74 77 80 83 86 91 94 96 97 100 103 106 109 112 115 118 121 124
a 1 3 6 8 9 11 13 15 17 19 21 23 26 27 31 34 36 37 40 43 46 50 51 54 57 60 63 66 70 71 74 77 80 83 86 91 94 96 97 100 103 106 109 112 115 118 121 124
a 1 3 6 7 9 11 13 15 17 19 21 23 26 27 31 34 36 37 40 43 46 50 51 54 57 60 63 66 70 71 74 77 80 83 86 91 94 96 97 100 103 106 109 112 115 118 121 124
a 1 3 6 7 9 11 13 15 17 19 21 23 26 27 31 34 36 37 40 43 48 50 51 54 57 60 63 66 70 71 74 77 80 83 86 91 94 96 97 100 103 106 109 112 115 118 121 124
a 1 3 6 7 9 11 13 15 17 19 21 23 26 28 31 34 36 37 40 43 48 50 51 54 57 60 63 66 70 71 74 77 80 83 86 91 94 96 97 100 103 106 109 112 115 118 121 124
a 1 3 5 7 9 11 13 15 17 19 21 23 26 28 31 34 36 37 40 43 48 50 51 54 57 60 63 66 70 71 74 77 80 83 86 91 94 96 97 100 103 106 109 112 115 118 121 124
a 1 3 5 7 9 11 13 15 17 19 21 23 26 28 31 34 36 37 40 45 48 50 51 54 57 60 63 66 70 71 74 77 80 83 86 91 94 96 97 100 103 106 109 112 115 118 121 124
a 1 3 5 7 9 11 13 15 17 19 21 23 26 28 31 32 36 37 40 45 48 50 51 54 57 60 63 66 70 71 74 77 80 83 86 91 94 96 97 100 103 106 109 112 115 118 121 124
a 1 3 5 7 9 11 13 15 17 19 21 23 26 28 29 32 36 37 40 45 48 50 51 54 57 60 63 66 70 71 74 77 80 83 86 91 94 96 97 100 103 106 109 112 115 118 121 124
a 2 3 5 7 9 11 13 15 17 19 21 23 26 28 29 32 36 37 40 45 48 50 51 54 57 60 63 66 70 71 74 77 80 83 86 91 94 96 97 100 103 106 109 112 115 118 121 124
a 2 3 5 7 9 11 13 15 17 19 21 23 25 28 29 32 36 37 40 45 48 50 51 54 57 60 63 66 70 71 74 77 80 83 86 91 94 96 97 100 103 106 109 112 115 118 121 124
a 2 4 5 7 9 11 13 15 17 19 21 23 25 28 29 32 36 37 40 45 48 50 51 54 57 60 63 66 70 71 74 77 80 83 86 91 94 96 97 100 103 106 109 112 115 118 121 124
a 2 4 5 7 9 11 13 15 17 19 21 23 25 28 29 32 36 37 42 45 48 50 51 54 57 60 63 66 70 71 74 77 80 83 86 91 94 96 97 100 103 106 109 112 115 118 121 124
a 2 4 5 7 9 11 13 15 17 19 21 23 25 28 29 32 36 39 42 45 48 50 51 54 57 60 63 66 70 71 74 77 80 83 86 91 94 96 97 100 103 106 109 112 115 118 121 124
a 2 4 5 7 10 11 13 15 17 19 21 23 25 28 29 32 36 39 42 45 48 50 51 54 57 60 63 66 70 71 74 77 80 83 86 91 94 96 97 100 103 106 109 112 115 118 121 124
a 2 4 5 7 10 11 13 15 17 19 21 23 25 28 29 32 35 39 42 45 48 50 51 54 57 60 63 66 70 71 74 77 80 83 86 91 94 96 97 100 103 106 109 112 115 118 121 124
a 2 4 5 7 10 12 13 15 17 19 21 23 25 28 29 32 35 39 42 45 48 50 51 54 57 60 63 66 70 71 74 77 80 83 86 91 94 96 97 100 103 106 109 112 115 118 121 124
a 2 4 5 7 10 12 13 15 17 19 21 23 25 28 29 32 35 39 42 45 48 50 51 54 57 60 63 66 70 71 74 77 80 83 88 91 94 96 97 100 103 106 109 112 115 118 121 124
a 2 4 5 7 10 12 13 15 17 19 21 23 25 28 29 32 35 39 42 45 48 50 51 54 57 60 63 66 70 71 74 77 80 85 88 91 94 96 97 100 103 106 109 112 115 118 121 124
a 2 4 5 7 10 12 13 15 17 19 21 23 25 28 29 32 35 39 42 45 47 50 51 54 57 60 63 66 70 71 74 77 80 85 88 91 94 96 97 100 103 106 109 112 115 118 121 124
a 2 4 5 7 10 12 13 15 17 19 21 23 25 28 29 32 35 39 42 44 47 50 51 54 57 60 63 66 70 71 74 77 80 85 88 91 94 96 97 100 103 106 109 112 115 118 121 124
a 2 4 5 7 10 12 13 15 17 19 21 23 25 28 29 32 35 39 41 44 47 50 51 54 57 60 63 66 70 71 74 77 80 85 88 91 94 96 97 100 103 106 109 112 115 118 121 124
a 2 4 5 7 10 12 13 15 17 19 21 23 25 28 29 32 35 38 41 44 47 50 51 54 57 60 63 66 70 71 74 77 80 85 88 91 94 96 97 100 103 106 109 112 115 118 121 124
a 2 3 5 7 10 12 13 15 17 19 21 23 25 28 29 32 35 38 41 44 47 50 51 54 57 60 63 66 70 71 74 77 80 85 88 91 94 96 97 100 103 106 109 112 115 118 121 124
a 2 3 5 7 10 12 13 15 17 19 21 23 25 28 29 34 35 38 41 44 47 50 51 54 57 60 63 66 70 71 74 77 80 85 88 91 94 96 97 100 103 106 109 112 115 118 121 124
a 2 3 5 7 10 12 13 15 17 19 21 23 26 28 29 34 35 38 41 44 47 50 51 54 57 60 63 66 70 71 74 77 80 85 88 91 94 96 97 100 103 106 109 112 115 118 121 124
a 1 3 5 7 10 12 13 15 17 19 21 23 26 28 29 34 35 38 41 44 47 50 51 54 57 60 63 66 70 71 74 77 80 85 88 91 94 96 97 100 103 106 109 112 115 118 121 124
a 1 3 5 7 10 12 13 15 17 19 21 23 26 28 31 34 35 38 41 44 47 50 51 54 57 60 63 66 70 71 74 77 80 85 88 91 94 96 97 100 103 106 109 112 115 118 121 124
a 1 3 6 7 10 12 13 15 17 19 21 23 26 28 31 34 35 38 41 44 47 50 51 54 57 60 63 66 70 71 74 77 80 85 88 91 94 96 97 100 103 106 109 112 115 118 121 124
a 1 3 6 7 10 12 13 15 17 19 21 23 26 27 31 34 35 38 41 44 47 50 51 54 57 60 63 66 70 71 74 77 80 85 88 91 94 96 97 100 103 106 109 112 115 118 121 124
a 1 3 6 8 10 12 13 15 17 19 21 23 26 27 31 34 35 38 41 44 47 50 51 54 57 60 63 66 70 71 74 77 80 85 88 91 94 96 97 100 103 106 109 112 115 118 121 124
a 1 3 6 8 10 12 13 15 17 19 21 23 26 27 31 34 35 38 41 44 47 50 51 54 57 60 63 66 70 71 74 77 82 85 88 91 94 96 97 100 103 106 109 112 115 118 121 124
a 1 3 6 8 10 12 13 15 17 19 21 23 26 27 31 34 35 38 41 44 47 50 51 54 57 60 63 66 70 71 74 79 82 85 88 91 94 96 97 100 103 106 109 112 115 118 121 124
a 1 3 6 8 10 12 13 15 17 19 21 23 26 27 31 33 35 38 41 44 47 50 51 54 57 60 63 66 70 71 74 79 82 85 88 91 94 96 97 100 103 106 109 112 115 118 121 124
a 1 3 6 8 10 12 13 15 17 19 21 23 26 27 30 33 35 38 41 44 47 50 51 54 57 60 63 66 70 71 74 79 82 85 88 91 94 96 97 100 103 106 109 112 115 118 121 124
a 2 3 6 8 10 12 13 15 17 19 21 23 26 27 30 33 35 38 41 44 47 50 51 54 57 60 63 66 70 71 74 79 82 85 88 91 94 96 97 100 103 106 109 112 115 118 121 124
a 2 3 6 8 10 12 13 15 17 19 21 23 25 27 30 33 35 38 41 44 47 50 51 54 57 60 63 66 70 71 74 79 82 85 88 91 94 96 97 100 103 106 109 112 115 118 121 124
a 2 4 6 8 10 12 13 15 17 19 21 23 25 27 30 33 35 38 41 44 47 50 51 54 57 60 63 66 70 71 74 79 82 85 88 91 94 96 97 100 103 106 109 112 115 118 121 124
a 2 4 6 8 10 12 13 15 17 19 21 23 25 27 30 33 35 38 41 44 47 50 51 54 57 60 63 66 70 71 76 79 82 85 88 91 94 96 97 100 103 106 109 112 115 118 121 124
a 2 4 6 8 10 12 13 15 17 19 21 23 25 27 30 33 35 38 41 44 47 50 51 54 57 60 63 66 70 73 76 79 82 85 88 91 94 96 97 100 103 106 109 112 115 118 121 124
a 2 4 6 8 10 12 13 15 18 19 21 23 25 27 30 33 35 38 41 44 47 50 51 54 57 60 63 66 70 73 76 79 82 85 88 91 94 96 97 100 103 106 109 112 115 118 121 124
a 2 4 6 8 10 12 13 15 18 19 21 23 25 27 30 33 35 38 41 44 47 50 51 54 57 60 63 66 69 73 76 79 82 85 88 91 94 96 97 100 103 106 109 112 115 118 121 124
a 2 4 6 8 10 12 13 15 18 20 21 23 25 27 30 33 35 38 41 44 47 50 51 54 57 60 63 66 69 73 76 79 82 85 88 91 94 96 97 100 103 106 109 112 115 118 121 124
a 2 4 6 8 10 12 13 15 18 20 21 23 25 27 30 33 35 38 41 44 47 50 51 54 57 60 63 66 69 73 76 79 82 85 88 91 93 96 97 100 103 106 109 112 115 118 121 124
a 2 4 6 8 10 12 13 15 18 20 21 23 25 27 30 33 35 38 41 44 47 50 51 54 57 60 63 66 69 73 76 79 82 85 88 90 93 96 97 100 103 106 109 112 115 118 121 124
a 2 4 6 8 10 12 13 15 18 20 21 23 25 27 30 33 35 38 41 44 47 50 51 54 57 60 63 66 69 73 76 79 82 85 87 90 93 96 97 100 103 106 109 112 115 118 121 124
a 2 4 6 8 10 12 13 15 18 20 21 23 25 27 30 33 35 38 41 44 47 50 51 54 57 60 63 66 69 73 76 79 82 84 87 90 93 96 97 100 103 106 109 112 115 118 121 124
a 2 4 6 8 10 12 13 15 18 20 21 23 25 27 30 33 35 38 41 44 47 50 51 54 57 60 63 66 69 73 76 79 81 84 87 90 93 96 97 100 103 106 109 112 115 118 121 124
a 2 4 6 8 10 12 13 15 18 20 21 23 25 27 30 33 35 38 41 44 47 50 51 54 57 60 63 66 69 73 76 78 81 84 87 90 93 96 97 100 103 106 109 112 115 118 121 124
a 2 4 6 8 10 12 13 15 18 20 21 23 25 27 30 33 35 38 41 44 47 50 51 54 57 60 63 66 69 73 75 78 81 84 87 90 93 96 97 100 103 106 109 112 115 118 121 124
a 2 4 6 8 10 12 13 15 18 20 21 23 25 27 30 33 35 38 41 44 47 50 51 54 57 60 63 66 69 72 75 78 81 84 87 90 93 96 97 100 103 106 109 112 115 118 121 124
a 2 3 6 8 10 12 13 15 18 20 21 23 25 27 30 33 35 38 41 44 47 50 51 54 57 60 63 66 69 72 75 78 81 84 87 90 93 96 97 100 103 106 109 112 115 118 121 124
a 2 3 6 8 10 12 13 15 18 20 21 23 25 27 30 34 35 38 41 44 47 50 51 54 57 60 63 66 69 72 75 78 81 84 87 90 93 96 97 100 103 106 109 112 115 118 121 124
a 2 3 6 8 10 12 13 15 18 20 21 23 26 27 30 34 35 38 41 44 47 50 51 54 57 60 63 66 69 72 75 78 81 84 87 90 93 96 97 100 103 106 109 112 115 118 121 124
a 1 3 6 8 10 12 13 15 18 20 21 23 26 27 30 34 35 38 41 44 47 50 51 54 57 60 63 66 69 72 75 78 81 84 87 90 93 96 97 100 103 106 109 112 115 118 121 124
a 1 3 6 8 10 12 13 15 18 20 21 23 26 27 31 34 35 38 41 44 47 50 51 54 57 60 63 66 69 72 75 78 81 84 87 90 93 96 97 100 103 106 109 112 115 118 121 124
a 1 3 6 7 10 12 13 15 18 20 21 23 26 27 31 34 35 38 41 44 47 50 51 54 57 60 63 66 69 72 75 78 81 84 87 90 93 96 97 100 103 106 109 112 115 118 121 124
a 1 3 6 7 10 12 13 15 18 20 21 23 26 27 31 34 35 38 41 44 48 50 51 54 57 60 63 66 69 72 75 78 81 84 87 90 93 96 97 100 103 106 109 112 115 118 121 124
a 1 3 6 7 10 12 13 15 18 20 21 23 26 28 31 34 35 38 41 44 48 50 51 54 57 60 63 66 69 72 75 78 81 84 87 90 93 96 97 100 103 106 109 112 115 118 121 124
a 1 3 5 7 10 12 13 15 18 20 21 23 26 28 31 34 35 38 41 44 48 50 51 54 57 60 63 66 69 72 75 78 81 84 87 90 93 96 97 100 103 106 109 112 115 118 121 124
a 1 3 5 7 10 12 13 15 18 20 21 23 26 28 31 34 35 38 41 45 48 50 51 54 57 60 63 66 69 72 75 78 81 84 87 90 93 96 97 100 103 106 109 112 115 118 121 124
a 1 3 5 7 10 12 13 15 18 20 21 23 26 28 31 32 35 38 41 45 48 50 51 54 57 60 63 66 69 72 75 78 81 84 87 90 93 96 97 100 103 106 109 112 115 118 121 124
a 1 3 5 7 10 12 13 15 18 20 21 23 26 28 29 32 35 38 41 45 48 50 51 54 57 60 63 66 69 72 75 78 81 84 87 90 93 96 97 100 103 106 109 112 115 118 121 124
a 2 3 5 7 10 12 13 15 18 20 21 23 26 28 29 32 35 38 41 45 48 50 51 54 57 60 63 66 69 72 75 78 81 84 87 90 93 96 97 100 103 106 109 112 115 118 121 124
a 2 3 5 7 10 12 13 15 18 20 21 23 25 28 29 32 35 38 41 45 48 50 51 54 57 60 63 66 69 72 75 78 81 84 87 90 93 96 97 100 103 106 109 112 115 118 121 124
a 2 4 5 7 10 12 13 15 18 20 21 23 25 28 29 32 35 38 41 45 48 50 51 54 57 60 63 66 69 72 75 78 81 84 87 90 93 96 97 100 103 106 109 112 115 118 121 124
a 2 4 5 7 10 12 13 15 18 20 21 23 25 28 29 32 35 38 42 45 48 50 51 54 57 60 63 66 69 72 75 78 81 84 87 90 93 96 97 100 103 106 109 112 115 118 121 124
a 2 4 5 7 10 12 13 15 18 20 21 23 25 28 29 32 35 39 42 45 48 50 51 54 57 60 63 66 69 72 75 78 81 84 87 90 93 96 97 100 103 106 109 112 115 118 121 124
a 2 4 5 7 10 11 13 15 18 20 21 23 25 28 29 32 35 39 42 45 48 50 51 54 57 60 63 66 69 72 75 78 81 84 87 90 93 96 97 100 103 106 109 112 115 118 121 124
a 2 4 5 7 10 11 13 15 18 20 21 23 25 28 29 32 35 39 42 45 48 50 51 54 57 60 63 68 69 72 75 78 81 84 87 90 93 96 97 100 103 106 109 112 115 118 121 124
a 2 4 5 7 10 11 13 15 18 20 21 23 25 28 29 32 36 39 42 45 48 50 51 54 57 60 63 68 69 72 75 78 81 84 87 90 93 96 97 100 103 106 109 112 115 118 121 124
a 2 4 5 7 9 11 13 15 18 20 21 23 25 28 29 32 36 39 42 45 48 50 51 54 57 60 63 68 69 72 75 78 81 84 87 90 93 96 97 100 103 106 109 112 115 118 121 124
a 2 4 5 7 9 11 13 15 18 20 21 23 25 28 29 32 36 39 42 45 48 50 51 54 57 60 65 68 69 72 75 78 81 84 87 90 93 96 97 100 103 106 109 112 115 118 121 124
a 2 4 5 7 9 11 13 15 18 20 21 23 25 28 29 32 36 39 42 45 46 50 51 54 57 60 65 68 69 72 75 78 81 84 87 90 93 96 97 100 103 106 109 112 115 118 121 124
a 2 4 5 7 9 11 13 15 18 20 21 23 25 28 29 32 36 39 42 43 46 50 51 54 57 60 65 68 69 72 75 78 81 84 87 90 93 96 97 100 103 106 109 112 115 118 121 124
a 2 4 5 7 9 11 13 15 18 20 21 23 25 28 29 32 36 39 40 43 46 50 51 54 57 60 65 68 69 72 75 78 81 84 87 90 93 96 97 100 103 106 109 112 115 118 121 124
a 2 4 5 7 9 11 13 15 18 20 21 23 25 28 29 32 36 37 40 43 46 50 51 54 57 60 65 68 69 72 75 78 81 84 87 90 93 96 97 100 103 106 109 112 115 118 121 124
a 2 3 5 7 9 11 13 15 18 20 21 23 25 28 29 32 36 37 40 43 46 50 51 54 57 60 65 68 69 72 75 78 81 84 87 90 93 96 97 100 103 106 109 112 115 118 121 124
a 2 3 5 7 9 11 13 15 18 20 21 23 25 28 29 34 36 37 40 43 46 50 51 54 57 60 65 68 69 72 75 78 81 84 87 90 93 96 97 100 103 106 109 112 115 118 121 124
a 2 3 5 7 9 11 13 15 18 20 21 23 26 28 29 34 36 37 40 43 46 50 51 54 57 60 65 68 69 72 75 78 81 84 87 90 93 96 97 100 103 106 109 112 115 118 121 124
a 1 3 5 7 9 11 13 15 18 20 21 23 26 28 29 34 36 37 40 43 46 50 51 54 57 60 65 68 69 72 75 78 81 84 87 90 93 96 97 100 103 106 109 112 115 118 121 124
a 1 3 5 7 9 11 13 15 18 20 21 23 26 28 31 34 36 37 40 43 46 50 51 54 57 60 65 68 69 72 75 78 81 84 87 90 93 96 97 100 103 106 109 112 115 118 121 124
a 1 3 6 7 9 11 13 15 18 20 21 23 26 28 31 34 36 37 40 43 46 50 51 54 57 60 65 68 69 72 75 78 81 84 87 90 93 96 97 100 103 106 109 112 115 118 121 124
a 1 3 6 7 9 11 13 15 18 20 21 23 26 27 31 34 36 37 40 43 46 50 51 54 57 60 65 68 69 72 75 78 81 84 87 90 93 96 97 100 103 106 109 112 115 118 121 124
a 1 3 6 8 9 11 13 15 18 20 21 23 26 27 31 34 36 37 40 43 46 50 51 54 57 60 65 68 69 72 75 78 81 84 87 90 93 96 97 100 103 106 109 112 115 118 121 124
a 1 3 6 8 9 11 13 15 18 20 21 23 26 27 31 34 36 37 40 43 46 50 51 54 57 62 65 68 69 72 75 78 81 84 87 90 93 96 97 100 103 106 109 112 115 118 121 124
a 1 3 6 8 9 11 13 15 18 20 21 23 26 27 31 34 36 37 40 43 46 50 51 54 59 62 65 68 69 72 75 78 81 84 87 90 93 96 97 100 103 106 109 112 115 118 121 124
a 1 3 6 8 9 11 13 15 18 20 21 23 26 27 31 33 36 37 40 43 46 50 51 54 59 62 65 68 69 72 75 78 81 84 87 90 93 96 97 100 103 106 109 112 115 118 121 124
a 1 3 6 8 9 11 13 15 18 20 21 23 26 27 30 33 36 37 40 43 46 50 51 54 59 62 65 68 69 72 75 78 81 84 87 90 93 96 97 100 103 106 109 112 115 118 121 124
a 2 3 6 8 9 11 13 15 18 20 21 23 26 27 30 33 36 37 40 43 46 50 51 54 59 62 65 68 69 72 75 78 81 84 87 90 93 96 97 100 103 106 109 112 115 118 121 124
a 2 3 6 8 9 11 13 15 18 20 21 23 25 27 30 33 36 37 40 43 46 50 51 54 59 62 65 68 69 72 75 78 81 84 87 90 93 96 97 100 103 106 109 112 115 118 121 124
a 2 4 6 8 9 11 13 15 18 20 21 23 25 27 30 33 36 37 40 43 46 50 51 54 59 62 65 68 69 72 75 78 81 84 87 90 93 96 97 100 103 106 109 112 115 118 121 124
a 2 4 6 8 9 11 13 15 18 20 21 23 25 27 30 33 36 37 40 43 46 50 51 56 59 62 65 68 69 72 75 78 81 84 87 90 93 96 97 100 103 106 109 112 115 118 121 124
a 2 4 6 8 9 11 13 15 18 20 21 23 25 27 30 33 36 37 40 43 46 50 53 56 59 62 65 68 69 72 75 78 81 84 87 90 93 96 97 100 103 106 109 112 115 118 121 124
a 2 4 6 8 9 11 14 15 18 20 21 23 25 27 30 33 36 37 40 43 46 50 53 56 59 62 65 68 69 72 75 78 81 84 87 90 93 96 97 100 103 106 109 112 115 118 121 124
a 2 4 6 8 9 11 14 15 18 20 21 23 25 27 30 33 36 37 40 43 46 49 53 56 59 62 65 68 69 72 75 78 81 84 87 90 93 96 97 100 103 106 109 112 115 118 121 124
a 2 4 6 8 9 11 14 16 18 20 21 23 25 27 30 33 36 37 40 43 46 49 53 56 59 62 65 68 69 72 75 78 81 84 87 90 93 96 97 100 103 106 109 112 115 118 121 124
a 2 4 6 8 9 11 14 16 18 20 21 23 25 27 30 33 36 37 40 43 46 49 53 56 59 62 65 67 69 72 75 78 81 84 87 90 93 96 97 100 103 106 109 112 115 118 121 124
a 2 4 6 8 9 11 14 16 18 20 21 23 25 27 30 33 36 37 40 43 46 49 53 56 59 62 64 67 69 72 75 78 81 84 87 90 93 96 97 100 103 106 109 112 115 118 121 124
a 2 4 6 8 9 11 14 16 18 20 21 23 25 27 30 33 36 37 40 43 46 49 53 56 59 61 64 67 69 72 75 78 81 84 87 90 93 96 97 100 103 106 109 112 115 118 121 124
a 2 4 6 8 9 11 14 16 18 20 21 23 25 27 30 33 36 37 40 43 46 49 53 56 58 61 64 67 69 72 75 78 81 84 87 90 93 96 97 100 103 106 109 112 115 118 121 124
a 2 4 6 8 9 11 14 16 18 20 21 23 25 27 30 33 36 37 40 43 46 49 53 55 58 61 64 67 69 72 75 78 81 84 87 90 93 96 97 100 103 106 109 112 115 118 121 124
a 2 4 6 8 9 11 14 16 18 20 21 23 25 27 30 33 36 37 40 43 46 49 52 55 58 61 64 67 69 72 75 78 81 84 87 90 93 96 97 100 103 106 109 112 115 118 121 124
a 2 3 6 8 9 11 14 16 18 20 21 23 25 27 30 33 36 37 40 43 46 49 52 55 58 61 64 67 69 72 75 78 81 84 87 90 93 96 97 100 103 106 109 112 115 118 121 124
a 2 3 6 8 9 11 14 16 18 20 21 23 25 27 30 34 36 37 40 43 46 49 52 55 58 61 64 67 69 72 75 78 81 84 87 90 93 96 97 100 103 106 109 112 115 118 121 124
a 2 3 6 8 9 11 14 16 18 20 21 23 26 27 30 34 36 37 40 43 46 49 52 55 58 61 64 67 69 72 75 78 81 84 87 90 93 96 97 100 103 106 109 112 115 118 121 124
a 1 3 6 8 9 11 14 16 18 20 21 23 26 27 30 34 36 37 40 43 46 49 52 55 58 61 64 67 69 72 75 78 81 84 87 90 93 96 97 100 103 106 109 112 115 118 121 124
a 1 3 6 8 9 11 14 16 18 20 21 23 26 27 31 34 36 37 40 43 46 49 52 55 58 61 64 67 69 72 75 78 81 84 87 90 93 96 97 100 103 106 109 112 115 118 121 124
a 1 3 6 7 9 11 14 16 18 20 21 23 26 27 31 34 36 37 40 43 46 49 52 55 58 61 64 67 69 72 75 78 81 84 87 90 93 96 97 100 103 106 109 112 115 118 121 124
a 1 3 6 7 9 11 14 16 18 20 21 23 26 27 31 34 36 37 40 43 48 49 52 55 58 61 64 67 69 72 75 78 81 84 87 90 93 96 97 100 103 106 109 112 115 118 121 124
a 1 3 6 7 9 11 14 16 18 20 21 23 26 28 31 34 36 37 40 43 48 49 52 55 58 61 64 67 69 72 75 78 81 84 87 90 93 96 97 100 103 106 109 112 115 118 121 124
a 1 3 5 7 9 11 14 16 18 20 21 23 26 28 31 34 36 37 40 43 48 49 52 55 58 61 64 67 69 72 75 78 81 84 87 90 93 96 97 100 103 106 109 112 115 118 121 124
a 1 3 5 7 9 11 14 16 18 20 21 23 26 28 31 34 36 37 40 45 48 49 52 55 58 61 64 67 69 72 75 78 81 84 87 90 93 96 97 100 103 106 109 112 115 118 121 124
a 1 3 5 7 9 11 14 16 18 20 21 23 26 28 31 32 36 37 40 45 48 49 52 55 58 61 64 67 69 72 75 78 81 84 87 90 93 96 97 100 103 106 109 112 115 118 121 124
a 1 3 5 7 9 11 14 16 18 20 21 23 26 28 29 32 36 37 40 45 48 49 52 55 58 61 64 67 69 72 75 78 81 84 87 90 93 96 97 100 103 106 109 112 115 118 121 124
a 2 3 5 7 9 11 14 16 18 20 21 23 26 28 29 32 36 37 40 45 48 49 52 55 58 61 64 67 69 72 75 78 81 84 87 90 93 96 97 100 103 106 109 112 115 118 121 124
a 2 3 5 7 9 11 14 16 18 20 21 23 25 28 29 32 36 37 40 45 48 49 52 55 58 61 64 67 69 72 75 78 81 84 87 90 93 96 97 100 103 106 109 112 115 118 121 124
a 2 4 5 7 9 11 14 16 18 20 21 23 25 28 29 32 36 37 40 45 48 49 52 55 58 61 64 67 69 72 75 78 81 84 87 90 93 96 97 100 103 106 109 112 115 118 121 124
a 2 4 5 7 9 11 14 16 18 20 21 23 25 28 29 32 36 37 42 45 48 49 52 55 58 61 64 67 69 72 75 78 81 84 87 90 93 96 97 100 103 106 109 112 115 118 121 124
a 2 4 5 7 9 11 14 16 18 20 21 23 25 28 29 32 36 39 42 45 48 49 52 55 58 61 64 67 69 72 75 78 81 84 87 90 93 96 97 100 103 106 109 112 115 118 121 124
a 2 4 5 7 10 11 14 16 18 20 21 23 25 28 29 32 36 39 42 45 48 49 52 55 58 61 64 67 69 72 75 78 81 84 87 90 93 96 97 100 103 106 109 112 115 118 121 124
a 2 4 5 7 10 11 14 16 18 20 21 23 25 28 29 32 35 39 42 45 48 49 52 55 58 61 64 67 69 72 75 78 81 84 87 90 93 96 97 100 103 106 109 112 115 118 121 124
a 2 4 5 7 10 12 14 16 18 20 21 23 25 28 29 32 35 39 42 45 48 49 52 55 58 61 64 67 69 72 75 78 81 84 87 90 93 96 97 100 103 106 109 112 115 118 121 124
a 2 4 5 7 10 12 14 16 18 20 21 23 25 28 29 32 35 39 42 45 47 49 52 55 58 61 64 67 69 72 75 78 81 84 87 90 93 96 97 100 103 106 109 112 115 118 121 124
a 2 4 5 7 10 12 14 16 18 20 21 23 25 28 29 32 35 39 42 44 47 49 52 55 58 61 64 67 69 72 75 78 81 84 87 90 93 96 97 100 103 106 109 112 115 118 121 124
a 2 4 5 7 10 12 14 16 18 20 21 23 25 28 29 32 35 39 41 44 47 49 52 55 58 61 64 67 69 72 75 78 81 84 87 90 93 96 97 100 103 106 109 112 115 118 121 124
a 2 4 5 7 10 12 14 16 18 20 21 23 25 28 29 32 35 38 41 44 47 49 52 55 58 61 64 67 69 72 75 78 81 84 87 90 93 96 97 100 103 106 109 112 115 118 121 124
a 2 3 5 7 10 12 14 16 18 20 21 23 25 28 29 32 35 38 41 44 47 49 52 55 58 61 64 67 69 72 75 78 81 84 87 90 93 96 97 100 103 106 109 112 115 118 121 124
a 2 3 5 7 10 12 14 16 18 20 21 23 25 28 29 34 35 38 41 44 47 49 52 55 58 61 64 67 69 72 75 78 81 84 87 90 93 96 97 100 103 106 109 112 115 118 121 124
a 2 3 5 7 10 12 14 16 18 20 21 23 26 28 29 34 35 38 41 44 47 49 52 55 58 61 64 67 69 72 75 78 81 84 87 90 93 96 97 100 103 106 109 112 115 118 121 124
a 1 3 5 7 10 12 14 16 18 20 21 23 26 28 29 34 35 38 41 44 47 49 52 55 58 61 64 67 69 72 75 78 81 84 87 90 93 96 97 100 103 106 109 112 115 118 121 124
a 1 3 5 7 10 12 14 16 18 20 21 23 26 28 31 34 35 38 41 44 47 49 52 55 58 61 64 67 69 72 75 78 81 84 87 90 93 96 97 100 103 106 109 112 115 118 121 124
a 1 3 6 7 10 12 14 16 18 20 21 23 26 28 31 34 35 38 41 44 47 49 52 55 58 61 64 67 69 72 75 78 81 84 87 90 93 96 97 100 103 106 109 112 115 118 121 124
a 1 3 6 7 10 12 14 16 18 20 21 23 26 27 31 34 35 38 41 44 47 49 52 55 58 61 64 67 69 72 75 78 81 84 87 90 93 96 97 100 103 106 109 112 115 118 121 124
a 1 3 6 8 10 12 14 16 18 20 21 23 26 27 31 34 35 38 41 44 47 49 52 55 58 61 64 67 69 72 75 78 81 84 87 90 93 96 97 100 103 106 109 112 115 118 121 124
a 1 3 6 8 10 12 14 16 18 20 21 23 26 27 31 33 35 38 41 44 47 49 52 55 58 61 64 67 69 72 75 78 81 84 87 90 93 96 97 100 103 106 109 112 115 118 121 124
a 1 3 6 8 10 12 14 16 18 20 21 23 26 27 30 33 35 38 41 44 47 49 52 55 58 61 64 67 69 72 75 78 81 84 87 90 93 96 97 100 103 106 109 112 115 118 121 124
a 2 3 6 8 10 12 14 16 18 20 21 23 26 27 30 33 35 38 41 44 47 49 52 55 58 61 64 67 69 72 75 78 81 84 87 90 93 96 97 100 103 106 109 112 115 118 121 124
a 2 3 6 8 10 12 14 16 18 20 21 23 25 27 30 33 35 38 41 44 47 49 52 55 58 61 64 67 69 72 75 78 81 84 87 90 93 96 97 100 103 106 109 112 115 118 121 124
a 2 4 6 8 10 12 14 16 18 20 21 23 25 27 30 33 35 38 41 44 47 49 52 55 58 61 64 67 69 72 75 78 81 84 87 90 93 96 97 100 103 106 109 112 115 118 121 124
Reconfiguration time = 10.101693
	Command being timed: "timeout 0.5h ../ddreconf/ddreconf ../benchmark_instances/2023result/docs/solver/benchmark/exp_instance/SAT_exp_instance012.col --st --stfile=../benchmark_instances/2023result/docs/solver/benchmark/exp_instance/SAT_exp_instance012_01.dat --tj --indset"
	User time (seconds): 1096.76
	System time (seconds): 67.81
	Percent of CPU this job got: 99%
	Elapsed (wall clock) time (h:mm:ss or m:ss): 19:28.97
	Average shared text size (kbytes): 0
	Average unshared data size (kbytes): 0
	Average stack size (kbytes): 0
	Average total size (kbytes): 0
	Maximum resident set size (kbytes): 76460616
	Average resident set size (kbytes): 0
	Major (requiring I/O) page faults: 0
	Minor (reclaiming a frame) page faults: 23095577
	Voluntary context switches: 8
	Involuntary context switches: 995
	Swaps: 0
	File system inputs: 40
	File system outputs: 208
	Socket messages sent: 0
	Socket messages received: 0
	Signals delivered: 0
	Page size (bytes): 4096
	Exit status: 0
