Input graph file parsed. # of vertices = 270, # of edges = 477
s 2 4 6 8 10 12 14 16 18 20 22 24 26 28 30 32 34 36 37 39 42 45 47 50 53 56 59 61 64 67 70 73 76 79 81 84 87 90 93 96 99 102 105 107 110 113 116 119 122 125 128 131 134 137 139 142 145 148 151 154 157 160 163 166 169 172 175 177 180 183 186 189 192 195 198 201 204 207 210 213 216 219 221 224 227 230 233 236 239 242 245 248 251 254 257 260 263 266 269
t 2 4 6 8 10 12 14 16 18 20 22 24 26 28 30 32 33 35 37 39 42 45 47 50 53 56 59 61 64 67 70 73 76 79 81 84 87 90 93 96 99 102 105 107 110 113 116 119 122 125 128 131 134 137 139 142 145 148 151 154 157 160 163 166 169 172 175 177 180 183 186 189 192 195 198 201 204 207 210 213 216 219 222 223 226 229 232 235 238 241 244 247 250 253 256 259 262 265 268
Solution space ZDD construction start
Command exited with non-zero status 124
	Command being timed: "timeout 2.0h ../ddreconf/ddreconf ../benchmark_instances/2023result/docs/solver/benchmark/exp_instance/SAT_exp_instance018.col --st --stfile=../benchmark_instances/2023result/docs/solver/benchmark/exp_instance/SAT_exp_instance018_01.dat --tj --indset"
	User time (seconds): 6295.99
	System time (seconds): 885.15
	Percent of CPU this job got: 99%
	Elapsed (wall clock) time (h:mm:ss or m:ss): 2:00:06
	Average shared text size (kbytes): 0
	Average unshared data size (kbytes): 0
	Average stack size (kbytes): 0
	Average total size (kbytes): 0
	Maximum resident set size (kbytes): 291154316
	Average resident set size (kbytes): 0
	Major (requiring I/O) page faults: 0
	Minor (reclaiming a frame) page faults: 841328668
	Voluntary context switches: 5
	Involuntary context switches: 3769
	Swaps: 0
	File system inputs: 16
	File system outputs: 8
	Socket messages sent: 0
	Socket messages received: 0
	Signals delivered: 0
	Page size (bytes): 4096
	Exit status: 124
