Input graph file parsed. # of vertices = 126, # of edges = 210
s 2 25 4 30 33 6 27 8 44 47 58 78 61 81 104 95 24 107 69 20 125 38 41 67 12 35 10 64 84 110 87 113 52 72 98 55 14 49 16 75 90 93 18 101 116 22 119 122
t 2 25 4 30 33 6 27 8 44 47 58 78 61 81 103 21 96 106 69 20 124 38 41 67 12 35 10 64 84 109 87 112 52 72 97 55 14 49 16 75 90 93 18 100 115 118 23 121
Solution space ZDD construction start
Solution space ZDD construction end
Solution space ZDD construction time = 0.221172
Solution space ZDD size = 41618
# of elements in the solution space = 415653365128275123681600
Start searching a reconfiguration sequence from s to t
Step 1 time = 0.000218, # ZDD nodes = 136, # elems = 21
Step 2 time = 0.000534, # ZDD nodes = 245, # elems = 208
Step 3 time = 0.000942, # ZDD nodes = 378, # elems = 1294
Step 4 time = 0.001078, # ZDD nodes = 499, # elems = 5675
Step 5 time = 0.001625, # ZDD nodes = 607, # elems = 18655
Step 6 time = 0.001350, # ZDD nodes = 698, # elems = 47693
Step 7 time = 0.002822, # ZDD nodes = 783, # elems = 97096
Step 8 time = 0.001186, # ZDD nodes = 858, # elems = 159852
Step 9 time = 0.001139, # ZDD nodes = 925, # elems = 214896
Step 10 time = 0.001550, # ZDD nodes = 982, # elems = 237184
Step 11 time = 0.001189, # ZDD nodes = 1018, # elems = 215317
Step 12 time = 0.001060, # ZDD nodes = 1031, # elems = 160559
Step 13 time = 0.000948, # ZDD nodes = 1031, # elems = 98032
Step 14 time = 0.000925, # ZDD nodes = 1019, # elems = 49084
Step 15 time = 0.000962, # ZDD nodes = 969, # elems = 20952
Step 16 time = 0.000849, # ZDD nodes = 877, # elems = 9294
Step 17 time = 0.000711, # ZDD nodes = 770, # elems = 6557
Step 18 time = 0.000548, # ZDD nodes = 654, # elems = 7581
Step 19 time = 0.000529, # ZDD nodes = 565, # elems = 10043
Step 20 time = 0.000491, # ZDD nodes = 513, # elems = 12509
Step 21 time = 0.000653, # ZDD nodes = 488, # elems = 13468
Step 22 time = 0.000542, # ZDD nodes = 494, # elems = 12118
Step 23 time = 0.001050, # ZDD nodes = 500, # elems = 9190
Step 24 time = 0.000729, # ZDD nodes = 508, # elems = 6360
Step 25 time = 0.000663, # ZDD nodes = 564, # elems = 4835
Step 26 time = 0.000793, # ZDD nodes = 627, # elems = 4561
Step 27 time = 0.000854, # ZDD nodes = 657, # elems = 4592
Step 28 time = 0.000826, # ZDD nodes = 642, # elems = 4065
Step 29 time = 0.000684, # ZDD nodes = 608, # elems = 2878
Step 30 time = 0.000518, # ZDD nodes = 574, # elems = 1562
Step 31 time = 0.000498, # ZDD nodes = 518, # elems = 648
Step 32 time = 0.000447, # ZDD nodes = 456, # elems = 250
Step 33 time = 0.000462, # ZDD nodes = 379, # elems = 165
Step 34 time = 0.000398, # ZDD nodes = 331, # elems = 195
Step 35 time = 0.000524, # ZDD nodes = 309, # elems = 320
Step 36 time = 0.000658, # ZDD nodes = 353, # elems = 651
Step 37 time = 0.000675, # ZDD nodes = 419, # elems = 1362
Step 38 time = 0.001006, # ZDD nodes = 485, # elems = 2763
Step 39 time = 0.001019, # ZDD nodes = 546, # elems = 5313
Step 40 time = 0.027541, # ZDD nodes = 601, # elems = 9319
Step 41 time = 0.001234, # ZDD nodes = 633, # elems = 14720
Step 42 time = 0.002752, # ZDD nodes = 646, # elems = 21504
Step 43 time = 0.000896, # ZDD nodes = 628, # elems = 30016
Step 44 time = 0.000745, # ZDD nodes = 618, # elems = 39834
Step 45 time = 0.000796, # ZDD nodes = 623, # elems = 48139
Step 46 time = 0.000962, # ZDD nodes = 643, # elems = 50519
Step 47 time = 0.001012, # ZDD nodes = 686, # elems = 44622
Step 48 time = 0.001299, # ZDD nodes = 737, # elems = 32813
Step 49 time = 0.001963, # ZDD nodes = 779, # elems = 20699
Step 50 time = 0.001862, # ZDD nodes = 806, # elems = 13465
Step 51 time = 0.001557, # ZDD nodes = 837, # elems = 13905
Step 52 time = 0.002524, # ZDD nodes = 892, # elems = 22499
Step 53 time = 0.001654, # ZDD nodes = 917, # elems = 37126
Step 54 time = 0.001560, # ZDD nodes = 899, # elems = 52290
Step 55 time = 0.001401, # ZDD nodes = 857, # elems = 60635
Step 56 time = 0.001502, # ZDD nodes = 833, # elems = 57442
Step 57 time = 0.001127, # ZDD nodes = 786, # elems = 44225
Step 58 time = 0.001049, # ZDD nodes = 738, # elems = 27449
Step 59 time = 0.000818, # ZDD nodes = 717, # elems = 13565
Step 60 time = 0.000740, # ZDD nodes = 695, # elems = 5255
Step 61 time = 0.000737, # ZDD nodes = 666, # elems = 1594
Step 62 time = 0.000793, # ZDD nodes = 608, # elems = 457
Step 63 time = 0.000713, # ZDD nodes = 542, # elems = 321
Step 64 time = 0.000747, # ZDD nodes = 478, # elems = 540
Step 65 time = 0.000917, # ZDD nodes = 427, # elems = 891
Step 66 time = 0.000736, # ZDD nodes = 421, # elems = 1289
Step 67 time = 0.000561, # ZDD nodes = 407, # elems = 1793
Step 68 time = 0.000491, # ZDD nodes = 410, # elems = 2497
Step 69 time = 0.000413, # ZDD nodes = 395, # elems = 3224
Step 70 time = 0.000623, # ZDD nodes = 374, # elems = 3510
Step 71 time = 0.000375, # ZDD nodes = 345, # elems = 3081
Step 72 time = 0.000328, # ZDD nodes = 299, # elems = 2224
Step 73 time = 0.000326, # ZDD nodes = 284, # elems = 1512
Step 74 time = 0.000430, # ZDD nodes = 338, # elems = 1277
Step 75 time = 0.000587, # ZDD nodes = 394, # elems = 1589
Step 76 time = 0.000726, # ZDD nodes = 428, # elems = 2717
Step 77 time = 0.000689, # ZDD nodes = 472, # elems = 5229
Step 78 time = 0.000776, # ZDD nodes = 544, # elems = 9239
Step 79 time = 0.001220, # ZDD nodes = 596, # elems = 13553
Step 80 time = 0.000844, # ZDD nodes = 623, # elems = 16005
Step 81 time = 0.000715, # ZDD nodes = 642, # elems = 15084
Step 82 time = 0.000650, # ZDD nodes = 660, # elems = 11274
Step 83 time = 0.001052, # ZDD nodes = 668, # elems = 6635
Step 84 time = 0.000667, # ZDD nodes = 646, # elems = 3107
Step 85 time = 0.001700, # ZDD nodes = 608, # elems = 1313
Step 86 time = 0.000565, # ZDD nodes = 580, # elems = 775
Step 87 time = 0.000794, # ZDD nodes = 536, # elems = 875
Step 88 time = 0.000825, # ZDD nodes = 487, # elems = 1486
Step 89 time = 0.000797, # ZDD nodes = 485, # elems = 2984
Step 90 time = 0.000964, # ZDD nodes = 564, # elems = 6138
Step 91 time = 0.001194, # ZDD nodes = 634, # elems = 12201
Step 92 time = 0.001247, # ZDD nodes = 685, # elems = 22708
Step 93 time = 0.001190, # ZDD nodes = 715, # elems = 38671
Step 94 time = 0.001051, # ZDD nodes = 740, # elems = 60263
Step 95 time = 0.001000, # ZDD nodes = 748, # elems = 87744
Step 96 time = 0.000835, # ZDD nodes = 729, # elems = 121369
Step 97 time = 0.000696, # ZDD nodes = 690, # elems = 157808
Step 98 time = 0.000628, # ZDD nodes = 658, # elems = 186526
Step 99 time = 0.000776, # ZDD nodes = 639, # elems = 193338
Step 100 time = 0.000890, # ZDD nodes = 664, # elems = 171112
Step 101 time = 0.001091, # ZDD nodes = 703, # elems = 127172
Step 102 time = 0.002739, # ZDD nodes = 752, # elems = 78906
Step 103 time = 0.002624, # ZDD nodes = 801, # elems = 42340
Step 104 time = 0.002039, # ZDD nodes = 840, # elems = 26013
Step 105 time = 0.002433, # ZDD nodes = 898, # elems = 35752
Step 106 time = 0.002364, # ZDD nodes = 968, # elems = 83617
Step 107 time = 0.001997, # ZDD nodes = 1012, # elems = 188360
Step 108 time = 0.001877, # ZDD nodes = 1032, # elems = 360111
Step 109 time = 0.001995, # ZDD nodes = 1041, # elems = 577126
Step 110 time = 0.001566, # ZDD nodes = 1059, # elems = 777088
Step 111 time = 0.001492, # ZDD nodes = 1077, # elems = 881492
Step 112 time = 0.001353, # ZDD nodes = 1074, # elems = 843130
Step 113 time = 0.001878, # ZDD nodes = 1059, # elems = 678977
Step 114 time = 0.001076, # ZDD nodes = 1083, # elems = 458534
Step 115 time = 0.001501, # ZDD nodes = 1097, # elems = 258024
Step 116 time = 0.001208, # ZDD nodes = 1096, # elems = 120072
Step 117 time = 0.001131, # ZDD nodes = 1100, # elems = 46298
Step 118 time = 0.001183, # ZDD nodes = 1089, # elems = 16197
Step 119 time = 0.001287, # ZDD nodes = 1044, # elems = 8399
Step 120 time = 0.001620, # ZDD nodes = 962, # elems = 9834
Step 121 time = 0.001000, # ZDD nodes = 841, # elems = 14776
Step 122 time = 0.000802, # ZDD nodes = 716, # elems = 21507
Step 123 time = 0.000722, # ZDD nodes = 619, # elems = 30017
Step 124 time = 0.000717, # ZDD nodes = 593, # elems = 39847
Step 125 time = 0.001029, # ZDD nodes = 560, # elems = 48217
Step 126 time = 0.000579, # ZDD nodes = 555, # elems = 50805
Step 127 time = 0.000582, # ZDD nodes = 553, # elems = 45335
Step 128 time = 0.000645, # ZDD nodes = 557, # elems = 34067
Step 129 time = 0.000929, # ZDD nodes = 563, # elems = 22157
Step 130 time = 0.000856, # ZDD nodes = 572, # elems = 13912
Step 131 time = 0.000842, # ZDD nodes = 623, # elems = 10796
Step 132 time = 0.001193, # ZDD nodes = 691, # elems = 11837
Step 133 time = 0.001086, # ZDD nodes = 732, # elems = 14641
Step 134 time = 0.001555, # ZDD nodes = 742, # elems = 16375
Step 135 time = 0.000851, # ZDD nodes = 725, # elems = 15175
Step 136 time = 0.000768, # ZDD nodes = 723, # elems = 11288
Step 137 time = 0.000815, # ZDD nodes = 701, # elems = 6636
Step 138 time = 0.000610, # ZDD nodes = 661, # elems = 3107
Step 139 time = 0.000563, # ZDD nodes = 615, # elems = 1313
Step 140 time = 0.000548, # ZDD nodes = 583, # elems = 775
Step 141 time = 0.000678, # ZDD nodes = 537, # elems = 875
Step 142 time = 0.000825, # ZDD nodes = 486, # elems = 1486
Step 143 time = 0.000818, # ZDD nodes = 483, # elems = 2984
Step 144 time = 0.000999, # ZDD nodes = 564, # elems = 6138
Step 145 time = 0.001283, # ZDD nodes = 637, # elems = 12201
Step 146 time = 0.001361, # ZDD nodes = 691, # elems = 22708
Step 147 time = 0.001528, # ZDD nodes = 728, # elems = 38671
Step 148 time = 0.001257, # ZDD nodes = 757, # elems = 60263
Step 149 time = 0.001093, # ZDD nodes = 765, # elems = 87744
Step 150 time = 0.000971, # ZDD nodes = 753, # elems = 121369
Step 151 time = 0.000855, # ZDD nodes = 751, # elems = 157809
Step 152 time = 0.000958, # ZDD nodes = 756, # elems = 186540
Step 153 time = 0.001222, # ZDD nodes = 746, # elems = 193429
Step 154 time = 0.001090, # ZDD nodes = 757, # elems = 171476
Step 155 time = 0.001134, # ZDD nodes = 800, # elems = 128171
Step 156 time = 0.002495, # ZDD nodes = 851, # elems = 80867
Step 157 time = 0.002925, # ZDD nodes = 885, # elems = 44941
Step 158 time = 0.003235, # ZDD nodes = 916, # elems = 26938
Step 159 time = 0.001851, # ZDD nodes = 965, # elems = 27601
Step 160 time = 0.001988, # ZDD nodes = 1023, # elems = 47979
Step 161 time = 0.003120, # ZDD nodes = 1049, # elems = 89372
Step 162 time = 0.001898, # ZDD nodes = 1047, # elems = 146283
Step 163 time = 0.001861, # ZDD nodes = 1020, # elems = 201242
Step 164 time = 0.001926, # ZDD nodes = 1016, # elems = 230632
Step 165 time = 0.001444, # ZDD nodes = 992, # elems = 219653
Step 166 time = 0.002392, # ZDD nodes = 945, # elems = 173327
Step 167 time = 0.001081, # ZDD nodes = 908, # elems = 112687
Step 168 time = 0.000987, # ZDD nodes = 913, # elems = 59834
Step 169 time = 0.001052, # ZDD nodes = 910, # elems = 25669
Step 170 time = 0.001037, # ZDD nodes = 890, # elems = 8900
Step 171 time = 0.001020, # ZDD nodes = 859, # elems = 2829
Step 172 time = 0.001020, # ZDD nodes = 821, # elems = 1639
Step 173 time = 0.001141, # ZDD nodes = 740, # elems = 2292
Step 174 time = 0.000995, # ZDD nodes = 636, # elems = 3611
Step 175 time = 0.000819, # ZDD nodes = 552, # elems = 5262
Step 176 time = 0.000715, # ZDD nodes = 533, # elems = 7372
Step 177 time = 0.000617, # ZDD nodes = 507, # elems = 10011
Step 178 time = 0.000602, # ZDD nodes = 510, # elems = 12455
Step 179 time = 0.001010, # ZDD nodes = 491, # elems = 13325
Step 180 time = 0.000509, # ZDD nodes = 470, # elems = 11896
Step 181 time = 0.001434, # ZDD nodes = 451, # elems = 9041
Step 182 time = 0.001016, # ZDD nodes = 439, # elems = 6525
Step 183 time = 0.000782, # ZDD nodes = 477, # elems = 5655
Step 184 time = 0.000958, # ZDD nodes = 532, # elems = 7172
Step 185 time = 0.000894, # ZDD nodes = 611, # elems = 12252
Step 186 time = 0.001057, # ZDD nodes = 666, # elems = 22414
Step 187 time = 0.001157, # ZDD nodes = 700, # elems = 37260
Step 188 time = 0.001089, # ZDD nodes = 746, # elems = 52350
Step 189 time = 0.001022, # ZDD nodes = 776, # elems = 60647
Step 190 time = 0.000908, # ZDD nodes = 802, # elems = 57447
Step 191 time = 0.000896, # ZDD nodes = 809, # elems = 44267
Step 192 time = 0.001830, # ZDD nodes = 810, # elems = 27651
Step 193 time = 0.000769, # ZDD nodes = 814, # elems = 14162
Step 194 time = 0.000771, # ZDD nodes = 817, # elems = 6508
Step 195 time = 0.000928, # ZDD nodes = 801, # elems = 3738
Step 196 time = 0.001082, # ZDD nodes = 766, # elems = 4011
Step 197 time = 0.001023, # ZDD nodes = 735, # elems = 6831
Step 198 time = 0.001762, # ZDD nodes = 722, # elems = 13592
Step 199 time = 0.002017, # ZDD nodes = 729, # elems = 27461
Step 200 time = 0.001502, # ZDD nodes = 796, # elems = 53248
Step 201 time = 0.001921, # ZDD nodes = 851, # elems = 96288
Step 202 time = 0.002215, # ZDD nodes = 875, # elems = 160313
Step 203 time = 0.001204, # ZDD nodes = 883, # elems = 246941
Step 204 time = 0.001058, # ZDD nodes = 889, # elems = 357120
Step 205 time = 0.001107, # ZDD nodes = 871, # elems = 488290
Step 206 time = 0.000842, # ZDD nodes = 841, # elems = 623510
Step 207 time = 0.000755, # ZDD nodes = 785, # elems = 724182
Step 208 time = 0.000639, # ZDD nodes = 749, # elems = 744194
Step 209 time = 0.001580, # ZDD nodes = 716, # elems = 662163
Step 210 time = 0.001553, # ZDD nodes = 735, # elems = 502344
Step 211 time = 0.001592, # ZDD nodes = 758, # elems = 321218
Step 212 time = 0.001495, # ZDD nodes = 803, # elems = 171681
Step 213 time = 0.004670, # ZDD nodes = 836, # elems = 77480
Step 214 time = 0.002033, # ZDD nodes = 865, # elems = 35556
Step 215 time = 0.004848, # ZDD nodes = 910, # elems = 36506
Step 216 time = 0.002679, # ZDD nodes = 969, # elems = 82301
Step 217 time = 0.002206, # ZDD nodes = 1005, # elems = 187114
Step 218 time = 0.002068, # ZDD nodes = 1017, # elems = 359398
Step 219 time = 0.001976, # ZDD nodes = 1023, # elems = 576840
Step 220 time = 0.003454, # ZDD nodes = 1030, # elems = 777010
Step 221 time = 0.001612, # ZDD nodes = 1046, # elems = 881479
Step 222 time = 0.001444, # ZDD nodes = 1060, # elems = 843129
Step 223 time = 0.001316, # ZDD nodes = 1073, # elems = 678977
Step 224 time = 0.001118, # ZDD nodes = 1092, # elems = 458534
Step 225 time = 0.001196, # ZDD nodes = 1105, # elems = 258024
Step 226 time = 0.001238, # ZDD nodes = 1105, # elems = 120072
Step 227 time = 0.001170, # ZDD nodes = 1104, # elems = 46298
Step 228 time = 0.001217, # ZDD nodes = 1092, # elems = 16197
Step 229 time = 0.001468, # ZDD nodes = 1048, # elems = 8399
Step 230 time = 0.001316, # ZDD nodes = 960, # elems = 9834
Step 231 time = 0.001484, # ZDD nodes = 840, # elems = 14776
Step 232 time = 0.001923, # ZDD nodes = 718, # elems = 21507
Step 233 time = 0.001198, # ZDD nodes = 628, # elems = 30017
Step 234 time = 0.000794, # ZDD nodes = 602, # elems = 39847
Step 235 time = 0.000703, # ZDD nodes = 569, # elems = 48217
Step 236 time = 0.000871, # ZDD nodes = 565, # elems = 50805
Step 237 time = 0.000620, # ZDD nodes = 562, # elems = 45335
Step 238 time = 0.000664, # ZDD nodes = 566, # elems = 34067
Step 239 time = 0.000980, # ZDD nodes = 571, # elems = 22157
Step 240 time = 0.000876, # ZDD nodes = 579, # elems = 13912
Step 241 time = 0.000855, # ZDD nodes = 631, # elems = 10796
Step 242 time = 0.000946, # ZDD nodes = 697, # elems = 11837
Step 243 time = 0.001664, # ZDD nodes = 738, # elems = 14641
Step 244 time = 0.001033, # ZDD nodes = 748, # elems = 16375
Step 245 time = 0.000897, # ZDD nodes = 728, # elems = 15175
Step 246 time = 0.000790, # ZDD nodes = 727, # elems = 11288
Step 247 time = 0.000745, # ZDD nodes = 705, # elems = 6636
Step 248 time = 0.000637, # ZDD nodes = 667, # elems = 3107
Step 249 time = 0.000605, # ZDD nodes = 621, # elems = 1313
Step 250 time = 0.000583, # ZDD nodes = 587, # elems = 775
Step 251 time = 0.000717, # ZDD nodes = 541, # elems = 875
Step 252 time = 0.000858, # ZDD nodes = 492, # elems = 1486
Step 253 time = 0.000862, # ZDD nodes = 489, # elems = 2984
Step 254 time = 0.001053, # ZDD nodes = 570, # elems = 6138
Step 255 time = 0.002610, # ZDD nodes = 641, # elems = 12201
Step 256 time = 0.003813, # ZDD nodes = 695, # elems = 22708
Step 257 time = 0.001365, # ZDD nodes = 734, # elems = 38671
Step 258 time = 0.001846, # ZDD nodes = 763, # elems = 60263
Step 259 time = 0.001179, # ZDD nodes = 771, # elems = 87744
Step 260 time = 0.001023, # ZDD nodes = 759, # elems = 121369
Step 261 time = 0.000910, # ZDD nodes = 762, # elems = 157809
Step 262 time = 0.001051, # ZDD nodes = 768, # elems = 186540
Step 263 time = 0.001201, # ZDD nodes = 755, # elems = 193429
Step 264 time = 0.001166, # ZDD nodes = 769, # elems = 171476
Step 265 time = 0.001260, # ZDD nodes = 809, # elems = 128171
Step 266 time = 0.001624, # ZDD nodes = 857, # elems = 80867
Step 267 time = 0.003013, # ZDD nodes = 888, # elems = 44941
Step 268 time = 0.002070, # ZDD nodes = 913, # elems = 26938
Step 269 time = 0.001961, # ZDD nodes = 961, # elems = 27601
Step 270 time = 0.002087, # ZDD nodes = 1015, # elems = 47979
Step 271 time = 0.002136, # ZDD nodes = 1039, # elems = 89372
Step 272 time = 0.003119, # ZDD nodes = 1034, # elems = 146283
Step 273 time = 0.001779, # ZDD nodes = 1007, # elems = 201242
Step 274 time = 0.001589, # ZDD nodes = 1005, # elems = 230632
Step 275 time = 0.001472, # ZDD nodes = 977, # elems = 219653
Step 276 time = 0.001289, # ZDD nodes = 933, # elems = 173327
Step 277 time = 0.001113, # ZDD nodes = 901, # elems = 112687
Step 278 time = 0.001044, # ZDD nodes = 906, # elems = 59834
Step 279 time = 0.001073, # ZDD nodes = 903, # elems = 25669
Step 280 time = 0.002213, # ZDD nodes = 883, # elems = 8900
Step 281 time = 0.000995, # ZDD nodes = 852, # elems = 2829
Step 282 time = 0.001006, # ZDD nodes = 814, # elems = 1639
Step 283 time = 0.001135, # ZDD nodes = 733, # elems = 2292
Step 284 time = 0.001032, # ZDD nodes = 629, # elems = 3611
Step 285 time = 0.000873, # ZDD nodes = 545, # elems = 5262
Step 286 time = 0.000756, # ZDD nodes = 526, # elems = 7372
Step 287 time = 0.000653, # ZDD nodes = 501, # elems = 10011
Step 288 time = 0.000642, # ZDD nodes = 504, # elems = 12455
Step 289 time = 0.000592, # ZDD nodes = 485, # elems = 13325
Step 290 time = 0.000523, # ZDD nodes = 464, # elems = 11896
Step 291 time = 0.000549, # ZDD nodes = 445, # elems = 9041
Step 292 time = 0.000606, # ZDD nodes = 432, # elems = 6525
Step 293 time = 0.000884, # ZDD nodes = 472, # elems = 5655
Step 294 time = 0.000960, # ZDD nodes = 527, # elems = 7172
Step 295 time = 0.000934, # ZDD nodes = 604, # elems = 12252
Step 296 time = 0.003508, # ZDD nodes = 659, # elems = 22414
Step 297 time = 0.001189, # ZDD nodes = 692, # elems = 37260
Step 298 time = 0.001257, # ZDD nodes = 738, # elems = 52350
Step 299 time = 0.001103, # ZDD nodes = 768, # elems = 60647
Step 300 time = 0.001216, # ZDD nodes = 794, # elems = 57447
Step 301 time = 0.000921, # ZDD nodes = 801, # elems = 44267
Step 302 time = 0.000820, # ZDD nodes = 803, # elems = 27651
Step 303 time = 0.001926, # ZDD nodes = 807, # elems = 14162
Step 304 time = 0.000786, # ZDD nodes = 810, # elems = 6508
Step 305 time = 0.000949, # ZDD nodes = 794, # elems = 3738
Step 306 time = 0.001099, # ZDD nodes = 761, # elems = 4011
Step 307 time = 0.002152, # ZDD nodes = 730, # elems = 6831
Step 308 time = 0.001235, # ZDD nodes = 715, # elems = 13592
Step 309 time = 0.001481, # ZDD nodes = 724, # elems = 27461
Step 310 time = 0.001584, # ZDD nodes = 791, # elems = 53248
Step 311 time = 0.001509, # ZDD nodes = 844, # elems = 96288
Step 312 time = 0.001419, # ZDD nodes = 868, # elems = 160313
Step 313 time = 0.001271, # ZDD nodes = 876, # elems = 246941
Step 314 time = 0.001653, # ZDD nodes = 882, # elems = 357120
Step 315 time = 0.003387, # ZDD nodes = 864, # elems = 488290
Step 316 time = 0.000924, # ZDD nodes = 834, # elems = 623510
Step 317 time = 0.000841, # ZDD nodes = 809, # elems = 724183
Step 318 time = 0.001063, # ZDD nodes = 783, # elems = 744207
Step 319 time = 0.001144, # ZDD nodes = 749, # elems = 662241
Step 320 time = 0.001076, # ZDD nodes = 756, # elems = 502630
Step 321 time = 0.001258, # ZDD nodes = 771, # elems = 321931
Step 322 time = 0.002642, # ZDD nodes = 807, # elems = 172927
Step 323 time = 0.001860, # ZDD nodes = 829, # elems = 78794
Step 324 time = 0.002960, # ZDD nodes = 843, # elems = 34765
Step 325 time = 0.002263, # ZDD nodes = 870, # elems = 26639
Step 326 time = 0.002073, # ZDD nodes = 919, # elems = 45376
Step 327 time = 0.002893, # ZDD nodes = 946, # elems = 87411
Step 328 time = 0.001933, # ZDD nodes = 946, # elems = 145284
Step 329 time = 0.001710, # ZDD nodes = 927, # elems = 200878
Step 330 time = 0.001540, # ZDD nodes = 926, # elems = 230541
Step 331 time = 0.001436, # ZDD nodes = 923, # elems = 219639
Step 332 time = 0.001234, # ZDD nodes = 902, # elems = 173326
Step 333 time = 0.001068, # ZDD nodes = 894, # elems = 112687
Step 334 time = 0.000980, # ZDD nodes = 899, # elems = 59834
Step 335 time = 0.001034, # ZDD nodes = 893, # elems = 25669
Step 336 time = 0.002253, # ZDD nodes = 871, # elems = 8900
Step 337 time = 0.001070, # ZDD nodes = 834, # elems = 2829
Step 338 time = 0.000982, # ZDD nodes = 791, # elems = 1639
Step 339 time = 0.001158, # ZDD nodes = 706, # elems = 2292
Step 340 time = 0.001021, # ZDD nodes = 593, # elems = 3611
Step 341 time = 0.000802, # ZDD nodes = 509, # elems = 5262
Step 342 time = 0.000701, # ZDD nodes = 480, # elems = 7372
Step 343 time = 0.000822, # ZDD nodes = 455, # elems = 10011
Step 344 time = 0.000583, # ZDD nodes = 457, # elems = 12453
Step 345 time = 0.000533, # ZDD nodes = 437, # elems = 13300
Step 346 time = 0.000480, # ZDD nodes = 407, # elems = 11752
Step 347 time = 0.000463, # ZDD nodes = 395, # elems = 8531
Step 348 time = 0.000548, # ZDD nodes = 381, # elems = 5253
Step 349 time = 0.000645, # ZDD nodes = 416, # elems = 3120
Step 350 time = 0.000810, # ZDD nodes = 462, # elems = 2419
Step 351 time = 0.000782, # ZDD nodes = 522, # elems = 2838
Step 352 time = 0.001804, # ZDD nodes = 564, # elems = 3742
Step 353 time = 0.000996, # ZDD nodes = 576, # elems = 4319
Step 354 time = 0.000869, # ZDD nodes = 580, # elems = 3995
Step 355 time = 0.000756, # ZDD nodes = 580, # elems = 2866
Step 356 time = 0.001149, # ZDD nodes = 555, # elems = 1561
Step 357 time = 0.000574, # ZDD nodes = 505, # elems = 648
Step 358 time = 0.000493, # ZDD nodes = 443, # elems = 250
Step 359 time = 0.000448, # ZDD nodes = 369, # elems = 165
Step 360 time = 0.000462, # ZDD nodes = 322, # elems = 195
Step 361 time = 0.000594, # ZDD nodes = 300, # elems = 320
Step 362 time = 0.000784, # ZDD nodes = 344, # elems = 651
Step 363 time = 0.000807, # ZDD nodes = 410, # elems = 1362
Step 364 time = 0.003426, # ZDD nodes = 476, # elems = 2763
Step 365 time = 0.001298, # ZDD nodes = 536, # elems = 5313
Step 366 time = 0.001355, # ZDD nodes = 588, # elems = 9319
Step 367 time = 0.001300, # ZDD nodes = 620, # elems = 14720
Step 368 time = 0.001176, # ZDD nodes = 633, # elems = 21504
Step 369 time = 0.001036, # ZDD nodes = 615, # elems = 30016
Step 370 time = 0.000863, # ZDD nodes = 577, # elems = 39833
Step 371 time = 0.000718, # ZDD nodes = 569, # elems = 48127
Step 372 time = 0.000876, # ZDD nodes = 589, # elems = 50453
Step 373 time = 0.001009, # ZDD nodes = 597, # elems = 44396
Step 374 time = 0.000988, # ZDD nodes = 581, # elems = 32231
Step 375 time = 0.001007, # ZDD nodes = 595, # elems = 19313
Step 376 time = 0.001340, # ZDD nodes = 610, # elems = 10010
Step 377 time = 0.001567, # ZDD nodes = 652, # elems = 5608
Step 378 time = 0.001656, # ZDD nodes = 705, # elems = 5712
Step 379 time = 0.001630, # ZDD nodes = 754, # elems = 10569
Step 380 time = 0.001774, # ZDD nodes = 785, # elems = 21129
Step 381 time = 0.001811, # ZDD nodes = 803, # elems = 36545
Step 382 time = 0.001656, # ZDD nodes = 819, # elems = 52064
Step 383 time = 0.001902, # ZDD nodes = 819, # elems = 60569
Step 384 time = 0.003749, # ZDD nodes = 800, # elems = 57430
Step 385 time = 0.001279, # ZDD nodes = 765, # elems = 44224
Step 386 time = 0.001070, # ZDD nodes = 750, # elems = 27449
Step 387 time = 0.002113, # ZDD nodes = 729, # elems = 13565
Step 388 time = 0.001115, # ZDD nodes = 707, # elems = 5255
Step 389 time = 0.003134, # ZDD nodes = 678, # elems = 1594
Step 390 time = 0.000933, # ZDD nodes = 620, # elems = 457
Step 391 time = 0.001823, # ZDD nodes = 551, # elems = 321
Step 392 time = 0.000850, # ZDD nodes = 488, # elems = 540
Step 393 time = 0.000993, # ZDD nodes = 436, # elems = 891
Step 394 time = 0.000880, # ZDD nodes = 433, # elems = 1289
Step 395 time = 0.000678, # ZDD nodes = 419, # elems = 1793
Step 396 time = 0.000612, # ZDD nodes = 422, # elems = 2497
Step 397 time = 0.000510, # ZDD nodes = 407, # elems = 3224
Step 398 time = 0.000493, # ZDD nodes = 386, # elems = 3510
Step 399 time = 0.001533, # ZDD nodes = 357, # elems = 3081
Step 400 time = 0.000416, # ZDD nodes = 309, # elems = 2224
Step 401 time = 0.000406, # ZDD nodes = 292, # elems = 1512
Step 402 time = 0.000507, # ZDD nodes = 346, # elems = 1277
Step 403 time = 0.000717, # ZDD nodes = 403, # elems = 1589
Step 404 time = 0.000896, # ZDD nodes = 440, # elems = 2717
Step 405 time = 0.001359, # ZDD nodes = 484, # elems = 5229
Step 406 time = 0.002130, # ZDD nodes = 556, # elems = 9239
Step 407 time = 0.001530, # ZDD nodes = 608, # elems = 13553
Step 408 time = 0.001020, # ZDD nodes = 635, # elems = 16005
Step 409 time = 0.000853, # ZDD nodes = 654, # elems = 15084
Step 410 time = 0.000769, # ZDD nodes = 672, # elems = 11274
Step 411 time = 0.000745, # ZDD nodes = 680, # elems = 6635
Step 412 time = 0.000685, # ZDD nodes = 658, # elems = 3107
Step 413 time = 0.000656, # ZDD nodes = 620, # elems = 1313
Step 414 time = 0.000658, # ZDD nodes = 592, # elems = 775
Step 415 time = 0.000800, # ZDD nodes = 545, # elems = 875
Step 416 time = 0.000954, # ZDD nodes = 495, # elems = 1486
Step 417 time = 0.000929, # ZDD nodes = 493, # elems = 2984
t found
a YES
a 2 4 6 8 10 12 14 16 18 20 22 24 25 27 30 33 35 38 41 44 47 49 52 55 58 61 64 67 69 72 75 78 81 84 87 90 93 95 98 101 104 107 110 113 116 119 122 125
a 2 3 6 8 10 12 14 16 18 20 22 24 25 27 30 33 35 38 41 44 47 49 52 55 58 61 64 67 69 72 75 78 81 84 87 90 93 95 98 101 104 107 110 113 116 119 122 125
a 2 3 6 8 10 12 14 16 18 20 22 24 26 27 30 33 35 38 41 44 47 49 52 55 58 61 64 67 69 72 75 78 81 84 87 90 93 95 98 101 104 107 110 113 116 119 122 125
a 1 3 6 8 10 12 14 16 18 20 22 24 26 27 30 33 35 38 41 44 47 49 52 55 58 61 64 67 69 72 75 78 81 84 87 90 93 95 98 101 104 107 110 113 116 119 122 125
a 1 3 6 8 10 12 14 16 18 20 22 24 26 27 30 34 35 38 41 44 47 49 52 55 58 61 64 67 69 72 75 78 81 84 87 90 93 95 98 101 104 107 110 113 116 119 122 125
a 1 3 6 8 10 12 14 16 18 20 22 24 26 27 31 34 35 38 41 44 47 49 52 55 58 61 64 67 69 72 75 78 81 84 87 90 93 95 98 101 104 107 110 113 116 119 122 125
a 1 3 6 7 10 12 14 16 18 20 22 24 26 27 31 34 35 38 41 44 47 49 52 55 58 61 64 67 69 72 75 78 81 84 87 90 93 95 98 101 104 107 110 113 116 119 122 125
a 1 3 6 7 10 12 14 16 18 20 22 24 26 28 31 34 35 38 41 44 47 49 52 55 58 61 64 67 69 72 75 78 81 84 87 90 93 95 98 101 104 107 110 113 116 119 122 125
a 1 3 5 7 10 12 14 16 18 20 22 24 26 28 31 34 35 38 41 44 47 49 52 55 58 61 64 67 69 72 75 78 81 84 87 90 93 95 98 101 104 107 110 113 116 119 122 125
a 1 3 5 7 10 12 14 16 18 20 22 24 26 28 31 32 35 38 41 44 47 49 52 55 58 61 64 67 69 72 75 78 81 84 87 90 93 95 98 101 104 107 110 113 116 119 122 125
a 1 3 5 7 10 12 14 16 18 20 22 24 26 28 29 32 35 38 41 44 47 49 52 55 58 61 64 67 69 72 75 78 81 84 87 90 93 95 98 101 104 107 110 113 116 119 122 125
a 2 3 5 7 10 12 14 16 18 20 22 24 26 28 29 32 35 38 41 44 47 49 52 55 58 61 64 67 69 72 75 78 81 84 87 90 93 95 98 101 104 107 110 113 116 119 122 125
a 2 3 5 7 10 12 14 16 18 20 22 24 25 28 29 32 35 38 41 44 47 49 52 55 58 61 64 67 69 72 75 78 81 84 87 90 93 95 98 101 104 107 110 113 116 119 122 125
a 2 4 5 7 10 12 14 16 18 20 22 24 25 28 29 32 35 38 41 44 47 49 52 55 58 61 64 67 69 72 75 78 81 84 87 90 93 95 98 101 104 107 110 113 116 119 122 125
a 2 4 5 7 10 12 14 16 18 20 22 24 25 28 29 32 35 38 42 44 47 49 52 55 58 61 64 67 69 72 75 78 81 84 87 90 93 95 98 101 104 107 110 113 116 119 122 125
a 2 4 5 7 10 12 14 16 18 20 22 24 25 28 29 32 35 39 42 44 47 49 52 55 58 61 64 67 69 72 75 78 81 84 87 90 93 95 98 101 104 107 110 113 116 119 122 125
a 2 4 5 7 10 12 14 16 18 20 22 24 25 28 29 32 35 39 42 44 48 49 52 55 58 61 64 67 69 72 75 78 81 84 87 90 93 95 98 101 104 107 110 113 116 119 122 125
a 2 4 5 7 10 12 14 16 18 20 22 24 25 28 29 32 35 39 42 45 48 49 52 55 58 61 64 67 69 72 75 78 81 84 87 90 93 95 98 101 104 107 110 113 116 119 122 125
a 2 4 5 7 10 11 14 16 18 20 22 24 25 28 29 32 35 39 42 45 48 49 52 55 58 61 64 67 69 72 75 78 81 84 87 90 93 95 98 101 104 107 110 113 116 119 122 125
a 2 4 5 7 10 11 14 16 18 20 22 24 25 28 29 32 36 39 42 45 48 49 52 55 58 61 64 67 69 72 75 78 81 84 87 90 93 95 98 101 104 107 110 113 116 119 122 125
a 2 4 5 7 9 11 14 16 18 20 22 24 25 28 29 32 36 39 42 45 48 49 52 55 58 61 64 67 69 72 75 78 81 84 87 90 93 95 98 101 104 107 110 113 116 119 122 125
a 2 4 5 7 9 11 14 16 18 20 22 24 25 28 29 32 36 39 40 45 48 49 52 55 58 61 64 67 69 72 75 78 81 84 87 90 93 95 98 101 104 107 110 113 116 119 122 125
a 2 3 5 7 9 11 14 16 18 20 22 24 25 28 29 32 36 39 40 45 48 49 52 55 58 61 64 67 69 72 75 78 81 84 87 90 93 95 98 101 104 107 110 113 116 119 122 125
a 2 3 5 7 9 11 14 16 18 20 22 24 25 28 29 32 36 37 40 45 48 49 52 55 58 61 64 67 69 72 75 78 81 84 87 90 93 95 98 101 104 107 110 113 116 119 122 125
a 2 3 5 7 9 11 14 16 18 20 22 24 26 28 29 32 36 37 40 45 48 49 52 55 58 61 64 67 69 72 75 78 81 84 87 90 93 95 98 101 104 107 110 113 116 119 122 125
a 1 3 5 7 9 11 14 16 18 20 22 24 26 28 29 32 36 37 40 45 48 49 52 55 58 61 64 67 69 72 75 78 81 84 87 90 93 95 98 101 104 107 110 113 116 119 122 125
a 1 3 5 7 9 11 14 16 18 20 22 24 26 28 29 32 36 37 40 45 46 49 52 55 58 61 64 67 69 72 75 78 81 84 87 90 93 95 98 101 104 107 110 113 116 119 122 125
a 1 3 5 7 9 11 14 16 18 20 22 24 26 28 29 32 36 37 40 43 46 49 52 55 58 61 64 67 69 72 75 78 81 84 87 90 93 95 98 101 104 107 110 113 116 119 122 125
a 1 3 5 7 9 11 14 16 18 20 22 24 26 28 29 34 36 37 40 43 46 49 52 55 58 61 64 67 69 72 75 78 81 84 87 90 93 95 98 101 104 107 110 113 116 119 122 125
a 1 3 5 7 9 11 14 16 18 20 22 24 26 28 31 34 36 37 40 43 46 49 52 55 58 61 64 67 69 72 75 78 81 84 87 90 93 95 98 101 104 107 110 113 116 119 122 125
a 1 3 6 7 9 11 14 16 18 20 22 24 26 28 31 34 36 37 40 43 46 49 52 55 58 61 64 67 69 72 75 78 81 84 87 90 93 95 98 101 104 107 110 113 116 119 122 125
a 1 3 6 7 9 11 14 16 18 20 22 24 26 27 31 34 36 37 40 43 46 49 52 55 58 61 64 67 69 72 75 78 81 84 87 90 93 95 98 101 104 107 110 113 116 119 122 125
a 1 3 6 8 9 11 14 16 18 20 22 24 26 27 31 34 36 37 40 43 46 49 52 55 58 61 64 67 69 72 75 78 81 84 87 90 93 95 98 101 104 107 110 113 116 119 122 125
a 1 3 6 8 9 11 14 16 18 20 22 24 26 27 31 33 36 37 40 43 46 49 52 55 58 61 64 67 69 72 75 78 81 84 87 90 93 95 98 101 104 107 110 113 116 119 122 125
a 1 3 6 8 9 11 14 16 18 20 22 24 26 27 30 33 36 37 40 43 46 49 52 55 58 61 64 67 69 72 75 78 81 84 87 90 93 95 98 101 104 107 110 113 116 119 122 125
a 2 3 6 8 9 11 14 16 18 20 22 24 26 27 30 33 36 37 40 43 46 49 52 55 58 61 64 67 69 72 75 78 81 84 87 90 93 95 98 101 104 107 110 113 116 119 122 125
a 2 3 6 8 9 11 14 16 18 20 22 24 25 27 30 33 36 37 40 43 46 49 52 55 58 61 64 67 69 72 75 78 81 84 87 90 93 95 98 101 104 107 110 113 116 119 122 125
a 2 4 6 8 9 11 14 16 18 20 22 24 25 27 30 33 36 37 40 43 46 49 52 55 58 61 64 67 69 72 75 78 81 84 87 90 93 95 98 101 104 107 110 113 116 119 122 125
a 2 4 6 8 9 11 14 16 18 20 22 24 25 27 30 33 36 37 40 43 46 49 52 56 58 61 64 67 69 72 75 78 81 84 87 90 93 95 98 101 104 107 110 113 116 119 122 125
a 2 4 6 8 9 11 14 16 18 20 22 24 25 27 30 33 36 37 40 43 46 49 53 56 58 61 64 67 69 72 75 78 81 84 87 90 93 95 98 101 104 107 110 113 116 119 122 125
a 2 4 6 8 9 11 14 16 18 20 22 24 25 27 30 33 36 37 40 43 46 49 53 56 58 61 65 67 69 72 75 78 81 84 87 90 93 95 98 101 104 107 110 113 116 119 122 125
a 2 4 6 8 9 11 14 16 18 20 22 24 25 27 30 33 36 37 40 43 46 49 53 56 58 61 65 68 69 72 75 78 81 84 87 90 93 95 98 101 104 107 110 113 116 119 122 125
a 2 4 6 8 9 11 14 16 18 20 22 24 25 27 30 33 36 37 40 43 46 49 53 56 58 62 65 68 69 72 75 78 81 84 87 90 93 95 98 101 104 107 110 113 116 119 122 125
a 2 4 6 8 9 11 14 16 18 20 22 24 25 27 30 33 36 37 40 43 46 49 53 56 59 62 65 68 69 72 75 78 81 84 87 90 93 95 98 101 104 107 110 113 116 119 122 125
a 2 4 6 8 9 11 14 15 18 20 22 24 25 27 30 33 36 37 40 43 46 49 53 56 59 62 65 68 69 72 75 78 81 84 87 90 93 95 98 101 104 107 110 113 116 119 122 125
a 2 4 6 8 9 11 14 15 18 20 22 24 25 27 30 33 36 37 40 43 46 49 53 56 59 62 65 68 69 72 75 78 81 84 87 90 94 95 98 101 104 107 110 113 116 119 122 125
a 2 4 6 8 9 11 14 15 18 20 22 24 25 27 30 33 36 37 40 43 46 50 53 56 59 62 65 68 69 72 75 78 81 84 87 90 94 95 98 101 104 107 110 113 116 119 122 125
a 2 4 6 8 9 11 13 15 18 20 22 24 25 27 30 33 36 37 40 43 46 50 53 56 59 62 65 68 69 72 75 78 81 84 87 90 94 95 98 101 104 107 110 113 116 119 122 125
a 2 4 6 8 9 11 13 15 18 20 22 24 25 27 30 33 36 37 40 43 46 50 53 56 59 62 65 68 69 72 75 78 81 84 87 91 94 95 98 101 104 107 110 113 116 119 122 125
a 2 4 6 8 9 11 13 15 18 20 22 24 25 27 30 33 36 37 40 43 46 50 53 54 59 62 65 68 69 72 75 78 81 84 87 91 94 95 98 101 104 107 110 113 116 119 122 125
a 2 3 6 8 9 11 13 15 18 20 22 24 25 27 30 33 36 37 40 43 46 50 53 54 59 62 65 68 69 72 75 78 81 84 87 91 94 95 98 101 104 107 110 113 116 119 122 125
a 2 3 6 8 9 11 13 15 18 20 22 24 25 27 30 33 36 37 40 43 46 50 51 54 59 62 65 68 69 72 75 78 81 84 87 91 94 95 98 101 104 107 110 113 116 119 122 125
a 2 3 6 8 9 11 13 15 18 20 22 24 26 27 30 33 36 37 40 43 46 50 51 54 59 62 65 68 69 72 75 78 81 84 87 91 94 95 98 101 104 107 110 113 116 119 122 125
a 1 3 6 8 9 11 13 15 18 20 22 24 26 27 30 33 36 37 40 43 46 50 51 54 59 62 65 68 69 72 75 78 81 84 87 91 94 95 98 101 104 107 110 113 116 119 122 125
a 1 3 6 8 9 11 13 15 18 20 22 24 26 27 30 33 36 37 40 43 46 50 51 54 59 62 63 68 69 72 75 78 81 84 87 91 94 95 98 101 104 107 110 113 116 119 122 125
a 1 3 6 8 9 11 13 15 18 20 22 24 26 27 30 33 36 37 40 43 46 50 51 54 59 60 63 68 69 72 75 78 81 84 87 91 94 95 98 101 104 107 110 113 116 119 122 125
a 1 3 6 8 9 11 13 15 18 20 22 24 26 27 30 34 36 37 40 43 46 50 51 54 59 60 63 68 69 72 75 78 81 84 87 91 94 95 98 101 104 107 110 113 116 119 122 125
a 1 3 6 8 9 11 13 15 18 20 22 24 26 27 31 34 36 37 40 43 46 50 51 54 59 60 63 68 69 72 75 78 81 84 87 91 94 95 98 101 104 107 110 113 116 119 122 125
a 1 3 6 7 9 11 13 15 18 20 22 24 26 27 31 34 36 37 40 43 46 50 51 54 59 60 63 68 69 72 75 78 81 84 87 91 94 95 98 101 104 107 110 113 116 119 122 125
a 1 3 6 7 9 11 13 15 18 20 22 24 26 27 31 34 36 37 40 43 46 50 51 54 57 60 63 68 69 72 75 78 81 84 87 91 94 95 98 101 104 107 110 113 116 119 122 125
a 1 3 6 7 9 11 13 15 18 20 22 24 26 28 31 34 36 37 40 43 46 50 51 54 57 60 63 68 69 72 75 78 81 84 87 91 94 95 98 101 104 107 110 113 116 119 122 125
a 1 3 5 7 9 11 13 15 18 20 22 24 26 28 31 34 36 37 40 43 46 50 51 54 57 60 63 68 69 72 75 78 81 84 87 91 94 95 98 101 104 107 110 113 116 119 122 125
a 1 3 5 7 9 11 13 15 18 20 22 24 26 28 31 32 36 37 40 43 46 50 51 54 57 60 63 68 69 72 75 78 81 84 87 91 94 95 98 101 104 107 110 113 116 119 122 125
a 1 3 5 7 9 11 13 15 18 20 22 24 26 28 29 32 36 37 40 43 46 50 51 54 57 60 63 68 69 72 75 78 81 84 87 91 94 95 98 101 104 107 110 113 116 119 122 125
a 2 3 5 7 9 11 13 15 18 20 22 24 26 28 29 32 36 37 40 43 46 50 51 54 57 60 63 68 69 72 75 78 81 84 87 91 94 95 98 101 104 107 110 113 116 119 122 125
a 2 3 5 7 9 11 13 15 18 20 22 24 25 28 29 32 36 37 40 43 46 50 51 54 57 60 63 68 69 72 75 78 81 84 87 91 94 95 98 101 104 107 110 113 116 119 122 125
a 2 4 5 7 9 11 13 15 18 20 22 24 25 28 29 32 36 37 40 43 46 50 51 54 57 60 63 68 69 72 75 78 81 84 87 91 94 95 98 101 104 107 110 113 116 119 122 125
a 2 4 5 7 9 11 13 15 18 20 22 24 25 28 29 32 36 37 42 43 46 50 51 54 57 60 63 68 69 72 75 78 81 84 87 91 94 95 98 101 104 107 110 113 116 119 122 125
a 2 4 5 7 9 11 13 15 18 20 22 24 25 28 29 32 36 39 42 43 46 50 51 54 57 60 63 68 69 72 75 78 81 84 87 91 94 95 98 101 104 107 110 113 116 119 122 125
a 2 4 5 7 9 11 13 15 18 20 22 24 25 28 29 32 36 39 42 43 48 50 51 54 57 60 63 68 69 72 75 78 81 84 87 91 94 95 98 101 104 107 110 113 116 119 122 125
a 2 4 5 7 9 11 13 15 18 20 22 24 25 28 29 32 36 39 42 45 48 50 51 54 57 60 63 68 69 72 75 78 81 84 87 91 94 95 98 101 104 107 110 113 116 119 122 125
a 2 4 5 7 10 11 13 15 18 20 22 24 25 28 29 32 36 39 42 45 48 50 51 54 57 60 63 68 69 72 75 78 81 84 87 91 94 95 98 101 104 107 110 113 116 119 122 125
a 2 4 5 7 10 11 13 15 18 20 22 24 25 28 29 32 35 39 42 45 48 50 51 54 57 60 63 68 69 72 75 78 81 84 87 91 94 95 98 101 104 107 110 113 116 119 122 125
a 2 4 5 7 10 11 13 15 18 20 22 24 25 28 29 32 35 39 42 45 48 50 51 54 57 60 63 66 69 72 75 78 81 84 87 91 94 95 98 101 104 107 110 113 116 119 122 125
a 2 4 5 7 10 12 13 15 18 20 22 24 25 28 29 32 35 39 42 45 48 50 51 54 57 60 63 66 69 72 75 78 81 84 87 91 94 95 98 101 104 107 110 113 116 119 122 125
a 2 4 5 7 10 12 13 15 18 20 22 24 25 28 29 32 35 39 41 45 48 50 51 54 57 60 63 66 69 72 75 78 81 84 87 91 94 95 98 101 104 107 110 113 116 119 122 125
a 2 3 5 7 10 12 13 15 18 20 22 24 25 28 29 32 35 39 41 45 48 50 51 54 57 60 63 66 69 72 75 78 81 84 87 91 94 95 98 101 104 107 110 113 116 119 122 125
a 2 3 5 7 10 12 13 15 18 20 22 24 25 28 29 32 35 38 41 45 48 50 51 54 57 60 63 66 69 72 75 78 81 84 87 91 94 95 98 101 104 107 110 113 116 119 122 125
a 2 3 5 7 10 12 13 15 18 20 22 24 26 28 29 32 35 38 41 45 48 50 51 54 57 60 63 66 69 72 75 78 81 84 87 91 94 95 98 101 104 107 110 113 116 119 122 125
a 1 3 5 7 10 12 13 15 18 20 22 24 26 28 29 32 35 38 41 45 48 50 51 54 57 60 63 66 69 72 75 78 81 84 87 91 94 95 98 101 104 107 110 113 116 119 122 125
a 1 3 5 7 10 12 13 15 18 20 22 24 26 28 29 32 35 38 41 45 47 50 51 54 57 60 63 66 69 72 75 78 81 84 87 91 94 95 98 101 104 107 110 113 116 119 122 125
a 1 3 5 7 10 12 13 15 18 20 22 24 26 28 29 32 35 38 41 44 47 50 51 54 57 60 63 66 69 72 75 78 81 84 87 91 94 95 98 101 104 107 110 113 116 119 122 125
a 1 3 5 7 10 12 13 15 18 20 22 24 26 28 29 34 35 38 41 44 47 50 51 54 57 60 63 66 69 72 75 78 81 84 87 91 94 95 98 101 104 107 110 113 116 119 122 125
a 1 3 5 7 10 12 13 15 18 20 22 24 26 28 31 34 35 38 41 44 47 50 51 54 57 60 63 66 69 72 75 78 81 84 87 91 94 95 98 101 104 107 110 113 116 119 122 125
a 1 3 6 7 10 12 13 15 18 20 22 24 26 28 31 34 35 38 41 44 47 50 51 54 57 60 63 66 69 72 75 78 81 84 87 91 94 95 98 101 104 107 110 113 116 119 122 125
a 1 3 6 7 10 12 13 15 18 20 22 24 26 27 31 34 35 38 41 44 47 50 51 54 57 60 63 66 69 72 75 78 81 84 87 91 94 95 98 101 104 107 110 113 116 119 122 125
a 1 3 6 8 10 12 13 15 18 20 22 24 26 27 31 34 35 38 41 44 47 50 51 54 57 60 63 66 69 72 75 78 81 84 87 91 94 95 98 101 104 107 110 113 116 119 122 125
a 1 3 6 8 10 12 13 15 18 20 22 24 26 27 31 33 35 38 41 44 47 50 51 54 57 60 63 66 69 72 75 78 81 84 87 91 94 95 98 101 104 107 110 113 116 119 122 125
a 1 3 6 8 10 12 13 15 18 20 22 24 26 27 30 33 35 38 41 44 47 50 51 54 57 60 63 66 69 72 75 78 81 84 87 91 94 95 98 101 104 107 110 113 116 119 122 125
a 2 3 6 8 10 12 13 15 18 20 22 24 26 27 30 33 35 38 41 44 47 50 51 54 57 60 63 66 69 72 75 78 81 84 87 91 94 95 98 101 104 107 110 113 116 119 122 125
a 2 3 6 8 10 12 13 15 18 20 22 24 25 27 30 33 35 38 41 44 47 50 51 54 57 60 63 66 69 72 75 78 81 84 87 91 94 95 98 101 104 107 110 113 116 119 122 125
a 2 4 6 8 10 12 13 15 18 20 22 24 25 27 30 33 35 38 41 44 47 50 51 54 57 60 63 66 69 72 75 78 81 84 87 91 94 95 98 101 104 107 110 113 116 119 122 125
a 2 4 6 8 10 12 13 15 18 20 22 24 25 27 30 33 35 38 41 44 47 50 51 54 57 60 63 66 69 72 76 78 81 84 87 91 94 95 98 101 104 107 110 113 116 119 122 125
a 2 4 6 8 10 12 13 15 18 20 22 24 25 27 30 33 35 38 41 44 47 50 51 54 57 60 63 66 69 73 76 78 81 84 87 91 94 95 98 101 104 107 110 113 116 119 122 125
a 2 4 6 8 10 12 13 15 18 20 22 24 25 27 30 33 35 38 41 44 47 50 51 54 57 60 63 66 69 73 76 78 81 84 88 91 94 95 98 101 104 107 110 113 116 119 122 125
a 2 4 6 8 10 12 13 15 18 20 22 24 25 27 30 33 35 38 41 44 47 50 51 54 57 60 63 66 69 73 76 78 81 85 88 91 94 95 98 101 104 107 110 113 116 119 122 125
a 2 4 6 8 10 12 13 15 18 20 22 24 25 27 30 33 35 38 41 44 47 50 51 54 57 60 63 66 69 73 76 78 82 85 88 91 94 95 98 101 104 107 110 113 116 119 122 125
a 2 4 6 8 10 12 13 15 18 20 22 24 25 27 30 33 35 38 41 44 47 50 51 54 57 60 63 66 69 73 76 79 82 85 88 91 94 95 98 101 104 107 110 113 116 119 122 125
a 2 4 6 8 10 12 13 15 18 19 22 24 25 27 30 33 35 38 41 44 47 50 51 54 57 60 63 66 69 73 76 79 82 85 88 91 94 95 98 101 104 107 110 113 116 119 122 125
a 2 4 6 8 10 12 13 15 18 19 22 24 25 27 30 33 35 38 41 44 47 50 51 54 57 60 63 66 70 73 76 79 82 85 88 91 94 95 98 101 104 107 110 113 116 119 122 125
a 2 4 6 8 10 12 13 15 17 19 22 24 25 27 30 33 35 38 41 44 47 50 51 54 57 60 63 66 70 73 76 79 82 85 88 91 94 95 98 101 104 107 110 113 116 119 122 125
a 2 4 6 8 10 12 13 15 17 19 22 24 25 27 30 33 35 38 41 44 47 50 51 54 57 60 63 66 70 73 76 79 82 85 88 91 94 95 98 101 104 107 110 113 116 119 123 125
a 2 4 6 8 10 12 13 15 17 19 22 24 25 27 30 33 35 38 41 44 47 50 51 54 57 60 63 66 70 73 76 79 82 85 88 91 92 95 98 101 104 107 110 113 116 119 123 125
a 2 4 6 8 10 12 13 15 17 19 22 24 25 27 30 33 35 38 41 44 47 50 51 54 57 60 63 66 70 73 76 79 82 85 88 89 92 95 98 101 104 107 110 113 116 119 123 125
a 2 4 6 8 10 12 13 15 17 19 22 24 25 27 30 33 35 38 41 44 47 50 51 54 57 60 63 66 70 73 74 79 82 85 88 89 92 95 98 101 104 107 110 113 116 119 123 125
a 2 3 6 8 10 12 13 15 17 19 22 24 25 27 30 33 35 38 41 44 47 50 51 54 57 60 63 66 70 73 74 79 82 85 88 89 92 95 98 101 104 107 110 113 116 119 123 125
a 2 3 6 8 10 12 13 15 17 19 22 24 25 27 30 33 35 38 41 44 47 50 51 54 57 60 63 66 70 71 74 79 82 85 88 89 92 95 98 101 104 107 110 113 116 119 123 125
a 2 3 6 8 10 12 13 15 17 19 22 24 26 27 30 33 35 38 41 44 47 50 51 54 57 60 63 66 70 71 74 79 82 85 88 89 92 95 98 101 104 107 110 113 116 119 123 125
a 1 3 6 8 10 12 13 15 17 19 22 24 26 27 30 33 35 38 41 44 47 50 51 54 57 60 63 66 70 71 74 79 82 85 88 89 92 95 98 101 104 107 110 113 116 119 123 125
a 1 3 6 8 10 12 13 15 17 19 22 24 26 27 30 33 35 38 41 44 47 50 51 54 57 60 63 66 70 71 74 79 82 85 86 89 92 95 98 101 104 107 110 113 116 119 123 125
a 1 3 6 8 10 12 13 15 17 19 22 24 26 27 30 33 35 38 41 44 47 50 51 54 57 60 63 66 70 71 74 79 80 85 86 89 92 95 98 101 104 107 110 113 116 119 123 125
a 1 3 6 8 10 12 13 15 17 19 22 24 26 27 30 34 35 38 41 44 47 50 51 54 57 60 63 66 70 71 74 79 80 85 86 89 92 95 98 101 104 107 110 113 116 119 123 125
a 1 3 6 8 10 12 13 15 17 19 22 24 26 27 31 34 35 38 41 44 47 50 51 54 57 60 63 66 70 71 74 79 80 85 86 89 92 95 98 101 104 107 110 113 116 119 123 125
a 1 3 6 7 10 12 13 15 17 19 22 24 26 27 31 34 35 38 41 44 47 50 51 54 57 60 63 66 70 71 74 79 80 85 86 89 92 95 98 101 104 107 110 113 116 119 123 125
a 1 3 6 7 10 12 13 15 17 19 22 24 26 27 31 34 35 38 41 44 47 50 51 54 57 60 63 66 70 71 74 77 80 85 86 89 92 95 98 101 104 107 110 113 116 119 123 125
a 1 3 6 7 10 12 13 15 17 19 22 24 26 28 31 34 35 38 41 44 47 50 51 54 57 60 63 66 70 71 74 77 80 85 86 89 92 95 98 101 104 107 110 113 116 119 123 125
a 1 3 5 7 10 12 13 15 17 19 22 24 26 28 31 34 35 38 41 44 47 50 51 54 57 60 63 66 70 71 74 77 80 85 86 89 92 95 98 101 104 107 110 113 116 119 123 125
a 1 3 5 7 10 12 13 15 17 19 22 24 26 28 31 32 35 38 41 44 47 50 51 54 57 60 63 66 70 71 74 77 80 85 86 89 92 95 98 101 104 107 110 113 116 119 123 125
a 1 3 5 7 10 12 13 15 17 19 22 24 26 28 29 32 35 38 41 44 47 50 51 54 57 60 63 66 70 71 74 77 80 85 86 89 92 95 98 101 104 107 110 113 116 119 123 125
a 2 3 5 7 10 12 13 15 17 19 22 24 26 28 29 32 35 38 41 44 47 50 51 54 57 60 63 66 70 71 74 77 80 85 86 89 92 95 98 101 104 107 110 113 116 119 123 125
a 2 3 5 7 10 12 13 15 17 19 22 24 25 28 29 32 35 38 41 44 47 50 51 54 57 60 63 66 70 71 74 77 80 85 86 89 92 95 98 101 104 107 110 113 116 119 123 125
a 2 4 5 7 10 12 13 15 17 19 22 24 25 28 29 32 35 38 41 44 47 50 51 54 57 60 63 66 70 71 74 77 80 85 86 89 92 95 98 101 104 107 110 113 116 119 123 125
a 2 4 5 7 10 12 13 15 17 19 22 24 25 28 29 32 35 38 42 44 47 50 51 54 57 60 63 66 70 71 74 77 80 85 86 89 92 95 98 101 104 107 110 113 116 119 123 125
a 2 4 5 7 10 12 13 15 17 19 22 24 25 28 29 32 35 39 42 44 47 50 51 54 57 60 63 66 70 71 74 77 80 85 86 89 92 95 98 101 104 107 110 113 116 119 123 125
a 2 4 5 7 10 12 13 15 17 19 22 24 25 28 29 32 35 39 42 44 48 50 51 54 57 60 63 66 70 71 74 77 80 85 86 89 92 95 98 101 104 107 110 113 116 119 123 125
a 2 4 5 7 10 12 13 15 17 19 22 24 25 28 29 32 35 39 42 45 48 50 51 54 57 60 63 66 70 71 74 77 80 85 86 89 92 95 98 101 104 107 110 113 116 119 123 125
a 2 4 5 7 10 11 13 15 17 19 22 24 25 28 29 32 35 39 42 45 48 50 51 54 57 60 63 66 70 71 74 77 80 85 86 89 92 95 98 101 104 107 110 113 116 119 123 125
a 2 4 5 7 10 11 13 15 17 19 22 24 25 28 29 32 35 39 42 45 48 50 51 54 57 60 63 66 70 71 74 77 80 83 86 89 92 95 98 101 104 107 110 113 116 119 123 125
a 2 4 5 7 10 11 13 15 17 19 22 24 25 28 29 32 36 39 42 45 48 50 51 54 57 60 63 66 70 71 74 77 80 83 86 89 92 95 98 101 104 107 110 113 116 119 123 125
a 2 4 5 7 9 11 13 15 17 19 22 24 25 28 29 32 36 39 42 45 48 50 51 54 57 60 63 66 70 71 74 77 80 83 86 89 92 95 98 101 104 107 110 113 116 119 123 125
a 2 4 5 7 9 11 13 15 17 19 22 24 25 28 29 32 36 39 40 45 48 50 51 54 57 60 63 66 70 71 74 77 80 83 86 89 92 95 98 101 104 107 110 113 116 119 123 125
a 2 3 5 7 9 11 13 15 17 19 22 24 25 28 29 32 36 39 40 45 48 50 51 54 57 60 63 66 70 71 74 77 80 83 86 89 92 95 98 101 104 107 110 113 116 119 123 125
a 2 3 5 7 9 11 13 15 17 19 22 24 25 28 29 32 36 37 40 45 48 50 51 54 57 60 63 66 70 71 74 77 80 83 86 89 92 95 98 101 104 107 110 113 116 119 123 125
a 2 3 5 7 9 11 13 15 17 19 22 24 26 28 29 32 36 37 40 45 48 50 51 54 57 60 63 66 70 71 74 77 80 83 86 89 92 95 98 101 104 107 110 113 116 119 123 125
a 1 3 5 7 9 11 13 15 17 19 22 24 26 28 29 32 36 37 40 45 48 50 51 54 57 60 63 66 70 71 74 77 80 83 86 89 92 95 98 101 104 107 110 113 116 119 123 125
a 1 3 5 7 9 11 13 15 17 19 22 24 26 28 29 32 36 37 40 45 46 50 51 54 57 60 63 66 70 71 74 77 80 83 86 89 92 95 98 101 104 107 110 113 116 119 123 125
a 1 3 5 7 9 11 13 15 17 19 22 24 26 28 29 32 36 37 40 43 46 50 51 54 57 60 63 66 70 71 74 77 80 83 86 89 92 95 98 101 104 107 110 113 116 119 123 125
a 1 3 5 7 9 11 13 15 17 19 22 24 26 28 29 34 36 37 40 43 46 50 51 54 57 60 63 66 70 71 74 77 80 83 86 89 92 95 98 101 104 107 110 113 116 119 123 125
a 1 3 5 7 9 11 13 15 17 19 22 24 26 28 31 34 36 37 40 43 46 50 51 54 57 60 63 66 70 71 74 77 80 83 86 89 92 95 98 101 104 107 110 113 116 119 123 125
a 1 3 6 7 9 11 13 15 17 19 22 24 26 28 31 34 36 37 40 43 46 50 51 54 57 60 63 66 70 71 74 77 80 83 86 89 92 95 98 101 104 107 110 113 116 119 123 125
a 1 3 6 7 9 11 13 15 17 19 22 24 26 27 31 34 36 37 40 43 46 50 51 54 57 60 63 66 70 71 74 77 80 83 86 89 92 95 98 101 104 107 110 113 116 119 123 125
a 1 3 6 8 9 11 13 15 17 19 22 24 26 27 31 34 36 37 40 43 46 50 51 54 57 60 63 66 70 71 74 77 80 83 86 89 92 95 98 101 104 107 110 113 116 119 123 125
a 1 3 6 8 9 11 13 15 17 19 22 24 26 27 31 33 36 37 40 43 46 50 51 54 57 60 63 66 70 71 74 77 80 83 86 89 92 95 98 101 104 107 110 113 116 119 123 125
a 1 3 6 8 9 11 13 15 17 19 22 24 26 27 30 33 36 37 40 43 46 50 51 54 57 60 63 66 70 71 74 77 80 83 86 89 92 95 98 101 104 107 110 113 116 119 123 125
a 2 3 6 8 9 11 13 15 17 19 22 24 26 27 30 33 36 37 40 43 46 50 51 54 57 60 63 66 70 71 74 77 80 83 86 89 92 95 98 101 104 107 110 113 116 119 123 125
a 2 3 6 8 9 11 13 15 17 19 22 24 25 27 30 33 36 37 40 43 46 50 51 54 57 60 63 66 70 71 74 77 80 83 86 89 92 95 98 101 104 107 110 113 116 119 123 125
a 2 4 6 8 9 11 13 15 17 19 22 24 25 27 30 33 36 37 40 43 46 50 51 54 57 60 63 66 70 71 74 77 80 83 86 89 92 95 98 101 104 107 110 113 116 119 123 125
a 2 4 6 8 9 11 13 15 17 19 22 24 25 27 30 33 36 37 40 43 46 50 51 56 57 60 63 66 70 71 74 77 80 83 86 89 92 95 98 101 104 107 110 113 116 119 123 125
a 2 4 6 8 9 11 13 15 17 19 22 24 25 27 30 33 36 37 40 43 46 50 53 56 57 60 63 66 70 71 74 77 80 83 86 89 92 95 98 101 104 107 110 113 116 119 123 125
a 2 4 6 8 9 11 13 15 17 19 22 24 25 27 30 33 36 37 40 43 46 50 53 56 57 60 65 66 70 71 74 77 80 83 86 89 92 95 98 101 104 107 110 113 116 119 123 125
a 2 4 6 8 9 11 13 15 17 19 22 24 25 27 30 33 36 37 40 43 46 50 53 56 57 60 65 68 70 71 74 77 80 83 86 89 92 95 98 101 104 107 110 113 116 119 123 125
a 2 4 6 8 9 11 13 15 17 19 22 24 25 27 30 33 36 37 40 43 46 50 53 56 57 62 65 68 70 71 74 77 80 83 86 89 92 95 98 101 104 107 110 113 116 119 123 125
a 2 4 6 8 9 11 13 15 17 19 22 24 25 27 30 33 36 37 40 43 46 50 53 56 59 62 65 68 70 71 74 77 80 83 86 89 92 95 98 101 104 107 110 113 116 119 123 125
a 2 4 6 8 9 11 14 15 17 19 22 24 25 27 30 33 36 37 40 43 46 50 53 56 59 62 65 68 70 71 74 77 80 83 86 89 92 95 98 101 104 107 110 113 116 119 123 125
a 2 4 6 8 9 11 14 15 17 19 22 24 25 27 30 33 36 37 40 43 46 49 53 56 59 62 65 68 70 71 74 77 80 83 86 89 92 95 98 101 104 107 110 113 116 119 123 125
a 2 4 6 8 9 11 14 16 17 19 22 24 25 27 30 33 36 37 40 43 46 49 53 56 59 62 65 68 70 71 74 77 80 83 86 89 92 95 98 101 104 107 110 113 116 119 123 125
a 2 4 6 8 9 11 14 16 17 19 22 24 25 27 30 33 36 37 40 43 46 49 53 56 59 62 65 68 70 71 74 77 80 83 86 89 92 95 98 101 104 107 110 113 116 120 123 125
a 2 4 6 8 9 11 14 16 17 19 22 24 25 27 30 33 36 37 40 43 46 49 53 56 59 62 65 68 70 71 74 77 80 83 86 89 92 95 98 101 104 107 110 113 117 120 123 125
a 2 4 6 8 9 11 14 16 17 19 22 24 25 27 30 33 36 37 40 43 46 49 53 55 59 62 65 68 70 71 74 77 80 83 86 89 92 95 98 101 104 107 110 113 117 120 123 125
a 2 3 6 8 9 11 14 16 17 19 22 24 25 27 30 33 36 37 40 43 46 49 53 55 59 62 65 68 70 71 74 77 80 83 86 89 92 95 98 101 104 107 110 113 117 120 123 125
a 2 3 6 8 9 11 14 16 17 19 22 24 25 27 30 33 36 37 40 43 46 49 52 55 59 62 65 68 70 71 74 77 80 83 86 89 92 95 98 101 104 107 110 113 117 120 123 125
a 2 3 6 8 9 11 14 16 17 19 22 24 26 27 30 33 36 37 40 43 46 49 52 55 59 62 65 68 70 71 74 77 80 83 86 89 92 95 98 101 104 107 110 113 117 120 123 125
a 1 3 6 8 9 11 14 16 17 19 22 24 26 27 30 33 36 37 40 43 46 49 52 55 59 62 65 68 70 71 74 77 80 83 86 89 92 95 98 101 104 107 110 113 117 120 123 125
a 1 3 6 8 9 11 14 16 17 19 22 24 26 27 30 33 36 37 40 43 46 49 52 55 59 62 64 68 70 71 74 77 80 83 86 89 92 95 98 101 104 107 110 113 117 120 123 125
a 1 3 6 8 9 11 14 16 17 19 22 24 26 27 30 33 36 37 40 43 46 49 52 55 59 61 64 68 70 71 74 77 80 83 86 89 92 95 98 101 104 107 110 113 117 120 123 125
a 1 3 6 8 9 11 14 16 17 19 22 24 26 27 30 34 36 37 40 43 46 49 52 55 59 61 64 68 70 71 74 77 80 83 86 89 92 95 98 101 104 107 110 113 117 120 123 125
a 1 3 6 8 9 11 14 16 17 19 22 24 26 27 31 34 36 37 40 43 46 49 52 55 59 61 64 68 70 71 74 77 80 83 86 89 92 95 98 101 104 107 110 113 117 120 123 125
a 1 3 6 7 9 11 14 16 17 19 22 24 26 27 31 34 36 37 40 43 46 49 52 55 59 61 64 68 70 71 74 77 80 83 86 89 92 95 98 101 104 107 110 113 117 120 123 125
a 1 3 6 7 9 11 14 16 17 19 22 24 26 27 31 34 36 37 40 43 46 49 52 55 58 61 64 68 70 71 74 77 80 83 86 89 92 95 98 101 104 107 110 113 117 120 123 125
a 1 3 6 7 9 11 14 16 17 19 22 24 26 28 31 34 36 37 40 43 46 49 52 55 58 61 64 68 70 71 74 77 80 83 86 89 92 95 98 101 104 107 110 113 117 120 123 125
a 1 3 5 7 9 11 14 16 17 19 22 24 26 28 31 34 36 37 40 43 46 49 52 55 58 61 64 68 70 71 74 77 80 83 86 89 92 95 98 101 104 107 110 113 117 120 123 125
a 1 3 5 7 9 11 14 16 17 19 22 24 26 28 31 32 36 37 40 43 46 49 52 55 58 61 64 68 70 71 74 77 80 83 86 89 92 95 98 101 104 107 110 113 117 120 123 125
a 1 3 5 7 9 11 14 16 17 19 22 24 26 28 29 32 36 37 40 43 46 49 52 55 58 61 64 68 70 71 74 77 80 83 86 89 92 95 98 101 104 107 110 113 117 120 123 125
a 2 3 5 7 9 11 14 16 17 19 22 24 26 28 29 32 36 37 40 43 46 49 52 55 58 61 64 68 70 71 74 77 80 83 86 89 92 95 98 101 104 107 110 113 117 120 123 125
a 2 3 5 7 9 11 14 16 17 19 22 24 25 28 29 32 36 37 40 43 46 49 52 55 58 61 64 68 70 71 74 77 80 83 86 89 92 95 98 101 104 107 110 113 117 120 123 125
a 2 4 5 7 9 11 14 16 17 19 22 24 25 28 29 32 36 37 40 43 46 49 52 55 58 61 64 68 70 71 74 77 80 83 86 89 92 95 98 101 104 107 110 113 117 120 123 125
a 2 4 5 7 9 11 14 16 17 19 22 24 25 28 29 32 36 37 42 43 46 49 52 55 58 61 64 68 70 71 74 77 80 83 86 89 92 95 98 101 104 107 110 113 117 120 123 125
a 2 4 5 7 9 11 14 16 17 19 22 24 25 28 29 32 36 39 42 43 46 49 52 55 58 61 64 68 70 71 74 77 80 83 86 89 92 95 98 101 104 107 110 113 117 120 123 125
a 2 4 5 7 9 11 14 16 17 19 22 24 25 28 29 32 36 39 42 43 48 49 52 55 58 61 64 68 70 71 74 77 80 83 86 89 92 95 98 101 104 107 110 113 117 120 123 125
a 2 4 5 7 9 11 14 16 17 19 22 24 25 28 29 32 36 39 42 45 48 49 52 55 58 61 64 68 70 71 74 77 80 83 86 89 92 95 98 101 104 107 110 113 117 120 123 125
a 2 4 5 7 10 11 14 16 17 19 22 24 25 28 29 32 36 39 42 45 48 49 52 55 58 61 64 68 70 71 74 77 80 83 86 89 92 95 98 101 104 107 110 113 117 120 123 125
a 2 4 5 7 10 11 14 16 17 19 22 24 25 28 29 32 35 39 42 45 48 49 52 55 58 61 64 68 70 71 74 77 80 83 86 89 92 95 98 101 104 107 110 113 117 120 123 125
a 2 4 5 7 10 11 14 16 17 19 22 24 25 28 29 32 35 39 42 45 48 49 52 55 58 61 64 67 70 71 74 77 80 83 86 89 92 95 98 101 104 107 110 113 117 120 123 125
a 2 4 5 7 10 12 14 16 17 19 22 24 25 28 29 32 35 39 42 45 48 49 52 55 58 61 64 67 70 71 74 77 80 83 86 89 92 95 98 101 104 107 110 113 117 120 123 125
a 2 4 5 7 10 12 14 16 17 19 22 24 25 28 29 32 35 39 41 45 48 49 52 55 58 61 64 67 70 71 74 77 80 83 86 89 92 95 98 101 104 107 110 113 117 120 123 125
a 2 3 5 7 10 12 14 16 17 19 22 24 25 28 29 32 35 39 41 45 48 49 52 55 58 61 64 67 70 71 74 77 80 83 86 89 92 95 98 101 104 107 110 113 117 120 123 125
a 2 3 5 7 10 12 14 16 17 19 22 24 25 28 29 32 35 38 41 45 48 49 52 55 58 61 64 67 70 71 74 77 80 83 86 89 92 95 98 101 104 107 110 113 117 120 123 125
a 2 3 5 7 10 12 14 16 17 19 22 24 26 28 29 32 35 38 41 45 48 49 52 55 58 61 64 67 70 71 74 77 80 83 86 89 92 95 98 101 104 107 110 113 117 120 123 125
a 1 3 5 7 10 12 14 16 17 19 22 24 26 28 29 32 35 38 41 45 48 49 52 55 58 61 64 67 70 71 74 77 80 83 86 89 92 95 98 101 104 107 110 113 117 120 123 125
a 1 3 5 7 10 12 14 16 17 19 22 24 26 28 29 32 35 38 41 45 47 49 52 55 58 61 64 67 70 71 74 77 80 83 86 89 92 95 98 101 104 107 110 113 117 120 123 125
a 1 3 5 7 10 12 14 16 17 19 22 24 26 28 29 32 35 38 41 44 47 49 52 55 58 61 64 67 70 71 74 77 80 83 86 89 92 95 98 101 104 107 110 113 117 120 123 125
a 1 3 5 7 10 12 14 16 17 19 22 24 26 28 29 34 35 38 41 44 47 49 52 55 58 61 64 67 70 71 74 77 80 83 86 89 92 95 98 101 104 107 110 113 117 120 123 125
a 1 3 5 7 10 12 14 16 17 19 22 24 26 28 31 34 35 38 41 44 47 49 52 55 58 61 64 67 70 71 74 77 80 83 86 89 92 95 98 101 104 107 110 113 117 120 123 125
a 1 3 6 7 10 12 14 16 17 19 22 24 26 28 31 34 35 38 41 44 47 49 52 55 58 61 64 67 70 71 74 77 80 83 86 89 92 95 98 101 104 107 110 113 117 120 123 125
a 1 3 6 7 10 12 14 16 17 19 22 24 26 27 31 34 35 38 41 44 47 49 52 55 58 61 64 67 70 71 74 77 80 83 86 89 92 95 98 101 104 107 110 113 117 120 123 125
a 1 3 6 8 10 12 14 16 17 19 22 24 26 27 31 34 35 38 41 44 47 49 52 55 58 61 64 67 70 71 74 77 80 83 86 89 92 95 98 101 104 107 110 113 117 120 123 125
a 1 3 6 8 10 12 14 16 17 19 22 24 26 27 31 33 35 38 41 44 47 49 52 55 58 61 64 67 70 71 74 77 80 83 86 89 92 95 98 101 104 107 110 113 117 120 123 125
a 1 3 6 8 10 12 14 16 17 19 22 24 26 27 30 33 35 38 41 44 47 49 52 55 58 61 64 67 70 71 74 77 80 83 86 89 92 95 98 101 104 107 110 113 117 120 123 125
a 2 3 6 8 10 12 14 16 17 19 22 24 26 27 30 33 35 38 41 44 47 49 52 55 58 61 64 67 70 71 74 77 80 83 86 89 92 95 98 101 104 107 110 113 117 120 123 125
a 2 3 6 8 10 12 14 16 17 19 22 24 25 27 30 33 35 38 41 44 47 49 52 55 58 61 64 67 70 71 74 77 80 83 86 89 92 95 98 101 104 107 110 113 117 120 123 125
a 2 4 6 8 10 12 14 16 17 19 22 24 25 27 30 33 35 38 41 44 47 49 52 55 58 61 64 67 70 71 74 77 80 83 86 89 92 95 98 101 104 107 110 113 117 120 123 125
a 2 4 6 8 10 12 14 16 17 19 22 24 25 27 30 33 35 38 41 44 47 49 52 55 58 61 64 67 70 71 74 77 80 83 86 89 92 95 98 102 104 107 110 113 117 120 123 125
a 2 4 6 8 10 12 14 16 17 19 22 24 25 27 30 33 35 38 41 44 47 49 52 55 58 61 64 67 70 71 74 77 80 83 86 89 92 95 99 102 104 107 110 113 117 120 123 125
a 2 4 6 8 10 12 14 16 17 19 22 24 25 27 30 33 35 38 41 44 47 49 52 55 58 61 64 67 70 71 74 77 80 83 86 89 92 95 99 102 104 107 110 114 117 120 123 125
a 2 4 6 8 10 12 14 16 17 19 22 24 25 27 30 33 35 38 41 44 47 49 52 55 58 61 64 67 70 71 74 77 80 83 86 89 92 95 99 102 104 107 111 114 117 120 123 125
a 2 4 6 8 10 12 14 16 17 19 22 24 25 27 30 33 35 38 41 44 47 49 52 55 58 61 64 67 70 71 74 77 80 83 86 89 92 95 99 102 104 107 111 114 117 120 123 126
a 2 4 6 8 10 12 14 16 17 19 22 24 25 27 30 33 35 38 41 44 47 49 52 55 58 61 64 67 70 71 74 77 80 83 86 89 92 95 99 102 104 108 111 114 117 120 123 126
a 2 4 6 8 10 12 14 16 17 19 22 24 25 27 30 33 35 38 41 44 47 49 52 55 58 61 64 67 70 71 74 77 80 83 86 89 92 95 99 102 105 108 111 114 117 120 123 126
a 2 4 6 8 10 12 14 16 17 19 22 23 25 27 30 33 35 38 41 44 47 49 52 55 58 61 64 67 70 71 74 77 80 83 86 89 92 95 99 102 105 108 111 114 117 120 123 126
a 2 4 6 8 10 12 14 16 17 19 22 23 25 27 30 33 35 38 41 44 47 49 52 55 58 61 64 67 70 71 74 77 80 83 86 89 92 96 99 102 105 108 111 114 117 120 123 126
a 2 4 6 8 10 12 14 16 17 19 21 23 25 27 30 33 35 38 41 44 47 49 52 55 58 61 64 67 70 71 74 77 80 83 86 89 92 96 99 102 105 108 111 114 117 120 123 126
a 2 4 6 8 10 12 14 16 17 19 21 23 25 27 30 33 35 38 41 44 47 49 52 55 58 61 64 67 70 71 74 77 80 83 86 89 92 96 99 102 105 108 111 114 117 120 121 126
a 2 4 6 8 10 12 14 16 17 19 21 23 25 27 30 33 35 38 41 44 47 49 52 55 58 61 64 67 70 71 74 77 80 83 86 89 92 96 99 102 105 108 111 114 117 118 121 126
a 2 4 6 8 10 12 14 16 17 19 21 23 25 27 30 33 35 38 41 44 47 49 52 55 58 61 64 67 70 71 74 77 80 83 86 89 92 96 99 102 105 108 111 114 115 118 121 126
a 2 4 6 8 10 12 14 16 17 19 21 23 25 27 30 33 35 38 41 44 47 49 52 55 58 61 64 67 70 71 74 77 80 83 86 89 92 96 99 100 105 108 111 114 115 118 121 126
a 2 3 6 8 10 12 14 16 17 19 21 23 25 27 30 33 35 38 41 44 47 49 52 55 58 61 64 67 70 71 74 77 80 83 86 89 92 96 99 100 105 108 111 114 115 118 121 126
a 2 3 6 8 10 12 14 16 17 19 21 23 25 27 30 33 35 38 41 44 47 49 52 55 58 61 64 67 70 71 74 77 80 83 86 89 92 96 97 100 105 108 111 114 115 118 121 126
a 2 3 6 8 10 12 14 16 17 19 21 23 26 27 30 33 35 38 41 44 47 49 52 55 58 61 64 67 70 71 74 77 80 83 86 89 92 96 97 100 105 108 111 114 115 118 121 126
a 1 3 6 8 10 12 14 16 17 19 21 23 26 27 30 33 35 38 41 44 47 49 52 55 58 61 64 67 70 71 74 77 80 83 86 89 92 96 97 100 105 108 111 114 115 118 121 126
a 1 3 6 8 10 12 14 16 17 19 21 23 26 27 30 33 35 38 41 44 47 49 52 55 58 61 64 67 70 71 74 77 80 83 86 89 92 96 97 100 105 108 111 112 115 118 121 126
a 1 3 6 8 10 12 14 16 17 19 21 23 26 27 30 33 35 38 41 44 47 49 52 55 58 61 64 67 70 71 74 77 80 83 86 89 92 96 97 100 105 106 111 112 115 118 121 126
a 1 3 6 8 10 12 14 16 17 19 21 23 26 27 30 33 35 38 41 44 47 49 52 55 58 61 64 67 70 71 74 77 80 83 86 89 92 96 97 100 103 106 111 112 115 118 121 126
a 1 3 6 8 10 12 14 16 17 19 21 23 26 27 30 34 35 38 41 44 47 49 52 55 58 61 64 67 70 71 74 77 80 83 86 89 92 96 97 100 103 106 111 112 115 118 121 126
a 1 3 6 8 10 12 14 16 17 19 21 23 26 27 31 34 35 38 41 44 47 49 52 55 58 61 64 67 70 71 74 77 80 83 86 89 92 96 97 100 103 106 111 112 115 118 121 126
a 1 3 6 7 10 12 14 16 17 19 21 23 26 27 31 34 35 38 41 44 47 49 52 55 58 61 64 67 70 71 74 77 80 83 86 89 92 96 97 100 103 106 111 112 115 118 121 126
a 1 3 6 7 10 12 14 16 17 19 21 23 26 28 31 34 35 38 41 44 47 49 52 55 58 61 64 67 70 71 74 77 80 83 86 89 92 96 97 100 103 106 111 112 115 118 121 126
a 1 3 5 7 10 12 14 16 17 19 21 23 26 28 31 34 35 38 41 44 47 49 52 55 58 61 64 67 70 71 74 77 80 83 86 89 92 96 97 100 103 106 111 112 115 118 121 126
a 1 3 5 7 10 12 14 16 17 19 21 23 26 28 31 32 35 38 41 44 47 49 52 55 58 61 64 67 70 71 74 77 80 83 86 89 92 96 97 100 103 106 111 112 115 118 121 126
a 1 3 5 7 10 12 14 16 17 19 21 23 26 28 29 32 35 38 41 44 47 49 52 55 58 61 64 67 70 71 74 77 80 83 86 89 92 96 97 100 103 106 111 112 115 118 121 126
a 2 3 5 7 10 12 14 16 17 19 21 23 26 28 29 32 35 38 41 44 47 49 52 55 58 61 64 67 70 71 74 77 80 83 86 89 92 96 97 100 103 106 111 112 115 118 121 126
a 2 3 5 7 10 12 14 16 17 19 21 23 25 28 29 32 35 38 41 44 47 49 52 55 58 61 64 67 70 71 74 77 80 83 86 89 92 96 97 100 103 106 111 112 115 118 121 126
a 2 4 5 7 10 12 14 16 17 19 21 23 25 28 29 32 35 38 41 44 47 49 52 55 58 61 64 67 70 71 74 77 80 83 86 89 92 96 97 100 103 106 111 112 115 118 121 126
a 2 4 5 7 10 12 14 16 17 19 21 23 25 28 29 32 35 38 42 44 47 49 52 55 58 61 64 67 70 71 74 77 80 83 86 89 92 96 97 100 103 106 111 112 115 118 121 126
a 2 4 5 7 10 12 14 16 17 19 21 23 25 28 29 32 35 39 42 44 47 49 52 55 58 61 64 67 70 71 74 77 80 83 86 89 92 96 97 100 103 106 111 112 115 118 121 126
a 2 4 5 7 10 12 14 16 17 19 21 23 25 28 29 32 35 39 42 44 48 49 52 55 58 61 64 67 70 71 74 77 80 83 86 89 92 96 97 100 103 106 111 112 115 118 121 126
a 2 4 5 7 10 12 14 16 17 19 21 23 25 28 29 32 35 39 42 45 48 49 52 55 58 61 64 67 70 71 74 77 80 83 86 89 92 96 97 100 103 106 111 112 115 118 121 126
a 2 4 5 7 10 11 14 16 17 19 21 23 25 28 29 32 35 39 42 45 48 49 52 55 58 61 64 67 70 71 74 77 80 83 86 89 92 96 97 100 103 106 111 112 115 118 121 126
a 2 4 5 7 10 11 14 16 17 19 21 23 25 28 29 32 35 39 42 45 48 49 52 55 58 61 64 67 70 71 74 77 80 83 86 89 92 96 97 100 103 106 109 112 115 118 121 126
a 2 4 5 7 10 11 14 16 17 19 21 23 25 28 29 32 36 39 42 45 48 49 52 55 58 61 64 67 70 71 74 77 80 83 86 89 92 96 97 100 103 106 109 112 115 118 121 126
a 2 4 5 7 9 11 14 16 17 19 21 23 25 28 29 32 36 39 42 45 48 49 52 55 58 61 64 67 70 71 74 77 80 83 86 89 92 96 97 100 103 106 109 112 115 118 121 126
a 2 4 5 7 9 11 14 16 17 19 21 23 25 28 29 32 36 39 40 45 48 49 52 55 58 61 64 67 70 71 74 77 80 83 86 89 92 96 97 100 103 106 109 112 115 118 121 126
a 2 3 5 7 9 11 14 16 17 19 21 23 25 28 29 32 36 39 40 45 48 49 52 55 58 61 64 67 70 71 74 77 80 83 86 89 92 96 97 100 103 106 109 112 115 118 121 126
a 2 3 5 7 9 11 14 16 17 19 21 23 25 28 29 32 36 37 40 45 48 49 52 55 58 61 64 67 70 71 74 77 80 83 86 89 92 96 97 100 103 106 109 112 115 118 121 126
a 2 3 5 7 9 11 14 16 17 19 21 23 26 28 29 32 36 37 40 45 48 49 52 55 58 61 64 67 70 71 74 77 80 83 86 89 92 96 97 100 103 106 109 112 115 118 121 126
a 1 3 5 7 9 11 14 16 17 19 21 23 26 28 29 32 36 37 40 45 48 49 52 55 58 61 64 67 70 71 74 77 80 83 86 89 92 96 97 100 103 106 109 112 115 118 121 126
a 1 3 5 7 9 11 14 16 17 19 21 23 26 28 29 32 36 37 40 45 46 49 52 55 58 61 64 67 70 71 74 77 80 83 86 89 92 96 97 100 103 106 109 112 115 118 121 126
a 1 3 5 7 9 11 14 16 17 19 21 23 26 28 29 32 36 37 40 43 46 49 52 55 58 61 64 67 70 71 74 77 80 83 86 89 92 96 97 100 103 106 109 112 115 118 121 126
a 1 3 5 7 9 11 14 16 17 19 21 23 26 28 29 34 36 37 40 43 46 49 52 55 58 61 64 67 70 71 74 77 80 83 86 89 92 96 97 100 103 106 109 112 115 118 121 126
a 1 3 5 7 9 11 14 16 17 19 21 23 26 28 31 34 36 37 40 43 46 49 52 55 58 61 64 67 70 71 74 77 80 83 86 89 92 96 97 100 103 106 109 112 115 118 121 126
a 1 3 6 7 9 11 14 16 17 19 21 23 26 28 31 34 36 37 40 43 46 49 52 55 58 61 64 67 70 71 74 77 80 83 86 89 92 96 97 100 103 106 109 112 115 118 121 126
a 1 3 6 7 9 11 14 16 17 19 21 23 26 27 31 34 36 37 40 43 46 49 52 55 58 61 64 67 70 71 74 77 80 83 86 89 92 96 97 100 103 106 109 112 115 118 121 126
a 1 3 6 8 9 11 14 16 17 19 21 23 26 27 31 34 36 37 40 43 46 49 52 55 58 61 64 67 70 71 74 77 80 83 86 89 92 96 97 100 103 106 109 112 115 118 121 126
a 1 3 6 8 9 11 14 16 17 19 21 23 26 27 31 33 36 37 40 43 46 49 52 55 58 61 64 67 70 71 74 77 80 83 86 89 92 96 97 100 103 106 109 112 115 118 121 126
a 1 3 6 8 9 11 14 16 17 19 21 23 26 27 30 33 36 37 40 43 46 49 52 55 58 61 64 67 70 71 74 77 80 83 86 89 92 96 97 100 103 106 109 112 115 118 121 126
a 2 3 6 8 9 11 14 16 17 19 21 23 26 27 30 33 36 37 40 43 46 49 52 55 58 61 64 67 70 71 74 77 80 83 86 89 92 96 97 100 103 106 109 112 115 118 121 126
a 2 3 6 8 9 11 14 16 17 19 21 23 25 27 30 33 36 37 40 43 46 49 52 55 58 61 64 67 70 71 74 77 80 83 86 89 92 96 97 100 103 106 109 112 115 118 121 126
a 2 4 6 8 9 11 14 16 17 19 21 23 25 27 30 33 36 37 40 43 46 49 52 55 58 61 64 67 70 71 74 77 80 83 86 89 92 96 97 100 103 106 109 112 115 118 121 126
a 2 4 6 8 9 11 14 16 17 19 21 23 25 27 30 33 36 37 40 43 46 49 52 56 58 61 64 67 70 71 74 77 80 83 86 89 92 96 97 100 103 106 109 112 115 118 121 126
a 2 4 6 8 9 11 14 16 17 19 21 23 25 27 30 33 36 37 40 43 46 49 53 56 58 61 64 67 70 71 74 77 80 83 86 89 92 96 97 100 103 106 109 112 115 118 121 126
a 2 4 6 8 9 11 14 16 17 19 21 23 25 27 30 33 36 37 40 43 46 49 53 56 58 61 65 67 70 71 74 77 80 83 86 89 92 96 97 100 103 106 109 112 115 118 121 126
a 2 4 6 8 9 11 14 16 17 19 21 23 25 27 30 33 36 37 40 43 46 49 53 56 58 61 65 68 70 71 74 77 80 83 86 89 92 96 97 100 103 106 109 112 115 118 121 126
a 2 4 6 8 9 11 14 16 17 19 21 23 25 27 30 33 36 37 40 43 46 49 53 56 58 62 65 68 70 71 74 77 80 83 86 89 92 96 97 100 103 106 109 112 115 118 121 126
a 2 4 6 8 9 11 14 16 17 19 21 23 25 27 30 33 36 37 40 43 46 49 53 56 59 62 65 68 70 71 74 77 80 83 86 89 92 96 97 100 103 106 109 112 115 118 121 126
a 2 4 6 8 9 11 14 15 17 19 21 23 25 27 30 33 36 37 40 43 46 49 53 56 59 62 65 68 70 71 74 77 80 83 86 89 92 96 97 100 103 106 109 112 115 118 121 126
a 2 4 6 8 9 11 14 15 17 19 21 23 25 27 30 33 36 37 40 43 46 49 53 56 59 62 65 68 70 71 74 77 80 83 86 89 94 96 97 100 103 106 109 112 115 118 121 126
a 2 4 6 8 9 11 14 15 17 19 21 23 25 27 30 33 36 37 40 43 46 50 53 56 59 62 65 68 70 71 74 77 80 83 86 89 94 96 97 100 103 106 109 112 115 118 121 126
a 2 4 6 8 9 11 13 15 17 19 21 23 25 27 30 33 36 37 40 43 46 50 53 56 59 62 65 68 70 71 74 77 80 83 86 89 94 96 97 100 103 106 109 112 115 118 121 126
a 2 4 6 8 9 11 13 15 17 19 21 23 25 27 30 33 36 37 40 43 46 50 53 56 59 62 65 68 70 71 74 77 80 83 86 91 94 96 97 100 103 106 109 112 115 118 121 126
a 2 4 6 8 9 11 13 15 17 19 21 23 25 27 30 33 36 37 40 43 46 50 53 54 59 62 65 68 70 71 74 77 80 83 86 91 94 96 97 100 103 106 109 112 115 118 121 126
a 2 3 6 8 9 11 13 15 17 19 21 23 25 27 30 33 36 37 40 43 46 50 53 54 59 62 65 68 70 71 74 77 80 83 86 91 94 96 97 100 103 106 109 112 115 118 121 126
a 2 3 6 8 9 11 13 15 17 19 21 23 25 27 30 33 36 37 40 43 46 50 51 54 59 62 65 68 70 71 74 77 80 83 86 91 94 96 97 100 103 106 109 112 115 118 121 126
a 2 3 6 8 9 11 13 15 17 19 21 23 26 27 30 33 36 37 40 43 46 50 51 54 59 62 65 68 70 71 74 77 80 83 86 91 94 96 97 100 103 106 109 112 115 118 121 126
a 1 3 6 8 9 11 13 15 17 19 21 23 26 27 30 33 36 37 40 43 46 50 51 54 59 62 65 68 70 71 74 77 80 83 86 91 94 96 97 100 103 106 109 112 115 118 121 126
a 1 3 6 8 9 11 13 15 17 19 21 23 26 27 30 33 36 37 40 43 46 50 51 54 59 62 63 68 70 71 74 77 80 83 86 91 94 96 97 100 103 106 109 112 115 118 121 126
a 1 3 6 8 9 11 13 15 17 19 21 23 26 27 30 33 36 37 40 43 46 50 51 54 59 60 63 68 70 71 74 77 80 83 86 91 94 96 97 100 103 106 109 112 115 118 121 126
a 1 3 6 8 9 11 13 15 17 19 21 23 26 27 30 34 36 37 40 43 46 50 51 54 59 60 63 68 70 71 74 77 80 83 86 91 94 96 97 100 103 106 109 112 115 118 121 126
a 1 3 6 8 9 11 13 15 17 19 21 23 26 27 31 34 36 37 40 43 46 50 51 54 59 60 63 68 70 71 74 77 80 83 86 91 94 96 97 100 103 106 109 112 115 118 121 126
a 1 3 6 7 9 11 13 15 17 19 21 23 26 27 31 34 36 37 40 43 46 50 51 54 59 60 63 68 70 71 74 77 80 83 86 91 94 96 97 100 103 106 109 112 115 118 121 126
a 1 3 6 7 9 11 13 15 17 19 21 23 26 27 31 34 36 37 40 43 46 50 51 54 57 60 63 68 70 71 74 77 80 83 86 91 94 96 97 100 103 106 109 112 115 118 121 126
a 1 3 6 7 9 11 13 15 17 19 21 23 26 28 31 34 36 37 40 43 46 50 51 54 57 60 63 68 70 71 74 77 80 83 86 91 94 96 97 100 103 106 109 112 115 118 121 126
a 1 3 5 7 9 11 13 15 17 19 21 23 26 28 31 34 36 37 40 43 46 50 51 54 57 60 63 68 70 71 74 77 80 83 86 91 94 96 97 100 103 106 109 112 115 118 121 126
a 1 3 5 7 9 11 13 15 17 19 21 23 26 28 31 32 36 37 40 43 46 50 51 54 57 60 63 68 70 71 74 77 80 83 86 91 94 96 97 100 103 106 109 112 115 118 121 126
a 1 3 5 7 9 11 13 15 17 19 21 23 26 28 29 32 36 37 40 43 46 50 51 54 57 60 63 68 70 71 74 77 80 83 86 91 94 96 97 100 103 106 109 112 115 118 121 126
a 2 3 5 7 9 11 13 15 17 19 21 23 26 28 29 32 36 37 40 43 46 50 51 54 57 60 63 68 70 71 74 77 80 83 86 91 94 96 97 100 103 106 109 112 115 118 121 126
a 2 3 5 7 9 11 13 15 17 19 21 23 25 28 29 32 36 37 40 43 46 50 51 54 57 60 63 68 70 71 74 77 80 83 86 91 94 96 97 100 103 106 109 112 115 118 121 126
a 2 4 5 7 9 11 13 15 17 19 21 23 25 28 29 32 36 37 40 43 46 50 51 54 57 60 63 68 70 71 74 77 80 83 86 91 94 96 97 100 103 106 109 112 115 118 121 126
a 2 4 5 7 9 11 13 15 17 19 21 23 25 28 29 32 36 37 42 43 46 50 51 54 57 60 63 68 70 71 74 77 80 83 86 91 94 96 97 100 103 106 109 112 115 118 121 126
a 2 4 5 7 9 11 13 15 17 19 21 23 25 28 29 32 36 39 42 43 46 50 51 54 57 60 63 68 70 71 74 77 80 83 86 91 94 96 97 100 103 106 109 112 115 118 121 126
a 2 4 5 7 9 11 13 15 17 19 21 23 25 28 29 32 36 39 42 43 48 50 51 54 57 60 63 68 70 71 74 77 80 83 86 91 94 96 97 100 103 106 109 112 115 118 121 126
a 2 4 5 7 9 11 13 15 17 19 21 23 25 28 29 32 36 39 42 45 48 50 51 54 57 60 63 68 70 71 74 77 80 83 86 91 94 96 97 100 103 106 109 112 115 118 121 126
a 2 4 5 7 10 11 13 15 17 19 21 23 25 28 29 32 36 39 42 45 48 50 51 54 57 60 63 68 70 71 74 77 80 83 86 91 94 96 97 100 103 106 109 112 115 118 121 126
a 2 4 5 7 10 11 13 15 17 19 21 23 25 28 29 32 35 39 42 45 48 50 51 54 57 60 63 68 70 71 74 77 80 83 86 91 94 96 97 100 103 106 109 112 115 118 121 126
a 2 4 5 7 10 11 13 15 17 19 21 23 25 28 29 32 35 39 42 45 48 50 51 54 57 60 63 66 70 71 74 77 80 83 86 91 94 96 97 100 103 106 109 112 115 118 121 126
a 2 4 5 7 10 12 13 15 17 19 21 23 25 28 29 32 35 39 42 45 48 50 51 54 57 60 63 66 70 71 74 77 80 83 86 91 94 96 97 100 103 106 109 112 115 118 121 126
a 2 4 5 7 10 12 13 15 17 19 21 23 25 28 29 32 35 39 41 45 48 50 51 54 57 60 63 66 70 71 74 77 80 83 86 91 94 96 97 100 103 106 109 112 115 118 121 126
a 2 3 5 7 10 12 13 15 17 19 21 23 25 28 29 32 35 39 41 45 48 50 51 54 57 60 63 66 70 71 74 77 80 83 86 91 94 96 97 100 103 106 109 112 115 118 121 126
a 2 3 5 7 10 12 13 15 17 19 21 23 25 28 29 32 35 38 41 45 48 50 51 54 57 60 63 66 70 71 74 77 80 83 86 91 94 96 97 100 103 106 109 112 115 118 121 126
a 2 3 5 7 10 12 13 15 17 19 21 23 26 28 29 32 35 38 41 45 48 50 51 54 57 60 63 66 70 71 74 77 80 83 86 91 94 96 97 100 103 106 109 112 115 118 121 126
a 1 3 5 7 10 12 13 15 17 19 21 23 26 28 29 32 35 38 41 45 48 50 51 54 57 60 63 66 70 71 74 77 80 83 86 91 94 96 97 100 103 106 109 112 115 118 121 126
a 1 3 5 7 10 12 13 15 17 19 21 23 26 28 29 32 35 38 41 45 47 50 51 54 57 60 63 66 70 71 74 77 80 83 86 91 94 96 97 100 103 106 109 112 115 118 121 126
a 1 3 5 7 10 12 13 15 17 19 21 23 26 28 29 32 35 38 41 44 47 50 51 54 57 60 63 66 70 71 74 77 80 83 86 91 94 96 97 100 103 106 109 112 115 118 121 126
a 1 3 5 7 10 12 13 15 17 19 21 23 26 28 29 34 35 38 41 44 47 50 51 54 57 60 63 66 70 71 74 77 80 83 86 91 94 96 97 100 103 106 109 112 115 118 121 126
a 1 3 5 7 10 12 13 15 17 19 21 23 26 28 31 34 35 38 41 44 47 50 51 54 57 60 63 66 70 71 74 77 80 83 86 91 94 96 97 100 103 106 109 112 115 118 121 126
a 1 3 6 7 10 12 13 15 17 19 21 23 26 28 31 34 35 38 41 44 47 50 51 54 57 60 63 66 70 71 74 77 80 83 86 91 94 96 97 100 103 106 109 112 115 118 121 126
a 1 3 6 7 10 12 13 15 17 19 21 23 26 27 31 34 35 38 41 44 47 50 51 54 57 60 63 66 70 71 74 77 80 83 86 91 94 96 97 100 103 106 109 112 115 118 121 126
a 1 3 6 8 10 12 13 15 17 19 21 23 26 27 31 34 35 38 41 44 47 50 51 54 57 60 63 66 70 71 74 77 80 83 86 91 94 96 97 100 103 106 109 112 115 118 121 126
a 1 3 6 8 10 12 13 15 17 19 21 23 26 27 31 33 35 38 41 44 47 50 51 54 57 60 63 66 70 71 74 77 80 83 86 91 94 96 97 100 103 106 109 112 115 118 121 126
a 1 3 6 8 10 12 13 15 17 19 21 23 26 27 30 33 35 38 41 44 47 50 51 54 57 60 63 66 70 71 74 77 80 83 86 91 94 96 97 100 103 106 109 112 115 118 121 126
a 2 3 6 8 10 12 13 15 17 19 21 23 26 27 30 33 35 38 41 44 47 50 51 54 57 60 63 66 70 71 74 77 80 83 86 91 94 96 97 100 103 106 109 112 115 118 121 126
a 2 3 6 8 10 12 13 15 17 19 21 23 25 27 30 33 35 38 41 44 47 50 51 54 57 60 63 66 70 71 74 77 80 83 86 91 94 96 97 100 103 106 109 112 115 118 121 126
a 2 4 6 8 10 12 13 15 17 19 21 23 25 27 30 33 35 38 41 44 47 50 51 54 57 60 63 66 70 71 74 77 80 83 86 91 94 96 97 100 103 106 109 112 115 118 121 126
a 2 4 6 8 10 12 13 15 17 19 21 23 25 27 30 33 35 38 41 44 47 50 51 54 57 60 63 66 70 71 76 77 80 83 86 91 94 96 97 100 103 106 109 112 115 118 121 126
a 2 4 6 8 10 12 13 15 17 19 21 23 25 27 30 33 35 38 41 44 47 50 51 54 57 60 63 66 70 73 76 77 80 83 86 91 94 96 97 100 103 106 109 112 115 118 121 126
a 2 4 6 8 10 12 13 15 17 19 21 23 25 27 30 33 35 38 41 44 47 50 51 54 57 60 63 66 70 73 76 77 80 83 88 91 94 96 97 100 103 106 109 112 115 118 121 126
a 2 4 6 8 10 12 13 15 17 19 21 23 25 27 30 33 35 38 41 44 47 50 51 54 57 60 63 66 70 73 76 77 80 85 88 91 94 96 97 100 103 106 109 112 115 118 121 126
a 2 4 6 8 10 12 13 15 17 19 21 23 25 27 30 33 35 38 41 44 47 50 51 54 57 60 63 66 70 73 76 77 82 85 88 91 94 96 97 100 103 106 109 112 115 118 121 126
a 2 4 6 8 10 12 13 15 17 19 21 23 25 27 30 33 35 38 41 44 47 50 51 54 57 60 63 66 70 73 76 79 82 85 88 91 94 96 97 100 103 106 109 112 115 118 121 126
a 2 4 6 8 10 12 13 15 18 19 21 23 25 27 30 33 35 38 41 44 47 50 51 54 57 60 63 66 70 73 76 79 82 85 88 91 94 96 97 100 103 106 109 112 115 118 121 126
a 2 4 6 8 10 12 13 15 18 19 21 23 25 27 30 33 35 38 41 44 47 50 51 54 57 60 63 66 70 73 76 79 82 85 88 91 94 96 97 100 103 106 109 112 115 118 121 124
a 2 4 6 8 10 12 13 15 18 19 21 23 25 27 30 33 35 38 41 44 47 50 51 54 57 60 63 66 69 73 76 79 82 85 88 91 94 96 97 100 103 106 109 112 115 118 121 124
a 2 4 6 8 10 12 13 15 18 20 21 23 25 27 30 33 35 38 41 44 47 50 51 54 57 60 63 66 69 73 76 79 82 85 88 91 94 96 97 100 103 106 109 112 115 118 121 124
a 2 4 6 8 10 12 13 15 18 20 21 23 25 27 30 33 35 38 41 44 47 50 51 54 57 60 63 66 69 73 76 79 82 85 88 91 93 96 97 100 103 106 109 112 115 118 121 124
a 2 4 6 8 10 12 13 15 18 20 21 23 25 27 30 33 35 38 41 44 47 50 51 54 57 60 63 66 69 73 76 79 82 85 88 90 93 96 97 100 103 106 109 112 115 118 121 124
a 2 4 6 8 10 12 13 15 18 20 21 23 25 27 30 33 35 38 41 44 47 50 51 54 57 60 63 66 69 73 75 79 82 85 88 90 93 96 97 100 103 106 109 112 115 118 121 124
a 2 3 6 8 10 12 13 15 18 20 21 23 25 27 30 33 35 38 41 44 47 50 51 54 57 60 63 66 69 73 75 79 82 85 88 90 93 96 97 100 103 106 109 112 115 118 121 124
a 2 3 6 8 10 12 13 15 18 20 21 23 25 27 30 33 35 38 41 44 47 50 51 54 57 60 63 66 69 72 75 79 82 85 88 90 93 96 97 100 103 106 109 112 115 118 121 124
a 2 3 6 8 10 12 13 15 18 20 21 23 26 27 30 33 35 38 41 44 47 50 51 54 57 60 63 66 69 72 75 79 82 85 88 90 93 96 97 100 103 106 109 112 115 118 121 124
a 1 3 6 8 10 12 13 15 18 20 21 23 26 27 30 33 35 38 41 44 47 50 51 54 57 60 63 66 69 72 75 79 82 85 88 90 93 96 97 100 103 106 109 112 115 118 121 124
a 1 3 6 8 10 12 13 15 18 20 21 23 26 27 30 33 35 38 41 44 47 50 51 54 57 60 63 66 69 72 75 79 82 85 87 90 93 96 97 100 103 106 109 112 115 118 121 124
a 1 3 6 8 10 12 13 15 18 20 21 23 26 27 30 33 35 38 41 44 47 50 51 54 57 60 63 66 69 72 75 79 81 85 87 90 93 96 97 100 103 106 109 112 115 118 121 124
a 1 3 6 8 10 12 13 15 18 20 21 23 26 27 30 34 35 38 41 44 47 50 51 54 57 60 63 66 69 72 75 79 81 85 87 90 93 96 97 100 103 106 109 112 115 118 121 124
a 1 3 6 8 10 12 13 15 18 20 21 23 26 27 31 34 35 38 41 44 47 50 51 54 57 60 63 66 69 72 75 79 81 85 87 90 93 96 97 100 103 106 109 112 115 118 121 124
a 1 3 6 7 10 12 13 15 18 20 21 23 26 27 31 34 35 38 41 44 47 50 51 54 57 60 63 66 69 72 75 79 81 85 87 90 93 96 97 100 103 106 109 112 115 118 121 124
a 1 3 6 7 10 12 13 15 18 20 21 23 26 27 31 34 35 38 41 44 47 50 51 54 57 60 63 66 69 72 75 78 81 85 87 90 93 96 97 100 103 106 109 112 115 118 121 124
a 1 3 6 7 10 12 13 15 18 20 21 23 26 28 31 34 35 38 41 44 47 50 51 54 57 60 63 66 69 72 75 78 81 85 87 90 93 96 97 100 103 106 109 112 115 118 121 124
a 1 3 5 7 10 12 13 15 18 20 21 23 26 28 31 34 35 38 41 44 47 50 51 54 57 60 63 66 69 72 75 78 81 85 87 90 93 96 97 100 103 106 109 112 115 118 121 124
a 1 3 5 7 10 12 13 15 18 20 21 23 26 28 31 32 35 38 41 44 47 50 51 54 57 60 63 66 69 72 75 78 81 85 87 90 93 96 97 100 103 106 109 112 115 118 121 124
a 1 3 5 7 10 12 13 15 18 20 21 23 26 28 29 32 35 38 41 44 47 50 51 54 57 60 63 66 69 72 75 78 81 85 87 90 93 96 97 100 103 106 109 112 115 118 121 124
a 2 3 5 7 10 12 13 15 18 20 21 23 26 28 29 32 35 38 41 44 47 50 51 54 57 60 63 66 69 72 75 78 81 85 87 90 93 96 97 100 103 106 109 112 115 118 121 124
a 2 3 5 7 10 12 13 15 18 20 21 23 25 28 29 32 35 38 41 44 47 50 51 54 57 60 63 66 69 72 75 78 81 85 87 90 93 96 97 100 103 106 109 112 115 118 121 124
a 2 4 5 7 10 12 13 15 18 20 21 23 25 28 29 32 35 38 41 44 47 50 51 54 57 60 63 66 69 72 75 78 81 85 87 90 93 96 97 100 103 106 109 112 115 118 121 124
a 2 4 5 7 10 12 13 15 18 20 21 23 25 28 29 32 35 38 42 44 47 50 51 54 57 60 63 66 69 72 75 78 81 85 87 90 93 96 97 100 103 106 109 112 115 118 121 124
a 2 4 5 7 10 12 13 15 18 20 21 23 25 28 29 32 35 39 42 44 47 50 51 54 57 60 63 66 69 72 75 78 81 85 87 90 93 96 97 100 103 106 109 112 115 118 121 124
a 2 4 5 7 10 12 13 15 18 20 21 23 25 28 29 32 35 39 42 44 48 50 51 54 57 60 63 66 69 72 75 78 81 85 87 90 93 96 97 100 103 106 109 112 115 118 121 124
a 2 4 5 7 10 12 13 15 18 20 21 23 25 28 29 32 35 39 42 45 48 50 51 54 57 60 63 66 69 72 75 78 81 85 87 90 93 96 97 100 103 106 109 112 115 118 121 124
a 2 4 5 7 10 11 13 15 18 20 21 23 25 28 29 32 35 39 42 45 48 50 51 54 57 60 63 66 69 72 75 78 81 85 87 90 93 96 97 100 103 106 109 112 115 118 121 124
a 2 4 5 7 10 11 13 15 18 20 21 23 25 28 29 32 35 39 42 45 48 50 51 54 57 60 63 66 69 72 75 78 81 84 87 90 93 96 97 100 103 106 109 112 115 118 121 124
a 2 4 5 7 10 11 13 15 18 20 21 23 25 28 29 32 36 39 42 45 48 50 51 54 57 60 63 66 69 72 75 78 81 84 87 90 93 96 97 100 103 106 109 112 115 118 121 124
a 2 4 5 7 9 11 13 15 18 20 21 23 25 28 29 32 36 39 42 45 48 50 51 54 57 60 63 66 69 72 75 78 81 84 87 90 93 96 97 100 103 106 109 112 115 118 121 124
a 2 4 5 7 9 11 13 15 18 20 21 23 25 28 29 32 36 39 40 45 48 50 51 54 57 60 63 66 69 72 75 78 81 84 87 90 93 96 97 100 103 106 109 112 115 118 121 124
a 2 3 5 7 9 11 13 15 18 20 21 23 25 28 29 32 36 39 40 45 48 50 51 54 57 60 63 66 69 72 75 78 81 84 87 90 93 96 97 100 103 106 109 112 115 118 121 124
a 2 3 5 7 9 11 13 15 18 20 21 23 25 28 29 32 36 37 40 45 48 50 51 54 57 60 63 66 69 72 75 78 81 84 87 90 93 96 97 100 103 106 109 112 115 118 121 124
a 2 3 5 7 9 11 13 15 18 20 21 23 26 28 29 32 36 37 40 45 48 50 51 54 57 60 63 66 69 72 75 78 81 84 87 90 93 96 97 100 103 106 109 112 115 118 121 124
a 1 3 5 7 9 11 13 15 18 20 21 23 26 28 29 32 36 37 40 45 48 50 51 54 57 60 63 66 69 72 75 78 81 84 87 90 93 96 97 100 103 106 109 112 115 118 121 124
a 1 3 5 7 9 11 13 15 18 20 21 23 26 28 29 32 36 37 40 45 46 50 51 54 57 60 63 66 69 72 75 78 81 84 87 90 93 96 97 100 103 106 109 112 115 118 121 124
a 1 3 5 7 9 11 13 15 18 20 21 23 26 28 29 32 36 37 40 43 46 50 51 54 57 60 63 66 69 72 75 78 81 84 87 90 93 96 97 100 103 106 109 112 115 118 121 124
a 1 3 5 7 9 11 13 15 18 20 21 23 26 28 29 34 36 37 40 43 46 50 51 54 57 60 63 66 69 72 75 78 81 84 87 90 93 96 97 100 103 106 109 112 115 118 121 124
a 1 3 5 7 9 11 13 15 18 20 21 23 26 28 31 34 36 37 40 43 46 50 51 54 57 60 63 66 69 72 75 78 81 84 87 90 93 96 97 100 103 106 109 112 115 118 121 124
a 1 3 6 7 9 11 13 15 18 20 21 23 26 28 31 34 36 37 40 43 46 50 51 54 57 60 63 66 69 72 75 78 81 84 87 90 93 96 97 100 103 106 109 112 115 118 121 124
a 1 3 6 7 9 11 13 15 18 20 21 23 26 27 31 34 36 37 40 43 46 50 51 54 57 60 63 66 69 72 75 78 81 84 87 90 93 96 97 100 103 106 109 112 115 118 121 124
a 1 3 6 8 9 11 13 15 18 20 21 23 26 27 31 34 36 37 40 43 46 50 51 54 57 60 63 66 69 72 75 78 81 84 87 90 93 96 97 100 103 106 109 112 115 118 121 124
a 1 3 6 8 9 11 13 15 18 20 21 23 26 27 31 33 36 37 40 43 46 50 51 54 57 60 63 66 69 72 75 78 81 84 87 90 93 96 97 100 103 106 109 112 115 118 121 124
a 1 3 6 8 9 11 13 15 18 20 21 23 26 27 30 33 36 37 40 43 46 50 51 54 57 60 63 66 69 72 75 78 81 84 87 90 93 96 97 100 103 106 109 112 115 118 121 124
a 2 3 6 8 9 11 13 15 18 20 21 23 26 27 30 33 36 37 40 43 46 50 51 54 57 60 63 66 69 72 75 78 81 84 87 90 93 96 97 100 103 106 109 112 115 118 121 124
a 2 3 6 8 9 11 13 15 18 20 21 23 25 27 30 33 36 37 40 43 46 50 51 54 57 60 63 66 69 72 75 78 81 84 87 90 93 96 97 100 103 106 109 112 115 118 121 124
a 2 4 6 8 9 11 13 15 18 20 21 23 25 27 30 33 36 37 40 43 46 50 51 54 57 60 63 66 69 72 75 78 81 84 87 90 93 96 97 100 103 106 109 112 115 118 121 124
a 2 4 6 8 9 11 13 15 18 20 21 23 25 27 30 33 36 37 40 43 46 50 51 56 57 60 63 66 69 72 75 78 81 84 87 90 93 96 97 100 103 106 109 112 115 118 121 124
a 2 4 6 8 9 11 13 15 18 20 21 23 25 27 30 33 36 37 40 43 46 50 53 56 57 60 63 66 69 72 75 78 81 84 87 90 93 96 97 100 103 106 109 112 115 118 121 124
a 2 4 6 8 9 11 13 15 18 20 21 23 25 27 30 33 36 37 40 43 46 50 53 56 57 60 65 66 69 72 75 78 81 84 87 90 93 96 97 100 103 106 109 112 115 118 121 124
a 2 4 6 8 9 11 13 15 18 20 21 23 25 27 30 33 36 37 40 43 46 50 53 56 57 60 65 68 69 72 75 78 81 84 87 90 93 96 97 100 103 106 109 112 115 118 121 124
a 2 4 6 8 9 11 13 15 18 20 21 23 25 27 30 33 36 37 40 43 46 50 53 56 57 62 65 68 69 72 75 78 81 84 87 90 93 96 97 100 103 106 109 112 115 118 121 124
a 2 4 6 8 9 11 13 15 18 20 21 23 25 27 30 33 36 37 40 43 46 50 53 56 59 62 65 68 69 72 75 78 81 84 87 90 93 96 97 100 103 106 109 112 115 118 121 124
a 2 4 6 8 9 11 14 15 18 20 21 23 25 27 30 33 36 37 40 43 46 50 53 56 59 62 65 68 69 72 75 78 81 84 87 90 93 96 97 100 103 106 109 112 115 118 121 124
a 2 4 6 8 9 11 14 15 18 20 21 23 25 27 30 33 36 37 40 43 46 49 53 56 59 62 65 68 69 72 75 78 81 84 87 90 93 96 97 100 103 106 109 112 115 118 121 124
a 2 4 6 8 9 11 14 16 18 20 21 23 25 27 30 33 36 37 40 43 46 49 53 56 59 62 65 68 69 72 75 78 81 84 87 90 93 96 97 100 103 106 109 112 115 118 121 124
a 2 4 6 8 9 11 14 16 18 20 21 23 25 27 30 33 36 37 40 43 46 49 53 55 59 62 65 68 69 72 75 78 81 84 87 90 93 96 97 100 103 106 109 112 115 118 121 124
a 2 3 6 8 9 11 14 16 18 20 21 23 25 27 30 33 36 37 40 43 46 49 53 55 59 62 65 68 69 72 75 78 81 84 87 90 93 96 97 100 103 106 109 112 115 118 121 124
a 2 3 6 8 9 11 14 16 18 20 21 23 25 27 30 33 36 37 40 43 46 49 52 55 59 62 65 68 69 72 75 78 81 84 87 90 93 96 97 100 103 106 109 112 115 118 121 124
a 2 3 6 8 9 11 14 16 18 20 21 23 26 27 30 33 36 37 40 43 46 49 52 55 59 62 65 68 69 72 75 78 81 84 87 90 93 96 97 100 103 106 109 112 115 118 121 124
a 1 3 6 8 9 11 14 16 18 20 21 23 26 27 30 33 36 37 40 43 46 49 52 55 59 62 65 68 69 72 75 78 81 84 87 90 93 96 97 100 103 106 109 112 115 118 121 124
a 1 3 6 8 9 11 14 16 18 20 21 23 26 27 30 33 36 37 40 43 46 49 52 55 59 62 64 68 69 72 75 78 81 84 87 90 93 96 97 100 103 106 109 112 115 118 121 124
a 1 3 6 8 9 11 14 16 18 20 21 23 26 27 30 33 36 37 40 43 46 49 52 55 59 61 64 68 69 72 75 78 81 84 87 90 93 96 97 100 103 106 109 112 115 118 121 124
a 1 3 6 8 9 11 14 16 18 20 21 23 26 27 30 34 36 37 40 43 46 49 52 55 59 61 64 68 69 72 75 78 81 84 87 90 93 96 97 100 103 106 109 112 115 118 121 124
a 1 3 6 8 9 11 14 16 18 20 21 23 26 27 31 34 36 37 40 43 46 49 52 55 59 61 64 68 69 72 75 78 81 84 87 90 93 96 97 100 103 106 109 112 115 118 121 124
a 1 3 6 7 9 11 14 16 18 20 21 23 26 27 31 34 36 37 40 43 46 49 52 55 59 61 64 68 69 72 75 78 81 84 87 90 93 96 97 100 103 106 109 112 115 118 121 124
a 1 3 6 7 9 11 14 16 18 20 21 23 26 27 31 34 36 37 40 43 46 49 52 55 58 61 64 68 69 72 75 78 81 84 87 90 93 96 97 100 103 106 109 112 115 118 121 124
a 1 3 6 7 9 11 14 16 18 20 21 23 26 28 31 34 36 37 40 43 46 49 52 55 58 61 64 68 69 72 75 78 81 84 87 90 93 96 97 100 103 106 109 112 115 118 121 124
a 1 3 5 7 9 11 14 16 18 20 21 23 26 28 31 34 36 37 40 43 46 49 52 55 58 61 64 68 69 72 75 78 81 84 87 90 93 96 97 100 103 106 109 112 115 118 121 124
a 1 3 5 7 9 11 14 16 18 20 21 23 26 28 31 32 36 37 40 43 46 49 52 55 58 61 64 68 69 72 75 78 81 84 87 90 93 96 97 100 103 106 109 112 115 118 121 124
a 1 3 5 7 9 11 14 16 18 20 21 23 26 28 29 32 36 37 40 43 46 49 52 55 58 61 64 68 69 72 75 78 81 84 87 90 93 96 97 100 103 106 109 112 115 118 121 124
a 2 3 5 7 9 11 14 16 18 20 21 23 26 28 29 32 36 37 40 43 46 49 52 55 58 61 64 68 69 72 75 78 81 84 87 90 93 96 97 100 103 106 109 112 115 118 121 124
a 2 3 5 7 9 11 14 16 18 20 21 23 25 28 29 32 36 37 40 43 46 49 52 55 58 61 64 68 69 72 75 78 81 84 87 90 93 96 97 100 103 106 109 112 115 118 121 124
a 2 4 5 7 9 11 14 16 18 20 21 23 25 28 29 32 36 37 40 43 46 49 52 55 58 61 64 68 69 72 75 78 81 84 87 90 93 96 97 100 103 106 109 112 115 118 121 124
a 2 4 5 7 9 11 14 16 18 20 21 23 25 28 29 32 36 37 42 43 46 49 52 55 58 61 64 68 69 72 75 78 81 84 87 90 93 96 97 100 103 106 109 112 115 118 121 124
a 2 4 5 7 9 11 14 16 18 20 21 23 25 28 29 32 36 39 42 43 46 49 52 55 58 61 64 68 69 72 75 78 81 84 87 90 93 96 97 100 103 106 109 112 115 118 121 124
a 2 4 5 7 9 11 14 16 18 20 21 23 25 28 29 32 36 39 42 43 48 49 52 55 58 61 64 68 69 72 75 78 81 84 87 90 93 96 97 100 103 106 109 112 115 118 121 124
a 2 4 5 7 9 11 14 16 18 20 21 23 25 28 29 32 36 39 42 45 48 49 52 55 58 61 64 68 69 72 75 78 81 84 87 90 93 96 97 100 103 106 109 112 115 118 121 124
a 2 4 5 7 10 11 14 16 18 20 21 23 25 28 29 32 36 39 42 45 48 49 52 55 58 61 64 68 69 72 75 78 81 84 87 90 93 96 97 100 103 106 109 112 115 118 121 124
a 2 4 5 7 10 11 14 16 18 20 21 23 25 28 29 32 35 39 42 45 48 49 52 55 58 61 64 68 69 72 75 78 81 84 87 90 93 96 97 100 103 106 109 112 115 118 121 124
a 2 4 5 7 10 11 14 16 18 20 21 23 25 28 29 32 35 39 42 45 48 49 52 55 58 61 64 67 69 72 75 78 81 84 87 90 93 96 97 100 103 106 109 112 115 118 121 124
a 2 4 5 7 10 12 14 16 18 20 21 23 25 28 29 32 35 39 42 45 48 49 52 55 58 61 64 67 69 72 75 78 81 84 87 90 93 96 97 100 103 106 109 112 115 118 121 124
a 2 4 5 7 10 12 14 16 18 20 21 23 25 28 29 32 35 39 41 45 48 49 52 55 58 61 64 67 69 72 75 78 81 84 87 90 93 96 97 100 103 106 109 112 115 118 121 124
a 2 3 5 7 10 12 14 16 18 20 21 23 25 28 29 32 35 39 41 45 48 49 52 55 58 61 64 67 69 72 75 78 81 84 87 90 93 96 97 100 103 106 109 112 115 118 121 124
a 2 3 5 7 10 12 14 16 18 20 21 23 25 28 29 32 35 38 41 45 48 49 52 55 58 61 64 67 69 72 75 78 81 84 87 90 93 96 97 100 103 106 109 112 115 118 121 124
a 2 3 5 7 10 12 14 16 18 20 21 23 26 28 29 32 35 38 41 45 48 49 52 55 58 61 64 67 69 72 75 78 81 84 87 90 93 96 97 100 103 106 109 112 115 118 121 124
a 1 3 5 7 10 12 14 16 18 20 21 23 26 28 29 32 35 38 41 45 48 49 52 55 58 61 64 67 69 72 75 78 81 84 87 90 93 96 97 100 103 106 109 112 115 118 121 124
a 1 3 5 7 10 12 14 16 18 20 21 23 26 28 29 32 35 38 41 45 47 49 52 55 58 61 64 67 69 72 75 78 81 84 87 90 93 96 97 100 103 106 109 112 115 118 121 124
a 1 3 5 7 10 12 14 16 18 20 21 23 26 28 29 32 35 38 41 44 47 49 52 55 58 61 64 67 69 72 75 78 81 84 87 90 93 96 97 100 103 106 109 112 115 118 121 124
a 1 3 5 7 10 12 14 16 18 20 21 23 26 28 29 34 35 38 41 44 47 49 52 55 58 61 64 67 69 72 75 78 81 84 87 90 93 96 97 100 103 106 109 112 115 118 121 124
a 1 3 5 7 10 12 14 16 18 20 21 23 26 28 31 34 35 38 41 44 47 49 52 55 58 61 64 67 69 72 75 78 81 84 87 90 93 96 97 100 103 106 109 112 115 118 121 124
a 1 3 6 7 10 12 14 16 18 20 21 23 26 28 31 34 35 38 41 44 47 49 52 55 58 61 64 67 69 72 75 78 81 84 87 90 93 96 97 100 103 106 109 112 115 118 121 124
a 1 3 6 7 10 12 14 16 18 20 21 23 26 27 31 34 35 38 41 44 47 49 52 55 58 61 64 67 69 72 75 78 81 84 87 90 93 96 97 100 103 106 109 112 115 118 121 124
a 1 3 6 8 10 12 14 16 18 20 21 23 26 27 31 34 35 38 41 44 47 49 52 55 58 61 64 67 69 72 75 78 81 84 87 90 93 96 97 100 103 106 109 112 115 118 121 124
a 1 3 6 8 10 12 14 16 18 20 21 23 26 27 31 33 35 38 41 44 47 49 52 55 58 61 64 67 69 72 75 78 81 84 87 90 93 96 97 100 103 106 109 112 115 118 121 124
a 1 3 6 8 10 12 14 16 18 20 21 23 26 27 30 33 35 38 41 44 47 49 52 55 58 61 64 67 69 72 75 78 81 84 87 90 93 96 97 100 103 106 109 112 115 118 121 124
a 2 3 6 8 10 12 14 16 18 20 21 23 26 27 30 33 35 38 41 44 47 49 52 55 58 61 64 67 69 72 75 78 81 84 87 90 93 96 97 100 103 106 109 112 115 118 121 124
a 2 3 6 8 10 12 14 16 18 20 21 23 25 27 30 33 35 38 41 44 47 49 52 55 58 61 64 67 69 72 75 78 81 84 87 90 93 96 97 100 103 106 109 112 115 118 121 124
a 2 4 6 8 10 12 14 16 18 20 21 23 25 27 30 33 35 38 41 44 47 49 52 55 58 61 64 67 69 72 75 78 81 84 87 90 93 96 97 100 103 106 109 112 115 118 121 124
Reconfiguration time = 1.931284
	Command being timed: "timeout 0.5h ../ddreconf/ddreconf ../instances_pw_col/SAT_exp_instance012.pw.col --st --stfile=../benchmark_instances/2023result/docs/solver/benchmark/exp_instance/SAT_exp_instance012_01.dat --tj --indset"
	User time (seconds): 2.13
	System time (seconds): 0.03
	Percent of CPU this job got: 99%
	Elapsed (wall clock) time (h:mm:ss or m:ss): 0:02.17
	Average shared text size (kbytes): 0
	Average unshared data size (kbytes): 0
	Average stack size (kbytes): 0
	Average total size (kbytes): 0
	Maximum resident set size (kbytes): 76624
	Average resident set size (kbytes): 0
	Major (requiring I/O) page faults: 0
	Minor (reclaiming a frame) page faults: 6600
	Voluntary context switches: 4
	Involuntary context switches: 5
	Swaps: 0
	File system inputs: 8
	File system outputs: 176
	Socket messages sent: 0
	Socket messages received: 0
	Signals delivered: 0
	Page size (bytes): 4096
	Exit status: 0
