Input graph file parsed. # of vertices = 108, # of edges = 366
s 4 8 12 18 22 28 32 38 42 48 52 58 62 68 72 78 82 88 92 98 102 108
t 2 6 14 16 24 26 34 36 44 46 54 56 64 66 74 76 84 86 94 96 104 106
Solution space ZDD construction start
Solution space ZDD construction end
Solution space ZDD construction time = 0.030155
Solution space ZDD size = 276
# of elements in the solution space = 361965481870785
Start searching a reconfiguration sequence from s to t
Step 1 time = 0.000323, # ZDD nodes = 76, # elems = 34
Step 2 time = 0.000523, # ZDD nodes = 130, # elems = 543
Step 3 time = 0.000308, # ZDD nodes = 179, # elems = 5428
Step 4 time = 0.000646, # ZDD nodes = 222, # elems = 38187
Step 5 time = 0.000352, # ZDD nodes = 267, # elems = 201538
Step 6 time = 0.000382, # ZDD nodes = 311, # elems = 830325
Step 7 time = 0.000555, # ZDD nodes = 350, # elems = 2742640
Step 8 time = 0.000380, # ZDD nodes = 379, # elems = 7399114
Step 9 time = 0.000384, # ZDD nodes = 402, # elems = 16520020
Step 10 time = 0.000281, # ZDD nodes = 423, # elems = 30820678
Step 11 time = 0.000346, # ZDD nodes = 442, # elems = 48417464
Step 12 time = 0.000301, # ZDD nodes = 467, # elems = 64550854
Step 13 time = 0.000460, # ZDD nodes = 496, # elems = 73927508
Step 14 time = 0.000488, # ZDD nodes = 520, # elems = 74559546
Step 15 time = 0.000471, # ZDD nodes = 535, # elems = 69753648
Step 16 time = 0.000406, # ZDD nodes = 546, # elems = 65980981
Step 17 time = 0.000379, # ZDD nodes = 554, # elems = 68210810
Step 18 time = 0.000391, # ZDD nodes = 560, # elems = 76643467
Step 19 time = 0.000404, # ZDD nodes = 563, # elems = 87048692
Step 20 time = 0.000370, # ZDD nodes = 561, # elems = 93579647
Step 21 time = 0.000354, # ZDD nodes = 554, # elems = 91839210
Step 22 time = 0.000411, # ZDD nodes = 548, # elems = 81131809
Step 23 time = 0.000488, # ZDD nodes = 546, # elems = 65468480
Step 24 time = 0.000587, # ZDD nodes = 561, # elems = 52514896
Step 25 time = 0.000530, # ZDD nodes = 573, # elems = 50287696
Step 26 time = 0.000548, # ZDD nodes = 577, # elems = 63109184
Step 27 time = 0.000670, # ZDD nodes = 579, # elems = 89027392
Step 28 time = 0.000434, # ZDD nodes = 581, # elems = 120050752
Step 29 time = 0.000457, # ZDD nodes = 580, # elems = 145292352
Step 30 time = 0.000475, # ZDD nodes = 584, # elems = 155906304
Step 31 time = 0.000461, # ZDD nodes = 597, # elems = 149561088
Step 32 time = 0.000519, # ZDD nodes = 606, # elems = 131819776
Step 33 time = 0.000500, # ZDD nodes = 609, # elems = 112936448
Step 34 time = 0.000528, # ZDD nodes = 618, # elems = 101510656
Step 35 time = 0.000597, # ZDD nodes = 623, # elems = 99553024
Step 36 time = 0.000493, # ZDD nodes = 610, # elems = 102920960
Step 37 time = 0.000585, # ZDD nodes = 609, # elems = 106354688
Step 38 time = 0.000582, # ZDD nodes = 610, # elems = 108833792
Step 39 time = 0.000718, # ZDD nodes = 619, # elems = 115352576
Step 40 time = 0.000709, # ZDD nodes = 632, # elems = 133264384
Step 41 time = 0.000775, # ZDD nodes = 655, # elems = 164954112
Step 42 time = 0.000651, # ZDD nodes = 678, # elems = 202999808
Step 43 time = 0.000737, # ZDD nodes = 699, # elems = 233234432
Step 44 time = 0.000674, # ZDD nodes = 707, # elems = 243842048
Step 45 time = 0.000830, # ZDD nodes = 710, # elems = 233119744
Step 46 time = 0.000792, # ZDD nodes = 713, # elems = 210288640
Step 47 time = 0.000792, # ZDD nodes = 700, # elems = 189222912
Step 48 time = 0.000690, # ZDD nodes = 700, # elems = 179818496
Step 49 time = 0.000629, # ZDD nodes = 690, # elems = 183447552
Step 50 time = 0.000747, # ZDD nodes = 668, # elems = 194998272
Step 51 time = 0.000483, # ZDD nodes = 644, # elems = 207478784
Step 52 time = 0.000447, # ZDD nodes = 622, # elems = 214695936
Step 53 time = 0.000526, # ZDD nodes = 616, # elems = 212676608
Step 54 time = 0.000512, # ZDD nodes = 624, # elems = 201555968
Step 55 time = 0.000571, # ZDD nodes = 638, # elems = 186978304
Step 56 time = 0.000679, # ZDD nodes = 668, # elems = 180912128
Step 57 time = 0.000854, # ZDD nodes = 704, # elems = 200392704
Step 58 time = 0.000861, # ZDD nodes = 738, # elems = 259702784
Step 59 time = 0.001053, # ZDD nodes = 770, # elems = 356941824
Step 60 time = 0.001020, # ZDD nodes = 797, # elems = 467976192
Step 61 time = 0.001314, # ZDD nodes = 816, # elems = 555843584
Step 62 time = 0.001113, # ZDD nodes = 811, # elems = 589643776
Step 63 time = 0.000869, # ZDD nodes = 800, # elems = 562003968
Step 64 time = 0.000758, # ZDD nodes = 797, # elems = 494469120
Step 65 time = 0.000845, # ZDD nodes = 778, # elems = 425721856
Step 66 time = 0.000803, # ZDD nodes = 737, # elems = 388612096
Step 67 time = 0.000688, # ZDD nodes = 691, # elems = 393428992
Step 68 time = 0.000805, # ZDD nodes = 652, # elems = 427819008
Step 69 time = 0.000714, # ZDD nodes = 632, # elems = 469172224
Step 70 time = 0.000665, # ZDD nodes = 628, # elems = 498073600
Step 71 time = 0.000703, # ZDD nodes = 660, # elems = 506986496
Step 72 time = 0.001027, # ZDD nodes = 690, # elems = 502661120
Step 73 time = 0.000815, # ZDD nodes = 720, # elems = 499515392
Step 74 time = 0.000963, # ZDD nodes = 734, # elems = 507838464
Step 75 time = 0.000893, # ZDD nodes = 740, # elems = 527499264
Step 76 time = 0.000964, # ZDD nodes = 754, # elems = 553058304
Step 77 time = 0.000789, # ZDD nodes = 771, # elems = 583008256
Step 78 time = 0.000881, # ZDD nodes = 796, # elems = 621084672
Step 79 time = 0.000949, # ZDD nodes = 810, # elems = 674037760
Step 80 time = 0.001015, # ZDD nodes = 818, # elems = 736034816
Step 81 time = 0.000836, # ZDD nodes = 820, # elems = 789643264
Step 82 time = 0.000843, # ZDD nodes = 824, # elems = 807337984
Step 83 time = 0.001121, # ZDD nodes = 802, # elems = 781189120
Step 84 time = 0.000700, # ZDD nodes = 770, # elems = 721158144
Step 85 time = 0.000680, # ZDD nodes = 734, # elems = 657981440
Step 86 time = 0.000823, # ZDD nodes = 704, # elems = 613416960
Step 87 time = 0.000654, # ZDD nodes = 680, # elems = 596639744
Step 88 time = 0.000626, # ZDD nodes = 662, # elems = 596639744
Step 89 time = 0.000608, # ZDD nodes = 648, # elems = 601358336
Step 90 time = 0.000591, # ZDD nodes = 642, # elems = 602931200
Step 91 time = 0.000772, # ZDD nodes = 650, # elems = 603193344
Step 92 time = 0.000660, # ZDD nodes = 654, # elems = 608174080
Step 93 time = 0.000869, # ZDD nodes = 650, # elems = 619446272
Step 94 time = 0.000691, # ZDD nodes = 638, # elems = 629407744
Step 95 time = 0.000677, # ZDD nodes = 625, # elems = 628097024
Step 96 time = 0.000677, # ZDD nodes = 620, # elems = 615776256
Step 97 time = 0.000856, # ZDD nodes = 620, # elems = 601358336
Step 98 time = 0.000699, # ZDD nodes = 626, # elems = 593231872
Step 99 time = 0.001005, # ZDD nodes = 614, # elems = 593494016
Step 100 time = 0.000813, # ZDD nodes = 590, # elems = 592445440
Step 101 time = 0.000767, # ZDD nodes = 570, # elems = 575668224
Step 102 time = 0.000759, # ZDD nodes = 570, # elems = 536870912
Step 103 time = 0.000550, # ZDD nodes = 540, # elems = 488636416
Step 104 time = 0.000693, # ZDD nodes = 510, # elems = 448790528
Step 105 time = 0.000680, # ZDD nodes = 486, # elems = 428867584
Step 106 time = 0.000473, # ZDD nodes = 464, # elems = 423624704
Step 107 time = 0.000539, # ZDD nodes = 454, # elems = 418381824
Step 108 time = 0.000517, # ZDD nodes = 454, # elems = 400556032
Step 109 time = 0.000421, # ZDD nodes = 460, # elems = 370147328
Step 110 time = 0.000603, # ZDD nodes = 474, # elems = 337641472
Step 111 time = 0.000584, # ZDD nodes = 480, # elems = 317718528
Step 112 time = 0.000446, # ZDD nodes = 486, # elems = 319815680
Step 113 time = 0.000610, # ZDD nodes = 498, # elems = 338690048
Step 114 time = 0.000434, # ZDD nodes = 498, # elems = 352321536
Step 115 time = 0.000417, # ZDD nodes = 480, # elems = 341835776
Step 116 time = 0.000374, # ZDD nodes = 447, # elems = 310378496
Step 117 time = 0.000319, # ZDD nodes = 406, # elems = 267386880
Step 118 time = 0.000427, # ZDD nodes = 360, # elems = 218103808
Step 119 time = 0.000189, # ZDD nodes = 318, # elems = 176160768
Step 120 time = 0.000220, # ZDD nodes = 278, # elems = 150994944
Step 121 time = 0.000120, # ZDD nodes = 244, # elems = 134217728
Step 122 time = 0.000164, # ZDD nodes = 218, # elems = 121634816
Step 123 time = 0.000093, # ZDD nodes = 204, # elems = 121634816
Step 124 time = 0.000092, # ZDD nodes = 208, # elems = 130023424
Step 125 time = 0.000088, # ZDD nodes = 210, # elems = 130023424
Step 126 time = 0.000085, # ZDD nodes = 202, # elems = 117440512
Step 127 time = 0.000079, # ZDD nodes = 182, # elems = 100663296
Step 128 time = 0.000075, # ZDD nodes = 160, # elems = 79691776
Step 129 time = 0.000064, # ZDD nodes = 138, # elems = 54525952
Step 130 time = 0.000063, # ZDD nodes = 122, # elems = 41943040
Step 131 time = 0.000063, # ZDD nodes = 126, # elems = 50331648
Step 132 time = 0.000066, # ZDD nodes = 136, # elems = 62914560
t found
a YES
a 4 8 12 18 22 28 32 38 42 48 52 58 62 68 72 78 82 88 92 98 102 108
a 1 8 12 18 22 28 32 38 42 48 52 58 62 68 72 78 82 88 92 98 102 108
a 1 5 12 18 22 28 32 38 42 48 52 58 62 68 72 78 82 88 92 98 102 108
a 1 5 9 18 22 28 32 38 42 48 52 58 62 68 72 78 82 88 92 98 102 108
a 1 5 9 15 22 28 32 38 42 48 52 58 62 68 72 78 82 88 92 98 102 108
a 1 5 13 15 22 28 32 38 42 48 52 58 62 68 72 78 82 88 92 98 102 108
a 1 7 13 15 22 28 32 38 42 48 52 58 62 68 72 78 82 88 92 98 102 108
a 3 7 13 15 22 28 32 38 42 48 52 58 62 68 72 78 82 88 92 98 102 108
a 3 7 13 15 19 28 32 38 42 48 52 58 62 68 72 78 82 88 92 98 102 108
a 3 7 13 15 19 25 32 38 42 48 52 58 62 68 72 78 82 88 92 98 102 108
a 3 7 13 15 19 25 29 38 42 48 52 58 62 68 72 78 82 88 92 98 102 108
a 3 7 13 15 19 25 29 35 42 48 52 58 62 68 72 78 82 88 92 98 102 108
a 3 7 13 15 19 25 33 35 42 48 52 58 62 68 72 78 82 88 92 98 102 108
a 3 7 13 15 19 27 33 35 42 48 52 58 62 68 72 78 82 88 92 98 102 108
a 3 7 13 15 21 27 33 35 42 48 52 58 62 68 72 78 82 88 92 98 102 108
a 1 7 13 15 21 27 33 35 42 48 52 58 62 68 72 78 82 88 92 98 102 108
a 1 5 13 15 21 27 33 35 42 48 52 58 62 68 72 78 82 88 92 98 102 108
a 1 5 9 15 21 27 33 35 42 48 52 58 62 68 72 78 82 88 92 98 102 108
a 1 5 9 17 21 27 33 35 42 48 52 58 62 68 72 78 82 88 92 98 102 108
a 1 5 9 17 21 27 33 35 39 48 52 58 62 68 72 78 82 88 92 98 102 108
a 1 5 9 17 21 27 33 35 39 45 52 58 62 68 72 78 82 88 92 98 102 108
a 1 5 9 17 21 27 33 35 39 45 49 58 62 68 72 78 82 88 92 98 102 108
a 1 5 9 17 21 27 33 35 39 45 49 55 62 68 72 78 82 88 92 98 102 108
a 1 5 9 17 21 27 33 35 39 45 53 55 62 68 72 78 82 88 92 98 102 108
a 1 5 9 17 21 27 33 35 39 47 53 55 62 68 72 78 82 88 92 98 102 108
a 1 5 9 17 21 27 33 35 41 47 53 55 62 68 72 78 82 88 92 98 102 108
a 1 5 9 15 21 27 33 35 41 47 53 55 62 68 72 78 82 88 92 98 102 108
a 1 5 13 15 21 27 33 35 41 47 53 55 62 68 72 78 82 88 92 98 102 108
a 1 7 13 15 21 27 33 35 41 47 53 55 62 68 72 78 82 88 92 98 102 108
a 3 7 13 15 21 27 33 35 41 47 53 55 62 68 72 78 82 88 92 98 102 108
a 3 7 13 15 19 27 33 35 41 47 53 55 62 68 72 78 82 88 92 98 102 108
a 3 7 13 15 19 25 33 35 41 47 53 55 62 68 72 78 82 88 92 98 102 108
a 3 7 13 15 19 25 29 35 41 47 53 55 62 68 72 78 82 88 92 98 102 108
a 3 7 13 15 19 25 29 37 41 47 53 55 62 68 72 78 82 88 92 98 102 108
a 3 7 13 15 19 25 29 37 41 47 53 55 59 68 72 78 82 88 92 98 102 108
a 3 7 13 15 19 25 29 37 41 47 53 55 59 65 72 78 82 88 92 98 102 108
a 3 7 13 15 19 25 29 37 41 47 53 55 59 65 69 78 82 88 92 98 102 108
a 3 7 13 15 19 25 29 37 41 47 53 55 59 65 69 75 82 88 92 98 102 108
a 3 7 13 15 19 25 29 37 41 47 53 55 59 65 73 75 82 88 92 98 102 108
a 3 7 13 15 19 25 29 37 41 47 53 55 59 67 73 75 82 88 92 98 102 108
a 3 7 13 15 19 25 29 37 41 47 53 55 61 67 73 75 82 88 92 98 102 108
a 3 7 13 15 19 25 29 35 41 47 53 55 61 67 73 75 82 88 92 98 102 108
a 3 7 13 15 19 25 33 35 41 47 53 55 61 67 73 75 82 88 92 98 102 108
a 3 7 13 15 19 27 33 35 41 47 53 55 61 67 73 75 82 88 92 98 102 108
a 3 7 13 15 21 27 33 35 41 47 53 55 61 67 73 75 82 88 92 98 102 108
a 1 7 13 15 21 27 33 35 41 47 53 55 61 67 73 75 82 88 92 98 102 108
a 1 5 13 15 21 27 33 35 41 47 53 55 61 67 73 75 82 88 92 98 102 108
a 1 5 9 15 21 27 33 35 41 47 53 55 61 67 73 75 82 88 92 98 102 108
a 1 5 9 17 21 27 33 35 41 47 53 55 61 67 73 75 82 88 92 98 102 108
a 1 5 9 17 21 27 33 35 39 47 53 55 61 67 73 75 82 88 92 98 102 108
a 1 5 9 17 21 27 33 35 39 45 53 55 61 67 73 75 82 88 92 98 102 108
a 1 5 9 17 21 27 33 35 39 45 49 55 61 67 73 75 82 88 92 98 102 108
a 1 5 9 17 21 27 33 35 39 45 49 57 61 67 73 75 82 88 92 98 102 108
a 1 5 9 17 21 27 33 35 39 45 49 57 61 67 73 75 79 88 92 98 102 108
a 1 5 9 17 21 27 33 35 39 45 49 57 61 67 73 75 79 85 92 98 102 108
a 1 5 9 17 21 27 33 35 39 45 49 57 61 67 73 75 79 85 89 98 102 108
a 1 5 9 17 21 27 33 35 39 45 49 57 61 67 73 75 79 85 89 96 102 108
a 1 5 9 17 21 27 33 35 39 45 49 57 61 67 73 75 79 85 94 96 102 108
a 1 5 9 17 21 27 33 35 39 45 49 57 61 67 73 75 79 87 94 96 102 108
a 1 5 9 17 21 27 33 35 39 45 49 57 61 67 73 75 81 87 94 96 102 108
a 1 5 9 17 21 27 33 35 39 45 49 55 61 67 73 75 81 87 94 96 102 108
a 1 5 9 17 21 27 33 35 39 45 53 55 61 67 73 75 81 87 94 96 102 108
a 1 5 9 17 21 27 33 35 39 47 53 55 61 67 73 75 81 87 94 96 102 108
a 1 5 9 17 21 27 33 35 41 47 53 55 61 67 73 75 81 87 94 96 102 108
a 1 5 9 15 21 27 33 35 41 47 53 55 61 67 73 75 81 87 94 96 102 108
a 1 5 13 15 21 27 33 35 41 47 53 55 61 67 73 75 81 87 94 96 102 108
a 1 7 13 15 21 27 33 35 41 47 53 55 61 67 73 75 81 87 94 96 102 108
a 3 7 13 15 21 27 33 35 41 47 53 55 61 67 73 75 81 87 94 96 102 108
a 3 7 13 15 19 27 33 35 41 47 53 55 61 67 73 75 81 87 94 96 102 108
a 3 7 13 15 19 25 33 35 41 47 53 55 61 67 73 75 81 87 94 96 102 108
a 3 7 13 15 19 25 29 35 41 47 53 55 61 67 73 75 81 87 94 96 102 108
a 3 7 13 15 19 25 29 37 41 47 53 55 61 67 73 75 81 87 94 96 102 108
a 3 7 13 15 19 25 29 37 41 47 53 55 59 67 73 75 81 87 94 96 102 108
a 3 7 13 15 19 25 29 37 41 47 53 55 59 65 73 75 81 87 94 96 102 108
a 3 7 13 15 19 25 29 37 41 47 53 55 59 65 69 75 81 87 94 96 102 108
a 3 7 13 15 19 25 29 37 41 47 53 55 59 65 69 77 81 87 94 96 102 108
a 3 7 13 15 19 25 29 37 41 47 53 55 59 65 69 77 81 87 94 96 99 108
a 3 7 13 15 19 25 29 37 41 47 53 55 59 65 69 77 81 87 94 96 99 106
a 3 7 13 15 19 25 29 37 41 47 53 55 59 65 69 77 81 87 94 96 104 106
a 3 7 13 15 19 25 29 37 41 47 53 55 59 65 69 76 81 87 94 96 104 106
a 3 7 13 15 19 25 29 37 41 47 53 55 59 65 74 76 81 87 94 96 104 106
a 3 7 13 15 19 25 29 37 41 47 53 55 59 67 74 76 81 87 94 96 104 106
a 3 7 13 15 19 25 29 37 41 47 53 55 61 67 74 76 81 87 94 96 104 106
a 3 7 13 15 19 25 29 35 41 47 53 55 61 67 74 76 81 87 94 96 104 106
a 3 7 13 15 19 25 33 35 41 47 53 55 61 67 74 76 81 87 94 96 104 106
a 3 7 13 15 19 27 33 35 41 47 53 55 61 67 74 76 81 87 94 96 104 106
a 3 7 13 15 21 27 33 35 41 47 53 55 61 67 74 76 81 87 94 96 104 106
a 1 7 13 15 21 27 33 35 41 47 53 55 61 67 74 76 81 87 94 96 104 106
a 1 5 13 15 21 27 33 35 41 47 53 55 61 67 74 76 81 87 94 96 104 106
a 1 5 9 15 21 27 33 35 41 47 53 55 61 67 74 76 81 87 94 96 104 106
a 1 5 9 17 21 27 33 35 41 47 53 55 61 67 74 76 81 87 94 96 104 106
a 1 5 9 17 21 27 33 35 39 47 53 55 61 67 74 76 81 87 94 96 104 106
a 1 5 9 17 21 27 33 35 39 45 53 55 61 67 74 76 81 87 94 96 104 106
a 1 5 9 17 21 27 33 35 39 45 49 55 61 67 74 76 81 87 94 96 104 106
a 1 5 9 17 21 27 33 35 39 45 49 57 61 67 74 76 81 87 94 96 104 106
a 1 5 9 17 21 27 33 35 39 45 49 57 61 67 74 76 79 87 94 96 104 106
a 1 5 9 17 21 27 33 35 39 45 49 57 61 67 74 76 79 86 94 96 104 106
a 1 5 9 17 21 27 33 35 39 45 49 57 61 67 74 76 84 86 94 96 104 106
a 1 5 9 17 21 27 33 35 39 45 49 56 61 67 74 76 84 86 94 96 104 106
a 1 5 9 17 21 27 33 35 39 45 54 56 61 67 74 76 84 86 94 96 104 106
a 1 5 9 17 21 27 33 35 39 47 54 56 61 67 74 76 84 86 94 96 104 106
a 1 5 9 17 21 27 33 35 41 47 54 56 61 67 74 76 84 86 94 96 104 106
a 1 5 9 15 21 27 33 35 41 47 54 56 61 67 74 76 84 86 94 96 104 106
a 1 5 13 15 21 27 33 35 41 47 54 56 61 67 74 76 84 86 94 96 104 106
a 1 7 13 15 21 27 33 35 41 47 54 56 61 67 74 76 84 86 94 96 104 106
a 3 7 13 15 21 27 33 35 41 47 54 56 61 67 74 76 84 86 94 96 104 106
a 3 7 13 15 19 27 33 35 41 47 54 56 61 67 74 76 84 86 94 96 104 106
a 3 7 13 15 19 25 33 35 41 47 54 56 61 67 74 76 84 86 94 96 104 106
a 3 7 13 15 19 25 29 35 41 47 54 56 61 67 74 76 84 86 94 96 104 106
a 3 7 13 15 19 25 29 37 41 47 54 56 61 67 74 76 84 86 94 96 104 106
a 3 7 13 15 19 25 29 37 41 47 54 56 59 67 74 76 84 86 94 96 104 106
a 3 7 13 15 19 25 29 37 41 47 54 56 59 66 74 76 84 86 94 96 104 106
a 3 7 13 15 19 25 29 37 41 47 54 56 64 66 74 76 84 86 94 96 104 106
a 3 7 13 15 19 25 29 36 41 47 54 56 64 66 74 76 84 86 94 96 104 106
a 3 7 13 15 19 25 34 36 41 47 54 56 64 66 74 76 84 86 94 96 104 106
a 3 7 13 15 19 27 34 36 41 47 54 56 64 66 74 76 84 86 94 96 104 106
a 3 7 13 15 21 27 34 36 41 47 54 56 64 66 74 76 84 86 94 96 104 106
a 1 7 13 15 21 27 34 36 41 47 54 56 64 66 74 76 84 86 94 96 104 106
a 1 5 13 15 21 27 34 36 41 47 54 56 64 66 74 76 84 86 94 96 104 106
a 1 5 9 15 21 27 34 36 41 47 54 56 64 66 74 76 84 86 94 96 104 106
a 1 5 9 17 21 27 34 36 41 47 54 56 64 66 74 76 84 86 94 96 104 106
a 1 5 9 17 21 27 34 36 39 47 54 56 64 66 74 76 84 86 94 96 104 106
a 1 5 9 17 21 27 34 36 39 46 54 56 64 66 74 76 84 86 94 96 104 106
a 1 5 9 17 21 27 34 36 44 46 54 56 64 66 74 76 84 86 94 96 104 106
a 1 5 9 16 21 27 34 36 44 46 54 56 64 66 74 76 84 86 94 96 104 106
a 1 5 14 16 21 27 34 36 44 46 54 56 64 66 74 76 84 86 94 96 104 106
a 1 7 14 16 21 27 34 36 44 46 54 56 64 66 74 76 84 86 94 96 104 106
a 3 7 14 16 21 27 34 36 44 46 54 56 64 66 74 76 84 86 94 96 104 106
a 3 7 14 16 19 27 34 36 44 46 54 56 64 66 74 76 84 86 94 96 104 106
a 3 7 14 16 19 26 34 36 44 46 54 56 64 66 74 76 84 86 94 96 104 106
a 3 7 14 16 24 26 34 36 44 46 54 56 64 66 74 76 84 86 94 96 104 106
a 2 7 14 16 24 26 34 36 44 46 54 56 64 66 74 76 84 86 94 96 104 106
a 2 6 14 16 24 26 34 36 44 46 54 56 64 66 74 76 84 86 94 96 104 106
Reconfiguration time = 0.205582
	Command being timed: "timeout 0.5h ../ddreconf/ddreconf ../instances_pw_col/suzuki_instance_2_5_2_2.pw.col --st --stfile=../benchmark_instances/2023result/docs/solver/benchmark/hand_made_wide/square_wide/suzuki_instance_2_5_2_2_01.dat --tj --indset"
	User time (seconds): 0.23
	System time (seconds): 0.01
	Percent of CPU this job got: 99%
	Elapsed (wall clock) time (h:mm:ss or m:ss): 0:00.25
	Average shared text size (kbytes): 0
	Average unshared data size (kbytes): 0
	Average stack size (kbytes): 0
	Average total size (kbytes): 0
	Maximum resident set size (kbytes): 36084
	Average resident set size (kbytes): 0
	Major (requiring I/O) page faults: 0
	Minor (reclaiming a frame) page faults: 3501
	Voluntary context switches: 4
	Involuntary context switches: 4
	Swaps: 0
	File system inputs: 8
	File system outputs: 40
	Socket messages sent: 0
	Socket messages received: 0
	Signals delivered: 0
	Page size (bytes): 4096
	Exit status: 0
