Input graph file parsed. # of vertices = 168, # of edges = 576
s 4 8 12 18 22 28 32 38 42 48 52 58 62 68 72 78 82 88 92 98 102 108 112 118 122 128 132 138 142 148 152 158 162 168
t 2 6 14 16 24 26 34 36 44 46 54 56 64 66 74 76 84 86 94 96 104 106 114 116 124 126 134 136 144 146 154 156 164 166
Solution space ZDD construction start
Solution space ZDD construction end
Solution space ZDD construction time = 0.070409
Solution space ZDD size = 444
# of elements in the solution space = 32625497816604949157861
Start searching a reconfiguration sequence from s to t
Step 1 time = 0.000488, # ZDD nodes = 118, # elems = 52
Step 2 time = 0.000536, # ZDD nodes = 202, # elems = 1299
Step 3 time = 0.000442, # ZDD nodes = 281, # elems = 20776
Step 4 time = 0.000565, # ZDD nodes = 354, # elems = 239232
Step 5 time = 0.000498, # ZDD nodes = 429, # elems = 2114488
Step 6 time = 0.000887, # ZDD nodes = 503, # elems = 14935680
Step 7 time = 0.000613, # ZDD nodes = 572, # elems = 86668552
Step 8 time = 0.000584, # ZDD nodes = 631, # elems = 421484788
Step 9 time = 0.000714, # ZDD nodes = 684, # elems = 1743791384
Step 10 time = 0.000461, # ZDD nodes = 735, # elems = 6208912844
Step 11 time = 0.000544, # ZDD nodes = 784, # elems = 19199142632
Step 12 time = 0.000502, # ZDD nodes = 839, # elems = 51930741920
Step 13 time = 0.000719, # ZDD nodes = 898, # elems = 123584806568
Step 14 time = 0.000683, # ZDD nodes = 952, # elems = 259999032016
Step 15 time = 0.000687, # ZDD nodes = 997, # elems = 485520453480
Step 16 time = 0.000636, # ZDD nodes = 1038, # elems = 807801298046
Step 17 time = 0.000612, # ZDD nodes = 1076, # elems = 1202306112768
Step 18 time = 0.000635, # ZDD nodes = 1112, # elems = 1609244649098
Step 19 time = 0.000657, # ZDD nodes = 1146, # elems = 1952685057048
Step 20 time = 0.000703, # ZDD nodes = 1178, # elems = 2177043364624
Step 21 time = 0.000693, # ZDD nodes = 1209, # elems = 2279300844088
Step 22 time = 0.000672, # ZDD nodes = 1246, # elems = 2312307677664
Step 23 time = 0.000764, # ZDD nodes = 1278, # elems = 2352303220184
Step 24 time = 0.000927, # ZDD nodes = 1310, # elems = 2449955691748
Step 25 time = 0.000814, # ZDD nodes = 1339, # elems = 2597064680744
Step 26 time = 0.000978, # ZDD nodes = 1364, # elems = 2730420740284
Step 27 time = 0.000812, # ZDD nodes = 1383, # elems = 2770222680824
Step 28 time = 0.000901, # ZDD nodes = 1400, # elems = 2671028145216
Step 29 time = 0.000838, # ZDD nodes = 1415, # elems = 2458174010936
Step 30 time = 0.000731, # ZDD nodes = 1428, # elems = 2230312930704
Step 31 time = 0.000764, # ZDD nodes = 1436, # elems = 2123794119544
Step 32 time = 0.000793, # ZDD nodes = 1437, # elems = 2252195513577
Step 33 time = 0.000866, # ZDD nodes = 1427, # elems = 2648081637324
Step 34 time = 0.000892, # ZDD nodes = 1420, # elems = 3236477023835
Step 35 time = 0.000959, # ZDD nodes = 1418, # elems = 3857029557984
Step 36 time = 0.000902, # ZDD nodes = 1433, # elems = 4328712497424
Step 37 time = 0.000980, # ZDD nodes = 1456, # elems = 4527941937456
Step 38 time = 0.000882, # ZDD nodes = 1473, # elems = 4440713490368
Step 39 time = 0.001123, # ZDD nodes = 1496, # elems = 4160330997056
Step 40 time = 0.001009, # ZDD nodes = 1518, # elems = 3832330345024
Step 41 time = 0.001075, # ZDD nodes = 1541, # elems = 3580873228480
Step 42 time = 0.001195, # ZDD nodes = 1569, # elems = 3462997910272
Step 43 time = 0.001159, # ZDD nodes = 1604, # elems = 3476697897984
Step 44 time = 0.001048, # ZDD nodes = 1637, # elems = 3608422983168
Step 45 time = 0.001092, # ZDD nodes = 1659, # elems = 3875351116800
Step 46 time = 0.001267, # ZDD nodes = 1670, # elems = 4322014875648
Step 47 time = 0.001184, # ZDD nodes = 1677, # elems = 4968602594048
Step 48 time = 0.001106, # ZDD nodes = 1679, # elems = 5751962960128
Step 49 time = 0.001065, # ZDD nodes = 1679, # elems = 6514262677504
Step 50 time = 0.001046, # ZDD nodes = 1679, # elems = 7062715671552
Step 51 time = 0.000936, # ZDD nodes = 1679, # elems = 7268574548992
Step 52 time = 0.000898, # ZDD nodes = 1680, # elems = 7139430834176
Step 53 time = 0.000926, # ZDD nodes = 1693, # elems = 6814959413248
Step 54 time = 0.001110, # ZDD nodes = 1708, # elems = 6489672419328
Step 55 time = 0.001056, # ZDD nodes = 1727, # elems = 6314024781824
Step 56 time = 0.000995, # ZDD nodes = 1751, # elems = 6332221236224
Step 57 time = 0.001159, # ZDD nodes = 1788, # elems = 6482743541760
Step 58 time = 0.001435, # ZDD nodes = 1836, # elems = 6648038535168
Step 59 time = 0.001612, # ZDD nodes = 1862, # elems = 6722385600512
Step 60 time = 0.001538, # ZDD nodes = 1885, # elems = 6672659910656
Step 61 time = 0.001576, # ZDD nodes = 1902, # elems = 6575851143168
Step 62 time = 0.001682, # ZDD nodes = 1915, # elems = 6616964804608
Step 63 time = 0.001464, # ZDD nodes = 1926, # elems = 7030075641856
Step 64 time = 0.001281, # ZDD nodes = 1949, # elems = 7983578644480
Step 65 time = 0.001444, # ZDD nodes = 1964, # elems = 9452899454976
Step 66 time = 0.001315, # ZDD nodes = 1981, # elems = 11160980365312
Step 67 time = 0.001183, # ZDD nodes = 1994, # elems = 12652700954624
Step 68 time = 0.001392, # ZDD nodes = 2005, # elems = 13491896893440
Step 69 time = 0.001376, # ZDD nodes = 2020, # elems = 13478888620032
Step 70 time = 0.001316, # ZDD nodes = 2035, # elems = 12756613808128
Step 71 time = 0.001279, # ZDD nodes = 2067, # elems = 11735566860288
Step 72 time = 0.001686, # ZDD nodes = 2099, # elems = 10881525366784
Step 73 time = 0.001328, # ZDD nodes = 2127, # elems = 10494606835712
Step 74 time = 0.001595, # ZDD nodes = 2133, # elems = 10603831492608
Step 75 time = 0.001502, # ZDD nodes = 2129, # elems = 11017326870528
Step 76 time = 0.001343, # ZDD nodes = 2125, # elems = 11472565731328
Step 77 time = 0.001457, # ZDD nodes = 2110, # elems = 11787276746752
Step 78 time = 0.001418, # ZDD nodes = 2087, # elems = 11932062105600
Step 79 time = 0.001499, # ZDD nodes = 2071, # elems = 12002803433472
Step 80 time = 0.001521, # ZDD nodes = 2070, # elems = 12130429960192
Step 81 time = 0.001597, # ZDD nodes = 2084, # elems = 12398217396224
Step 82 time = 0.001574, # ZDD nodes = 2122, # elems = 12823729209344
Step 83 time = 0.001878, # ZDD nodes = 2168, # elems = 13410493136896
Step 84 time = 0.001510, # ZDD nodes = 2210, # elems = 14216807972864
Step 85 time = 0.001570, # ZDD nodes = 2250, # elems = 15366090719232
Step 86 time = 0.001843, # ZDD nodes = 2275, # elems = 16960289177600
Step 87 time = 0.001607, # ZDD nodes = 2296, # elems = 18941438459904
Step 88 time = 0.001785, # ZDD nodes = 2319, # elems = 21012195573760
Step 89 time = 0.002114, # ZDD nodes = 2348, # elems = 22705265639424
Step 90 time = 0.001750, # ZDD nodes = 2384, # elems = 23588219125760
Step 91 time = 0.001583, # ZDD nodes = 2430, # elems = 23486911414272
Step 92 time = 0.001658, # ZDD nodes = 2470, # elems = 22588057649152
Step 93 time = 0.002269, # ZDD nodes = 2482, # elems = 21354598432768
Step 94 time = 0.001849, # ZDD nodes = 2478, # elems = 20306324946944
Step 95 time = 0.002165, # ZDD nodes = 2471, # elems = 19798571614208
Step 96 time = 0.002022, # ZDD nodes = 2460, # elems = 19914077241344
Step 97 time = 0.001937, # ZDD nodes = 2431, # elems = 20493666353152
Step 98 time = 0.001855, # ZDD nodes = 2420, # elems = 21255000424448
Step 99 time = 0.001952, # ZDD nodes = 2415, # elems = 21930014670848
Step 100 time = 0.001844, # ZDD nodes = 2398, # elems = 22368632963072
Step 101 time = 0.001695, # ZDD nodes = 2379, # elems = 22580897251328
Step 102 time = 0.001714, # ZDD nodes = 2373, # elems = 22713658245120
Step 103 time = 0.001958, # ZDD nodes = 2375, # elems = 22973252894720
Step 104 time = 0.001735, # ZDD nodes = 2385, # elems = 23514487980032
Step 105 time = 0.001973, # ZDD nodes = 2401, # elems = 24337914265600
Step 106 time = 0.002203, # ZDD nodes = 2421, # elems = 25263034335232
Step 107 time = 0.002590, # ZDD nodes = 2445, # elems = 26027934875648
Step 108 time = 0.002360, # ZDD nodes = 2473, # elems = 26488807882752
Step 109 time = 0.002752, # ZDD nodes = 2504, # elems = 26804752482304
Step 110 time = 0.002242, # ZDD nodes = 2549, # elems = 27461246255104
Step 111 time = 0.002064, # ZDD nodes = 2605, # elems = 29050139574272
Step 112 time = 0.002279, # ZDD nodes = 2674, # elems = 31880585936896
Step 113 time = 0.002669, # ZDD nodes = 2746, # elems = 35658080976896
Step 114 time = 0.002557, # ZDD nodes = 2812, # elems = 39487899959296
Step 115 time = 0.002237, # ZDD nodes = 2862, # elems = 42268490727424
Step 116 time = 0.002300, # ZDD nodes = 2881, # elems = 43267975544832
Step 117 time = 0.002344, # ZDD nodes = 2890, # elems = 42533247778816
Step 118 time = 0.002653, # ZDD nodes = 2892, # elems = 40867798712320
Step 119 time = 0.002375, # ZDD nodes = 2886, # elems = 39377717690368
Step 120 time = 0.002317, # ZDD nodes = 2856, # elems = 38866040913920
Step 121 time = 0.002553, # ZDD nodes = 2836, # elems = 39454120083456
Step 122 time = 0.001893, # ZDD nodes = 2822, # elems = 40634920468480
Step 123 time = 0.002452, # ZDD nodes = 2804, # elems = 41663371149312
Step 124 time = 0.002500, # ZDD nodes = 2784, # elems = 42007503306752
Step 125 time = 0.002328, # ZDD nodes = 2760, # elems = 41610024845312
Step 126 time = 0.002136, # ZDD nodes = 2742, # elems = 40861459021824
Step 127 time = 0.002284, # ZDD nodes = 2728, # elems = 40356435460096
Step 128 time = 0.002170, # ZDD nodes = 2718, # elems = 40601852575744
Step 129 time = 0.002040, # ZDD nodes = 2720, # elems = 41812520599552
Step 130 time = 0.002243, # ZDD nodes = 2726, # elems = 43834297810944
Step 131 time = 0.002278, # ZDD nodes = 2734, # elems = 46198283042816
Step 132 time = 0.002660, # ZDD nodes = 2732, # elems = 48312858181632
Step 133 time = 0.002785, # ZDD nodes = 2744, # elems = 49737331900416
Step 134 time = 0.002979, # ZDD nodes = 2780, # elems = 50388203995136
Step 135 time = 0.002438, # ZDD nodes = 2828, # elems = 50545238736896
Step 136 time = 0.002563, # ZDD nodes = 2874, # elems = 50659030204416
Step 137 time = 0.002639, # ZDD nodes = 2938, # elems = 51099134328832
Step 138 time = 0.002758, # ZDD nodes = 2999, # elems = 52034078244864
Step 139 time = 0.003018, # ZDD nodes = 3060, # elems = 53553439703040
Step 140 time = 0.003456, # ZDD nodes = 3111, # elems = 55921258528768
Step 141 time = 0.003179, # ZDD nodes = 3156, # elems = 59665643732992
Step 142 time = 0.003335, # ZDD nodes = 3193, # elems = 65295611854848
Step 143 time = 0.003465, # ZDD nodes = 3198, # elems = 72773711953920
Step 144 time = 0.003278, # ZDD nodes = 3207, # elems = 81141704949760
Step 145 time = 0.003752, # ZDD nodes = 3226, # elems = 88661341241344
Step 146 time = 0.003795, # ZDD nodes = 3230, # elems = 93519544844288
Step 147 time = 0.003629, # ZDD nodes = 3218, # elems = 94746991132672
Step 148 time = 0.003447, # ZDD nodes = 3218, # elems = 92776431616000
Step 149 time = 0.003362, # ZDD nodes = 3206, # elems = 89243124760576
Step 150 time = 0.003007, # ZDD nodes = 3190, # elems = 86149443878912
Step 151 time = 0.003487, # ZDD nodes = 3172, # elems = 84934488227840
Step 152 time = 0.002727, # ZDD nodes = 3148, # elems = 85968031842304
Step 153 time = 0.003081, # ZDD nodes = 3134, # elems = 88631800758272
Step 154 time = 0.003080, # ZDD nodes = 3120, # elems = 91819169808384
Step 155 time = 0.003037, # ZDD nodes = 3106, # elems = 94533941460992
Step 156 time = 0.002725, # ZDD nodes = 3094, # elems = 96296622882816
Step 157 time = 0.003069, # ZDD nodes = 3090, # elems = 97242706870272
Step 158 time = 0.003142, # ZDD nodes = 3096, # elems = 97978773667840
Step 159 time = 0.003590, # ZDD nodes = 3118, # elems = 99295432802304
Step 160 time = 0.002907, # ZDD nodes = 3152, # elems = 101796395614208
Step 161 time = 0.003711, # ZDD nodes = 3188, # elems = 105574507216896
Step 162 time = 0.003021, # ZDD nodes = 3222, # elems = 110137003999232
Step 163 time = 0.003764, # ZDD nodes = 3255, # elems = 114655057936384
Step 164 time = 0.003081, # ZDD nodes = 3296, # elems = 118394598719488
Step 165 time = 0.003983, # ZDD nodes = 3338, # elems = 121103800336384
Step 166 time = 0.003577, # ZDD nodes = 3374, # elems = 123158556311552
Step 167 time = 0.003625, # ZDD nodes = 3392, # elems = 125329695834112
Step 168 time = 0.003784, # ZDD nodes = 3410, # elems = 128243076169728
Step 169 time = 0.003351, # ZDD nodes = 3434, # elems = 131895190880256
Step 170 time = 0.003384, # ZDD nodes = 3450, # elems = 135630470250496
Step 171 time = 0.003251, # ZDD nodes = 3464, # elems = 138659646930944
Step 172 time = 0.003339, # ZDD nodes = 3462, # elems = 140806023282688
Step 173 time = 0.004226, # ZDD nodes = 3456, # elems = 142921076572160
Step 174 time = 0.003843, # ZDD nodes = 3454, # elems = 146547975127040
Step 175 time = 0.003869, # ZDD nodes = 3462, # elems = 152822653911040
Step 176 time = 0.003675, # ZDD nodes = 3474, # elems = 161378295873536
Step 177 time = 0.003595, # ZDD nodes = 3490, # elems = 170097482137600
Step 178 time = 0.003376, # ZDD nodes = 3506, # elems = 176156003270656
Step 179 time = 0.004176, # ZDD nodes = 3516, # elems = 177621325316096
Step 180 time = 0.003583, # ZDD nodes = 3504, # elems = 174664374550528
Step 181 time = 0.003456, # ZDD nodes = 3488, # elems = 169472698613760
Step 182 time = 0.003543, # ZDD nodes = 3470, # elems = 165072034856960
Step 183 time = 0.003505, # ZDD nodes = 3450, # elems = 163694692532224
Step 184 time = 0.004456, # ZDD nodes = 3436, # elems = 165822781718528
Step 185 time = 0.004435, # ZDD nodes = 3424, # elems = 170256395927552
Step 186 time = 0.003714, # ZDD nodes = 3410, # elems = 175028037484544
Step 187 time = 0.003882, # ZDD nodes = 3410, # elems = 178424484200448
Step 188 time = 0.003789, # ZDD nodes = 3410, # elems = 179689486286848
Step 189 time = 0.003439, # ZDD nodes = 3403, # elems = 179204423417856
Step 190 time = 0.003458, # ZDD nodes = 3394, # elems = 178211279339520
Step 191 time = 0.003725, # ZDD nodes = 3397, # elems = 178198394437632
Step 192 time = 0.003363, # ZDD nodes = 3388, # elems = 180172066127872
Step 193 time = 0.004151, # ZDD nodes = 3379, # elems = 184104175796224
Step 194 time = 0.003585, # ZDD nodes = 3360, # elems = 188851054182400
Step 195 time = 0.003982, # ZDD nodes = 3343, # elems = 192695721000960
Step 196 time = 0.003535, # ZDD nodes = 3339, # elems = 194324520239104
Step 197 time = 0.004064, # ZDD nodes = 3336, # elems = 193660343812096
Step 198 time = 0.003086, # ZDD nodes = 3344, # elems = 191943967506432
Step 199 time = 0.003093, # ZDD nodes = 3356, # elems = 190955856592896
Step 200 time = 0.003179, # ZDD nodes = 3366, # elems = 191906923413504
Step 201 time = 0.003125, # ZDD nodes = 3376, # elems = 194710463315968
Step 202 time = 0.003125, # ZDD nodes = 3396, # elems = 198041747324928
Step 203 time = 0.003209, # ZDD nodes = 3422, # elems = 200146549735424
Step 204 time = 0.003119, # ZDD nodes = 3444, # elems = 199945223143424
Step 205 time = 0.003187, # ZDD nodes = 3470, # elems = 197754252951552
Step 206 time = 0.003124, # ZDD nodes = 3510, # elems = 195113921806336
Step 207 time = 0.003572, # ZDD nodes = 3560, # elems = 193779529154560
Step 208 time = 0.003195, # ZDD nodes = 3582, # elems = 194546986123264
Step 209 time = 0.003652, # ZDD nodes = 3598, # elems = 196687758884864
Step 210 time = 0.003256, # ZDD nodes = 3610, # elems = 198403866755072
Step 211 time = 0.003185, # ZDD nodes = 3616, # elems = 197956116414464
Step 212 time = 0.003740, # ZDD nodes = 3612, # elems = 194717979508736
Step 213 time = 0.003217, # ZDD nodes = 3600, # elems = 189459597361152
Step 214 time = 0.003149, # ZDD nodes = 3580, # elems = 183854396604416
Step 215 time = 0.003671, # ZDD nodes = 3544, # elems = 179588957208576
Step 216 time = 0.004097, # ZDD nodes = 3498, # elems = 177592334286848
Step 217 time = 0.004263, # ZDD nodes = 3442, # elems = 177662127505408
Step 218 time = 0.004744, # ZDD nodes = 3391, # elems = 178646211887104
Step 219 time = 0.003412, # ZDD nodes = 3362, # elems = 179059870924800
Step 220 time = 0.004203, # ZDD nodes = 3360, # elems = 177834194632704
Step 221 time = 0.003021, # ZDD nodes = 3362, # elems = 174833891540992
Step 222 time = 0.028008, # ZDD nodes = 3354, # elems = 170921981640704
Step 223 time = 0.005726, # ZDD nodes = 3342, # elems = 167512046043136
Step 224 time = 0.003021, # ZDD nodes = 3318, # elems = 165776073949184
Step 225 time = 0.003331, # ZDD nodes = 3292, # elems = 165893111808000
Step 226 time = 0.002605, # ZDD nodes = 3270, # elems = 166798276165632
Step 227 time = 0.003013, # ZDD nodes = 3264, # elems = 166708081852416
Step 228 time = 0.002506, # ZDD nodes = 3248, # elems = 164217000820736
Step 229 time = 0.002421, # ZDD nodes = 3238, # elems = 159259534819328
Step 230 time = 0.002418, # ZDD nodes = 3234, # elems = 153204704673792
Step 231 time = 0.002992, # ZDD nodes = 3220, # elems = 147970213281792
Step 232 time = 0.002937, # ZDD nodes = 3178, # elems = 144817707286528
Step 233 time = 0.002271, # ZDD nodes = 3126, # elems = 143681688436736
Step 234 time = 0.002663, # ZDD nodes = 3072, # elems = 143355270922240
Step 235 time = 0.002814, # ZDD nodes = 3024, # elems = 142238579425280
Step 236 time = 0.002109, # ZDD nodes = 2982, # elems = 139185931419648
Step 237 time = 0.002079, # ZDD nodes = 2946, # elems = 134089952722944
Step 238 time = 0.002172, # ZDD nodes = 2924, # elems = 127927748395008
Step 239 time = 0.002120, # ZDD nodes = 2902, # elems = 122202556989440
Step 240 time = 0.002988, # ZDD nodes = 2880, # elems = 118130927992832
Step 241 time = 0.001966, # ZDD nodes = 2858, # elems = 116083302334464
Step 242 time = 0.002941, # ZDD nodes = 2836, # elems = 115492744331264
Step 243 time = 0.002395, # ZDD nodes = 2812, # elems = 115150220689408
Step 244 time = 0.002196, # ZDD nodes = 2780, # elems = 113768314961920
Step 245 time = 0.002148, # ZDD nodes = 2738, # elems = 110603997806592
Step 246 time = 0.003344, # ZDD nodes = 2686, # elems = 105831215398912
Step 247 time = 0.001903, # ZDD nodes = 2626, # elems = 100427072798720
Step 248 time = 0.003198, # ZDD nodes = 2557, # elems = 95631741812736
Step 249 time = 0.002432, # ZDD nodes = 2492, # elems = 92255897518080
Step 250 time = 0.001669, # ZDD nodes = 2438, # elems = 90197534441472
Step 251 time = 0.001552, # ZDD nodes = 2390, # elems = 88531087130624
Step 252 time = 0.001506, # ZDD nodes = 2350, # elems = 86221468467200
Step 253 time = 0.001427, # ZDD nodes = 2330, # elems = 82897163780096
Step 254 time = 0.001351, # ZDD nodes = 2320, # elems = 78997333475328
Step 255 time = 0.001324, # ZDD nodes = 2318, # elems = 75338021339136
Step 256 time = 0.001282, # ZDD nodes = 2284, # elems = 72619307040768
Step 257 time = 0.001233, # ZDD nodes = 2244, # elems = 71030169141248
Step 258 time = 0.001197, # ZDD nodes = 2204, # elems = 69973607186432
Step 259 time = 0.001104, # ZDD nodes = 2158, # elems = 68328634712064
Step 260 time = 0.001047, # ZDD nodes = 2110, # elems = 65304977735680
Step 261 time = 0.001020, # ZDD nodes = 2066, # elems = 61040075210752
Step 262 time = 0.000982, # ZDD nodes = 2012, # elems = 56354265890816
Step 263 time = 0.000949, # ZDD nodes = 1958, # elems = 52145197940736
Step 264 time = 0.001154, # ZDD nodes = 1916, # elems = 49001281880064
Step 265 time = 0.000917, # ZDD nodes = 1866, # elems = 47008417054720
Step 266 time = 0.000888, # ZDD nodes = 1824, # elems = 45728516800512
Step 267 time = 0.000859, # ZDD nodes = 1786, # elems = 44525925957632
Step 268 time = 0.000827, # ZDD nodes = 1752, # elems = 42971147796480
Step 269 time = 0.000860, # ZDD nodes = 1726, # elems = 40879498723328
Step 270 time = 0.001437, # ZDD nodes = 1700, # elems = 38225208934400
Step 271 time = 0.000816, # ZDD nodes = 1682, # elems = 35304631173120
Step 272 time = 0.000793, # ZDD nodes = 1676, # elems = 32770600468480
Step 273 time = 0.000817, # ZDD nodes = 1680, # elems = 31172872634368
Step 274 time = 0.000788, # ZDD nodes = 1684, # elems = 30515742638080
Step 275 time = 0.000975, # ZDD nodes = 1684, # elems = 30343943946240
Step 276 time = 0.000791, # ZDD nodes = 1666, # elems = 30008936497152
Step 277 time = 0.000791, # ZDD nodes = 1632, # elems = 28810640621568
Step 278 time = 0.000758, # ZDD nodes = 1584, # elems = 26392574033920
Step 279 time = 0.000742, # ZDD nodes = 1520, # elems = 23231478104064
Step 280 time = 0.000701, # ZDD nodes = 1436, # elems = 20319490277376
Step 281 time = 0.000623, # ZDD nodes = 1331, # elems = 18249316040704
Step 282 time = 0.001258, # ZDD nodes = 1226, # elems = 16935056048128
Step 283 time = 0.000472, # ZDD nodes = 1130, # elems = 16028817948672
Step 284 time = 0.000384, # ZDD nodes = 1072, # elems = 15169824489472
Step 285 time = 0.000317, # ZDD nodes = 1022, # elems = 14070312861696
Step 286 time = 0.000277, # ZDD nodes = 978, # elems = 12764642803712
Step 287 time = 0.000259, # ZDD nodes = 942, # elems = 11613591568384
Step 288 time = 0.000266, # ZDD nodes = 896, # elems = 10874857193472
Step 289 time = 0.000258, # ZDD nodes = 856, # elems = 10462540333056
Step 290 time = 0.000236, # ZDD nodes = 816, # elems = 10153302687744
Step 291 time = 0.000233, # ZDD nodes = 774, # elems = 9740985827328
Step 292 time = 0.000213, # ZDD nodes = 734, # elems = 9002251452416
Step 293 time = 0.000203, # ZDD nodes = 690, # elems = 7851200217088
Step 294 time = 0.000187, # ZDD nodes = 638, # elems = 6545530159104
Step 295 time = 0.000176, # ZDD nodes = 582, # elems = 5463198400512
Step 296 time = 0.000165, # ZDD nodes = 532, # elems = 4724464025600
Step 297 time = 0.000159, # ZDD nodes = 488, # elems = 4260607557632
Step 298 time = 0.000152, # ZDD nodes = 458, # elems = 4071628996608
Step 299 time = 0.000145, # ZDD nodes = 438, # elems = 4123168604160
Step 300 time = 0.000142, # ZDD nodes = 424, # elems = 4174708211712
Step 301 time = 0.000136, # ZDD nodes = 416, # elems = 3985729650688
Step 302 time = 0.000135, # ZDD nodes = 406, # elems = 3539053051904
Step 303 time = 0.000132, # ZDD nodes = 390, # elems = 2920577761280
Step 304 time = 0.000126, # ZDD nodes = 368, # elems = 2233382993920
Step 305 time = 0.000125, # ZDD nodes = 348, # elems = 1717986918400
Step 306 time = 0.000115, # ZDD nodes = 336, # elems = 1614907703296
t found
a YES
a 4 8 12 18 22 28 32 38 42 48 52 58 62 68 72 78 82 88 92 98 102 108 112 118 122 128 132 138 142 148 152 158 162 168
a 1 8 12 18 22 28 32 38 42 48 52 58 62 68 72 78 82 88 92 98 102 108 112 118 122 128 132 138 142 148 152 158 162 168
a 1 5 12 18 22 28 32 38 42 48 52 58 62 68 72 78 82 88 92 98 102 108 112 118 122 128 132 138 142 148 152 158 162 168
a 1 5 9 18 22 28 32 38 42 48 52 58 62 68 72 78 82 88 92 98 102 108 112 118 122 128 132 138 142 148 152 158 162 168
a 1 5 9 15 22 28 32 38 42 48 52 58 62 68 72 78 82 88 92 98 102 108 112 118 122 128 132 138 142 148 152 158 162 168
a 1 5 13 15 22 28 32 38 42 48 52 58 62 68 72 78 82 88 92 98 102 108 112 118 122 128 132 138 142 148 152 158 162 168
a 1 7 13 15 22 28 32 38 42 48 52 58 62 68 72 78 82 88 92 98 102 108 112 118 122 128 132 138 142 148 152 158 162 168
a 3 7 13 15 22 28 32 38 42 48 52 58 62 68 72 78 82 88 92 98 102 108 112 118 122 128 132 138 142 148 152 158 162 168
a 3 7 13 15 19 28 32 38 42 48 52 58 62 68 72 78 82 88 92 98 102 108 112 118 122 128 132 138 142 148 152 158 162 168
a 3 7 13 15 19 25 32 38 42 48 52 58 62 68 72 78 82 88 92 98 102 108 112 118 122 128 132 138 142 148 152 158 162 168
a 3 7 13 15 19 25 29 38 42 48 52 58 62 68 72 78 82 88 92 98 102 108 112 118 122 128 132 138 142 148 152 158 162 168
a 3 7 13 15 19 25 29 35 42 48 52 58 62 68 72 78 82 88 92 98 102 108 112 118 122 128 132 138 142 148 152 158 162 168
a 3 7 13 15 19 25 33 35 42 48 52 58 62 68 72 78 82 88 92 98 102 108 112 118 122 128 132 138 142 148 152 158 162 168
a 3 7 13 15 19 27 33 35 42 48 52 58 62 68 72 78 82 88 92 98 102 108 112 118 122 128 132 138 142 148 152 158 162 168
a 3 7 13 15 21 27 33 35 42 48 52 58 62 68 72 78 82 88 92 98 102 108 112 118 122 128 132 138 142 148 152 158 162 168
a 1 7 13 15 21 27 33 35 42 48 52 58 62 68 72 78 82 88 92 98 102 108 112 118 122 128 132 138 142 148 152 158 162 168
a 1 5 13 15 21 27 33 35 42 48 52 58 62 68 72 78 82 88 92 98 102 108 112 118 122 128 132 138 142 148 152 158 162 168
a 1 5 9 15 21 27 33 35 42 48 52 58 62 68 72 78 82 88 92 98 102 108 112 118 122 128 132 138 142 148 152 158 162 168
a 1 5 9 17 21 27 33 35 42 48 52 58 62 68 72 78 82 88 92 98 102 108 112 118 122 128 132 138 142 148 152 158 162 168
a 1 5 9 17 21 27 33 35 39 48 52 58 62 68 72 78 82 88 92 98 102 108 112 118 122 128 132 138 142 148 152 158 162 168
a 1 5 9 17 21 27 33 35 39 45 52 58 62 68 72 78 82 88 92 98 102 108 112 118 122 128 132 138 142 148 152 158 162 168
a 1 5 9 17 21 27 33 35 39 45 49 58 62 68 72 78 82 88 92 98 102 108 112 118 122 128 132 138 142 148 152 158 162 168
a 1 5 9 17 21 27 33 35 39 45 49 55 62 68 72 78 82 88 92 98 102 108 112 118 122 128 132 138 142 148 152 158 162 168
a 1 5 9 17 21 27 33 35 39 45 53 55 62 68 72 78 82 88 92 98 102 108 112 118 122 128 132 138 142 148 152 158 162 168
a 1 5 9 17 21 27 33 35 39 47 53 55 62 68 72 78 82 88 92 98 102 108 112 118 122 128 132 138 142 148 152 158 162 168
a 1 5 9 17 21 27 33 35 41 47 53 55 62 68 72 78 82 88 92 98 102 108 112 118 122 128 132 138 142 148 152 158 162 168
a 1 5 9 15 21 27 33 35 41 47 53 55 62 68 72 78 82 88 92 98 102 108 112 118 122 128 132 138 142 148 152 158 162 168
a 1 5 13 15 21 27 33 35 41 47 53 55 62 68 72 78 82 88 92 98 102 108 112 118 122 128 132 138 142 148 152 158 162 168
a 1 7 13 15 21 27 33 35 41 47 53 55 62 68 72 78 82 88 92 98 102 108 112 118 122 128 132 138 142 148 152 158 162 168
a 3 7 13 15 21 27 33 35 41 47 53 55 62 68 72 78 82 88 92 98 102 108 112 118 122 128 132 138 142 148 152 158 162 168
a 3 7 13 15 19 27 33 35 41 47 53 55 62 68 72 78 82 88 92 98 102 108 112 118 122 128 132 138 142 148 152 158 162 168
a 3 7 13 15 19 25 33 35 41 47 53 55 62 68 72 78 82 88 92 98 102 108 112 118 122 128 132 138 142 148 152 158 162 168
a 3 7 13 15 19 25 29 35 41 47 53 55 62 68 72 78 82 88 92 98 102 108 112 118 122 128 132 138 142 148 152 158 162 168
a 3 7 13 15 19 25 29 37 41 47 53 55 62 68 72 78 82 88 92 98 102 108 112 118 122 128 132 138 142 148 152 158 162 168
a 3 7 13 15 19 25 29 37 41 47 53 55 59 68 72 78 82 88 92 98 102 108 112 118 122 128 132 138 142 148 152 158 162 168
a 3 7 13 15 19 25 29 37 41 47 53 55 59 65 72 78 82 88 92 98 102 108 112 118 122 128 132 138 142 148 152 158 162 168
a 3 7 13 15 19 25 29 37 41 47 53 55 59 65 69 78 82 88 92 98 102 108 112 118 122 128 132 138 142 148 152 158 162 168
a 3 7 13 15 19 25 29 37 41 47 53 55 59 65 69 75 82 88 92 98 102 108 112 118 122 128 132 138 142 148 152 158 162 168
a 3 7 13 15 19 25 29 37 41 47 53 55 59 65 73 75 82 88 92 98 102 108 112 118 122 128 132 138 142 148 152 158 162 168
a 3 7 13 15 19 25 29 37 41 47 53 55 59 67 73 75 82 88 92 98 102 108 112 118 122 128 132 138 142 148 152 158 162 168
a 3 7 13 15 19 25 29 37 41 47 53 55 61 67 73 75 82 88 92 98 102 108 112 118 122 128 132 138 142 148 152 158 162 168
a 3 7 13 15 19 25 29 35 41 47 53 55 61 67 73 75 82 88 92 98 102 108 112 118 122 128 132 138 142 148 152 158 162 168
a 3 7 13 15 19 25 33 35 41 47 53 55 61 67 73 75 82 88 92 98 102 108 112 118 122 128 132 138 142 148 152 158 162 168
a 3 7 13 15 19 27 33 35 41 47 53 55 61 67 73 75 82 88 92 98 102 108 112 118 122 128 132 138 142 148 152 158 162 168
a 3 7 13 15 21 27 33 35 41 47 53 55 61 67 73 75 82 88 92 98 102 108 112 118 122 128 132 138 142 148 152 158 162 168
a 1 7 13 15 21 27 33 35 41 47 53 55 61 67 73 75 82 88 92 98 102 108 112 118 122 128 132 138 142 148 152 158 162 168
a 1 5 13 15 21 27 33 35 41 47 53 55 61 67 73 75 82 88 92 98 102 108 112 118 122 128 132 138 142 148 152 158 162 168
a 1 5 9 15 21 27 33 35 41 47 53 55 61 67 73 75 82 88 92 98 102 108 112 118 122 128 132 138 142 148 152 158 162 168
a 1 5 9 17 21 27 33 35 41 47 53 55 61 67 73 75 82 88 92 98 102 108 112 118 122 128 132 138 142 148 152 158 162 168
a 1 5 9 17 21 27 33 35 39 47 53 55 61 67 73 75 82 88 92 98 102 108 112 118 122 128 132 138 142 148 152 158 162 168
a 1 5 9 17 21 27 33 35 39 45 53 55 61 67 73 75 82 88 92 98 102 108 112 118 122 128 132 138 142 148 152 158 162 168
a 1 5 9 17 21 27 33 35 39 45 49 55 61 67 73 75 82 88 92 98 102 108 112 118 122 128 132 138 142 148 152 158 162 168
a 1 5 9 17 21 27 33 35 39 45 49 57 61 67 73 75 82 88 92 98 102 108 112 118 122 128 132 138 142 148 152 158 162 168
a 1 5 9 17 21 27 33 35 39 45 49 57 61 67 73 75 79 88 92 98 102 108 112 118 122 128 132 138 142 148 152 158 162 168
a 1 5 9 17 21 27 33 35 39 45 49 57 61 67 73 75 79 85 92 98 102 108 112 118 122 128 132 138 142 148 152 158 162 168
a 1 5 9 17 21 27 33 35 39 45 49 57 61 67 73 75 79 85 89 98 102 108 112 118 122 128 132 138 142 148 152 158 162 168
a 1 5 9 17 21 27 33 35 39 45 49 57 61 67 73 75 79 85 89 95 102 108 112 118 122 128 132 138 142 148 152 158 162 168
a 1 5 9 17 21 27 33 35 39 45 49 57 61 67 73 75 79 85 93 95 102 108 112 118 122 128 132 138 142 148 152 158 162 168
a 1 5 9 17 21 27 33 35 39 45 49 57 61 67 73 75 79 87 93 95 102 108 112 118 122 128 132 138 142 148 152 158 162 168
a 1 5 9 17 21 27 33 35 39 45 49 57 61 67 73 75 81 87 93 95 102 108 112 118 122 128 132 138 142 148 152 158 162 168
a 1 5 9 17 21 27 33 35 39 45 49 55 61 67 73 75 81 87 93 95 102 108 112 118 122 128 132 138 142 148 152 158 162 168
a 1 5 9 17 21 27 33 35 39 45 53 55 61 67 73 75 81 87 93 95 102 108 112 118 122 128 132 138 142 148 152 158 162 168
a 1 5 9 17 21 27 33 35 39 47 53 55 61 67 73 75 81 87 93 95 102 108 112 118 122 128 132 138 142 148 152 158 162 168
a 1 5 9 17 21 27 33 35 41 47 53 55 61 67 73 75 81 87 93 95 102 108 112 118 122 128 132 138 142 148 152 158 162 168
a 1 5 9 15 21 27 33 35 41 47 53 55 61 67 73 75 81 87 93 95 102 108 112 118 122 128 132 138 142 148 152 158 162 168
a 1 5 13 15 21 27 33 35 41 47 53 55 61 67 73 75 81 87 93 95 102 108 112 118 122 128 132 138 142 148 152 158 162 168
a 1 7 13 15 21 27 33 35 41 47 53 55 61 67 73 75 81 87 93 95 102 108 112 118 122 128 132 138 142 148 152 158 162 168
a 3 7 13 15 21 27 33 35 41 47 53 55 61 67 73 75 81 87 93 95 102 108 112 118 122 128 132 138 142 148 152 158 162 168
a 3 7 13 15 19 27 33 35 41 47 53 55 61 67 73 75 81 87 93 95 102 108 112 118 122 128 132 138 142 148 152 158 162 168
a 3 7 13 15 19 25 33 35 41 47 53 55 61 67 73 75 81 87 93 95 102 108 112 118 122 128 132 138 142 148 152 158 162 168
a 3 7 13 15 19 25 29 35 41 47 53 55 61 67 73 75 81 87 93 95 102 108 112 118 122 128 132 138 142 148 152 158 162 168
a 3 7 13 15 19 25 29 37 41 47 53 55 61 67 73 75 81 87 93 95 102 108 112 118 122 128 132 138 142 148 152 158 162 168
a 3 7 13 15 19 25 29 37 41 47 53 55 59 67 73 75 81 87 93 95 102 108 112 118 122 128 132 138 142 148 152 158 162 168
a 3 7 13 15 19 25 29 37 41 47 53 55 59 65 73 75 81 87 93 95 102 108 112 118 122 128 132 138 142 148 152 158 162 168
a 3 7 13 15 19 25 29 37 41 47 53 55 59 65 69 75 81 87 93 95 102 108 112 118 122 128 132 138 142 148 152 158 162 168
a 3 7 13 15 19 25 29 37 41 47 53 55 59 65 69 77 81 87 93 95 102 108 112 118 122 128 132 138 142 148 152 158 162 168
a 3 7 13 15 19 25 29 37 41 47 53 55 59 65 69 77 81 87 93 95 99 108 112 118 122 128 132 138 142 148 152 158 162 168
a 3 7 13 15 19 25 29 37 41 47 53 55 59 65 69 77 81 87 93 95 99 105 112 118 122 128 132 138 142 148 152 158 162 168
a 3 7 13 15 19 25 29 37 41 47 53 55 59 65 69 77 81 87 93 95 99 105 109 118 122 128 132 138 142 148 152 158 162 168
a 3 7 13 15 19 25 29 37 41 47 53 55 59 65 69 77 81 87 93 95 99 105 109 115 122 128 132 138 142 148 152 158 162 168
a 3 7 13 15 19 25 29 37 41 47 53 55 59 65 69 77 81 87 93 95 99 105 113 115 122 128 132 138 142 148 152 158 162 168
a 3 7 13 15 19 25 29 37 41 47 53 55 59 65 69 77 81 87 93 95 99 107 113 115 122 128 132 138 142 148 152 158 162 168
a 3 7 13 15 19 25 29 37 41 47 53 55 59 65 69 77 81 87 93 95 101 107 113 115 122 128 132 138 142 148 152 158 162 168
a 3 7 13 15 19 25 29 37 41 47 53 55 59 65 69 75 81 87 93 95 101 107 113 115 122 128 132 138 142 148 152 158 162 168
a 3 7 13 15 19 25 29 37 41 47 53 55 59 65 73 75 81 87 93 95 101 107 113 115 122 128 132 138 142 148 152 158 162 168
a 3 7 13 15 19 25 29 37 41 47 53 55 59 67 73 75 81 87 93 95 101 107 113 115 122 128 132 138 142 148 152 158 162 168
a 3 7 13 15 19 25 29 37 41 47 53 55 61 67 73 75 81 87 93 95 101 107 113 115 122 128 132 138 142 148 152 158 162 168
a 3 7 13 15 19 25 29 35 41 47 53 55 61 67 73 75 81 87 93 95 101 107 113 115 122 128 132 138 142 148 152 158 162 168
a 3 7 13 15 19 25 33 35 41 47 53 55 61 67 73 75 81 87 93 95 101 107 113 115 122 128 132 138 142 148 152 158 162 168
a 3 7 13 15 19 27 33 35 41 47 53 55 61 67 73 75 81 87 93 95 101 107 113 115 122 128 132 138 142 148 152 158 162 168
a 3 7 13 15 21 27 33 35 41 47 53 55 61 67 73 75 81 87 93 95 101 107 113 115 122 128 132 138 142 148 152 158 162 168
a 1 7 13 15 21 27 33 35 41 47 53 55 61 67 73 75 81 87 93 95 101 107 113 115 122 128 132 138 142 148 152 158 162 168
a 1 5 13 15 21 27 33 35 41 47 53 55 61 67 73 75 81 87 93 95 101 107 113 115 122 128 132 138 142 148 152 158 162 168
a 1 5 9 15 21 27 33 35 41 47 53 55 61 67 73 75 81 87 93 95 101 107 113 115 122 128 132 138 142 148 152 158 162 168
a 1 5 9 17 21 27 33 35 41 47 53 55 61 67 73 75 81 87 93 95 101 107 113 115 122 128 132 138 142 148 152 158 162 168
a 1 5 9 17 21 27 33 35 39 47 53 55 61 67 73 75 81 87 93 95 101 107 113 115 122 128 132 138 142 148 152 158 162 168
a 1 5 9 17 21 27 33 35 39 45 53 55 61 67 73 75 81 87 93 95 101 107 113 115 122 128 132 138 142 148 152 158 162 168
a 1 5 9 17 21 27 33 35 39 45 49 55 61 67 73 75 81 87 93 95 101 107 113 115 122 128 132 138 142 148 152 158 162 168
a 1 5 9 17 21 27 33 35 39 45 49 57 61 67 73 75 81 87 93 95 101 107 113 115 122 128 132 138 142 148 152 158 162 168
a 1 5 9 17 21 27 33 35 39 45 49 57 61 67 73 75 79 87 93 95 101 107 113 115 122 128 132 138 142 148 152 158 162 168
a 1 5 9 17 21 27 33 35 39 45 49 57 61 67 73 75 79 85 93 95 101 107 113 115 122 128 132 138 142 148 152 158 162 168
a 1 5 9 17 21 27 33 35 39 45 49 57 61 67 73 75 79 85 89 95 101 107 113 115 122 128 132 138 142 148 152 158 162 168
a 1 5 9 17 21 27 33 35 39 45 49 57 61 67 73 75 79 85 89 97 101 107 113 115 122 128 132 138 142 148 152 158 162 168
a 1 5 9 17 21 27 33 35 39 45 49 57 61 67 73 75 79 85 89 97 101 107 113 115 119 128 132 138 142 148 152 158 162 168
a 1 5 9 17 21 27 33 35 39 45 49 57 61 67 73 75 79 85 89 97 101 107 113 115 119 125 132 138 142 148 152 158 162 168
a 1 5 9 17 21 27 33 35 39 45 49 57 61 67 73 75 79 85 89 97 101 107 113 115 119 125 129 138 142 148 152 158 162 168
a 1 5 9 17 21 27 33 35 39 45 49 57 61 67 73 75 79 85 89 97 101 107 113 115 119 125 129 135 142 148 152 158 162 168
a 1 5 9 17 21 27 33 35 39 45 49 57 61 67 73 75 79 85 89 97 101 107 113 115 119 125 133 135 142 148 152 158 162 168
a 1 5 9 17 21 27 33 35 39 45 49 57 61 67 73 75 79 85 89 97 101 107 113 115 119 127 133 135 142 148 152 158 162 168
a 1 5 9 17 21 27 33 35 39 45 49 57 61 67 73 75 79 85 89 97 101 107 113 115 121 127 133 135 142 148 152 158 162 168
a 1 5 9 17 21 27 33 35 39 45 49 57 61 67 73 75 79 85 89 95 101 107 113 115 121 127 133 135 142 148 152 158 162 168
a 1 5 9 17 21 27 33 35 39 45 49 57 61 67 73 75 79 85 93 95 101 107 113 115 121 127 133 135 142 148 152 158 162 168
a 1 5 9 17 21 27 33 35 39 45 49 57 61 67 73 75 79 87 93 95 101 107 113 115 121 127 133 135 142 148 152 158 162 168
a 1 5 9 17 21 27 33 35 39 45 49 57 61 67 73 75 81 87 93 95 101 107 113 115 121 127 133 135 142 148 152 158 162 168
a 1 5 9 17 21 27 33 35 39 45 49 55 61 67 73 75 81 87 93 95 101 107 113 115 121 127 133 135 142 148 152 158 162 168
a 1 5 9 17 21 27 33 35 39 45 53 55 61 67 73 75 81 87 93 95 101 107 113 115 121 127 133 135 142 148 152 158 162 168
a 1 5 9 17 21 27 33 35 39 47 53 55 61 67 73 75 81 87 93 95 101 107 113 115 121 127 133 135 142 148 152 158 162 168
a 1 5 9 17 21 27 33 35 41 47 53 55 61 67 73 75 81 87 93 95 101 107 113 115 121 127 133 135 142 148 152 158 162 168
a 1 5 9 15 21 27 33 35 41 47 53 55 61 67 73 75 81 87 93 95 101 107 113 115 121 127 133 135 142 148 152 158 162 168
a 1 5 13 15 21 27 33 35 41 47 53 55 61 67 73 75 81 87 93 95 101 107 113 115 121 127 133 135 142 148 152 158 162 168
a 1 7 13 15 21 27 33 35 41 47 53 55 61 67 73 75 81 87 93 95 101 107 113 115 121 127 133 135 142 148 152 158 162 168
a 3 7 13 15 21 27 33 35 41 47 53 55 61 67 73 75 81 87 93 95 101 107 113 115 121 127 133 135 142 148 152 158 162 168
a 3 7 13 15 19 27 33 35 41 47 53 55 61 67 73 75 81 87 93 95 101 107 113 115 121 127 133 135 142 148 152 158 162 168
a 3 7 13 15 19 25 33 35 41 47 53 55 61 67 73 75 81 87 93 95 101 107 113 115 121 127 133 135 142 148 152 158 162 168
a 3 7 13 15 19 25 29 35 41 47 53 55 61 67 73 75 81 87 93 95 101 107 113 115 121 127 133 135 142 148 152 158 162 168
a 3 7 13 15 19 25 29 37 41 47 53 55 61 67 73 75 81 87 93 95 101 107 113 115 121 127 133 135 142 148 152 158 162 168
a 3 7 13 15 19 25 29 37 41 47 53 55 59 67 73 75 81 87 93 95 101 107 113 115 121 127 133 135 142 148 152 158 162 168
a 3 7 13 15 19 25 29 37 41 47 53 55 59 65 73 75 81 87 93 95 101 107 113 115 121 127 133 135 142 148 152 158 162 168
a 3 7 13 15 19 25 29 37 41 47 53 55 59 65 69 75 81 87 93 95 101 107 113 115 121 127 133 135 142 148 152 158 162 168
a 3 7 13 15 19 25 29 37 41 47 53 55 59 65 69 77 81 87 93 95 101 107 113 115 121 127 133 135 142 148 152 158 162 168
a 3 7 13 15 19 25 29 37 41 47 53 55 59 65 69 77 81 87 93 95 99 107 113 115 121 127 133 135 142 148 152 158 162 168
a 3 7 13 15 19 25 29 37 41 47 53 55 59 65 69 77 81 87 93 95 99 105 113 115 121 127 133 135 142 148 152 158 162 168
a 3 7 13 15 19 25 29 37 41 47 53 55 59 65 69 77 81 87 93 95 99 105 109 115 121 127 133 135 142 148 152 158 162 168
a 3 7 13 15 19 25 29 37 41 47 53 55 59 65 69 77 81 87 93 95 99 105 109 117 121 127 133 135 142 148 152 158 162 168
a 3 7 13 15 19 25 29 37 41 47 53 55 59 65 69 77 81 87 93 95 99 105 109 117 121 127 133 135 139 148 152 158 162 168
a 3 7 13 15 19 25 29 37 41 47 53 55 59 65 69 77 81 87 93 95 99 105 109 117 121 127 133 135 139 145 152 158 162 168
a 3 7 13 15 19 25 29 37 41 47 53 55 59 65 69 77 81 87 93 95 99 105 109 117 121 127 133 135 139 145 149 158 162 168
a 3 7 13 15 19 25 29 37 41 47 53 55 59 65 69 77 81 87 93 95 99 105 109 117 121 127 133 135 139 145 149 156 162 168
a 3 7 13 15 19 25 29 37 41 47 53 55 59 65 69 77 81 87 93 95 99 105 109 117 121 127 133 135 139 145 154 156 162 168
a 3 7 13 15 19 25 29 37 41 47 53 55 59 65 69 77 81 87 93 95 99 105 109 117 121 127 133 135 139 147 154 156 162 168
a 3 7 13 15 19 25 29 37 41 47 53 55 59 65 69 77 81 87 93 95 99 105 109 117 121 127 133 135 141 147 154 156 162 168
a 3 7 13 15 19 25 29 37 41 47 53 55 59 65 69 77 81 87 93 95 99 105 109 115 121 127 133 135 141 147 154 156 162 168
a 3 7 13 15 19 25 29 37 41 47 53 55 59 65 69 77 81 87 93 95 99 105 113 115 121 127 133 135 141 147 154 156 162 168
a 3 7 13 15 19 25 29 37 41 47 53 55 59 65 69 77 81 87 93 95 99 107 113 115 121 127 133 135 141 147 154 156 162 168
a 3 7 13 15 19 25 29 37 41 47 53 55 59 65 69 77 81 87 93 95 101 107 113 115 121 127 133 135 141 147 154 156 162 168
a 3 7 13 15 19 25 29 37 41 47 53 55 59 65 69 75 81 87 93 95 101 107 113 115 121 127 133 135 141 147 154 156 162 168
a 3 7 13 15 19 25 29 37 41 47 53 55 59 65 73 75 81 87 93 95 101 107 113 115 121 127 133 135 141 147 154 156 162 168
a 3 7 13 15 19 25 29 37 41 47 53 55 59 67 73 75 81 87 93 95 101 107 113 115 121 127 133 135 141 147 154 156 162 168
a 3 7 13 15 19 25 29 37 41 47 53 55 61 67 73 75 81 87 93 95 101 107 113 115 121 127 133 135 141 147 154 156 162 168
a 3 7 13 15 19 25 29 35 41 47 53 55 61 67 73 75 81 87 93 95 101 107 113 115 121 127 133 135 141 147 154 156 162 168
a 3 7 13 15 19 25 33 35 41 47 53 55 61 67 73 75 81 87 93 95 101 107 113 115 121 127 133 135 141 147 154 156 162 168
a 3 7 13 15 19 27 33 35 41 47 53 55 61 67 73 75 81 87 93 95 101 107 113 115 121 127 133 135 141 147 154 156 162 168
a 3 7 13 15 21 27 33 35 41 47 53 55 61 67 73 75 81 87 93 95 101 107 113 115 121 127 133 135 141 147 154 156 162 168
a 1 7 13 15 21 27 33 35 41 47 53 55 61 67 73 75 81 87 93 95 101 107 113 115 121 127 133 135 141 147 154 156 162 168
a 1 5 13 15 21 27 33 35 41 47 53 55 61 67 73 75 81 87 93 95 101 107 113 115 121 127 133 135 141 147 154 156 162 168
a 1 5 9 15 21 27 33 35 41 47 53 55 61 67 73 75 81 87 93 95 101 107 113 115 121 127 133 135 141 147 154 156 162 168
a 1 5 9 17 21 27 33 35 41 47 53 55 61 67 73 75 81 87 93 95 101 107 113 115 121 127 133 135 141 147 154 156 162 168
a 1 5 9 17 21 27 33 35 39 47 53 55 61 67 73 75 81 87 93 95 101 107 113 115 121 127 133 135 141 147 154 156 162 168
a 1 5 9 17 21 27 33 35 39 45 53 55 61 67 73 75 81 87 93 95 101 107 113 115 121 127 133 135 141 147 154 156 162 168
a 1 5 9 17 21 27 33 35 39 45 49 55 61 67 73 75 81 87 93 95 101 107 113 115 121 127 133 135 141 147 154 156 162 168
a 1 5 9 17 21 27 33 35 39 45 49 57 61 67 73 75 81 87 93 95 101 107 113 115 121 127 133 135 141 147 154 156 162 168
a 1 5 9 17 21 27 33 35 39 45 49 57 61 67 73 75 79 87 93 95 101 107 113 115 121 127 133 135 141 147 154 156 162 168
a 1 5 9 17 21 27 33 35 39 45 49 57 61 67 73 75 79 85 93 95 101 107 113 115 121 127 133 135 141 147 154 156 162 168
a 1 5 9 17 21 27 33 35 39 45 49 57 61 67 73 75 79 85 89 95 101 107 113 115 121 127 133 135 141 147 154 156 162 168
a 1 5 9 17 21 27 33 35 39 45 49 57 61 67 73 75 79 85 89 97 101 107 113 115 121 127 133 135 141 147 154 156 162 168
a 1 5 9 17 21 27 33 35 39 45 49 57 61 67 73 75 79 85 89 97 101 107 113 115 119 127 133 135 141 147 154 156 162 168
a 1 5 9 17 21 27 33 35 39 45 49 57 61 67 73 75 79 85 89 97 101 107 113 115 119 125 133 135 141 147 154 156 162 168
a 1 5 9 17 21 27 33 35 39 45 49 57 61 67 73 75 79 85 89 97 101 107 113 115 119 125 129 135 141 147 154 156 162 168
a 1 5 9 17 21 27 33 35 39 45 49 57 61 67 73 75 79 85 89 97 101 107 113 115 119 125 129 137 141 147 154 156 162 168
a 1 5 9 17 21 27 33 35 39 45 49 57 61 67 73 75 79 85 89 97 101 107 113 115 119 125 129 137 141 147 154 156 159 168
a 1 5 9 17 21 27 33 35 39 45 49 57 61 67 73 75 79 85 89 97 101 107 113 115 119 125 129 137 141 147 154 156 159 166
a 1 5 9 17 21 27 33 35 39 45 49 57 61 67 73 75 79 85 89 97 101 107 113 115 119 125 129 137 141 147 154 156 164 166
a 1 5 9 17 21 27 33 35 39 45 49 57 61 67 73 75 79 85 89 97 101 107 113 115 119 125 129 136 141 147 154 156 164 166
a 1 5 9 17 21 27 33 35 39 45 49 57 61 67 73 75 79 85 89 97 101 107 113 115 119 125 134 136 141 147 154 156 164 166
a 1 5 9 17 21 27 33 35 39 45 49 57 61 67 73 75 79 85 89 97 101 107 113 115 119 127 134 136 141 147 154 156 164 166
a 1 5 9 17 21 27 33 35 39 45 49 57 61 67 73 75 79 85 89 97 101 107 113 115 121 127 134 136 141 147 154 156 164 166
a 1 5 9 17 21 27 33 35 39 45 49 57 61 67 73 75 79 85 89 95 101 107 113 115 121 127 134 136 141 147 154 156 164 166
a 1 5 9 17 21 27 33 35 39 45 49 57 61 67 73 75 79 85 93 95 101 107 113 115 121 127 134 136 141 147 154 156 164 166
a 1 5 9 17 21 27 33 35 39 45 49 57 61 67 73 75 79 87 93 95 101 107 113 115 121 127 134 136 141 147 154 156 164 166
a 1 5 9 17 21 27 33 35 39 45 49 57 61 67 73 75 81 87 93 95 101 107 113 115 121 127 134 136 141 147 154 156 164 166
a 1 5 9 17 21 27 33 35 39 45 49 55 61 67 73 75 81 87 93 95 101 107 113 115 121 127 134 136 141 147 154 156 164 166
a 1 5 9 17 21 27 33 35 39 45 53 55 61 67 73 75 81 87 93 95 101 107 113 115 121 127 134 136 141 147 154 156 164 166
a 1 5 9 17 21 27 33 35 39 47 53 55 61 67 73 75 81 87 93 95 101 107 113 115 121 127 134 136 141 147 154 156 164 166
a 1 5 9 17 21 27 33 35 41 47 53 55 61 67 73 75 81 87 93 95 101 107 113 115 121 127 134 136 141 147 154 156 164 166
a 1 5 9 15 21 27 33 35 41 47 53 55 61 67 73 75 81 87 93 95 101 107 113 115 121 127 134 136 141 147 154 156 164 166
a 1 5 13 15 21 27 33 35 41 47 53 55 61 67 73 75 81 87 93 95 101 107 113 115 121 127 134 136 141 147 154 156 164 166
a 1 7 13 15 21 27 33 35 41 47 53 55 61 67 73 75 81 87 93 95 101 107 113 115 121 127 134 136 141 147 154 156 164 166
a 3 7 13 15 21 27 33 35 41 47 53 55 61 67 73 75 81 87 93 95 101 107 113 115 121 127 134 136 141 147 154 156 164 166
a 3 7 13 15 19 27 33 35 41 47 53 55 61 67 73 75 81 87 93 95 101 107 113 115 121 127 134 136 141 147 154 156 164 166
a 3 7 13 15 19 25 33 35 41 47 53 55 61 67 73 75 81 87 93 95 101 107 113 115 121 127 134 136 141 147 154 156 164 166
a 3 7 13 15 19 25 29 35 41 47 53 55 61 67 73 75 81 87 93 95 101 107 113 115 121 127 134 136 141 147 154 156 164 166
a 3 7 13 15 19 25 29 37 41 47 53 55 61 67 73 75 81 87 93 95 101 107 113 115 121 127 134 136 141 147 154 156 164 166
a 3 7 13 15 19 25 29 37 41 47 53 55 59 67 73 75 81 87 93 95 101 107 113 115 121 127 134 136 141 147 154 156 164 166
a 3 7 13 15 19 25 29 37 41 47 53 55 59 65 73 75 81 87 93 95 101 107 113 115 121 127 134 136 141 147 154 156 164 166
a 3 7 13 15 19 25 29 37 41 47 53 55 59 65 69 75 81 87 93 95 101 107 113 115 121 127 134 136 141 147 154 156 164 166
a 3 7 13 15 19 25 29 37 41 47 53 55 59 65 69 77 81 87 93 95 101 107 113 115 121 127 134 136 141 147 154 156 164 166
a 3 7 13 15 19 25 29 37 41 47 53 55 59 65 69 77 81 87 93 95 99 107 113 115 121 127 134 136 141 147 154 156 164 166
a 3 7 13 15 19 25 29 37 41 47 53 55 59 65 69 77 81 87 93 95 99 105 113 115 121 127 134 136 141 147 154 156 164 166
a 3 7 13 15 19 25 29 37 41 47 53 55 59 65 69 77 81 87 93 95 99 105 109 115 121 127 134 136 141 147 154 156 164 166
a 3 7 13 15 19 25 29 37 41 47 53 55 59 65 69 77 81 87 93 95 99 105 109 117 121 127 134 136 141 147 154 156 164 166
a 3 7 13 15 19 25 29 37 41 47 53 55 59 65 69 77 81 87 93 95 99 105 109 117 121 127 134 136 139 147 154 156 164 166
a 3 7 13 15 19 25 29 37 41 47 53 55 59 65 69 77 81 87 93 95 99 105 109 117 121 127 134 136 139 146 154 156 164 166
a 3 7 13 15 19 25 29 37 41 47 53 55 59 65 69 77 81 87 93 95 99 105 109 117 121 127 134 136 144 146 154 156 164 166
a 3 7 13 15 19 25 29 37 41 47 53 55 59 65 69 77 81 87 93 95 99 105 109 116 121 127 134 136 144 146 154 156 164 166
a 3 7 13 15 19 25 29 37 41 47 53 55 59 65 69 77 81 87 93 95 99 105 114 116 121 127 134 136 144 146 154 156 164 166
a 3 7 13 15 19 25 29 37 41 47 53 55 59 65 69 77 81 87 93 95 99 107 114 116 121 127 134 136 144 146 154 156 164 166
a 3 7 13 15 19 25 29 37 41 47 53 55 59 65 69 77 81 87 93 95 101 107 114 116 121 127 134 136 144 146 154 156 164 166
a 3 7 13 15 19 25 29 37 41 47 53 55 59 65 69 75 81 87 93 95 101 107 114 116 121 127 134 136 144 146 154 156 164 166
a 3 7 13 15 19 25 29 37 41 47 53 55 59 65 73 75 81 87 93 95 101 107 114 116 121 127 134 136 144 146 154 156 164 166
a 3 7 13 15 19 25 29 37 41 47 53 55 59 67 73 75 81 87 93 95 101 107 114 116 121 127 134 136 144 146 154 156 164 166
a 3 7 13 15 19 25 29 37 41 47 53 55 61 67 73 75 81 87 93 95 101 107 114 116 121 127 134 136 144 146 154 156 164 166
a 3 7 13 15 19 25 29 35 41 47 53 55 61 67 73 75 81 87 93 95 101 107 114 116 121 127 134 136 144 146 154 156 164 166
a 3 7 13 15 19 25 33 35 41 47 53 55 61 67 73 75 81 87 93 95 101 107 114 116 121 127 134 136 144 146 154 156 164 166
a 3 7 13 15 19 27 33 35 41 47 53 55 61 67 73 75 81 87 93 95 101 107 114 116 121 127 134 136 144 146 154 156 164 166
a 3 7 13 15 21 27 33 35 41 47 53 55 61 67 73 75 81 87 93 95 101 107 114 116 121 127 134 136 144 146 154 156 164 166
a 1 7 13 15 21 27 33 35 41 47 53 55 61 67 73 75 81 87 93 95 101 107 114 116 121 127 134 136 144 146 154 156 164 166
a 1 5 13 15 21 27 33 35 41 47 53 55 61 67 73 75 81 87 93 95 101 107 114 116 121 127 134 136 144 146 154 156 164 166
a 1 5 9 15 21 27 33 35 41 47 53 55 61 67 73 75 81 87 93 95 101 107 114 116 121 127 134 136 144 146 154 156 164 166
a 1 5 9 17 21 27 33 35 41 47 53 55 61 67 73 75 81 87 93 95 101 107 114 116 121 127 134 136 144 146 154 156 164 166
a 1 5 9 17 21 27 33 35 39 47 53 55 61 67 73 75 81 87 93 95 101 107 114 116 121 127 134 136 144 146 154 156 164 166
a 1 5 9 17 21 27 33 35 39 45 53 55 61 67 73 75 81 87 93 95 101 107 114 116 121 127 134 136 144 146 154 156 164 166
a 1 5 9 17 21 27 33 35 39 45 49 55 61 67 73 75 81 87 93 95 101 107 114 116 121 127 134 136 144 146 154 156 164 166
a 1 5 9 17 21 27 33 35 39 45 49 57 61 67 73 75 81 87 93 95 101 107 114 116 121 127 134 136 144 146 154 156 164 166
a 1 5 9 17 21 27 33 35 39 45 49 57 61 67 73 75 79 87 93 95 101 107 114 116 121 127 134 136 144 146 154 156 164 166
a 1 5 9 17 21 27 33 35 39 45 49 57 61 67 73 75 79 85 93 95 101 107 114 116 121 127 134 136 144 146 154 156 164 166
a 1 5 9 17 21 27 33 35 39 45 49 57 61 67 73 75 79 85 89 95 101 107 114 116 121 127 134 136 144 146 154 156 164 166
a 1 5 9 17 21 27 33 35 39 45 49 57 61 67 73 75 79 85 89 97 101 107 114 116 121 127 134 136 144 146 154 156 164 166
a 1 5 9 17 21 27 33 35 39 45 49 57 61 67 73 75 79 85 89 97 101 107 114 116 119 127 134 136 144 146 154 156 164 166
a 1 5 9 17 21 27 33 35 39 45 49 57 61 67 73 75 79 85 89 97 101 107 114 116 119 126 134 136 144 146 154 156 164 166
a 1 5 9 17 21 27 33 35 39 45 49 57 61 67 73 75 79 85 89 97 101 107 114 116 124 126 134 136 144 146 154 156 164 166
a 1 5 9 17 21 27 33 35 39 45 49 57 61 67 73 75 79 85 89 96 101 107 114 116 124 126 134 136 144 146 154 156 164 166
a 1 5 9 17 21 27 33 35 39 45 49 57 61 67 73 75 79 85 94 96 101 107 114 116 124 126 134 136 144 146 154 156 164 166
a 1 5 9 17 21 27 33 35 39 45 49 57 61 67 73 75 79 87 94 96 101 107 114 116 124 126 134 136 144 146 154 156 164 166
a 1 5 9 17 21 27 33 35 39 45 49 57 61 67 73 75 81 87 94 96 101 107 114 116 124 126 134 136 144 146 154 156 164 166
a 1 5 9 17 21 27 33 35 39 45 49 55 61 67 73 75 81 87 94 96 101 107 114 116 124 126 134 136 144 146 154 156 164 166
a 1 5 9 17 21 27 33 35 39 45 53 55 61 67 73 75 81 87 94 96 101 107 114 116 124 126 134 136 144 146 154 156 164 166
a 1 5 9 17 21 27 33 35 39 47 53 55 61 67 73 75 81 87 94 96 101 107 114 116 124 126 134 136 144 146 154 156 164 166
a 1 5 9 17 21 27 33 35 41 47 53 55 61 67 73 75 81 87 94 96 101 107 114 116 124 126 134 136 144 146 154 156 164 166
a 1 5 9 15 21 27 33 35 41 47 53 55 61 67 73 75 81 87 94 96 101 107 114 116 124 126 134 136 144 146 154 156 164 166
a 1 5 13 15 21 27 33 35 41 47 53 55 61 67 73 75 81 87 94 96 101 107 114 116 124 126 134 136 144 146 154 156 164 166
a 1 7 13 15 21 27 33 35 41 47 53 55 61 67 73 75 81 87 94 96 101 107 114 116 124 126 134 136 144 146 154 156 164 166
a 3 7 13 15 21 27 33 35 41 47 53 55 61 67 73 75 81 87 94 96 101 107 114 116 124 126 134 136 144 146 154 156 164 166
a 3 7 13 15 19 27 33 35 41 47 53 55 61 67 73 75 81 87 94 96 101 107 114 116 124 126 134 136 144 146 154 156 164 166
a 3 7 13 15 19 25 33 35 41 47 53 55 61 67 73 75 81 87 94 96 101 107 114 116 124 126 134 136 144 146 154 156 164 166
a 3 7 13 15 19 25 29 35 41 47 53 55 61 67 73 75 81 87 94 96 101 107 114 116 124 126 134 136 144 146 154 156 164 166
a 3 7 13 15 19 25 29 37 41 47 53 55 61 67 73 75 81 87 94 96 101 107 114 116 124 126 134 136 144 146 154 156 164 166
a 3 7 13 15 19 25 29 37 41 47 53 55 59 67 73 75 81 87 94 96 101 107 114 116 124 126 134 136 144 146 154 156 164 166
a 3 7 13 15 19 25 29 37 41 47 53 55 59 65 73 75 81 87 94 96 101 107 114 116 124 126 134 136 144 146 154 156 164 166
a 3 7 13 15 19 25 29 37 41 47 53 55 59 65 69 75 81 87 94 96 101 107 114 116 124 126 134 136 144 146 154 156 164 166
a 3 7 13 15 19 25 29 37 41 47 53 55 59 65 69 77 81 87 94 96 101 107 114 116 124 126 134 136 144 146 154 156 164 166
a 3 7 13 15 19 25 29 37 41 47 53 55 59 65 69 77 81 87 94 96 99 107 114 116 124 126 134 136 144 146 154 156 164 166
a 3 7 13 15 19 25 29 37 41 47 53 55 59 65 69 77 81 87 94 96 99 106 114 116 124 126 134 136 144 146 154 156 164 166
a 3 7 13 15 19 25 29 37 41 47 53 55 59 65 69 77 81 87 94 96 104 106 114 116 124 126 134 136 144 146 154 156 164 166
a 3 7 13 15 19 25 29 37 41 47 53 55 59 65 69 76 81 87 94 96 104 106 114 116 124 126 134 136 144 146 154 156 164 166
a 3 7 13 15 19 25 29 37 41 47 53 55 59 65 74 76 81 87 94 96 104 106 114 116 124 126 134 136 144 146 154 156 164 166
a 3 7 13 15 19 25 29 37 41 47 53 55 59 67 74 76 81 87 94 96 104 106 114 116 124 126 134 136 144 146 154 156 164 166
a 3 7 13 15 19 25 29 37 41 47 53 55 61 67 74 76 81 87 94 96 104 106 114 116 124 126 134 136 144 146 154 156 164 166
a 3 7 13 15 19 25 29 35 41 47 53 55 61 67 74 76 81 87 94 96 104 106 114 116 124 126 134 136 144 146 154 156 164 166
a 3 7 13 15 19 25 33 35 41 47 53 55 61 67 74 76 81 87 94 96 104 106 114 116 124 126 134 136 144 146 154 156 164 166
a 3 7 13 15 19 27 33 35 41 47 53 55 61 67 74 76 81 87 94 96 104 106 114 116 124 126 134 136 144 146 154 156 164 166
a 3 7 13 15 21 27 33 35 41 47 53 55 61 67 74 76 81 87 94 96 104 106 114 116 124 126 134 136 144 146 154 156 164 166
a 1 7 13 15 21 27 33 35 41 47 53 55 61 67 74 76 81 87 94 96 104 106 114 116 124 126 134 136 144 146 154 156 164 166
a 1 5 13 15 21 27 33 35 41 47 53 55 61 67 74 76 81 87 94 96 104 106 114 116 124 126 134 136 144 146 154 156 164 166
a 1 5 9 15 21 27 33 35 41 47 53 55 61 67 74 76 81 87 94 96 104 106 114 116 124 126 134 136 144 146 154 156 164 166
a 1 5 9 17 21 27 33 35 41 47 53 55 61 67 74 76 81 87 94 96 104 106 114 116 124 126 134 136 144 146 154 156 164 166
a 1 5 9 17 21 27 33 35 39 47 53 55 61 67 74 76 81 87 94 96 104 106 114 116 124 126 134 136 144 146 154 156 164 166
a 1 5 9 17 21 27 33 35 39 45 53 55 61 67 74 76 81 87 94 96 104 106 114 116 124 126 134 136 144 146 154 156 164 166
a 1 5 9 17 21 27 33 35 39 45 49 55 61 67 74 76 81 87 94 96 104 106 114 116 124 126 134 136 144 146 154 156 164 166
a 1 5 9 17 21 27 33 35 39 45 49 57 61 67 74 76 81 87 94 96 104 106 114 116 124 126 134 136 144 146 154 156 164 166
a 1 5 9 17 21 27 33 35 39 45 49 57 61 67 74 76 79 87 94 96 104 106 114 116 124 126 134 136 144 146 154 156 164 166
a 1 5 9 17 21 27 33 35 39 45 49 57 61 67 74 76 79 86 94 96 104 106 114 116 124 126 134 136 144 146 154 156 164 166
a 1 5 9 17 21 27 33 35 39 45 49 57 61 67 74 76 84 86 94 96 104 106 114 116 124 126 134 136 144 146 154 156 164 166
a 1 5 9 17 21 27 33 35 39 45 49 56 61 67 74 76 84 86 94 96 104 106 114 116 124 126 134 136 144 146 154 156 164 166
a 1 5 9 17 21 27 33 35 39 45 54 56 61 67 74 76 84 86 94 96 104 106 114 116 124 126 134 136 144 146 154 156 164 166
a 1 5 9 17 21 27 33 35 39 47 54 56 61 67 74 76 84 86 94 96 104 106 114 116 124 126 134 136 144 146 154 156 164 166
a 1 5 9 17 21 27 33 35 41 47 54 56 61 67 74 76 84 86 94 96 104 106 114 116 124 126 134 136 144 146 154 156 164 166
a 1 5 9 15 21 27 33 35 41 47 54 56 61 67 74 76 84 86 94 96 104 106 114 116 124 126 134 136 144 146 154 156 164 166
a 1 5 13 15 21 27 33 35 41 47 54 56 61 67 74 76 84 86 94 96 104 106 114 116 124 126 134 136 144 146 154 156 164 166
a 1 7 13 15 21 27 33 35 41 47 54 56 61 67 74 76 84 86 94 96 104 106 114 116 124 126 134 136 144 146 154 156 164 166
a 3 7 13 15 21 27 33 35 41 47 54 56 61 67 74 76 84 86 94 96 104 106 114 116 124 126 134 136 144 146 154 156 164 166
a 3 7 13 15 19 27 33 35 41 47 54 56 61 67 74 76 84 86 94 96 104 106 114 116 124 126 134 136 144 146 154 156 164 166
a 3 7 13 15 19 25 33 35 41 47 54 56 61 67 74 76 84 86 94 96 104 106 114 116 124 126 134 136 144 146 154 156 164 166
a 3 7 13 15 19 25 29 35 41 47 54 56 61 67 74 76 84 86 94 96 104 106 114 116 124 126 134 136 144 146 154 156 164 166
a 3 7 13 15 19 25 29 37 41 47 54 56 61 67 74 76 84 86 94 96 104 106 114 116 124 126 134 136 144 146 154 156 164 166
a 3 7 13 15 19 25 29 37 41 47 54 56 59 67 74 76 84 86 94 96 104 106 114 116 124 126 134 136 144 146 154 156 164 166
a 3 7 13 15 19 25 29 37 41 47 54 56 59 66 74 76 84 86 94 96 104 106 114 116 124 126 134 136 144 146 154 156 164 166
a 3 7 13 15 19 25 29 37 41 47 54 56 64 66 74 76 84 86 94 96 104 106 114 116 124 126 134 136 144 146 154 156 164 166
a 3 7 13 15 19 25 29 36 41 47 54 56 64 66 74 76 84 86 94 96 104 106 114 116 124 126 134 136 144 146 154 156 164 166
a 3 7 13 15 19 25 34 36 41 47 54 56 64 66 74 76 84 86 94 96 104 106 114 116 124 126 134 136 144 146 154 156 164 166
a 3 7 13 15 19 27 34 36 41 47 54 56 64 66 74 76 84 86 94 96 104 106 114 116 124 126 134 136 144 146 154 156 164 166
a 3 7 13 15 21 27 34 36 41 47 54 56 64 66 74 76 84 86 94 96 104 106 114 116 124 126 134 136 144 146 154 156 164 166
a 1 7 13 15 21 27 34 36 41 47 54 56 64 66 74 76 84 86 94 96 104 106 114 116 124 126 134 136 144 146 154 156 164 166
a 1 5 13 15 21 27 34 36 41 47 54 56 64 66 74 76 84 86 94 96 104 106 114 116 124 126 134 136 144 146 154 156 164 166
a 1 5 9 15 21 27 34 36 41 47 54 56 64 66 74 76 84 86 94 96 104 106 114 116 124 126 134 136 144 146 154 156 164 166
a 1 5 9 17 21 27 34 36 41 47 54 56 64 66 74 76 84 86 94 96 104 106 114 116 124 126 134 136 144 146 154 156 164 166
a 1 5 9 17 21 27 34 36 39 47 54 56 64 66 74 76 84 86 94 96 104 106 114 116 124 126 134 136 144 146 154 156 164 166
a 1 5 9 17 21 27 34 36 39 46 54 56 64 66 74 76 84 86 94 96 104 106 114 116 124 126 134 136 144 146 154 156 164 166
a 1 5 9 17 21 27 34 36 44 46 54 56 64 66 74 76 84 86 94 96 104 106 114 116 124 126 134 136 144 146 154 156 164 166
a 1 5 9 16 21 27 34 36 44 46 54 56 64 66 74 76 84 86 94 96 104 106 114 116 124 126 134 136 144 146 154 156 164 166
a 1 5 14 16 21 27 34 36 44 46 54 56 64 66 74 76 84 86 94 96 104 106 114 116 124 126 134 136 144 146 154 156 164 166
a 1 7 14 16 21 27 34 36 44 46 54 56 64 66 74 76 84 86 94 96 104 106 114 116 124 126 134 136 144 146 154 156 164 166
a 3 7 14 16 21 27 34 36 44 46 54 56 64 66 74 76 84 86 94 96 104 106 114 116 124 126 134 136 144 146 154 156 164 166
a 3 7 14 16 19 27 34 36 44 46 54 56 64 66 74 76 84 86 94 96 104 106 114 116 124 126 134 136 144 146 154 156 164 166
a 3 7 14 16 19 26 34 36 44 46 54 56 64 66 74 76 84 86 94 96 104 106 114 116 124 126 134 136 144 146 154 156 164 166
a 3 7 14 16 24 26 34 36 44 46 54 56 64 66 74 76 84 86 94 96 104 106 114 116 124 126 134 136 144 146 154 156 164 166
a 2 7 14 16 24 26 34 36 44 46 54 56 64 66 74 76 84 86 94 96 104 106 114 116 124 126 134 136 144 146 154 156 164 166
a 2 6 14 16 24 26 34 36 44 46 54 56 64 66 74 76 84 86 94 96 104 106 114 116 124 126 134 136 144 146 154 156 164 166
Reconfiguration time = 1.682157
	Command being timed: "timeout 0.5h ../ddreconf/ddreconf ../instances_pw_col/suzuki_instance_2_8_2_2.pw.col --st --stfile=../benchmark_instances/2023result/docs/solver/benchmark/hand_made_wide/square_wide/suzuki_instance_2_8_2_2_01.dat --tj --indset"
	User time (seconds): 1.70
	System time (seconds): 0.06
	Percent of CPU this job got: 99%
	Elapsed (wall clock) time (h:mm:ss or m:ss): 0:01.77
	Average shared text size (kbytes): 0
	Average unshared data size (kbytes): 0
	Average stack size (kbytes): 0
	Average total size (kbytes): 0
	Maximum resident set size (kbytes): 72828
	Average resident set size (kbytes): 0
	Major (requiring I/O) page faults: 0
	Minor (reclaiming a frame) page faults: 20040
	Voluntary context switches: 4
	Involuntary context switches: 5
	Swaps: 0
	File system inputs: 8
	File system outputs: 128
	Socket messages sent: 0
	Socket messages received: 0
	Signals delivered: 0
	Page size (bytes): 4096
	Exit status: 0
