Input graph file parsed. # of vertices = 128, # of edges = 436
s 4 8 12 18 22 28 32 38 42 48 52 58 62 68 72 78 82 88 92 98 102 108 112 118 122 128
t 2 6 14 16 24 26 34 36 44 46 54 56 64 66 74 76 84 86 94 96 104 106 114 116 124 126
Solution space ZDD construction start
Solution space ZDD construction end
Solution space ZDD construction time = 0.041178
Solution space ZDD size = 332
# of elements in the solution space = 162292015497931901
Start searching a reconfiguration sequence from s to t
Step 1 time = 0.000400, # ZDD nodes = 90, # elems = 40
Step 2 time = 0.000401, # ZDD nodes = 154, # elems = 759
Step 3 time = 0.000345, # ZDD nodes = 213, # elems = 9104
Step 4 time = 0.000448, # ZDD nodes = 266, # elems = 77614
Step 5 time = 0.000667, # ZDD nodes = 321, # elems = 501328
Step 6 time = 0.000427, # ZDD nodes = 375, # elems = 2553706
Step 7 time = 0.000480, # ZDD nodes = 424, # elems = 10541200
Step 8 time = 0.000511, # ZDD nodes = 463, # elems = 35948795
Step 9 time = 0.000427, # ZDD nodes = 496, # elems = 102734248
Step 10 time = 0.000341, # ZDD nodes = 527, # elems = 248647541
Step 11 time = 0.000398, # ZDD nodes = 556, # elems = 513800832
Step 12 time = 0.000363, # ZDD nodes = 591, # elems = 912301316
Step 13 time = 0.000520, # ZDD nodes = 630, # elems = 1400009040
Step 14 time = 0.000528, # ZDD nodes = 664, # elems = 1869371516
Step 15 time = 0.000531, # ZDD nodes = 689, # elems = 2195001952
Step 16 time = 0.000482, # ZDD nodes = 710, # elems = 2312145063
Step 17 time = 0.000454, # ZDD nodes = 728, # elems = 2268518456
Step 18 time = 0.000471, # ZDD nodes = 744, # elems = 2198895217
Step 19 time = 0.000473, # ZDD nodes = 758, # elems = 2234509968
Step 20 time = 0.000435, # ZDD nodes = 770, # elems = 2415644446
Step 21 time = 0.000433, # ZDD nodes = 781, # elems = 2668968496
Step 22 time = 0.000484, # ZDD nodes = 798, # elems = 2855540154
Step 23 time = 0.000565, # ZDD nodes = 809, # elems = 2851272400
Step 24 time = 0.000626, # ZDD nodes = 817, # elems = 2618038525
Step 25 time = 0.000606, # ZDD nodes = 818, # elems = 2237834552
Step 26 time = 0.000610, # ZDD nodes = 810, # elems = 1893094339
Step 27 time = 0.000589, # ZDD nodes = 805, # elems = 1792689248
Step 28 time = 0.000645, # ZDD nodes = 815, # elems = 2071946960
Step 29 time = 0.000529, # ZDD nodes = 823, # elems = 2715880496
Step 30 time = 0.000550, # ZDD nodes = 827, # elems = 3547870912
Step 31 time = 0.000543, # ZDD nodes = 831, # elems = 4296096832
Step 32 time = 0.000575, # ZDD nodes = 831, # elems = 4713137728
Step 33 time = 0.000581, # ZDD nodes = 823, # elems = 4693528256
Step 34 time = 0.000606, # ZDD nodes = 830, # elems = 4324296448
Step 35 time = 0.000689, # ZDD nodes = 846, # elems = 3830735360
Step 36 time = 0.000596, # ZDD nodes = 864, # elems = 3443190784
Step 37 time = 0.000689, # ZDD nodes = 895, # elems = 3272432640
Step 38 time = 0.000656, # ZDD nodes = 920, # elems = 3282075648
Step 39 time = 0.000796, # ZDD nodes = 943, # elems = 3372480256
Step 40 time = 0.000787, # ZDD nodes = 945, # elems = 3503695104
Step 41 time = 0.000870, # ZDD nodes = 951, # elems = 3756173312
Step 42 time = 0.000759, # ZDD nodes = 961, # elems = 4271924224
Step 43 time = 0.000925, # ZDD nodes = 971, # elems = 5109384192
Step 44 time = 0.000786, # ZDD nodes = 988, # elems = 6128580608
Step 45 time = 0.000935, # ZDD nodes = 999, # elems = 7019845632
Step 46 time = 0.000937, # ZDD nodes = 1005, # elems = 7476455424
Step 47 time = 0.000946, # ZDD nodes = 1009, # elems = 7386515456
Step 48 time = 0.000789, # ZDD nodes = 1011, # elems = 6901343232
Step 49 time = 0.000822, # ZDD nodes = 1010, # elems = 6335279104
Step 50 time = 0.000786, # ZDD nodes = 1008, # elems = 5976600576
Step 51 time = 0.000734, # ZDD nodes = 988, # elems = 5944692736
Step 52 time = 0.000522, # ZDD nodes = 974, # elems = 6173478912
Step 53 time = 0.000616, # ZDD nodes = 970, # elems = 6490923008
Step 54 time = 0.000701, # ZDD nodes = 970, # elems = 6713749504
Step 55 time = 0.000778, # ZDD nodes = 974, # elems = 6717829120
Step 56 time = 0.000762, # ZDD nodes = 992, # elems = 6492307456
Step 57 time = 0.000970, # ZDD nodes = 1024, # elems = 6181097472
Step 58 time = 0.001005, # ZDD nodes = 1062, # elems = 6086483968
Step 59 time = 0.001278, # ZDD nodes = 1091, # elems = 6585069568
Step 60 time = 0.001243, # ZDD nodes = 1111, # elems = 7924596736
Step 61 time = 0.001357, # ZDD nodes = 1127, # elems = 9985376256
Step 62 time = 0.001296, # ZDD nodes = 1141, # elems = 12209127424
Step 63 time = 0.001074, # ZDD nodes = 1158, # elems = 13823639552
Step 64 time = 0.001030, # ZDD nodes = 1191, # elems = 14253441024
Step 65 time = 0.001037, # ZDD nodes = 1210, # elems = 13451722752
Step 66 time = 0.001019, # ZDD nodes = 1207, # elems = 11934924800
Step 67 time = 0.000973, # ZDD nodes = 1195, # elems = 10486169600
Step 68 time = 0.001010, # ZDD nodes = 1177, # elems = 9717383168
Step 69 time = 0.001009, # ZDD nodes = 1157, # elems = 9785278464
Step 70 time = 0.000887, # ZDD nodes = 1121, # elems = 10418110464
Step 71 time = 0.001026, # ZDD nodes = 1099, # elems = 11161419776
Step 72 time = 0.001228, # ZDD nodes = 1082, # elems = 11648368640
Step 73 time = 0.000991, # ZDD nodes = 1076, # elems = 11766005760
Step 74 time = 0.001121, # ZDD nodes = 1084, # elems = 11663376384
Step 75 time = 0.001098, # ZDD nodes = 1100, # elems = 11605311488
Step 76 time = 0.001111, # ZDD nodes = 1122, # elems = 11774918656
Step 77 time = 0.000964, # ZDD nodes = 1139, # elems = 12175671296
Step 78 time = 0.001050, # ZDD nodes = 1146, # elems = 12691046400
Step 79 time = 0.001202, # ZDD nodes = 1166, # elems = 13250068480
Step 80 time = 0.001139, # ZDD nodes = 1192, # elems = 13999407104
Step 81 time = 0.001125, # ZDD nodes = 1226, # elems = 15340208128
Step 82 time = 0.001139, # ZDD nodes = 1278, # elems = 17692229632
Step 83 time = 0.001528, # ZDD nodes = 1320, # elems = 21094400000
Step 84 time = 0.001095, # ZDD nodes = 1350, # elems = 24972296192
Step 85 time = 0.001102, # ZDD nodes = 1356, # elems = 28295364608
Step 86 time = 0.001376, # ZDD nodes = 1354, # elems = 30050942976
Step 87 time = 0.001126, # ZDD nodes = 1348, # elems = 29787422720
Step 88 time = 0.001315, # ZDD nodes = 1338, # elems = 27918598144
Step 89 time = 0.001518, # ZDD nodes = 1308, # elems = 25524436992
Step 90 time = 0.001212, # ZDD nodes = 1288, # elems = 23755489280
Step 91 time = 0.001149, # ZDD nodes = 1288, # elems = 23278649344
Step 92 time = 0.001271, # ZDD nodes = 1288, # elems = 24095752192
Step 93 time = 0.001450, # ZDD nodes = 1280, # elems = 25688276992
Step 94 time = 0.001286, # ZDD nodes = 1262, # elems = 27332444160
Step 95 time = 0.001595, # ZDD nodes = 1245, # elems = 28461760512
Step 96 time = 0.001445, # ZDD nodes = 1230, # elems = 28902686720
Step 97 time = 0.001315, # ZDD nodes = 1217, # elems = 28873326592
Step 98 time = 0.001324, # ZDD nodes = 1214, # elems = 28819587072
Step 99 time = 0.001462, # ZDD nodes = 1211, # elems = 29221715968
Step 100 time = 0.001124, # ZDD nodes = 1198, # elems = 30386421760
Step 101 time = 0.001194, # ZDD nodes = 1185, # elems = 32246857728
Step 102 time = 0.001159, # ZDD nodes = 1193, # elems = 34310717440
Step 103 time = 0.001173, # ZDD nodes = 1216, # elems = 35905339392
Step 104 time = 0.001218, # ZDD nodes = 1256, # elems = 36655071232
Step 105 time = 0.001447, # ZDD nodes = 1300, # elems = 36836474880
Step 106 time = 0.001494, # ZDD nodes = 1336, # elems = 37354471424
Step 107 time = 0.001691, # ZDD nodes = 1362, # elems = 39106641920
Step 108 time = 0.001240, # ZDD nodes = 1380, # elems = 42255515648
Step 109 time = 0.001419, # ZDD nodes = 1394, # elems = 45738885120
Step 110 time = 0.001251, # ZDD nodes = 1394, # elems = 47934603264
Step 111 time = 0.001241, # ZDD nodes = 1396, # elems = 47643099136
Step 112 time = 0.001408, # ZDD nodes = 1406, # elems = 45083525120
Step 113 time = 0.001262, # ZDD nodes = 1430, # elems = 41634758656
Step 114 time = 0.001425, # ZDD nodes = 1430, # elems = 39149633536
Step 115 time = 0.001261, # ZDD nodes = 1414, # elems = 38758514688
Step 116 time = 0.001235, # ZDD nodes = 1389, # elems = 40396390400
Step 117 time = 0.001170, # ZDD nodes = 1360, # elems = 42863689728
Step 118 time = 0.001551, # ZDD nodes = 1336, # elems = 44690309120
Step 119 time = 0.001139, # ZDD nodes = 1308, # elems = 44912607232
Step 120 time = 0.001052, # ZDD nodes = 1276, # elems = 43499126784
Step 121 time = 0.001193, # ZDD nodes = 1246, # elems = 41195405312
Step 122 time = 0.001095, # ZDD nodes = 1218, # elems = 39044775936
Step 123 time = 0.001192, # ZDD nodes = 1192, # elems = 37920702464
Step 124 time = 0.001340, # ZDD nodes = 1182, # elems = 38256246784
Step 125 time = 0.001050, # ZDD nodes = 1186, # elems = 39925579776
Step 126 time = 0.001033, # ZDD nodes = 1202, # elems = 42224058368
Step 127 time = 0.001329, # ZDD nodes = 1222, # elems = 44094717952
Step 128 time = 0.001252, # ZDD nodes = 1244, # elems = 44619005952
Step 129 time = 0.001289, # ZDD nodes = 1270, # elems = 43553652736
Step 130 time = 0.001174, # ZDD nodes = 1276, # elems = 41540386816
Step 131 time = 0.001468, # ZDD nodes = 1276, # elems = 39686504448
Step 132 time = 0.001363, # ZDD nodes = 1272, # elems = 38797312000
Step 133 time = 0.001335, # ZDD nodes = 1264, # elems = 38793117696
Step 134 time = 0.001180, # ZDD nodes = 1244, # elems = 38893780992
Step 135 time = 0.001390, # ZDD nodes = 1220, # elems = 38247858176
Step 136 time = 0.001296, # ZDD nodes = 1188, # elems = 36540776448
Step 137 time = 0.001427, # ZDD nodes = 1158, # elems = 34129051648
Step 138 time = 0.001080, # ZDD nodes = 1119, # elems = 31914459136
Step 139 time = 0.001048, # ZDD nodes = 1078, # elems = 30765219840
Step 140 time = 0.001629, # ZDD nodes = 1038, # elems = 30941380608
Step 141 time = 0.000955, # ZDD nodes = 1000, # elems = 31855738880
Step 142 time = 0.001075, # ZDD nodes = 964, # elems = 32463912960
Step 143 time = 0.000866, # ZDD nodes = 922, # elems = 31927042048
Step 144 time = 0.000820, # ZDD nodes = 886, # elems = 30115102720
Step 145 time = 0.000794, # ZDD nodes = 872, # elems = 27581743104
Step 146 time = 0.000779, # ZDD nodes = 852, # elems = 25132269568
Step 147 time = 0.000753, # ZDD nodes = 846, # elems = 23437770752
Step 148 time = 0.000742, # ZDD nodes = 872, # elems = 22833790976
Step 149 time = 0.000737, # ZDD nodes = 894, # elems = 23186112512
Step 150 time = 0.000700, # ZDD nodes = 904, # elems = 23924310016
Step 151 time = 0.000696, # ZDD nodes = 908, # elems = 24310185984
Step 152 time = 0.000669, # ZDD nodes = 898, # elems = 23706206208
Step 153 time = 0.000657, # ZDD nodes = 882, # elems = 21860712448
Step 154 time = 0.000657, # ZDD nodes = 846, # elems = 19209912320
Step 155 time = 0.000651, # ZDD nodes = 812, # elems = 16693329920
Step 156 time = 0.000629, # ZDD nodes = 784, # elems = 15082717184
Step 157 time = 0.000607, # ZDD nodes = 758, # elems = 14512291840
Step 158 time = 0.000609, # ZDD nodes = 754, # elems = 14629732352
Step 159 time = 0.000607, # ZDD nodes = 744, # elems = 14898167808
Step 160 time = 0.000917, # ZDD nodes = 734, # elems = 14680064000
Step 161 time = 0.000600, # ZDD nodes = 718, # elems = 13589544960
Step 162 time = 0.000580, # ZDD nodes = 684, # elems = 12046041088
Step 163 time = 0.000544, # ZDD nodes = 653, # elems = 10854858752
Step 164 time = 0.000484, # ZDD nodes = 618, # elems = 10250878976
Step 165 time = 0.000414, # ZDD nodes = 586, # elems = 9932111872
Step 166 time = 0.000677, # ZDD nodes = 554, # elems = 9596567552
Step 167 time = 0.000312, # ZDD nodes = 518, # elems = 8925478912
Step 168 time = 0.000280, # ZDD nodes = 478, # elems = 7717519360
Step 169 time = 0.000257, # ZDD nodes = 428, # elems = 6308233216
Step 170 time = 0.000248, # ZDD nodes = 380, # elems = 5234491392
Step 171 time = 0.000231, # ZDD nodes = 340, # elems = 4563402752
Step 172 time = 0.000230, # ZDD nodes = 304, # elems = 4093640704
Step 173 time = 0.000217, # ZDD nodes = 276, # elems = 3892314112
Step 174 time = 0.000221, # ZDD nodes = 272, # elems = 4026531840
Step 175 time = 0.000211, # ZDD nodes = 272, # elems = 4160749568
Step 176 time = 0.000209, # ZDD nodes = 268, # elems = 3959422976
Step 177 time = 0.000207, # ZDD nodes = 258, # elems = 3489660928
Step 178 time = 0.000201, # ZDD nodes = 234, # elems = 2885681152
Step 179 time = 0.000194, # ZDD nodes = 210, # elems = 2147483648
Step 180 time = 0.000195, # ZDD nodes = 192, # elems = 1543503872
Step 181 time = 0.000186, # ZDD nodes = 184, # elems = 1476395008
Step 182 time = 0.000186, # ZDD nodes = 186, # elems = 1811939328
t found
a YES
a 4 8 12 18 22 28 32 38 42 48 52 58 62 68 72 78 82 88 92 98 102 108 112 118 122 128
a 1 8 12 18 22 28 32 38 42 48 52 58 62 68 72 78 82 88 92 98 102 108 112 118 122 128
a 1 5 12 18 22 28 32 38 42 48 52 58 62 68 72 78 82 88 92 98 102 108 112 118 122 128
a 1 5 9 18 22 28 32 38 42 48 52 58 62 68 72 78 82 88 92 98 102 108 112 118 122 128
a 1 5 9 15 22 28 32 38 42 48 52 58 62 68 72 78 82 88 92 98 102 108 112 118 122 128
a 1 5 13 15 22 28 32 38 42 48 52 58 62 68 72 78 82 88 92 98 102 108 112 118 122 128
a 1 7 13 15 22 28 32 38 42 48 52 58 62 68 72 78 82 88 92 98 102 108 112 118 122 128
a 3 7 13 15 22 28 32 38 42 48 52 58 62 68 72 78 82 88 92 98 102 108 112 118 122 128
a 3 7 13 15 19 28 32 38 42 48 52 58 62 68 72 78 82 88 92 98 102 108 112 118 122 128
a 3 7 13 15 19 25 32 38 42 48 52 58 62 68 72 78 82 88 92 98 102 108 112 118 122 128
a 3 7 13 15 19 25 29 38 42 48 52 58 62 68 72 78 82 88 92 98 102 108 112 118 122 128
a 3 7 13 15 19 25 29 35 42 48 52 58 62 68 72 78 82 88 92 98 102 108 112 118 122 128
a 3 7 13 15 19 25 33 35 42 48 52 58 62 68 72 78 82 88 92 98 102 108 112 118 122 128
a 3 7 13 15 19 27 33 35 42 48 52 58 62 68 72 78 82 88 92 98 102 108 112 118 122 128
a 3 7 13 15 21 27 33 35 42 48 52 58 62 68 72 78 82 88 92 98 102 108 112 118 122 128
a 1 7 13 15 21 27 33 35 42 48 52 58 62 68 72 78 82 88 92 98 102 108 112 118 122 128
a 1 5 13 15 21 27 33 35 42 48 52 58 62 68 72 78 82 88 92 98 102 108 112 118 122 128
a 1 5 9 15 21 27 33 35 42 48 52 58 62 68 72 78 82 88 92 98 102 108 112 118 122 128
a 1 5 9 17 21 27 33 35 42 48 52 58 62 68 72 78 82 88 92 98 102 108 112 118 122 128
a 1 5 9 17 21 27 33 35 39 48 52 58 62 68 72 78 82 88 92 98 102 108 112 118 122 128
a 1 5 9 17 21 27 33 35 39 45 52 58 62 68 72 78 82 88 92 98 102 108 112 118 122 128
a 1 5 9 17 21 27 33 35 39 45 49 58 62 68 72 78 82 88 92 98 102 108 112 118 122 128
a 1 5 9 17 21 27 33 35 39 45 49 55 62 68 72 78 82 88 92 98 102 108 112 118 122 128
a 1 5 9 17 21 27 33 35 39 45 53 55 62 68 72 78 82 88 92 98 102 108 112 118 122 128
a 1 5 9 17 21 27 33 35 39 47 53 55 62 68 72 78 82 88 92 98 102 108 112 118 122 128
a 1 5 9 17 21 27 33 35 41 47 53 55 62 68 72 78 82 88 92 98 102 108 112 118 122 128
a 1 5 9 15 21 27 33 35 41 47 53 55 62 68 72 78 82 88 92 98 102 108 112 118 122 128
a 1 5 13 15 21 27 33 35 41 47 53 55 62 68 72 78 82 88 92 98 102 108 112 118 122 128
a 1 7 13 15 21 27 33 35 41 47 53 55 62 68 72 78 82 88 92 98 102 108 112 118 122 128
a 3 7 13 15 21 27 33 35 41 47 53 55 62 68 72 78 82 88 92 98 102 108 112 118 122 128
a 3 7 13 15 19 27 33 35 41 47 53 55 62 68 72 78 82 88 92 98 102 108 112 118 122 128
a 3 7 13 15 19 25 33 35 41 47 53 55 62 68 72 78 82 88 92 98 102 108 112 118 122 128
a 3 7 13 15 19 25 29 35 41 47 53 55 62 68 72 78 82 88 92 98 102 108 112 118 122 128
a 3 7 13 15 19 25 29 37 41 47 53 55 62 68 72 78 82 88 92 98 102 108 112 118 122 128
a 3 7 13 15 19 25 29 37 41 47 53 55 59 68 72 78 82 88 92 98 102 108 112 118 122 128
a 3 7 13 15 19 25 29 37 41 47 53 55 59 65 72 78 82 88 92 98 102 108 112 118 122 128
a 3 7 13 15 19 25 29 37 41 47 53 55 59 65 69 78 82 88 92 98 102 108 112 118 122 128
a 3 7 13 15 19 25 29 37 41 47 53 55 59 65 69 75 82 88 92 98 102 108 112 118 122 128
a 3 7 13 15 19 25 29 37 41 47 53 55 59 65 73 75 82 88 92 98 102 108 112 118 122 128
a 3 7 13 15 19 25 29 37 41 47 53 55 59 67 73 75 82 88 92 98 102 108 112 118 122 128
a 3 7 13 15 19 25 29 37 41 47 53 55 61 67 73 75 82 88 92 98 102 108 112 118 122 128
a 3 7 13 15 19 25 29 35 41 47 53 55 61 67 73 75 82 88 92 98 102 108 112 118 122 128
a 3 7 13 15 19 25 33 35 41 47 53 55 61 67 73 75 82 88 92 98 102 108 112 118 122 128
a 3 7 13 15 19 27 33 35 41 47 53 55 61 67 73 75 82 88 92 98 102 108 112 118 122 128
a 3 7 13 15 21 27 33 35 41 47 53 55 61 67 73 75 82 88 92 98 102 108 112 118 122 128
a 1 7 13 15 21 27 33 35 41 47 53 55 61 67 73 75 82 88 92 98 102 108 112 118 122 128
a 1 5 13 15 21 27 33 35 41 47 53 55 61 67 73 75 82 88 92 98 102 108 112 118 122 128
a 1 5 9 15 21 27 33 35 41 47 53 55 61 67 73 75 82 88 92 98 102 108 112 118 122 128
a 1 5 9 17 21 27 33 35 41 47 53 55 61 67 73 75 82 88 92 98 102 108 112 118 122 128
a 1 5 9 17 21 27 33 35 39 47 53 55 61 67 73 75 82 88 92 98 102 108 112 118 122 128
a 1 5 9 17 21 27 33 35 39 45 53 55 61 67 73 75 82 88 92 98 102 108 112 118 122 128
a 1 5 9 17 21 27 33 35 39 45 49 55 61 67 73 75 82 88 92 98 102 108 112 118 122 128
a 1 5 9 17 21 27 33 35 39 45 49 57 61 67 73 75 82 88 92 98 102 108 112 118 122 128
a 1 5 9 17 21 27 33 35 39 45 49 57 61 67 73 75 79 88 92 98 102 108 112 118 122 128
a 1 5 9 17 21 27 33 35 39 45 49 57 61 67 73 75 79 85 92 98 102 108 112 118 122 128
a 1 5 9 17 21 27 33 35 39 45 49 57 61 67 73 75 79 85 89 98 102 108 112 118 122 128
a 1 5 9 17 21 27 33 35 39 45 49 57 61 67 73 75 79 85 89 95 102 108 112 118 122 128
a 1 5 9 17 21 27 33 35 39 45 49 57 61 67 73 75 79 85 93 95 102 108 112 118 122 128
a 1 5 9 17 21 27 33 35 39 45 49 57 61 67 73 75 79 87 93 95 102 108 112 118 122 128
a 1 5 9 17 21 27 33 35 39 45 49 57 61 67 73 75 81 87 93 95 102 108 112 118 122 128
a 1 5 9 17 21 27 33 35 39 45 49 55 61 67 73 75 81 87 93 95 102 108 112 118 122 128
a 1 5 9 17 21 27 33 35 39 45 53 55 61 67 73 75 81 87 93 95 102 108 112 118 122 128
a 1 5 9 17 21 27 33 35 39 47 53 55 61 67 73 75 81 87 93 95 102 108 112 118 122 128
a 1 5 9 17 21 27 33 35 41 47 53 55 61 67 73 75 81 87 93 95 102 108 112 118 122 128
a 1 5 9 15 21 27 33 35 41 47 53 55 61 67 73 75 81 87 93 95 102 108 112 118 122 128
a 1 5 13 15 21 27 33 35 41 47 53 55 61 67 73 75 81 87 93 95 102 108 112 118 122 128
a 1 7 13 15 21 27 33 35 41 47 53 55 61 67 73 75 81 87 93 95 102 108 112 118 122 128
a 3 7 13 15 21 27 33 35 41 47 53 55 61 67 73 75 81 87 93 95 102 108 112 118 122 128
a 3 7 13 15 19 27 33 35 41 47 53 55 61 67 73 75 81 87 93 95 102 108 112 118 122 128
a 3 7 13 15 19 25 33 35 41 47 53 55 61 67 73 75 81 87 93 95 102 108 112 118 122 128
a 3 7 13 15 19 25 29 35 41 47 53 55 61 67 73 75 81 87 93 95 102 108 112 118 122 128
a 3 7 13 15 19 25 29 37 41 47 53 55 61 67 73 75 81 87 93 95 102 108 112 118 122 128
a 3 7 13 15 19 25 29 37 41 47 53 55 59 67 73 75 81 87 93 95 102 108 112 118 122 128
a 3 7 13 15 19 25 29 37 41 47 53 55 59 65 73 75 81 87 93 95 102 108 112 118 122 128
a 3 7 13 15 19 25 29 37 41 47 53 55 59 65 69 75 81 87 93 95 102 108 112 118 122 128
a 3 7 13 15 19 25 29 37 41 47 53 55 59 65 69 77 81 87 93 95 102 108 112 118 122 128
a 3 7 13 15 19 25 29 37 41 47 53 55 59 65 69 77 81 87 93 95 99 108 112 118 122 128
a 3 7 13 15 19 25 29 37 41 47 53 55 59 65 69 77 81 87 93 95 99 105 112 118 122 128
a 3 7 13 15 19 25 29 37 41 47 53 55 59 65 69 77 81 87 93 95 99 105 109 118 122 128
a 3 7 13 15 19 25 29 37 41 47 53 55 59 65 69 77 81 87 93 95 99 105 109 116 122 128
a 3 7 13 15 19 25 29 37 41 47 53 55 59 65 69 77 81 87 93 95 99 105 114 116 122 128
a 3 7 13 15 19 25 29 37 41 47 53 55 59 65 69 77 81 87 93 95 99 107 114 116 122 128
a 3 7 13 15 19 25 29 37 41 47 53 55 59 65 69 77 81 87 93 95 101 107 114 116 122 128
a 3 7 13 15 19 25 29 37 41 47 53 55 59 65 69 75 81 87 93 95 101 107 114 116 122 128
a 3 7 13 15 19 25 29 37 41 47 53 55 59 65 73 75 81 87 93 95 101 107 114 116 122 128
a 3 7 13 15 19 25 29 37 41 47 53 55 59 67 73 75 81 87 93 95 101 107 114 116 122 128
a 3 7 13 15 19 25 29 37 41 47 53 55 61 67 73 75 81 87 93 95 101 107 114 116 122 128
a 3 7 13 15 19 25 29 35 41 47 53 55 61 67 73 75 81 87 93 95 101 107 114 116 122 128
a 3 7 13 15 19 25 33 35 41 47 53 55 61 67 73 75 81 87 93 95 101 107 114 116 122 128
a 3 7 13 15 19 27 33 35 41 47 53 55 61 67 73 75 81 87 93 95 101 107 114 116 122 128
a 3 7 13 15 21 27 33 35 41 47 53 55 61 67 73 75 81 87 93 95 101 107 114 116 122 128
a 1 7 13 15 21 27 33 35 41 47 53 55 61 67 73 75 81 87 93 95 101 107 114 116 122 128
a 1 5 13 15 21 27 33 35 41 47 53 55 61 67 73 75 81 87 93 95 101 107 114 116 122 128
a 1 5 9 15 21 27 33 35 41 47 53 55 61 67 73 75 81 87 93 95 101 107 114 116 122 128
a 1 5 9 17 21 27 33 35 41 47 53 55 61 67 73 75 81 87 93 95 101 107 114 116 122 128
a 1 5 9 17 21 27 33 35 39 47 53 55 61 67 73 75 81 87 93 95 101 107 114 116 122 128
a 1 5 9 17 21 27 33 35 39 45 53 55 61 67 73 75 81 87 93 95 101 107 114 116 122 128
a 1 5 9 17 21 27 33 35 39 45 49 55 61 67 73 75 81 87 93 95 101 107 114 116 122 128
a 1 5 9 17 21 27 33 35 39 45 49 57 61 67 73 75 81 87 93 95 101 107 114 116 122 128
a 1 5 9 17 21 27 33 35 39 45 49 57 61 67 73 75 79 87 93 95 101 107 114 116 122 128
a 1 5 9 17 21 27 33 35 39 45 49 57 61 67 73 75 79 85 93 95 101 107 114 116 122 128
a 1 5 9 17 21 27 33 35 39 45 49 57 61 67 73 75 79 85 89 95 101 107 114 116 122 128
a 1 5 9 17 21 27 33 35 39 45 49 57 61 67 73 75 79 85 89 97 101 107 114 116 122 128
a 1 5 9 17 21 27 33 35 39 45 49 57 61 67 73 75 79 85 89 97 101 107 114 116 119 128
a 1 5 9 17 21 27 33 35 39 45 49 57 61 67 73 75 79 85 89 97 101 107 114 116 119 126
a 1 5 9 17 21 27 33 35 39 45 49 57 61 67 73 75 79 85 89 97 101 107 114 116 124 126
a 1 5 9 17 21 27 33 35 39 45 49 57 61 67 73 75 79 85 89 96 101 107 114 116 124 126
a 1 5 9 17 21 27 33 35 39 45 49 57 61 67 73 75 79 85 94 96 101 107 114 116 124 126
a 1 5 9 17 21 27 33 35 39 45 49 57 61 67 73 75 79 87 94 96 101 107 114 116 124 126
a 1 5 9 17 21 27 33 35 39 45 49 57 61 67 73 75 81 87 94 96 101 107 114 116 124 126
a 1 5 9 17 21 27 33 35 39 45 49 55 61 67 73 75 81 87 94 96 101 107 114 116 124 126
a 1 5 9 17 21 27 33 35 39 45 53 55 61 67 73 75 81 87 94 96 101 107 114 116 124 126
a 1 5 9 17 21 27 33 35 39 47 53 55 61 67 73 75 81 87 94 96 101 107 114 116 124 126
a 1 5 9 17 21 27 33 35 41 47 53 55 61 67 73 75 81 87 94 96 101 107 114 116 124 126
a 1 5 9 15 21 27 33 35 41 47 53 55 61 67 73 75 81 87 94 96 101 107 114 116 124 126
a 1 5 13 15 21 27 33 35 41 47 53 55 61 67 73 75 81 87 94 96 101 107 114 116 124 126
a 1 7 13 15 21 27 33 35 41 47 53 55 61 67 73 75 81 87 94 96 101 107 114 116 124 126
a 3 7 13 15 21 27 33 35 41 47 53 55 61 67 73 75 81 87 94 96 101 107 114 116 124 126
a 3 7 13 15 19 27 33 35 41 47 53 55 61 67 73 75 81 87 94 96 101 107 114 116 124 126
a 3 7 13 15 19 25 33 35 41 47 53 55 61 67 73 75 81 87 94 96 101 107 114 116 124 126
a 3 7 13 15 19 25 29 35 41 47 53 55 61 67 73 75 81 87 94 96 101 107 114 116 124 126
a 3 7 13 15 19 25 29 37 41 47 53 55 61 67 73 75 81 87 94 96 101 107 114 116 124 126
a 3 7 13 15 19 25 29 37 41 47 53 55 59 67 73 75 81 87 94 96 101 107 114 116 124 126
a 3 7 13 15 19 25 29 37 41 47 53 55 59 65 73 75 81 87 94 96 101 107 114 116 124 126
a 3 7 13 15 19 25 29 37 41 47 53 55 59 65 69 75 81 87 94 96 101 107 114 116 124 126
a 3 7 13 15 19 25 29 37 41 47 53 55 59 65 69 77 81 87 94 96 101 107 114 116 124 126
a 3 7 13 15 19 25 29 37 41 47 53 55 59 65 69 77 81 87 94 96 99 107 114 116 124 126
a 3 7 13 15 19 25 29 37 41 47 53 55 59 65 69 77 81 87 94 96 99 106 114 116 124 126
a 3 7 13 15 19 25 29 37 41 47 53 55 59 65 69 77 81 87 94 96 104 106 114 116 124 126
a 3 7 13 15 19 25 29 37 41 47 53 55 59 65 69 76 81 87 94 96 104 106 114 116 124 126
a 3 7 13 15 19 25 29 37 41 47 53 55 59 65 74 76 81 87 94 96 104 106 114 116 124 126
a 3 7 13 15 19 25 29 37 41 47 53 55 59 67 74 76 81 87 94 96 104 106 114 116 124 126
a 3 7 13 15 19 25 29 37 41 47 53 55 61 67 74 76 81 87 94 96 104 106 114 116 124 126
a 3 7 13 15 19 25 29 35 41 47 53 55 61 67 74 76 81 87 94 96 104 106 114 116 124 126
a 3 7 13 15 19 25 33 35 41 47 53 55 61 67 74 76 81 87 94 96 104 106 114 116 124 126
a 3 7 13 15 19 27 33 35 41 47 53 55 61 67 74 76 81 87 94 96 104 106 114 116 124 126
a 3 7 13 15 21 27 33 35 41 47 53 55 61 67 74 76 81 87 94 96 104 106 114 116 124 126
a 1 7 13 15 21 27 33 35 41 47 53 55 61 67 74 76 81 87 94 96 104 106 114 116 124 126
a 1 5 13 15 21 27 33 35 41 47 53 55 61 67 74 76 81 87 94 96 104 106 114 116 124 126
a 1 5 9 15 21 27 33 35 41 47 53 55 61 67 74 76 81 87 94 96 104 106 114 116 124 126
a 1 5 9 17 21 27 33 35 41 47 53 55 61 67 74 76 81 87 94 96 104 106 114 116 124 126
a 1 5 9 17 21 27 33 35 39 47 53 55 61 67 74 76 81 87 94 96 104 106 114 116 124 126
a 1 5 9 17 21 27 33 35 39 45 53 55 61 67 74 76 81 87 94 96 104 106 114 116 124 126
a 1 5 9 17 21 27 33 35 39 45 49 55 61 67 74 76 81 87 94 96 104 106 114 116 124 126
a 1 5 9 17 21 27 33 35 39 45 49 57 61 67 74 76 81 87 94 96 104 106 114 116 124 126
a 1 5 9 17 21 27 33 35 39 45 49 57 61 67 74 76 79 87 94 96 104 106 114 116 124 126
a 1 5 9 17 21 27 33 35 39 45 49 57 61 67 74 76 79 86 94 96 104 106 114 116 124 126
a 1 5 9 17 21 27 33 35 39 45 49 57 61 67 74 76 84 86 94 96 104 106 114 116 124 126
a 1 5 9 17 21 27 33 35 39 45 49 56 61 67 74 76 84 86 94 96 104 106 114 116 124 126
a 1 5 9 17 21 27 33 35 39 45 54 56 61 67 74 76 84 86 94 96 104 106 114 116 124 126
a 1 5 9 17 21 27 33 35 39 47 54 56 61 67 74 76 84 86 94 96 104 106 114 116 124 126
a 1 5 9 17 21 27 33 35 41 47 54 56 61 67 74 76 84 86 94 96 104 106 114 116 124 126
a 1 5 9 15 21 27 33 35 41 47 54 56 61 67 74 76 84 86 94 96 104 106 114 116 124 126
a 1 5 13 15 21 27 33 35 41 47 54 56 61 67 74 76 84 86 94 96 104 106 114 116 124 126
a 1 7 13 15 21 27 33 35 41 47 54 56 61 67 74 76 84 86 94 96 104 106 114 116 124 126
a 3 7 13 15 21 27 33 35 41 47 54 56 61 67 74 76 84 86 94 96 104 106 114 116 124 126
a 3 7 13 15 19 27 33 35 41 47 54 56 61 67 74 76 84 86 94 96 104 106 114 116 124 126
a 3 7 13 15 19 25 33 35 41 47 54 56 61 67 74 76 84 86 94 96 104 106 114 116 124 126
a 3 7 13 15 19 25 29 35 41 47 54 56 61 67 74 76 84 86 94 96 104 106 114 116 124 126
a 3 7 13 15 19 25 29 37 41 47 54 56 61 67 74 76 84 86 94 96 104 106 114 116 124 126
a 3 7 13 15 19 25 29 37 41 47 54 56 59 67 74 76 84 86 94 96 104 106 114 116 124 126
a 3 7 13 15 19 25 29 37 41 47 54 56 59 66 74 76 84 86 94 96 104 106 114 116 124 126
a 3 7 13 15 19 25 29 37 41 47 54 56 64 66 74 76 84 86 94 96 104 106 114 116 124 126
a 3 7 13 15 19 25 29 36 41 47 54 56 64 66 74 76 84 86 94 96 104 106 114 116 124 126
a 3 7 13 15 19 25 34 36 41 47 54 56 64 66 74 76 84 86 94 96 104 106 114 116 124 126
a 3 7 13 15 19 27 34 36 41 47 54 56 64 66 74 76 84 86 94 96 104 106 114 116 124 126
a 3 7 13 15 21 27 34 36 41 47 54 56 64 66 74 76 84 86 94 96 104 106 114 116 124 126
a 1 7 13 15 21 27 34 36 41 47 54 56 64 66 74 76 84 86 94 96 104 106 114 116 124 126
a 1 5 13 15 21 27 34 36 41 47 54 56 64 66 74 76 84 86 94 96 104 106 114 116 124 126
a 1 5 9 15 21 27 34 36 41 47 54 56 64 66 74 76 84 86 94 96 104 106 114 116 124 126
a 1 5 9 17 21 27 34 36 41 47 54 56 64 66 74 76 84 86 94 96 104 106 114 116 124 126
a 1 5 9 17 21 27 34 36 39 47 54 56 64 66 74 76 84 86 94 96 104 106 114 116 124 126
a 1 5 9 17 21 27 34 36 39 46 54 56 64 66 74 76 84 86 94 96 104 106 114 116 124 126
a 1 5 9 17 21 27 34 36 44 46 54 56 64 66 74 76 84 86 94 96 104 106 114 116 124 126
a 1 5 9 16 21 27 34 36 44 46 54 56 64 66 74 76 84 86 94 96 104 106 114 116 124 126
a 1 5 14 16 21 27 34 36 44 46 54 56 64 66 74 76 84 86 94 96 104 106 114 116 124 126
a 1 7 14 16 21 27 34 36 44 46 54 56 64 66 74 76 84 86 94 96 104 106 114 116 124 126
a 3 7 14 16 21 27 34 36 44 46 54 56 64 66 74 76 84 86 94 96 104 106 114 116 124 126
a 3 7 14 16 19 27 34 36 44 46 54 56 64 66 74 76 84 86 94 96 104 106 114 116 124 126
a 3 7 14 16 19 26 34 36 44 46 54 56 64 66 74 76 84 86 94 96 104 106 114 116 124 126
a 3 7 14 16 24 26 34 36 44 46 54 56 64 66 74 76 84 86 94 96 104 106 114 116 124 126
a 2 7 14 16 24 26 34 36 44 46 54 56 64 66 74 76 84 86 94 96 104 106 114 116 124 126
a 2 6 14 16 24 26 34 36 44 46 54 56 64 66 74 76 84 86 94 96 104 106 114 116 124 126
Reconfiguration time = 0.440915
	Command being timed: "timeout 0.5h ../ddreconf/ddreconf ../instances_pw_col/suzuki_instance_2_6_2_2.pw.col --st --stfile=../benchmark_instances/2023result/docs/solver/benchmark/hand_made_wide/square_wide/suzuki_instance_2_6_2_2_01.dat --tj --indset"
	User time (seconds): 0.46
	System time (seconds): 0.03
	Percent of CPU this job got: 99%
	Elapsed (wall clock) time (h:mm:ss or m:ss): 0:00.49
	Average shared text size (kbytes): 0
	Average unshared data size (kbytes): 0
	Average stack size (kbytes): 0
	Average total size (kbytes): 0
	Maximum resident set size (kbytes): 37104
	Average resident set size (kbytes): 0
	Major (requiring I/O) page faults: 0
	Minor (reclaiming a frame) page faults: 12209
	Voluntary context switches: 5
	Involuntary context switches: 5
	Swaps: 0
	File system inputs: 24
	File system outputs: 56
	Socket messages sent: 0
	Socket messages received: 0
	Signals delivered: 0
	Page size (bytes): 4096
	Exit status: 0
