Input graph file parsed. # of vertices = 222, # of edges = 1194
s 6 12 18 27 33 42 48 57 63 72 78 87 93 102 108 117 123 132 138 147 153 162 168 177 183 192 198 207 213 222
t 3 9 21 24 36 39 51 54 66 69 81 84 96 99 111 114 126 129 141 144 156 159 171 174 186 189 201 204 216 219
Solution space ZDD construction start
Solution space ZDD construction end
Solution space ZDD construction time = 0.343547
Solution space ZDD size = 582
# of elements in the solution space = 581412170617301011055272
Start searching a reconfiguration sequence from s to t
Step 1 time = 0.000732, # ZDD nodes = 142, # elems = 84
Step 2 time = 0.000878, # ZDD nodes = 253, # elems = 3384
Step 3 time = 0.001664, # ZDD nodes = 358, # elems = 87107
Step 4 time = 0.001345, # ZDD nodes = 454, # elems = 1610415
Step 5 time = 0.001352, # ZDD nodes = 551, # elems = 22788621
Step 6 time = 0.001027, # ZDD nodes = 648, # elems = 256852530
Step 7 time = 0.001251, # ZDD nodes = 737, # elems = 2369065995
Step 8 time = 0.000984, # ZDD nodes = 812, # elems = 18230391846
Step 9 time = 0.001099, # ZDD nodes = 878, # elems = 118726647009
Step 10 time = 0.000948, # ZDD nodes = 940, # elems = 661472815851
Step 11 time = 0.000995, # ZDD nodes = 999, # elems = 3178630031967
Step 12 time = 0.000981, # ZDD nodes = 1065, # elems = 13256189033376
Step 13 time = 0.001141, # ZDD nodes = 1139, # elems = 48199490935623
Step 14 time = 0.001288, # ZDD nodes = 1206, # elems = 153297367473141
Step 15 time = 0.001258, # ZDD nodes = 1259, # elems = 427403491715655
Step 16 time = 0.001134, # ZDD nodes = 1306, # elems = 1045900835319384
Step 17 time = 0.001232, # ZDD nodes = 1349, # elems = 2247537403385964
Step 18 time = 0.001198, # ZDD nodes = 1389, # elems = 4241284647139839
Step 19 time = 0.001055, # ZDD nodes = 1426, # elems = 7028801833740678
Step 20 time = 0.001180, # ZDD nodes = 1460, # elems = 10240369359024807
Step 21 time = 0.001209, # ZDD nodes = 1492, # elems = 13169446550970288
Step 22 time = 0.001297, # ZDD nodes = 1533, # elems = 15114526329269097
Step 23 time = 0.001456, # ZDD nodes = 1565, # elems = 15857535440746755
Step 24 time = 0.001832, # ZDD nodes = 1599, # elems = 15865958244751371
Step 25 time = 0.001648, # ZDD nodes = 1628, # elems = 15947382979076490
Step 26 time = 0.001433, # ZDD nodes = 1651, # elems = 16589324406532968
Step 27 time = 0.001470, # ZDD nodes = 1664, # elems = 17562976583865956
Step 28 time = 0.001450, # ZDD nodes = 1670, # elems = 18130878551721372
Step 29 time = 0.001778, # ZDD nodes = 1667, # elems = 17642638124777736
Step 30 time = 0.001543, # ZDD nodes = 1654, # elems = 16048214811725899
Step 31 time = 0.001410, # ZDD nodes = 1641, # elems = 14045238565549371
Step 32 time = 0.001447, # ZDD nodes = 1654, # elems = 12828096426193605
Step 33 time = 0.001412, # ZDD nodes = 1657, # elems = 13523069225374767
Step 34 time = 0.001624, # ZDD nodes = 1667, # elems = 16531714342139850
Step 35 time = 0.001880, # ZDD nodes = 1678, # elems = 21164500156279122
Step 36 time = 0.001365, # ZDD nodes = 1692, # elems = 25863234217566876
Step 37 time = 0.001435, # ZDD nodes = 1723, # elems = 28939741491747213
Step 38 time = 0.002108, # ZDD nodes = 1753, # elems = 29416238085941532
Step 39 time = 0.002169, # ZDD nodes = 1805, # elems = 27497401973524008
Step 40 time = 0.002428, # ZDD nodes = 1852, # elems = 24408308915187966
Step 41 time = 0.001940, # ZDD nodes = 1897, # elems = 21677653918952424
Step 42 time = 0.002498, # ZDD nodes = 1936, # elems = 20309217948555354
Step 43 time = 0.002472, # ZDD nodes = 1966, # elems = 20415834528271848
Step 44 time = 0.001856, # ZDD nodes = 1981, # elems = 21558079898609697
Step 45 time = 0.001889, # ZDD nodes = 1983, # elems = 23428337358752424
Step 46 time = 0.002145, # ZDD nodes = 1982, # elems = 26220349514158110
Step 47 time = 0.002008, # ZDD nodes = 1981, # elems = 30333019070340099
Step 48 time = 0.001842, # ZDD nodes = 2001, # elems = 35669685461287914
Step 49 time = 0.001987, # ZDD nodes = 2012, # elems = 41180611398237666
Step 50 time = 0.001510, # ZDD nodes = 2014, # elems = 45166427550923832
Step 51 time = 0.001640, # ZDD nodes = 2010, # elems = 46266126014118645
Step 52 time = 0.001397, # ZDD nodes = 1992, # elems = 44415158759056890
Step 53 time = 0.001428, # ZDD nodes = 1993, # elems = 40980287335771854
Step 54 time = 0.001692, # ZDD nodes = 2011, # elems = 37924213293378261
Step 55 time = 0.002350, # ZDD nodes = 2014, # elems = 36645184694529342
Step 56 time = 0.001875, # ZDD nodes = 2050, # elems = 37332564402900573
Step 57 time = 0.002346, # ZDD nodes = 2096, # elems = 39153010233459132
Step 58 time = 0.002792, # ZDD nodes = 2147, # elems = 40919015989337886
Step 59 time = 0.003146, # ZDD nodes = 2186, # elems = 41725964122030602
Step 60 time = 0.003456, # ZDD nodes = 2212, # elems = 41350469307776703
Step 61 time = 0.002904, # ZDD nodes = 2235, # elems = 40450814301652929
Step 62 time = 0.003611, # ZDD nodes = 2258, # elems = 40536836136229707
Step 63 time = 0.002745, # ZDD nodes = 2280, # elems = 43524781366771161
Step 64 time = 0.003313, # ZDD nodes = 2319, # elems = 50780324807699391
Step 65 time = 0.003435, # ZDD nodes = 2344, # elems = 61957706147096490
Step 66 time = 0.003743, # ZDD nodes = 2369, # elems = 74431500228331920
Step 67 time = 0.002779, # ZDD nodes = 2393, # elems = 84113582347113570
Step 68 time = 0.002541, # ZDD nodes = 2420, # elems = 87537226654770345
Step 69 time = 0.002623, # ZDD nodes = 2447, # elems = 83908626998120802
Step 70 time = 0.002403, # ZDD nodes = 2441, # elems = 75645482392792017
Step 71 time = 0.002667, # ZDD nodes = 2447, # elems = 67005761637983490
Step 72 time = 0.002389, # ZDD nodes = 2441, # elems = 61736883202786842
Step 73 time = 0.002919, # ZDD nodes = 2426, # elems = 61254615591931329
Step 74 time = 0.002656, # ZDD nodes = 2396, # elems = 64394044369001721
Step 75 time = 0.003134, # ZDD nodes = 2351, # elems = 68622220762179633
Step 76 time = 0.003322, # ZDD nodes = 2319, # elems = 71694957589212555
Step 77 time = 0.002984, # ZDD nodes = 2300, # elems = 72748272626594307
Step 78 time = 0.002796, # ZDD nodes = 2305, # elems = 72404159850863730
Step 79 time = 0.002769, # ZDD nodes = 2350, # elems = 72052798954344615
Step 80 time = 0.002764, # ZDD nodes = 2408, # elems = 72891272456261235
Step 81 time = 0.003151, # ZDD nodes = 2474, # elems = 75394247250988854
Step 82 time = 0.004197, # ZDD nodes = 2536, # elems = 79513648545281067
Step 83 time = 0.003074, # ZDD nodes = 2586, # elems = 85317366183761394
Step 84 time = 0.004480, # ZDD nodes = 2630, # elems = 93404513280207096
Step 85 time = 0.003864, # ZDD nodes = 2680, # elems = 104503672978418457
Step 86 time = 0.003529, # ZDD nodes = 2734, # elems = 118314370212097509
Step 87 time = 0.003519, # ZDD nodes = 2779, # elems = 132579232478341155
Step 88 time = 0.003092, # ZDD nodes = 2815, # elems = 143560687719359934
Step 89 time = 0.003759, # ZDD nodes = 2818, # elems = 147962776744365705
Step 90 time = 0.003699, # ZDD nodes = 2815, # elems = 144935491639503177
Step 91 time = 0.003200, # ZDD nodes = 2829, # elems = 136670130257183055
Step 92 time = 0.003094, # ZDD nodes = 2838, # elems = 127234067624696952
Step 93 time = 0.003368, # ZDD nodes = 2808, # elems = 120451588167588867
Step 94 time = 0.003118, # ZDD nodes = 2775, # elems = 118166513550040314
Step 95 time = 0.003374, # ZDD nodes = 2750, # elems = 119942803173943260
Step 96 time = 0.003139, # ZDD nodes = 2725, # elems = 124077498752973168
Step 97 time = 0.004743, # ZDD nodes = 2700, # elems = 128796986189124126
Step 98 time = 0.004392, # ZDD nodes = 2690, # elems = 132836047795285362
Step 99 time = 0.003329, # ZDD nodes = 2683, # elems = 135577451447109900
Step 100 time = 0.004167, # ZDD nodes = 2661, # elems = 137072876325886917
Step 101 time = 0.003466, # ZDD nodes = 2639, # elems = 137999686864902057
Step 102 time = 0.003035, # ZDD nodes = 2636, # elems = 139515204145079592
Step 103 time = 0.003079, # ZDD nodes = 2642, # elems = 142815841911786339
Step 104 time = 0.003140, # ZDD nodes = 2660, # elems = 148237489467359919
Step 105 time = 0.003269, # ZDD nodes = 2687, # elems = 154567465280100405
Step 106 time = 0.003419, # ZDD nodes = 2732, # elems = 159657480122249007
Step 107 time = 0.003639, # ZDD nodes = 2784, # elems = 162374518124679357
Step 108 time = 0.003728, # ZDD nodes = 2853, # elems = 164576534051011689
Step 109 time = 0.004724, # ZDD nodes = 2928, # elems = 171424066057268742
Step 110 time = 0.004632, # ZDD nodes = 3027, # elems = 188957096422082766
Step 111 time = 0.004376, # ZDD nodes = 3123, # elems = 219674111889049920
Step 112 time = 0.004810, # ZDD nodes = 3192, # elems = 259087526790904377
Step 113 time = 0.006363, # ZDD nodes = 3261, # elems = 296412852959944776
Step 114 time = 0.005130, # ZDD nodes = 3303, # elems = 319832889911365977
Step 115 time = 0.005072, # ZDD nodes = 3327, # elems = 323064804319790481
Step 116 time = 0.006155, # ZDD nodes = 3317, # elems = 309199783975218432
Step 117 time = 0.004883, # ZDD nodes = 3313, # elems = 289066055268877335
Step 118 time = 0.004145, # ZDD nodes = 3298, # elems = 275130396159125427
Step 119 time = 0.006113, # ZDD nodes = 3265, # elems = 274452307249525353
Step 120 time = 0.003982, # ZDD nodes = 3208, # elems = 285670192257917811
Step 121 time = 0.004395, # ZDD nodes = 3145, # elems = 301288580493161121
Step 122 time = 0.004332, # ZDD nodes = 3100, # elems = 313096136532313095
Step 123 time = 0.003821, # ZDD nodes = 3055, # elems = 316627025269201344
Step 124 time = 0.003816, # ZDD nodes = 3037, # elems = 312849844029364059
Step 125 time = 0.003801, # ZDD nodes = 3013, # elems = 306793229789139039
Step 126 time = 0.003705, # ZDD nodes = 2997, # elems = 304448339385191331
Step 127 time = 0.003842, # ZDD nodes = 2988, # elems = 309968864010547002
Step 128 time = 0.004403, # ZDD nodes = 2967, # elems = 324501777907130601
Step 129 time = 0.004380, # ZDD nodes = 2979, # elems = 346031977713209802
Step 130 time = 0.004128, # ZDD nodes = 3012, # elems = 369736163185821696
Step 131 time = 0.005231, # ZDD nodes = 3060, # elems = 389746986228811944
Step 132 time = 0.004794, # ZDD nodes = 3111, # elems = 402201877739147172
Step 133 time = 0.005666, # ZDD nodes = 3165, # elems = 407287021543487577
Step 134 time = 0.004552, # ZDD nodes = 3234, # elems = 408694524829070445
Step 135 time = 0.005008, # ZDD nodes = 3300, # elems = 411498234218776941
Step 136 time = 0.006963, # ZDD nodes = 3351, # elems = 419858964406164375
Step 137 time = 0.005472, # ZDD nodes = 3393, # elems = 435640185472934385
Step 138 time = 0.006399, # ZDD nodes = 3419, # elems = 457942390726454595
Step 139 time = 0.006150, # ZDD nodes = 3439, # elems = 484090250691878928
Step 140 time = 0.031421, # ZDD nodes = 3465, # elems = 509746243928991795
Step 141 time = 0.008202, # ZDD nodes = 3467, # elems = 529895896779692259
Step 142 time = 0.006767, # ZDD nodes = 3460, # elems = 540150881868257760
Step 143 time = 0.005104, # ZDD nodes = 3429, # elems = 540059751271153224
Step 144 time = 0.004976, # ZDD nodes = 3386, # elems = 533060990451855999
Step 145 time = 0.004629, # ZDD nodes = 3320, # elems = 524849759632445841
Step 146 time = 0.005506, # ZDD nodes = 3243, # elems = 519436213039297251
Step 147 time = 0.003879, # ZDD nodes = 3192, # elems = 517887651890771928
Step 148 time = 0.004460, # ZDD nodes = 3186, # elems = 518176012447519029
Step 149 time = 0.005267, # ZDD nodes = 3186, # elems = 517706332128351126
Step 150 time = 0.003688, # ZDD nodes = 3180, # elems = 515520045086451705
Step 151 time = 0.004015, # ZDD nodes = 3177, # elems = 513522138545385111
Step 152 time = 0.004657, # ZDD nodes = 3162, # elems = 514769347378485207
Step 153 time = 0.003629, # ZDD nodes = 3147, # elems = 520715053980483219
Step 154 time = 0.004027, # ZDD nodes = 3132, # elems = 529900509795454782
Step 155 time = 0.004027, # ZDD nodes = 3132, # elems = 539076080576649510
Step 156 time = 0.003462, # ZDD nodes = 3159, # elems = 545357878327059912
Step 157 time = 0.003507, # ZDD nodes = 3198, # elems = 547831113778024029
Step 158 time = 0.003678, # ZDD nodes = 3258, # elems = 547769261709534690
Step 159 time = 0.003767, # ZDD nodes = 3312, # elems = 547374990076607214
Step 160 time = 0.003769, # ZDD nodes = 3360, # elems = 548168617074118824
Step 161 time = 0.004061, # ZDD nodes = 3393, # elems = 550559100670894008
Step 162 time = 0.004012, # ZDD nodes = 3423, # elems = 554334618714572016
Step 163 time = 0.003997, # ZDD nodes = 3464, # elems = 558723856141023237
Step 164 time = 0.004061, # ZDD nodes = 3502, # elems = 562153115572975539
Step 165 time = 0.003984, # ZDD nodes = 3505, # elems = 563250636751740705
Step 166 time = 0.005001, # ZDD nodes = 3490, # elems = 562001168482348761
Step 167 time = 0.003705, # ZDD nodes = 3466, # elems = 559055145987315450
Step 168 time = 0.004498, # ZDD nodes = 3442, # elems = 553810994353936242
Step 169 time = 0.003199, # ZDD nodes = 3399, # elems = 544693886486793081
Step 170 time = 0.003048, # ZDD nodes = 3330, # elems = 531283002376529277
Step 171 time = 0.002951, # ZDD nodes = 3261, # elems = 516021639943241961
Step 172 time = 0.003931, # ZDD nodes = 3201, # elems = 502676844344514711
Step 173 time = 0.003624, # ZDD nodes = 3147, # elems = 493508334301732008
Step 174 time = 0.003255, # ZDD nodes = 3093, # elems = 487336684070549196
Step 175 time = 0.003211, # ZDD nodes = 3036, # elems = 480710039856095493
Step 176 time = 0.003513, # ZDD nodes = 2997, # elems = 470819639918067354
Step 177 time = 0.002974, # ZDD nodes = 2961, # elems = 458092517715624051
Step 178 time = 0.002602, # ZDD nodes = 2928, # elems = 445886478007988193
Step 179 time = 0.003014, # ZDD nodes = 2895, # elems = 437772842283962025
Step 180 time = 0.002526, # ZDD nodes = 2865, # elems = 434783608069847121
Step 181 time = 0.002523, # ZDD nodes = 2835, # elems = 434862405910525320
Step 182 time = 0.002373, # ZDD nodes = 2817, # elems = 434318446623262914
Step 183 time = 0.003379, # ZDD nodes = 2808, # elems = 429903225679455441
Step 184 time = 0.002389, # ZDD nodes = 2820, # elems = 420538991967891405
Step 185 time = 0.002391, # ZDD nodes = 2829, # elems = 407738155656426561
Step 186 time = 0.003148, # ZDD nodes = 2829, # elems = 394177301462291346
Step 187 time = 0.002874, # ZDD nodes = 2832, # elems = 381643361062801047
Step 188 time = 0.002343, # ZDD nodes = 2814, # elems = 370497279405578382
Step 189 time = 0.002307, # ZDD nodes = 2750, # elems = 360942405756889671
Step 190 time = 0.002216, # ZDD nodes = 2674, # elems = 353288847747791052
Step 191 time = 0.002480, # ZDD nodes = 2611, # elems = 346268214329946354
Step 192 time = 0.002932, # ZDD nodes = 2545, # elems = 336916689947523963
Step 193 time = 0.001812, # ZDD nodes = 2469, # elems = 323454968520693579
Step 194 time = 0.002197, # ZDD nodes = 2391, # elems = 307303953047491113
Step 195 time = 0.001607, # ZDD nodes = 2322, # elems = 291724857385662672
Step 196 time = 0.001493, # ZDD nodes = 2268, # elems = 279073991158069239
Step 197 time = 0.002165, # ZDD nodes = 2196, # elems = 269534368704350502
Step 198 time = 0.001352, # ZDD nodes = 2124, # elems = 261618998514933996
Step 199 time = 0.001672, # ZDD nodes = 2061, # elems = 253360476438693075
Step 200 time = 0.001232, # ZDD nodes = 1998, # elems = 243294687758510235
Step 201 time = 0.001181, # ZDD nodes = 1950, # elems = 231078480587561061
Step 202 time = 0.001137, # ZDD nodes = 1923, # elems = 217306651529674539
Step 203 time = 0.001125, # ZDD nodes = 1896, # elems = 203123040207598719
Step 204 time = 0.001112, # ZDD nodes = 1881, # elems = 190449297187550325
Step 205 time = 0.001072, # ZDD nodes = 1872, # elems = 181687485677300262
Step 206 time = 0.001089, # ZDD nodes = 1878, # elems = 177798430959956892
Step 207 time = 0.001061, # ZDD nodes = 1896, # elems = 176814728884393569
Step 208 time = 0.001046, # ZDD nodes = 1902, # elems = 175167599827636377
Step 209 time = 0.001385, # ZDD nodes = 1899, # elems = 170111828695089996
Step 210 time = 0.001070, # ZDD nodes = 1887, # elems = 160572206241371259
Step 211 time = 0.001012, # ZDD nodes = 1869, # elems = 147349420202403801
Step 212 time = 0.001022, # ZDD nodes = 1842, # elems = 133394576804877591
Step 213 time = 0.001004, # ZDD nodes = 1791, # elems = 122413716426496311
Step 214 time = 0.000995, # ZDD nodes = 1716, # elems = 115802323407012582
Step 215 time = 0.000950, # ZDD nodes = 1623, # elems = 111272718500930304
Step 216 time = 0.000918, # ZDD nodes = 1527, # elems = 105622150764554937
Step 217 time = 0.000874, # ZDD nodes = 1449, # elems = 98118562839327729
Step 218 time = 0.000808, # ZDD nodes = 1373, # elems = 89654149630992159
Step 219 time = 0.000682, # ZDD nodes = 1300, # elems = 80732200573557369
Step 220 time = 0.000598, # ZDD nodes = 1233, # elems = 72473678497316448
Step 221 time = 0.000486, # ZDD nodes = 1179, # elems = 66708726798666276
Step 222 time = 0.000382, # ZDD nodes = 1122, # elems = 63620359817246541
Step 223 time = 0.000329, # ZDD nodes = 1071, # elems = 61767339628394700
Step 224 time = 0.000293, # ZDD nodes = 1017, # elems = 59914319439542859
Step 225 time = 0.000295, # ZDD nodes = 960, # elems = 56825952458123124
Step 226 time = 0.000269, # ZDD nodes = 903, # elems = 51061000759472952
Step 227 time = 0.000260, # ZDD nodes = 834, # elems = 43031246607781641
Step 228 time = 0.000232, # ZDD nodes = 750, # elems = 35413274720279628
Step 229 time = 0.000228, # ZDD nodes = 678, # elems = 30060105285818754
Step 230 time = 0.000209, # ZDD nodes = 615, # elems = 26559956040209721
Step 231 time = 0.000205, # ZDD nodes = 558, # elems = 24501044719263231
Step 232 time = 0.000191, # ZDD nodes = 531, # elems = 24295153587168582
Step 233 time = 0.000185, # ZDD nodes = 519, # elems = 25118718115547178
Step 234 time = 0.000181, # ZDD nodes = 510, # elems = 24912826983452529
Step 235 time = 0.000177, # ZDD nodes = 501, # elems = 22853915662506039
Step 236 time = 0.000178, # ZDD nodes = 480, # elems = 19559657548991655
Step 237 time = 0.000167, # ZDD nodes = 441, # elems = 15441834907098675
Step 238 time = 0.000157, # ZDD nodes = 411, # elems = 11324012265205695
Step 239 time = 0.000157, # ZDD nodes = 384, # elems = 9265100944259205
Step 240 time = 0.000150, # ZDD nodes = 381, # elems = 10088665472637801
t found
a YES
a 6 12 18 27 33 42 48 57 63 72 78 87 93 102 108 117 123 132 138 147 153 162 168 177 183 192 198 207 213 222
a 1 12 18 27 33 42 48 57 63 72 78 87 93 102 108 117 123 132 138 147 153 162 168 177 183 192 198 207 213 222
a 1 7 18 27 33 42 48 57 63 72 78 87 93 102 108 117 123 132 138 147 153 162 168 177 183 192 198 207 213 222
a 1 7 13 27 33 42 48 57 63 72 78 87 93 102 108 117 123 132 138 147 153 162 168 177 183 192 198 207 213 222
a 1 7 13 22 33 42 48 57 63 72 78 87 93 102 108 117 123 132 138 147 153 162 168 177 183 192 198 207 213 222
a 1 7 19 22 33 42 48 57 63 72 78 87 93 102 108 117 123 132 138 147 153 162 168 177 183 192 198 207 213 222
a 1 10 19 22 33 42 48 57 63 72 78 87 93 102 108 117 123 132 138 147 153 162 168 177 183 192 198 207 213 222
a 4 10 19 22 33 42 48 57 63 72 78 87 93 102 108 117 123 132 138 147 153 162 168 177 183 192 198 207 213 222
a 4 10 19 22 28 42 48 57 63 72 78 87 93 102 108 117 123 132 138 147 153 162 168 177 183 192 198 207 213 222
a 4 10 19 22 28 37 48 57 63 72 78 87 93 102 108 117 123 132 138 147 153 162 168 177 183 192 198 207 213 222
a 4 10 19 22 28 37 43 57 63 72 78 87 93 102 108 117 123 132 138 147 153 162 168 177 183 192 198 207 213 222
a 4 10 19 22 28 37 43 52 63 72 78 87 93 102 108 117 123 132 138 147 153 162 168 177 183 192 198 207 213 222
a 4 10 19 22 28 37 49 52 63 72 78 87 93 102 108 117 123 132 138 147 153 162 168 177 183 192 198 207 213 222
a 4 10 19 22 28 40 49 52 63 72 78 87 93 102 108 117 123 132 138 147 153 162 168 177 183 192 198 207 213 222
a 4 10 19 22 31 40 49 52 63 72 78 87 93 102 108 117 123 132 138 147 153 162 168 177 183 192 198 207 213 222
a 1 10 19 22 31 40 49 52 63 72 78 87 93 102 108 117 123 132 138 147 153 162 168 177 183 192 198 207 213 222
a 1 7 19 22 31 40 49 52 63 72 78 87 93 102 108 117 123 132 138 147 153 162 168 177 183 192 198 207 213 222
a 1 7 13 22 31 40 49 52 63 72 78 87 93 102 108 117 123 132 138 147 153 162 168 177 183 192 198 207 213 222
a 1 7 13 25 31 40 49 52 63 72 78 87 93 102 108 117 123 132 138 147 153 162 168 177 183 192 198 207 213 222
a 1 7 13 25 31 40 49 52 58 72 78 87 93 102 108 117 123 132 138 147 153 162 168 177 183 192 198 207 213 222
a 1 7 13 25 31 40 49 52 58 67 78 87 93 102 108 117 123 132 138 147 153 162 168 177 183 192 198 207 213 222
a 1 7 13 25 31 40 49 52 58 67 73 87 93 102 108 117 123 132 138 147 153 162 168 177 183 192 198 207 213 222
a 1 7 13 25 31 40 49 52 58 67 73 82 93 102 108 117 123 132 138 147 153 162 168 177 183 192 198 207 213 222
a 1 7 13 25 31 40 49 52 58 67 79 82 93 102 108 117 123 132 138 147 153 162 168 177 183 192 198 207 213 222
a 1 7 13 25 31 40 49 52 58 70 79 82 93 102 108 117 123 132 138 147 153 162 168 177 183 192 198 207 213 222
a 1 7 13 25 31 40 49 52 61 70 79 82 93 102 108 117 123 132 138 147 153 162 168 177 183 192 198 207 213 222
a 1 7 13 22 31 40 49 52 61 70 79 82 93 102 108 117 123 132 138 147 153 162 168 177 183 192 198 207 213 222
a 1 7 19 22 31 40 49 52 61 70 79 82 93 102 108 117 123 132 138 147 153 162 168 177 183 192 198 207 213 222
a 1 10 19 22 31 40 49 52 61 70 79 82 93 102 108 117 123 132 138 147 153 162 168 177 183 192 198 207 213 222
a 4 10 19 22 31 40 49 52 61 70 79 82 93 102 108 117 123 132 138 147 153 162 168 177 183 192 198 207 213 222
a 4 10 19 22 28 40 49 52 61 70 79 82 93 102 108 117 123 132 138 147 153 162 168 177 183 192 198 207 213 222
a 4 10 19 22 28 37 49 52 61 70 79 82 93 102 108 117 123 132 138 147 153 162 168 177 183 192 198 207 213 222
a 4 10 19 22 28 37 43 52 61 70 79 82 93 102 108 117 123 132 138 147 153 162 168 177 183 192 198 207 213 222
a 4 10 19 22 28 37 43 55 61 70 79 82 93 102 108 117 123 132 138 147 153 162 168 177 183 192 198 207 213 222
a 4 10 19 22 28 37 43 55 61 70 79 82 88 102 108 117 123 132 138 147 153 162 168 177 183 192 198 207 213 222
a 4 10 19 22 28 37 43 55 61 70 79 82 88 97 108 117 123 132 138 147 153 162 168 177 183 192 198 207 213 222
a 4 10 19 22 28 37 43 55 61 70 79 82 88 97 103 117 123 132 138 147 153 162 168 177 183 192 198 207 213 222
a 4 10 19 22 28 37 43 55 61 70 79 82 88 97 103 112 123 132 138 147 153 162 168 177 183 192 198 207 213 222
a 4 10 19 22 28 37 43 55 61 70 79 82 88 97 109 112 123 132 138 147 153 162 168 177 183 192 198 207 213 222
a 4 10 19 22 28 37 43 55 61 70 79 82 88 100 109 112 123 132 138 147 153 162 168 177 183 192 198 207 213 222
a 4 10 19 22 28 37 43 55 61 70 79 82 91 100 109 112 123 132 138 147 153 162 168 177 183 192 198 207 213 222
a 4 10 19 22 28 37 43 52 61 70 79 82 91 100 109 112 123 132 138 147 153 162 168 177 183 192 198 207 213 222
a 4 10 19 22 28 37 49 52 61 70 79 82 91 100 109 112 123 132 138 147 153 162 168 177 183 192 198 207 213 222
a 4 10 19 22 28 40 49 52 61 70 79 82 91 100 109 112 123 132 138 147 153 162 168 177 183 192 198 207 213 222
a 4 10 19 22 31 40 49 52 61 70 79 82 91 100 109 112 123 132 138 147 153 162 168 177 183 192 198 207 213 222
a 1 10 19 22 31 40 49 52 61 70 79 82 91 100 109 112 123 132 138 147 153 162 168 177 183 192 198 207 213 222
a 1 7 19 22 31 40 49 52 61 70 79 82 91 100 109 112 123 132 138 147 153 162 168 177 183 192 198 207 213 222
a 1 7 13 22 31 40 49 52 61 70 79 82 91 100 109 112 123 132 138 147 153 162 168 177 183 192 198 207 213 222
a 1 7 13 25 31 40 49 52 61 70 79 82 91 100 109 112 123 132 138 147 153 162 168 177 183 192 198 207 213 222
a 1 7 13 25 31 40 49 52 58 70 79 82 91 100 109 112 123 132 138 147 153 162 168 177 183 192 198 207 213 222
a 1 7 13 25 31 40 49 52 58 67 79 82 91 100 109 112 123 132 138 147 153 162 168 177 183 192 198 207 213 222
a 1 7 13 25 31 40 49 52 58 67 73 82 91 100 109 112 123 132 138 147 153 162 168 177 183 192 198 207 213 222
a 1 7 13 25 31 40 49 52 58 67 73 85 91 100 109 112 123 132 138 147 153 162 168 177 183 192 198 207 213 222
a 1 7 13 25 31 40 49 52 58 67 73 85 91 100 109 112 118 132 138 147 153 162 168 177 183 192 198 207 213 222
a 1 7 13 25 31 40 49 52 58 67 73 85 91 100 109 112 118 127 138 147 153 162 168 177 183 192 198 207 213 222
a 1 7 13 25 31 40 49 52 58 67 73 85 91 100 109 112 118 127 133 147 153 162 168 177 183 192 198 207 213 222
a 1 7 13 25 31 40 49 52 58 67 73 85 91 100 109 112 118 127 133 142 153 162 168 177 183 192 198 207 213 222
a 1 7 13 25 31 40 49 52 58 67 73 85 91 100 109 112 118 127 139 142 153 162 168 177 183 192 198 207 213 222
a 1 7 13 25 31 40 49 52 58 67 73 85 91 100 109 112 118 130 139 142 153 162 168 177 183 192 198 207 213 222
a 1 7 13 25 31 40 49 52 58 67 73 85 91 100 109 112 121 130 139 142 153 162 168 177 183 192 198 207 213 222
a 1 7 13 25 31 40 49 52 58 67 73 82 91 100 109 112 121 130 139 142 153 162 168 177 183 192 198 207 213 222
a 1 7 13 25 31 40 49 52 58 67 79 82 91 100 109 112 121 130 139 142 153 162 168 177 183 192 198 207 213 222
a 1 7 13 25 31 40 49 52 58 70 79 82 91 100 109 112 121 130 139 142 153 162 168 177 183 192 198 207 213 222
a 1 7 13 25 31 40 49 52 61 70 79 82 91 100 109 112 121 130 139 142 153 162 168 177 183 192 198 207 213 222
a 1 7 13 22 31 40 49 52 61 70 79 82 91 100 109 112 121 130 139 142 153 162 168 177 183 192 198 207 213 222
a 1 7 19 22 31 40 49 52 61 70 79 82 91 100 109 112 121 130 139 142 153 162 168 177 183 192 198 207 213 222
a 1 10 19 22 31 40 49 52 61 70 79 82 91 100 109 112 121 130 139 142 153 162 168 177 183 192 198 207 213 222
a 4 10 19 22 31 40 49 52 61 70 79 82 91 100 109 112 121 130 139 142 153 162 168 177 183 192 198 207 213 222
a 4 10 19 22 28 40 49 52 61 70 79 82 91 100 109 112 121 130 139 142 153 162 168 177 183 192 198 207 213 222
a 4 10 19 22 28 37 49 52 61 70 79 82 91 100 109 112 121 130 139 142 153 162 168 177 183 192 198 207 213 222
a 4 10 19 22 28 37 43 52 61 70 79 82 91 100 109 112 121 130 139 142 153 162 168 177 183 192 198 207 213 222
a 4 10 19 22 28 37 43 55 61 70 79 82 91 100 109 112 121 130 139 142 153 162 168 177 183 192 198 207 213 222
a 4 10 19 22 28 37 43 55 61 70 79 82 88 100 109 112 121 130 139 142 153 162 168 177 183 192 198 207 213 222
a 4 10 19 22 28 37 43 55 61 70 79 82 88 97 109 112 121 130 139 142 153 162 168 177 183 192 198 207 213 222
a 4 10 19 22 28 37 43 55 61 70 79 82 88 97 103 112 121 130 139 142 153 162 168 177 183 192 198 207 213 222
a 4 10 19 22 28 37 43 55 61 70 79 82 88 97 103 115 121 130 139 142 153 162 168 177 183 192 198 207 213 222
a 4 10 19 22 28 37 43 55 61 70 79 82 88 97 103 115 121 130 139 142 148 162 168 177 183 192 198 207 213 222
a 4 10 19 22 28 37 43 55 61 70 79 82 88 97 103 115 121 130 139 142 148 157 168 177 183 192 198 207 213 222
a 4 10 19 22 28 37 43 55 61 70 79 82 88 97 103 115 121 130 139 142 148 157 163 177 183 192 198 207 213 222
a 4 10 19 22 28 37 43 55 61 70 79 82 88 97 103 115 121 130 139 142 148 157 163 172 183 192 198 207 213 222
a 4 10 19 22 28 37 43 55 61 70 79 82 88 97 103 115 121 130 139 142 148 157 169 172 183 192 198 207 213 222
a 4 10 19 22 28 37 43 55 61 70 79 82 88 97 103 115 121 130 139 142 148 160 169 172 183 192 198 207 213 222
a 4 10 19 22 28 37 43 55 61 70 79 82 88 97 103 115 121 130 139 142 151 160 169 172 183 192 198 207 213 222
a 4 10 19 22 28 37 43 55 61 70 79 82 88 97 103 112 121 130 139 142 151 160 169 172 183 192 198 207 213 222
a 4 10 19 22 28 37 43 55 61 70 79 82 88 97 109 112 121 130 139 142 151 160 169 172 183 192 198 207 213 222
a 4 10 19 22 28 37 43 55 61 70 79 82 88 100 109 112 121 130 139 142 151 160 169 172 183 192 198 207 213 222
a 4 10 19 22 28 37 43 55 61 70 79 82 91 100 109 112 121 130 139 142 151 160 169 172 183 192 198 207 213 222
a 4 10 19 22 28 37 43 52 61 70 79 82 91 100 109 112 121 130 139 142 151 160 169 172 183 192 198 207 213 222
a 4 10 19 22 28 37 49 52 61 70 79 82 91 100 109 112 121 130 139 142 151 160 169 172 183 192 198 207 213 222
a 4 10 19 22 28 40 49 52 61 70 79 82 91 100 109 112 121 130 139 142 151 160 169 172 183 192 198 207 213 222
a 4 10 19 22 31 40 49 52 61 70 79 82 91 100 109 112 121 130 139 142 151 160 169 172 183 192 198 207 213 222
a 1 10 19 22 31 40 49 52 61 70 79 82 91 100 109 112 121 130 139 142 151 160 169 172 183 192 198 207 213 222
a 1 7 19 22 31 40 49 52 61 70 79 82 91 100 109 112 121 130 139 142 151 160 169 172 183 192 198 207 213 222
a 1 7 13 22 31 40 49 52 61 70 79 82 91 100 109 112 121 130 139 142 151 160 169 172 183 192 198 207 213 222
a 1 7 13 25 31 40 49 52 61 70 79 82 91 100 109 112 121 130 139 142 151 160 169 172 183 192 198 207 213 222
a 1 7 13 25 31 40 49 52 58 70 79 82 91 100 109 112 121 130 139 142 151 160 169 172 183 192 198 207 213 222
a 1 7 13 25 31 40 49 52 58 67 79 82 91 100 109 112 121 130 139 142 151 160 169 172 183 192 198 207 213 222
a 1 7 13 25 31 40 49 52 58 67 73 82 91 100 109 112 121 130 139 142 151 160 169 172 183 192 198 207 213 222
a 1 7 13 25 31 40 49 52 58 67 73 85 91 100 109 112 121 130 139 142 151 160 169 172 183 192 198 207 213 222
a 1 7 13 25 31 40 49 52 58 67 73 85 91 100 109 112 118 130 139 142 151 160 169 172 183 192 198 207 213 222
a 1 7 13 25 31 40 49 52 58 67 73 85 91 100 109 112 118 127 139 142 151 160 169 172 183 192 198 207 213 222
a 1 7 13 25 31 40 49 52 58 67 73 85 91 100 109 112 118 127 133 142 151 160 169 172 183 192 198 207 213 222
a 1 7 13 25 31 40 49 52 58 67 73 85 91 100 109 112 118 127 133 145 151 160 169 172 183 192 198 207 213 222
a 1 7 13 25 31 40 49 52 58 67 73 85 91 100 109 112 118 127 133 145 151 160 169 172 178 192 198 207 213 222
a 1 7 13 25 31 40 49 52 58 67 73 85 91 100 109 112 118 127 133 145 151 160 169 172 178 187 198 207 213 222
a 1 7 13 25 31 40 49 52 58 67 73 85 91 100 109 112 118 127 133 145 151 160 169 172 178 187 193 207 213 222
a 1 7 13 25 31 40 49 52 58 67 73 85 91 100 109 112 118 127 133 145 151 160 169 172 178 187 193 204 213 222
a 1 7 13 25 31 40 49 52 58 67 73 85 91 100 109 112 118 127 133 145 151 160 169 172 178 187 201 204 213 222
a 1 7 13 25 31 40 49 52 58 67 73 85 91 100 109 112 118 127 133 145 151 160 169 172 178 190 201 204 213 222
a 1 7 13 25 31 40 49 52 58 67 73 85 91 100 109 112 118 127 133 145 151 160 169 172 181 190 201 204 213 222
a 1 7 13 25 31 40 49 52 58 67 73 85 91 100 109 112 118 127 133 142 151 160 169 172 181 190 201 204 213 222
a 1 7 13 25 31 40 49 52 58 67 73 85 91 100 109 112 118 127 139 142 151 160 169 172 181 190 201 204 213 222
a 1 7 13 25 31 40 49 52 58 67 73 85 91 100 109 112 118 130 139 142 151 160 169 172 181 190 201 204 213 222
a 1 7 13 25 31 40 49 52 58 67 73 85 91 100 109 112 121 130 139 142 151 160 169 172 181 190 201 204 213 222
a 1 7 13 25 31 40 49 52 58 67 73 82 91 100 109 112 121 130 139 142 151 160 169 172 181 190 201 204 213 222
a 1 7 13 25 31 40 49 52 58 67 79 82 91 100 109 112 121 130 139 142 151 160 169 172 181 190 201 204 213 222
a 1 7 13 25 31 40 49 52 58 70 79 82 91 100 109 112 121 130 139 142 151 160 169 172 181 190 201 204 213 222
a 1 7 13 25 31 40 49 52 61 70 79 82 91 100 109 112 121 130 139 142 151 160 169 172 181 190 201 204 213 222
a 1 7 13 22 31 40 49 52 61 70 79 82 91 100 109 112 121 130 139 142 151 160 169 172 181 190 201 204 213 222
a 1 7 19 22 31 40 49 52 61 70 79 82 91 100 109 112 121 130 139 142 151 160 169 172 181 190 201 204 213 222
a 1 10 19 22 31 40 49 52 61 70 79 82 91 100 109 112 121 130 139 142 151 160 169 172 181 190 201 204 213 222
a 4 10 19 22 31 40 49 52 61 70 79 82 91 100 109 112 121 130 139 142 151 160 169 172 181 190 201 204 213 222
a 4 10 19 22 28 40 49 52 61 70 79 82 91 100 109 112 121 130 139 142 151 160 169 172 181 190 201 204 213 222
a 4 10 19 22 28 37 49 52 61 70 79 82 91 100 109 112 121 130 139 142 151 160 169 172 181 190 201 204 213 222
a 4 10 19 22 28 37 43 52 61 70 79 82 91 100 109 112 121 130 139 142 151 160 169 172 181 190 201 204 213 222
a 4 10 19 22 28 37 43 55 61 70 79 82 91 100 109 112 121 130 139 142 151 160 169 172 181 190 201 204 213 222
a 4 10 19 22 28 37 43 55 61 70 79 82 88 100 109 112 121 130 139 142 151 160 169 172 181 190 201 204 213 222
a 4 10 19 22 28 37 43 55 61 70 79 82 88 97 109 112 121 130 139 142 151 160 169 172 181 190 201 204 213 222
a 4 10 19 22 28 37 43 55 61 70 79 82 88 97 103 112 121 130 139 142 151 160 169 172 181 190 201 204 213 222
a 4 10 19 22 28 37 43 55 61 70 79 82 88 97 103 115 121 130 139 142 151 160 169 172 181 190 201 204 213 222
a 4 10 19 22 28 37 43 55 61 70 79 82 88 97 103 115 121 130 139 142 148 160 169 172 181 190 201 204 213 222
a 4 10 19 22 28 37 43 55 61 70 79 82 88 97 103 115 121 130 139 142 148 157 169 172 181 190 201 204 213 222
a 4 10 19 22 28 37 43 55 61 70 79 82 88 97 103 115 121 130 139 142 148 157 163 172 181 190 201 204 213 222
a 4 10 19 22 28 37 43 55 61 70 79 82 88 97 103 115 121 130 139 142 148 157 163 175 181 190 201 204 213 222
a 4 10 19 22 28 37 43 55 61 70 79 82 88 97 103 115 121 130 139 142 148 157 163 175 181 190 201 204 208 222
a 4 10 19 22 28 37 43 55 61 70 79 82 88 97 103 115 121 130 139 142 148 157 163 175 181 190 201 204 208 219
a 4 10 19 22 28 37 43 55 61 70 79 82 88 97 103 115 121 130 139 142 148 157 163 175 181 190 201 204 216 219
a 4 10 19 22 28 37 43 55 61 70 79 82 88 97 103 115 121 130 139 142 148 157 163 174 181 190 201 204 216 219
a 4 10 19 22 28 37 43 55 61 70 79 82 88 97 103 115 121 130 139 142 148 157 171 174 181 190 201 204 216 219
a 4 10 19 22 28 37 43 55 61 70 79 82 88 97 103 115 121 130 139 142 148 160 171 174 181 190 201 204 216 219
a 4 10 19 22 28 37 43 55 61 70 79 82 88 97 103 115 121 130 139 142 151 160 171 174 181 190 201 204 216 219
a 4 10 19 22 28 37 43 55 61 70 79 82 88 97 103 112 121 130 139 142 151 160 171 174 181 190 201 204 216 219
a 4 10 19 22 28 37 43 55 61 70 79 82 88 97 109 112 121 130 139 142 151 160 171 174 181 190 201 204 216 219
a 4 10 19 22 28 37 43 55 61 70 79 82 88 100 109 112 121 130 139 142 151 160 171 174 181 190 201 204 216 219
a 4 10 19 22 28 37 43 55 61 70 79 82 91 100 109 112 121 130 139 142 151 160 171 174 181 190 201 204 216 219
a 4 10 19 22 28 37 43 52 61 70 79 82 91 100 109 112 121 130 139 142 151 160 171 174 181 190 201 204 216 219
a 4 10 19 22 28 37 49 52 61 70 79 82 91 100 109 112 121 130 139 142 151 160 171 174 181 190 201 204 216 219
a 4 10 19 22 28 40 49 52 61 70 79 82 91 100 109 112 121 130 139 142 151 160 171 174 181 190 201 204 216 219
a 4 10 19 22 31 40 49 52 61 70 79 82 91 100 109 112 121 130 139 142 151 160 171 174 181 190 201 204 216 219
a 1 10 19 22 31 40 49 52 61 70 79 82 91 100 109 112 121 130 139 142 151 160 171 174 181 190 201 204 216 219
a 1 7 19 22 31 40 49 52 61 70 79 82 91 100 109 112 121 130 139 142 151 160 171 174 181 190 201 204 216 219
a 1 7 13 22 31 40 49 52 61 70 79 82 91 100 109 112 121 130 139 142 151 160 171 174 181 190 201 204 216 219
a 1 7 13 25 31 40 49 52 61 70 79 82 91 100 109 112 121 130 139 142 151 160 171 174 181 190 201 204 216 219
a 1 7 13 25 31 40 49 52 58 70 79 82 91 100 109 112 121 130 139 142 151 160 171 174 181 190 201 204 216 219
a 1 7 13 25 31 40 49 52 58 67 79 82 91 100 109 112 121 130 139 142 151 160 171 174 181 190 201 204 216 219
a 1 7 13 25 31 40 49 52 58 67 73 82 91 100 109 112 121 130 139 142 151 160 171 174 181 190 201 204 216 219
a 1 7 13 25 31 40 49 52 58 67 73 85 91 100 109 112 121 130 139 142 151 160 171 174 181 190 201 204 216 219
a 1 7 13 25 31 40 49 52 58 67 73 85 91 100 109 112 118 130 139 142 151 160 171 174 181 190 201 204 216 219
a 1 7 13 25 31 40 49 52 58 67 73 85 91 100 109 112 118 127 139 142 151 160 171 174 181 190 201 204 216 219
a 1 7 13 25 31 40 49 52 58 67 73 85 91 100 109 112 118 127 133 142 151 160 171 174 181 190 201 204 216 219
a 1 7 13 25 31 40 49 52 58 67 73 85 91 100 109 112 118 127 133 145 151 160 171 174 181 190 201 204 216 219
a 1 7 13 25 31 40 49 52 58 67 73 85 91 100 109 112 118 127 133 145 151 160 171 174 178 190 201 204 216 219
a 1 7 13 25 31 40 49 52 58 67 73 85 91 100 109 112 118 127 133 145 151 160 171 174 178 189 201 204 216 219
a 1 7 13 25 31 40 49 52 58 67 73 85 91 100 109 112 118 127 133 145 151 160 171 174 186 189 201 204 216 219
a 1 7 13 25 31 40 49 52 58 67 73 85 91 100 109 112 118 127 133 144 151 160 171 174 186 189 201 204 216 219
a 1 7 13 25 31 40 49 52 58 67 73 85 91 100 109 112 118 127 141 144 151 160 171 174 186 189 201 204 216 219
a 1 7 13 25 31 40 49 52 58 67 73 85 91 100 109 112 118 130 141 144 151 160 171 174 186 189 201 204 216 219
a 1 7 13 25 31 40 49 52 58 67 73 85 91 100 109 112 121 130 141 144 151 160 171 174 186 189 201 204 216 219
a 1 7 13 25 31 40 49 52 58 67 73 82 91 100 109 112 121 130 141 144 151 160 171 174 186 189 201 204 216 219
a 1 7 13 25 31 40 49 52 58 67 79 82 91 100 109 112 121 130 141 144 151 160 171 174 186 189 201 204 216 219
a 1 7 13 25 31 40 49 52 58 70 79 82 91 100 109 112 121 130 141 144 151 160 171 174 186 189 201 204 216 219
a 1 7 13 25 31 40 49 52 61 70 79 82 91 100 109 112 121 130 141 144 151 160 171 174 186 189 201 204 216 219
a 1 7 13 22 31 40 49 52 61 70 79 82 91 100 109 112 121 130 141 144 151 160 171 174 186 189 201 204 216 219
a 1 7 19 22 31 40 49 52 61 70 79 82 91 100 109 112 121 130 141 144 151 160 171 174 186 189 201 204 216 219
a 1 10 19 22 31 40 49 52 61 70 79 82 91 100 109 112 121 130 141 144 151 160 171 174 186 189 201 204 216 219
a 4 10 19 22 31 40 49 52 61 70 79 82 91 100 109 112 121 130 141 144 151 160 171 174 186 189 201 204 216 219
a 4 10 19 22 28 40 49 52 61 70 79 82 91 100 109 112 121 130 141 144 151 160 171 174 186 189 201 204 216 219
a 4 10 19 22 28 37 49 52 61 70 79 82 91 100 109 112 121 130 141 144 151 160 171 174 186 189 201 204 216 219
a 4 10 19 22 28 37 43 52 61 70 79 82 91 100 109 112 121 130 141 144 151 160 171 174 186 189 201 204 216 219
a 4 10 19 22 28 37 43 55 61 70 79 82 91 100 109 112 121 130 141 144 151 160 171 174 186 189 201 204 216 219
a 4 10 19 22 28 37 43 55 61 70 79 82 88 100 109 112 121 130 141 144 151 160 171 174 186 189 201 204 216 219
a 4 10 19 22 28 37 43 55 61 70 79 82 88 97 109 112 121 130 141 144 151 160 171 174 186 189 201 204 216 219
a 4 10 19 22 28 37 43 55 61 70 79 82 88 97 103 112 121 130 141 144 151 160 171 174 186 189 201 204 216 219
a 4 10 19 22 28 37 43 55 61 70 79 82 88 97 103 115 121 130 141 144 151 160 171 174 186 189 201 204 216 219
a 4 10 19 22 28 37 43 55 61 70 79 82 88 97 103 115 121 130 141 144 148 160 171 174 186 189 201 204 216 219
a 4 10 19 22 28 37 43 55 61 70 79 82 88 97 103 115 121 130 141 144 148 159 171 174 186 189 201 204 216 219
a 4 10 19 22 28 37 43 55 61 70 79 82 88 97 103 115 121 130 141 144 156 159 171 174 186 189 201 204 216 219
a 4 10 19 22 28 37 43 55 61 70 79 82 88 97 103 114 121 130 141 144 156 159 171 174 186 189 201 204 216 219
a 4 10 19 22 28 37 43 55 61 70 79 82 88 97 111 114 121 130 141 144 156 159 171 174 186 189 201 204 216 219
a 4 10 19 22 28 37 43 55 61 70 79 82 88 100 111 114 121 130 141 144 156 159 171 174 186 189 201 204 216 219
a 4 10 19 22 28 37 43 55 61 70 79 82 91 100 111 114 121 130 141 144 156 159 171 174 186 189 201 204 216 219
a 4 10 19 22 28 37 43 52 61 70 79 82 91 100 111 114 121 130 141 144 156 159 171 174 186 189 201 204 216 219
a 4 10 19 22 28 37 49 52 61 70 79 82 91 100 111 114 121 130 141 144 156 159 171 174 186 189 201 204 216 219
a 4 10 19 22 28 40 49 52 61 70 79 82 91 100 111 114 121 130 141 144 156 159 171 174 186 189 201 204 216 219
a 4 10 19 22 31 40 49 52 61 70 79 82 91 100 111 114 121 130 141 144 156 159 171 174 186 189 201 204 216 219
a 1 10 19 22 31 40 49 52 61 70 79 82 91 100 111 114 121 130 141 144 156 159 171 174 186 189 201 204 216 219
a 1 7 19 22 31 40 49 52 61 70 79 82 91 100 111 114 121 130 141 144 156 159 171 174 186 189 201 204 216 219
a 1 7 13 22 31 40 49 52 61 70 79 82 91 100 111 114 121 130 141 144 156 159 171 174 186 189 201 204 216 219
a 1 7 13 25 31 40 49 52 61 70 79 82 91 100 111 114 121 130 141 144 156 159 171 174 186 189 201 204 216 219
a 1 7 13 25 31 40 49 52 58 70 79 82 91 100 111 114 121 130 141 144 156 159 171 174 186 189 201 204 216 219
a 1 7 13 25 31 40 49 52 58 67 79 82 91 100 111 114 121 130 141 144 156 159 171 174 186 189 201 204 216 219
a 1 7 13 25 31 40 49 52 58 67 73 82 91 100 111 114 121 130 141 144 156 159 171 174 186 189 201 204 216 219
a 1 7 13 25 31 40 49 52 58 67 73 85 91 100 111 114 121 130 141 144 156 159 171 174 186 189 201 204 216 219
a 1 7 13 25 31 40 49 52 58 67 73 85 91 100 111 114 118 130 141 144 156 159 171 174 186 189 201 204 216 219
a 1 7 13 25 31 40 49 52 58 67 73 85 91 100 111 114 118 129 141 144 156 159 171 174 186 189 201 204 216 219
a 1 7 13 25 31 40 49 52 58 67 73 85 91 100 111 114 126 129 141 144 156 159 171 174 186 189 201 204 216 219
a 1 7 13 25 31 40 49 52 58 67 73 84 91 100 111 114 126 129 141 144 156 159 171 174 186 189 201 204 216 219
a 1 7 13 25 31 40 49 52 58 67 81 84 91 100 111 114 126 129 141 144 156 159 171 174 186 189 201 204 216 219
a 1 7 13 25 31 40 49 52 58 70 81 84 91 100 111 114 126 129 141 144 156 159 171 174 186 189 201 204 216 219
a 1 7 13 25 31 40 49 52 61 70 81 84 91 100 111 114 126 129 141 144 156 159 171 174 186 189 201 204 216 219
a 1 7 13 22 31 40 49 52 61 70 81 84 91 100 111 114 126 129 141 144 156 159 171 174 186 189 201 204 216 219
a 1 7 19 22 31 40 49 52 61 70 81 84 91 100 111 114 126 129 141 144 156 159 171 174 186 189 201 204 216 219
a 1 10 19 22 31 40 49 52 61 70 81 84 91 100 111 114 126 129 141 144 156 159 171 174 186 189 201 204 216 219
a 4 10 19 22 31 40 49 52 61 70 81 84 91 100 111 114 126 129 141 144 156 159 171 174 186 189 201 204 216 219
a 4 10 19 22 28 40 49 52 61 70 81 84 91 100 111 114 126 129 141 144 156 159 171 174 186 189 201 204 216 219
a 4 10 19 22 28 37 49 52 61 70 81 84 91 100 111 114 126 129 141 144 156 159 171 174 186 189 201 204 216 219
a 4 10 19 22 28 37 43 52 61 70 81 84 91 100 111 114 126 129 141 144 156 159 171 174 186 189 201 204 216 219
a 4 10 19 22 28 37 43 55 61 70 81 84 91 100 111 114 126 129 141 144 156 159 171 174 186 189 201 204 216 219
a 4 10 19 22 28 37 43 55 61 70 81 84 88 100 111 114 126 129 141 144 156 159 171 174 186 189 201 204 216 219
a 4 10 19 22 28 37 43 55 61 70 81 84 88 99 111 114 126 129 141 144 156 159 171 174 186 189 201 204 216 219
a 4 10 19 22 28 37 43 55 61 70 81 84 96 99 111 114 126 129 141 144 156 159 171 174 186 189 201 204 216 219
a 4 10 19 22 28 37 43 54 61 70 81 84 96 99 111 114 126 129 141 144 156 159 171 174 186 189 201 204 216 219
a 4 10 19 22 28 37 51 54 61 70 81 84 96 99 111 114 126 129 141 144 156 159 171 174 186 189 201 204 216 219
a 4 10 19 22 28 40 51 54 61 70 81 84 96 99 111 114 126 129 141 144 156 159 171 174 186 189 201 204 216 219
a 4 10 19 22 31 40 51 54 61 70 81 84 96 99 111 114 126 129 141 144 156 159 171 174 186 189 201 204 216 219
a 1 10 19 22 31 40 51 54 61 70 81 84 96 99 111 114 126 129 141 144 156 159 171 174 186 189 201 204 216 219
a 1 7 19 22 31 40 51 54 61 70 81 84 96 99 111 114 126 129 141 144 156 159 171 174 186 189 201 204 216 219
a 1 7 13 22 31 40 51 54 61 70 81 84 96 99 111 114 126 129 141 144 156 159 171 174 186 189 201 204 216 219
a 1 7 13 25 31 40 51 54 61 70 81 84 96 99 111 114 126 129 141 144 156 159 171 174 186 189 201 204 216 219
a 1 7 13 25 31 40 51 54 58 70 81 84 96 99 111 114 126 129 141 144 156 159 171 174 186 189 201 204 216 219
a 1 7 13 25 31 40 51 54 58 69 81 84 96 99 111 114 126 129 141 144 156 159 171 174 186 189 201 204 216 219
a 1 7 13 25 31 40 51 54 66 69 81 84 96 99 111 114 126 129 141 144 156 159 171 174 186 189 201 204 216 219
a 1 7 13 24 31 40 51 54 66 69 81 84 96 99 111 114 126 129 141 144 156 159 171 174 186 189 201 204 216 219
a 1 7 21 24 31 40 51 54 66 69 81 84 96 99 111 114 126 129 141 144 156 159 171 174 186 189 201 204 216 219
a 1 10 21 24 31 40 51 54 66 69 81 84 96 99 111 114 126 129 141 144 156 159 171 174 186 189 201 204 216 219
a 4 10 21 24 31 40 51 54 66 69 81 84 96 99 111 114 126 129 141 144 156 159 171 174 186 189 201 204 216 219
a 4 10 21 24 28 40 51 54 66 69 81 84 96 99 111 114 126 129 141 144 156 159 171 174 186 189 201 204 216 219
a 4 10 21 24 28 39 51 54 66 69 81 84 96 99 111 114 126 129 141 144 156 159 171 174 186 189 201 204 216 219
a 4 10 21 24 36 39 51 54 66 69 81 84 96 99 111 114 126 129 141 144 156 159 171 174 186 189 201 204 216 219
a 3 10 21 24 36 39 51 54 66 69 81 84 96 99 111 114 126 129 141 144 156 159 171 174 186 189 201 204 216 219
a 3 9 21 24 36 39 51 54 66 69 81 84 96 99 111 114 126 129 141 144 156 159 171 174 186 189 201 204 216 219
Reconfiguration time = 1.585507
	Command being timed: "timeout 0.5h ../ddreconf/ddreconf ../instances_pw_col/suzuki_instance_2_7_2_3.pw.col --st --stfile=../benchmark_instances/2023result/docs/solver/benchmark/hand_made_wide/square_wider/suzuki_instance_2_7_2_3_01.dat --tj --indset"
	User time (seconds): 1.88
	System time (seconds): 0.05
	Percent of CPU this job got: 99%
	Elapsed (wall clock) time (h:mm:ss or m:ss): 0:01.95
	Average shared text size (kbytes): 0
	Average unshared data size (kbytes): 0
	Average stack size (kbytes): 0
	Average total size (kbytes): 0
	Maximum resident set size (kbytes): 75100
	Average resident set size (kbytes): 0
	Major (requiring I/O) page faults: 0
	Minor (reclaiming a frame) page faults: 15437
	Voluntary context switches: 4
	Involuntary context switches: 6
	Swaps: 0
	File system inputs: 8
	File system outputs: 96
	Socket messages sent: 0
	Socket messages received: 0
	Signals delivered: 0
	Page size (bytes): 4096
	Exit status: 0
