Input graph file parsed. # of vertices = 282, # of edges = 1524
s 6 12 18 27 33 42 48 57 63 72 78 87 93 102 108 117 123 132 138 147 153 162 168 177 183 192 198 207 213 222 228 237 243 252 258 267 273 282
t 9 21 3 36 39 51 24 66 69 81 54 96 99 111 84 126 129 141 114 156 159 171 144 186 189 201 174 216 219 231 204 246 249 261 264 234 276 279
Solution space ZDD construction start
Solution space ZDD construction end
Solution space ZDD construction time = 0.324916
Solution space ZDD size = 702
# of elements in the solution space = 1268945987642259965385005581186
Start searching a reconfiguration sequence from s to t
Step 1 time = 0.000874, # ZDD nodes = 183, # elems = 106
Step 2 time = 0.001412, # ZDD nodes = 330, # elems = 5437
Step 3 time = 0.000970, # ZDD nodes = 465, # elems = 179835
Step 4 time = 0.001105, # ZDD nodes = 598, # elems = 4312869
Step 5 time = 0.001564, # ZDD nodes = 731, # elems = 79948878
Step 6 time = 0.001262, # ZDD nodes = 857, # elems = 1192534959
Step 7 time = 0.001099, # ZDD nodes = 974, # elems = 14712449664
Step 8 time = 0.001374, # ZDD nodes = 1079, # elems = 153141022506
Step 9 time = 0.001036, # ZDD nodes = 1176, # elems = 1365161333864
Step 10 time = 0.001085, # ZDD nodes = 1271, # elems = 10543346202851
Step 11 time = 0.001089, # ZDD nodes = 1370, # elems = 71190906654218
Step 12 time = 0.001199, # ZDD nodes = 1477, # elems = 423321871982085
Step 13 time = 0.001343, # ZDD nodes = 1584, # elems = 2229686097544962
Step 14 time = 0.001639, # ZDD nodes = 1683, # elems = 10451368147368879
Step 15 time = 0.001714, # ZDD nodes = 1770, # elems = 43760332089119700
Step 16 time = 0.001677, # ZDD nodes = 1848, # elems = 164151639467457327
Step 17 time = 0.001250, # ZDD nodes = 1920, # elems = 552907935865314927
Step 18 time = 0.001534, # ZDD nodes = 1990, # elems = 1675076248710352887
Step 19 time = 0.002119, # ZDD nodes = 2057, # elems = 4569825237939446640
Step 20 time = 0.001303, # ZDD nodes = 2122, # elems = 11234820932359197342
Step 21 time = 0.001419, # ZDD nodes = 2184, # elems = 24899923250477756820
Step 22 time = 0.001337, # ZDD nodes = 2250, # elems = 49757128349463307152
Step 23 time = 0.001664, # ZDD nodes = 2317, # elems = 89655536456355588093
Step 24 time = 0.001762, # ZDD nodes = 2378, # elems = 145721979760326388038
Step 25 time = 0.001756, # ZDD nodes = 2437, # elems = 213914259600118063623
Step 26 time = 0.001920, # ZDD nodes = 2493, # elems = 284506296734493819387
Step 27 time = 0.002206, # ZDD nodes = 2540, # elems = 345167336808337588358
Step 28 time = 0.001897, # ZDD nodes = 2584, # elems = 386935486412031826712
Step 29 time = 0.001792, # ZDD nodes = 2625, # elems = 409354972608095069612
Step 30 time = 0.001979, # ZDD nodes = 2663, # elems = 420393309202037814375
Step 31 time = 0.001879, # ZDD nodes = 2695, # elems = 430226521584394189845
Step 32 time = 0.001902, # ZDD nodes = 2721, # elems = 443233642456667769366
Step 33 time = 0.001728, # ZDD nodes = 2749, # elems = 454615828130321153160
Step 34 time = 0.001712, # ZDD nodes = 2774, # elems = 454575505897478728869
Step 35 time = 0.002158, # ZDD nodes = 2786, # elems = 437047367110257667209
Step 36 time = 0.002095, # ZDD nodes = 2791, # elems = 406761295882644380818
Step 37 time = 0.002192, # ZDD nodes = 2793, # elems = 379857827765983091659
Step 38 time = 0.001997, # ZDD nodes = 2793, # elems = 377265185329658781142
Step 39 time = 0.002017, # ZDD nodes = 2794, # elems = 413914232340415808145
Step 40 time = 0.002299, # ZDD nodes = 2820, # elems = 489315051433661176926
Step 41 time = 0.002552, # ZDD nodes = 2847, # elems = 585072822799932992496
Step 42 time = 0.002171, # ZDD nodes = 2873, # elems = 671746863934992956832
Step 43 time = 0.002487, # ZDD nodes = 2903, # elems = 722151199650697895412
Step 44 time = 0.002341, # ZDD nodes = 2933, # elems = 724071648200631106347
Step 45 time = 0.002276, # ZDD nodes = 2950, # elems = 685380838588045892622
Step 46 time = 0.002272, # ZDD nodes = 2960, # elems = 628861503384836894835
Step 47 time = 0.002213, # ZDD nodes = 2979, # elems = 580180239145934311203
Step 48 time = 0.002013, # ZDD nodes = 2993, # elems = 556625901112081040574
Step 49 time = 0.002210, # ZDD nodes = 3000, # elems = 563365677340029546045
Step 50 time = 0.001984, # ZDD nodes = 3001, # elems = 598108591320607986570
Step 51 time = 0.001896, # ZDD nodes = 2999, # elems = 658441782515955606795
Step 52 time = 0.001901, # ZDD nodes = 3009, # elems = 744351200403951595968
Step 53 time = 0.002213, # ZDD nodes = 3026, # elems = 853359756836451688323
Step 54 time = 0.001984, # ZDD nodes = 3053, # elems = 973156101700746898287
Step 55 time = 0.002086, # ZDD nodes = 3089, # elems = 1079979877193908495302
Step 56 time = 0.002220, # ZDD nodes = 3146, # elems = 1147092808180112815410
Step 57 time = 0.002499, # ZDD nodes = 3214, # elems = 1159214378832566928108
Step 58 time = 0.002925, # ZDD nodes = 3282, # elems = 1122772920367806381843
Step 59 time = 0.002759, # ZDD nodes = 3347, # elems = 1063763039951160488262
Step 60 time = 0.002831, # ZDD nodes = 3394, # elems = 1013889669472720678365
Step 61 time = 0.002897, # ZDD nodes = 3435, # elems = 994196794110796223829
Step 62 time = 0.003306, # ZDD nodes = 3479, # elems = 1006494719991973406676
Step 63 time = 0.003164, # ZDD nodes = 3520, # elems = 1036481202710707309740
Step 64 time = 0.003420, # ZDD nodes = 3546, # elems = 1064786265436488052716
Step 65 time = 0.003160, # ZDD nodes = 3566, # elems = 1079143125686717906961
Step 66 time = 0.002918, # ZDD nodes = 3584, # elems = 1082630353801399879095
Step 67 time = 0.002821, # ZDD nodes = 3587, # elems = 1095509071232679669660
Step 68 time = 0.003248, # ZDD nodes = 3593, # elems = 1149252586133585690385
Step 69 time = 0.002750, # ZDD nodes = 3602, # elems = 1272576587796285089418
Step 70 time = 0.002874, # ZDD nodes = 3620, # elems = 1473117435430683014250
Step 71 time = 0.002801, # ZDD nodes = 3646, # elems = 1723868692726610999214
Step 72 time = 0.002430, # ZDD nodes = 3674, # elems = 1965396942962400423447
Step 73 time = 0.002858, # ZDD nodes = 3703, # elems = 2128242603337003759923
Step 74 time = 0.002893, # ZDD nodes = 3729, # elems = 2166441250289078283813
Step 75 time = 0.002886, # ZDD nodes = 3765, # elems = 2082648570102658897092
Step 76 time = 0.002804, # ZDD nodes = 3798, # elems = 1928091250993806122994
Step 77 time = 0.002996, # ZDD nodes = 3818, # elems = 1776274458108241460706
Step 78 time = 0.003472, # ZDD nodes = 3820, # elems = 1686427811275959551475
Step 79 time = 0.003867, # ZDD nodes = 3824, # elems = 1678373467204743542178
Step 80 time = 0.003993, # ZDD nodes = 3833, # elems = 1731559084402002064695
Step 81 time = 0.003396, # ZDD nodes = 3839, # elems = 1804981423349460762351
Step 82 time = 0.003570, # ZDD nodes = 3845, # elems = 1863191265218533407114
Step 83 time = 0.004196, # ZDD nodes = 3848, # elems = 1893138088524206950386
Step 84 time = 0.004156, # ZDD nodes = 3854, # elems = 1905154834798815127119
Step 85 time = 0.003681, # ZDD nodes = 3881, # elems = 1921795396983525813399
Step 86 time = 0.004831, # ZDD nodes = 3917, # elems = 1964353993936530499071
Step 87 time = 0.003832, # ZDD nodes = 3968, # elems = 2046042177219903154158
Step 88 time = 0.003941, # ZDD nodes = 4019, # elems = 2174079506253014609685
Step 89 time = 0.003906, # ZDD nodes = 4070, # elems = 2355021987579558544356
Step 90 time = 0.004300, # ZDD nodes = 4126, # elems = 2594512196512951253085
Step 91 time = 0.003824, # ZDD nodes = 4185, # elems = 2887560577275286782870
Step 92 time = 0.003679, # ZDD nodes = 4247, # elems = 3205710427572609867603
Step 93 time = 0.004175, # ZDD nodes = 4315, # elems = 3494464969515064717014
Step 94 time = 0.004591, # ZDD nodes = 4375, # elems = 3689899137536614858044
Step 95 time = 0.030966, # ZDD nodes = 4419, # elems = 3748605011990085341187
Step 96 time = 0.005712, # ZDD nodes = 4451, # elems = 3672336493515939401286
Step 97 time = 0.004396, # ZDD nodes = 4465, # elems = 3510102396517436680326
Step 98 time = 0.004390, # ZDD nodes = 4470, # elems = 3335453743948437198366
Step 99 time = 0.004092, # ZDD nodes = 4459, # elems = 3213057137492575451070
Step 100 time = 0.004051, # ZDD nodes = 4440, # elems = 3174230368338952155183
Step 101 time = 0.003588, # ZDD nodes = 4419, # elems = 3213025712148092614947
Step 102 time = 0.003556, # ZDD nodes = 4389, # elems = 3299879700080929194615
Step 103 time = 0.003366, # ZDD nodes = 4380, # elems = 3400488465974167035276
Step 104 time = 0.003722, # ZDD nodes = 4380, # elems = 3489463046277025564185
Step 105 time = 0.003756, # ZDD nodes = 4374, # elems = 3556236161350958425362
Step 106 time = 0.003620, # ZDD nodes = 4387, # elems = 3605477194072202538204
Step 107 time = 0.003844, # ZDD nodes = 4414, # elems = 3653571846835568624085
Step 108 time = 0.004145, # ZDD nodes = 4447, # elems = 3720785724168474612510
Step 109 time = 0.004497, # ZDD nodes = 4489, # elems = 3819731381572980170448
Step 110 time = 0.004746, # ZDD nodes = 4534, # elems = 3945443676037792470657
Step 111 time = 0.005345, # ZDD nodes = 4582, # elems = 4076538964548032383992
Step 112 time = 0.006171, # ZDD nodes = 4636, # elems = 4192979824352227917420
Step 113 time = 0.005161, # ZDD nodes = 4689, # elems = 4302204472981264248495
Step 114 time = 0.005382, # ZDD nodes = 4739, # elems = 4452522353124311760336
Step 115 time = 0.005696, # ZDD nodes = 4780, # elems = 4714961978381688915165
Step 116 time = 0.005065, # ZDD nodes = 4829, # elems = 5135399368429849058619
Step 117 time = 0.004591, # ZDD nodes = 4873, # elems = 5685223062535835424876
Step 118 time = 0.005909, # ZDD nodes = 4924, # elems = 6249491696126238873318
Step 119 time = 0.004754, # ZDD nodes = 4957, # elems = 6672111548953008833784
Step 120 time = 0.004234, # ZDD nodes = 4963, # elems = 6837491109974783807070
Step 121 time = 0.004401, # ZDD nodes = 4966, # elems = 6738108870310286453496
Step 122 time = 0.004138, # ZDD nodes = 4963, # elems = 6482769097641286915881
Step 123 time = 0.004719, # ZDD nodes = 4951, # elems = 6238030787952962779755
Step 124 time = 0.004484, # ZDD nodes = 4942, # elems = 6138413079001398433449
Step 125 time = 0.004613, # ZDD nodes = 4930, # elems = 6220235123593668259461
Step 126 time = 0.005565, # ZDD nodes = 4915, # elems = 6416689922444169271917
Step 127 time = 0.004192, # ZDD nodes = 4900, # elems = 6610571484888006193779
Step 128 time = 0.004567, # ZDD nodes = 4888, # elems = 6706321528044502889568
Step 129 time = 0.004387, # ZDD nodes = 4891, # elems = 6678353908657872372663
Step 130 time = 0.004343, # ZDD nodes = 4897, # elems = 6575092877406248575326
Step 131 time = 0.004389, # ZDD nodes = 4903, # elems = 6486295909239333662769
Step 132 time = 0.004346, # ZDD nodes = 4909, # elems = 6497156699846773821495
Step 133 time = 0.004444, # ZDD nodes = 4930, # elems = 6651941241876887000610
Step 134 time = 0.006843, # ZDD nodes = 4959, # elems = 6938604225619219996227
Step 135 time = 0.006562, # ZDD nodes = 4995, # elems = 7295207678520241073301
Step 136 time = 0.006089, # ZDD nodes = 5037, # elems = 7635106007743690191294
Step 137 time = 0.006496, # ZDD nodes = 5101, # elems = 7884248887877805060687
Step 138 time = 0.006119, # ZDD nodes = 5187, # elems = 8014998285439525590489
Step 139 time = 0.007015, # ZDD nodes = 5285, # elems = 8057075398900684727175
Step 140 time = 0.008200, # ZDD nodes = 5379, # elems = 8079522296351803889292
Step 141 time = 0.007019, # ZDD nodes = 5467, # elems = 8158380467933008741626
Step 142 time = 0.006252, # ZDD nodes = 5537, # elems = 8352417190145291325675
Step 143 time = 0.005975, # ZDD nodes = 5601, # elems = 8697389948863422786234
Step 144 time = 0.007257, # ZDD nodes = 5658, # elems = 9210013545558234259548
Step 145 time = 0.006191, # ZDD nodes = 5694, # elems = 9883823050241034704604
Step 146 time = 0.006179, # ZDD nodes = 5724, # elems = 10671376990032444495060
Step 147 time = 0.006183, # ZDD nodes = 5748, # elems = 11470911682394072363796
Step 148 time = 0.006678, # ZDD nodes = 5760, # elems = 12143037686964075010935
Step 149 time = 0.006679, # ZDD nodes = 5781, # elems = 12561317045692588309851
Step 150 time = 0.006654, # ZDD nodes = 5796, # elems = 12670578105875891223480
Step 151 time = 0.006585, # ZDD nodes = 5778, # elems = 12516789721095281239074
Step 152 time = 0.005619, # ZDD nodes = 5739, # elems = 12228063866627922335511
Step 153 time = 0.007705, # ZDD nodes = 5694, # elems = 11955847994413534043415
Step 154 time = 0.005602, # ZDD nodes = 5646, # elems = 11810687657462346123360
Step 155 time = 0.006473, # ZDD nodes = 5613, # elems = 11828983628674220307858
Step 156 time = 0.007942, # ZDD nodes = 5586, # elems = 11982138137766421741692
Step 157 time = 0.006350, # ZDD nodes = 5577, # elems = 12210498708829404002253
Step 158 time = 0.006618, # ZDD nodes = 5571, # elems = 12456171541967958712287
Step 159 time = 0.006935, # ZDD nodes = 5571, # elems = 12681080146829114671410
Step 160 time = 0.006886, # ZDD nodes = 5568, # elems = 12871643992352930033352
Step 161 time = 0.005962, # ZDD nodes = 5556, # elems = 13037725110125070639549
Step 162 time = 0.006990, # ZDD nodes = 5544, # elems = 13209033007854660580398
Step 163 time = 0.006980, # ZDD nodes = 5558, # elems = 13424327246697415788276
Step 164 time = 0.006497, # ZDD nodes = 5599, # elems = 13710253204354143272076
Step 165 time = 0.005974, # ZDD nodes = 5641, # elems = 14060909797242320408355
Step 166 time = 0.005855, # ZDD nodes = 5677, # elems = 14437028983152482528994
Step 167 time = 0.008231, # ZDD nodes = 5701, # elems = 14789181900716694681399
Step 168 time = 0.006502, # ZDD nodes = 5746, # elems = 15088058733116706248601
Step 169 time = 0.006397, # ZDD nodes = 5791, # elems = 15340851759191440110426
Step 170 time = 0.006612, # ZDD nodes = 5833, # elems = 15584190599724247493118
Step 171 time = 0.007251, # ZDD nodes = 5875, # elems = 15856439846919391281465
Step 172 time = 0.007787, # ZDD nodes = 5929, # elems = 16164969850591257016350
Step 173 time = 0.008071, # ZDD nodes = 5983, # elems = 16476188866727246961678
Step 174 time = 0.008359, # ZDD nodes = 6040, # elems = 16750013475092062291596
Step 175 time = 0.007922, # ZDD nodes = 6109, # elems = 17007781909799032230681
Step 176 time = 0.008045, # ZDD nodes = 6175, # elems = 17385250447161169556337
Step 177 time = 0.007327, # ZDD nodes = 6240, # elems = 18112190512679013982626
Step 178 time = 0.009278, # ZDD nodes = 6312, # elems = 19395061825872487595229
Step 179 time = 0.008955, # ZDD nodes = 6378, # elems = 21252578969363845987224
Step 180 time = 0.009426, # ZDD nodes = 6444, # elems = 23417636850872067651885
Step 181 time = 0.008566, # ZDD nodes = 6519, # elems = 25401619706732459098767
Step 182 time = 0.009004, # ZDD nodes = 6579, # elems = 26712134339517102878802
Step 183 time = 0.008509, # ZDD nodes = 6621, # elems = 27101427415287870111354
Step 184 time = 0.009636, # ZDD nodes = 6660, # elems = 26697252503070643365792
Step 185 time = 0.008618, # ZDD nodes = 6690, # elems = 25935286351415101380504
Step 186 time = 0.009641, # ZDD nodes = 6696, # elems = 25333292329941776228883
Step 187 time = 0.009294, # ZDD nodes = 6684, # elems = 25238840042531133803007
Step 188 time = 0.008802, # ZDD nodes = 6657, # elems = 25696263449653571841363
Step 189 time = 0.008839, # ZDD nodes = 6614, # elems = 26487727123056746008068
Step 190 time = 0.009136, # ZDD nodes = 6580, # elems = 27295844948855182083033
Step 191 time = 0.008463, # ZDD nodes = 6552, # elems = 27880085715149075866794
Step 192 time = 0.008317, # ZDD nodes = 6542, # elems = 28183201179142780625265
Step 193 time = 0.010121, # ZDD nodes = 6523, # elems = 28332357954914430336780
Step 194 time = 0.008089, # ZDD nodes = 6501, # elems = 28553502419688214961469
Step 195 time = 0.007335, # ZDD nodes = 6495, # elems = 29050550848657048192704
Step 196 time = 0.008794, # ZDD nodes = 6477, # elems = 29904715987213064653593
Step 197 time = 0.007350, # ZDD nodes = 6462, # elems = 31031614811356392084003
Step 198 time = 0.007177, # ZDD nodes = 6441, # elems = 32218318451359377960093
Step 199 time = 0.007174, # ZDD nodes = 6408, # elems = 33233994463995448498089
Step 200 time = 0.007261, # ZDD nodes = 6372, # elems = 33957659328897611668815
Step 201 time = 0.009325, # ZDD nodes = 6360, # elems = 34441832500807258239588
Step 202 time = 0.007440, # ZDD nodes = 6369, # elems = 34872213963291118811964
Step 203 time = 0.007520, # ZDD nodes = 6405, # elems = 35453703708868865372289
Step 204 time = 0.008723, # ZDD nodes = 6462, # elems = 36291420187088779526265
Step 205 time = 0.007596, # ZDD nodes = 6510, # elems = 37331954506228150764540
Step 206 time = 0.007680, # ZDD nodes = 6564, # elems = 38400994132330931787411
Step 207 time = 0.008856, # ZDD nodes = 6633, # elems = 39319960398553696803012
Step 208 time = 0.009559, # ZDD nodes = 6705, # elems = 40028012017826627932623
Step 209 time = 0.075136, # ZDD nodes = 6789, # elems = 40629024200412041926401
Step 210 time = 0.013524, # ZDD nodes = 6897, # elems = 41337200589711022413306
Step 211 time = 0.011194, # ZDD nodes = 7035, # elems = 42361761028381169948604
Step 212 time = 0.010538, # ZDD nodes = 7155, # elems = 43797596438367926723727
Step 213 time = 0.011492, # ZDD nodes = 7269, # elems = 45581931185415445632600
Step 214 time = 0.014556, # ZDD nodes = 7359, # elems = 47525263529079660834843
Step 215 time = 0.010956, # ZDD nodes = 7416, # elems = 49383428296772358374445
Step 216 time = 0.011380, # ZDD nodes = 7437, # elems = 50916960673190290402299
Step 217 time = 0.012145, # ZDD nodes = 7437, # elems = 51946439279086367728182
Step 218 time = 0.014443, # ZDD nodes = 7436, # elems = 52409972805493882218435
Step 219 time = 0.010764, # ZDD nodes = 7417, # elems = 52413706824188758317738
Step 220 time = 0.012930, # ZDD nodes = 7381, # elems = 52205397500747657665233
Step 221 time = 0.010870, # ZDD nodes = 7333, # elems = 52075192795252322471190
Step 222 time = 0.014061, # ZDD nodes = 7276, # elems = 52221535087543689069126
Step 223 time = 0.013091, # ZDD nodes = 7216, # elems = 52672716312741939822390
Step 224 time = 0.011049, # ZDD nodes = 7153, # elems = 53298859429650071943342
Step 225 time = 0.010883, # ZDD nodes = 7102, # elems = 53924851102192152222474
Step 226 time = 0.009721, # ZDD nodes = 7069, # elems = 54461837914226697045708
Step 227 time = 0.010479, # ZDD nodes = 7033, # elems = 54961678900541178224568
Step 228 time = 0.010996, # ZDD nodes = 6996, # elems = 55548474163194701975130
Step 229 time = 0.009350, # ZDD nodes = 6969, # elems = 56299252058555197660650
Step 230 time = 0.009506, # ZDD nodes = 6954, # elems = 57174479819254643460975
Step 231 time = 0.011485, # ZDD nodes = 6945, # elems = 58047804322329006325944
Step 232 time = 0.009223, # ZDD nodes = 6954, # elems = 58804664447622710037573
Step 233 time = 0.009179, # ZDD nodes = 6966, # elems = 59431089452367472187967
Step 234 time = 0.010342, # ZDD nodes = 6978, # elems = 60017341391200190614779
Step 235 time = 0.009109, # ZDD nodes = 6981, # elems = 60672460825351587712356
Step 236 time = 0.012844, # ZDD nodes = 6984, # elems = 61429175591506032601791
Step 237 time = 0.011207, # ZDD nodes = 7005, # elems = 62219264898390755904828
Step 238 time = 0.028687, # ZDD nodes = 7050, # elems = 62920080016290371496114
Step 239 time = 0.013985, # ZDD nodes = 7095, # elems = 63422045890595239272498
Step 240 time = 0.011814, # ZDD nodes = 7146, # elems = 63683130052579368735279
Step 241 time = 0.011245, # ZDD nodes = 7200, # elems = 63756544241768093539911
Step 242 time = 0.009845, # ZDD nodes = 7263, # elems = 63776552536093919435082
Step 243 time = 0.009904, # ZDD nodes = 7338, # elems = 63905693630877646127352
Step 244 time = 0.011915, # ZDD nodes = 7416, # elems = 64276854810051462447546
Step 245 time = 0.010976, # ZDD nodes = 7488, # elems = 64952339141969473372362
Step 246 time = 0.011853, # ZDD nodes = 7560, # elems = 65894154771373045889724
Step 247 time = 0.010232, # ZDD nodes = 7614, # elems = 66952821647994483405897
Step 248 time = 0.010111, # ZDD nodes = 7634, # elems = 67903444476464536628883
Step 249 time = 0.010958, # ZDD nodes = 7645, # elems = 68532258641906125086273
Step 250 time = 0.009863, # ZDD nodes = 7644, # elems = 68725323374144673737520
Step 251 time = 0.009459, # ZDD nodes = 7625, # elems = 68507143423939823517306
Step 252 time = 0.009163, # ZDD nodes = 7582, # elems = 68008482719978471141319
Step 253 time = 0.008666, # ZDD nodes = 7548, # elems = 67391976726413500801149
Step 254 time = 0.009549, # ZDD nodes = 7506, # elems = 66783848031231197539491
Step 255 time = 0.008151, # ZDD nodes = 7443, # elems = 66256228121867336497707
Step 256 time = 0.008787, # ZDD nodes = 7368, # elems = 65848836486069956887632
Step 257 time = 0.008342, # ZDD nodes = 7311, # elems = 65588381527385508672195
Step 258 time = 0.010762, # ZDD nodes = 7248, # elems = 65473683283735957417977
Step 259 time = 0.007509, # ZDD nodes = 7200, # elems = 65454747270426080454798
Step 260 time = 0.008002, # ZDD nodes = 7170, # elems = 65441042333109332238762
Step 261 time = 0.007198, # ZDD nodes = 7128, # elems = 65341855721460659745555
Step 262 time = 0.006989, # ZDD nodes = 7086, # elems = 65107930452820003337715
Step 263 time = 0.008191, # ZDD nodes = 7044, # elems = 64755276621619042921482
Step 264 time = 0.006931, # ZDD nodes = 6990, # elems = 64354837105787971229541
Step 265 time = 0.006941, # ZDD nodes = 6972, # elems = 63980521468579332792018
Step 266 time = 0.008017, # ZDD nodes = 6969, # elems = 63647109399019409892729
Step 267 time = 0.008938, # ZDD nodes = 6969, # elems = 63301808351927813581584
Step 268 time = 0.008635, # ZDD nodes = 6975, # elems = 62887372974610343934570
Step 269 time = 0.006626, # ZDD nodes = 6984, # elems = 62411980645160404126020
Step 270 time = 0.007992, # ZDD nodes = 6996, # elems = 61951449537625056082290
Step 271 time = 0.006836, # ZDD nodes = 7011, # elems = 61582153732108017282036
Step 272 time = 0.007046, # ZDD nodes = 7041, # elems = 61304738079635008165926
Step 273 time = 0.006737, # ZDD nodes = 7071, # elems = 61019765810831861242218
Step 274 time = 0.006653, # ZDD nodes = 7104, # elems = 60578687709239079825306
Step 275 time = 0.006847, # ZDD nodes = 7131, # elems = 59882969426314467270015
Step 276 time = 0.006749, # ZDD nodes = 7164, # elems = 58961516223983923444104
Step 277 time = 0.006853, # ZDD nodes = 7206, # elems = 57964016926123088915394
Step 278 time = 0.008840, # ZDD nodes = 7245, # elems = 57073562898531847537572
Step 279 time = 0.007296, # ZDD nodes = 7269, # elems = 56404022231815144940088
Step 280 time = 0.006696, # ZDD nodes = 7257, # elems = 55947984698237762610783
Step 281 time = 0.006467, # ZDD nodes = 7232, # elems = 55594141228075559312628
Step 282 time = 0.006333, # ZDD nodes = 7192, # elems = 55187436650985979546266
Step 283 time = 0.006081, # ZDD nodes = 7132, # elems = 54587636252096904836658
Step 284 time = 0.005832, # ZDD nodes = 7045, # elems = 53702300266267272243678
Step 285 time = 0.006642, # ZDD nodes = 6949, # elems = 52508497568660040234951
Step 286 time = 0.007370, # ZDD nodes = 6853, # elems = 51078301379520601166172
Step 287 time = 0.006135, # ZDD nodes = 6744, # elems = 49584429857631646285110
Step 288 time = 0.005137, # ZDD nodes = 6651, # elems = 48243917992612447468890
Step 289 time = 0.004939, # ZDD nodes = 6564, # elems = 47208782001695843197629
Step 290 time = 0.004710, # ZDD nodes = 6480, # elems = 46480973115140694459900
Step 291 time = 0.005806, # ZDD nodes = 6411, # elems = 45924822459820213716888
Step 292 time = 0.005511, # ZDD nodes = 6345, # elems = 45362934853995047674140
Step 293 time = 0.004562, # ZDD nodes = 6276, # elems = 44674951077338702703183
Step 294 time = 0.004484, # ZDD nodes = 6219, # elems = 43838873927189318599506
Step 295 time = 0.004453, # ZDD nodes = 6177, # elems = 42913223634131025353730
Step 296 time = 0.004401, # ZDD nodes = 6132, # elems = 41982670249653030136668
Step 297 time = 0.006056, # ZDD nodes = 6084, # elems = 41095527569139266998713
Step 298 time = 0.004372, # ZDD nodes = 6036, # elems = 40233584110173700046517
Step 299 time = 0.004324, # ZDD nodes = 5985, # elems = 39340070746250664279204
Step 300 time = 0.004251, # ZDD nodes = 5955, # elems = 38375045627199458264019
Step 301 time = 0.004205, # ZDD nodes = 5931, # elems = 37341093716183530319157
Step 302 time = 0.005116, # ZDD nodes = 5910, # elems = 36267983782536785270283
Step 303 time = 0.006020, # ZDD nodes = 5886, # elems = 35194340179075650891201
Step 304 time = 0.006088, # ZDD nodes = 5877, # elems = 34165808352112114581264
Step 305 time = 0.004194, # ZDD nodes = 5871, # elems = 33227783590232668741290
Step 306 time = 0.004217, # ZDD nodes = 5856, # elems = 32401279142378893248219
Step 307 time = 0.004113, # ZDD nodes = 5841, # elems = 31661896291724175911604
Step 308 time = 0.004076, # ZDD nodes = 5811, # elems = 30939624229493316474783
Step 309 time = 0.004132, # ZDD nodes = 5781, # elems = 30143338834879336804740
Step 310 time = 0.004076, # ZDD nodes = 5751, # elems = 29210617416780384933708
Step 311 time = 0.003991, # ZDD nodes = 5706, # elems = 28161155726783767079676
Step 312 time = 0.003922, # ZDD nodes = 5646, # elems = 27100920577409164622070
Step 313 time = 0.003959, # ZDD nodes = 5571, # elems = 26156224942849852154496
Step 314 time = 0.003952, # ZDD nodes = 5478, # elems = 25390275341747565973464
Step 315 time = 0.003763, # ZDD nodes = 5369, # elems = 24762779703115911648270
Step 316 time = 0.005399, # ZDD nodes = 5254, # elems = 24147074831945921587359
Step 317 time = 0.003507, # ZDD nodes = 5137, # elems = 23399169941442674633985
Step 318 time = 0.003327, # ZDD nodes = 5020, # elems = 22453023392075491174908
Step 319 time = 0.003157, # ZDD nodes = 4890, # elems = 21370474173586734847980
Step 320 time = 0.002834, # ZDD nodes = 4767, # elems = 20290543272624826172385
Step 321 time = 0.003606, # ZDD nodes = 4653, # elems = 19326935714018091815565
Step 322 time = 0.003400, # ZDD nodes = 4560, # elems = 18516724872684890560407
Step 323 time = 0.002435, # ZDD nodes = 4473, # elems = 17841599203118988514149
Step 324 time = 0.002334, # ZDD nodes = 4410, # elems = 17255779841554800944886
Step 325 time = 0.002308, # ZDD nodes = 4344, # elems = 16696076946532291222677
Step 326 time = 0.002203, # ZDD nodes = 4305, # elems = 16110407679603400652535
Step 327 time = 0.003020, # ZDD nodes = 4299, # elems = 15493818917803328263467
Step 328 time = 0.002661, # ZDD nodes = 4281, # elems = 14878731102356225865609
Step 329 time = 0.002618, # ZDD nodes = 4263, # elems = 14293211930062632294588
Step 330 time = 0.002977, # ZDD nodes = 4236, # elems = 13745366511228585502938
Step 331 time = 0.002100, # ZDD nodes = 4176, # elems = 13227540019453938535488
Step 332 time = 0.002066, # ZDD nodes = 4095, # elems = 12705360783255678593529
Step 333 time = 0.002013, # ZDD nodes = 4011, # elems = 12120141800232679020750
Step 334 time = 0.001942, # ZDD nodes = 3924, # elems = 11436010452548957027232
Step 335 time = 0.001889, # ZDD nodes = 3852, # elems = 10682235194087427441570
Step 336 time = 0.001881, # ZDD nodes = 3783, # elems = 9938966560096687794378
Step 337 time = 0.001887, # ZDD nodes = 3699, # elems = 9293859817590185572320
Step 338 time = 0.001807, # ZDD nodes = 3615, # elems = 8805451874333750432586
Step 339 time = 0.001807, # ZDD nodes = 3531, # elems = 8467588850280205411215
Step 340 time = 0.001769, # ZDD nodes = 3441, # elems = 8195467276486746004842
Step 341 time = 0.001727, # ZDD nodes = 3354, # elems = 7877566838927701866564
Step 342 time = 0.001686, # ZDD nodes = 3291, # elems = 7458202427907886322490
Step 343 time = 0.002503, # ZDD nodes = 3249, # elems = 6961839468980710229343
Step 344 time = 0.001688, # ZDD nodes = 3210, # elems = 6454519601676853200363
Step 345 time = 0.001670, # ZDD nodes = 3177, # elems = 6008588440209468811872
Step 346 time = 0.001634, # ZDD nodes = 3150, # elems = 5682282703073792722818
Step 347 time = 0.001651, # ZDD nodes = 3099, # elems = 5482957027399377890130
Step 348 time = 0.001611, # ZDD nodes = 3039, # elems = 5345770530737920693536
Step 349 time = 0.001579, # ZDD nodes = 2970, # elems = 5181867188993597653404
Step 350 time = 0.001551, # ZDD nodes = 2895, # elems = 4943516908141963049256
Step 351 time = 0.001532, # ZDD nodes = 2802, # elems = 4620663347618117939985
Step 352 time = 0.001394, # ZDD nodes = 2675, # elems = 4214207075233844320317
Step 353 time = 0.001180, # ZDD nodes = 2536, # elems = 3758219573201560990719
Step 354 time = 0.001026, # ZDD nodes = 2382, # elems = 3329849484063925499385
Step 355 time = 0.000886, # ZDD nodes = 2226, # elems = 2993487406363350469224
Step 356 time = 0.000672, # ZDD nodes = 2079, # elems = 2757088355770576853649
Step 357 time = 0.000593, # ZDD nodes = 1938, # elems = 2590933594496798826702
Step 358 time = 0.000549, # ZDD nodes = 1812, # elems = 2453146719294153633624
Step 359 time = 0.000507, # ZDD nodes = 1707, # elems = 2299149623479432535478
Step 360 time = 0.000462, # ZDD nodes = 1629, # elems = 2110030383005213643018
Step 361 time = 0.000447, # ZDD nodes = 1560, # elems = 1916858587377975774291
Step 362 time = 0.000432, # ZDD nodes = 1488, # elems = 1768264898433946644501
Step 363 time = 0.000434, # ZDD nodes = 1413, # elems = 1677757833349856174538
Step 364 time = 0.000408, # ZDD nodes = 1350, # elems = 1621022061207590506800
Step 365 time = 0.000377, # ZDD nodes = 1287, # elems = 1564286289065324839062
Step 366 time = 0.000377, # ZDD nodes = 1233, # elems = 1473779223981234369099
Step 367 time = 0.000365, # ZDD nodes = 1176, # elems = 1325185535037205239309
Step 368 time = 0.000341, # ZDD nodes = 1107, # elems = 1132013739409967370582
Step 369 time = 0.000315, # ZDD nodes = 1038, # elems = 944245350653421470211
Step 370 time = 0.000318, # ZDD nodes = 957, # elems = 801055068580084308777
Step 371 time = 0.000316, # ZDD nodes = 879, # elems = 706495448342974862547
Step 372 time = 0.000281, # ZDD nodes = 819, # elems = 655163083071401163165
Step 373 time = 0.000263, # ZDD nodes = 774, # elems = 644356269330017226453
Step 374 time = 0.000292, # ZDD nodes = 753, # elems = 652461379636055178987
Step 375 time = 0.000261, # ZDD nodes = 729, # elems = 641654565894671242275
Step 376 time = 0.000266, # ZDD nodes = 720, # elems = 591673052340770534982
Step 377 time = 0.000262, # ZDD nodes = 711, # elems = 507920245845045025464
Step 378 time = 0.000264, # ZDD nodes = 699, # elems = 405255515301897626700
Step 379 time = 0.000245, # ZDD nodes = 675, # elems = 310695895064788180470
Step 380 time = 0.000247, # ZDD nodes = 648, # elems = 262065233228560465266
t found
a YES
a 6 12 18 27 33 42 48 57 63 72 78 87 93 102 108 117 123 132 138 147 153 162 168 177 183 192 198 207 213 222 228 237 243 252 258 267 273 282
a 3 12 18 27 33 42 48 57 63 72 78 87 93 102 108 117 123 132 138 147 153 162 168 177 183 192 198 207 213 222 228 237 243 252 258 267 273 282
a 3 9 18 27 33 42 48 57 63 72 78 87 93 102 108 117 123 132 138 147 153 162 168 177 183 192 198 207 213 222 228 237 243 252 258 267 273 282
a 3 9 15 27 33 42 48 57 63 72 78 87 93 102 108 117 123 132 138 147 153 162 168 177 183 192 198 207 213 222 228 237 243 252 258 267 273 282
a 3 9 15 24 33 42 48 57 63 72 78 87 93 102 108 117 123 132 138 147 153 162 168 177 183 192 198 207 213 222 228 237 243 252 258 267 273 282
a 3 9 21 24 33 42 48 57 63 72 78 87 93 102 108 117 123 132 138 147 153 162 168 177 183 192 198 207 213 222 228 237 243 252 258 267 273 282
a 3 12 21 24 33 42 48 57 63 72 78 87 93 102 108 117 123 132 138 147 153 162 168 177 183 192 198 207 213 222 228 237 243 252 258 267 273 282
a 6 12 21 24 33 42 48 57 63 72 78 87 93 102 108 117 123 132 138 147 153 162 168 177 183 192 198 207 213 222 228 237 243 252 258 267 273 282
a 6 12 21 24 30 42 48 57 63 72 78 87 93 102 108 117 123 132 138 147 153 162 168 177 183 192 198 207 213 222 228 237 243 252 258 267 273 282
a 6 12 21 24 30 39 48 57 63 72 78 87 93 102 108 117 123 132 138 147 153 162 168 177 183 192 198 207 213 222 228 237 243 252 258 267 273 282
a 6 12 21 24 30 39 45 57 63 72 78 87 93 102 108 117 123 132 138 147 153 162 168 177 183 192 198 207 213 222 228 237 243 252 258 267 273 282
a 6 12 21 24 30 39 45 54 63 72 78 87 93 102 108 117 123 132 138 147 153 162 168 177 183 192 198 207 213 222 228 237 243 252 258 267 273 282
a 6 12 21 24 30 39 51 54 63 72 78 87 93 102 108 117 123 132 138 147 153 162 168 177 183 192 198 207 213 222 228 237 243 252 258 267 273 282
a 6 12 21 24 30 42 51 54 63 72 78 87 93 102 108 117 123 132 138 147 153 162 168 177 183 192 198 207 213 222 228 237 243 252 258 267 273 282
a 6 12 21 24 33 42 51 54 63 72 78 87 93 102 108 117 123 132 138 147 153 162 168 177 183 192 198 207 213 222 228 237 243 252 258 267 273 282
a 3 12 21 24 33 42 51 54 63 72 78 87 93 102 108 117 123 132 138 147 153 162 168 177 183 192 198 207 213 222 228 237 243 252 258 267 273 282
a 3 9 21 24 33 42 51 54 63 72 78 87 93 102 108 117 123 132 138 147 153 162 168 177 183 192 198 207 213 222 228 237 243 252 258 267 273 282
a 3 9 15 24 33 42 51 54 63 72 78 87 93 102 108 117 123 132 138 147 153 162 168 177 183 192 198 207 213 222 228 237 243 252 258 267 273 282
a 3 9 15 27 33 42 51 54 63 72 78 87 93 102 108 117 123 132 138 147 153 162 168 177 183 192 198 207 213 222 228 237 243 252 258 267 273 282
a 3 9 15 27 33 42 51 54 60 72 78 87 93 102 108 117 123 132 138 147 153 162 168 177 183 192 198 207 213 222 228 237 243 252 258 267 273 282
a 3 9 15 27 33 42 51 54 60 69 78 87 93 102 108 117 123 132 138 147 153 162 168 177 183 192 198 207 213 222 228 237 243 252 258 267 273 282
a 3 9 15 27 33 42 51 54 60 69 75 87 93 102 108 117 123 132 138 147 153 162 168 177 183 192 198 207 213 222 228 237 243 252 258 267 273 282
a 3 9 15 27 33 42 51 54 60 69 75 84 93 102 108 117 123 132 138 147 153 162 168 177 183 192 198 207 213 222 228 237 243 252 258 267 273 282
a 3 9 15 27 33 42 51 54 60 69 81 84 93 102 108 117 123 132 138 147 153 162 168 177 183 192 198 207 213 222 228 237 243 252 258 267 273 282
a 3 9 15 27 33 42 51 54 60 72 81 84 93 102 108 117 123 132 138 147 153 162 168 177 183 192 198 207 213 222 228 237 243 252 258 267 273 282
a 3 9 15 27 33 42 51 54 63 72 81 84 93 102 108 117 123 132 138 147 153 162 168 177 183 192 198 207 213 222 228 237 243 252 258 267 273 282
a 3 9 15 24 33 42 51 54 63 72 81 84 93 102 108 117 123 132 138 147 153 162 168 177 183 192 198 207 213 222 228 237 243 252 258 267 273 282
a 3 9 21 24 33 42 51 54 63 72 81 84 93 102 108 117 123 132 138 147 153 162 168 177 183 192 198 207 213 222 228 237 243 252 258 267 273 282
a 3 12 21 24 33 42 51 54 63 72 81 84 93 102 108 117 123 132 138 147 153 162 168 177 183 192 198 207 213 222 228 237 243 252 258 267 273 282
a 6 12 21 24 33 42 51 54 63 72 81 84 93 102 108 117 123 132 138 147 153 162 168 177 183 192 198 207 213 222 228 237 243 252 258 267 273 282
a 6 12 21 24 30 42 51 54 63 72 81 84 93 102 108 117 123 132 138 147 153 162 168 177 183 192 198 207 213 222 228 237 243 252 258 267 273 282
a 6 12 21 24 30 39 51 54 63 72 81 84 93 102 108 117 123 132 138 147 153 162 168 177 183 192 198 207 213 222 228 237 243 252 258 267 273 282
a 6 12 21 24 30 39 45 54 63 72 81 84 93 102 108 117 123 132 138 147 153 162 168 177 183 192 198 207 213 222 228 237 243 252 258 267 273 282
a 6 12 21 24 30 39 45 57 63 72 81 84 93 102 108 117 123 132 138 147 153 162 168 177 183 192 198 207 213 222 228 237 243 252 258 267 273 282
a 6 12 21 24 30 39 45 57 63 72 81 84 90 102 108 117 123 132 138 147 153 162 168 177 183 192 198 207 213 222 228 237 243 252 258 267 273 282
a 6 12 21 24 30 39 45 57 63 72 81 84 90 99 108 117 123 132 138 147 153 162 168 177 183 192 198 207 213 222 228 237 243 252 258 267 273 282
a 6 12 21 24 30 39 45 57 63 72 81 84 90 99 105 117 123 132 138 147 153 162 168 177 183 192 198 207 213 222 228 237 243 252 258 267 273 282
a 6 12 21 24 30 39 45 57 63 72 81 84 90 99 105 114 123 132 138 147 153 162 168 177 183 192 198 207 213 222 228 237 243 252 258 267 273 282
a 6 12 21 24 30 39 45 57 63 72 81 84 90 99 111 114 123 132 138 147 153 162 168 177 183 192 198 207 213 222 228 237 243 252 258 267 273 282
a 6 12 21 24 30 39 45 57 63 72 81 84 90 102 111 114 123 132 138 147 153 162 168 177 183 192 198 207 213 222 228 237 243 252 258 267 273 282
a 6 12 21 24 30 39 45 57 63 72 81 84 93 102 111 114 123 132 138 147 153 162 168 177 183 192 198 207 213 222 228 237 243 252 258 267 273 282
a 6 12 21 24 30 39 45 54 63 72 81 84 93 102 111 114 123 132 138 147 153 162 168 177 183 192 198 207 213 222 228 237 243 252 258 267 273 282
a 6 12 21 24 30 39 51 54 63 72 81 84 93 102 111 114 123 132 138 147 153 162 168 177 183 192 198 207 213 222 228 237 243 252 258 267 273 282
a 6 12 21 24 30 42 51 54 63 72 81 84 93 102 111 114 123 132 138 147 153 162 168 177 183 192 198 207 213 222 228 237 243 252 258 267 273 282
a 6 12 21 24 33 42 51 54 63 72 81 84 93 102 111 114 123 132 138 147 153 162 168 177 183 192 198 207 213 222 228 237 243 252 258 267 273 282
a 3 12 21 24 33 42 51 54 63 72 81 84 93 102 111 114 123 132 138 147 153 162 168 177 183 192 198 207 213 222 228 237 243 252 258 267 273 282
a 3 9 21 24 33 42 51 54 63 72 81 84 93 102 111 114 123 132 138 147 153 162 168 177 183 192 198 207 213 222 228 237 243 252 258 267 273 282
a 3 9 15 24 33 42 51 54 63 72 81 84 93 102 111 114 123 132 138 147 153 162 168 177 183 192 198 207 213 222 228 237 243 252 258 267 273 282
a 3 9 15 27 33 42 51 54 63 72 81 84 93 102 111 114 123 132 138 147 153 162 168 177 183 192 198 207 213 222 228 237 243 252 258 267 273 282
a 3 9 15 27 33 42 51 54 60 72 81 84 93 102 111 114 123 132 138 147 153 162 168 177 183 192 198 207 213 222 228 237 243 252 258 267 273 282
a 3 9 15 27 33 42 51 54 60 69 81 84 93 102 111 114 123 132 138 147 153 162 168 177 183 192 198 207 213 222 228 237 243 252 258 267 273 282
a 3 9 15 27 33 42 51 54 60 69 75 84 93 102 111 114 123 132 138 147 153 162 168 177 183 192 198 207 213 222 228 237 243 252 258 267 273 282
a 3 9 15 27 33 42 51 54 60 69 75 87 93 102 111 114 123 132 138 147 153 162 168 177 183 192 198 207 213 222 228 237 243 252 258 267 273 282
a 3 9 15 27 33 42 51 54 60 69 75 87 93 102 111 114 120 132 138 147 153 162 168 177 183 192 198 207 213 222 228 237 243 252 258 267 273 282
a 3 9 15 27 33 42 51 54 60 69 75 87 93 102 111 114 120 129 138 147 153 162 168 177 183 192 198 207 213 222 228 237 243 252 258 267 273 282
a 3 9 15 27 33 42 51 54 60 69 75 87 93 102 111 114 120 129 135 147 153 162 168 177 183 192 198 207 213 222 228 237 243 252 258 267 273 282
a 3 9 15 27 33 42 51 54 60 69 75 87 93 102 111 114 120 129 135 144 153 162 168 177 183 192 198 207 213 222 228 237 243 252 258 267 273 282
a 3 9 15 27 33 42 51 54 60 69 75 87 93 102 111 114 120 129 141 144 153 162 168 177 183 192 198 207 213 222 228 237 243 252 258 267 273 282
a 3 9 15 27 33 42 51 54 60 69 75 87 93 102 111 114 120 132 141 144 153 162 168 177 183 192 198 207 213 222 228 237 243 252 258 267 273 282
a 3 9 15 27 33 42 51 54 60 69 75 87 93 102 111 114 123 132 141 144 153 162 168 177 183 192 198 207 213 222 228 237 243 252 258 267 273 282
a 3 9 15 27 33 42 51 54 60 69 75 84 93 102 111 114 123 132 141 144 153 162 168 177 183 192 198 207 213 222 228 237 243 252 258 267 273 282
a 3 9 15 27 33 42 51 54 60 69 81 84 93 102 111 114 123 132 141 144 153 162 168 177 183 192 198 207 213 222 228 237 243 252 258 267 273 282
a 3 9 15 27 33 42 51 54 60 72 81 84 93 102 111 114 123 132 141 144 153 162 168 177 183 192 198 207 213 222 228 237 243 252 258 267 273 282
a 3 9 15 27 33 42 51 54 63 72 81 84 93 102 111 114 123 132 141 144 153 162 168 177 183 192 198 207 213 222 228 237 243 252 258 267 273 282
a 3 9 15 24 33 42 51 54 63 72 81 84 93 102 111 114 123 132 141 144 153 162 168 177 183 192 198 207 213 222 228 237 243 252 258 267 273 282
a 3 9 21 24 33 42 51 54 63 72 81 84 93 102 111 114 123 132 141 144 153 162 168 177 183 192 198 207 213 222 228 237 243 252 258 267 273 282
a 3 12 21 24 33 42 51 54 63 72 81 84 93 102 111 114 123 132 141 144 153 162 168 177 183 192 198 207 213 222 228 237 243 252 258 267 273 282
a 6 12 21 24 33 42 51 54 63 72 81 84 93 102 111 114 123 132 141 144 153 162 168 177 183 192 198 207 213 222 228 237 243 252 258 267 273 282
a 6 12 21 24 30 42 51 54 63 72 81 84 93 102 111 114 123 132 141 144 153 162 168 177 183 192 198 207 213 222 228 237 243 252 258 267 273 282
a 6 12 21 24 30 39 51 54 63 72 81 84 93 102 111 114 123 132 141 144 153 162 168 177 183 192 198 207 213 222 228 237 243 252 258 267 273 282
a 6 12 21 24 30 39 45 54 63 72 81 84 93 102 111 114 123 132 141 144 153 162 168 177 183 192 198 207 213 222 228 237 243 252 258 267 273 282
a 6 12 21 24 30 39 45 57 63 72 81 84 93 102 111 114 123 132 141 144 153 162 168 177 183 192 198 207 213 222 228 237 243 252 258 267 273 282
a 6 12 21 24 30 39 45 57 63 72 81 84 90 102 111 114 123 132 141 144 153 162 168 177 183 192 198 207 213 222 228 237 243 252 258 267 273 282
a 6 12 21 24 30 39 45 57 63 72 81 84 90 99 111 114 123 132 141 144 153 162 168 177 183 192 198 207 213 222 228 237 243 252 258 267 273 282
a 6 12 21 24 30 39 45 57 63 72 81 84 90 99 105 114 123 132 141 144 153 162 168 177 183 192 198 207 213 222 228 237 243 252 258 267 273 282
a 6 12 21 24 30 39 45 57 63 72 81 84 90 99 105 117 123 132 141 144 153 162 168 177 183 192 198 207 213 222 228 237 243 252 258 267 273 282
a 6 12 21 24 30 39 45 57 63 72 81 84 90 99 105 117 123 132 141 144 150 162 168 177 183 192 198 207 213 222 228 237 243 252 258 267 273 282
a 6 12 21 24 30 39 45 57 63 72 81 84 90 99 105 117 123 132 141 144 150 159 168 177 183 192 198 207 213 222 228 237 243 252 258 267 273 282
a 6 12 21 24 30 39 45 57 63 72 81 84 90 99 105 117 123 132 141 144 150 159 165 177 183 192 198 207 213 222 228 237 243 252 258 267 273 282
a 6 12 21 24 30 39 45 57 63 72 81 84 90 99 105 117 123 132 141 144 150 159 165 174 183 192 198 207 213 222 228 237 243 252 258 267 273 282
a 6 12 21 24 30 39 45 57 63 72 81 84 90 99 105 117 123 132 141 144 150 159 171 174 183 192 198 207 213 222 228 237 243 252 258 267 273 282
a 6 12 21 24 30 39 45 57 63 72 81 84 90 99 105 117 123 132 141 144 150 162 171 174 183 192 198 207 213 222 228 237 243 252 258 267 273 282
a 6 12 21 24 30 39 45 57 63 72 81 84 90 99 105 117 123 132 141 144 153 162 171 174 183 192 198 207 213 222 228 237 243 252 258 267 273 282
a 6 12 21 24 30 39 45 57 63 72 81 84 90 99 105 114 123 132 141 144 153 162 171 174 183 192 198 207 213 222 228 237 243 252 258 267 273 282
a 6 12 21 24 30 39 45 57 63 72 81 84 90 99 111 114 123 132 141 144 153 162 171 174 183 192 198 207 213 222 228 237 243 252 258 267 273 282
a 6 12 21 24 30 39 45 57 63 72 81 84 90 102 111 114 123 132 141 144 153 162 171 174 183 192 198 207 213 222 228 237 243 252 258 267 273 282
a 6 12 21 24 30 39 45 57 63 72 81 84 93 102 111 114 123 132 141 144 153 162 171 174 183 192 198 207 213 222 228 237 243 252 258 267 273 282
a 6 12 21 24 30 39 45 54 63 72 81 84 93 102 111 114 123 132 141 144 153 162 171 174 183 192 198 207 213 222 228 237 243 252 258 267 273 282
a 6 12 21 24 30 39 51 54 63 72 81 84 93 102 111 114 123 132 141 144 153 162 171 174 183 192 198 207 213 222 228 237 243 252 258 267 273 282
a 6 12 21 24 30 42 51 54 63 72 81 84 93 102 111 114 123 132 141 144 153 162 171 174 183 192 198 207 213 222 228 237 243 252 258 267 273 282
a 6 12 21 24 33 42 51 54 63 72 81 84 93 102 111 114 123 132 141 144 153 162 171 174 183 192 198 207 213 222 228 237 243 252 258 267 273 282
a 3 12 21 24 33 42 51 54 63 72 81 84 93 102 111 114 123 132 141 144 153 162 171 174 183 192 198 207 213 222 228 237 243 252 258 267 273 282
a 3 9 21 24 33 42 51 54 63 72 81 84 93 102 111 114 123 132 141 144 153 162 171 174 183 192 198 207 213 222 228 237 243 252 258 267 273 282
a 3 9 15 24 33 42 51 54 63 72 81 84 93 102 111 114 123 132 141 144 153 162 171 174 183 192 198 207 213 222 228 237 243 252 258 267 273 282
a 3 9 15 27 33 42 51 54 63 72 81 84 93 102 111 114 123 132 141 144 153 162 171 174 183 192 198 207 213 222 228 237 243 252 258 267 273 282
a 3 9 15 27 33 42 51 54 60 72 81 84 93 102 111 114 123 132 141 144 153 162 171 174 183 192 198 207 213 222 228 237 243 252 258 267 273 282
a 3 9 15 27 33 42 51 54 60 69 81 84 93 102 111 114 123 132 141 144 153 162 171 174 183 192 198 207 213 222 228 237 243 252 258 267 273 282
a 3 9 15 27 33 42 51 54 60 69 75 84 93 102 111 114 123 132 141 144 153 162 171 174 183 192 198 207 213 222 228 237 243 252 258 267 273 282
a 3 9 15 27 33 42 51 54 60 69 75 87 93 102 111 114 123 132 141 144 153 162 171 174 183 192 198 207 213 222 228 237 243 252 258 267 273 282
a 3 9 15 27 33 42 51 54 60 69 75 87 93 102 111 114 120 132 141 144 153 162 171 174 183 192 198 207 213 222 228 237 243 252 258 267 273 282
a 3 9 15 27 33 42 51 54 60 69 75 87 93 102 111 114 120 129 141 144 153 162 171 174 183 192 198 207 213 222 228 237 243 252 258 267 273 282
a 3 9 15 27 33 42 51 54 60 69 75 87 93 102 111 114 120 129 135 144 153 162 171 174 183 192 198 207 213 222 228 237 243 252 258 267 273 282
a 3 9 15 27 33 42 51 54 60 69 75 87 93 102 111 114 120 129 135 147 153 162 171 174 183 192 198 207 213 222 228 237 243 252 258 267 273 282
a 3 9 15 27 33 42 51 54 60 69 75 87 93 102 111 114 120 129 135 147 153 162 171 174 180 192 198 207 213 222 228 237 243 252 258 267 273 282
a 3 9 15 27 33 42 51 54 60 69 75 87 93 102 111 114 120 129 135 147 153 162 171 174 180 189 198 207 213 222 228 237 243 252 258 267 273 282
a 3 9 15 27 33 42 51 54 60 69 75 87 93 102 111 114 120 129 135 147 153 162 171 174 180 189 195 207 213 222 228 237 243 252 258 267 273 282
a 3 9 15 27 33 42 51 54 60 69 75 87 93 102 111 114 120 129 135 147 153 162 171 174 180 189 195 204 213 222 228 237 243 252 258 267 273 282
a 3 9 15 27 33 42 51 54 60 69 75 87 93 102 111 114 120 129 135 147 153 162 171 174 180 189 201 204 213 222 228 237 243 252 258 267 273 282
a 3 9 15 27 33 42 51 54 60 69 75 87 93 102 111 114 120 129 135 147 153 162 171 174 180 192 201 204 213 222 228 237 243 252 258 267 273 282
a 3 9 15 27 33 42 51 54 60 69 75 87 93 102 111 114 120 129 135 147 153 162 171 174 183 192 201 204 213 222 228 237 243 252 258 267 273 282
a 3 9 15 27 33 42 51 54 60 69 75 87 93 102 111 114 120 129 135 144 153 162 171 174 183 192 201 204 213 222 228 237 243 252 258 267 273 282
a 3 9 15 27 33 42 51 54 60 69 75 87 93 102 111 114 120 129 141 144 153 162 171 174 183 192 201 204 213 222 228 237 243 252 258 267 273 282
a 3 9 15 27 33 42 51 54 60 69 75 87 93 102 111 114 120 132 141 144 153 162 171 174 183 192 201 204 213 222 228 237 243 252 258 267 273 282
a 3 9 15 27 33 42 51 54 60 69 75 87 93 102 111 114 123 132 141 144 153 162 171 174 183 192 201 204 213 222 228 237 243 252 258 267 273 282
a 3 9 15 27 33 42 51 54 60 69 75 84 93 102 111 114 123 132 141 144 153 162 171 174 183 192 201 204 213 222 228 237 243 252 258 267 273 282
a 3 9 15 27 33 42 51 54 60 69 81 84 93 102 111 114 123 132 141 144 153 162 171 174 183 192 201 204 213 222 228 237 243 252 258 267 273 282
a 3 9 15 27 33 42 51 54 60 72 81 84 93 102 111 114 123 132 141 144 153 162 171 174 183 192 201 204 213 222 228 237 243 252 258 267 273 282
a 3 9 15 27 33 42 51 54 63 72 81 84 93 102 111 114 123 132 141 144 153 162 171 174 183 192 201 204 213 222 228 237 243 252 258 267 273 282
a 3 9 15 24 33 42 51 54 63 72 81 84 93 102 111 114 123 132 141 144 153 162 171 174 183 192 201 204 213 222 228 237 243 252 258 267 273 282
a 3 9 21 24 33 42 51 54 63 72 81 84 93 102 111 114 123 132 141 144 153 162 171 174 183 192 201 204 213 222 228 237 243 252 258 267 273 282
a 3 12 21 24 33 42 51 54 63 72 81 84 93 102 111 114 123 132 141 144 153 162 171 174 183 192 201 204 213 222 228 237 243 252 258 267 273 282
a 6 12 21 24 33 42 51 54 63 72 81 84 93 102 111 114 123 132 141 144 153 162 171 174 183 192 201 204 213 222 228 237 243 252 258 267 273 282
a 6 12 21 24 30 42 51 54 63 72 81 84 93 102 111 114 123 132 141 144 153 162 171 174 183 192 201 204 213 222 228 237 243 252 258 267 273 282
a 6 12 21 24 30 39 51 54 63 72 81 84 93 102 111 114 123 132 141 144 153 162 171 174 183 192 201 204 213 222 228 237 243 252 258 267 273 282
a 6 12 21 24 30 39 45 54 63 72 81 84 93 102 111 114 123 132 141 144 153 162 171 174 183 192 201 204 213 222 228 237 243 252 258 267 273 282
a 6 12 21 24 30 39 45 57 63 72 81 84 93 102 111 114 123 132 141 144 153 162 171 174 183 192 201 204 213 222 228 237 243 252 258 267 273 282
a 6 12 21 24 30 39 45 57 63 72 81 84 90 102 111 114 123 132 141 144 153 162 171 174 183 192 201 204 213 222 228 237 243 252 258 267 273 282
a 6 12 21 24 30 39 45 57 63 72 81 84 90 99 111 114 123 132 141 144 153 162 171 174 183 192 201 204 213 222 228 237 243 252 258 267 273 282
a 6 12 21 24 30 39 45 57 63 72 81 84 90 99 105 114 123 132 141 144 153 162 171 174 183 192 201 204 213 222 228 237 243 252 258 267 273 282
a 6 12 21 24 30 39 45 57 63 72 81 84 90 99 105 117 123 132 141 144 153 162 171 174 183 192 201 204 213 222 228 237 243 252 258 267 273 282
a 6 12 21 24 30 39 45 57 63 72 81 84 90 99 105 117 123 132 141 144 150 162 171 174 183 192 201 204 213 222 228 237 243 252 258 267 273 282
a 6 12 21 24 30 39 45 57 63 72 81 84 90 99 105 117 123 132 141 144 150 159 171 174 183 192 201 204 213 222 228 237 243 252 258 267 273 282
a 6 12 21 24 30 39 45 57 63 72 81 84 90 99 105 117 123 132 141 144 150 159 165 174 183 192 201 204 213 222 228 237 243 252 258 267 273 282
a 6 12 21 24 30 39 45 57 63 72 81 84 90 99 105 117 123 132 141 144 150 159 165 177 183 192 201 204 213 222 228 237 243 252 258 267 273 282
a 6 12 21 24 30 39 45 57 63 72 81 84 90 99 105 117 123 132 141 144 150 159 165 177 183 192 201 204 210 222 228 237 243 252 258 267 273 282
a 6 12 21 24 30 39 45 57 63 72 81 84 90 99 105 117 123 132 141 144 150 159 165 177 183 192 201 204 210 219 228 237 243 252 258 267 273 282
a 6 12 21 24 30 39 45 57 63 72 81 84 90 99 105 117 123 132 141 144 150 159 165 177 183 192 201 204 210 219 225 237 243 252 258 267 273 282
a 6 12 21 24 30 39 45 57 63 72 81 84 90 99 105 117 123 132 141 144 150 159 165 177 183 192 201 204 210 219 225 234 243 252 258 267 273 282
a 6 12 21 24 30 39 45 57 63 72 81 84 90 99 105 117 123 132 141 144 150 159 165 177 183 192 201 204 210 219 231 234 243 252 258 267 273 282
a 6 12 21 24 30 39 45 57 63 72 81 84 90 99 105 117 123 132 141 144 150 159 165 177 183 192 201 204 210 222 231 234 243 252 258 267 273 282
a 6 12 21 24 30 39 45 57 63 72 81 84 90 99 105 117 123 132 141 144 150 159 165 177 183 192 201 204 213 222 231 234 243 252 258 267 273 282
a 6 12 21 24 30 39 45 57 63 72 81 84 90 99 105 117 123 132 141 144 150 159 165 174 183 192 201 204 213 222 231 234 243 252 258 267 273 282
a 6 12 21 24 30 39 45 57 63 72 81 84 90 99 105 117 123 132 141 144 150 159 171 174 183 192 201 204 213 222 231 234 243 252 258 267 273 282
a 6 12 21 24 30 39 45 57 63 72 81 84 90 99 105 117 123 132 141 144 150 162 171 174 183 192 201 204 213 222 231 234 243 252 258 267 273 282
a 6 12 21 24 30 39 45 57 63 72 81 84 90 99 105 117 123 132 141 144 153 162 171 174 183 192 201 204 213 222 231 234 243 252 258 267 273 282
a 6 12 21 24 30 39 45 57 63 72 81 84 90 99 105 114 123 132 141 144 153 162 171 174 183 192 201 204 213 222 231 234 243 252 258 267 273 282
a 6 12 21 24 30 39 45 57 63 72 81 84 90 99 111 114 123 132 141 144 153 162 171 174 183 192 201 204 213 222 231 234 243 252 258 267 273 282
a 6 12 21 24 30 39 45 57 63 72 81 84 90 102 111 114 123 132 141 144 153 162 171 174 183 192 201 204 213 222 231 234 243 252 258 267 273 282
a 6 12 21 24 30 39 45 57 63 72 81 84 93 102 111 114 123 132 141 144 153 162 171 174 183 192 201 204 213 222 231 234 243 252 258 267 273 282
a 6 12 21 24 30 39 45 54 63 72 81 84 93 102 111 114 123 132 141 144 153 162 171 174 183 192 201 204 213 222 231 234 243 252 258 267 273 282
a 6 12 21 24 30 39 51 54 63 72 81 84 93 102 111 114 123 132 141 144 153 162 171 174 183 192 201 204 213 222 231 234 243 252 258 267 273 282
a 6 12 21 24 30 42 51 54 63 72 81 84 93 102 111 114 123 132 141 144 153 162 171 174 183 192 201 204 213 222 231 234 243 252 258 267 273 282
a 6 12 21 24 33 42 51 54 63 72 81 84 93 102 111 114 123 132 141 144 153 162 171 174 183 192 201 204 213 222 231 234 243 252 258 267 273 282
a 3 12 21 24 33 42 51 54 63 72 81 84 93 102 111 114 123 132 141 144 153 162 171 174 183 192 201 204 213 222 231 234 243 252 258 267 273 282
a 3 9 21 24 33 42 51 54 63 72 81 84 93 102 111 114 123 132 141 144 153 162 171 174 183 192 201 204 213 222 231 234 243 252 258 267 273 282
a 3 9 15 24 33 42 51 54 63 72 81 84 93 102 111 114 123 132 141 144 153 162 171 174 183 192 201 204 213 222 231 234 243 252 258 267 273 282
a 3 9 15 27 33 42 51 54 63 72 81 84 93 102 111 114 123 132 141 144 153 162 171 174 183 192 201 204 213 222 231 234 243 252 258 267 273 282
a 3 9 15 27 33 42 51 54 60 72 81 84 93 102 111 114 123 132 141 144 153 162 171 174 183 192 201 204 213 222 231 234 243 252 258 267 273 282
a 3 9 15 27 33 42 51 54 60 69 81 84 93 102 111 114 123 132 141 144 153 162 171 174 183 192 201 204 213 222 231 234 243 252 258 267 273 282
a 3 9 15 27 33 42 51 54 60 69 75 84 93 102 111 114 123 132 141 144 153 162 171 174 183 192 201 204 213 222 231 234 243 252 258 267 273 282
a 3 9 15 27 33 42 51 54 60 69 75 87 93 102 111 114 123 132 141 144 153 162 171 174 183 192 201 204 213 222 231 234 243 252 258 267 273 282
a 3 9 15 27 33 42 51 54 60 69 75 87 93 102 111 114 120 132 141 144 153 162 171 174 183 192 201 204 213 222 231 234 243 252 258 267 273 282
a 3 9 15 27 33 42 51 54 60 69 75 87 93 102 111 114 120 129 141 144 153 162 171 174 183 192 201 204 213 222 231 234 243 252 258 267 273 282
a 3 9 15 27 33 42 51 54 60 69 75 87 93 102 111 114 120 129 135 144 153 162 171 174 183 192 201 204 213 222 231 234 243 252 258 267 273 282
a 3 9 15 27 33 42 51 54 60 69 75 87 93 102 111 114 120 129 135 147 153 162 171 174 183 192 201 204 213 222 231 234 243 252 258 267 273 282
a 3 9 15 27 33 42 51 54 60 69 75 87 93 102 111 114 120 129 135 147 153 162 171 174 180 192 201 204 213 222 231 234 243 252 258 267 273 282
a 3 9 15 27 33 42 51 54 60 69 75 87 93 102 111 114 120 129 135 147 153 162 171 174 180 189 201 204 213 222 231 234 243 252 258 267 273 282
a 3 9 15 27 33 42 51 54 60 69 75 87 93 102 111 114 120 129 135 147 153 162 171 174 180 189 195 204 213 222 231 234 243 252 258 267 273 282
a 3 9 15 27 33 42 51 54 60 69 75 87 93 102 111 114 120 129 135 147 153 162 171 174 180 189 195 207 213 222 231 234 243 252 258 267 273 282
a 3 9 15 27 33 42 51 54 60 69 75 87 93 102 111 114 120 129 135 147 153 162 171 174 180 189 195 207 213 222 231 234 240 252 258 267 273 282
a 3 9 15 27 33 42 51 54 60 69 75 87 93 102 111 114 120 129 135 147 153 162 171 174 180 189 195 207 213 222 231 234 240 249 258 267 273 282
a 3 9 15 27 33 42 51 54 60 69 75 87 93 102 111 114 120 129 135 147 153 162 171 174 180 189 195 207 213 222 231 234 240 249 255 267 273 282
a 3 9 15 27 33 42 51 54 60 69 75 87 93 102 111 114 120 129 135 147 153 162 171 174 180 189 195 207 213 222 231 234 240 249 255 264 273 282
a 3 9 15 27 33 42 51 54 60 69 75 87 93 102 111 114 120 129 135 147 153 162 171 174 180 189 195 207 213 222 231 234 240 249 261 264 273 282
a 3 9 15 27 33 42 51 54 60 69 75 87 93 102 111 114 120 129 135 147 153 162 171 174 180 189 195 207 213 222 231 234 240 252 261 264 273 282
a 3 9 15 27 33 42 51 54 60 69 75 87 93 102 111 114 120 129 135 147 153 162 171 174 180 189 195 207 213 222 231 234 243 252 261 264 273 282
a 3 9 15 27 33 42 51 54 60 69 75 87 93 102 111 114 120 129 135 147 153 162 171 174 180 189 195 204 213 222 231 234 243 252 261 264 273 282
a 3 9 15 27 33 42 51 54 60 69 75 87 93 102 111 114 120 129 135 147 153 162 171 174 180 189 201 204 213 222 231 234 243 252 261 264 273 282
a 3 9 15 27 33 42 51 54 60 69 75 87 93 102 111 114 120 129 135 147 153 162 171 174 180 192 201 204 213 222 231 234 243 252 261 264 273 282
a 3 9 15 27 33 42 51 54 60 69 75 87 93 102 111 114 120 129 135 147 153 162 171 174 183 192 201 204 213 222 231 234 243 252 261 264 273 282
a 3 9 15 27 33 42 51 54 60 69 75 87 93 102 111 114 120 129 135 144 153 162 171 174 183 192 201 204 213 222 231 234 243 252 261 264 273 282
a 3 9 15 27 33 42 51 54 60 69 75 87 93 102 111 114 120 129 141 144 153 162 171 174 183 192 201 204 213 222 231 234 243 252 261 264 273 282
a 3 9 15 27 33 42 51 54 60 69 75 87 93 102 111 114 120 132 141 144 153 162 171 174 183 192 201 204 213 222 231 234 243 252 261 264 273 282
a 3 9 15 27 33 42 51 54 60 69 75 87 93 102 111 114 123 132 141 144 153 162 171 174 183 192 201 204 213 222 231 234 243 252 261 264 273 282
a 3 9 15 27 33 42 51 54 60 69 75 84 93 102 111 114 123 132 141 144 153 162 171 174 183 192 201 204 213 222 231 234 243 252 261 264 273 282
a 3 9 15 27 33 42 51 54 60 69 81 84 93 102 111 114 123 132 141 144 153 162 171 174 183 192 201 204 213 222 231 234 243 252 261 264 273 282
a 3 9 15 27 33 42 51 54 60 72 81 84 93 102 111 114 123 132 141 144 153 162 171 174 183 192 201 204 213 222 231 234 243 252 261 264 273 282
a 3 9 15 27 33 42 51 54 63 72 81 84 93 102 111 114 123 132 141 144 153 162 171 174 183 192 201 204 213 222 231 234 243 252 261 264 273 282
a 3 9 15 24 33 42 51 54 63 72 81 84 93 102 111 114 123 132 141 144 153 162 171 174 183 192 201 204 213 222 231 234 243 252 261 264 273 282
a 3 9 21 24 33 42 51 54 63 72 81 84 93 102 111 114 123 132 141 144 153 162 171 174 183 192 201 204 213 222 231 234 243 252 261 264 273 282
a 3 12 21 24 33 42 51 54 63 72 81 84 93 102 111 114 123 132 141 144 153 162 171 174 183 192 201 204 213 222 231 234 243 252 261 264 273 282
a 6 12 21 24 33 42 51 54 63 72 81 84 93 102 111 114 123 132 141 144 153 162 171 174 183 192 201 204 213 222 231 234 243 252 261 264 273 282
a 6 12 21 24 30 42 51 54 63 72 81 84 93 102 111 114 123 132 141 144 153 162 171 174 183 192 201 204 213 222 231 234 243 252 261 264 273 282
a 6 12 21 24 30 39 51 54 63 72 81 84 93 102 111 114 123 132 141 144 153 162 171 174 183 192 201 204 213 222 231 234 243 252 261 264 273 282
a 6 12 21 24 30 39 45 54 63 72 81 84 93 102 111 114 123 132 141 144 153 162 171 174 183 192 201 204 213 222 231 234 243 252 261 264 273 282
a 6 12 21 24 30 39 45 57 63 72 81 84 93 102 111 114 123 132 141 144 153 162 171 174 183 192 201 204 213 222 231 234 243 252 261 264 273 282
a 6 12 21 24 30 39 45 57 63 72 81 84 90 102 111 114 123 132 141 144 153 162 171 174 183 192 201 204 213 222 231 234 243 252 261 264 273 282
a 6 12 21 24 30 39 45 57 63 72 81 84 90 99 111 114 123 132 141 144 153 162 171 174 183 192 201 204 213 222 231 234 243 252 261 264 273 282
a 6 12 21 24 30 39 45 57 63 72 81 84 90 99 105 114 123 132 141 144 153 162 171 174 183 192 201 204 213 222 231 234 243 252 261 264 273 282
a 6 12 21 24 30 39 45 57 63 72 81 84 90 99 105 117 123 132 141 144 153 162 171 174 183 192 201 204 213 222 231 234 243 252 261 264 273 282
a 6 12 21 24 30 39 45 57 63 72 81 84 90 99 105 117 123 132 141 144 150 162 171 174 183 192 201 204 213 222 231 234 243 252 261 264 273 282
a 6 12 21 24 30 39 45 57 63 72 81 84 90 99 105 117 123 132 141 144 150 159 171 174 183 192 201 204 213 222 231 234 243 252 261 264 273 282
a 6 12 21 24 30 39 45 57 63 72 81 84 90 99 105 117 123 132 141 144 150 159 165 174 183 192 201 204 213 222 231 234 243 252 261 264 273 282
a 6 12 21 24 30 39 45 57 63 72 81 84 90 99 105 117 123 132 141 144 150 159 165 177 183 192 201 204 213 222 231 234 243 252 261 264 273 282
a 6 12 21 24 30 39 45 57 63 72 81 84 90 99 105 117 123 132 141 144 150 159 165 177 183 192 201 204 210 222 231 234 243 252 261 264 273 282
a 6 12 21 24 30 39 45 57 63 72 81 84 90 99 105 117 123 132 141 144 150 159 165 177 183 192 201 204 210 219 231 234 243 252 261 264 273 282
a 6 12 21 24 30 39 45 57 63 72 81 84 90 99 105 117 123 132 141 144 150 159 165 177 183 192 201 204 210 219 225 234 243 252 261 264 273 282
a 6 12 21 24 30 39 45 57 63 72 81 84 90 99 105 117 123 132 141 144 150 159 165 177 183 192 201 204 210 219 225 237 243 252 261 264 273 282
a 6 12 21 24 30 39 45 57 63 72 81 84 90 99 105 117 123 132 141 144 150 159 165 177 183 192 201 204 210 219 225 237 243 252 261 264 270 282
a 6 12 21 24 30 39 45 57 63 72 81 84 90 99 105 117 123 132 141 144 150 159 165 177 183 192 201 204 210 219 225 237 243 252 261 264 270 279
a 6 12 21 24 30 39 45 57 63 72 81 84 90 99 105 117 123 132 141 144 150 159 165 177 183 192 201 204 210 219 225 237 243 252 261 264 276 279
a 6 12 21 24 30 39 45 57 63 72 81 84 90 99 105 117 123 132 141 144 150 159 165 177 183 192 201 204 210 219 225 234 243 252 261 264 276 279
a 6 12 21 24 30 39 45 57 63 72 81 84 90 99 105 117 123 132 141 144 150 159 165 177 183 192 201 204 210 219 231 234 243 252 261 264 276 279
a 6 12 21 24 30 39 45 57 63 72 81 84 90 99 105 117 123 132 141 144 150 159 165 177 183 192 201 204 210 222 231 234 243 252 261 264 276 279
a 6 12 21 24 30 39 45 57 63 72 81 84 90 99 105 117 123 132 141 144 150 159 165 177 183 192 201 204 213 222 231 234 243 252 261 264 276 279
a 6 12 21 24 30 39 45 57 63 72 81 84 90 99 105 117 123 132 141 144 150 159 165 174 183 192 201 204 213 222 231 234 243 252 261 264 276 279
a 6 12 21 24 30 39 45 57 63 72 81 84 90 99 105 117 123 132 141 144 150 159 171 174 183 192 201 204 213 222 231 234 243 252 261 264 276 279
a 6 12 21 24 30 39 45 57 63 72 81 84 90 99 105 117 123 132 141 144 150 162 171 174 183 192 201 204 213 222 231 234 243 252 261 264 276 279
a 6 12 21 24 30 39 45 57 63 72 81 84 90 99 105 117 123 132 141 144 153 162 171 174 183 192 201 204 213 222 231 234 243 252 261 264 276 279
a 6 12 21 24 30 39 45 57 63 72 81 84 90 99 105 114 123 132 141 144 153 162 171 174 183 192 201 204 213 222 231 234 243 252 261 264 276 279
a 6 12 21 24 30 39 45 57 63 72 81 84 90 99 111 114 123 132 141 144 153 162 171 174 183 192 201 204 213 222 231 234 243 252 261 264 276 279
a 6 12 21 24 30 39 45 57 63 72 81 84 90 102 111 114 123 132 141 144 153 162 171 174 183 192 201 204 213 222 231 234 243 252 261 264 276 279
a 6 12 21 24 30 39 45 57 63 72 81 84 93 102 111 114 123 132 141 144 153 162 171 174 183 192 201 204 213 222 231 234 243 252 261 264 276 279
a 6 12 21 24 30 39 45 54 63 72 81 84 93 102 111 114 123 132 141 144 153 162 171 174 183 192 201 204 213 222 231 234 243 252 261 264 276 279
a 6 12 21 24 30 39 51 54 63 72 81 84 93 102 111 114 123 132 141 144 153 162 171 174 183 192 201 204 213 222 231 234 243 252 261 264 276 279
a 6 12 21 24 30 42 51 54 63 72 81 84 93 102 111 114 123 132 141 144 153 162 171 174 183 192 201 204 213 222 231 234 243 252 261 264 276 279
a 6 12 21 24 33 42 51 54 63 72 81 84 93 102 111 114 123 132 141 144 153 162 171 174 183 192 201 204 213 222 231 234 243 252 261 264 276 279
a 3 12 21 24 33 42 51 54 63 72 81 84 93 102 111 114 123 132 141 144 153 162 171 174 183 192 201 204 213 222 231 234 243 252 261 264 276 279
a 3 9 21 24 33 42 51 54 63 72 81 84 93 102 111 114 123 132 141 144 153 162 171 174 183 192 201 204 213 222 231 234 243 252 261 264 276 279
a 3 9 15 24 33 42 51 54 63 72 81 84 93 102 111 114 123 132 141 144 153 162 171 174 183 192 201 204 213 222 231 234 243 252 261 264 276 279
a 3 9 15 27 33 42 51 54 63 72 81 84 93 102 111 114 123 132 141 144 153 162 171 174 183 192 201 204 213 222 231 234 243 252 261 264 276 279
a 3 9 15 27 33 42 51 54 60 72 81 84 93 102 111 114 123 132 141 144 153 162 171 174 183 192 201 204 213 222 231 234 243 252 261 264 276 279
a 3 9 15 27 33 42 51 54 60 69 81 84 93 102 111 114 123 132 141 144 153 162 171 174 183 192 201 204 213 222 231 234 243 252 261 264 276 279
a 3 9 15 27 33 42 51 54 60 69 75 84 93 102 111 114 123 132 141 144 153 162 171 174 183 192 201 204 213 222 231 234 243 252 261 264 276 279
a 3 9 15 27 33 42 51 54 60 69 75 87 93 102 111 114 123 132 141 144 153 162 171 174 183 192 201 204 213 222 231 234 243 252 261 264 276 279
a 3 9 15 27 33 42 51 54 60 69 75 87 93 102 111 114 120 132 141 144 153 162 171 174 183 192 201 204 213 222 231 234 243 252 261 264 276 279
a 3 9 15 27 33 42 51 54 60 69 75 87 93 102 111 114 120 129 141 144 153 162 171 174 183 192 201 204 213 222 231 234 243 252 261 264 276 279
a 3 9 15 27 33 42 51 54 60 69 75 87 93 102 111 114 120 129 135 144 153 162 171 174 183 192 201 204 213 222 231 234 243 252 261 264 276 279
a 3 9 15 27 33 42 51 54 60 69 75 87 93 102 111 114 120 129 135 147 153 162 171 174 183 192 201 204 213 222 231 234 243 252 261 264 276 279
a 3 9 15 27 33 42 51 54 60 69 75 87 93 102 111 114 120 129 135 147 153 162 171 174 180 192 201 204 213 222 231 234 243 252 261 264 276 279
a 3 9 15 27 33 42 51 54 60 69 75 87 93 102 111 114 120 129 135 147 153 162 171 174 180 189 201 204 213 222 231 234 243 252 261 264 276 279
a 3 9 15 27 33 42 51 54 60 69 75 87 93 102 111 114 120 129 135 147 153 162 171 174 180 189 195 204 213 222 231 234 243 252 261 264 276 279
a 3 9 15 27 33 42 51 54 60 69 75 87 93 102 111 114 120 129 135 147 153 162 171 174 180 189 195 207 213 222 231 234 243 252 261 264 276 279
a 3 9 15 27 33 42 51 54 60 69 75 87 93 102 111 114 120 129 135 147 153 162 171 174 180 189 195 207 213 222 231 234 240 252 261 264 276 279
a 3 9 15 27 33 42 51 54 60 69 75 87 93 102 111 114 120 129 135 147 153 162 171 174 180 189 195 207 213 222 231 234 240 249 261 264 276 279
a 3 9 15 27 33 42 51 54 60 69 75 87 93 102 111 114 120 129 135 147 153 162 171 174 180 189 195 207 213 222 231 234 246 249 261 264 276 279
a 3 9 15 27 33 42 51 54 60 69 75 87 93 102 111 114 120 129 135 147 153 162 171 174 180 189 195 204 213 222 231 234 246 249 261 264 276 279
a 3 9 15 27 33 42 51 54 60 69 75 87 93 102 111 114 120 129 135 147 153 162 171 174 180 189 201 204 213 222 231 234 246 249 261 264 276 279
a 3 9 15 27 33 42 51 54 60 69 75 87 93 102 111 114 120 129 135 147 153 162 171 174 180 192 201 204 213 222 231 234 246 249 261 264 276 279
a 3 9 15 27 33 42 51 54 60 69 75 87 93 102 111 114 120 129 135 147 153 162 171 174 183 192 201 204 213 222 231 234 246 249 261 264 276 279
a 3 9 15 27 33 42 51 54 60 69 75 87 93 102 111 114 120 129 135 144 153 162 171 174 183 192 201 204 213 222 231 234 246 249 261 264 276 279
a 3 9 15 27 33 42 51 54 60 69 75 87 93 102 111 114 120 129 141 144 153 162 171 174 183 192 201 204 213 222 231 234 246 249 261 264 276 279
a 3 9 15 27 33 42 51 54 60 69 75 87 93 102 111 114 120 132 141 144 153 162 171 174 183 192 201 204 213 222 231 234 246 249 261 264 276 279
a 3 9 15 27 33 42 51 54 60 69 75 87 93 102 111 114 123 132 141 144 153 162 171 174 183 192 201 204 213 222 231 234 246 249 261 264 276 279
a 3 9 15 27 33 42 51 54 60 69 75 84 93 102 111 114 123 132 141 144 153 162 171 174 183 192 201 204 213 222 231 234 246 249 261 264 276 279
a 3 9 15 27 33 42 51 54 60 69 81 84 93 102 111 114 123 132 141 144 153 162 171 174 183 192 201 204 213 222 231 234 246 249 261 264 276 279
a 3 9 15 27 33 42 51 54 60 72 81 84 93 102 111 114 123 132 141 144 153 162 171 174 183 192 201 204 213 222 231 234 246 249 261 264 276 279
a 3 9 15 27 33 42 51 54 63 72 81 84 93 102 111 114 123 132 141 144 153 162 171 174 183 192 201 204 213 222 231 234 246 249 261 264 276 279
a 3 9 15 24 33 42 51 54 63 72 81 84 93 102 111 114 123 132 141 144 153 162 171 174 183 192 201 204 213 222 231 234 246 249 261 264 276 279
a 3 9 21 24 33 42 51 54 63 72 81 84 93 102 111 114 123 132 141 144 153 162 171 174 183 192 201 204 213 222 231 234 246 249 261 264 276 279
a 3 12 21 24 33 42 51 54 63 72 81 84 93 102 111 114 123 132 141 144 153 162 171 174 183 192 201 204 213 222 231 234 246 249 261 264 276 279
a 6 12 21 24 33 42 51 54 63 72 81 84 93 102 111 114 123 132 141 144 153 162 171 174 183 192 201 204 213 222 231 234 246 249 261 264 276 279
a 6 12 21 24 30 42 51 54 63 72 81 84 93 102 111 114 123 132 141 144 153 162 171 174 183 192 201 204 213 222 231 234 246 249 261 264 276 279
a 6 12 21 24 30 39 51 54 63 72 81 84 93 102 111 114 123 132 141 144 153 162 171 174 183 192 201 204 213 222 231 234 246 249 261 264 276 279
a 6 12 21 24 30 39 45 54 63 72 81 84 93 102 111 114 123 132 141 144 153 162 171 174 183 192 201 204 213 222 231 234 246 249 261 264 276 279
a 6 12 21 24 30 39 45 57 63 72 81 84 93 102 111 114 123 132 141 144 153 162 171 174 183 192 201 204 213 222 231 234 246 249 261 264 276 279
a 6 12 21 24 30 39 45 57 63 72 81 84 90 102 111 114 123 132 141 144 153 162 171 174 183 192 201 204 213 222 231 234 246 249 261 264 276 279
a 6 12 21 24 30 39 45 57 63 72 81 84 90 99 111 114 123 132 141 144 153 162 171 174 183 192 201 204 213 222 231 234 246 249 261 264 276 279
a 6 12 21 24 30 39 45 57 63 72 81 84 90 99 105 114 123 132 141 144 153 162 171 174 183 192 201 204 213 222 231 234 246 249 261 264 276 279
a 6 12 21 24 30 39 45 57 63 72 81 84 90 99 105 117 123 132 141 144 153 162 171 174 183 192 201 204 213 222 231 234 246 249 261 264 276 279
a 6 12 21 24 30 39 45 57 63 72 81 84 90 99 105 117 123 132 141 144 150 162 171 174 183 192 201 204 213 222 231 234 246 249 261 264 276 279
a 6 12 21 24 30 39 45 57 63 72 81 84 90 99 105 117 123 132 141 144 150 159 171 174 183 192 201 204 213 222 231 234 246 249 261 264 276 279
a 6 12 21 24 30 39 45 57 63 72 81 84 90 99 105 117 123 132 141 144 150 159 165 174 183 192 201 204 213 222 231 234 246 249 261 264 276 279
a 6 12 21 24 30 39 45 57 63 72 81 84 90 99 105 117 123 132 141 144 150 159 165 177 183 192 201 204 213 222 231 234 246 249 261 264 276 279
a 6 12 21 24 30 39 45 57 63 72 81 84 90 99 105 117 123 132 141 144 150 159 165 177 183 192 201 204 210 222 231 234 246 249 261 264 276 279
a 6 12 21 24 30 39 45 57 63 72 81 84 90 99 105 117 123 132 141 144 150 159 165 177 183 192 201 204 210 219 231 234 246 249 261 264 276 279
a 6 12 21 24 30 39 45 57 63 72 81 84 90 99 105 117 123 132 141 144 150 159 165 177 183 192 201 204 216 219 231 234 246 249 261 264 276 279
a 6 12 21 24 30 39 45 57 63 72 81 84 90 99 105 117 123 132 141 144 150 159 165 174 183 192 201 204 216 219 231 234 246 249 261 264 276 279
a 6 12 21 24 30 39 45 57 63 72 81 84 90 99 105 117 123 132 141 144 150 159 171 174 183 192 201 204 216 219 231 234 246 249 261 264 276 279
a 6 12 21 24 30 39 45 57 63 72 81 84 90 99 105 117 123 132 141 144 150 162 171 174 183 192 201 204 216 219 231 234 246 249 261 264 276 279
a 6 12 21 24 30 39 45 57 63 72 81 84 90 99 105 117 123 132 141 144 153 162 171 174 183 192 201 204 216 219 231 234 246 249 261 264 276 279
a 6 12 21 24 30 39 45 57 63 72 81 84 90 99 105 114 123 132 141 144 153 162 171 174 183 192 201 204 216 219 231 234 246 249 261 264 276 279
a 6 12 21 24 30 39 45 57 63 72 81 84 90 99 111 114 123 132 141 144 153 162 171 174 183 192 201 204 216 219 231 234 246 249 261 264 276 279
a 6 12 21 24 30 39 45 57 63 72 81 84 90 102 111 114 123 132 141 144 153 162 171 174 183 192 201 204 216 219 231 234 246 249 261 264 276 279
a 6 12 21 24 30 39 45 57 63 72 81 84 93 102 111 114 123 132 141 144 153 162 171 174 183 192 201 204 216 219 231 234 246 249 261 264 276 279
a 6 12 21 24 30 39 45 54 63 72 81 84 93 102 111 114 123 132 141 144 153 162 171 174 183 192 201 204 216 219 231 234 246 249 261 264 276 279
a 6 12 21 24 30 39 51 54 63 72 81 84 93 102 111 114 123 132 141 144 153 162 171 174 183 192 201 204 216 219 231 234 246 249 261 264 276 279
a 6 12 21 24 30 42 51 54 63 72 81 84 93 102 111 114 123 132 141 144 153 162 171 174 183 192 201 204 216 219 231 234 246 249 261 264 276 279
a 6 12 21 24 33 42 51 54 63 72 81 84 93 102 111 114 123 132 141 144 153 162 171 174 183 192 201 204 216 219 231 234 246 249 261 264 276 279
a 3 12 21 24 33 42 51 54 63 72 81 84 93 102 111 114 123 132 141 144 153 162 171 174 183 192 201 204 216 219 231 234 246 249 261 264 276 279
a 3 9 21 24 33 42 51 54 63 72 81 84 93 102 111 114 123 132 141 144 153 162 171 174 183 192 201 204 216 219 231 234 246 249 261 264 276 279
a 3 9 15 24 33 42 51 54 63 72 81 84 93 102 111 114 123 132 141 144 153 162 171 174 183 192 201 204 216 219 231 234 246 249 261 264 276 279
a 3 9 15 27 33 42 51 54 63 72 81 84 93 102 111 114 123 132 141 144 153 162 171 174 183 192 201 204 216 219 231 234 246 249 261 264 276 279
a 3 9 15 27 33 42 51 54 60 72 81 84 93 102 111 114 123 132 141 144 153 162 171 174 183 192 201 204 216 219 231 234 246 249 261 264 276 279
a 3 9 15 27 33 42 51 54 60 69 81 84 93 102 111 114 123 132 141 144 153 162 171 174 183 192 201 204 216 219 231 234 246 249 261 264 276 279
a 3 9 15 27 33 42 51 54 60 69 75 84 93 102 111 114 123 132 141 144 153 162 171 174 183 192 201 204 216 219 231 234 246 249 261 264 276 279
a 3 9 15 27 33 42 51 54 60 69 75 87 93 102 111 114 123 132 141 144 153 162 171 174 183 192 201 204 216 219 231 234 246 249 261 264 276 279
a 3 9 15 27 33 42 51 54 60 69 75 87 93 102 111 114 120 132 141 144 153 162 171 174 183 192 201 204 216 219 231 234 246 249 261 264 276 279
a 3 9 15 27 33 42 51 54 60 69 75 87 93 102 111 114 120 129 141 144 153 162 171 174 183 192 201 204 216 219 231 234 246 249 261 264 276 279
a 3 9 15 27 33 42 51 54 60 69 75 87 93 102 111 114 120 129 135 144 153 162 171 174 183 192 201 204 216 219 231 234 246 249 261 264 276 279
a 3 9 15 27 33 42 51 54 60 69 75 87 93 102 111 114 120 129 135 147 153 162 171 174 183 192 201 204 216 219 231 234 246 249 261 264 276 279
a 3 9 15 27 33 42 51 54 60 69 75 87 93 102 111 114 120 129 135 147 153 162 171 174 180 192 201 204 216 219 231 234 246 249 261 264 276 279
a 3 9 15 27 33 42 51 54 60 69 75 87 93 102 111 114 120 129 135 147 153 162 171 174 180 189 201 204 216 219 231 234 246 249 261 264 276 279
a 3 9 15 27 33 42 51 54 60 69 75 87 93 102 111 114 120 129 135 147 153 162 171 174 186 189 201 204 216 219 231 234 246 249 261 264 276 279
a 3 9 15 27 33 42 51 54 60 69 75 87 93 102 111 114 120 129 135 144 153 162 171 174 186 189 201 204 216 219 231 234 246 249 261 264 276 279
a 3 9 15 27 33 42 51 54 60 69 75 87 93 102 111 114 120 129 141 144 153 162 171 174 186 189 201 204 216 219 231 234 246 249 261 264 276 279
a 3 9 15 27 33 42 51 54 60 69 75 87 93 102 111 114 120 132 141 144 153 162 171 174 186 189 201 204 216 219 231 234 246 249 261 264 276 279
a 3 9 15 27 33 42 51 54 60 69 75 87 93 102 111 114 123 132 141 144 153 162 171 174 186 189 201 204 216 219 231 234 246 249 261 264 276 279
a 3 9 15 27 33 42 51 54 60 69 75 84 93 102 111 114 123 132 141 144 153 162 171 174 186 189 201 204 216 219 231 234 246 249 261 264 276 279
a 3 9 15 27 33 42 51 54 60 69 81 84 93 102 111 114 123 132 141 144 153 162 171 174 186 189 201 204 216 219 231 234 246 249 261 264 276 279
a 3 9 15 27 33 42 51 54 60 72 81 84 93 102 111 114 123 132 141 144 153 162 171 174 186 189 201 204 216 219 231 234 246 249 261 264 276 279
a 3 9 15 27 33 42 51 54 63 72 81 84 93 102 111 114 123 132 141 144 153 162 171 174 186 189 201 204 216 219 231 234 246 249 261 264 276 279
a 3 9 15 24 33 42 51 54 63 72 81 84 93 102 111 114 123 132 141 144 153 162 171 174 186 189 201 204 216 219 231 234 246 249 261 264 276 279
a 3 9 21 24 33 42 51 54 63 72 81 84 93 102 111 114 123 132 141 144 153 162 171 174 186 189 201 204 216 219 231 234 246 249 261 264 276 279
a 3 12 21 24 33 42 51 54 63 72 81 84 93 102 111 114 123 132 141 144 153 162 171 174 186 189 201 204 216 219 231 234 246 249 261 264 276 279
a 6 12 21 24 33 42 51 54 63 72 81 84 93 102 111 114 123 132 141 144 153 162 171 174 186 189 201 204 216 219 231 234 246 249 261 264 276 279
a 6 12 21 24 30 42 51 54 63 72 81 84 93 102 111 114 123 132 141 144 153 162 171 174 186 189 201 204 216 219 231 234 246 249 261 264 276 279
a 6 12 21 24 30 39 51 54 63 72 81 84 93 102 111 114 123 132 141 144 153 162 171 174 186 189 201 204 216 219 231 234 246 249 261 264 276 279
a 6 12 21 24 30 39 45 54 63 72 81 84 93 102 111 114 123 132 141 144 153 162 171 174 186 189 201 204 216 219 231 234 246 249 261 264 276 279
a 6 12 21 24 30 39 45 57 63 72 81 84 93 102 111 114 123 132 141 144 153 162 171 174 186 189 201 204 216 219 231 234 246 249 261 264 276 279
a 6 12 21 24 30 39 45 57 63 72 81 84 90 102 111 114 123 132 141 144 153 162 171 174 186 189 201 204 216 219 231 234 246 249 261 264 276 279
a 6 12 21 24 30 39 45 57 63 72 81 84 90 99 111 114 123 132 141 144 153 162 171 174 186 189 201 204 216 219 231 234 246 249 261 264 276 279
a 6 12 21 24 30 39 45 57 63 72 81 84 90 99 105 114 123 132 141 144 153 162 171 174 186 189 201 204 216 219 231 234 246 249 261 264 276 279
a 6 12 21 24 30 39 45 57 63 72 81 84 90 99 105 117 123 132 141 144 153 162 171 174 186 189 201 204 216 219 231 234 246 249 261 264 276 279
a 6 12 21 24 30 39 45 57 63 72 81 84 90 99 105 117 123 132 141 144 150 162 171 174 186 189 201 204 216 219 231 234 246 249 261 264 276 279
a 6 12 21 24 30 39 45 57 63 72 81 84 90 99 105 117 123 132 141 144 150 159 171 174 186 189 201 204 216 219 231 234 246 249 261 264 276 279
a 6 12 21 24 30 39 45 57 63 72 81 84 90 99 105 117 123 132 141 144 156 159 171 174 186 189 201 204 216 219 231 234 246 249 261 264 276 279
a 6 12 21 24 30 39 45 57 63 72 81 84 90 99 105 114 123 132 141 144 156 159 171 174 186 189 201 204 216 219 231 234 246 249 261 264 276 279
a 6 12 21 24 30 39 45 57 63 72 81 84 90 99 111 114 123 132 141 144 156 159 171 174 186 189 201 204 216 219 231 234 246 249 261 264 276 279
a 6 12 21 24 30 39 45 57 63 72 81 84 90 102 111 114 123 132 141 144 156 159 171 174 186 189 201 204 216 219 231 234 246 249 261 264 276 279
a 6 12 21 24 30 39 45 57 63 72 81 84 93 102 111 114 123 132 141 144 156 159 171 174 186 189 201 204 216 219 231 234 246 249 261 264 276 279
a 6 12 21 24 30 39 45 54 63 72 81 84 93 102 111 114 123 132 141 144 156 159 171 174 186 189 201 204 216 219 231 234 246 249 261 264 276 279
a 6 12 21 24 30 39 51 54 63 72 81 84 93 102 111 114 123 132 141 144 156 159 171 174 186 189 201 204 216 219 231 234 246 249 261 264 276 279
a 6 12 21 24 30 42 51 54 63 72 81 84 93 102 111 114 123 132 141 144 156 159 171 174 186 189 201 204 216 219 231 234 246 249 261 264 276 279
a 6 12 21 24 33 42 51 54 63 72 81 84 93 102 111 114 123 132 141 144 156 159 171 174 186 189 201 204 216 219 231 234 246 249 261 264 276 279
a 3 12 21 24 33 42 51 54 63 72 81 84 93 102 111 114 123 132 141 144 156 159 171 174 186 189 201 204 216 219 231 234 246 249 261 264 276 279
a 3 9 21 24 33 42 51 54 63 72 81 84 93 102 111 114 123 132 141 144 156 159 171 174 186 189 201 204 216 219 231 234 246 249 261 264 276 279
a 3 9 15 24 33 42 51 54 63 72 81 84 93 102 111 114 123 132 141 144 156 159 171 174 186 189 201 204 216 219 231 234 246 249 261 264 276 279
a 3 9 15 27 33 42 51 54 63 72 81 84 93 102 111 114 123 132 141 144 156 159 171 174 186 189 201 204 216 219 231 234 246 249 261 264 276 279
a 3 9 15 27 33 42 51 54 60 72 81 84 93 102 111 114 123 132 141 144 156 159 171 174 186 189 201 204 216 219 231 234 246 249 261 264 276 279
a 3 9 15 27 33 42 51 54 60 69 81 84 93 102 111 114 123 132 141 144 156 159 171 174 186 189 201 204 216 219 231 234 246 249 261 264 276 279
a 3 9 15 27 33 42 51 54 60 69 75 84 93 102 111 114 123 132 141 144 156 159 171 174 186 189 201 204 216 219 231 234 246 249 261 264 276 279
a 3 9 15 27 33 42 51 54 60 69 75 87 93 102 111 114 123 132 141 144 156 159 171 174 186 189 201 204 216 219 231 234 246 249 261 264 276 279
a 3 9 15 27 33 42 51 54 60 69 75 87 93 102 111 114 120 132 141 144 156 159 171 174 186 189 201 204 216 219 231 234 246 249 261 264 276 279
a 3 9 15 27 33 42 51 54 60 69 75 87 93 102 111 114 120 129 141 144 156 159 171 174 186 189 201 204 216 219 231 234 246 249 261 264 276 279
a 3 9 15 27 33 42 51 54 60 69 75 87 93 102 111 114 126 129 141 144 156 159 171 174 186 189 201 204 216 219 231 234 246 249 261 264 276 279
a 3 9 15 27 33 42 51 54 60 69 75 84 93 102 111 114 126 129 141 144 156 159 171 174 186 189 201 204 216 219 231 234 246 249 261 264 276 279
a 3 9 15 27 33 42 51 54 60 69 81 84 93 102 111 114 126 129 141 144 156 159 171 174 186 189 201 204 216 219 231 234 246 249 261 264 276 279
a 3 9 15 27 33 42 51 54 60 72 81 84 93 102 111 114 126 129 141 144 156 159 171 174 186 189 201 204 216 219 231 234 246 249 261 264 276 279
a 3 9 15 27 33 42 51 54 63 72 81 84 93 102 111 114 126 129 141 144 156 159 171 174 186 189 201 204 216 219 231 234 246 249 261 264 276 279
a 3 9 15 24 33 42 51 54 63 72 81 84 93 102 111 114 126 129 141 144 156 159 171 174 186 189 201 204 216 219 231 234 246 249 261 264 276 279
a 3 9 21 24 33 42 51 54 63 72 81 84 93 102 111 114 126 129 141 144 156 159 171 174 186 189 201 204 216 219 231 234 246 249 261 264 276 279
a 3 12 21 24 33 42 51 54 63 72 81 84 93 102 111 114 126 129 141 144 156 159 171 174 186 189 201 204 216 219 231 234 246 249 261 264 276 279
a 6 12 21 24 33 42 51 54 63 72 81 84 93 102 111 114 126 129 141 144 156 159 171 174 186 189 201 204 216 219 231 234 246 249 261 264 276 279
a 6 12 21 24 30 42 51 54 63 72 81 84 93 102 111 114 126 129 141 144 156 159 171 174 186 189 201 204 216 219 231 234 246 249 261 264 276 279
a 6 12 21 24 30 39 51 54 63 72 81 84 93 102 111 114 126 129 141 144 156 159 171 174 186 189 201 204 216 219 231 234 246 249 261 264 276 279
a 6 12 21 24 30 39 45 54 63 72 81 84 93 102 111 114 126 129 141 144 156 159 171 174 186 189 201 204 216 219 231 234 246 249 261 264 276 279
a 6 12 21 24 30 39 45 57 63 72 81 84 93 102 111 114 126 129 141 144 156 159 171 174 186 189 201 204 216 219 231 234 246 249 261 264 276 279
a 6 12 21 24 30 39 45 57 63 72 81 84 90 102 111 114 126 129 141 144 156 159 171 174 186 189 201 204 216 219 231 234 246 249 261 264 276 279
a 6 12 21 24 30 39 45 57 63 72 81 84 90 99 111 114 126 129 141 144 156 159 171 174 186 189 201 204 216 219 231 234 246 249 261 264 276 279
a 6 12 21 24 30 39 45 57 63 72 81 84 96 99 111 114 126 129 141 144 156 159 171 174 186 189 201 204 216 219 231 234 246 249 261 264 276 279
a 6 12 21 24 30 39 45 54 63 72 81 84 96 99 111 114 126 129 141 144 156 159 171 174 186 189 201 204 216 219 231 234 246 249 261 264 276 279
a 6 12 21 24 30 39 51 54 63 72 81 84 96 99 111 114 126 129 141 144 156 159 171 174 186 189 201 204 216 219 231 234 246 249 261 264 276 279
a 6 12 21 24 30 42 51 54 63 72 81 84 96 99 111 114 126 129 141 144 156 159 171 174 186 189 201 204 216 219 231 234 246 249 261 264 276 279
a 6 12 21 24 33 42 51 54 63 72 81 84 96 99 111 114 126 129 141 144 156 159 171 174 186 189 201 204 216 219 231 234 246 249 261 264 276 279
a 3 12 21 24 33 42 51 54 63 72 81 84 96 99 111 114 126 129 141 144 156 159 171 174 186 189 201 204 216 219 231 234 246 249 261 264 276 279
a 3 9 21 24 33 42 51 54 63 72 81 84 96 99 111 114 126 129 141 144 156 159 171 174 186 189 201 204 216 219 231 234 246 249 261 264 276 279
a 3 9 15 24 33 42 51 54 63 72 81 84 96 99 111 114 126 129 141 144 156 159 171 174 186 189 201 204 216 219 231 234 246 249 261 264 276 279
a 3 9 15 27 33 42 51 54 63 72 81 84 96 99 111 114 126 129 141 144 156 159 171 174 186 189 201 204 216 219 231 234 246 249 261 264 276 279
a 3 9 15 27 33 42 51 54 60 72 81 84 96 99 111 114 126 129 141 144 156 159 171 174 186 189 201 204 216 219 231 234 246 249 261 264 276 279
a 3 9 15 27 33 42 51 54 60 69 81 84 96 99 111 114 126 129 141 144 156 159 171 174 186 189 201 204 216 219 231 234 246 249 261 264 276 279
a 3 9 15 27 33 42 51 54 66 69 81 84 96 99 111 114 126 129 141 144 156 159 171 174 186 189 201 204 216 219 231 234 246 249 261 264 276 279
a 3 9 15 24 33 42 51 54 66 69 81 84 96 99 111 114 126 129 141 144 156 159 171 174 186 189 201 204 216 219 231 234 246 249 261 264 276 279
a 3 9 21 24 33 42 51 54 66 69 81 84 96 99 111 114 126 129 141 144 156 159 171 174 186 189 201 204 216 219 231 234 246 249 261 264 276 279
a 3 12 21 24 33 42 51 54 66 69 81 84 96 99 111 114 126 129 141 144 156 159 171 174 186 189 201 204 216 219 231 234 246 249 261 264 276 279
a 6 12 21 24 33 42 51 54 66 69 81 84 96 99 111 114 126 129 141 144 156 159 171 174 186 189 201 204 216 219 231 234 246 249 261 264 276 279
a 6 12 21 24 30 42 51 54 66 69 81 84 96 99 111 114 126 129 141 144 156 159 171 174 186 189 201 204 216 219 231 234 246 249 261 264 276 279
a 6 12 21 24 30 39 51 54 66 69 81 84 96 99 111 114 126 129 141 144 156 159 171 174 186 189 201 204 216 219 231 234 246 249 261 264 276 279
a 6 12 21 24 36 39 51 54 66 69 81 84 96 99 111 114 126 129 141 144 156 159 171 174 186 189 201 204 216 219 231 234 246 249 261 264 276 279
a 3 12 21 24 36 39 51 54 66 69 81 84 96 99 111 114 126 129 141 144 156 159 171 174 186 189 201 204 216 219 231 234 246 249 261 264 276 279
a 3 9 21 24 36 39 51 54 66 69 81 84 96 99 111 114 126 129 141 144 156 159 171 174 186 189 201 204 216 219 231 234 246 249 261 264 276 279
Reconfiguration time = 5.408377
	Command being timed: "timeout 600s ../ddreconf/ddreconf ../benchmark_instances/2023result/docs/solver/benchmark/hand_made_wide/square_wider/suzuki_instance_2_9_2_3.col --st --stfile=../benchmark_instances/2023result/docs/solver/benchmark/hand_made_wide/square_wider/suzuki_instance_2_9_2_3_01.dat --tj --indset"
	User time (seconds): 5.60
	System time (seconds): 0.13
	Percent of CPU this job got: 99%
	Elapsed (wall clock) time (h:mm:ss or m:ss): 0:05.76
	Average shared text size (kbytes): 0
	Average unshared data size (kbytes): 0
	Average stack size (kbytes): 0
	Average total size (kbytes): 0
	Maximum resident set size (kbytes): 154324
	Average resident set size (kbytes): 0
	Major (requiring I/O) page faults: 0
	Minor (reclaiming a frame) page faults: 39036
	Voluntary context switches: 3
	Involuntary context switches: 10
	Swaps: 0
	File system inputs: 0
	File system outputs: 176
	Socket messages sent: 0
	Socket messages received: 0
	Signals delivered: 0
	Page size (bytes): 4096
	Exit status: 0
