../benchmark_instances/2023result/docs/solver/benchmark/2022benchmark/benchmark/color04/2-FullIns_4.col
212
156, 168, 192, 193, 169, 157, 194, 195, 170, 171, 158, 159, 196, 197, 200, 198, 199, 201, 202, 203, 206, 172, 173, 176, 174, 175, 177, 178, 179, 160, 161, 164, 162, 163, 165, 166, 167, 205, 180, 181, 182, 183, 184, 185, 188, 186, 187, 189, 190, 191, 204, 207, 208, 210, 211, 104, 116, 140, 141, 117, 105, 142, 143, 118, 119, 106, 107, 144, 145, 148, 146, 147, 149, 150, 151, 154, 120, 121, 124, 122, 123, 125, 126, 127, 108, 109, 112, 110, 111, 113, 114, 115, 153, 128, 129, 130, 131, 132, 133, 136, 134, 135, 137, 138, 139, 152, 155, 209, 52, 0, 1, 53, 12, 64, 13, 65, 88, 89, 36, 37, 24, 76, 25, 77, 38, 90, 39, 91, 14, 66, 15, 67, 2, 54, 3, 55, 26, 78, 27, 79, 40, 92, 41, 93, 96, 44, 45, 50, 94, 95, 97, 98, 99, 102, 42, 43, 46, 47, 48, 51, 100, 103, 16, 68, 17, 69, 72, 20, 21, 70, 71, 73, 74, 75, 6, 7, 10, 23, 30, 31, 34, 58, 59, 62, 82, 83, 86, 9, 22, 33, 61, 85, 4, 19, 28, 56, 80, 5, 8, 11, 18, 29, 32, 35, 49, 57, 60, 63, 81, 84, 87, 101
../benchmark_instances/2023result/docs/solver/benchmark/2022benchmark/benchmark/color04/2-FullIns_4.col	212	1621	-1	52
	Command being timed: "timeout 20m java -Xms1024g -Xmx1024g -Xss134m -cp pathwidth.jar Pathwidth ../benchmark_instances/2023result/docs/solver/benchmark/2022benchmark/benchmark/color04/2-FullIns_4.col"
	User time (seconds): 0.79
	System time (seconds): 1.42
	Percent of CPU this job got: 119%
	Elapsed (wall clock) time (h:mm:ss or m:ss): 0:01.86
	Average shared text size (kbytes): 0
	Average unshared data size (kbytes): 0
	Average stack size (kbytes): 0
	Average total size (kbytes): 0
	Maximum resident set size (kbytes): 4813756
	Average resident set size (kbytes): 0
	Major (requiring I/O) page faults: 0
	Minor (reclaiming a frame) page faults: 134383
	Voluntary context switches: 3948
	Involuntary context switches: 8
	Swaps: 0
	File system inputs: 0
	File system outputs: 72
	Socket messages sent: 0
	Socket messages received: 0
	Signals delivered: 0
	Page size (bytes): 4096
	Exit status: 0
