../benchmark_instances/2023result/docs/solver/benchmark/2022benchmark/benchmark/color04/2-FullIns_5.col
852
792, 804, 828, 829, 805, 793, 830, 831, 806, 807, 794, 795, 832, 833, 836, 834, 835, 837, 838, 839, 842, 808, 809, 812, 810, 811, 813, 814, 815, 796, 797, 800, 798, 799, 801, 802, 803, 841, 816, 817, 818, 819, 820, 821, 824, 822, 823, 825, 826, 827, 840, 843, 846, 688, 700, 724, 725, 701, 689, 726, 727, 702, 703, 690, 691, 728, 729, 732, 730, 731, 733, 734, 735, 738, 704, 705, 708, 706, 707, 709, 710, 711, 692, 693, 696, 694, 695, 697, 698, 699, 737, 712, 713, 714, 715, 716, 717, 720, 718, 719, 721, 722, 723, 736, 739, 636, 648, 672, 673, 649, 637, 674, 675, 650, 651, 638, 639, 676, 677, 680, 678, 679, 681, 682, 683, 686, 652, 653, 656, 654, 655, 657, 658, 659, 640, 641, 644, 642, 643, 645, 646, 647, 685, 660, 661, 662, 663, 664, 665, 668, 666, 667, 669, 670, 671, 684, 687, 845, 740, 752, 776, 777, 753, 741, 778, 779, 754, 755, 742, 743, 780, 781, 784, 782, 783, 785, 786, 787, 790, 756, 757, 760, 758, 759, 761, 762, 763, 744, 745, 748, 746, 747, 749, 750, 751, 789, 764, 765, 766, 767, 768, 769, 772, 770, 771, 773, 774, 775, 788, 791, 844, 847, 848, 850, 851, 580, 592, 616, 617, 593, 581, 618, 619, 594, 595, 582, 583, 620, 621, 624, 622, 623, 625, 626, 627, 630, 596, 597, 600, 598, 599, 601, 602, 603, 584, 585, 588, 586, 587, 589, 590, 591, 629, 604, 605, 606, 607, 608, 609, 612, 610, 611, 613, 614, 615, 628, 631, 634, 476, 488, 512, 513, 489, 477, 514, 515, 490, 491, 478, 479, 516, 517, 520, 518, 519, 521, 522, 523, 526, 492, 493, 496, 494, 495, 497, 498, 499, 480, 481, 484, 482, 483, 485, 486, 487, 525, 500, 501, 502, 503, 504, 505, 508, 506, 507, 509, 510, 511, 524, 527, 424, 436, 460, 461, 437, 425, 462, 463, 438, 439, 426, 427, 464, 465, 468, 466, 467, 469, 470, 471, 474, 440, 441, 444, 442, 443, 445, 446, 447, 428, 429, 432, 430, 431, 433, 434, 435, 473, 448, 449, 450, 451, 452, 453, 456, 454, 455, 457, 458, 459, 472, 475, 633, 528, 540, 564, 565, 541, 529, 566, 567, 542, 543, 530, 531, 568, 569, 572, 570, 571, 573, 574, 575, 578, 544, 545, 548, 546, 547, 549, 550, 551, 532, 533, 536, 534, 535, 537, 538, 539, 577, 552, 553, 554, 555, 556, 557, 560, 558, 559, 561, 562, 563, 576, 579, 632, 635, 849, 368, 156, 380, 168, 404, 192, 405, 193, 381, 169, 369, 157, 406, 194, 407, 195, 382, 170, 383, 171, 370, 158, 371, 159, 408, 196, 409, 197, 412, 200, 410, 411, 413, 414, 415, 418, 198, 199, 201, 202, 203, 206, 384, 172, 385, 173, 388, 176, 386, 387, 389, 390, 391, 174, 175, 177, 178, 179, 372, 160, 373, 161, 376, 164, 374, 375, 377, 378, 379, 162, 163, 165, 166, 167, 417, 205, 392, 180, 393, 181, 394, 182, 395, 183, 396, 184, 397, 185, 400, 188, 398, 399, 401, 402, 403, 416, 419, 186, 187, 189, 190, 191, 204, 207, 422, 208, 210, 211, 420, 423, 104, 316, 116, 328, 140, 352, 141, 353, 117, 329, 105, 317, 142, 354, 143, 355, 118, 330, 119, 331, 106, 318, 107, 319, 144, 356, 145, 357, 148, 360, 146, 147, 149, 150, 151, 154, 358, 359, 361, 362, 363, 366, 120, 332, 121, 333, 124, 336, 122, 123, 125, 126, 127, 334, 335, 337, 338, 339, 108, 320, 109, 321, 112, 324, 110, 111, 113, 114, 115, 322, 323, 325, 326, 327, 153, 365, 128, 340, 129, 341, 130, 342, 131, 343, 132, 344, 133, 345, 136, 348, 134, 135, 137, 138, 139, 152, 155, 209, 346, 347, 349, 350, 351, 364, 367, 421, 52, 212, 264, 0, 1, 53, 213, 265, 12, 64, 224, 276, 13, 65, 225, 277, 88, 89, 248, 249, 300, 301, 36, 37, 24, 76, 236, 288, 25, 77, 237, 289, 38, 90, 250, 302, 39, 91, 251, 303, 14, 66, 226, 278, 15, 67, 227, 279, 2, 54, 214, 266, 3, 55, 215, 267, 26, 78, 238, 290, 27, 79, 239, 291, 40, 92, 252, 304, 41, 93, 253, 305, 96, 256, 308, 44, 45, 50, 94, 95, 97, 98, 99, 102, 254, 255, 257, 258, 259, 262, 306, 307, 309, 310, 311, 314, 42, 43, 46, 47, 48, 51, 100, 103, 260, 263, 312, 315, 16, 68, 228, 280, 17, 69, 229, 281, 72, 232, 284, 20, 21, 70, 71, 73, 74, 75, 230, 231, 233, 234, 235, 282, 283, 285, 286, 287, 6, 7, 10, 23, 30, 31, 34, 58, 59, 62, 82, 83, 86, 218, 219, 222, 242, 243, 246, 270, 271, 274, 294, 295, 298, 9, 22, 33, 61, 85, 221, 245, 273, 297, 4, 19, 28, 56, 80, 216, 240, 268, 292, 5, 8, 11, 18, 29, 32, 35, 49, 57, 60, 63, 81, 84, 87, 101, 217, 220, 223, 241, 244, 247, 261, 269, 272, 275, 293, 296, 299, 313
../benchmark_instances/2023result/docs/solver/benchmark/2022benchmark/benchmark/color04/2-FullIns_5.col	852	12201	-1	289
	Command being timed: "timeout 20m java -Xms1024g -Xmx1024g -Xss134m -cp pathwidth.jar Pathwidth ../benchmark_instances/2023result/docs/solver/benchmark/2022benchmark/benchmark/color04/2-FullIns_5.col"
	User time (seconds): 1.69
	System time (seconds): 1.51
	Percent of CPU this job got: 149%
	Elapsed (wall clock) time (h:mm:ss or m:ss): 0:02.15
	Average shared text size (kbytes): 0
	Average unshared data size (kbytes): 0
	Average stack size (kbytes): 0
	Average total size (kbytes): 0
	Maximum resident set size (kbytes): 5030000
	Average resident set size (kbytes): 0
	Major (requiring I/O) page faults: 0
	Minor (reclaiming a frame) page faults: 144088
	Voluntary context switches: 4761
	Involuntary context switches: 38
	Swaps: 0
	File system inputs: 0
	File system outputs: 80
	Socket messages sent: 0
	Socket messages received: 0
	Signals delivered: 0
	Page size (bytes): 4096
	Exit status: 0
