../benchmark_instances/2023result/docs/solver/benchmark/2022benchmark/benchmark/color04/3-FullIns_3.col
80
0, 1, 15, 16, 30, 31, 45, 46, 60, 61, 62, 63, 32, 33, 2, 3, 17, 18, 47, 48, 64, 65, 34, 35, 4, 5, 19, 20, 49, 50, 66, 67, 36, 37, 6, 7, 21, 22, 51, 52, 68, 69, 71, 72, 73, 78, 70, 59, 40, 29, 10, 8, 9, 11, 12, 13, 14, 38, 39, 41, 42, 43, 76, 23, 24, 25, 26, 27, 28, 44, 77, 53, 54, 55, 56, 57, 58, 74, 75, 79
../benchmark_instances/2023result/docs/solver/benchmark/2022benchmark/benchmark/color04/3-FullIns_3.col	80	346	-1	25
	Command being timed: "timeout 20m java -Xms1024g -Xmx1024g -Xss134m -cp pathwidth.jar Pathwidth ../benchmark_instances/2023result/docs/solver/benchmark/2022benchmark/benchmark/color04/3-FullIns_3.col"
	User time (seconds): 0.56
	System time (seconds): 1.43
	Percent of CPU this job got: 108%
	Elapsed (wall clock) time (h:mm:ss or m:ss): 0:01.84
	Average shared text size (kbytes): 0
	Average unshared data size (kbytes): 0
	Average stack size (kbytes): 0
	Average total size (kbytes): 0
	Maximum resident set size (kbytes): 4795152
	Average resident set size (kbytes): 0
	Major (requiring I/O) page faults: 0
	Minor (reclaiming a frame) page faults: 130952
	Voluntary context switches: 2394
	Involuntary context switches: 39
	Swaps: 0
	File system inputs: 0
	File system outputs: 72
	Socket messages sent: 0
	Socket messages received: 0
	Signals delivered: 0
	Page size (bytes): 4096
	Exit status: 0
