../benchmark_instances/2023result/docs/solver/benchmark/2022benchmark/benchmark/color04/3-Insertions_3.col
56
44, 46, 34, 22, 24, 12, 0, 2, 1, 3, 14, 36, 48, 26, 4, 5, 16, 38, 50, 28, 6, 7, 10, 8, 9, 18, 20, 19, 15, 11, 13, 17, 21, 30, 31, 27, 23, 25, 29, 32, 40, 52, 42, 54, 41, 51, 37, 47, 33, 45, 35, 49, 39, 43, 53, 55
../benchmark_instances/2023result/docs/solver/benchmark/2022benchmark/benchmark/color04/3-Insertions_3.col	56	110	-1	21
	Command being timed: "timeout 20m java -Xms1024g -Xmx1024g -Xss134m -cp pathwidth.jar Pathwidth ../benchmark_instances/2023result/docs/solver/benchmark/2022benchmark/benchmark/color04/3-Insertions_3.col"
	User time (seconds): 0.52
	System time (seconds): 1.44
	Percent of CPU this job got: 106%
	Elapsed (wall clock) time (h:mm:ss or m:ss): 0:01.84
	Average shared text size (kbytes): 0
	Average unshared data size (kbytes): 0
	Average stack size (kbytes): 0
	Average total size (kbytes): 0
	Maximum resident set size (kbytes): 4797096
	Average resident set size (kbytes): 0
	Major (requiring I/O) page faults: 0
	Minor (reclaiming a frame) page faults: 130804
	Voluntary context switches: 2508
	Involuntary context switches: 46
	Swaps: 0
	File system inputs: 0
	File system outputs: 72
	Socket messages sent: 0
	Socket messages received: 0
	Signals delivered: 0
	Page size (bytes): 4096
	Exit status: 0
