../benchmark_instances/2023result/docs/solver/benchmark/2022benchmark/benchmark/color04/ash331GPIA.col
662
0, 460, 403, 461, 402, 400, 455, 459, 520, 457, 401, 454, 458, 456, 521, 338, 339, 324, 325, 336, 391, 397, 399, 337, 390, 396, 398, 262, 131, 263, 130, 128, 201, 129, 200, 198, 253, 259, 261, 318, 257, 199, 252, 258, 256, 260, 319, 126, 193, 195, 124, 122, 127, 192, 194, 123, 125, 190, 196, 249, 251, 121, 186, 188, 191, 197, 248, 250, 120, 187, 189, 242, 243, 320, 322, 331, 333, 245, 247, 255, 314, 316, 321, 323, 330, 332, 305, 307, 309, 244, 246, 254, 315, 317, 304, 306, 308, 312, 328, 334, 385, 313, 329, 335, 384, 178, 180, 182, 184, 118, 167, 169, 165, 179, 181, 183, 185, 114, 116, 119, 164, 166, 168, 115, 117, 50, 51, 40, 1, 41, 8, 5, 9, 4, 6, 12, 7, 13, 10, 16, 53, 11, 17, 52, 310, 326, 379, 294, 296, 302, 311, 327, 378, 233, 235, 241, 295, 297, 303, 170, 176, 174, 232, 234, 240, 229, 172, 171, 175, 177, 173, 228, 156, 158, 160, 162, 157, 159, 161, 163, 382, 386, 392, 389, 395, 446, 452, 445, 383, 387, 393, 388, 394, 444, 447, 453, 300, 371, 377, 381, 434, 436, 375, 301, 370, 376, 374, 380, 435, 437, 440, 442, 448, 441, 443, 449, 450, 510, 513, 451, 511, 512, 516, 509, 515, 546, 517, 508, 514, 547, 230, 236, 291, 293, 222, 226, 231, 237, 290, 292, 151, 155, 153, 223, 227, 55, 133, 140, 150, 152, 154, 54, 132, 141, 138, 143, 149, 137, 212, 214, 147, 139, 142, 148, 224, 283, 220, 136, 146, 213, 215, 221, 225, 282, 238, 286, 288, 298, 367, 239, 287, 289, 299, 366, 134, 144, 203, 135, 145, 202, 208, 218, 273, 279, 211, 217, 270, 209, 219, 272, 278, 210, 216, 271, 276, 284, 359, 207, 269, 275, 350, 277, 285, 358, 204, 264, 341, 206, 268, 274, 351, 267, 353, 345, 205, 265, 340, 266, 344, 352, 342, 404, 343, 405, 462, 349, 407, 467, 470, 463, 348, 406, 466, 471, 280, 356, 360, 347, 355, 409, 414, 412, 281, 357, 361, 346, 354, 408, 413, 415, 362, 368, 372, 420, 427, 363, 369, 373, 421, 426, 364, 410, 424, 428, 365, 411, 425, 429, 418, 422, 468, 475, 417, 465, 473, 525, 477, 419, 423, 469, 474, 416, 464, 472, 476, 524, 432, 438, 501, 505, 431, 481, 485, 494, 433, 439, 500, 504, 478, 482, 489, 487, 430, 480, 484, 495, 479, 483, 486, 488, 490, 522, 528, 491, 523, 529, 492, 496, 526, 532, 493, 497, 527, 533, 530, 536, 499, 503, 535, 538, 540, 531, 537, 498, 502, 534, 539, 541, 506, 542, 548, 550, 507, 543, 549, 551, 518, 552, 554, 519, 553, 555, 544, 556, 560, 545, 557, 561, 580, 583, 584, 581, 558, 566, 569, 573, 571, 582, 585, 559, 567, 568, 570, 572, 564, 576, 586, 590, 579, 589, 593, 594, 565, 577, 587, 591, 578, 588, 592, 595, 598, 602, 599, 603, 562, 574, 596, 600, 604, 563, 575, 597, 601, 605, 606, 612, 611, 617, 607, 613, 608, 614, 620, 610, 616, 609, 615, 621, 618, 622, 626, 619, 623, 627, 624, 628, 625, 629, 630, 632, 631, 633, 634, 638, 635, 639, 636, 640, 648, 643, 647, 655, 637, 641, 649, 644, 650, 652, 645, 651, 656, 661, 642, 646, 653, 654, 657, 658, 659, 660, 2, 14, 20, 23, 25, 27, 37, 19, 57, 58, 66, 68, 70, 72, 29, 3, 15, 21, 22, 24, 26, 36, 30, 77, 85, 60, 18, 28, 56, 59, 67, 69, 71, 73, 33, 75, 86, 88, 94, 96, 98, 83, 31, 61, 76, 84, 34, 44, 46, 64, 80, 101, 103, 38, 42, 48, 62, 78, 107, 109, 111, 113, 35, 45, 47, 65, 81, 92, 100, 102, 104, 32, 39, 43, 49, 63, 74, 79, 82, 87, 89, 90, 91, 93, 95, 97, 99, 105, 106, 108, 110, 112
../benchmark_instances/2023result/docs/solver/benchmark/2022benchmark/benchmark/color04/ash331GPIA.col	662	4181	-1	167
	Command being timed: "timeout 20m java -Xms1024g -Xmx1024g -Xss134m -cp pathwidth.jar Pathwidth ../benchmark_instances/2023result/docs/solver/benchmark/2022benchmark/benchmark/color04/ash331GPIA.col"
	User time (seconds): 0.97
	System time (seconds): 1.48
	Percent of CPU this job got: 122%
	Elapsed (wall clock) time (h:mm:ss or m:ss): 0:02.00
	Average shared text size (kbytes): 0
	Average unshared data size (kbytes): 0
	Average stack size (kbytes): 0
	Average total size (kbytes): 0
	Maximum resident set size (kbytes): 4907084
	Average resident set size (kbytes): 0
	Major (requiring I/O) page faults: 0
	Minor (reclaiming a frame) page faults: 133973
	Voluntary context switches: 4140
	Involuntary context switches: 13
	Swaps: 0
	File system inputs: 80
	File system outputs: 72
	Socket messages sent: 0
	Socket messages received: 0
	Signals delivered: 0
	Page size (bytes): 4096
	Exit status: 0
