../benchmark_instances/2023result/docs/solver/benchmark/2022benchmark/benchmark/color04/DSJC125.1.col
125
108, 74, 17, 33, 89, 43, 0, 22, 70, 59, 94, 100, 95, 4, 52, 18, 67, 14, 7, 3, 55, 124, 42, 77, 31, 5, 1, 112, 29, 37, 10, 69, 98, 118, 63, 114, 57, 120, 11, 8, 99, 13, 23, 119, 20, 91, 27, 28, 111, 30, 86, 117, 9, 24, 110, 2, 79, 6, 40, 47, 72, 88, 105, 16, 51, 83, 85, 21, 61, 65, 66, 12, 49, 53, 97, 107, 113, 122, 32, 39, 54, 109, 26, 34, 60, 90, 19, 35, 46, 80, 96, 123, 36, 58, 68, 102, 15, 75, 82, 84, 101, 103, 41, 44, 48, 50, 76, 106, 121, 45, 56, 64, 81, 87, 92, 115, 116, 25, 38, 62, 71, 73, 78, 93, 104
../benchmark_instances/2023result/docs/solver/benchmark/2022benchmark/benchmark/color04/DSJC125.1.col	125	736	-1	36
	Command being timed: "timeout 20m java -Xms1024g -Xmx1024g -Xss134m -cp pathwidth.jar Pathwidth ../benchmark_instances/2023result/docs/solver/benchmark/2022benchmark/benchmark/color04/DSJC125.1.col"
	User time (seconds): 0.65
	System time (seconds): 1.43
	Percent of CPU this job got: 112%
	Elapsed (wall clock) time (h:mm:ss or m:ss): 0:01.85
	Average shared text size (kbytes): 0
	Average unshared data size (kbytes): 0
	Average stack size (kbytes): 0
	Average total size (kbytes): 0
	Maximum resident set size (kbytes): 4803608
	Average resident set size (kbytes): 0
	Major (requiring I/O) page faults: 0
	Minor (reclaiming a frame) page faults: 132130
	Voluntary context switches: 3287
	Involuntary context switches: 7
	Swaps: 0
	File system inputs: 16
	File system outputs: 72
	Socket messages sent: 0
	Socket messages received: 0
	Signals delivered: 0
	Page size (bytes): 4096
	Exit status: 0
