../benchmark_instances/2023result/docs/solver/benchmark/2022benchmark/benchmark/color04/DSJC250.5.col
250
133, 63, 90, 139, 21, 181, 10, 2, 72, 135, 49, 134, 44, 190, 55, 119, 0, 23, 35, 42, 236, 7, 71, 116, 131, 149, 155, 163, 188, 214, 222, 5, 14, 18, 54, 57, 59, 69, 73, 75, 91, 99, 105, 108, 124, 126, 128, 132, 152, 164, 170, 171, 197, 202, 208, 226, 229, 237, 1, 8, 20, 25, 26, 30, 32, 39, 40, 47, 53, 60, 64, 65, 76, 77, 78, 81, 82, 83, 85, 96, 97, 100, 106, 110, 111, 113, 114, 118, 120, 121, 122, 130, 136, 145, 148, 150, 151, 153, 156, 160, 168, 174, 175, 183, 185, 193, 194, 198, 199, 201, 204, 212, 215, 221, 224, 230, 231, 232, 234, 238, 239, 241, 242, 245, 246, 249, 3, 4, 6, 9, 11, 12, 13, 15, 16, 17, 19, 22, 24, 27, 28, 29, 31, 33, 34, 36, 37, 38, 41, 43, 45, 46, 48, 50, 51, 52, 56, 58, 61, 62, 66, 67, 68, 70, 74, 79, 80, 84, 86, 87, 88, 89, 92, 93, 94, 95, 98, 101, 102, 103, 104, 107, 109, 112, 115, 117, 123, 125, 127, 129, 137, 138, 140, 141, 142, 143, 144, 146, 147, 154, 157, 158, 159, 161, 162, 165, 166, 167, 169, 172, 173, 176, 177, 178, 179, 180, 182, 184, 186, 187, 189, 191, 192, 195, 196, 200, 203, 205, 206, 207, 209, 210, 211, 213, 216, 217, 218, 219, 220, 223, 225, 227, 228, 233, 235, 240, 243, 244, 247, 248
../benchmark_instances/2023result/docs/solver/benchmark/2022benchmark/benchmark/color04/DSJC250.5.col	250	15668	-1	87
	Command being timed: "timeout 20m java -Xms1024g -Xmx1024g -Xss134m -cp pathwidth.jar Pathwidth ../benchmark_instances/2023result/docs/solver/benchmark/2022benchmark/benchmark/color04/DSJC250.5.col"
	User time (seconds): 1.32
	System time (seconds): 1.45
	Percent of CPU this job got: 141%
	Elapsed (wall clock) time (h:mm:ss or m:ss): 0:01.96
	Average shared text size (kbytes): 0
	Average unshared data size (kbytes): 0
	Average stack size (kbytes): 0
	Average total size (kbytes): 0
	Maximum resident set size (kbytes): 4864228
	Average resident set size (kbytes): 0
	Major (requiring I/O) page faults: 0
	Minor (reclaiming a frame) page faults: 141954
	Voluntary context switches: 4499
	Involuntary context switches: 10
	Swaps: 0
	File system inputs: 288
	File system outputs: 72
	Socket messages sent: 0
	Socket messages received: 0
	Signals delivered: 0
	Page size (bytes): 4096
	Exit status: 0
