../benchmark_instances/2023result/docs/solver/benchmark/2022benchmark/benchmark/color04/DSJR500.1.col
500
254, 474, 493, 310, 199, 464, 25, 178, 367, 96, 97, 338, 80, 319, 215, 206, 12, 304, 382, 32, 270, 434, 441, 459, 2, 303, 356, 30, 440, 472, 5, 67, 424, 207, 29, 408, 112, 48, 321, 400, 85, 153, 113, 355, 193, 123, 237, 44, 168, 211, 159, 330, 174, 234, 294, 401, 11, 65, 8, 52, 275, 190, 366, 494, 148, 307, 418, 272, 203, 75, 0, 351, 78, 165, 134, 58, 10, 27, 220, 293, 412, 150, 156, 171, 347, 447, 467, 222, 41, 417, 496, 229, 357, 108, 360, 404, 480, 213, 285, 324, 371, 51, 57, 99, 122, 361, 268, 363, 489, 425, 292, 250, 343, 248, 416, 388, 478, 236, 298, 28, 475, 261, 445, 334, 390, 291, 484, 344, 244, 62, 19, 145, 228, 373, 466, 117, 498, 231, 37, 184, 354, 491, 368, 164, 266, 396, 325, 49, 359, 128, 180, 284, 387, 218, 223, 273, 290, 302, 352, 403, 56, 331, 267, 339, 468, 74, 414, 170, 314, 469, 287, 33, 83, 118, 90, 135, 370, 23, 197, 452, 476, 226, 1, 88, 374, 443, 473, 499, 306, 95, 161, 415, 384, 332, 399, 21, 413, 297, 451, 86, 39, 125, 146, 167, 487, 462, 429, 346, 116, 251, 327, 422, 482, 490, 212, 3, 87, 256, 286, 497, 402, 465, 378, 438, 131, 276, 281, 188, 54, 139, 252, 309, 311, 79, 98, 195, 238, 481, 391, 7, 132, 337, 449, 91, 274, 6, 35, 55, 111, 192, 225, 296, 405, 486, 129, 73, 147, 50, 409, 185, 232, 437, 455, 406, 377, 257, 283, 423, 149, 383, 202, 105, 394, 492, 119, 160, 431, 301, 14, 353, 439, 64, 271, 372, 305, 66, 277, 186, 20, 133, 308, 364, 495, 70, 201, 239, 103, 317, 461, 365, 43, 172, 265, 456, 59, 138, 241, 348, 240, 398, 89, 9, 22, 45, 158, 269, 300, 24, 386, 100, 173, 181, 191, 448, 175, 204, 278, 393, 435, 483, 454, 126, 288, 376, 130, 460, 36, 61, 137, 60, 4, 280, 295, 53, 198, 259, 420, 81, 313, 323, 430, 40, 262, 340, 411, 143, 169, 333, 154, 46, 189, 255, 345, 362, 446, 92, 176, 385, 182, 127, 72, 433, 38, 349, 395, 479, 151, 342, 282, 34, 253, 157, 488, 17, 205, 260, 381, 389, 162, 375, 194, 140, 124, 209, 233, 336, 392, 26, 227, 47, 141, 264, 450, 107, 442, 289, 299, 341, 350, 369, 379, 427, 31, 436, 470, 106, 326, 214, 152, 177, 221, 477, 208, 312, 444, 230, 68, 82, 142, 200, 101, 155, 163, 187, 243, 453, 109, 322, 71, 104, 316, 258, 407, 463, 320, 428, 84, 76, 263, 18, 144, 216, 315, 249, 42, 16, 63, 94, 246, 235, 247, 179, 136, 166, 183, 196, 102, 219, 245, 93, 217, 485, 69, 120, 121, 279, 329, 358, 419, 335, 318, 242, 110, 13, 15, 77, 114, 115, 210, 224, 328, 380, 397, 410, 421, 426, 432, 457, 458, 471
../benchmark_instances/2023result/docs/solver/benchmark/2022benchmark/benchmark/color04/DSJR500.1.col	500	3555	-1	118
	Command being timed: "timeout 20m java -Xms1024g -Xmx1024g -Xss134m -cp pathwidth.jar Pathwidth ../benchmark_instances/2023result/docs/solver/benchmark/2022benchmark/benchmark/color04/DSJR500.1.col"
	User time (seconds): 0.89
	System time (seconds): 1.48
	Percent of CPU this job got: 121%
	Elapsed (wall clock) time (h:mm:ss or m:ss): 0:01.95
	Average shared text size (kbytes): 0
	Average unshared data size (kbytes): 0
	Average stack size (kbytes): 0
	Average total size (kbytes): 0
	Maximum resident set size (kbytes): 4849796
	Average resident set size (kbytes): 0
	Major (requiring I/O) page faults: 0
	Minor (reclaiming a frame) page faults: 134750
	Voluntary context switches: 3844
	Involuntary context switches: 37
	Swaps: 0
	File system inputs: 72
	File system outputs: 72
	Socket messages sent: 0
	Socket messages received: 0
	Signals delivered: 0
	Page size (bytes): 4096
	Exit status: 0
