../benchmark_instances/2023result/docs/solver/benchmark/2022benchmark/benchmark/color04/games120.col
120
83, 92, 62, 95, 49, 98, 3, 60, 106, 77, 84, 48, 4, 25, 55, 71, 108, 31, 113, 33, 75, 27, 67, 114, 68, 100, 16, 105, 30, 57, 78, 109, 8, 32, 50, 115, 63, 35, 69, 110, 6, 20, 24, 47, 74, 82, 117, 119, 9, 0, 15, 61, 19, 46, 88, 56, 26, 22, 34, 93, 11, 18, 42, 41, 43, 90, 102, 66, 101, 79, 89, 21, 96, 112, 64, 104, 14, 28, 36, 38, 58, 94, 107, 87, 111, 2, 7, 17, 52, 72, 97, 103, 37, 70, 39, 44, 45, 51, 65, 73, 80, 81, 85, 99, 116, 118, 1, 23, 91, 76, 5, 10, 12, 13, 29, 40, 53, 54, 59, 86
../benchmark_instances/2023result/docs/solver/benchmark/2022benchmark/benchmark/color04/games120.col	120	638	-1	35
	Command being timed: "timeout 20m java -Xms1024g -Xmx1024g -Xss134m -cp pathwidth.jar Pathwidth ../benchmark_instances/2023result/docs/solver/benchmark/2022benchmark/benchmark/color04/games120.col"
	User time (seconds): 0.64
	System time (seconds): 1.44
	Percent of CPU this job got: 111%
	Elapsed (wall clock) time (h:mm:ss or m:ss): 0:01.86
	Average shared text size (kbytes): 0
	Average unshared data size (kbytes): 0
	Average stack size (kbytes): 0
	Average total size (kbytes): 0
	Maximum resident set size (kbytes): 4803568
	Average resident set size (kbytes): 0
	Major (requiring I/O) page faults: 0
	Minor (reclaiming a frame) page faults: 132206
	Voluntary context switches: 3074
	Involuntary context switches: 34
	Swaps: 0
	File system inputs: 16
	File system outputs: 72
	Socket messages sent: 0
	Socket messages received: 0
	Signals delivered: 0
	Page size (bytes): 4096
	Exit status: 0
