../benchmark_instances/2023result/docs/solver/benchmark/2022benchmark/benchmark/grid/grid200x200.col
Command exited with non-zero status 124
	Command being timed: "timeout 20m java -Xms1024g -Xmx1024g -Xss134m -cp pathwidth.jar Pathwidth ../benchmark_instances/2023result/docs/solver/benchmark/2022benchmark/benchmark/grid/grid200x200.col"
	User time (seconds): 1020.27
	System time (seconds): 227.29
	Percent of CPU this job got: 103%
	Elapsed (wall clock) time (h:mm:ss or m:ss): 20:08.08
	Average shared text size (kbytes): 0
	Average unshared data size (kbytes): 0
	Average stack size (kbytes): 0
	Average total size (kbytes): 0
	Maximum resident set size (kbytes): 649248628
	Average resident set size (kbytes): 0
	Major (requiring I/O) page faults: 0
	Minor (reclaiming a frame) page faults: 32693189
	Voluntary context switches: 47610
	Involuntary context switches: 2403
	Swaps: 0
	File system inputs: 2104
	File system outputs: 904
	Socket messages sent: 0
	Socket messages received: 0
	Signals delivered: 0
	Page size (bytes): 4096
	Exit status: 124
