../benchmark_instances/2023result/docs/solver/benchmark/2022benchmark/benchmark/color04/le450_5b.col
450
84, 165, 174, 228, 102, 346, 231, 433, 50, 192, 320, 95, 438, 431, 73, 94, 251, 204, 410, 81, 167, 413, 76, 5, 341, 345, 39, 264, 185, 205, 259, 374, 365, 99, 256, 275, 230, 71, 149, 319, 140, 266, 166, 269, 171, 430, 250, 385, 429, 436, 34, 86, 379, 160, 70, 44, 103, 218, 444, 213, 356, 176, 25, 135, 324, 0, 340, 115, 75, 154, 219, 329, 214, 434, 446, 59, 90, 180, 270, 104, 120, 30, 112, 161, 295, 314, 441, 261, 351, 255, 309, 369, 29, 300, 254, 209, 390, 89, 424, 243, 144, 199, 210, 435, 439, 159, 274, 49, 24, 139, 364, 426, 45, 225, 315, 405, 156, 66, 181, 246, 336, 151, 271, 361, 1, 91, 332, 77, 419, 194, 249, 304, 100, 79, 190, 280, 370, 10, 61, 55, 145, 235, 325, 415, 83, 22, 107, 377, 134, 241, 143, 253, 202, 223, 105, 122, 13, 123, 74, 189, 414, 98, 146, 125, 215, 352, 395, 18, 4, 312, 12, 27, 387, 65, 138, 305, 158, 183, 338, 35, 299, 375, 119, 197, 310, 362, 2, 31, 38, 68, 373, 408, 40, 220, 331, 372, 400, 32, 285, 378, 386, 3, 26, 296, 333, 52, 344, 348, 53, 168, 182, 388, 6, 7, 96, 117, 186, 287, 293, 335, 63, 92, 276, 366, 380, 11, 97, 148, 155, 191, 208, 272, 371, 432, 17, 260, 263, 268, 297, 417, 36, 162, 184, 303, 318, 396, 409, 51, 80, 170, 321, 421, 56, 87, 177, 187, 236, 238, 258, 262, 326, 367, 416, 427, 440, 442, 19, 78, 129, 207, 244, 323, 350, 354, 359, 392, 33, 43, 153, 298, 334, 347, 425, 16, 58, 67, 106, 137, 200, 237, 257, 286, 337, 382, 389, 422, 448, 46, 178, 302, 316, 393, 406, 9, 14, 113, 124, 128, 147, 157, 195, 234, 239, 343, 349, 357, 398, 443, 15, 62, 127, 130, 193, 217, 229, 242, 278, 360, 384, 397, 399, 20, 54, 82, 108, 118, 132, 164, 169, 227, 279, 283, 288, 307, 317, 353, 394, 402, 403, 23, 133, 136, 141, 188, 226, 248, 267, 292, 294, 358, 363, 8, 37, 42, 109, 111, 114, 152, 224, 245, 327, 339, 368, 418, 449, 21, 93, 126, 172, 196, 216, 222, 252, 289, 313, 428, 437, 447, 28, 60, 88, 116, 150, 198, 212, 240, 291, 306, 308, 330, 391, 407, 41, 57, 64, 69, 72, 131, 142, 173, 179, 203, 221, 232, 233, 247, 311, 322, 328, 342, 401, 404, 412, 420, 423, 47, 48, 85, 101, 110, 121, 163, 175, 201, 206, 211, 265, 273, 277, 281, 282, 284, 290, 301, 355, 376, 381, 383, 411, 445
../benchmark_instances/2023result/docs/solver/benchmark/2022benchmark/benchmark/color04/le450_5b.col	450	5734	-1	105
	Command being timed: "timeout 20m java -Xms1024g -Xmx1024g -Xss134m -cp pathwidth.jar Pathwidth ../benchmark_instances/2023result/docs/solver/benchmark/2022benchmark/benchmark/color04/le450_5b.col"
	User time (seconds): 0.93
	System time (seconds): 1.46
	Percent of CPU this job got: 122%
	Elapsed (wall clock) time (h:mm:ss or m:ss): 0:01.95
	Average shared text size (kbytes): 0
	Average unshared data size (kbytes): 0
	Average stack size (kbytes): 0
	Average total size (kbytes): 0
	Maximum resident set size (kbytes): 4851716
	Average resident set size (kbytes): 0
	Major (requiring I/O) page faults: 0
	Minor (reclaiming a frame) page faults: 136263
	Voluntary context switches: 3999
	Involuntary context switches: 10
	Swaps: 0
	File system inputs: 112
	File system outputs: 72
	Socket messages sent: 0
	Socket messages received: 0
	Signals delivered: 0
	Page size (bytes): 4096
	Exit status: 0
