../benchmark_instances/2023result/docs/solver/benchmark/2022benchmark/benchmark/color04/le450_25c.col
450
72, 76, 269, 406, 99, 370, 108, 236, 11, 428, 152, 322, 229, 13, 241, 312, 338, 422, 176, 120, 4, 195, 145, 324, 28, 244, 122, 340, 349, 190, 56, 65, 17, 154, 24, 129, 333, 138, 102, 151, 38, 392, 274, 383, 297, 33, 115, 20, 35, 431, 147, 87, 376, 131, 162, 74, 215, 240, 288, 91, 356, 92, 381, 440, 449, 187, 285, 331, 342, 354, 275, 372, 134, 34, 36, 25, 47, 51, 281, 55, 233, 289, 412, 254, 242, 235, 417, 52, 57, 193, 90, 180, 61, 86, 306, 344, 345, 365, 433, 267, 369, 48, 109, 6, 41, 77, 245, 436, 447, 88, 158, 186, 298, 320, 116, 411, 166, 95, 174, 5, 448, 3, 239, 253, 10, 71, 112, 199, 22, 66, 118, 128, 175, 181, 188, 283, 26, 81, 133, 219, 374, 442, 29, 67, 124, 287, 293, 300, 415, 418, 43, 169, 217, 364, 437, 446, 9, 173, 230, 12, 69, 210, 248, 255, 301, 384, 396, 42, 60, 140, 212, 232, 238, 351, 402, 441, 58, 80, 119, 121, 130, 146, 165, 194, 213, 260, 273, 299, 328, 329, 339, 353, 371, 401, 410, 31, 150, 191, 221, 249, 276, 279, 315, 367, 445, 1, 78, 89, 97, 160, 282, 2, 40, 104, 111, 114, 201, 272, 292, 296, 358, 382, 393, 394, 432, 7, 113, 125, 126, 135, 136, 153, 246, 268, 387, 391, 408, 14, 30, 70, 143, 170, 177, 178, 202, 270, 321, 325, 413, 420, 8, 15, 19, 110, 142, 144, 155, 172, 183, 185, 197, 204, 207, 211, 224, 226, 243, 256, 261, 277, 280, 286, 302, 304, 317, 337, 343, 346, 378, 388, 390, 403, 424, 429, 438, 16, 44, 45, 53, 62, 83, 85, 93, 94, 103, 106, 117, 198, 208, 237, 251, 278, 294, 313, 335, 355, 379, 400, 423, 430, 435, 18, 39, 63, 64, 84, 148, 171, 205, 206, 209, 218, 223, 258, 303, 305, 316, 326, 327, 332, 341, 373, 386, 397, 399, 404, 409, 414, 421, 0, 79, 100, 139, 159, 163, 168, 200, 247, 271, 295, 311, 314, 318, 348, 359, 366, 380, 389, 398, 425, 434, 443, 21, 37, 50, 73, 96, 107, 132, 141, 157, 184, 192, 250, 330, 362, 375, 385, 419, 426, 23, 27, 32, 46, 49, 98, 105, 123, 127, 156, 161, 179, 203, 214, 216, 220, 222, 225, 227, 234, 252, 257, 259, 262, 266, 284, 290, 291, 309, 310, 334, 336, 350, 352, 357, 363, 368, 377, 439, 444, 54, 59, 68, 75, 82, 101, 137, 149, 164, 167, 182, 189, 196, 228, 231, 263, 264, 265, 307, 308, 319, 323, 347, 360, 361, 395, 405, 407, 416, 427
../benchmark_instances/2023result/docs/solver/benchmark/2022benchmark/benchmark/color04/le450_25c.col	450	17343	-1	151
	Command being timed: "timeout 20m java -Xms1024g -Xmx1024g -Xss134m -cp pathwidth.jar Pathwidth ../benchmark_instances/2023result/docs/solver/benchmark/2022benchmark/benchmark/color04/le450_25c.col"
	User time (seconds): 1.47
	System time (seconds): 1.52
	Percent of CPU this job got: 147%
	Elapsed (wall clock) time (h:mm:ss or m:ss): 0:02.03
	Average shared text size (kbytes): 0
	Average unshared data size (kbytes): 0
	Average stack size (kbytes): 0
	Average total size (kbytes): 0
	Maximum resident set size (kbytes): 4899144
	Average resident set size (kbytes): 0
	Major (requiring I/O) page faults: 0
	Minor (reclaiming a frame) page faults: 143764
	Voluntary context switches: 4744
	Involuntary context switches: 11
	Swaps: 0
	File system inputs: 328
	File system outputs: 72
	Socket messages sent: 0
	Socket messages received: 0
	Signals delivered: 0
	Page size (bytes): 4096
	Exit status: 0
