../benchmark_instances/2023result/docs/solver/benchmark/2022benchmark/benchmark/color04/le450_25b.col
450
38, 212, 84, 98, 152, 158, 221, 317, 356, 135, 144, 185, 192, 369, 394, 214, 259, 15, 54, 76, 201, 242, 435, 319, 349, 164, 191, 382, 405, 23, 305, 48, 78, 216, 257, 255, 12, 360, 37, 391, 273, 82, 378, 417, 416, 200, 25, 266, 343, 18, 81, 65, 8, 57, 373, 301, 233, 292, 294, 287, 333, 231, 46, 28, 335, 67, 251, 421, 281, 278, 62, 103, 205, 96, 274, 414, 107, 146, 328, 208, 89, 157, 250, 47, 99, 181, 448, 312, 411, 425, 441, 332, 5, 159, 239, 295, 72, 24, 176, 198, 246, 280, 283, 289, 303, 362, 227, 350, 297, 14, 262, 371, 228, 39, 49, 119, 446, 75, 190, 180, 196, 308, 79, 384, 263, 331, 409, 13, 419, 396, 282, 104, 106, 285, 392, 361, 43, 293, 41, 85, 132, 173, 175, 253, 326, 438, 137, 443, 2, 174, 210, 215, 276, 318, 344, 367, 27, 368, 34, 97, 304, 11, 440, 6, 92, 109, 179, 307, 325, 374, 418, 64, 71, 94, 178, 217, 248, 449, 105, 247, 153, 169, 183, 230, 387, 352, 68, 45, 133, 336, 439, 3, 90, 199, 277, 327, 10, 121, 165, 241, 299, 423, 430, 126, 156, 145, 381, 88, 139, 268, 355, 365, 377, 400, 116, 91, 209, 170, 197, 30, 33, 222, 223, 240, 256, 270, 310, 313, 366, 376, 399, 428, 434, 322, 370, 436, 311, 354, 288, 306, 447, 53, 130, 243, 314, 340, 342, 357, 397, 401, 410, 412, 52, 427, 58, 390, 95, 136, 93, 102, 111, 220, 388, 413, 429, 155, 189, 237, 271, 275, 323, 359, 363, 395, 420, 432, 7, 40, 123, 143, 150, 166, 177, 258, 284, 324, 20, 35, 101, 154, 238, 252, 265, 267, 122, 347, 379, 56, 77, 141, 147, 188, 224, 234, 320, 375, 404, 408, 186, 229, 236, 329, 9, 26, 42, 163, 218, 260, 261, 358, 386, 406, 424, 444, 0, 29, 55, 61, 114, 182, 309, 348, 445, 17, 59, 125, 128, 140, 151, 161, 187, 193, 235, 244, 254, 316, 338, 422, 433, 1, 22, 32, 36, 44, 50, 60, 66, 69, 70, 73, 74, 87, 108, 115, 129, 131, 134, 138, 142, 168, 206, 213, 225, 249, 264, 272, 279, 286, 290, 291, 296, 302, 321, 345, 351, 364, 380, 383, 398, 402, 403, 407, 21, 100, 112, 127, 148, 167, 184, 194, 219, 330, 341, 385, 389, 393, 426, 437, 4, 31, 63, 110, 117, 124, 172, 195, 211, 226, 269, 337, 346, 353, 415, 120, 16, 19, 51, 80, 83, 86, 113, 118, 149, 160, 162, 171, 202, 203, 204, 207, 232, 245, 298, 300, 315, 334, 339, 372, 431, 442
../benchmark_instances/2023result/docs/solver/benchmark/2022benchmark/benchmark/color04/le450_25b.col	450	8263	-1	124
	Command being timed: "timeout 20m java -Xms1024g -Xmx1024g -Xss134m -cp pathwidth.jar Pathwidth ../benchmark_instances/2023result/docs/solver/benchmark/2022benchmark/benchmark/color04/le450_25b.col"
	User time (seconds): 1.42
	System time (seconds): 1.48
	Percent of CPU this job got: 144%
	Elapsed (wall clock) time (h:mm:ss or m:ss): 0:02.00
	Average shared text size (kbytes): 0
	Average unshared data size (kbytes): 0
	Average stack size (kbytes): 0
	Average total size (kbytes): 0
	Maximum resident set size (kbytes): 4882628
	Average resident set size (kbytes): 0
	Major (requiring I/O) page faults: 0
	Minor (reclaiming a frame) page faults: 142918
	Voluntary context switches: 4761
	Involuntary context switches: 42
	Swaps: 0
	File system inputs: 160
	File system outputs: 72
	Socket messages sent: 0
	Socket messages received: 0
	Signals delivered: 0
	Page size (bytes): 4096
	Exit status: 0
