../benchmark_instances/2023result/docs/solver/benchmark/2022benchmark/benchmark/color04/le450_25d.col
450
75, 229, 249, 444, 310, 13, 357, 46, 428, 205, 151, 303, 301, 203, 37, 242, 367, 51, 183, 199, 297, 401, 417, 31, 6, 58, 274, 81, 190, 399, 333, 313, 137, 60, 426, 69, 369, 59, 7, 214, 8, 381, 341, 353, 99, 117, 226, 108, 15, 352, 115, 231, 338, 55, 4, 342, 106, 343, 148, 92, 133, 320, 251, 34, 5, 71, 112, 158, 279, 160, 224, 408, 422, 266, 270, 278, 440, 72, 388, 83, 145, 169, 217, 222, 415, 10, 356, 54, 84, 386, 97, 105, 166, 173, 228, 285, 315, 362, 378, 437, 45, 192, 196, 448, 110, 201, 144, 302, 430, 14, 125, 272, 349, 1, 3, 40, 212, 232, 283, 324, 30, 150, 384, 385, 419, 26, 129, 184, 200, 215, 344, 424, 2, 22, 176, 267, 335, 23, 165, 294, 327, 410, 35, 239, 18, 397, 411, 420, 50, 202, 204, 227, 255, 409, 423, 43, 47, 63, 77, 113, 118, 146, 174, 181, 237, 254, 328, 394, 395, 406, 38, 116, 172, 257, 286, 292, 421, 61, 68, 119, 123, 171, 207, 238, 241, 260, 308, 405, 431, 16, 70, 85, 98, 132, 134, 170, 219, 225, 235, 261, 326, 361, 12, 25, 53, 107, 120, 189, 216, 223, 248, 287, 332, 402, 413, 27, 67, 90, 141, 188, 340, 347, 393, 36, 62, 100, 154, 159, 210, 277, 284, 377, 446, 11, 32, 48, 88, 95, 124, 206, 234, 236, 336, 354, 370, 372, 390, 17, 33, 111, 179, 187, 193, 218, 250, 271, 273, 350, 363, 376, 439, 443, 9, 20, 24, 29, 41, 76, 103, 180, 211, 263, 293, 306, 317, 319, 360, 365, 392, 400, 447, 0, 39, 42, 64, 80, 89, 114, 121, 126, 131, 139, 140, 142, 149, 152, 162, 164, 185, 230, 244, 247, 253, 262, 268, 275, 288, 290, 295, 299, 311, 312, 321, 322, 331, 351, 371, 383, 396, 404, 433, 19, 56, 73, 74, 78, 96, 122, 153, 177, 186, 194, 198, 208, 213, 243, 276, 300, 304, 305, 307, 345, 346, 355, 359, 375, 380, 412, 418, 432, 435, 442, 28, 65, 82, 86, 87, 93, 101, 102, 127, 135, 155, 156, 161, 163, 167, 195, 197, 209, 240, 252, 256, 258, 264, 269, 296, 309, 318, 329, 334, 358, 366, 368, 374, 379, 425, 429, 434, 438, 441, 445, 449, 44, 52, 57, 79, 94, 109, 128, 130, 157, 168, 178, 182, 221, 245, 246, 280, 282, 289, 314, 316, 325, 337, 339, 364, 382, 403, 414, 436, 21, 49, 66, 91, 104, 136, 138, 143, 147, 175, 191, 220, 233, 259, 265, 281, 291, 298, 323, 330, 348, 373, 387, 389, 391, 398, 407, 416, 427
../benchmark_instances/2023result/docs/solver/benchmark/2022benchmark/benchmark/color04/le450_25d.col	450	17425	-1	148
	Command being timed: "timeout 20m java -Xms1024g -Xmx1024g -Xss134m -cp pathwidth.jar Pathwidth ../benchmark_instances/2023result/docs/solver/benchmark/2022benchmark/benchmark/color04/le450_25d.col"
	User time (seconds): 1.48
	System time (seconds): 1.50
	Percent of CPU this job got: 145%
	Elapsed (wall clock) time (h:mm:ss or m:ss): 0:02.04
	Average shared text size (kbytes): 0
	Average unshared data size (kbytes): 0
	Average stack size (kbytes): 0
	Average total size (kbytes): 0
	Maximum resident set size (kbytes): 4893856
	Average resident set size (kbytes): 0
	Major (requiring I/O) page faults: 0
	Minor (reclaiming a frame) page faults: 143851
	Voluntary context switches: 4171
	Involuntary context switches: 45
	Swaps: 0
	File system inputs: 328
	File system outputs: 72
	Socket messages sent: 0
	Socket messages received: 0
	Signals delivered: 0
	Page size (bytes): 4096
	Exit status: 0
