../benchmark_instances/2023result/docs/solver/benchmark/exp_instance/LGC_exp_instance008.col
440
7, 8, 9, 10, 11, 12, 5, 2, 4, 3, 0, 111, 110, 113, 112, 115, 114, 20, 21, 22, 23, 24, 25, 18, 15, 17, 16, 13, 123, 122, 125, 124, 127, 126, 33, 34, 35, 36, 37, 38, 31, 28, 30, 29, 26, 135, 134, 137, 136, 139, 138, 46, 47, 48, 49, 50, 51, 44, 41, 43, 42, 39, 147, 146, 149, 148, 151, 150, 59, 60, 61, 62, 63, 64, 57, 54, 56, 55, 52, 159, 158, 161, 160, 163, 162, 53, 243, 242, 245, 244, 247, 246, 315, 314, 317, 316, 319, 318, 72, 73, 74, 75, 76, 77, 70, 67, 69, 68, 65, 66, 171, 170, 173, 172, 174, 175, 255, 254, 257, 256, 258, 259, 85, 86, 87, 88, 89, 90, 83, 79, 80, 81, 82, 78, 183, 182, 185, 184, 186, 187, 98, 99, 100, 101, 102, 103, 96, 91, 92, 93, 94, 95, 104, 105, 106, 107, 108, 109, 116, 117, 118, 119, 120, 121, 128, 129, 130, 131, 132, 133, 140, 141, 142, 143, 144, 145, 152, 153, 154, 155, 156, 157, 164, 165, 166, 167, 168, 169, 176, 177, 178, 179, 180, 181, 188, 189, 190, 191, 192, 193, 195, 194, 197, 196, 198, 199, 200, 201, 202, 203, 204, 205, 207, 206, 209, 208, 210, 211, 212, 213, 214, 215, 216, 217, 219, 218, 221, 220, 222, 223, 224, 225, 226, 227, 228, 229, 231, 230, 233, 232, 234, 235, 40, 303, 302, 305, 304, 306, 307, 363, 362, 365, 364, 366, 367, 236, 237, 238, 239, 240, 241, 248, 249, 250, 251, 252, 253, 260, 261, 262, 263, 264, 265, 267, 266, 269, 268, 270, 271, 45, 296, 297, 298, 299, 300, 301, 356, 357, 358, 359, 360, 361, 272, 273, 274, 275, 276, 277, 279, 278, 281, 280, 282, 283, 284, 285, 286, 287, 288, 289, 32, 344, 345, 346, 347, 348, 349, 392, 393, 394, 395, 396, 397, 291, 290, 293, 292, 294, 295, 27, 351, 350, 353, 352, 354, 355, 399, 398, 401, 400, 402, 403, 308, 309, 310, 311, 312, 313, 58, 325, 324, 323, 322, 320, 321, 330, 331, 328, 329, 326, 327, 332, 333, 334, 335, 336, 337, 19, 380, 381, 382, 383, 384, 385, 416, 417, 418, 419, 420, 421, 339, 338, 341, 340, 342, 343, 14, 387, 386, 389, 388, 390, 391, 423, 422, 425, 424, 426, 427, 71, 373, 372, 371, 370, 368, 369, 378, 379, 376, 377, 374, 375, 1, 411, 410, 413, 412, 414, 415, 84, 409, 408, 407, 406, 404, 405, 6, 428, 429, 430, 431, 432, 433, 97, 435, 434, 437, 436, 438, 439
../benchmark_instances/2023result/docs/solver/benchmark/exp_instance/LGC_exp_instance008.col	440	512	-1	84
	Command being timed: "timeout 20m java -Xms1024g -Xmx1024g -Xss134m -cp pathwidth.jar Pathwidth ../benchmark_instances/2023result/docs/solver/benchmark/exp_instance/LGC_exp_instance008.col"
	User time (seconds): 0.82
	System time (seconds): 1.42
	Percent of CPU this job got: 117%
	Elapsed (wall clock) time (h:mm:ss or m:ss): 0:01.91
	Average shared text size (kbytes): 0
	Average unshared data size (kbytes): 0
	Average stack size (kbytes): 0
	Average total size (kbytes): 0
	Maximum resident set size (kbytes): 4839408
	Average resident set size (kbytes): 0
	Major (requiring I/O) page faults: 0
	Minor (reclaiming a frame) page faults: 135761
	Voluntary context switches: 3766
	Involuntary context switches: 9
	Swaps: 0
	File system inputs: 16
	File system outputs: 72
	Socket messages sent: 0
	Socket messages received: 0
	Signals delivered: 0
	Page size (bytes): 4096
	Exit status: 0
