../benchmark_instances/2023result/docs/solver/benchmark/exp_instance/LGC_exp_instance004.col
124
7, 8, 9, 10, 11, 12, 5, 2, 4, 3, 0, 59, 58, 61, 60, 63, 62, 1, 95, 94, 97, 96, 99, 98, 119, 118, 121, 120, 123, 122, 20, 21, 22, 23, 24, 25, 18, 15, 17, 16, 13, 14, 71, 70, 73, 72, 74, 75, 107, 106, 109, 108, 110, 111, 33, 34, 35, 36, 37, 38, 31, 27, 28, 29, 30, 26, 83, 82, 85, 84, 86, 87, 46, 47, 48, 49, 50, 51, 44, 39, 40, 41, 42, 43, 52, 53, 54, 55, 56, 57, 6, 88, 89, 90, 91, 92, 93, 112, 113, 114, 115, 116, 117, 19, 64, 65, 66, 67, 68, 69, 32, 76, 77, 78, 79, 80, 81, 45, 100, 101, 102, 103, 104, 105
../benchmark_instances/2023result/docs/solver/benchmark/exp_instance/LGC_exp_instance004.col	124	144	-1	30
	Command being timed: "timeout 20m java -Xms1024g -Xmx1024g -Xss134m -cp pathwidth.jar Pathwidth ../benchmark_instances/2023result/docs/solver/benchmark/exp_instance/LGC_exp_instance004.col"
	User time (seconds): 0.59
	System time (seconds): 1.42
	Percent of CPU this job got: 109%
	Elapsed (wall clock) time (h:mm:ss or m:ss): 0:01.85
	Average shared text size (kbytes): 0
	Average unshared data size (kbytes): 0
	Average stack size (kbytes): 0
	Average total size (kbytes): 0
	Maximum resident set size (kbytes): 4799156
	Average resident set size (kbytes): 0
	Major (requiring I/O) page faults: 0
	Minor (reclaiming a frame) page faults: 132293
	Voluntary context switches: 2627
	Involuntary context switches: 39
	Swaps: 0
	File system inputs: 8
	File system outputs: 72
	Socket messages sent: 0
	Socket messages received: 0
	Signals delivered: 0
	Page size (bytes): 4096
	Exit status: 0
