../benchmark_instances/2023result/docs/solver/benchmark/exp_instance/LGC_exp_instance006.col
258
7, 8, 9, 10, 11, 12, 5, 2, 4, 3, 0, 85, 84, 87, 86, 89, 88, 20, 21, 22, 23, 24, 25, 18, 15, 17, 16, 13, 97, 96, 99, 98, 101, 100, 33, 34, 35, 36, 37, 38, 31, 28, 30, 29, 26, 109, 108, 111, 110, 113, 112, 27, 169, 168, 171, 170, 173, 172, 217, 216, 219, 218, 221, 220, 46, 47, 48, 49, 50, 51, 44, 41, 43, 42, 39, 40, 121, 120, 123, 122, 124, 125, 181, 180, 183, 182, 184, 185, 59, 60, 61, 62, 63, 64, 57, 53, 54, 55, 56, 52, 133, 132, 135, 134, 136, 137, 72, 73, 74, 75, 76, 77, 70, 65, 66, 67, 68, 69, 78, 79, 80, 81, 82, 83, 90, 91, 92, 93, 94, 95, 102, 103, 104, 105, 106, 107, 114, 115, 116, 117, 118, 119, 126, 127, 128, 129, 130, 131, 138, 139, 140, 141, 142, 143, 145, 144, 147, 146, 148, 149, 32, 162, 163, 164, 165, 166, 167, 210, 211, 212, 213, 214, 215, 150, 151, 152, 153, 154, 155, 19, 198, 199, 200, 201, 202, 203, 234, 235, 236, 237, 238, 239, 157, 156, 159, 158, 160, 161, 14, 205, 204, 207, 206, 208, 209, 241, 240, 243, 242, 244, 245, 58, 227, 226, 225, 224, 222, 223, 232, 233, 230, 231, 228, 229, 1, 193, 192, 195, 194, 196, 197, 253, 252, 255, 254, 256, 257, 6, 186, 187, 188, 189, 190, 191, 45, 174, 175, 176, 177, 178, 179, 71, 246, 247, 248, 249, 250, 251
../benchmark_instances/2023result/docs/solver/benchmark/exp_instance/LGC_exp_instance006.col	258	300	-1	45
	Command being timed: "timeout 20m java -Xms1024g -Xmx1024g -Xss134m -cp pathwidth.jar Pathwidth ../benchmark_instances/2023result/docs/solver/benchmark/exp_instance/LGC_exp_instance006.col"
	User time (seconds): 0.70
	System time (seconds): 1.43
	Percent of CPU this job got: 113%
	Elapsed (wall clock) time (h:mm:ss or m:ss): 0:01.88
	Average shared text size (kbytes): 0
	Average unshared data size (kbytes): 0
	Average stack size (kbytes): 0
	Average total size (kbytes): 0
	Maximum resident set size (kbytes): 4812700
	Average resident set size (kbytes): 0
	Major (requiring I/O) page faults: 0
	Minor (reclaiming a frame) page faults: 134761
	Voluntary context switches: 2621
	Involuntary context switches: 47
	Swaps: 0
	File system inputs: 8
	File system outputs: 72
	Socket messages sent: 0
	Socket messages received: 0
	Signals delivered: 0
	Page size (bytes): 4096
	Exit status: 0
