../benchmark_instances/2023result/docs/solver/benchmark/2022benchmark/benchmark/color04/miles1500.col
128
16, 84, 10, 48, 58, 3, 17, 20, 25, 39, 103, 123, 8, 41, 49, 80, 62, 14, 76, 28, 53, 2, 47, 111, 4, 86, 36, 33, 34, 120, 31, 11, 15, 50, 32, 46, 119, 71, 118, 43, 30, 97, 102, 64, 0, 54, 56, 79, 96, 101, 108, 104, 116, 66, 89, 105, 1, 5, 6, 7, 9, 12, 13, 18, 19, 21, 22, 23, 24, 26, 27, 29, 35, 37, 38, 40, 42, 44, 45, 51, 52, 55, 57, 59, 60, 61, 63, 65, 67, 68, 69, 70, 72, 73, 74, 75, 77, 78, 81, 82, 83, 85, 87, 88, 90, 91, 92, 93, 94, 95, 98, 99, 100, 106, 107, 109, 110, 112, 113, 114, 115, 117, 121, 122, 124, 125, 126, 127
../benchmark_instances/2023result/docs/solver/benchmark/2022benchmark/benchmark/color04/miles1500.col	128	5198	-1	47
	Command being timed: "timeout 20m java -Xms1024g -Xmx1024g -Xss134m -cp pathwidth.jar Pathwidth ../benchmark_instances/2023result/docs/solver/benchmark/2022benchmark/benchmark/color04/miles1500.col"
	User time (seconds): 0.77
	System time (seconds): 1.43
	Percent of CPU this job got: 116%
	Elapsed (wall clock) time (h:mm:ss or m:ss): 0:01.90
	Average shared text size (kbytes): 0
	Average unshared data size (kbytes): 0
	Average stack size (kbytes): 0
	Average total size (kbytes): 0
	Maximum resident set size (kbytes): 4825480
	Average resident set size (kbytes): 0
	Major (requiring I/O) page faults: 0
	Minor (reclaiming a frame) page faults: 132048
	Voluntary context switches: 4084
	Involuntary context switches: 38
	Swaps: 0
	File system inputs: 88
	File system outputs: 72
	Socket messages sent: 0
	Socket messages received: 0
	Signals delivered: 0
	Page size (bytes): 4096
	Exit status: 0
