../benchmark_instances/2023result/docs/solver/benchmark/2022benchmark/benchmark/color04/mug100_1.col
100
2, 0, 3, 20, 21, 8, 7, 9, 22, 23, 24, 19, 31, 32, 33, 1, 4, 44, 45, 5, 17, 28, 16, 29, 30, 6, 11, 12, 18, 51, 50, 25, 26, 53, 54, 52, 14, 13, 10, 61, 63, 15, 27, 35, 34, 58, 60, 36, 38, 39, 37, 70, 72, 42, 40, 76, 41, 47, 43, 85, 86, 87, 46, 56, 57, 48, 97, 98, 99, 49, 91, 92, 93, 55, 67, 68, 69, 59, 73, 74, 75, 62, 64, 65, 66, 71, 94, 95, 96, 77, 88, 89, 90, 78, 80, 81, 79, 82, 83, 84
../benchmark_instances/2023result/docs/solver/benchmark/2022benchmark/benchmark/color04/mug100_1.col	100	166	-1	27
	Command being timed: "timeout 20m java -Xms1024g -Xmx1024g -Xss134m -cp pathwidth.jar Pathwidth ../benchmark_instances/2023result/docs/solver/benchmark/2022benchmark/benchmark/color04/mug100_1.col"
	User time (seconds): 0.59
	System time (seconds): 1.41
	Percent of CPU this job got: 109%
	Elapsed (wall clock) time (h:mm:ss or m:ss): 0:01.83
	Average shared text size (kbytes): 0
	Average unshared data size (kbytes): 0
	Average stack size (kbytes): 0
	Average total size (kbytes): 0
	Maximum resident set size (kbytes): 4796104
	Average resident set size (kbytes): 0
	Major (requiring I/O) page faults: 0
	Minor (reclaiming a frame) page faults: 131907
	Voluntary context switches: 2626
	Involuntary context switches: 8
	Swaps: 0
	File system inputs: 8
	File system outputs: 72
	Socket messages sent: 0
	Socket messages received: 0
	Signals delivered: 0
	Page size (bytes): 4096
	Exit status: 0
