../benchmark_instances/2023result/docs/solver/benchmark/ph-isr/ph-03-02.col
41
0, 1, 2, 3, 7, 5, 23, 24, 6, 29, 30, 31, 32, 8, 10, 9, 35, 36, 37, 38, 13, 11, 12, 25, 26, 14, 16, 15, 33, 34, 39, 40, 4, 18, 19, 17, 21, 22, 20, 27, 28
../benchmark_instances/2023result/docs/solver/benchmark/ph-isr/ph-03-02.col	41	57	-1	20
	Command being timed: "timeout 20m java -Xms1024g -Xmx1024g -Xss134m -cp pathwidth.jar Pathwidth ../benchmark_instances/2023result/docs/solver/benchmark/ph-isr/ph-03-02.col"
	User time (seconds): 0.53
	System time (seconds): 1.41
	Percent of CPU this job got: 106%
	Elapsed (wall clock) time (h:mm:ss or m:ss): 0:01.82
	Average shared text size (kbytes): 0
	Average unshared data size (kbytes): 0
	Average stack size (kbytes): 0
	Average total size (kbytes): 0
	Maximum resident set size (kbytes): 4794240
	Average resident set size (kbytes): 0
	Major (requiring I/O) page faults: 0
	Minor (reclaiming a frame) page faults: 130548
	Voluntary context switches: 2340
	Involuntary context switches: 5
	Swaps: 0
	File system inputs: 8
	File system outputs: 72
	Socket messages sent: 0
	Socket messages received: 0
	Signals delivered: 0
	Page size (bytes): 4096
	Exit status: 0
