../benchmark_instances/2023result/docs/solver/benchmark/ph-isr/ph-09-09.col
977
0, 1, 2, 3, 7, 5, 329, 330, 34, 32, 331, 332, 61, 59, 333, 334, 88, 86, 335, 336, 115, 113, 337, 338, 142, 140, 339, 340, 6, 341, 342, 343, 344, 169, 167, 196, 194, 223, 221, 345, 346, 347, 348, 349, 350, 351, 352, 353, 354, 33, 355, 356, 357, 358, 359, 360, 361, 362, 363, 364, 365, 366, 60, 367, 368, 369, 370, 371, 372, 373, 374, 375, 376, 87, 377, 378, 379, 380, 381, 382, 383, 384, 114, 385, 386, 387, 388, 389, 390, 141, 391, 392, 393, 394, 168, 395, 396, 195, 397, 398, 222, 399, 400, 10, 8, 401, 402, 37, 35, 403, 404, 64, 62, 405, 406, 91, 89, 407, 408, 118, 116, 409, 410, 145, 143, 411, 412, 9, 413, 414, 415, 416, 172, 170, 199, 197, 226, 224, 417, 418, 419, 420, 421, 422, 423, 424, 425, 426, 36, 427, 428, 429, 430, 431, 432, 433, 434, 435, 436, 437, 438, 63, 439, 440, 441, 442, 443, 444, 445, 446, 447, 448, 90, 449, 450, 451, 452, 453, 454, 455, 456, 117, 457, 458, 459, 460, 461, 462, 144, 463, 464, 465, 466, 171, 467, 468, 198, 469, 470, 225, 471, 472, 13, 11, 473, 474, 40, 38, 475, 476, 67, 65, 477, 478, 94, 92, 479, 480, 121, 119, 481, 482, 148, 146, 483, 484, 12, 485, 486, 487, 488, 175, 173, 202, 200, 229, 227, 489, 490, 491, 492, 493, 494, 495, 496, 497, 498, 39, 499, 500, 501, 502, 503, 504, 505, 506, 507, 508, 509, 510, 66, 511, 512, 513, 514, 515, 516, 517, 518, 519, 520, 93, 521, 522, 523, 524, 525, 526, 527, 528, 120, 529, 530, 531, 532, 533, 534, 147, 535, 536, 537, 538, 174, 539, 540, 201, 541, 542, 228, 543, 544, 16, 14, 545, 546, 43, 41, 547, 548, 70, 68, 549, 550, 97, 95, 551, 552, 124, 122, 553, 554, 151, 149, 555, 556, 15, 557, 558, 559, 560, 178, 176, 205, 203, 232, 230, 561, 562, 563, 564, 565, 566, 567, 568, 569, 570, 42, 571, 572, 573, 574, 575, 576, 577, 578, 579, 580, 581, 582, 69, 583, 584, 585, 586, 587, 588, 589, 590, 591, 592, 96, 593, 594, 595, 596, 597, 598, 599, 600, 123, 601, 602, 603, 604, 605, 606, 150, 607, 608, 609, 610, 177, 611, 612, 204, 613, 614, 231, 615, 616, 19, 17, 617, 618, 46, 44, 619, 620, 73, 71, 621, 622, 100, 98, 623, 624, 127, 125, 625, 626, 154, 152, 627, 628, 18, 629, 630, 631, 632, 181, 179, 208, 206, 235, 233, 633, 634, 635, 636, 637, 638, 639, 640, 641, 642, 45, 643, 644, 645, 646, 647, 648, 649, 650, 651, 652, 653, 654, 72, 655, 656, 657, 658, 659, 660, 661, 662, 663, 664, 99, 665, 666, 667, 668, 669, 670, 671, 672, 126, 673, 674, 675, 676, 677, 678, 153, 679, 680, 681, 682, 180, 683, 684, 207, 685, 686, 234, 687, 688, 22, 20, 689, 690, 49, 47, 691, 692, 76, 74, 693, 694, 103, 101, 695, 696, 130, 128, 697, 698, 157, 155, 699, 700, 21, 701, 702, 703, 704, 184, 182, 211, 209, 238, 236, 705, 706, 707, 708, 709, 710, 711, 712, 713, 714, 48, 715, 716, 717, 718, 719, 720, 721, 722, 723, 724, 725, 726, 75, 727, 728, 729, 730, 731, 732, 733, 734, 735, 736, 102, 737, 738, 739, 740, 741, 742, 743, 744, 129, 745, 746, 747, 748, 749, 750, 156, 751, 752, 753, 754, 183, 755, 756, 210, 757, 758, 237, 759, 760, 25, 23, 248, 249, 250, 251, 252, 253, 254, 255, 256, 26, 28, 29, 31, 761, 762, 52, 50, 257, 258, 259, 260, 261, 262, 263, 264, 265, 53, 55, 56, 58, 763, 764, 79, 77, 266, 267, 268, 269, 270, 271, 272, 273, 274, 80, 82, 83, 85, 765, 766, 106, 104, 275, 276, 277, 278, 279, 280, 281, 282, 283, 107, 109, 110, 112, 767, 768, 133, 131, 284, 285, 286, 287, 288, 289, 290, 291, 292, 134, 136, 137, 139, 769, 770, 160, 158, 293, 294, 295, 296, 297, 298, 299, 300, 301, 161, 163, 164, 166, 771, 772, 24, 773, 774, 775, 776, 187, 185, 214, 212, 241, 239, 302, 303, 304, 305, 306, 307, 308, 309, 310, 188, 190, 191, 193, 311, 312, 313, 314, 315, 316, 317, 318, 319, 215, 217, 218, 220, 4, 244, 242, 320, 321, 322, 323, 324, 325, 326, 327, 328, 245, 247, 777, 778, 779, 780, 781, 782, 783, 784, 785, 786, 51, 787, 788, 789, 790, 791, 792, 793, 794, 795, 796, 797, 798, 78, 799, 800, 801, 802, 803, 804, 805, 806, 807, 808, 105, 809, 810, 811, 812, 813, 814, 815, 816, 132, 817, 818, 819, 820, 821, 822, 159, 823, 824, 825, 826, 186, 827, 828, 213, 829, 830, 240, 831, 832, 833, 834, 835, 836, 837, 838, 839, 840, 841, 842, 843, 844, 27, 845, 846, 847, 848, 849, 850, 851, 852, 853, 854, 855, 856, 857, 858, 54, 859, 860, 861, 862, 863, 864, 865, 866, 867, 868, 869, 870, 81, 871, 872, 873, 874, 875, 876, 877, 878, 879, 880, 108, 881, 882, 883, 884, 885, 886, 887, 888, 135, 889, 890, 891, 892, 893, 894, 162, 895, 896, 897, 898, 189, 899, 900, 216, 901, 902, 243, 903, 904, 905, 906, 907, 908, 909, 910, 911, 912, 913, 914, 915, 916, 30, 917, 918, 919, 920, 921, 922, 923, 924, 925, 926, 927, 928, 929, 930, 57, 931, 932, 933, 934, 935, 936, 937, 938, 939, 940, 941, 942, 84, 943, 944, 945, 946, 947, 948, 949, 950, 951, 952, 111, 953, 954, 955, 956, 957, 958, 959, 960, 138, 961, 962, 963, 964, 965, 966, 165, 967, 968, 969, 970, 192, 971, 972, 219, 973, 974, 246, 975, 976
../benchmark_instances/2023result/docs/solver/benchmark/ph-isr/ph-09-09.col	977	1707	-1	244
	Command being timed: "timeout 20m java -Xms1024g -Xmx1024g -Xss134m -cp pathwidth.jar Pathwidth ../benchmark_instances/2023result/docs/solver/benchmark/ph-isr/ph-09-09.col"
	User time (seconds): 1.01
	System time (seconds): 1.53
	Percent of CPU this job got: 121%
	Elapsed (wall clock) time (h:mm:ss or m:ss): 0:02.10
	Average shared text size (kbytes): 0
	Average unshared data size (kbytes): 0
	Average stack size (kbytes): 0
	Average total size (kbytes): 0
	Maximum resident set size (kbytes): 5069680
	Average resident set size (kbytes): 0
	Major (requiring I/O) page faults: 0
	Minor (reclaiming a frame) page faults: 136777
	Voluntary context switches: 3534
	Involuntary context switches: 36
	Swaps: 0
	File system inputs: 32
	File system outputs: 80
	Socket messages sent: 0
	Socket messages received: 0
	Signals delivered: 0
	Page size (bytes): 4096
	Exit status: 0
