../benchmark_instances/2023result/docs/solver/benchmark/ph-isr/ph-04-03.col
89
0, 1, 2, 3, 7, 5, 41, 42, 43, 8, 10, 11, 13, 53, 54, 6, 55, 56, 57, 58, 16, 14, 15, 59, 60, 61, 62, 25, 23, 24, 63, 64, 33, 34, 32, 44, 45, 46, 17, 19, 20, 22, 47, 48, 49, 26, 28, 29, 31, 4, 37, 35, 50, 51, 52, 38, 40, 65, 66, 9, 67, 68, 69, 70, 18, 71, 72, 27, 73, 74, 36, 75, 76, 77, 78, 12, 79, 80, 81, 82, 21, 83, 84, 30, 85, 86, 39, 87, 88
../benchmark_instances/2023result/docs/solver/benchmark/ph-isr/ph-04-03.col	89	132	-1	24
	Command being timed: "timeout 20m java -Xms1024g -Xmx1024g -Xss134m -cp pathwidth.jar Pathwidth ../benchmark_instances/2023result/docs/solver/benchmark/ph-isr/ph-04-03.col"
	User time (seconds): 0.55
	System time (seconds): 1.42
	Percent of CPU this job got: 107%
	Elapsed (wall clock) time (h:mm:ss or m:ss): 0:01.83
	Average shared text size (kbytes): 0
	Average unshared data size (kbytes): 0
	Average stack size (kbytes): 0
	Average total size (kbytes): 0
	Maximum resident set size (kbytes): 4795244
	Average resident set size (kbytes): 0
	Major (requiring I/O) page faults: 0
	Minor (reclaiming a frame) page faults: 130874
	Voluntary context switches: 2427
	Involuntary context switches: 9
	Swaps: 0
	File system inputs: 8
	File system outputs: 72
	Socket messages sent: 0
	Socket messages received: 0
	Signals delivered: 0
	Page size (bytes): 4096
	Exit status: 0
