../benchmark_instances/2023result/docs/solver/benchmark/ph-isr/ph-03-03.col
59
0, 1, 2, 3, 7, 5, 6, 41, 42, 43, 44, 16, 14, 15, 45, 46, 24, 25, 23, 32, 33, 34, 8, 10, 9, 47, 48, 49, 50, 11, 13, 12, 53, 54, 55, 56, 19, 17, 18, 35, 36, 37, 20, 22, 21, 51, 52, 57, 58, 4, 27, 28, 26, 30, 31, 29, 38, 39, 40
../benchmark_instances/2023result/docs/solver/benchmark/ph-isr/ph-03-03.col	59	87	-1	22
	Command being timed: "timeout 20m java -Xms1024g -Xmx1024g -Xss134m -cp pathwidth.jar Pathwidth ../benchmark_instances/2023result/docs/solver/benchmark/ph-isr/ph-03-03.col"
	User time (seconds): 0.54
	System time (seconds): 1.42
	Percent of CPU this job got: 106%
	Elapsed (wall clock) time (h:mm:ss or m:ss): 0:01.84
	Average shared text size (kbytes): 0
	Average unshared data size (kbytes): 0
	Average stack size (kbytes): 0
	Average total size (kbytes): 0
	Maximum resident set size (kbytes): 4796176
	Average resident set size (kbytes): 0
	Major (requiring I/O) page faults: 0
	Minor (reclaiming a frame) page faults: 129815
	Voluntary context switches: 2407
	Involuntary context switches: 6
	Swaps: 0
	File system inputs: 8
	File system outputs: 72
	Socket messages sent: 0
	Socket messages received: 0
	Signals delivered: 0
	Page size (bytes): 4096
	Exit status: 0
