../benchmark_instances/2023result/docs/solver/benchmark/ph-isr/ph-06-06.col
329
0, 1, 2, 3, 7, 5, 149, 150, 25, 23, 151, 152, 43, 41, 153, 154, 6, 155, 156, 157, 158, 61, 59, 79, 77, 97, 95, 159, 160, 161, 162, 24, 163, 164, 165, 166, 167, 168, 42, 169, 170, 171, 172, 60, 173, 174, 78, 175, 176, 96, 177, 178, 10, 8, 179, 180, 28, 26, 181, 182, 46, 44, 183, 184, 9, 185, 186, 187, 188, 64, 62, 82, 80, 100, 98, 189, 190, 191, 192, 27, 193, 194, 195, 196, 197, 198, 45, 199, 200, 201, 202, 63, 203, 204, 81, 205, 206, 99, 207, 208, 13, 11, 209, 210, 31, 29, 211, 212, 49, 47, 213, 214, 12, 215, 216, 217, 218, 67, 65, 85, 83, 103, 101, 219, 220, 221, 222, 30, 223, 224, 225, 226, 227, 228, 48, 229, 230, 231, 232, 66, 233, 234, 84, 235, 236, 102, 237, 238, 16, 14, 113, 114, 115, 116, 117, 118, 17, 19, 20, 22, 239, 240, 34, 32, 119, 120, 121, 122, 123, 124, 35, 37, 38, 40, 241, 242, 52, 50, 125, 126, 127, 128, 129, 130, 53, 55, 56, 58, 243, 244, 15, 245, 246, 247, 248, 70, 68, 88, 86, 106, 104, 131, 132, 133, 134, 135, 136, 71, 73, 74, 76, 137, 138, 139, 140, 141, 142, 89, 91, 92, 94, 4, 109, 107, 143, 144, 145, 146, 147, 148, 110, 112, 249, 250, 251, 252, 33, 253, 254, 255, 256, 257, 258, 51, 259, 260, 261, 262, 69, 263, 264, 87, 265, 266, 105, 267, 268, 269, 270, 271, 272, 273, 274, 18, 275, 276, 277, 278, 279, 280, 281, 282, 36, 283, 284, 285, 286, 287, 288, 54, 289, 290, 291, 292, 72, 293, 294, 90, 295, 296, 108, 297, 298, 299, 300, 301, 302, 303, 304, 21, 305, 306, 307, 308, 309, 310, 311, 312, 39, 313, 314, 315, 316, 317, 318, 57, 319, 320, 321, 322, 75, 323, 324, 93, 325, 326, 111, 327, 328
../benchmark_instances/2023result/docs/solver/benchmark/ph-isr/ph-06-06.col	329	546	-1	59
	Command being timed: "timeout 20m java -Xms1024g -Xmx1024g -Xss134m -cp pathwidth.jar Pathwidth ../benchmark_instances/2023result/docs/solver/benchmark/ph-isr/ph-06-06.col"
	User time (seconds): 0.77
	System time (seconds): 1.42
	Percent of CPU this job got: 116%
	Elapsed (wall clock) time (h:mm:ss or m:ss): 0:01.89
	Average shared text size (kbytes): 0
	Average unshared data size (kbytes): 0
	Average stack size (kbytes): 0
	Average total size (kbytes): 0
	Maximum resident set size (kbytes): 4841280
	Average resident set size (kbytes): 0
	Major (requiring I/O) page faults: 0
	Minor (reclaiming a frame) page faults: 134788
	Voluntary context switches: 3165
	Involuntary context switches: 11
	Swaps: 0
	File system inputs: 16
	File system outputs: 72
	Socket messages sent: 0
	Socket messages received: 0
	Signals delivered: 0
	Page size (bytes): 4096
	Exit status: 0
