../benchmark_instances/2023result/docs/solver/benchmark/ph-isr/ph-09-08.col
869
0, 1, 2, 3, 7, 5, 293, 294, 31, 29, 295, 296, 55, 53, 297, 298, 79, 77, 299, 300, 103, 101, 301, 302, 127, 125, 303, 304, 6, 305, 306, 307, 308, 151, 149, 175, 173, 199, 197, 309, 310, 311, 312, 313, 314, 315, 316, 317, 318, 30, 319, 320, 321, 322, 323, 324, 325, 326, 327, 328, 329, 330, 54, 331, 332, 333, 334, 335, 336, 337, 338, 339, 340, 78, 341, 342, 343, 344, 345, 346, 347, 348, 102, 349, 350, 351, 352, 353, 354, 126, 355, 356, 357, 358, 150, 359, 360, 174, 361, 362, 198, 363, 364, 10, 8, 365, 366, 34, 32, 367, 368, 58, 56, 369, 370, 82, 80, 371, 372, 106, 104, 373, 374, 130, 128, 375, 376, 9, 377, 378, 379, 380, 154, 152, 178, 176, 202, 200, 381, 382, 383, 384, 385, 386, 387, 388, 389, 390, 33, 391, 392, 393, 394, 395, 396, 397, 398, 399, 400, 401, 402, 57, 403, 404, 405, 406, 407, 408, 409, 410, 411, 412, 81, 413, 414, 415, 416, 417, 418, 419, 420, 105, 421, 422, 423, 424, 425, 426, 129, 427, 428, 429, 430, 153, 431, 432, 177, 433, 434, 201, 435, 436, 13, 11, 437, 438, 37, 35, 439, 440, 61, 59, 441, 442, 85, 83, 443, 444, 109, 107, 445, 446, 133, 131, 447, 448, 12, 449, 450, 451, 452, 157, 155, 181, 179, 205, 203, 453, 454, 455, 456, 457, 458, 459, 460, 461, 462, 36, 463, 464, 465, 466, 467, 468, 469, 470, 471, 472, 473, 474, 60, 475, 476, 477, 478, 479, 480, 481, 482, 483, 484, 84, 485, 486, 487, 488, 489, 490, 491, 492, 108, 493, 494, 495, 496, 497, 498, 132, 499, 500, 501, 502, 156, 503, 504, 180, 505, 506, 204, 507, 508, 16, 14, 509, 510, 40, 38, 511, 512, 64, 62, 513, 514, 88, 86, 515, 516, 112, 110, 517, 518, 136, 134, 519, 520, 15, 521, 522, 523, 524, 160, 158, 184, 182, 208, 206, 525, 526, 527, 528, 529, 530, 531, 532, 533, 534, 39, 535, 536, 537, 538, 539, 540, 541, 542, 543, 544, 545, 546, 63, 547, 548, 549, 550, 551, 552, 553, 554, 555, 556, 87, 557, 558, 559, 560, 561, 562, 563, 564, 111, 565, 566, 567, 568, 569, 570, 135, 571, 572, 573, 574, 159, 575, 576, 183, 577, 578, 207, 579, 580, 19, 17, 581, 582, 43, 41, 583, 584, 67, 65, 585, 586, 91, 89, 587, 588, 115, 113, 589, 590, 139, 137, 591, 592, 18, 593, 594, 595, 596, 163, 161, 187, 185, 211, 209, 597, 598, 599, 600, 601, 602, 603, 604, 605, 606, 42, 607, 608, 609, 610, 611, 612, 613, 614, 615, 616, 617, 618, 66, 619, 620, 621, 622, 623, 624, 625, 626, 627, 628, 90, 629, 630, 631, 632, 633, 634, 635, 636, 114, 637, 638, 639, 640, 641, 642, 138, 643, 644, 645, 646, 162, 647, 648, 186, 649, 650, 210, 651, 652, 22, 20, 221, 222, 223, 224, 225, 226, 227, 228, 23, 25, 26, 28, 653, 654, 46, 44, 229, 230, 231, 232, 233, 234, 235, 236, 47, 49, 50, 52, 655, 656, 70, 68, 237, 238, 239, 240, 241, 242, 243, 244, 71, 73, 74, 76, 657, 658, 94, 92, 245, 246, 247, 248, 249, 250, 251, 252, 95, 97, 98, 100, 659, 660, 118, 116, 253, 254, 255, 256, 257, 258, 259, 260, 119, 121, 122, 124, 661, 662, 142, 140, 261, 262, 263, 264, 265, 266, 267, 268, 143, 145, 146, 148, 663, 664, 21, 665, 666, 667, 668, 166, 164, 190, 188, 214, 212, 269, 270, 271, 272, 273, 274, 275, 276, 167, 169, 170, 172, 277, 278, 279, 280, 281, 282, 283, 284, 191, 193, 194, 196, 4, 217, 215, 285, 286, 287, 288, 289, 290, 291, 292, 218, 220, 669, 670, 671, 672, 673, 674, 675, 676, 677, 678, 45, 679, 680, 681, 682, 683, 684, 685, 686, 687, 688, 689, 690, 69, 691, 692, 693, 694, 695, 696, 697, 698, 699, 700, 93, 701, 702, 703, 704, 705, 706, 707, 708, 117, 709, 710, 711, 712, 713, 714, 141, 715, 716, 717, 718, 165, 719, 720, 189, 721, 722, 213, 723, 724, 725, 726, 727, 728, 729, 730, 731, 732, 733, 734, 735, 736, 24, 737, 738, 739, 740, 741, 742, 743, 744, 745, 746, 747, 748, 749, 750, 48, 751, 752, 753, 754, 755, 756, 757, 758, 759, 760, 761, 762, 72, 763, 764, 765, 766, 767, 768, 769, 770, 771, 772, 96, 773, 774, 775, 776, 777, 778, 779, 780, 120, 781, 782, 783, 784, 785, 786, 144, 787, 788, 789, 790, 168, 791, 792, 192, 793, 794, 216, 795, 796, 797, 798, 799, 800, 801, 802, 803, 804, 805, 806, 807, 808, 27, 809, 810, 811, 812, 813, 814, 815, 816, 817, 818, 819, 820, 821, 822, 51, 823, 824, 825, 826, 827, 828, 829, 830, 831, 832, 833, 834, 75, 835, 836, 837, 838, 839, 840, 841, 842, 843, 844, 99, 845, 846, 847, 848, 849, 850, 851, 852, 123, 853, 854, 855, 856, 857, 858, 147, 859, 860, 861, 862, 171, 863, 864, 195, 865, 866, 219, 867, 868
../benchmark_instances/2023result/docs/solver/benchmark/ph-isr/ph-09-08.col	869	1482	-1	206
	Command being timed: "timeout 20m java -Xms1024g -Xmx1024g -Xss134m -cp pathwidth.jar Pathwidth ../benchmark_instances/2023result/docs/solver/benchmark/ph-isr/ph-09-08.col"
	User time (seconds): 0.98
	System time (seconds): 1.49
	Percent of CPU this job got: 120%
	Elapsed (wall clock) time (h:mm:ss or m:ss): 0:02.06
	Average shared text size (kbytes): 0
	Average unshared data size (kbytes): 0
	Average stack size (kbytes): 0
	Average total size (kbytes): 0
	Maximum resident set size (kbytes): 5013472
	Average resident set size (kbytes): 0
	Major (requiring I/O) page faults: 0
	Minor (reclaiming a frame) page faults: 136186
	Voluntary context switches: 3833
	Involuntary context switches: 36
	Swaps: 0
	File system inputs: 32
	File system outputs: 80
	Socket messages sent: 0
	Socket messages received: 0
	Signals delivered: 0
	Page size (bytes): 4096
	Exit status: 0
