../benchmark_instances/2023result/docs/solver/benchmark/ph-isr/ph-04-04.col
117
0, 1, 2, 3, 7, 5, 69, 70, 6, 71, 72, 73, 74, 19, 17, 18, 75, 76, 77, 78, 31, 29, 30, 79, 80, 42, 43, 41, 10, 8, 53, 54, 55, 56, 11, 13, 14, 16, 81, 82, 9, 83, 84, 85, 86, 22, 20, 21, 87, 88, 89, 90, 34, 32, 33, 91, 92, 45, 46, 44, 57, 58, 59, 60, 23, 25, 26, 28, 61, 62, 63, 64, 35, 37, 38, 40, 4, 49, 47, 65, 66, 67, 68, 50, 52, 93, 94, 12, 95, 96, 97, 98, 24, 99, 100, 36, 101, 102, 48, 103, 104, 105, 106, 15, 107, 108, 109, 110, 27, 111, 112, 39, 113, 114, 51, 115, 116
../benchmark_instances/2023result/docs/solver/benchmark/ph-isr/ph-04-04.col	117	182	-1	29
	Command being timed: "timeout 20m java -Xms1024g -Xmx1024g -Xss134m -cp pathwidth.jar Pathwidth ../benchmark_instances/2023result/docs/solver/benchmark/ph-isr/ph-04-04.col"
	User time (seconds): 0.61
	System time (seconds): 1.42
	Percent of CPU this job got: 109%
	Elapsed (wall clock) time (h:mm:ss or m:ss): 0:01.86
	Average shared text size (kbytes): 0
	Average unshared data size (kbytes): 0
	Average stack size (kbytes): 0
	Average total size (kbytes): 0
	Maximum resident set size (kbytes): 4798180
	Average resident set size (kbytes): 0
	Major (requiring I/O) page faults: 0
	Minor (reclaiming a frame) page faults: 131777
	Voluntary context switches: 2671
	Involuntary context switches: 44
	Swaps: 0
	File system inputs: 8
	File system outputs: 72
	Socket messages sent: 0
	Socket messages received: 0
	Signals delivered: 0
	Page size (bytes): 4096
	Exit status: 0
