../benchmark_instances/2023result/docs/solver/benchmark/ph-isr/ph-10-10.col
1305
0, 1, 2, 3, 7, 5, 405, 406, 37, 35, 407, 408, 67, 65, 409, 410, 97, 95, 411, 412, 127, 125, 413, 414, 157, 155, 415, 416, 187, 185, 417, 418, 6, 419, 420, 421, 422, 217, 215, 247, 245, 277, 275, 423, 424, 425, 426, 427, 428, 429, 430, 431, 432, 433, 434, 36, 435, 436, 437, 438, 439, 440, 441, 442, 443, 444, 445, 446, 447, 448, 66, 449, 450, 451, 452, 453, 454, 455, 456, 457, 458, 459, 460, 96, 461, 462, 463, 464, 465, 466, 467, 468, 469, 470, 126, 471, 472, 473, 474, 475, 476, 477, 478, 156, 479, 480, 481, 482, 483, 484, 186, 485, 486, 487, 488, 216, 489, 490, 246, 491, 492, 276, 493, 494, 10, 8, 495, 496, 40, 38, 497, 498, 70, 68, 499, 500, 100, 98, 501, 502, 130, 128, 503, 504, 160, 158, 505, 506, 190, 188, 507, 508, 9, 509, 510, 511, 512, 220, 218, 250, 248, 280, 278, 513, 514, 515, 516, 517, 518, 519, 520, 521, 522, 523, 524, 39, 525, 526, 527, 528, 529, 530, 531, 532, 533, 534, 535, 536, 537, 538, 69, 539, 540, 541, 542, 543, 544, 545, 546, 547, 548, 549, 550, 99, 551, 552, 553, 554, 555, 556, 557, 558, 559, 560, 129, 561, 562, 563, 564, 565, 566, 567, 568, 159, 569, 570, 571, 572, 573, 574, 189, 575, 576, 577, 578, 219, 579, 580, 249, 581, 582, 279, 583, 584, 13, 11, 585, 586, 43, 41, 587, 588, 73, 71, 589, 590, 103, 101, 591, 592, 133, 131, 593, 594, 163, 161, 595, 596, 193, 191, 597, 598, 12, 599, 600, 601, 602, 223, 221, 253, 251, 283, 281, 603, 604, 605, 606, 607, 608, 609, 610, 611, 612, 613, 614, 42, 615, 616, 617, 618, 619, 620, 621, 622, 623, 624, 625, 626, 627, 628, 72, 629, 630, 631, 632, 633, 634, 635, 636, 637, 638, 639, 640, 102, 641, 642, 643, 644, 645, 646, 647, 648, 649, 650, 132, 651, 652, 653, 654, 655, 656, 657, 658, 162, 659, 660, 661, 662, 663, 664, 192, 665, 666, 667, 668, 222, 669, 670, 252, 671, 672, 282, 673, 674, 16, 14, 675, 676, 46, 44, 677, 678, 76, 74, 679, 680, 106, 104, 681, 682, 136, 134, 683, 684, 166, 164, 685, 686, 196, 194, 687, 688, 15, 689, 690, 691, 692, 226, 224, 256, 254, 286, 284, 693, 694, 695, 696, 697, 698, 699, 700, 701, 702, 703, 704, 45, 705, 706, 707, 708, 709, 710, 711, 712, 713, 714, 715, 716, 717, 718, 75, 719, 720, 721, 722, 723, 724, 725, 726, 727, 728, 729, 730, 105, 731, 732, 733, 734, 735, 736, 737, 738, 739, 740, 135, 741, 742, 743, 744, 745, 746, 747, 748, 165, 749, 750, 751, 752, 753, 754, 195, 755, 756, 757, 758, 225, 759, 760, 255, 761, 762, 285, 763, 764, 19, 17, 765, 766, 49, 47, 767, 768, 79, 77, 769, 770, 109, 107, 771, 772, 139, 137, 773, 774, 169, 167, 775, 776, 199, 197, 777, 778, 18, 779, 780, 781, 782, 229, 227, 259, 257, 289, 287, 783, 784, 785, 786, 787, 788, 789, 790, 791, 792, 793, 794, 48, 795, 796, 797, 798, 799, 800, 801, 802, 803, 804, 805, 806, 807, 808, 78, 809, 810, 811, 812, 813, 814, 815, 816, 817, 818, 819, 820, 108, 821, 822, 823, 824, 825, 826, 827, 828, 829, 830, 138, 831, 832, 833, 834, 835, 836, 837, 838, 168, 839, 840, 841, 842, 843, 844, 198, 845, 846, 847, 848, 228, 849, 850, 258, 851, 852, 288, 853, 854, 22, 20, 855, 856, 52, 50, 857, 858, 82, 80, 859, 860, 112, 110, 861, 862, 142, 140, 863, 864, 172, 170, 865, 866, 202, 200, 867, 868, 21, 869, 870, 871, 872, 232, 230, 262, 260, 292, 290, 873, 874, 875, 876, 877, 878, 879, 880, 881, 882, 883, 884, 51, 885, 886, 887, 888, 889, 890, 891, 892, 893, 894, 895, 896, 897, 898, 81, 899, 900, 901, 902, 903, 904, 905, 906, 907, 908, 909, 910, 111, 911, 912, 913, 914, 915, 916, 917, 918, 919, 920, 141, 921, 922, 923, 924, 925, 926, 927, 928, 171, 929, 930, 931, 932, 933, 934, 201, 935, 936, 937, 938, 231, 939, 940, 261, 941, 942, 291, 943, 944, 25, 23, 945, 946, 55, 53, 947, 948, 85, 83, 949, 950, 115, 113, 951, 952, 145, 143, 953, 954, 175, 173, 955, 956, 205, 203, 957, 958, 24, 959, 960, 961, 962, 235, 233, 265, 263, 295, 293, 963, 964, 965, 966, 967, 968, 969, 970, 971, 972, 973, 974, 54, 975, 976, 977, 978, 979, 980, 981, 982, 983, 984, 985, 986, 987, 988, 84, 989, 990, 991, 992, 993, 994, 995, 996, 997, 998, 999, 1000, 114, 1001, 1002, 1003, 1004, 1005, 1006, 1007, 1008, 1009, 1010, 144, 1011, 1012, 1013, 1014, 1015, 1016, 1017, 1018, 174, 1019, 1020, 1021, 1022, 1023, 1024, 204, 1025, 1026, 1027, 1028, 234, 1029, 1030, 264, 1031, 1032, 294, 1033, 1034, 28, 26, 305, 306, 307, 308, 309, 310, 311, 312, 313, 314, 29, 31, 32, 34, 1035, 1036, 58, 56, 315, 316, 317, 318, 319, 320, 321, 322, 323, 324, 59, 61, 62, 64, 1037, 1038, 88, 86, 325, 326, 327, 328, 329, 330, 331, 332, 333, 334, 89, 91, 92, 94, 1039, 1040, 118, 116, 335, 336, 337, 338, 339, 340, 341, 342, 343, 344, 119, 121, 122, 124, 1041, 1042, 148, 146, 345, 346, 347, 348, 349, 350, 351, 352, 353, 354, 149, 151, 152, 154, 1043, 1044, 178, 176, 355, 356, 357, 358, 359, 360, 361, 362, 363, 364, 179, 181, 182, 184, 1045, 1046, 208, 206, 365, 366, 367, 368, 369, 370, 371, 372, 373, 374, 209, 211, 212, 214, 1047, 1048, 27, 1049, 1050, 1051, 1052, 238, 236, 268, 266, 298, 296, 375, 376, 377, 378, 379, 380, 381, 382, 383, 384, 239, 241, 242, 244, 385, 386, 387, 388, 389, 390, 391, 392, 393, 394, 269, 271, 272, 274, 4, 301, 299, 395, 396, 397, 398, 399, 400, 401, 402, 403, 404, 302, 304, 1053, 1054, 1055, 1056, 1057, 1058, 1059, 1060, 1061, 1062, 1063, 1064, 57, 1065, 1066, 1067, 1068, 1069, 1070, 1071, 1072, 1073, 1074, 1075, 1076, 1077, 1078, 87, 1079, 1080, 1081, 1082, 1083, 1084, 1085, 1086, 1087, 1088, 1089, 1090, 117, 1091, 1092, 1093, 1094, 1095, 1096, 1097, 1098, 1099, 1100, 147, 1101, 1102, 1103, 1104, 1105, 1106, 1107, 1108, 177, 1109, 1110, 1111, 1112, 1113, 1114, 207, 1115, 1116, 1117, 1118, 237, 1119, 1120, 267, 1121, 1122, 297, 1123, 1124, 1125, 1126, 1127, 1128, 1129, 1130, 1131, 1132, 1133, 1134, 1135, 1136, 1137, 1138, 30, 1139, 1140, 1141, 1142, 1143, 1144, 1145, 1146, 1147, 1148, 1149, 1150, 1151, 1152, 1153, 1154, 60, 1155, 1156, 1157, 1158, 1159, 1160, 1161, 1162, 1163, 1164, 1165, 1166, 1167, 1168, 90, 1169, 1170, 1171, 1172, 1173, 1174, 1175, 1176, 1177, 1178, 1179, 1180, 120, 1181, 1182, 1183, 1184, 1185, 1186, 1187, 1188, 1189, 1190, 150, 1191, 1192, 1193, 1194, 1195, 1196, 1197, 1198, 180, 1199, 1200, 1201, 1202, 1203, 1204, 210, 1205, 1206, 1207, 1208, 240, 1209, 1210, 270, 1211, 1212, 300, 1213, 1214, 1215, 1216, 1217, 1218, 1219, 1220, 1221, 1222, 1223, 1224, 1225, 1226, 1227, 1228, 33, 1229, 1230, 1231, 1232, 1233, 1234, 1235, 1236, 1237, 1238, 1239, 1240, 1241, 1242, 1243, 1244, 63, 1245, 1246, 1247, 1248, 1249, 1250, 1251, 1252, 1253, 1254, 1255, 1256, 1257, 1258, 93, 1259, 1260, 1261, 1262, 1263, 1264, 1265, 1266, 1267, 1268, 1269, 1270, 123, 1271, 1272, 1273, 1274, 1275, 1276, 1277, 1278, 1279, 1280, 153, 1281, 1282, 1283, 1284, 1285, 1286, 1287, 1288, 183, 1289, 1290, 1291, 1292, 1293, 1294, 213, 1295, 1296, 1297, 1298, 243, 1299, 1300, 273, 1301, 1302, 303, 1303, 1304
../benchmark_instances/2023result/docs/solver/benchmark/ph-isr/ph-10-10.col	1305	2306	-1	409
	Command being timed: "timeout 20m java -Xms1024g -Xmx1024g -Xss134m -cp pathwidth.jar Pathwidth ../benchmark_instances/2023result/docs/solver/benchmark/ph-isr/ph-10-10.col"
	User time (seconds): 1.19
	System time (seconds): 1.60
	Percent of CPU this job got: 123%
	Elapsed (wall clock) time (h:mm:ss or m:ss): 0:02.26
	Average shared text size (kbytes): 0
	Average unshared data size (kbytes): 0
	Average stack size (kbytes): 0
	Average total size (kbytes): 0
	Maximum resident set size (kbytes): 5346700
	Average resident set size (kbytes): 0
	Major (requiring I/O) page faults: 0
	Minor (reclaiming a frame) page faults: 140669
	Voluntary context switches: 3022
	Involuntary context switches: 10
	Swaps: 0
	File system inputs: 48
	File system outputs: 80
	Socket messages sent: 0
	Socket messages received: 0
	Signals delivered: 0
	Page size (bytes): 4096
	Exit status: 0
