../benchmark_instances/2023result/docs/solver/benchmark/2022benchmark/benchmark/queen/queen020x020.col
400
0, 2, 42, 40, 44, 4, 82, 84, 80, 46, 86, 6, 48, 88, 8, 164, 166, 160, 168, 162, 50, 90, 10, 170, 52, 92, 12, 172, 21, 141, 181, 30, 101, 32, 61, 72, 70, 28, 120, 122, 124, 126, 128, 130, 132, 39, 159, 199, 79, 119, 221, 239, 23, 63, 103, 143, 183, 223, 112, 220, 25, 65, 105, 145, 185, 225, 19, 7, 27, 67, 107, 147, 187, 227, 180, 222, 59, 9, 29, 49, 69, 109, 149, 189, 229, 140, 161, 182, 224, 99, 200, 201, 202, 203, 204, 206, 208, 210, 212, 5, 26, 47, 68, 89, 110, 152, 11, 31, 51, 71, 91, 111, 131, 151, 191, 231, 139, 240, 241, 242, 243, 244, 245, 246, 248, 250, 252, 100, 121, 142, 163, 184, 205, 226, 247, 13, 33, 53, 73, 93, 113, 133, 153, 173, 193, 233, 179, 260, 261, 262, 263, 264, 265, 266, 267, 268, 269, 271, 273, 279, 3, 24, 45, 66, 87, 108, 129, 150, 171, 192, 213, 280, 281, 282, 283, 284, 285, 286, 287, 288, 289, 290, 292, 219, 14, 34, 54, 74, 94, 114, 134, 154, 174, 194, 214, 234, 254, 294, 300, 301, 302, 303, 304, 305, 306, 307, 308, 309, 310, 311, 313, 319, 259, 15, 35, 55, 75, 95, 115, 135, 155, 175, 195, 215, 235, 255, 275, 315, 60, 81, 102, 123, 144, 165, 186, 207, 228, 249, 270, 291, 312, 16, 36, 56, 76, 96, 116, 136, 156, 176, 196, 216, 236, 256, 276, 296, 299, 320, 321, 322, 323, 324, 325, 326, 327, 328, 329, 330, 331, 332, 333, 334, 336, 1, 22, 43, 64, 85, 106, 127, 148, 169, 190, 211, 232, 253, 274, 295, 316, 340, 341, 342, 343, 344, 345, 346, 347, 348, 349, 350, 351, 352, 353, 354, 355, 359, 17, 37, 57, 77, 97, 117, 137, 157, 177, 197, 217, 237, 257, 277, 297, 317, 337, 339, 357, 360, 361, 362, 363, 364, 365, 366, 367, 368, 369, 370, 371, 372, 373, 374, 375, 376, 18, 20, 38, 41, 58, 62, 78, 83, 98, 104, 118, 125, 138, 146, 158, 167, 178, 188, 198, 209, 218, 230, 238, 251, 258, 272, 278, 293, 298, 314, 318, 335, 338, 356, 358, 377, 378, 379, 380, 381, 382, 383, 384, 385, 386, 387, 388, 389, 390, 391, 392, 393, 394, 395, 396, 397, 398, 399
../benchmark_instances/2023result/docs/solver/benchmark/2022benchmark/benchmark/queen/queen020x020.col	400	12540	-1	122
	Command being timed: "timeout 20m java -Xms1024g -Xmx1024g -Xss134m -cp pathwidth.jar Pathwidth ../benchmark_instances/2023result/docs/solver/benchmark/2022benchmark/benchmark/queen/queen020x020.col"
	User time (seconds): 1.44
	System time (seconds): 1.47
	Percent of CPU this job got: 145%
	Elapsed (wall clock) time (h:mm:ss or m:ss): 0:02.00
	Average shared text size (kbytes): 0
	Average unshared data size (kbytes): 0
	Average stack size (kbytes): 0
	Average total size (kbytes): 0
	Maximum resident set size (kbytes): 4876344
	Average resident set size (kbytes): 0
	Major (requiring I/O) page faults: 0
	Minor (reclaiming a frame) page faults: 143201
	Voluntary context switches: 4657
	Involuntary context switches: 34
	Swaps: 0
	File system inputs: 240
	File system outputs: 72
	Socket messages sent: 0
	Socket messages received: 0
	Signals delivered: 0
	Page size (bytes): 4096
	Exit status: 0
