../benchmark_instances/2023result/docs/solver/benchmark/2022benchmark/benchmark/color04/queen7_7.col
49
0, 2, 16, 14, 3, 10, 20, 6, 24, 4, 18, 38, 7, 9, 12, 26, 27, 39, 40, 41, 5, 11, 17, 21, 23, 28, 30, 32, 33, 34, 1, 8, 13, 15, 19, 22, 25, 29, 31, 35, 36, 37, 42, 43, 44, 45, 46, 47, 48
../benchmark_instances/2023result/docs/solver/benchmark/2022benchmark/benchmark/color04/queen7_7.col	49	476	-1	22
	Command being timed: "timeout 20m java -Xms1024g -Xmx1024g -Xss134m -cp pathwidth.jar Pathwidth ../benchmark_instances/2023result/docs/solver/benchmark/2022benchmark/benchmark/color04/queen7_7.col"
	User time (seconds): 0.58
	System time (seconds): 1.42
	Percent of CPU this job got: 109%
	Elapsed (wall clock) time (h:mm:ss or m:ss): 0:01.83
	Average shared text size (kbytes): 0
	Average unshared data size (kbytes): 0
	Average stack size (kbytes): 0
	Average total size (kbytes): 0
	Maximum resident set size (kbytes): 4800388
	Average resident set size (kbytes): 0
	Major (requiring I/O) page faults: 0
	Minor (reclaiming a frame) page faults: 131427
	Voluntary context switches: 2865
	Involuntary context switches: 4
	Swaps: 0
	File system inputs: 8
	File system outputs: 72
	Socket messages sent: 0
	Socket messages received: 0
	Signals delivered: 0
	Page size (bytes): 4096
	Exit status: 0
