../benchmark_instances/2023result/docs/solver/benchmark/2022benchmark/benchmark/color04/queen12_12.col
144
0, 2, 26, 24, 28, 4, 50, 52, 48, 30, 6, 54, 60, 61, 13, 18, 37, 5, 17, 41, 65, 11, 71, 23, 47, 15, 39, 63, 35, 72, 73, 74, 76, 78, 3, 16, 29, 42, 84, 85, 86, 87, 89, 95, 59, 7, 19, 31, 43, 55, 67, 91, 36, 49, 62, 75, 88, 8, 20, 32, 44, 56, 68, 80, 83, 96, 97, 98, 99, 100, 101, 102, 104, 1, 14, 27, 40, 53, 66, 79, 92, 108, 109, 110, 111, 112, 113, 114, 115, 119, 9, 21, 33, 45, 57, 69, 81, 93, 105, 107, 117, 120, 121, 122, 123, 124, 125, 126, 127, 128, 10, 12, 22, 25, 34, 38, 46, 51, 58, 64, 70, 77, 82, 90, 94, 103, 106, 116, 118, 129, 130, 131, 132, 133, 134, 135, 136, 137, 138, 139, 140, 141, 142, 143
../benchmark_instances/2023result/docs/solver/benchmark/2022benchmark/benchmark/color04/queen12_12.col	144	2596	-1	42
	Command being timed: "timeout 20m java -Xms1024g -Xmx1024g -Xss134m -cp pathwidth.jar Pathwidth ../benchmark_instances/2023result/docs/solver/benchmark/2022benchmark/benchmark/color04/queen12_12.col"
	User time (seconds): 0.71
	System time (seconds): 1.46
	Percent of CPU this job got: 114%
	Elapsed (wall clock) time (h:mm:ss or m:ss): 0:01.90
	Average shared text size (kbytes): 0
	Average unshared data size (kbytes): 0
	Average stack size (kbytes): 0
	Average total size (kbytes): 0
	Maximum resident set size (kbytes): 4809428
	Average resident set size (kbytes): 0
	Major (requiring I/O) page faults: 0
	Minor (reclaiming a frame) page faults: 131706
	Voluntary context switches: 3859
	Involuntary context switches: 43
	Swaps: 0
	File system inputs: 48
	File system outputs: 72
	Socket messages sent: 0
	Socket messages received: 0
	Signals delivered: 0
	Page size (bytes): 4096
	Exit status: 0
