../benchmark_instances/2023result/docs/solver/benchmark/2022benchmark/benchmark/queen/queen200x200.col
Command exited with non-zero status 124
	Command being timed: "timeout 1h java -Xms1024g -Xmx1024g -Xss134m -cp heur_pathwidth.jar Pathwidth ../benchmark_instances/2023result/docs/solver/benchmark/2022benchmark/benchmark/queen/queen200x200.col"
	User time (seconds): 3592.14
	System time (seconds): 8.45
	Percent of CPU this job got: 100%
	Elapsed (wall clock) time (h:mm:ss or m:ss): 1:00:00
	Average shared text size (kbytes): 0
	Average unshared data size (kbytes): 0
	Average stack size (kbytes): 0
	Average total size (kbytes): 0
	Maximum resident set size (kbytes): 30860396
	Average resident set size (kbytes): 0
	Major (requiring I/O) page faults: 5
	Minor (reclaiming a frame) page faults: 290695
	Voluntary context switches: 106702
	Involuntary context switches: 1394
	Swaps: 0
	File system inputs: 232
	File system outputs: 11272
	Socket messages sent: 0
	Socket messages received: 0
	Signals delivered: 0
	Page size (bytes): 4096
	Exit status: 124
