../benchmark_instances/2023result/docs/solver/benchmark/2022benchmark/benchmark/queen/queen008x008.col
64
0, 2, 18, 16, 3, 11, 5, 32, 34, 13, 27, 21, 7, 31, 9, 15, 25, 29, 48, 49, 50, 1, 10, 19, 6, 14, 22, 38, 54, 55, 8, 17, 23, 26, 30, 35, 37, 40, 41, 43, 45, 47, 4, 12, 20, 24, 28, 33, 36, 39, 42, 44, 46, 51, 52, 53, 56, 57, 58, 59, 60, 61, 62, 63
../benchmark_instances/2023result/docs/solver/benchmark/2022benchmark/benchmark/queen/queen008x008.col	64	728	-1	26
	Command being timed: "timeout 20m java -Xms1024g -Xmx1024g -Xss134m -cp pathwidth.jar Pathwidth ../benchmark_instances/2023result/docs/solver/benchmark/2022benchmark/benchmark/queen/queen008x008.col"
	User time (seconds): 0.60
	System time (seconds): 1.42
	Percent of CPU this job got: 109%
	Elapsed (wall clock) time (h:mm:ss or m:ss): 0:01.85
	Average shared text size (kbytes): 0
	Average unshared data size (kbytes): 0
	Average stack size (kbytes): 0
	Average total size (kbytes): 0
	Maximum resident set size (kbytes): 4800356
	Average resident set size (kbytes): 0
	Major (requiring I/O) page faults: 0
	Minor (reclaiming a frame) page faults: 131081
	Voluntary context switches: 3265
	Involuntary context switches: 9
	Swaps: 0
	File system inputs: 16
	File system outputs: 72
	Socket messages sent: 0
	Socket messages received: 0
	Signals delivered: 0
	Page size (bytes): 4096
	Exit status: 0
