../benchmark_instances/2023result/docs/solver/benchmark/2022benchmark/benchmark/color04/queen14_14.col
196
0, 2, 30, 28, 32, 4, 58, 60, 56, 34, 62, 6, 36, 8, 64, 70, 71, 15, 20, 100, 22, 43, 50, 85, 86, 88, 90, 92, 27, 83, 111, 84, 99, 55, 5, 19, 47, 75, 103, 13, 98, 17, 45, 73, 101, 41, 7, 21, 35, 49, 77, 105, 69, 112, 113, 114, 115, 116, 118, 120, 3, 18, 33, 48, 63, 78, 126, 127, 128, 129, 130, 131, 133, 139, 97, 9, 23, 37, 51, 65, 79, 93, 107, 135, 42, 57, 72, 87, 102, 117, 132, 10, 24, 38, 52, 66, 80, 94, 108, 122, 125, 140, 141, 142, 143, 144, 145, 146, 147, 148, 150, 1, 16, 31, 46, 61, 76, 91, 106, 121, 136, 154, 155, 156, 157, 158, 159, 160, 161, 162, 163, 167, 11, 25, 39, 53, 67, 81, 95, 109, 123, 137, 151, 153, 165, 168, 169, 170, 171, 172, 173, 174, 175, 176, 177, 178, 12, 14, 26, 29, 40, 44, 54, 59, 68, 74, 82, 89, 96, 104, 110, 119, 124, 134, 138, 149, 152, 164, 166, 179, 180, 181, 182, 183, 184, 185, 186, 187, 188, 189, 190, 191, 192, 193, 194, 195
../benchmark_instances/2023result/docs/solver/benchmark/2022benchmark/benchmark/color04/queen14_14.col	196	4186	-1	52
	Command being timed: "timeout 20m java -Xms1024g -Xmx1024g -Xss134m -cp pathwidth.jar Pathwidth ../benchmark_instances/2023result/docs/solver/benchmark/2022benchmark/benchmark/color04/queen14_14.col"
	User time (seconds): 0.76
	System time (seconds): 1.45
	Percent of CPU this job got: 116%
	Elapsed (wall clock) time (h:mm:ss or m:ss): 0:01.89
	Average shared text size (kbytes): 0
	Average unshared data size (kbytes): 0
	Average stack size (kbytes): 0
	Average total size (kbytes): 0
	Maximum resident set size (kbytes): 4814160
	Average resident set size (kbytes): 0
	Major (requiring I/O) page faults: 0
	Minor (reclaiming a frame) page faults: 132020
	Voluntary context switches: 4008
	Involuntary context switches: 7
	Swaps: 0
	File system inputs: 80
	File system outputs: 72
	Socket messages sent: 0
	Socket messages received: 0
	Signals delivered: 0
	Page size (bytes): 4096
	Exit status: 0
