../benchmark_instances/2023result/docs/solver/benchmark/random_instance/random_instance013_graph004.col
169
63, 85, 104, 17, 110, 135, 79, 4, 124, 58, 162, 84, 78, 80, 62, 93, 86, 153, 29, 134, 49, 40, 51, 141, 157, 159, 138, 3, 11, 2, 121, 123, 111, 132, 21, 23, 53, 8, 94, 142, 77, 16, 139, 0, 168, 19, 116, 130, 92, 5, 125, 20, 147, 36, 137, 22, 107, 54, 73, 50, 152, 164, 167, 126, 28, 35, 37, 87, 12, 82, 32, 41, 43, 44, 47, 71, 52, 72, 91, 96, 57, 6, 26, 38, 59, 76, 136, 15, 61, 65, 67, 143, 9, 98, 60, 25, 69, 103, 74, 75, 31, 112, 129, 83, 158, 10, 99, 102, 70, 89, 166, 33, 108, 45, 131, 24, 90, 120, 151, 55, 117, 154, 66, 88, 155, 7, 13, 119, 133, 34, 95, 109, 127, 46, 1, 27, 18, 64, 148, 163, 30, 48, 39, 42, 97, 100, 105, 145, 161, 56, 81, 101, 118, 160, 165, 14, 122, 150, 68, 128, 140, 144, 149, 106, 113, 114, 115, 146, 156
../benchmark_instances/2023result/docs/solver/benchmark/random_instance/random_instance013_graph004.col	169	507	-1	41
	Command being timed: "timeout 20m java -Xms1024g -Xmx1024g -Xss134m -cp pathwidth.jar Pathwidth ../benchmark_instances/2023result/docs/solver/benchmark/random_instance/random_instance013_graph004.col"
	User time (seconds): 0.66
	System time (seconds): 1.42
	Percent of CPU this job got: 112%
	Elapsed (wall clock) time (h:mm:ss or m:ss): 0:01.85
	Average shared text size (kbytes): 0
	Average unshared data size (kbytes): 0
	Average stack size (kbytes): 0
	Average total size (kbytes): 0
	Maximum resident set size (kbytes): 4805036
	Average resident set size (kbytes): 0
	Major (requiring I/O) page faults: 0
	Minor (reclaiming a frame) page faults: 131963
	Voluntary context switches: 3463
	Involuntary context switches: 8
	Swaps: 0
	File system inputs: 16
	File system outputs: 72
	Socket messages sent: 0
	Socket messages received: 0
	Signals delivered: 0
	Page size (bytes): 4096
	Exit status: 0
