../benchmark_instances/2023result/docs/solver/benchmark/random_instance/random_instance022_graph004.col
286
18, 32, 99, 146, 43, 243, 276, 284, 49, 73, 78, 274, 114, 79, 221, 31, 84, 76, 19, 92, 108, 137, 222, 59, 48, 75, 13, 216, 138, 121, 209, 0, 223, 6, 80, 57, 275, 8, 157, 163, 102, 189, 244, 9, 33, 67, 91, 118, 132, 90, 97, 133, 224, 182, 10, 192, 194, 201, 202, 62, 94, 203, 228, 231, 29, 82, 28, 241, 259, 83, 232, 24, 42, 106, 30, 148, 50, 51, 26, 123, 130, 205, 267, 164, 140, 37, 35, 283, 38, 53, 135, 17, 145, 234, 46, 104, 141, 128, 66, 152, 159, 249, 263, 105, 109, 178, 81, 160, 151, 166, 225, 143, 4, 186, 136, 5, 162, 112, 61, 179, 69, 214, 95, 236, 55, 71, 168, 52, 89, 44, 58, 172, 111, 98, 198, 12, 74, 110, 177, 115, 124, 215, 16, 213, 86, 153, 212, 258, 171, 64, 65, 20, 190, 54, 63, 2, 11, 101, 139, 257, 261, 280, 45, 23, 47, 88, 183, 122, 265, 119, 210, 126, 21, 127, 68, 207, 100, 174, 248, 103, 161, 281, 107, 240, 72, 264, 85, 250, 14, 253, 125, 167, 278, 93, 185, 208, 129, 131, 220, 266, 39, 204, 260, 270, 144, 70, 195, 230, 96, 15, 22, 150, 77, 197, 227, 34, 170, 175, 226, 247, 285, 113, 191, 199, 217, 272, 27, 268, 117, 184, 219, 271, 25, 142, 156, 3, 165, 36, 218, 40, 60, 233, 41, 56, 116, 120, 181, 196, 147, 237, 251, 7, 188, 211, 229, 242, 256, 282, 149, 154, 187, 193, 200, 255, 1, 87, 206, 269, 273, 134, 173, 235, 246, 254, 155, 238, 245, 262, 279, 158, 169, 176, 180, 239, 252, 277
../benchmark_instances/2023result/docs/solver/benchmark/random_instance/random_instance022_graph004.col	286	858	-1	59
	Command being timed: "timeout 20m java -Xms1024g -Xmx1024g -Xss134m -cp pathwidth.jar Pathwidth ../benchmark_instances/2023result/docs/solver/benchmark/random_instance/random_instance022_graph004.col"
	User time (seconds): 0.74
	System time (seconds): 1.42
	Percent of CPU this job got: 115%
	Elapsed (wall clock) time (h:mm:ss or m:ss): 0:01.87
	Average shared text size (kbytes): 0
	Average unshared data size (kbytes): 0
	Average stack size (kbytes): 0
	Average total size (kbytes): 0
	Maximum resident set size (kbytes): 4813716
	Average resident set size (kbytes): 0
	Major (requiring I/O) page faults: 0
	Minor (reclaiming a frame) page faults: 133847
	Voluntary context switches: 3173
	Involuntary context switches: 8
	Swaps: 0
	File system inputs: 16
	File system outputs: 72
	Socket messages sent: 0
	Socket messages received: 0
	Signals delivered: 0
	Page size (bytes): 4096
	Exit status: 0
