../benchmark_instances/2023result/docs/solver/benchmark/random_instance/random_instance038_graph002.col
494
237, 263, 138, 145, 64, 153, 244, 268, 8, 11, 12, 20, 80, 81, 90, 125, 126, 234, 146, 296, 342, 130, 95, 160, 161, 96, 22, 106, 178, 118, 59, 211, 235, 284, 226, 74, 1, 45, 49, 192, 78, 364, 469, 455, 18, 23, 47, 102, 279, 2, 278, 212, 57, 58, 185, 17, 329, 221, 197, 56, 93, 480, 306, 311, 340, 347, 383, 348, 386, 421, 318, 463, 46, 434, 115, 190, 468, 254, 379, 407, 415, 475, 15, 54, 122, 180, 269, 320, 397, 334, 52, 13, 60, 250, 9, 71, 72, 289, 207, 141, 243, 490, 283, 92, 479, 39, 87, 238, 105, 107, 133, 36, 486, 98, 128, 134, 84, 32, 219, 464, 61, 75, 315, 376, 429, 487, 233, 488, 77, 370, 129, 446, 142, 148, 88, 374, 94, 385, 449, 28, 224, 101, 103, 26, 53, 349, 48, 21, 369, 123, 199, 470, 41, 343, 150, 216, 35, 215, 256, 366, 368, 350, 377, 302, 431, 228, 391, 156, 286, 482, 319, 229, 404, 416, 251, 483, 332, 163, 252, 344, 285, 412, 390, 422, 448, 457, 476, 471, 140, 485, 135, 282, 312, 174, 204, 205, 261, 305, 322, 264, 206, 132, 281, 299, 5, 136, 310, 375, 387, 338, 201, 359, 16, 177, 3, 314, 242, 440, 38, 227, 326, 346, 372, 31, 384, 154, 188, 388, 395, 257, 309, 202, 172, 186, 187, 195, 478, 43, 104, 111, 176, 214, 182, 62, 27, 164, 152, 438, 169, 83, 70, 121, 14, 166, 193, 220, 236, 247, 259, 267, 157, 373, 274, 443, 452, 34, 331, 466, 184, 209, 113, 378, 165, 171, 280, 444, 213, 418, 435, 273, 37, 392, 65, 420, 6, 403, 30, 112, 430, 110, 453, 474, 119, 427, 99, 158, 183, 489, 203, 68, 360, 222, 272, 225, 66, 143, 55, 194, 276, 147, 170, 79, 230, 167, 200, 336, 396, 189, 239, 7, 144, 33, 406, 149, 245, 114, 381, 162, 371, 493, 44, 298, 437, 131, 137, 363, 10, 355, 436, 151, 275, 175, 308, 459, 4, 50, 231, 297, 341, 51, 116, 173, 402, 97, 63, 67, 24, 217, 317, 159, 255, 472, 179, 417, 423, 461, 40, 411, 0, 300, 316, 492, 85, 260, 410, 433, 86, 293, 124, 307, 361, 139, 484, 181, 258, 393, 196, 210, 353, 491, 82, 432, 465, 42, 246, 357, 25, 100, 155, 337, 352, 451, 108, 325, 328, 29, 208, 425, 109, 223, 335, 356, 117, 288, 460, 241, 295, 301, 120, 330, 358, 362, 248, 249, 409, 442, 458, 232, 271, 380, 401, 424, 439, 454, 89, 399, 408, 445, 168, 262, 413, 253, 287, 354, 367, 414, 73, 191, 265, 290, 294, 477, 266, 467, 91, 277, 313, 339, 400, 69, 127, 292, 456, 198, 240, 291, 365, 398, 441, 270, 321, 323, 327, 351, 419, 450, 303, 345, 405, 428, 76, 382, 426, 19, 304, 481, 218, 324, 447, 473, 333, 389, 394, 462
../benchmark_instances/2023result/docs/solver/benchmark/random_instance/random_instance038_graph002.col	494	1482	-1	104
	Command being timed: "timeout 20m java -Xms1024g -Xmx1024g -Xss134m -cp pathwidth.jar Pathwidth ../benchmark_instances/2023result/docs/solver/benchmark/random_instance/random_instance038_graph002.col"
	User time (seconds): 0.86
	System time (seconds): 1.43
	Percent of CPU this job got: 119%
	Elapsed (wall clock) time (h:mm:ss or m:ss): 0:01.93
	Average shared text size (kbytes): 0
	Average unshared data size (kbytes): 0
	Average stack size (kbytes): 0
	Average total size (kbytes): 0
	Maximum resident set size (kbytes): 4849776
	Average resident set size (kbytes): 0
	Major (requiring I/O) page faults: 0
	Minor (reclaiming a frame) page faults: 133995
	Voluntary context switches: 3957
	Involuntary context switches: 8
	Swaps: 0
	File system inputs: 32
	File system outputs: 72
	Socket messages sent: 0
	Socket messages received: 0
	Signals delivered: 0
	Page size (bytes): 4096
	Exit status: 0
