../benchmark_instances/2023result/docs/solver/benchmark/random_instance/random_instance035_graph003.col
455
0, 252, 265, 285, 335, 4, 254, 42, 56, 107, 122, 123, 166, 153, 361, 33, 126, 228, 145, 66, 281, 230, 423, 324, 71, 98, 179, 186, 365, 185, 197, 216, 152, 293, 226, 352, 115, 87, 178, 297, 414, 344, 333, 272, 306, 294, 318, 44, 256, 13, 18, 376, 26, 276, 77, 120, 49, 191, 336, 173, 24, 133, 250, 308, 111, 229, 328, 141, 351, 429, 168, 159, 100, 266, 199, 188, 219, 291, 319, 232, 198, 331, 241, 78, 169, 439, 218, 16, 8, 223, 20, 45, 54, 64, 181, 257, 82, 378, 5, 267, 395, 163, 275, 76, 70, 240, 156, 116, 139, 155, 161, 208, 225, 93, 37, 262, 180, 1, 334, 60, 263, 353, 103, 154, 273, 11, 21, 427, 52, 146, 253, 280, 327, 17, 63, 394, 403, 417, 355, 43, 36, 359, 271, 315, 354, 22, 290, 317, 412, 112, 3, 422, 338, 380, 165, 400, 209, 382, 362, 269, 288, 322, 106, 142, 212, 350, 431, 300, 373, 437, 224, 295, 316, 79, 367, 342, 369, 151, 210, 211, 108, 80, 282, 217, 248, 48, 170, 29, 247, 227, 436, 255, 121, 94, 114, 434, 117, 7, 214, 201, 242, 274, 172, 144, 190, 283, 292, 67, 113, 143, 132, 40, 97, 363, 147, 34, 96, 69, 110, 124, 449, 128, 47, 176, 72, 160, 177, 234, 84, 454, 207, 443, 233, 325, 55, 347, 158, 237, 81, 184, 323, 375, 171, 239, 445, 258, 140, 15, 51, 35, 150, 259, 136, 194, 9, 386, 264, 284, 6, 91, 379, 127, 32, 452, 38, 289, 28, 298, 109, 30, 89, 310, 157, 326, 396, 174, 25, 398, 83, 183, 119, 413, 450, 175, 339, 182, 343, 418, 85, 270, 424, 19, 59, 305, 390, 88, 102, 2, 442, 92, 302, 314, 135, 388, 62, 104, 125, 196, 277, 425, 204, 366, 202, 312, 421, 193, 236, 61, 99, 286, 432, 14, 105, 222, 393, 405, 444, 101, 340, 440, 451, 10, 416, 447, 448, 41, 279, 383, 399, 162, 134, 299, 360, 372, 57, 415, 438, 65, 311, 330, 419, 53, 118, 167, 12, 203, 260, 387, 404, 75, 381, 446, 95, 187, 130, 307, 370, 27, 357, 364, 441, 129, 243, 428, 131, 138, 213, 384, 401, 426, 50, 73, 349, 397, 137, 268, 329, 23, 345, 371, 68, 200, 296, 148, 189, 220, 221, 287, 320, 356, 377, 430, 149, 238, 433, 86, 321, 348, 391, 192, 385, 31, 420, 39, 206, 251, 303, 406, 46, 245, 358, 407, 435, 58, 235, 304, 313, 368, 389, 409, 74, 195, 205, 246, 332, 346, 374, 392, 453, 215, 278, 301, 231, 244, 261, 309, 337, 90, 164, 408, 410, 249, 341, 402, 411
../benchmark_instances/2023result/docs/solver/benchmark/random_instance/random_instance035_graph003.col	455	1365	-1	95
	Command being timed: "timeout 20m java -Xms1024g -Xmx1024g -Xss134m -cp pathwidth.jar Pathwidth ../benchmark_instances/2023result/docs/solver/benchmark/random_instance/random_instance035_graph003.col"
	User time (seconds): 0.84
	System time (seconds): 1.48
	Percent of CPU this job got: 120%
	Elapsed (wall clock) time (h:mm:ss or m:ss): 0:01.94
	Average shared text size (kbytes): 0
	Average unshared data size (kbytes): 0
	Average stack size (kbytes): 0
	Average total size (kbytes): 0
	Maximum resident set size (kbytes): 4844284
	Average resident set size (kbytes): 0
	Major (requiring I/O) page faults: 0
	Minor (reclaiming a frame) page faults: 134734
	Voluntary context switches: 3754
	Involuntary context switches: 36
	Swaps: 0
	File system inputs: 32
	File system outputs: 72
	Socket messages sent: 0
	Socket messages received: 0
	Signals delivered: 0
	Page size (bytes): 4096
	Exit status: 0
