../benchmark_instances/2023result/docs/solver/benchmark/random_instance/random_instance016_graph001.col
208
57, 28, 132, 80, 83, 122, 56, 70, 35, 48, 20, 103, 66, 183, 77, 139, 37, 32, 68, 92, 120, 24, 199, 29, 97, 140, 105, 155, 87, 79, 141, 26, 176, 38, 69, 153, 165, 23, 25, 135, 42, 22, 186, 63, 11, 71, 178, 182, 81, 86, 196, 4, 13, 148, 31, 1, 7, 206, 10, 33, 197, 169, 34, 173, 95, 190, 3, 154, 5, 65, 100, 110, 147, 50, 126, 170, 39, 149, 99, 194, 91, 112, 30, 114, 72, 108, 123, 98, 78, 119, 27, 61, 106, 107, 204, 2, 54, 134, 12, 93, 121, 136, 104, 40, 53, 0, 64, 101, 18, 94, 59, 205, 75, 14, 82, 128, 90, 55, 17, 58, 127, 202, 36, 195, 15, 201, 44, 74, 161, 192, 51, 102, 52, 85, 137, 8, 138, 181, 43, 76, 124, 152, 160, 62, 130, 164, 174, 45, 159, 60, 189, 21, 133, 187, 47, 144, 166, 41, 168, 16, 142, 175, 9, 113, 118, 129, 156, 167, 46, 84, 163, 203, 49, 67, 73, 115, 172, 207, 6, 143, 177, 180, 191, 19, 151, 158, 171, 179, 200, 88, 96, 145, 89, 111, 117, 146, 184, 188, 198, 109, 131, 150, 193, 116, 125, 157, 162, 185
../benchmark_instances/2023result/docs/solver/benchmark/random_instance/random_instance016_graph001.col	208	624	-1	44
	Command being timed: "timeout 20m java -Xms1024g -Xmx1024g -Xss134m -cp pathwidth.jar Pathwidth ../benchmark_instances/2023result/docs/solver/benchmark/random_instance/random_instance016_graph001.col"
	User time (seconds): 0.68
	System time (seconds): 1.43
	Percent of CPU this job got: 112%
	Elapsed (wall clock) time (h:mm:ss or m:ss): 0:01.87
	Average shared text size (kbytes): 0
	Average unshared data size (kbytes): 0
	Average stack size (kbytes): 0
	Average total size (kbytes): 0
	Maximum resident set size (kbytes): 4803000
	Average resident set size (kbytes): 0
	Major (requiring I/O) page faults: 0
	Minor (reclaiming a frame) page faults: 132658
	Voluntary context switches: 2804
	Involuntary context switches: 8
	Swaps: 0
	File system inputs: 16
	File system outputs: 72
	Socket messages sent: 0
	Socket messages received: 0
	Signals delivered: 0
	Page size (bytes): 4096
	Exit status: 0
