../benchmark_instances/2023result/docs/solver/benchmark/random_instance/random_instance005_graph004.col
65
36, 20, 13, 11, 41, 6, 27, 53, 8, 35, 33, 38, 50, 25, 14, 17, 7, 37, 58, 26, 3, 9, 32, 40, 47, 63, 10, 49, 34, 16, 0, 15, 2, 57, 64, 5, 44, 28, 62, 4, 30, 39, 31, 18, 29, 12, 42, 55, 61, 23, 24, 43, 19, 22, 45, 52, 54, 56, 1, 21, 46, 48, 51, 59, 60
../benchmark_instances/2023result/docs/solver/benchmark/random_instance/random_instance005_graph004.col	65	195	-1	22
	Command being timed: "timeout 20m java -Xms1024g -Xmx1024g -Xss134m -cp pathwidth.jar Pathwidth ../benchmark_instances/2023result/docs/solver/benchmark/random_instance/random_instance005_graph004.col"
	User time (seconds): 0.54
	System time (seconds): 1.42
	Percent of CPU this job got: 107%
	Elapsed (wall clock) time (h:mm:ss or m:ss): 0:01.83
	Average shared text size (kbytes): 0
	Average unshared data size (kbytes): 0
	Average stack size (kbytes): 0
	Average total size (kbytes): 0
	Maximum resident set size (kbytes): 4796420
	Average resident set size (kbytes): 0
	Major (requiring I/O) page faults: 0
	Minor (reclaiming a frame) page faults: 131228
	Voluntary context switches: 2492
	Involuntary context switches: 8
	Swaps: 0
	File system inputs: 8
	File system outputs: 72
	Socket messages sent: 0
	Socket messages received: 0
	Signals delivered: 0
	Page size (bytes): 4096
	Exit status: 0
