../benchmark_instances/2023result/docs/solver/benchmark/random_instance/random_instance004_graph004.col
52
20, 21, 28, 30, 34, 4, 42, 43, 27, 26, 22, 8, 36, 35, 5, 0, 49, 17, 37, 45, 9, 24, 31, 19, 38, 51, 11, 40, 47, 12, 13, 14, 3, 1, 18, 25, 44, 6, 16, 7, 10, 15, 33, 39, 23, 29, 2, 32, 41, 46, 48, 50
../benchmark_instances/2023result/docs/solver/benchmark/random_instance/random_instance004_graph004.col	52	156	-1	21
	Command being timed: "timeout 20m java -Xms1024g -Xmx1024g -Xss134m -cp pathwidth.jar Pathwidth ../benchmark_instances/2023result/docs/solver/benchmark/random_instance/random_instance004_graph004.col"
	User time (seconds): 0.55
	System time (seconds): 1.42
	Percent of CPU this job got: 106%
	Elapsed (wall clock) time (h:mm:ss or m:ss): 0:01.85
	Average shared text size (kbytes): 0
	Average unshared data size (kbytes): 0
	Average stack size (kbytes): 0
	Average total size (kbytes): 0
	Maximum resident set size (kbytes): 4796120
	Average resident set size (kbytes): 0
	Major (requiring I/O) page faults: 0
	Minor (reclaiming a frame) page faults: 131374
	Voluntary context switches: 2446
	Involuntary context switches: 34
	Swaps: 0
	File system inputs: 8
	File system outputs: 72
	Socket messages sent: 0
	Socket messages received: 0
	Signals delivered: 0
	Page size (bytes): 4096
	Exit status: 0
