../benchmark_instances/2023result/docs/solver/benchmark/random_instance/random_instance015_graph001.col
195
97, 101, 22, 128, 5, 10, 17, 26, 80, 90, 172, 32, 54, 189, 85, 58, 11, 87, 96, 112, 138, 93, 16, 49, 122, 59, 102, 139, 163, 158, 76, 187, 20, 45, 177, 86, 19, 137, 157, 153, 67, 123, 149, 52, 23, 151, 77, 92, 6, 180, 39, 113, 40, 162, 164, 178, 29, 46, 165, 31, 72, 95, 156, 68, 103, 167, 120, 24, 183, 25, 132, 42, 143, 0, 140, 118, 166, 160, 170, 188, 69, 194, 63, 82, 89, 99, 60, 50, 14, 65, 98, 94, 185, 107, 37, 8, 48, 78, 83, 168, 28, 4, 2, 35, 53, 55, 34, 7, 142, 56, 127, 9, 154, 3, 191, 15, 161, 18, 100, 41, 108, 114, 47, 141, 169, 173, 57, 182, 12, 110, 27, 109, 129, 190, 36, 126, 171, 51, 147, 181, 61, 71, 13, 146, 148, 62, 117, 134, 30, 115, 150, 33, 104, 179, 38, 73, 43, 105, 135, 21, 88, 184, 192, 193, 44, 74, 79, 176, 1, 64, 84, 66, 70, 91, 116, 144, 155, 75, 124, 130, 81, 106, 111, 136, 174, 119, 125, 152, 159, 175, 121, 131, 133, 145, 186
../benchmark_instances/2023result/docs/solver/benchmark/random_instance/random_instance015_graph001.col	195	585	-1	42
	Command being timed: "timeout 20m java -Xms1024g -Xmx1024g -Xss134m -cp pathwidth.jar Pathwidth ../benchmark_instances/2023result/docs/solver/benchmark/random_instance/random_instance015_graph001.col"
	User time (seconds): 0.67
	System time (seconds): 1.42
	Percent of CPU this job got: 112%
	Elapsed (wall clock) time (h:mm:ss or m:ss): 0:01.87
	Average shared text size (kbytes): 0
	Average unshared data size (kbytes): 0
	Average stack size (kbytes): 0
	Average total size (kbytes): 0
	Maximum resident set size (kbytes): 4804640
	Average resident set size (kbytes): 0
	Major (requiring I/O) page faults: 0
	Minor (reclaiming a frame) page faults: 131440
	Voluntary context switches: 3319
	Involuntary context switches: 9
	Swaps: 0
	File system inputs: 16
	File system outputs: 72
	Socket messages sent: 0
	Socket messages received: 0
	Signals delivered: 0
	Page size (bytes): 4096
	Exit status: 0
