../benchmark_instances/2023result/docs/solver/benchmark/random_instance/random_instance023_graph004.col
299
175, 195, 224, 48, 109, 164, 65, 148, 84, 105, 231, 145, 113, 138, 143, 71, 147, 251, 59, 90, 180, 289, 150, 38, 118, 168, 35, 201, 207, 163, 44, 199, 56, 62, 77, 87, 146, 183, 139, 198, 208, 206, 243, 19, 73, 14, 15, 2, 121, 166, 114, 247, 265, 70, 129, 257, 229, 271, 255, 153, 191, 260, 100, 39, 94, 202, 32, 280, 37, 21, 91, 99, 196, 174, 30, 276, 31, 97, 67, 227, 288, 283, 36, 47, 220, 7, 28, 9, 127, 149, 122, 240, 256, 51, 78, 132, 221, 184, 52, 189, 49, 234, 152, 239, 106, 95, 252, 197, 275, 54, 185, 296, 98, 102, 112, 228, 154, 25, 248, 263, 178, 176, 209, 233, 46, 295, 161, 245, 17, 192, 259, 226, 169, 64, 42, 3, 142, 88, 22, 144, 162, 272, 179, 222, 232, 141, 151, 20, 75, 82, 41, 116, 107, 188, 193, 155, 1, 4, 244, 10, 57, 186, 60, 123, 80, 203, 93, 274, 16, 0, 24, 23, 235, 50, 6, 68, 27, 103, 5, 298, 11, 92, 130, 211, 218, 43, 18, 268, 270, 34, 194, 204, 55, 69, 72, 190, 290, 61, 250, 33, 297, 53, 108, 238, 292, 66, 269, 273, 293, 76, 85, 249, 86, 128, 200, 282, 8, 156, 172, 40, 58, 74, 81, 89, 124, 140, 158, 214, 13, 83, 266, 277, 29, 165, 253, 101, 119, 181, 262, 111, 131, 246, 12, 126, 217, 26, 135, 160, 167, 219, 242, 110, 157, 170, 125, 205, 45, 279, 63, 136, 177, 182, 215, 278, 96, 284, 115, 171, 117, 133, 237, 281, 79, 254, 120, 210, 212, 241, 258, 134, 225, 264, 287, 291, 137, 187, 261, 159, 173, 267, 216, 236, 294, 104, 213, 223, 230, 285, 286
../benchmark_instances/2023result/docs/solver/benchmark/random_instance/random_instance023_graph004.col	299	897	-1	59
	Command being timed: "timeout 20m java -Xms1024g -Xmx1024g -Xss134m -cp pathwidth.jar Pathwidth ../benchmark_instances/2023result/docs/solver/benchmark/random_instance/random_instance023_graph004.col"
	User time (seconds): 0.78
	System time (seconds): 1.43
	Percent of CPU this job got: 117%
	Elapsed (wall clock) time (h:mm:ss or m:ss): 0:01.88
	Average shared text size (kbytes): 0
	Average unshared data size (kbytes): 0
	Average stack size (kbytes): 0
	Average total size (kbytes): 0
	Maximum resident set size (kbytes): 4824816
	Average resident set size (kbytes): 0
	Major (requiring I/O) page faults: 0
	Minor (reclaiming a frame) page faults: 135515
	Voluntary context switches: 3393
	Involuntary context switches: 9
	Swaps: 0
	File system inputs: 24
	File system outputs: 72
	Socket messages sent: 0
	Socket messages received: 0
	Signals delivered: 0
	Page size (bytes): 4096
	Exit status: 0
