../benchmark_instances/2023result/docs/solver/benchmark/random_instance/random_instance036_graph004.col
468
14, 29, 72, 185, 363, 452, 15, 19, 42, 312, 107, 125, 155, 249, 156, 157, 129, 165, 166, 302, 396, 18, 232, 159, 194, 241, 58, 321, 276, 236, 417, 27, 41, 345, 255, 82, 85, 31, 36, 59, 103, 28, 149, 46, 225, 92, 108, 446, 130, 89, 248, 45, 346, 355, 51, 66, 120, 244, 251, 300, 399, 413, 70, 67, 197, 269, 366, 384, 39, 374, 271, 322, 95, 303, 201, 359, 465, 10, 224, 263, 100, 258, 136, 172, 228, 273, 212, 114, 124, 380, 153, 414, 262, 277, 74, 354, 116, 154, 112, 214, 437, 96, 132, 40, 425, 54, 351, 357, 370, 61, 272, 297, 6, 20, 63, 365, 98, 317, 140, 398, 1, 7, 44, 64, 131, 76, 196, 411, 245, 47, 207, 408, 73, 86, 448, 338, 381, 393, 467, 56, 83, 426, 102, 161, 198, 373, 50, 323, 275, 52, 234, 360, 459, 5, 144, 69, 284, 252, 406, 25, 151, 175, 344, 352, 35, 349, 416, 17, 339, 222, 62, 80, 181, 128, 79, 147, 221, 150, 204, 229, 90, 101, 94, 169, 180, 247, 253, 336, 260, 295, 311, 266, 143, 438, 184, 43, 430, 77, 104, 267, 219, 340, 88, 306, 342, 122, 188, 187, 235, 203, 292, 182, 389, 55, 259, 270, 115, 135, 189, 75, 442, 287, 60, 209, 422, 53, 376, 170, 179, 220, 327, 146, 434, 152, 32, 110, 242, 210, 246, 464, 13, 353, 138, 162, 158, 199, 256, 261, 4, 163, 309, 403, 97, 350, 106, 356, 105, 8, 65, 141, 265, 139, 177, 160, 186, 415, 71, 119, 217, 280, 3, 223, 268, 285, 361, 37, 447, 173, 48, 30, 394, 9, 296, 428, 22, 231, 111, 314, 26, 84, 145, 310, 33, 142, 216, 324, 192, 12, 117, 226, 250, 126, 113, 436, 133, 16, 200, 164, 202, 205, 319, 348, 227, 274, 233, 358, 367, 427, 78, 11, 279, 329, 420, 23, 347, 386, 183, 254, 290, 237, 299, 308, 331, 176, 369, 445, 206, 455, 0, 313, 137, 305, 21, 240, 99, 264, 127, 337, 387, 168, 330, 407, 451, 178, 93, 134, 167, 404, 424, 81, 371, 423, 440, 49, 281, 335, 118, 294, 397, 109, 283, 193, 24, 243, 343, 435, 38, 383, 405, 463, 466, 121, 293, 456, 195, 215, 326, 208, 388, 431, 34, 298, 377, 429, 191, 320, 362, 368, 449, 211, 257, 444, 218, 318, 333, 230, 462, 174, 382, 238, 328, 375, 385, 441, 239, 421, 91, 412, 443, 171, 316, 325, 401, 432, 458, 57, 395, 433, 68, 289, 450, 190, 278, 304, 392, 461, 282, 334, 378, 419, 2, 379, 409, 410, 439, 123, 307, 87, 301, 418, 148, 213, 288, 315, 390, 460, 286, 332, 402, 457, 291, 364, 391, 400, 341, 372, 453, 454
../benchmark_instances/2023result/docs/solver/benchmark/random_instance/random_instance036_graph004.col	468	1404	-1	98
	Command being timed: "timeout 20m java -Xms1024g -Xmx1024g -Xss134m -cp pathwidth.jar Pathwidth ../benchmark_instances/2023result/docs/solver/benchmark/random_instance/random_instance036_graph004.col"
	User time (seconds): 0.86
	System time (seconds): 1.45
	Percent of CPU this job got: 118%
	Elapsed (wall clock) time (h:mm:ss or m:ss): 0:01.95
	Average shared text size (kbytes): 0
	Average unshared data size (kbytes): 0
	Average stack size (kbytes): 0
	Average total size (kbytes): 0
	Maximum resident set size (kbytes): 4846840
	Average resident set size (kbytes): 0
	Major (requiring I/O) page faults: 0
	Minor (reclaiming a frame) page faults: 133862
	Voluntary context switches: 3577
	Involuntary context switches: 33
	Swaps: 0
	File system inputs: 32
	File system outputs: 72
	Socket messages sent: 0
	Socket messages received: 0
	Signals delivered: 0
	Page size (bytes): 4096
	Exit status: 0
