../benchmark_instances/2023result/docs/solver/benchmark/random_instance/random_instance020_graph003.col
260
7, 30, 42, 52, 142, 157, 258, 11, 55, 68, 223, 224, 54, 160, 182, 78, 107, 39, 85, 102, 28, 120, 118, 34, 70, 46, 201, 16, 143, 254, 75, 89, 172, 136, 26, 152, 162, 186, 33, 123, 204, 229, 209, 233, 241, 159, 115, 29, 93, 121, 36, 103, 183, 195, 71, 194, 198, 208, 153, 144, 250, 5, 4, 32, 37, 59, 127, 38, 124, 1, 31, 112, 20, 61, 188, 0, 168, 222, 65, 242, 131, 158, 218, 23, 148, 82, 187, 213, 234, 206, 248, 45, 14, 253, 163, 88, 12, 117, 27, 79, 96, 106, 90, 104, 77, 128, 147, 179, 40, 60, 86, 105, 62, 2, 67, 91, 100, 137, 6, 19, 21, 81, 259, 119, 92, 97, 72, 226, 35, 13, 140, 49, 134, 217, 51, 83, 108, 109, 221, 238, 122, 125, 228, 126, 141, 132, 24, 175, 130, 15, 169, 215, 57, 203, 74, 56, 87, 41, 22, 237, 73, 145, 245, 256, 94, 53, 167, 9, 190, 252, 58, 199, 200, 210, 219, 95, 170, 17, 149, 191, 3, 111, 178, 44, 48, 173, 181, 247, 25, 249, 64, 246, 110, 176, 43, 166, 211, 235, 239, 63, 192, 196, 244, 66, 98, 197, 50, 230, 69, 114, 133, 165, 177, 255, 99, 164, 184, 236, 10, 189, 212, 243, 84, 76, 155, 47, 207, 240, 101, 138, 151, 156, 174, 113, 116, 225, 18, 139, 146, 185, 202, 205, 80, 129, 180, 216, 231, 232, 135, 227, 8, 161, 193, 251, 257, 150, 154, 171, 214, 220
../benchmark_instances/2023result/docs/solver/benchmark/random_instance/random_instance020_graph003.col	260	780	-1	56
	Command being timed: "timeout 20m java -Xms1024g -Xmx1024g -Xss134m -cp pathwidth.jar Pathwidth ../benchmark_instances/2023result/docs/solver/benchmark/random_instance/random_instance020_graph003.col"
	User time (seconds): 0.76
	System time (seconds): 1.42
	Percent of CPU this job got: 115%
	Elapsed (wall clock) time (h:mm:ss or m:ss): 0:01.88
	Average shared text size (kbytes): 0
	Average unshared data size (kbytes): 0
	Average stack size (kbytes): 0
	Average total size (kbytes): 0
	Maximum resident set size (kbytes): 4815348
	Average resident set size (kbytes): 0
	Major (requiring I/O) page faults: 0
	Minor (reclaiming a frame) page faults: 133769
	Voluntary context switches: 3488
	Involuntary context switches: 33
	Swaps: 0
	File system inputs: 16
	File system outputs: 72
	Socket messages sent: 0
	Socket messages received: 0
	Signals delivered: 0
	Page size (bytes): 4096
	Exit status: 0
