../benchmark_instances/2023result/docs/solver/benchmark/random_instance/random_instance024_graph001.col
312
152, 237, 303, 19, 83, 73, 87, 67, 161, 191, 105, 115, 141, 16, 31, 78, 168, 34, 131, 10, 12, 33, 108, 236, 150, 111, 47, 117, 135, 4, 181, 186, 0, 239, 244, 241, 80, 174, 206, 169, 222, 201, 275, 256, 225, 253, 22, 292, 310, 88, 234, 270, 282, 164, 6, 211, 309, 140, 143, 203, 194, 112, 233, 50, 68, 176, 8, 14, 267, 15, 23, 40, 27, 60, 92, 43, 137, 196, 37, 74, 175, 79, 190, 11, 254, 7, 307, 229, 45, 62, 238, 24, 66, 95, 178, 185, 120, 214, 200, 221, 129, 311, 1, 59, 151, 93, 155, 160, 212, 243, 69, 251, 75, 136, 283, 166, 260, 265, 294, 308, 20, 157, 273, 49, 142, 132, 192, 242, 18, 28, 130, 70, 146, 183, 199, 230, 148, 138, 235, 46, 274, 81, 257, 121, 53, 77, 285, 38, 114, 96, 172, 98, 51, 48, 58, 213, 63, 261, 162, 163, 248, 35, 170, 207, 173, 13, 109, 9, 17, 217, 64, 139, 271, 71, 110, 36, 297, 2, 91, 250, 84, 55, 197, 247, 56, 42, 90, 276, 61, 288, 82, 86, 104, 171, 287, 300, 97, 3, 21, 85, 188, 262, 99, 101, 210, 103, 123, 113, 76, 134, 205, 227, 44, 107, 133, 226, 284, 89, 118, 224, 255, 279, 289, 72, 126, 198, 25, 102, 116, 182, 202, 220, 54, 144, 149, 252, 119, 208, 26, 94, 195, 301, 122, 218, 125, 245, 127, 158, 215, 128, 180, 209, 259, 32, 154, 204, 228, 29, 167, 30, 189, 266, 277, 305, 124, 193, 272, 145, 249, 100, 223, 41, 263, 281, 299, 153, 216, 264, 5, 268, 156, 291, 293, 106, 232, 258, 269, 286, 147, 278, 280, 159, 165, 184, 187, 298, 306, 52, 57, 290, 296, 302, 65, 219, 240, 246, 177, 39, 179, 231, 295, 304
../benchmark_instances/2023result/docs/solver/benchmark/random_instance/random_instance024_graph001.col	312	936	-1	64
	Command being timed: "timeout 20m java -Xms1024g -Xmx1024g -Xss134m -cp pathwidth.jar Pathwidth ../benchmark_instances/2023result/docs/solver/benchmark/random_instance/random_instance024_graph001.col"
	User time (seconds): 0.79
	System time (seconds): 1.44
	Percent of CPU this job got: 119%
	Elapsed (wall clock) time (h:mm:ss or m:ss): 0:01.88
	Average shared text size (kbytes): 0
	Average unshared data size (kbytes): 0
	Average stack size (kbytes): 0
	Average total size (kbytes): 0
	Maximum resident set size (kbytes): 4820908
	Average resident set size (kbytes): 0
	Major (requiring I/O) page faults: 0
	Minor (reclaiming a frame) page faults: 135573
	Voluntary context switches: 3358
	Involuntary context switches: 9
	Swaps: 0
	File system inputs: 24
	File system outputs: 72
	Socket messages sent: 0
	Socket messages received: 0
	Signals delivered: 0
	Page size (bytes): 4096
	Exit status: 0
