../benchmark_instances/2023result/docs/solver/benchmark/random_instance/random_instance039_graph005.col
507
86, 25, 157, 200, 295, 321, 338, 13, 79, 358, 399, 22, 47, 237, 357, 76, 348, 293, 35, 126, 105, 294, 117, 96, 309, 158, 368, 118, 226, 130, 125, 124, 199, 11, 103, 141, 143, 20, 128, 155, 415, 463, 147, 188, 290, 4, 221, 423, 286, 160, 81, 323, 457, 88, 181, 163, 496, 150, 152, 153, 99, 234, 205, 171, 70, 136, 144, 266, 0, 426, 298, 283, 19, 148, 304, 179, 271, 201, 315, 411, 386, 408, 427, 436, 444, 442, 238, 367, 456, 174, 211, 220, 31, 249, 21, 324, 462, 477, 253, 347, 260, 71, 406, 89, 92, 340, 352, 62, 326, 192, 267, 277, 194, 180, 225, 235, 362, 246, 59, 82, 212, 139, 421, 123, 15, 490, 24, 63, 185, 493, 1, 73, 48, 44, 74, 257, 27, 230, 302, 327, 402, 481, 487, 80, 121, 195, 116, 378, 140, 418, 383, 432, 459, 450, 337, 342, 145, 186, 232, 204, 108, 49, 306, 314, 445, 453, 40, 95, 223, 259, 208, 264, 356, 384, 77, 297, 85, 104, 363, 373, 470, 446, 26, 239, 281, 245, 355, 437, 218, 177, 248, 252, 313, 305, 330, 46, 151, 133, 289, 33, 336, 3, 119, 400, 165, 425, 258, 434, 243, 213, 209, 120, 379, 269, 479, 393, 447, 178, 472, 351, 190, 388, 389, 424, 341, 28, 10, 161, 17, 170, 7, 198, 149, 207, 38, 465, 261, 51, 54, 100, 131, 256, 231, 272, 107, 344, 217, 134, 219, 242, 268, 43, 168, 241, 184, 197, 398, 109, 167, 173, 67, 75, 203, 276, 279, 32, 322, 228, 339, 247, 318, 6, 335, 29, 56, 255, 376, 9, 84, 227, 346, 492, 233, 332, 30, 72, 101, 154, 37, 375, 159, 429, 132, 422, 41, 270, 58, 69, 5, 68, 455, 156, 390, 97, 491, 115, 452, 127, 164, 278, 162, 66, 387, 90, 488, 501, 172, 87, 113, 391, 428, 461, 482, 36, 316, 440, 83, 263, 405, 98, 417, 57, 16, 42, 469, 55, 359, 91, 265, 110, 354, 464, 494, 111, 364, 499, 135, 169, 345, 61, 468, 175, 296, 467, 8, 343, 403, 505, 60, 182, 288, 458, 484, 486, 14, 187, 193, 448, 475, 12, 401, 18, 329, 489, 502, 93, 282, 138, 137, 2, 122, 300, 471, 34, 254, 395, 94, 275, 473, 112, 215, 410, 416, 142, 350, 365, 78, 251, 325, 331, 353, 360, 361, 23, 102, 414, 449, 478, 114, 319, 495, 65, 394, 460, 480, 52, 166, 176, 291, 504, 39, 312, 382, 454, 146, 404, 45, 374, 435, 466, 485, 506, 106, 320, 392, 50, 191, 381, 196, 303, 202, 372, 430, 438, 210, 214, 262, 285, 216, 369, 222, 284, 317, 439, 497, 503, 206, 301, 311, 328, 224, 308, 349, 380, 129, 287, 307, 451, 229, 274, 431, 236, 299, 441, 443, 53, 273, 333, 366, 377, 240, 420, 498, 183, 250, 292, 396, 413, 474, 244, 310, 334, 371, 500, 370, 412, 419, 385, 64, 407, 433, 189, 280, 397, 409, 476, 483
../benchmark_instances/2023result/docs/solver/benchmark/random_instance/random_instance039_graph005.col	507	1521	-1	104
	Command being timed: "timeout 20m java -Xms1024g -Xmx1024g -Xss134m -cp pathwidth.jar Pathwidth ../benchmark_instances/2023result/docs/solver/benchmark/random_instance/random_instance039_graph005.col"
	User time (seconds): 0.84
	System time (seconds): 1.46
	Percent of CPU this job got: 118%
	Elapsed (wall clock) time (h:mm:ss or m:ss): 0:01.94
	Average shared text size (kbytes): 0
	Average unshared data size (kbytes): 0
	Average stack size (kbytes): 0
	Average total size (kbytes): 0
	Maximum resident set size (kbytes): 4851764
	Average resident set size (kbytes): 0
	Major (requiring I/O) page faults: 0
	Minor (reclaiming a frame) page faults: 134089
	Voluntary context switches: 3386
	Involuntary context switches: 47
	Swaps: 0
	File system inputs: 32
	File system outputs: 72
	Socket messages sent: 0
	Socket messages received: 0
	Signals delivered: 0
	Page size (bytes): 4096
	Exit status: 0
