../benchmark_instances/2023result/docs/solver/benchmark/random_instance/random_instance017_graph002.col
221
83, 59, 107, 109, 123, 186, 4, 114, 194, 78, 46, 139, 195, 29, 74, 3, 120, 121, 61, 199, 105, 159, 7, 62, 75, 47, 64, 169, 32, 117, 175, 99, 2, 116, 91, 38, 8, 70, 89, 112, 21, 118, 141, 56, 137, 68, 124, 28, 23, 31, 140, 11, 82, 102, 136, 144, 44, 152, 1, 15, 146, 103, 216, 9, 27, 85, 158, 19, 181, 33, 45, 95, 134, 164, 165, 30, 13, 161, 119, 125, 43, 162, 41, 143, 14, 18, 72, 170, 17, 106, 203, 219, 22, 55, 67, 87, 93, 113, 133, 154, 171, 174, 211, 193, 73, 148, 88, 212, 96, 63, 40, 53, 42, 145, 58, 149, 16, 187, 110, 65, 79, 122, 127, 50, 217, 25, 57, 80, 37, 20, 36, 207, 69, 0, 24, 200, 26, 185, 34, 173, 71, 100, 5, 97, 167, 176, 177, 206, 35, 90, 163, 204, 220, 54, 179, 76, 108, 94, 218, 60, 126, 84, 188, 214, 77, 130, 135, 184, 12, 202, 52, 104, 111, 147, 155, 182, 198, 210, 39, 98, 157, 183, 201, 6, 48, 115, 190, 196, 197, 66, 151, 191, 192, 10, 178, 86, 128, 156, 160, 51, 129, 138, 150, 92, 215, 101, 142, 189, 208, 131, 172, 49, 81, 166, 205, 213, 132, 153, 168, 180, 209
../benchmark_instances/2023result/docs/solver/benchmark/random_instance/random_instance017_graph002.col	221	663	-1	46
	Command being timed: "timeout 20m java -Xms1024g -Xmx1024g -Xss134m -cp pathwidth.jar Pathwidth ../benchmark_instances/2023result/docs/solver/benchmark/random_instance/random_instance017_graph002.col"
	User time (seconds): 0.71
	System time (seconds): 1.42
	Percent of CPU this job got: 114%
	Elapsed (wall clock) time (h:mm:ss or m:ss): 0:01.87
	Average shared text size (kbytes): 0
	Average unshared data size (kbytes): 0
	Average stack size (kbytes): 0
	Average total size (kbytes): 0
	Maximum resident set size (kbytes): 4809592
	Average resident set size (kbytes): 0
	Major (requiring I/O) page faults: 0
	Minor (reclaiming a frame) page faults: 133035
	Voluntary context switches: 3273
	Involuntary context switches: 7
	Swaps: 0
	File system inputs: 16
	File system outputs: 72
	Socket messages sent: 0
	Socket messages received: 0
	Signals delivered: 0
	Page size (bytes): 4096
	Exit status: 0
