../benchmark_instances/2023result/docs/solver/benchmark/random_instance/random_instance016_graph005.col
208
5, 54, 138, 185, 193, 90, 183, 130, 45, 128, 61, 4, 3, 30, 68, 32, 195, 71, 97, 190, 2, 65, 26, 160, 31, 192, 154, 16, 43, 46, 137, 94, 161, 20, 50, 115, 100, 135, 149, 96, 21, 203, 126, 92, 17, 8, 180, 6, 181, 49, 69, 143, 38, 147, 176, 164, 111, 205, 35, 188, 7, 64, 124, 155, 81, 171, 0, 41, 10, 194, 101, 127, 29, 123, 139, 150, 163, 166, 182, 34, 76, 169, 198, 57, 88, 27, 152, 157, 39, 136, 44, 28, 144, 53, 58, 24, 19, 119, 15, 33, 23, 62, 1, 63, 13, 113, 66, 14, 110, 42, 51, 59, 75, 98, 109, 145, 70, 9, 87, 204, 40, 60, 72, 73, 74, 206, 79, 132, 80, 134, 82, 175, 199, 83, 12, 93, 103, 55, 140, 186, 84, 89, 112, 36, 114, 131, 56, 48, 178, 95, 151, 47, 37, 120, 52, 158, 159, 170, 11, 91, 142, 22, 99, 104, 177, 67, 86, 148, 18, 174, 187, 207, 85, 121, 125, 77, 116, 118, 165, 78, 107, 122, 129, 156, 172, 184, 197, 105, 106, 133, 173, 179, 108, 162, 168, 25, 102, 146, 189, 191, 117, 153, 200, 202, 141, 167, 196, 201
../benchmark_instances/2023result/docs/solver/benchmark/random_instance/random_instance016_graph005.col	208	624	-1	44
	Command being timed: "timeout 20m java -Xms1024g -Xmx1024g -Xss134m -cp pathwidth.jar Pathwidth ../benchmark_instances/2023result/docs/solver/benchmark/random_instance/random_instance016_graph005.col"
	User time (seconds): 0.69
	System time (seconds): 1.42
	Percent of CPU this job got: 113%
	Elapsed (wall clock) time (h:mm:ss or m:ss): 0:01.87
	Average shared text size (kbytes): 0
	Average unshared data size (kbytes): 0
	Average stack size (kbytes): 0
	Average total size (kbytes): 0
	Maximum resident set size (kbytes): 4807512
	Average resident set size (kbytes): 0
	Major (requiring I/O) page faults: 0
	Minor (reclaiming a frame) page faults: 132503
	Voluntary context switches: 3176
	Involuntary context switches: 5
	Swaps: 0
	File system inputs: 16
	File system outputs: 72
	Socket messages sent: 0
	Socket messages received: 0
	Signals delivered: 0
	Page size (bytes): 4096
	Exit status: 0
