../benchmark_instances/2023result/docs/solver/benchmark/random_instance/random_instance036_graph003.col
468
21, 182, 15, 29, 70, 88, 136, 263, 288, 380, 408, 24, 326, 45, 59, 208, 65, 84, 85, 358, 382, 68, 102, 107, 109, 185, 96, 123, 141, 192, 464, 4, 305, 346, 258, 272, 388, 424, 105, 112, 199, 369, 39, 52, 418, 22, 306, 110, 63, 114, 190, 266, 376, 271, 465, 42, 251, 62, 137, 89, 257, 90, 331, 277, 133, 138, 173, 333, 348, 393, 53, 248, 180, 203, 356, 452, 397, 100, 401, 226, 256, 357, 370, 403, 345, 201, 374, 250, 432, 314, 48, 421, 219, 74, 275, 302, 425, 108, 131, 281, 43, 106, 124, 9, 386, 319, 390, 7, 355, 194, 51, 113, 145, 50, 152, 158, 25, 334, 347, 377, 379, 54, 406, 426, 41, 449, 462, 64, 155, 172, 31, 243, 269, 296, 324, 47, 456, 75, 438, 12, 159, 202, 153, 76, 440, 450, 458, 6, 46, 56, 187, 265, 278, 276, 58, 391, 195, 439, 97, 451, 463, 428, 117, 228, 135, 308, 289, 415, 143, 223, 0, 147, 218, 175, 322, 164, 405, 335, 30, 170, 191, 209, 103, 321, 55, 139, 156, 213, 230, 240, 309, 118, 66, 279, 261, 323, 442, 350, 338, 363, 238, 297, 364, 83, 284, 300, 286, 148, 229, 315, 176, 287, 317, 318, 18, 119, 149, 165, 193, 224, 235, 87, 163, 242, 91, 73, 134, 35, 221, 122, 27, 49, 57, 26, 14, 95, 99, 69, 126, 129, 130, 181, 307, 142, 179, 196, 161, 44, 252, 404, 140, 280, 40, 38, 28, 387, 8, 392, 11, 94, 34, 72, 81, 82, 325, 93, 37, 1, 167, 13, 20, 339, 407, 32, 162, 246, 60, 127, 77, 177, 197, 420, 166, 200, 274, 320, 183, 295, 422, 204, 23, 78, 79, 367, 121, 132, 310, 343, 16, 336, 389, 128, 244, 71, 236, 146, 436, 169, 237, 448, 184, 444, 460, 205, 395, 455, 67, 101, 254, 186, 33, 434, 61, 378, 92, 216, 423, 178, 225, 375, 150, 447, 98, 365, 17, 259, 311, 396, 409, 419, 171, 430, 189, 337, 120, 381, 10, 384, 144, 283, 413, 86, 222, 330, 373, 2, 253, 80, 411, 433, 111, 366, 125, 273, 157, 234, 353, 400, 441, 443, 168, 198, 285, 328, 394, 206, 239, 352, 399, 5, 214, 227, 312, 417, 36, 241, 341, 207, 249, 260, 454, 3, 453, 459, 461, 211, 301, 416, 429, 174, 212, 383, 414, 445, 104, 210, 215, 247, 299, 329, 410, 231, 282, 361, 457, 217, 291, 293, 342, 115, 232, 262, 264, 290, 303, 327, 344, 398, 116, 245, 316, 154, 313, 19, 270, 298, 354, 151, 267, 294, 351, 412, 466, 160, 233, 292, 372, 188, 220, 255, 268, 360, 362, 437, 304, 371, 431, 467, 332, 340, 349, 359, 427, 435, 368, 385, 402, 446
../benchmark_instances/2023result/docs/solver/benchmark/random_instance/random_instance036_graph003.col	468	1404	-1	95
	Command being timed: "timeout 20m java -Xms1024g -Xmx1024g -Xss134m -cp pathwidth.jar Pathwidth ../benchmark_instances/2023result/docs/solver/benchmark/random_instance/random_instance036_graph003.col"
	User time (seconds): 0.84
	System time (seconds): 1.44
	Percent of CPU this job got: 118%
	Elapsed (wall clock) time (h:mm:ss or m:ss): 0:01.93
	Average shared text size (kbytes): 0
	Average unshared data size (kbytes): 0
	Average stack size (kbytes): 0
	Average total size (kbytes): 0
	Maximum resident set size (kbytes): 4844140
	Average resident set size (kbytes): 0
	Major (requiring I/O) page faults: 0
	Minor (reclaiming a frame) page faults: 134456
	Voluntary context switches: 3692
	Involuntary context switches: 34
	Swaps: 0
	File system inputs: 32
	File system outputs: 72
	Socket messages sent: 0
	Socket messages received: 0
	Signals delivered: 0
	Page size (bytes): 4096
	Exit status: 0
