../benchmark_instances/2023result/docs/solver/benchmark/random_instance/random_instance010_graph003.col
130
13, 37, 56, 58, 63, 71, 90, 25, 26, 10, 24, 0, 11, 6, 97, 12, 82, 77, 104, 125, 16, 102, 29, 72, 20, 80, 95, 105, 3, 53, 40, 4, 49, 76, 73, 1, 48, 2, 5, 83, 84, 19, 7, 43, 69, 75, 18, 47, 65, 87, 119, 88, 118, 34, 22, 55, 36, 33, 39, 106, 99, 35, 38, 21, 23, 121, 28, 30, 15, 112, 124, 9, 42, 50, 32, 78, 89, 101, 41, 45, 113, 46, 51, 100, 114, 52, 103, 128, 14, 57, 109, 27, 86, 31, 81, 96, 115, 60, 94, 120, 122, 127, 54, 17, 66, 74, 129, 59, 92, 116, 123, 64, 93, 61, 67, 79, 91, 98, 111, 68, 8, 44, 62, 70, 85, 117, 126, 107, 108, 110
../benchmark_instances/2023result/docs/solver/benchmark/random_instance/random_instance010_graph003.col	130	390	-1	34
	Command being timed: "timeout 20m java -Xms1024g -Xmx1024g -Xss134m -cp pathwidth.jar Pathwidth ../benchmark_instances/2023result/docs/solver/benchmark/random_instance/random_instance010_graph003.col"
	User time (seconds): 0.63
	System time (seconds): 1.43
	Percent of CPU this job got: 111%
	Elapsed (wall clock) time (h:mm:ss or m:ss): 0:01.86
	Average shared text size (kbytes): 0
	Average unshared data size (kbytes): 0
	Average stack size (kbytes): 0
	Average total size (kbytes): 0
	Maximum resident set size (kbytes): 4803696
	Average resident set size (kbytes): 0
	Major (requiring I/O) page faults: 0
	Minor (reclaiming a frame) page faults: 132048
	Voluntary context switches: 3449
	Involuntary context switches: 33
	Swaps: 0
	File system inputs: 8
	File system outputs: 72
	Socket messages sent: 0
	Socket messages received: 0
	Signals delivered: 0
	Page size (bytes): 4096
	Exit status: 0
