../benchmark_instances/2023result/docs/solver/benchmark/random_instance/random_instance037_graph001.col
481
135, 162, 227, 11, 92, 147, 155, 307, 339, 342, 358, 15, 32, 180, 4, 22, 59, 427, 104, 283, 160, 169, 241, 221, 231, 390, 47, 270, 205, 185, 303, 214, 310, 340, 216, 112, 117, 38, 152, 225, 220, 365, 351, 166, 57, 30, 282, 0, 3, 69, 233, 259, 371, 298, 327, 79, 18, 266, 343, 451, 433, 455, 462, 402, 153, 381, 465, 21, 37, 91, 44, 66, 157, 192, 194, 311, 362, 13, 312, 151, 388, 325, 330, 392, 436, 113, 463, 422, 61, 128, 200, 480, 213, 393, 476, 289, 73, 182, 234, 140, 172, 345, 460, 167, 247, 64, 380, 401, 222, 212, 383, 255, 139, 146, 274, 41, 285, 300, 331, 472, 14, 26, 471, 53, 129, 77, 154, 101, 10, 395, 31, 63, 126, 475, 261, 251, 94, 324, 111, 203, 273, 130, 132, 226, 278, 245, 40, 249, 477, 367, 100, 163, 409, 50, 252, 281, 248, 256, 81, 405, 414, 429, 55, 143, 78, 164, 223, 257, 287, 458, 344, 406, 20, 215, 186, 295, 165, 360, 232, 292, 114, 136, 394, 338, 352, 413, 228, 318, 322, 437, 207, 2, 106, 209, 263, 355, 375, 452, 16, 28, 42, 97, 122, 133, 9, 36, 197, 202, 262, 288, 110, 60, 159, 27, 299, 137, 148, 254, 175, 316, 441, 82, 306, 123, 313, 87, 89, 8, 269, 335, 58, 70, 120, 49, 346, 67, 141, 326, 43, 144, 149, 191, 48, 23, 46, 68, 80, 5, 90, 98, 125, 179, 35, 364, 456, 187, 265, 418, 75, 359, 45, 412, 72, 96, 168, 267, 105, 188, 386, 62, 253, 181, 403, 204, 99, 206, 142, 208, 240, 459, 210, 211, 184, 218, 347, 372, 229, 12, 396, 71, 150, 183, 124, 33, 156, 341, 399, 178, 357, 56, 134, 103, 238, 271, 279, 131, 361, 457, 195, 116, 193, 88, 296, 354, 432, 199, 118, 411, 76, 469, 39, 284, 294, 384, 387, 109, 7, 404, 438, 171, 297, 400, 442, 177, 464, 474, 196, 353, 379, 448, 198, 217, 1, 407, 415, 468, 65, 239, 373, 391, 421, 52, 323, 107, 419, 95, 317, 102, 425, 115, 86, 127, 350, 17, 74, 304, 348, 138, 260, 280, 119, 302, 315, 453, 454, 145, 173, 447, 51, 377, 83, 108, 219, 230, 314, 34, 158, 334, 25, 349, 473, 170, 246, 332, 174, 286, 321, 444, 6, 242, 356, 478, 19, 291, 337, 368, 385, 443, 85, 201, 290, 417, 439, 161, 369, 397, 434, 440, 176, 236, 264, 336, 430, 24, 190, 333, 423, 461, 189, 329, 366, 420, 224, 258, 276, 301, 308, 410, 416, 467, 29, 235, 272, 424, 479, 121, 374, 408, 450, 466, 470, 54, 243, 378, 389, 93, 268, 277, 363, 84, 250, 382, 398, 237, 244, 293, 376, 275, 305, 309, 426, 449, 319, 431, 445, 446, 320, 328, 370, 428, 435
../benchmark_instances/2023result/docs/solver/benchmark/random_instance/random_instance037_graph001.col	481	1443	-1	99
	Command being timed: "timeout 20m java -Xms1024g -Xmx1024g -Xss134m -cp pathwidth.jar Pathwidth ../benchmark_instances/2023result/docs/solver/benchmark/random_instance/random_instance037_graph001.col"
	User time (seconds): 0.86
	System time (seconds): 1.46
	Percent of CPU this job got: 118%
	Elapsed (wall clock) time (h:mm:ss or m:ss): 0:01.96
	Average shared text size (kbytes): 0
	Average unshared data size (kbytes): 0
	Average stack size (kbytes): 0
	Average total size (kbytes): 0
	Maximum resident set size (kbytes): 4849828
	Average resident set size (kbytes): 0
	Major (requiring I/O) page faults: 0
	Minor (reclaiming a frame) page faults: 133437
	Voluntary context switches: 3597
	Involuntary context switches: 49
	Swaps: 0
	File system inputs: 32
	File system outputs: 72
	Socket messages sent: 0
	Socket messages received: 0
	Signals delivered: 0
	Page size (bytes): 4096
	Exit status: 0
