../benchmark_instances/2023result/docs/solver/benchmark/random_instance/random_instance009_graph001.col
117
47, 57, 21, 85, 86, 81, 23, 84, 43, 51, 26, 3, 75, 14, 55, 19, 69, 33, 9, 64, 25, 54, 24, 18, 91, 92, 35, 62, 40, 15, 11, 20, 102, 34, 105, 110, 116, 79, 107, 48, 0, 70, 96, 82, 6, 37, 12, 49, 89, 90, 31, 53, 80, 30, 28, 2, 68, 104, 4, 76, 32, 61, 44, 65, 93, 8, 7, 10, 52, 101, 17, 106, 22, 46, 50, 5, 66, 67, 71, 83, 87, 88, 16, 94, 98, 99, 56, 1, 97, 109, 13, 74, 111, 27, 42, 78, 112, 36, 41, 45, 59, 103, 113, 114, 58, 72, 108, 29, 39, 95, 100, 63, 115, 38, 60, 73, 77
../benchmark_instances/2023result/docs/solver/benchmark/random_instance/random_instance009_graph001.col	117	351	-1	31
	Command being timed: "timeout 20m java -Xms1024g -Xmx1024g -Xss134m -cp pathwidth.jar Pathwidth ../benchmark_instances/2023result/docs/solver/benchmark/random_instance/random_instance009_graph001.col"
	User time (seconds): 0.59
	System time (seconds): 1.43
	Percent of CPU this job got: 110%
	Elapsed (wall clock) time (h:mm:ss or m:ss): 0:01.84
	Average shared text size (kbytes): 0
	Average unshared data size (kbytes): 0
	Average stack size (kbytes): 0
	Average total size (kbytes): 0
	Maximum resident set size (kbytes): 4798212
	Average resident set size (kbytes): 0
	Major (requiring I/O) page faults: 0
	Minor (reclaiming a frame) page faults: 131894
	Voluntary context switches: 2666
	Involuntary context switches: 8
	Swaps: 0
	File system inputs: 8
	File system outputs: 72
	Socket messages sent: 0
	Socket messages received: 0
	Signals delivered: 0
	Page size (bytes): 4096
	Exit status: 0
