../benchmark_instances/2023result/docs/solver/benchmark/random_instance/random_instance006_graph003.col
78
27, 9, 39, 45, 58, 6, 35, 2, 25, 29, 15, 20, 70, 7, 67, 47, 34, 44, 54, 56, 23, 1, 0, 4, 33, 62, 41, 18, 36, 64, 69, 14, 3, 11, 48, 22, 30, 10, 12, 38, 5, 71, 8, 16, 59, 75, 17, 65, 26, 49, 50, 63, 19, 31, 40, 28, 43, 51, 37, 57, 77, 42, 73, 76, 24, 46, 61, 66, 21, 72, 13, 32, 53, 74, 52, 55, 60, 68
../benchmark_instances/2023result/docs/solver/benchmark/random_instance/random_instance006_graph003.col	78	234	-1	24
	Command being timed: "timeout 20m java -Xms1024g -Xmx1024g -Xss134m -cp pathwidth.jar Pathwidth ../benchmark_instances/2023result/docs/solver/benchmark/random_instance/random_instance006_graph003.col"
	User time (seconds): 0.56
	System time (seconds): 1.41
	Percent of CPU this job got: 107%
	Elapsed (wall clock) time (h:mm:ss or m:ss): 0:01.84
	Average shared text size (kbytes): 0
	Average unshared data size (kbytes): 0
	Average stack size (kbytes): 0
	Average total size (kbytes): 0
	Maximum resident set size (kbytes): 4796132
	Average resident set size (kbytes): 0
	Major (requiring I/O) page faults: 0
	Minor (reclaiming a frame) page faults: 131176
	Voluntary context switches: 2470
	Involuntary context switches: 5
	Swaps: 0
	File system inputs: 8
	File system outputs: 72
	Socket messages sent: 0
	Socket messages received: 0
	Signals delivered: 0
	Page size (bytes): 4096
	Exit status: 0
