../benchmark_instances/2023result/docs/solver/benchmark/random_instance/random_instance012_graph004.col
156
93, 38, 144, 5, 30, 32, 48, 83, 28, 86, 58, 137, 147, 67, 69, 127, 131, 71, 85, 97, 2, 19, 23, 24, 124, 106, 154, 16, 72, 80, 63, 94, 46, 105, 8, 22, 29, 42, 53, 62, 10, 135, 27, 59, 122, 26, 1, 39, 56, 77, 15, 57, 3, 51, 74, 139, 64, 150, 104, 95, 35, 87, 60, 70, 21, 11, 52, 9, 65, 152, 101, 115, 41, 149, 88, 73, 89, 37, 79, 103, 107, 18, 34, 43, 125, 40, 55, 133, 142, 84, 100, 45, 91, 116, 54, 110, 119, 61, 108, 141, 66, 17, 112, 114, 140, 4, 121, 6, 109, 96, 113, 44, 13, 14, 82, 20, 134, 33, 130, 36, 12, 81, 90, 92, 0, 99, 126, 129, 47, 50, 76, 123, 143, 31, 75, 78, 111, 120, 7, 25, 49, 148, 68, 118, 136, 138, 145, 98, 117, 132, 146, 153, 102, 128, 151, 155
../benchmark_instances/2023result/docs/solver/benchmark/random_instance/random_instance012_graph004.col	156	468	-1	39
	Command being timed: "timeout 20m java -Xms1024g -Xmx1024g -Xss134m -cp pathwidth.jar Pathwidth ../benchmark_instances/2023result/docs/solver/benchmark/random_instance/random_instance012_graph004.col"
	User time (seconds): 0.64
	System time (seconds): 1.46
	Percent of CPU this job got: 111%
	Elapsed (wall clock) time (h:mm:ss or m:ss): 0:01.88
	Average shared text size (kbytes): 0
	Average unshared data size (kbytes): 0
	Average stack size (kbytes): 0
	Average total size (kbytes): 0
	Maximum resident set size (kbytes): 4801552
	Average resident set size (kbytes): 0
	Major (requiring I/O) page faults: 0
	Minor (reclaiming a frame) page faults: 131487
	Voluntary context switches: 3490
	Involuntary context switches: 50
	Swaps: 0
	File system inputs: 8
	File system outputs: 72
	Socket messages sent: 0
	Socket messages received: 0
	Signals delivered: 0
	Page size (bytes): 4096
	Exit status: 0
