../benchmark_instances/2023result/docs/solver/benchmark/random_instance/random_instance012_graph003.col
156
62, 3, 24, 26, 31, 43, 34, 11, 14, 50, 120, 33, 49, 29, 87, 6, 55, 105, 21, 81, 93, 79, 63, 116, 95, 28, 54, 127, 1, 53, 90, 18, 56, 140, 22, 86, 103, 2, 47, 51, 92, 8, 101, 115, 151, 16, 85, 52, 42, 46, 70, 89, 141, 4, 119, 153, 108, 142, 144, 74, 98, 37, 9, 35, 23, 67, 73, 112, 78, 117, 7, 128, 13, 10, 68, 17, 134, 20, 38, 12, 138, 5, 36, 125, 0, 65, 150, 82, 83, 126, 145, 72, 110, 45, 57, 143, 66, 104, 41, 94, 132, 44, 75, 19, 149, 40, 133, 48, 84, 39, 88, 114, 123, 15, 154, 60, 32, 99, 147, 61, 64, 80, 91, 59, 71, 124, 25, 100, 118, 146, 152, 76, 69, 113, 122, 58, 96, 107, 109, 111, 97, 106, 129, 27, 139, 77, 130, 30, 102, 121, 148, 155, 131, 135, 136, 137
../benchmark_instances/2023result/docs/solver/benchmark/random_instance/random_instance012_graph003.col	156	468	-1	38
	Command being timed: "timeout 20m java -Xms1024g -Xmx1024g -Xss134m -cp pathwidth.jar Pathwidth ../benchmark_instances/2023result/docs/solver/benchmark/random_instance/random_instance012_graph003.col"
	User time (seconds): 0.66
	System time (seconds): 1.42
	Percent of CPU this job got: 111%
	Elapsed (wall clock) time (h:mm:ss or m:ss): 0:01.87
	Average shared text size (kbytes): 0
	Average unshared data size (kbytes): 0
	Average stack size (kbytes): 0
	Average total size (kbytes): 0
	Maximum resident set size (kbytes): 4800512
	Average resident set size (kbytes): 0
	Major (requiring I/O) page faults: 0
	Minor (reclaiming a frame) page faults: 131535
	Voluntary context switches: 2990
	Involuntary context switches: 47
	Swaps: 0
	File system inputs: 8
	File system outputs: 72
	Socket messages sent: 0
	Socket messages received: 0
	Signals delivered: 0
	Page size (bytes): 4096
	Exit status: 0
