../benchmark_instances/2023result/docs/solver/benchmark/random_instance/random_instance005_graph003.col
65
0, 45, 33, 39, 34, 8, 12, 16, 14, 32, 18, 21, 62, 35, 49, 30, 13, 7, 31, 11, 36, 48, 51, 58, 59, 52, 38, 41, 3, 19, 6, 61, 20, 10, 26, 1, 2, 28, 9, 43, 56, 22, 23, 47, 60, 15, 63, 5, 24, 44, 54, 64, 17, 25, 40, 42, 4, 27, 46, 55, 29, 37, 50, 53, 57
../benchmark_instances/2023result/docs/solver/benchmark/random_instance/random_instance005_graph003.col	65	195	-1	23
	Command being timed: "timeout 20m java -Xms1024g -Xmx1024g -Xss134m -cp pathwidth.jar Pathwidth ../benchmark_instances/2023result/docs/solver/benchmark/random_instance/random_instance005_graph003.col"
	User time (seconds): 0.55
	System time (seconds): 1.43
	Percent of CPU this job got: 107%
	Elapsed (wall clock) time (h:mm:ss or m:ss): 0:01.84
	Average shared text size (kbytes): 0
	Average unshared data size (kbytes): 0
	Average stack size (kbytes): 0
	Average total size (kbytes): 0
	Maximum resident set size (kbytes): 4811520
	Average resident set size (kbytes): 0
	Major (requiring I/O) page faults: 0
	Minor (reclaiming a frame) page faults: 130836
	Voluntary context switches: 2480
	Involuntary context switches: 6
	Swaps: 0
	File system inputs: 8
	File system outputs: 72
	Socket messages sent: 0
	Socket messages received: 0
	Signals delivered: 0
	Page size (bytes): 4096
	Exit status: 0
