../benchmark_instances/2023result/docs/solver/benchmark/random_instance/random_instance018_graph001.col
234
25, 159, 197, 74, 219, 41, 12, 66, 80, 87, 71, 121, 155, 51, 97, 104, 113, 142, 115, 124, 127, 130, 193, 231, 3, 4, 102, 171, 169, 105, 110, 57, 109, 154, 1, 205, 40, 54, 170, 167, 191, 24, 149, 211, 175, 0, 78, 8, 114, 136, 143, 117, 7, 31, 9, 35, 36, 221, 53, 55, 165, 62, 125, 83, 91, 147, 179, 187, 204, 227, 84, 20, 26, 192, 10, 233, 11, 30, 132, 164, 15, 131, 203, 56, 145, 189, 65, 184, 75, 133, 226, 23, 137, 156, 19, 32, 176, 220, 157, 163, 21, 94, 27, 42, 85, 213, 34, 38, 79, 64, 86, 158, 116, 37, 67, 103, 166, 43, 59, 106, 138, 49, 60, 14, 101, 232, 92, 225, 122, 39, 93, 183, 126, 18, 17, 73, 47, 58, 144, 76, 81, 119, 229, 45, 50, 68, 148, 188, 44, 88, 72, 77, 89, 134, 22, 207, 82, 118, 228, 96, 217, 29, 98, 210, 2, 160, 61, 123, 5, 161, 195, 48, 139, 90, 146, 202, 6, 52, 182, 99, 162, 223, 230, 70, 120, 172, 186, 198, 222, 100, 107, 135, 185, 196, 28, 181, 216, 33, 16, 63, 173, 212, 224, 46, 153, 201, 214, 95, 111, 129, 152, 180, 13, 141, 209, 112, 151, 174, 206, 218, 128, 178, 200, 215, 140, 150, 190, 199, 168, 208, 69, 108, 177, 194
../benchmark_instances/2023result/docs/solver/benchmark/random_instance/random_instance018_graph001.col	234	702	-1	48
	Command being timed: "timeout 20m java -Xms1024g -Xmx1024g -Xss134m -cp pathwidth.jar Pathwidth ../benchmark_instances/2023result/docs/solver/benchmark/random_instance/random_instance018_graph001.col"
	User time (seconds): 0.68
	System time (seconds): 1.44
	Percent of CPU this job got: 113%
	Elapsed (wall clock) time (h:mm:ss or m:ss): 0:01.87
	Average shared text size (kbytes): 0
	Average unshared data size (kbytes): 0
	Average stack size (kbytes): 0
	Average total size (kbytes): 0
	Maximum resident set size (kbytes): 4810680
	Average resident set size (kbytes): 0
	Major (requiring I/O) page faults: 0
	Minor (reclaiming a frame) page faults: 132465
	Voluntary context switches: 3155
	Involuntary context switches: 10
	Swaps: 0
	File system inputs: 16
	File system outputs: 72
	Socket messages sent: 0
	Socket messages received: 0
	Signals delivered: 0
	Page size (bytes): 4096
	Exit status: 0
