../benchmark_instances/2023result/docs/solver/benchmark/random_instance/random_instance030_graph003.col
390
93, 32, 56, 140, 162, 238, 283, 327, 330, 348, 17, 201, 19, 71, 99, 104, 112, 135, 148, 150, 46, 157, 302, 171, 14, 97, 117, 48, 331, 72, 84, 124, 236, 18, 323, 24, 63, 374, 139, 202, 101, 354, 159, 43, 190, 294, 315, 385, 234, 15, 314, 351, 332, 335, 353, 74, 109, 142, 183, 189, 128, 44, 57, 61, 287, 144, 198, 213, 195, 217, 35, 270, 94, 154, 39, 177, 16, 38, 226, 82, 163, 355, 51, 113, 116, 160, 289, 382, 389, 310, 172, 136, 184, 293, 207, 361, 107, 130, 108, 304, 227, 320, 4, 9, 337, 352, 181, 0, 27, 66, 79, 22, 266, 324, 83, 103, 272, 37, 285, 31, 13, 284, 191, 306, 329, 5, 290, 357, 363, 11, 70, 229, 92, 271, 378, 28, 110, 277, 121, 273, 49, 75, 21, 214, 263, 295, 69, 169, 298, 321, 328, 344, 143, 2, 7, 145, 166, 91, 120, 6, 168, 80, 62, 60, 88, 98, 133, 138, 186, 42, 188, 219, 197, 360, 158, 115, 220, 203, 85, 205, 268, 228, 208, 76, 95, 192, 233, 26, 210, 33, 235, 301, 77, 23, 262, 359, 111, 58, 114, 126, 275, 176, 78, 87, 375, 40, 199, 123, 286, 50, 30, 311, 175, 223, 20, 206, 119, 288, 129, 313, 134, 338, 34, 193, 282, 170, 240, 308, 100, 65, 368, 147, 118, 127, 305, 41, 383, 132, 152, 259, 261, 280, 373, 67, 96, 232, 312, 102, 279, 318, 156, 218, 167, 246, 12, 300, 81, 106, 250, 274, 3, 316, 333, 73, 36, 90, 317, 125, 179, 381, 105, 182, 200, 371, 131, 153, 47, 292, 339, 68, 278, 155, 239, 253, 319, 349, 196, 384, 209, 1, 260, 356, 52, 252, 255, 386, 64, 244, 347, 89, 345, 388, 149, 269, 372, 161, 216, 387, 53, 204, 276, 362, 141, 242, 291, 370, 164, 243, 358, 365, 165, 212, 376, 151, 231, 325, 29, 350, 54, 248, 366, 377, 25, 343, 367, 174, 264, 8, 265, 59, 146, 256, 340, 86, 173, 299, 379, 10, 215, 237, 258, 296, 178, 342, 180, 230, 247, 307, 137, 194, 222, 251, 334, 185, 225, 281, 341, 122, 187, 257, 267, 346, 364, 211, 303, 326, 380, 221, 297, 309, 336, 45, 55, 241, 249, 224, 245, 254, 322, 369
../benchmark_instances/2023result/docs/solver/benchmark/random_instance/random_instance030_graph003.col	390	1170	-1	75
	Command being timed: "timeout 20m java -Xms1024g -Xmx1024g -Xss134m -cp pathwidth.jar Pathwidth ../benchmark_instances/2023result/docs/solver/benchmark/random_instance/random_instance030_graph003.col"
	User time (seconds): 0.82
	System time (seconds): 1.43
	Percent of CPU this job got: 119%
	Elapsed (wall clock) time (h:mm:ss or m:ss): 0:01.89
	Average shared text size (kbytes): 0
	Average unshared data size (kbytes): 0
	Average stack size (kbytes): 0
	Average total size (kbytes): 0
	Maximum resident set size (kbytes): 4854764
	Average resident set size (kbytes): 0
	Major (requiring I/O) page faults: 0
	Minor (reclaiming a frame) page faults: 136394
	Voluntary context switches: 3241
	Involuntary context switches: 4
	Swaps: 0
	File system inputs: 24
	File system outputs: 72
	Socket messages sent: 0
	Socket messages received: 0
	Signals delivered: 0
	Page size (bytes): 4096
	Exit status: 0
