../benchmark_instances/2023result/docs/solver/benchmark/random_instance/random_instance032_graph004.col
416
86, 241, 33, 111, 401, 257, 405, 15, 60, 115, 54, 320, 16, 119, 106, 233, 39, 166, 152, 138, 185, 109, 8, 196, 198, 252, 80, 311, 21, 143, 223, 22, 53, 61, 395, 388, 137, 156, 194, 200, 204, 219, 87, 168, 165, 278, 414, 122, 285, 277, 341, 264, 380, 249, 9, 364, 29, 220, 365, 242, 371, 43, 12, 377, 410, 332, 274, 244, 130, 35, 415, 378, 191, 2, 352, 71, 10, 17, 99, 193, 206, 284, 207, 208, 226, 221, 4, 222, 153, 174, 41, 67, 74, 98, 368, 123, 11, 287, 303, 228, 18, 376, 329, 275, 266, 25, 372, 84, 150, 225, 1, 114, 192, 232, 317, 402, 30, 59, 398, 214, 286, 77, 135, 36, 69, 154, 83, 258, 290, 318, 354, 102, 347, 104, 209, 276, 78, 190, 350, 397, 203, 131, 224, 259, 175, 136, 118, 76, 142, 195, 291, 6, 73, 140, 158, 147, 199, 253, 51, 267, 281, 107, 310, 324, 243, 331, 170, 409, 282, 340, 379, 403, 38, 112, 139, 82, 52, 141, 240, 301, 309, 335, 62, 205, 345, 49, 133, 100, 167, 247, 132, 298, 325, 186, 108, 369, 270, 407, 280, 27, 23, 349, 399, 55, 374, 127, 181, 180, 63, 57, 328, 64, 70, 326, 46, 189, 210, 251, 217, 3, 20, 32, 42, 26, 103, 110, 151, 7, 24, 316, 359, 94, 411, 37, 239, 45, 75, 113, 124, 400, 126, 386, 40, 366, 72, 358, 91, 149, 144, 101, 155, 48, 159, 187, 255, 56, 248, 323, 391, 88, 288, 95, 383, 157, 250, 128, 215, 236, 44, 272, 19, 125, 134, 90, 300, 161, 162, 283, 305, 171, 14, 408, 169, 261, 262, 0, 406, 34, 237, 351, 65, 294, 297, 342, 370, 92, 31, 367, 89, 394, 5, 384, 120, 179, 271, 339, 346, 68, 348, 396, 81, 216, 97, 273, 58, 176, 268, 375, 116, 260, 96, 263, 79, 212, 393, 129, 269, 148, 227, 390, 160, 172, 322, 361, 164, 146, 229, 333, 389, 173, 254, 295, 66, 121, 246, 404, 163, 213, 315, 85, 183, 218, 308, 312, 105, 336, 355, 356, 117, 292, 307, 177, 353, 382, 413, 182, 319, 412, 28, 93, 238, 13, 293, 47, 373, 381, 392, 145, 201, 235, 178, 197, 231, 302, 184, 360, 188, 230, 279, 299, 306, 344, 385, 202, 211, 289, 296, 334, 362, 50, 357, 363, 234, 256, 313, 314, 245, 265, 304, 343, 321, 327, 330, 337, 338, 387
../benchmark_instances/2023result/docs/solver/benchmark/random_instance/random_instance032_graph004.col	416	1248	-1	81
	Command being timed: "timeout 20m java -Xms1024g -Xmx1024g -Xss134m -cp pathwidth.jar Pathwidth ../benchmark_instances/2023result/docs/solver/benchmark/random_instance/random_instance032_graph004.col"
	User time (seconds): 0.82
	System time (seconds): 1.46
	Percent of CPU this job got: 119%
	Elapsed (wall clock) time (h:mm:ss or m:ss): 0:01.91
	Average shared text size (kbytes): 0
	Average unshared data size (kbytes): 0
	Average stack size (kbytes): 0
	Average total size (kbytes): 0
	Maximum resident set size (kbytes): 4837280
	Average resident set size (kbytes): 0
	Major (requiring I/O) page faults: 0
	Minor (reclaiming a frame) page faults: 135138
	Voluntary context switches: 3480
	Involuntary context switches: 37
	Swaps: 0
	File system inputs: 24
	File system outputs: 72
	Socket messages sent: 0
	Socket messages received: 0
	Signals delivered: 0
	Page size (bytes): 4096
	Exit status: 0
