../benchmark_instances/2023result/docs/solver/benchmark/random_instance/random_instance029_graph004.col
377
23, 81, 85, 339, 193, 71, 86, 126, 140, 169, 178, 196, 29, 341, 203, 351, 205, 103, 245, 266, 28, 340, 329, 90, 219, 290, 99, 123, 105, 285, 59, 165, 284, 109, 145, 373, 42, 49, 141, 257, 333, 55, 258, 267, 30, 50, 248, 200, 0, 166, 46, 66, 263, 187, 331, 337, 6, 116, 334, 22, 358, 271, 97, 62, 32, 163, 21, 188, 280, 281, 80, 237, 101, 191, 45, 111, 162, 197, 14, 34, 168, 170, 41, 183, 75, 225, 131, 156, 136, 76, 91, 194, 302, 1, 220, 249, 297, 270, 318, 319, 316, 330, 60, 262, 375, 159, 13, 355, 134, 78, 161, 241, 246, 362, 190, 84, 118, 243, 58, 287, 44, 274, 349, 367, 370, 374, 4, 369, 264, 94, 152, 342, 57, 139, 254, 216, 117, 212, 320, 360, 364, 3, 24, 52, 53, 172, 10, 133, 221, 239, 100, 242, 312, 154, 61, 150, 206, 238, 255, 5, 68, 125, 27, 72, 128, 155, 252, 92, 179, 213, 149, 175, 189, 192, 228, 153, 174, 310, 268, 171, 275, 26, 199, 308, 315, 272, 236, 121, 19, 38, 37, 74, 113, 104, 122, 167, 7, 148, 157, 173, 201, 365, 11, 20, 176, 70, 273, 16, 64, 317, 87, 222, 98, 292, 40, 289, 95, 177, 368, 83, 102, 326, 120, 359, 67, 69, 158, 124, 211, 107, 112, 132, 73, 164, 217, 88, 182, 314, 135, 209, 338, 144, 181, 2, 294, 56, 129, 372, 146, 232, 25, 151, 185, 115, 226, 35, 138, 335, 31, 253, 36, 301, 357, 17, 210, 43, 65, 77, 79, 110, 82, 311, 323, 106, 345, 119, 215, 307, 361, 127, 130, 288, 142, 304, 18, 321, 33, 229, 234, 235, 47, 233, 9, 259, 366, 12, 147, 247, 137, 231, 363, 143, 260, 160, 208, 224, 48, 250, 282, 114, 202, 327, 353, 180, 343, 354, 89, 328, 346, 15, 265, 356, 39, 269, 313, 325, 51, 186, 277, 344, 93, 306, 347, 195, 198, 324, 8, 54, 218, 348, 108, 230, 371, 204, 240, 279, 286, 299, 336, 184, 244, 261, 296, 96, 283, 295, 207, 278, 298, 309, 332, 214, 256, 293, 305, 322, 350, 352, 376, 63, 227, 251, 300, 223, 276, 291, 303
../benchmark_instances/2023result/docs/solver/benchmark/random_instance/random_instance029_graph004.col	377	1131	-1	76
	Command being timed: "timeout 20m java -Xms1024g -Xmx1024g -Xss134m -cp pathwidth.jar Pathwidth ../benchmark_instances/2023result/docs/solver/benchmark/random_instance/random_instance029_graph004.col"
	User time (seconds): 0.79
	System time (seconds): 1.48
	Percent of CPU this job got: 118%
	Elapsed (wall clock) time (h:mm:ss or m:ss): 0:01.91
	Average shared text size (kbytes): 0
	Average unshared data size (kbytes): 0
	Average stack size (kbytes): 0
	Average total size (kbytes): 0
	Maximum resident set size (kbytes): 4826196
	Average resident set size (kbytes): 0
	Major (requiring I/O) page faults: 0
	Minor (reclaiming a frame) page faults: 134904
	Voluntary context switches: 3353
	Involuntary context switches: 46
	Swaps: 0
	File system inputs: 24
	File system outputs: 72
	Socket messages sent: 0
	Socket messages received: 0
	Signals delivered: 0
	Page size (bytes): 4096
	Exit status: 0
