../benchmark_instances/2023result/docs/solver/benchmark/random_instance/random_instance013_graph003.col
169
6, 81, 156, 86, 168, 11, 105, 77, 19, 85, 70, 5, 74, 148, 3, 92, 9, 32, 164, 141, 166, 140, 62, 12, 111, 35, 88, 151, 57, 91, 130, 135, 29, 102, 54, 136, 22, 43, 7, 2, 16, 8, 26, 21, 13, 37, 63, 67, 79, 80, 83, 51, 50, 28, 112, 116, 120, 24, 106, 132, 61, 58, 157, 60, 75, 100, 113, 125, 134, 143, 0, 114, 123, 119, 41, 44, 42, 49, 131, 64, 150, 17, 68, 69, 55, 142, 144, 73, 127, 76, 82, 96, 93, 36, 52, 95, 15, 167, 20, 39, 154, 165, 14, 18, 104, 1, 65, 128, 27, 34, 108, 10, 158, 4, 56, 78, 124, 30, 118, 139, 161, 45, 98, 48, 71, 115, 122, 146, 149, 84, 38, 94, 107, 138, 162, 87, 110, 117, 133, 46, 103, 109, 147, 53, 129, 155, 66, 89, 101, 159, 25, 31, 99, 72, 90, 121, 33, 59, 160, 23, 137, 145, 152, 163, 40, 47, 97, 126, 153
../benchmark_instances/2023result/docs/solver/benchmark/random_instance/random_instance013_graph003.col	169	507	-1	39
	Command being timed: "timeout 20m java -Xms1024g -Xmx1024g -Xss134m -cp pathwidth.jar Pathwidth ../benchmark_instances/2023result/docs/solver/benchmark/random_instance/random_instance013_graph003.col"
	User time (seconds): 0.66
	System time (seconds): 1.45
	Percent of CPU this job got: 111%
	Elapsed (wall clock) time (h:mm:ss or m:ss): 0:01.89
	Average shared text size (kbytes): 0
	Average unshared data size (kbytes): 0
	Average stack size (kbytes): 0
	Average total size (kbytes): 0
	Maximum resident set size (kbytes): 4804736
	Average resident set size (kbytes): 0
	Major (requiring I/O) page faults: 0
	Minor (reclaiming a frame) page faults: 131239
	Voluntary context switches: 3461
	Involuntary context switches: 48
	Swaps: 0
	File system inputs: 16
	File system outputs: 72
	Socket messages sent: 0
	Socket messages received: 0
	Signals delivered: 0
	Page size (bytes): 4096
	Exit status: 0
