../benchmark_instances/2023result/docs/solver/benchmark/random_instance/random_instance007_graph002.col
91
33, 11, 54, 24, 71, 3, 7, 44, 46, 13, 15, 43, 10, 8, 82, 1, 49, 6, 17, 59, 5, 41, 19, 22, 70, 21, 36, 45, 35, 29, 63, 42, 84, 16, 74, 64, 65, 73, 86, 57, 28, 40, 23, 9, 31, 34, 39, 37, 4, 69, 72, 12, 18, 47, 68, 87, 0, 20, 58, 27, 30, 38, 50, 52, 80, 53, 2, 88, 55, 56, 85, 14, 25, 60, 67, 26, 66, 81, 32, 62, 78, 83, 48, 76, 89, 51, 61, 75, 77, 79, 90
../benchmark_instances/2023result/docs/solver/benchmark/random_instance/random_instance007_graph002.col	91	273	-1	27
	Command being timed: "timeout 20m java -Xms1024g -Xmx1024g -Xss134m -cp pathwidth.jar Pathwidth ../benchmark_instances/2023result/docs/solver/benchmark/random_instance/random_instance007_graph002.col"
	User time (seconds): 0.58
	System time (seconds): 1.41
	Percent of CPU this job got: 108%
	Elapsed (wall clock) time (h:mm:ss or m:ss): 0:01.85
	Average shared text size (kbytes): 0
	Average unshared data size (kbytes): 0
	Average stack size (kbytes): 0
	Average total size (kbytes): 0
	Maximum resident set size (kbytes): 4795944
	Average resident set size (kbytes): 0
	Major (requiring I/O) page faults: 0
	Minor (reclaiming a frame) page faults: 131206
	Voluntary context switches: 2578
	Involuntary context switches: 35
	Swaps: 0
	File system inputs: 8
	File system outputs: 72
	Socket messages sent: 0
	Socket messages received: 0
	Signals delivered: 0
	Page size (bytes): 4096
	Exit status: 0
