../benchmark_instances/2023result/docs/solver/benchmark/random_instance/random_instance006_graph004.col
78
26, 47, 3, 41, 55, 71, 1, 13, 12, 7, 16, 27, 19, 24, 18, 28, 48, 52, 8, 21, 74, 32, 73, 76, 38, 39, 54, 65, 69, 34, 64, 9, 11, 53, 36, 68, 2, 20, 31, 46, 6, 35, 17, 30, 29, 61, 0, 10, 44, 14, 77, 4, 15, 51, 59, 22, 56, 62, 23, 33, 43, 45, 70, 5, 37, 42, 49, 75, 25, 63, 66, 72, 40, 50, 57, 58, 60, 67
../benchmark_instances/2023result/docs/solver/benchmark/random_instance/random_instance006_graph004.col	78	234	-1	24
	Command being timed: "timeout 20m java -Xms1024g -Xmx1024g -Xss134m -cp pathwidth.jar Pathwidth ../benchmark_instances/2023result/docs/solver/benchmark/random_instance/random_instance006_graph004.col"
	User time (seconds): 0.54
	System time (seconds): 1.43
	Percent of CPU this job got: 107%
	Elapsed (wall clock) time (h:mm:ss or m:ss): 0:01.85
	Average shared text size (kbytes): 0
	Average unshared data size (kbytes): 0
	Average stack size (kbytes): 0
	Average total size (kbytes): 0
	Maximum resident set size (kbytes): 4797200
	Average resident set size (kbytes): 0
	Major (requiring I/O) page faults: 0
	Minor (reclaiming a frame) page faults: 131163
	Voluntary context switches: 2406
	Involuntary context switches: 32
	Swaps: 0
	File system inputs: 8
	File system outputs: 72
	Socket messages sent: 0
	Socket messages received: 0
	Signals delivered: 0
	Page size (bytes): 4096
	Exit status: 0
