../benchmark_instances/2023result/docs/solver/benchmark/random_instance/random_instance011_graph004.col
143
0, 2, 98, 99, 57, 130, 86, 117, 89, 97, 102, 68, 80, 65, 19, 11, 48, 10, 14, 52, 82, 83, 41, 141, 138, 39, 28, 46, 131, 70, 58, 75, 77, 93, 36, 13, 61, 6, 125, 12, 123, 29, 7, 34, 60, 54, 16, 38, 40, 47, 49, 66, 91, 26, 134, 105, 101, 3, 20, 116, 64, 18, 56, 63, 35, 139, 62, 24, 103, 104, 53, 78, 25, 51, 50, 1, 9, 44, 118, 15, 135, 31, 43, 45, 100, 55, 76, 79, 17, 21, 32, 81, 23, 109, 22, 120, 69, 127, 4, 132, 42, 95, 111, 114, 8, 107, 122, 137, 5, 92, 94, 96, 110, 112, 128, 30, 59, 129, 37, 72, 115, 142, 67, 124, 133, 27, 74, 121, 126, 140, 33, 88, 106, 71, 84, 87, 108, 119, 136, 73, 85, 90, 113
../benchmark_instances/2023result/docs/solver/benchmark/random_instance/random_instance011_graph004.col	143	429	-1	35
	Command being timed: "timeout 20m java -Xms1024g -Xmx1024g -Xss134m -cp pathwidth.jar Pathwidth ../benchmark_instances/2023result/docs/solver/benchmark/random_instance/random_instance011_graph004.col"
	User time (seconds): 0.65
	System time (seconds): 1.43
	Percent of CPU this job got: 111%
	Elapsed (wall clock) time (h:mm:ss or m:ss): 0:01.88
	Average shared text size (kbytes): 0
	Average unshared data size (kbytes): 0
	Average stack size (kbytes): 0
	Average total size (kbytes): 0
	Maximum resident set size (kbytes): 4798084
	Average resident set size (kbytes): 0
	Major (requiring I/O) page faults: 0
	Minor (reclaiming a frame) page faults: 131510
	Voluntary context switches: 2909
	Involuntary context switches: 34
	Swaps: 0
	File system inputs: 8
	File system outputs: 72
	Socket messages sent: 0
	Socket messages received: 0
	Signals delivered: 0
	Page size (bytes): 4096
	Exit status: 0
