../benchmark_instances/2023result/docs/solver/benchmark/random_instance/random_instance003_graph001.col
39
13, 20, 33, 2, 6, 15, 21, 37, 27, 30, 0, 16, 11, 24, 29, 31, 35, 34, 19, 9, 38, 10, 12, 14, 22, 26, 1, 36, 3, 8, 28, 7, 4, 5, 17, 18, 23, 25, 32
../benchmark_instances/2023result/docs/solver/benchmark/random_instance/random_instance003_graph001.col	39	117	-1	21
	Command being timed: "timeout 20m java -Xms1024g -Xmx1024g -Xss134m -cp pathwidth.jar Pathwidth ../benchmark_instances/2023result/docs/solver/benchmark/random_instance/random_instance003_graph001.col"
	User time (seconds): 0.53
	System time (seconds): 1.43
	Percent of CPU this job got: 106%
	Elapsed (wall clock) time (h:mm:ss or m:ss): 0:01.84
	Average shared text size (kbytes): 0
	Average unshared data size (kbytes): 0
	Average stack size (kbytes): 0
	Average total size (kbytes): 0
	Maximum resident set size (kbytes): 4795212
	Average resident set size (kbytes): 0
	Major (requiring I/O) page faults: 0
	Minor (reclaiming a frame) page faults: 131165
	Voluntary context switches: 2385
	Involuntary context switches: 31
	Swaps: 0
	File system inputs: 8
	File system outputs: 72
	Socket messages sent: 0
	Socket messages received: 0
	Signals delivered: 0
	Page size (bytes): 4096
	Exit status: 0
