../benchmark_instances/2023result/docs/solver/benchmark/random_instance/random_instance001_graph005.col
13
8, 7, 2, 5, 10, 0, 4, 12, 1, 3, 6, 9, 11
../benchmark_instances/2023result/docs/solver/benchmark/random_instance/random_instance001_graph005.col	13	39	-1	19
	Command being timed: "timeout 20m java -Xms1024g -Xmx1024g -Xss134m -cp pathwidth.jar Pathwidth ../benchmark_instances/2023result/docs/solver/benchmark/random_instance/random_instance001_graph005.col"
	User time (seconds): 0.54
	System time (seconds): 1.39
	Percent of CPU this job got: 106%
	Elapsed (wall clock) time (h:mm:ss or m:ss): 0:01.82
	Average shared text size (kbytes): 0
	Average unshared data size (kbytes): 0
	Average stack size (kbytes): 0
	Average total size (kbytes): 0
	Maximum resident set size (kbytes): 4793120
	Average resident set size (kbytes): 0
	Major (requiring I/O) page faults: 0
	Minor (reclaiming a frame) page faults: 130699
	Voluntary context switches: 2342
	Involuntary context switches: 7
	Swaps: 0
	File system inputs: 8
	File system outputs: 72
	Socket messages sent: 0
	Socket messages received: 0
	Signals delivered: 0
	Page size (bytes): 4096
	Exit status: 0
