../benchmark_instances/2023result/docs/solver/benchmark/random_instance/random_instance032_graph002.col
416
6, 55, 181, 166, 314, 353, 361, 376, 1, 273, 7, 128, 26, 18, 301, 54, 60, 313, 333, 34, 35, 382, 22, 64, 268, 337, 86, 103, 16, 119, 68, 114, 172, 169, 351, 133, 134, 290, 381, 21, 58, 389, 159, 80, 300, 409, 111, 321, 208, 251, 25, 123, 250, 291, 407, 177, 155, 168, 202, 235, 63, 48, 352, 129, 196, 212, 275, 117, 120, 278, 243, 282, 298, 113, 12, 106, 222, 112, 336, 207, 242, 403, 203, 311, 200, 205, 255, 179, 234, 408, 174, 260, 23, 249, 276, 71, 52, 325, 173, 342, 346, 126, 284, 19, 404, 137, 253, 218, 83, 182, 328, 73, 262, 414, 350, 74, 3, 97, 91, 44, 279, 362, 121, 261, 142, 147, 125, 66, 135, 27, 13, 252, 9, 43, 178, 160, 165, 371, 323, 394, 364, 400, 29, 77, 327, 38, 78, 145, 292, 344, 45, 53, 62, 236, 245, 85, 272, 82, 308, 310, 356, 46, 143, 153, 93, 124, 265, 157, 184, 285, 303, 140, 183, 240, 146, 49, 230, 257, 266, 286, 154, 320, 377, 75, 115, 50, 89, 293, 322, 324, 2, 14, 204, 214, 390, 17, 84, 329, 28, 108, 116, 138, 148, 163, 402, 161, 5, 59, 378, 107, 167, 122, 61, 189, 198, 338, 201, 217, 259, 238, 258, 65, 88, 24, 94, 99, 15, 31, 227, 391, 42, 176, 33, 104, 360, 392, 136, 349, 139, 144, 149, 372, 406, 150, 151, 369, 95, 239, 110, 162, 341, 0, 379, 56, 79, 11, 366, 30, 81, 195, 270, 388, 152, 156, 375, 105, 316, 8, 130, 228, 345, 76, 158, 32, 185, 40, 187, 188, 267, 67, 318, 411, 57, 244, 4, 248, 70, 37, 295, 348, 20, 51, 340, 47, 226, 90, 193, 72, 164, 96, 170, 102, 326, 118, 171, 209, 398, 87, 271, 383, 10, 312, 363, 100, 210, 127, 216, 263, 287, 288, 302, 101, 241, 306, 380, 131, 219, 410, 141, 213, 237, 370, 39, 92, 277, 109, 274, 69, 367, 186, 269, 280, 294, 304, 385, 190, 229, 246, 359, 401, 191, 297, 332, 384, 192, 194, 220, 317, 197, 215, 247, 283, 397, 41, 223, 264, 355, 413, 36, 319, 357, 386, 132, 305, 199, 225, 307, 315, 175, 296, 358, 368, 387, 206, 299, 347, 374, 393, 98, 232, 254, 281, 395, 415, 180, 289, 330, 343, 211, 256, 335, 354, 373, 221, 231, 233, 224, 331, 365, 396, 399, 405, 412, 309, 334, 339
../benchmark_instances/2023result/docs/solver/benchmark/random_instance/random_instance032_graph002.col	416	1248	-1	82
	Command being timed: "timeout 20m java -Xms1024g -Xmx1024g -Xss134m -cp pathwidth.jar Pathwidth ../benchmark_instances/2023result/docs/solver/benchmark/random_instance/random_instance032_graph002.col"
	User time (seconds): 0.80
	System time (seconds): 1.45
	Percent of CPU this job got: 118%
	Elapsed (wall clock) time (h:mm:ss or m:ss): 0:01.90
	Average shared text size (kbytes): 0
	Average unshared data size (kbytes): 0
	Average stack size (kbytes): 0
	Average total size (kbytes): 0
	Maximum resident set size (kbytes): 4834344
	Average resident set size (kbytes): 0
	Major (requiring I/O) page faults: 0
	Minor (reclaiming a frame) page faults: 134142
	Voluntary context switches: 3932
	Involuntary context switches: 15
	Swaps: 0
	File system inputs: 24
	File system outputs: 72
	Socket messages sent: 0
	Socket messages received: 0
	Signals delivered: 0
	Page size (bytes): 4096
	Exit status: 0
