../benchmark_instances/2023result/docs/solver/benchmark/random_instance/random_instance002_graph002.col
26
0, 1, 4, 19, 16, 6, 12, 7, 25, 24, 8, 9, 5, 11, 13, 18, 23, 2, 3, 10, 14, 15, 17, 20, 21, 22
../benchmark_instances/2023result/docs/solver/benchmark/random_instance/random_instance002_graph002.col	26	78	-1	21
	Command being timed: "timeout 20m java -Xms1024g -Xmx1024g -Xss134m -cp pathwidth.jar Pathwidth ../benchmark_instances/2023result/docs/solver/benchmark/random_instance/random_instance002_graph002.col"
	User time (seconds): 0.52
	System time (seconds): 1.43
	Percent of CPU this job got: 106%
	Elapsed (wall clock) time (h:mm:ss or m:ss): 0:01.84
	Average shared text size (kbytes): 0
	Average unshared data size (kbytes): 0
	Average stack size (kbytes): 0
	Average total size (kbytes): 0
	Maximum resident set size (kbytes): 4794164
	Average resident set size (kbytes): 0
	Major (requiring I/O) page faults: 0
	Minor (reclaiming a frame) page faults: 130862
	Voluntary context switches: 2381
	Involuntary context switches: 5
	Swaps: 0
	File system inputs: 8
	File system outputs: 72
	Socket messages sent: 0
	Socket messages received: 0
	Signals delivered: 0
	Page size (bytes): 4096
	Exit status: 0
