../benchmark_instances/2023result/docs/solver/benchmark/random_instance/random_instance033_graph001.col
429
115, 244, 50, 71, 80, 323, 107, 161, 246, 271, 386, 390, 397, 6, 17, 24, 280, 315, 62, 36, 53, 123, 132, 252, 186, 373, 57, 258, 89, 43, 297, 134, 122, 130, 359, 44, 127, 170, 290, 129, 263, 298, 125, 126, 342, 124, 144, 69, 133, 222, 136, 228, 308, 389, 420, 66, 77, 206, 341, 363, 396, 78, 150, 0, 375, 234, 283, 3, 295, 293, 64, 173, 195, 211, 267, 197, 250, 231, 201, 268, 284, 208, 310, 10, 194, 353, 176, 48, 369, 371, 67, 109, 423, 84, 101, 5, 149, 166, 311, 398, 300, 266, 83, 119, 168, 55, 163, 2, 108, 209, 214, 220, 18, 365, 139, 302, 404, 121, 274, 383, 411, 8, 40, 96, 226, 207, 362, 13, 39, 348, 428, 344, 93, 294, 98, 251, 376, 46, 99, 131, 11, 326, 321, 61, 334, 73, 335, 137, 354, 395, 406, 110, 145, 328, 167, 120, 410, 95, 172, 181, 217, 270, 339, 276, 56, 60, 240, 198, 292, 307, 324, 325, 230, 332, 193, 203, 278, 333, 225, 394, 153, 265, 346, 357, 113, 106, 92, 221, 286, 202, 91, 329, 79, 70, 422, 111, 179, 164, 81, 85, 4, 135, 138, 184, 16, 49, 210, 205, 215, 216, 224, 58, 159, 177, 245, 254, 27, 407, 76, 15, 100, 114, 306, 380, 117, 146, 148, 45, 425, 59, 25, 28, 41, 42, 178, 97, 160, 366, 384, 418, 12, 140, 30, 47, 94, 412, 31, 387, 102, 349, 105, 257, 156, 238, 175, 279, 313, 356, 38, 82, 32, 154, 14, 374, 26, 227, 273, 22, 400, 51, 187, 399, 103, 155, 218, 20, 54, 68, 128, 281, 322, 360, 33, 378, 87, 320, 142, 143, 151, 253, 415, 29, 199, 304, 162, 351, 385, 7, 264, 277, 118, 414, 37, 364, 165, 249, 413, 427, 180, 182, 9, 219, 340, 1, 403, 35, 75, 242, 291, 309, 424, 52, 63, 192, 392, 65, 204, 282, 318, 352, 379, 426, 21, 367, 19, 235, 260, 261, 23, 212, 239, 272, 72, 317, 331, 388, 421, 74, 243, 316, 382, 88, 152, 185, 405, 171, 188, 147, 191, 223, 247, 285, 330, 350, 368, 112, 116, 232, 345, 401, 174, 183, 312, 196, 229, 255, 301, 336, 377, 213, 338, 358, 372, 158, 237, 256, 269, 86, 190, 241, 314, 233, 402, 157, 259, 381, 417, 419, 200, 236, 319, 34, 296, 347, 393, 189, 262, 303, 391, 104, 343, 370, 248, 299, 409, 90, 305, 408, 169, 361, 141, 287, 289, 327, 416, 275, 288, 337, 355
../benchmark_instances/2023result/docs/solver/benchmark/random_instance/random_instance033_graph001.col	429	1287	-1	85
	Command being timed: "timeout 20m java -Xms1024g -Xmx1024g -Xss134m -cp pathwidth.jar Pathwidth ../benchmark_instances/2023result/docs/solver/benchmark/random_instance/random_instance033_graph001.col"
	User time (seconds): 0.84
	System time (seconds): 1.43
	Percent of CPU this job got: 118%
	Elapsed (wall clock) time (h:mm:ss or m:ss): 0:01.91
	Average shared text size (kbytes): 0
	Average unshared data size (kbytes): 0
	Average stack size (kbytes): 0
	Average total size (kbytes): 0
	Maximum resident set size (kbytes): 4840508
	Average resident set size (kbytes): 0
	Major (requiring I/O) page faults: 0
	Minor (reclaiming a frame) page faults: 134377
	Voluntary context switches: 3513
	Involuntary context switches: 9
	Swaps: 0
	File system inputs: 24
	File system outputs: 72
	Socket messages sent: 0
	Socket messages received: 0
	Signals delivered: 0
	Page size (bytes): 4096
	Exit status: 0
