../benchmark_instances/2023result/docs/solver/benchmark/random_instance/random_instance034_graph004.col
442
4, 66, 96, 436, 32, 33, 56, 65, 92, 15, 125, 97, 367, 308, 384, 111, 103, 121, 28, 271, 334, 31, 29, 383, 131, 126, 145, 158, 171, 433, 73, 42, 243, 104, 277, 292, 107, 102, 106, 245, 204, 339, 406, 85, 380, 293, 88, 83, 273, 12, 168, 286, 124, 177, 208, 255, 326, 418, 191, 423, 324, 240, 346, 36, 289, 387, 18, 231, 6, 377, 95, 228, 20, 64, 224, 263, 280, 298, 151, 275, 259, 330, 319, 55, 100, 186, 253, 189, 122, 156, 207, 114, 82, 238, 399, 249, 27, 170, 75, 296, 356, 120, 287, 152, 316, 365, 110, 154, 99, 402, 25, 332, 309, 37, 246, 52, 389, 413, 8, 220, 407, 395, 425, 10, 54, 39, 426, 172, 317, 53, 61, 260, 267, 381, 405, 160, 116, 262, 268, 437, 13, 139, 190, 173, 128, 252, 327, 49, 60, 167, 118, 80, 129, 256, 341, 185, 410, 415, 428, 135, 234, 272, 218, 281, 176, 300, 351, 379, 376, 5, 137, 35, 195, 63, 72, 214, 217, 216, 0, 165, 162, 209, 266, 196, 157, 76, 146, 30, 192, 227, 74, 269, 77, 44, 303, 143, 169, 178, 230, 242, 23, 133, 279, 212, 284, 299, 297, 401, 78, 347, 62, 403, 45, 46, 394, 159, 187, 205, 302, 163, 197, 232, 87, 328, 70, 211, 373, 132, 421, 16, 117, 148, 193, 400, 101, 38, 68, 257, 40, 276, 79, 414, 59, 7, 361, 19, 198, 81, 14, 91, 98, 391, 108, 294, 307, 432, 22, 183, 261, 2, 89, 385, 119, 11, 134, 141, 354, 47, 84, 223, 338, 86, 213, 374, 409, 150, 174, 315, 164, 142, 166, 181, 202, 188, 337, 438, 50, 21, 203, 440, 1, 241, 136, 94, 355, 57, 350, 109, 398, 115, 182, 194, 155, 222, 396, 417, 184, 24, 283, 314, 26, 429, 43, 312, 393, 113, 219, 250, 424, 34, 318, 320, 9, 67, 175, 392, 130, 233, 364, 369, 144, 48, 370, 439, 140, 305, 435, 17, 147, 149, 179, 329, 431, 199, 254, 304, 201, 244, 412, 221, 427, 3, 93, 127, 138, 368, 378, 434, 153, 295, 58, 235, 353, 404, 71, 333, 372, 90, 344, 180, 310, 323, 210, 237, 301, 345, 225, 388, 390, 226, 229, 264, 386, 416, 161, 239, 342, 422, 206, 420, 236, 352, 366, 419, 441, 247, 51, 311, 358, 123, 258, 322, 335, 382, 69, 362, 41, 278, 357, 359, 105, 336, 363, 397, 200, 215, 285, 306, 343, 408, 248, 251, 265, 282, 288, 360, 430, 270, 340, 375, 112, 291, 325, 348, 371, 274, 290, 313, 321, 331, 349, 411
../benchmark_instances/2023result/docs/solver/benchmark/random_instance/random_instance034_graph004.col	442	1326	-1	88
	Command being timed: "timeout 20m java -Xms1024g -Xmx1024g -Xss134m -cp pathwidth.jar Pathwidth ../benchmark_instances/2023result/docs/solver/benchmark/random_instance/random_instance034_graph004.col"
	User time (seconds): 0.83
	System time (seconds): 1.46
	Percent of CPU this job got: 119%
	Elapsed (wall clock) time (h:mm:ss or m:ss): 0:01.92
	Average shared text size (kbytes): 0
	Average unshared data size (kbytes): 0
	Average stack size (kbytes): 0
	Average total size (kbytes): 0
	Maximum resident set size (kbytes): 4842372
	Average resident set size (kbytes): 0
	Major (requiring I/O) page faults: 0
	Minor (reclaiming a frame) page faults: 135719
	Voluntary context switches: 3911
	Involuntary context switches: 12
	Swaps: 0
	File system inputs: 32
	File system outputs: 72
	Socket messages sent: 0
	Socket messages received: 0
	Signals delivered: 0
	Page size (bytes): 4096
	Exit status: 0
