../benchmark_instances/2023result/docs/solver/benchmark/random_instance/random_instance008_graph003.col
104
27, 18, 6, 40, 91, 16, 4, 10, 5, 41, 53, 70, 77, 7, 26, 92, 74, 66, 85, 38, 8, 81, 15, 3, 14, 22, 64, 25, 78, 20, 46, 28, 86, 87, 95, 97, 56, 34, 58, 52, 84, 76, 11, 55, 82, 101, 44, 72, 83, 100, 42, 47, 33, 49, 65, 60, 1, 29, 99, 9, 23, 39, 61, 63, 94, 35, 50, 13, 90, 31, 17, 43, 21, 57, 0, 30, 2, 12, 24, 51, 68, 96, 98, 36, 62, 37, 71, 80, 19, 48, 54, 59, 89, 103, 32, 67, 75, 79, 102, 45, 69, 73, 88, 93
../benchmark_instances/2023result/docs/solver/benchmark/random_instance/random_instance008_graph003.col	104	312	-1	28
	Command being timed: "timeout 20m java -Xms1024g -Xmx1024g -Xss134m -cp pathwidth.jar Pathwidth ../benchmark_instances/2023result/docs/solver/benchmark/random_instance/random_instance008_graph003.col"
	User time (seconds): 0.60
	System time (seconds): 1.42
	Percent of CPU this job got: 109%
	Elapsed (wall clock) time (h:mm:ss or m:ss): 0:01.84
	Average shared text size (kbytes): 0
	Average unshared data size (kbytes): 0
	Average stack size (kbytes): 0
	Average total size (kbytes): 0
	Maximum resident set size (kbytes): 4798184
	Average resident set size (kbytes): 0
	Major (requiring I/O) page faults: 0
	Minor (reclaiming a frame) page faults: 131913
	Voluntary context switches: 2698
	Involuntary context switches: 8
	Swaps: 0
	File system inputs: 8
	File system outputs: 72
	Socket messages sent: 0
	Socket messages received: 0
	Signals delivered: 0
	Page size (bytes): 4096
	Exit status: 0
