../benchmark_instances/2023result/docs/solver/benchmark/random_instance/random_instance019_graph004.col
247
65, 45, 152, 206, 2, 15, 24, 49, 76, 51, 3, 100, 148, 163, 53, 198, 22, 229, 35, 151, 32, 200, 217, 219, 30, 212, 71, 84, 86, 87, 141, 140, 138, 42, 188, 0, 189, 7, 25, 73, 162, 117, 126, 13, 139, 17, 120, 103, 46, 174, 58, 115, 240, 124, 31, 101, 128, 243, 130, 27, 61, 193, 43, 63, 133, 144, 221, 4, 179, 154, 5, 11, 82, 116, 165, 204, 134, 111, 108, 131, 74, 95, 183, 26, 40, 242, 38, 146, 156, 178, 33, 161, 197, 136, 39, 119, 68, 81, 62, 210, 20, 113, 19, 127, 142, 112, 135, 182, 34, 16, 160, 57, 23, 72, 85, 129, 54, 1, 12, 37, 78, 92, 64, 96, 9, 29, 171, 8, 102, 121, 47, 50, 67, 77, 215, 21, 80, 236, 48, 36, 70, 99, 123, 153, 104, 41, 170, 52, 155, 199, 232, 94, 107, 97, 114, 194, 66, 201, 93, 69, 190, 208, 90, 110, 187, 98, 158, 172, 214, 10, 75, 224, 245, 14, 105, 6, 180, 181, 228, 55, 89, 195, 203, 211, 118, 60, 157, 246, 132, 202, 237, 137, 83, 44, 59, 209, 88, 145, 231, 106, 164, 167, 235, 79, 147, 207, 227, 109, 159, 176, 185, 218, 125, 191, 213, 223, 238, 18, 177, 220, 91, 143, 166, 56, 216, 149, 168, 196, 222, 28, 230, 234, 150, 192, 205, 239, 244, 122, 169, 173, 175, 184, 225, 226, 186, 233, 241
../benchmark_instances/2023result/docs/solver/benchmark/random_instance/random_instance019_graph004.col	247	741	-1	50
	Command being timed: "timeout 20m java -Xms1024g -Xmx1024g -Xss134m -cp pathwidth.jar Pathwidth ../benchmark_instances/2023result/docs/solver/benchmark/random_instance/random_instance019_graph004.col"
	User time (seconds): 0.68
	System time (seconds): 1.45
	Percent of CPU this job got: 113%
	Elapsed (wall clock) time (h:mm:ss or m:ss): 0:01.88
	Average shared text size (kbytes): 0
	Average unshared data size (kbytes): 0
	Average stack size (kbytes): 0
	Average total size (kbytes): 0
	Maximum resident set size (kbytes): 4824860
	Average resident set size (kbytes): 0
	Major (requiring I/O) page faults: 0
	Minor (reclaiming a frame) page faults: 132987
	Voluntary context switches: 3215
	Involuntary context switches: 39
	Swaps: 0
	File system inputs: 16
	File system outputs: 72
	Socket messages sent: 0
	Socket messages received: 0
	Signals delivered: 0
	Page size (bytes): 4096
	Exit status: 0
