../benchmark_instances/2023result/docs/solver/benchmark/random_instance/random_instance003_graph005.col
39
28, 4, 9, 17, 15, 10, 23, 3, 11, 24, 0, 31, 12, 35, 1, 7, 36, 38, 13, 16, 2, 27, 14, 21, 25, 32, 34, 18, 30, 5, 19, 26, 33, 6, 8, 20, 22, 29, 37
../benchmark_instances/2023result/docs/solver/benchmark/random_instance/random_instance003_graph005.col	39	117	-1	21
	Command being timed: "timeout 20m java -Xms1024g -Xmx1024g -Xss134m -cp pathwidth.jar Pathwidth ../benchmark_instances/2023result/docs/solver/benchmark/random_instance/random_instance003_graph005.col"
	User time (seconds): 0.54
	System time (seconds): 1.41
	Percent of CPU this job got: 106%
	Elapsed (wall clock) time (h:mm:ss or m:ss): 0:01.83
	Average shared text size (kbytes): 0
	Average unshared data size (kbytes): 0
	Average stack size (kbytes): 0
	Average total size (kbytes): 0
	Maximum resident set size (kbytes): 4795156
	Average resident set size (kbytes): 0
	Major (requiring I/O) page faults: 0
	Minor (reclaiming a frame) page faults: 131241
	Voluntary context switches: 2375
	Involuntary context switches: 3
	Swaps: 0
	File system inputs: 8
	File system outputs: 72
	Socket messages sent: 0
	Socket messages received: 0
	Signals delivered: 0
	Page size (bytes): 4096
	Exit status: 0
