../benchmark_instances/2023result/docs/solver/benchmark/random_instance/random_instance029_graph002.col
377
112, 125, 345, 10, 44, 45, 158, 61, 62, 97, 16, 101, 119, 120, 110, 197, 200, 208, 266, 223, 30, 5, 161, 248, 37, 56, 155, 80, 35, 199, 339, 59, 293, 277, 24, 117, 137, 359, 34, 165, 307, 86, 322, 235, 90, 149, 172, 143, 27, 67, 12, 70, 74, 236, 39, 54, 53, 203, 245, 243, 96, 102, 336, 107, 146, 1, 185, 227, 242, 17, 159, 111, 267, 84, 147, 368, 11, 167, 33, 43, 305, 68, 38, 42, 123, 93, 4, 127, 334, 135, 92, 347, 32, 91, 72, 225, 319, 351, 202, 106, 64, 160, 273, 22, 232, 228, 352, 77, 259, 134, 186, 8, 288, 131, 331, 78, 115, 57, 3, 230, 295, 321, 362, 176, 369, 214, 224, 229, 281, 156, 306, 342, 14, 315, 292, 358, 332, 256, 365, 244, 262, 355, 71, 98, 132, 325, 317, 7, 104, 213, 234, 237, 335, 85, 211, 94, 314, 343, 48, 346, 47, 166, 26, 63, 349, 173, 191, 357, 36, 201, 207, 326, 218, 162, 99, 20, 105, 128, 29, 75, 198, 6, 19, 25, 66, 108, 126, 89, 140, 209, 51, 275, 2, 168, 341, 142, 0, 170, 116, 179, 122, 113, 278, 15, 189, 65, 150, 258, 23, 31, 18, 49, 192, 252, 46, 196, 41, 103, 58, 76, 81, 210, 303, 13, 21, 238, 272, 69, 285, 340, 73, 313, 52, 109, 215, 356, 121, 269, 40, 129, 60, 139, 206, 144, 83, 260, 333, 88, 182, 82, 138, 133, 136, 373, 79, 263, 28, 95, 204, 375, 141, 367, 145, 152, 294, 302, 350, 360, 87, 255, 118, 257, 153, 289, 329, 157, 130, 188, 297, 163, 247, 337, 366, 164, 261, 364, 50, 175, 205, 217, 250, 310, 171, 226, 177, 290, 361, 178, 249, 254, 323, 180, 187, 194, 148, 253, 271, 286, 301, 183, 239, 240, 100, 309, 311, 348, 353, 114, 324, 374, 124, 241, 251, 9, 283, 151, 181, 195, 280, 318, 327, 354, 372, 154, 231, 298, 169, 264, 270, 284, 330, 174, 312, 328, 363, 376, 190, 216, 184, 221, 274, 291, 304, 193, 220, 282, 212, 219, 276, 287, 299, 338, 222, 308, 55, 246, 279, 300, 371, 233, 265, 344, 370, 268, 296, 316, 320
../benchmark_instances/2023result/docs/solver/benchmark/random_instance/random_instance029_graph002.col	377	1131	-1	71
	Command being timed: "timeout 20m java -Xms1024g -Xmx1024g -Xss134m -cp pathwidth.jar Pathwidth ../benchmark_instances/2023result/docs/solver/benchmark/random_instance/random_instance029_graph002.col"
	User time (seconds): 0.80
	System time (seconds): 1.45
	Percent of CPU this job got: 119%
	Elapsed (wall clock) time (h:mm:ss or m:ss): 0:01.89
	Average shared text size (kbytes): 0
	Average unshared data size (kbytes): 0
	Average stack size (kbytes): 0
	Average total size (kbytes): 0
	Maximum resident set size (kbytes): 4829608
	Average resident set size (kbytes): 0
	Major (requiring I/O) page faults: 0
	Minor (reclaiming a frame) page faults: 135938
	Voluntary context switches: 3507
	Involuntary context switches: 12
	Swaps: 0
	File system inputs: 24
	File system outputs: 72
	Socket messages sent: 0
	Socket messages received: 0
	Signals delivered: 0
	Page size (bytes): 4096
	Exit status: 0
