../benchmark_instances/2023result/docs/solver/benchmark/random_instance/random_instance017_graph003.col
221
29, 60, 62, 0, 50, 69, 71, 45, 77, 90, 93, 131, 146, 109, 41, 52, 100, 57, 197, 194, 25, 26, 98, 127, 126, 145, 150, 170, 97, 47, 119, 122, 102, 172, 164, 130, 193, 199, 44, 171, 9, 79, 38, 49, 76, 82, 21, 78, 134, 186, 95, 212, 141, 189, 28, 54, 24, 43, 121, 207, 33, 85, 124, 103, 128, 132, 191, 67, 75, 178, 18, 133, 185, 4, 55, 219, 5, 6, 7, 35, 118, 159, 182, 108, 84, 89, 196, 106, 187, 65, 94, 87, 166, 160, 214, 123, 48, 120, 156, 161, 162, 30, 51, 74, 101, 72, 19, 138, 10, 88, 20, 61, 39, 220, 1, 32, 34, 116, 211, 3, 2, 144, 177, 204, 13, 40, 59, 91, 192, 205, 11, 68, 155, 80, 86, 142, 37, 129, 181, 195, 58, 165, 70, 215, 96, 180, 64, 113, 217, 31, 152, 190, 208, 23, 22, 8, 135, 218, 66, 42, 168, 81, 104, 136, 157, 158, 83, 99, 151, 17, 125, 206, 36, 167, 12, 53, 107, 92, 154, 46, 139, 143, 183, 73, 140, 153, 201, 209, 210, 56, 115, 149, 175, 216, 15, 16, 112, 105, 147, 198, 200, 27, 117, 174, 176, 188, 213, 63, 110, 137, 169, 179, 111, 148, 184, 202, 14, 114, 163, 173, 203
../benchmark_instances/2023result/docs/solver/benchmark/random_instance/random_instance017_graph003.col	221	663	-1	49
	Command being timed: "timeout 20m java -Xms1024g -Xmx1024g -Xss134m -cp pathwidth.jar Pathwidth ../benchmark_instances/2023result/docs/solver/benchmark/random_instance/random_instance017_graph003.col"
	User time (seconds): 0.71
	System time (seconds): 1.44
	Percent of CPU this job got: 113%
	Elapsed (wall clock) time (h:mm:ss or m:ss): 0:01.89
	Average shared text size (kbytes): 0
	Average unshared data size (kbytes): 0
	Average stack size (kbytes): 0
	Average total size (kbytes): 0
	Maximum resident set size (kbytes): 4809308
	Average resident set size (kbytes): 0
	Major (requiring I/O) page faults: 0
	Minor (reclaiming a frame) page faults: 132439
	Voluntary context switches: 3459
	Involuntary context switches: 46
	Swaps: 0
	File system inputs: 16
	File system outputs: 72
	Socket messages sent: 0
	Socket messages received: 0
	Signals delivered: 0
	Page size (bytes): 4096
	Exit status: 0
