../benchmark_instances/2023result/docs/solver/benchmark/random_instance/random_instance021_graph003.col
273
156, 194, 212, 22, 31, 11, 36, 37, 50, 200, 68, 33, 69, 4, 100, 125, 266, 109, 45, 63, 21, 74, 0, 80, 214, 14, 113, 66, 114, 253, 2, 5, 20, 92, 129, 189, 199, 79, 145, 119, 235, 258, 101, 181, 198, 77, 73, 177, 7, 95, 48, 158, 90, 164, 117, 81, 86, 75, 32, 84, 184, 38, 1, 16, 135, 272, 195, 87, 115, 116, 57, 186, 97, 167, 18, 148, 190, 257, 26, 223, 255, 28, 185, 136, 9, 263, 152, 24, 89, 204, 205, 163, 6, 27, 112, 149, 142, 175, 137, 44, 150, 52, 124, 178, 182, 201, 65, 159, 46, 208, 231, 168, 224, 234, 105, 176, 225, 12, 174, 262, 171, 23, 42, 15, 210, 187, 54, 67, 218, 72, 96, 127, 157, 166, 170, 121, 247, 30, 19, 183, 47, 269, 76, 254, 88, 83, 173, 103, 132, 180, 215, 82, 162, 202, 138, 39, 59, 55, 60, 41, 192, 40, 49, 98, 35, 61, 241, 71, 78, 85, 43, 110, 221, 111, 250, 29, 207, 108, 118, 161, 206, 264, 120, 140, 230, 10, 147, 58, 70, 261, 122, 126, 128, 220, 240, 139, 51, 238, 53, 133, 169, 232, 271, 56, 193, 3, 245, 248, 25, 153, 209, 243, 94, 154, 213, 237, 270, 91, 17, 203, 249, 256, 99, 102, 141, 242, 260, 64, 259, 8, 211, 227, 268, 34, 93, 191, 197, 106, 131, 155, 165, 219, 251, 107, 130, 146, 226, 123, 143, 216, 228, 134, 160, 267, 13, 62, 144, 188, 217, 229, 236, 151, 222, 265, 172, 196, 233, 239, 252, 104, 179, 244, 246
../benchmark_instances/2023result/docs/solver/benchmark/random_instance/random_instance021_graph003.col	273	819	-1	55
	Command being timed: "timeout 20m java -Xms1024g -Xmx1024g -Xss134m -cp pathwidth.jar Pathwidth ../benchmark_instances/2023result/docs/solver/benchmark/random_instance/random_instance021_graph003.col"
	User time (seconds): 0.73
	System time (seconds): 1.44
	Percent of CPU this job got: 115%
	Elapsed (wall clock) time (h:mm:ss or m:ss): 0:01.88
	Average shared text size (kbytes): 0
	Average unshared data size (kbytes): 0
	Average stack size (kbytes): 0
	Average total size (kbytes): 0
	Maximum resident set size (kbytes): 4815060
	Average resident set size (kbytes): 0
	Major (requiring I/O) page faults: 0
	Minor (reclaiming a frame) page faults: 133582
	Voluntary context switches: 3287
	Involuntary context switches: 35
	Swaps: 0
	File system inputs: 16
	File system outputs: 72
	Socket messages sent: 0
	Socket messages received: 0
	Signals delivered: 0
	Page size (bytes): 4096
	Exit status: 0
