../benchmark_instances/2023result/docs/solver/benchmark/random_instance/random_instance035_graph004.col
455
132, 147, 195, 221, 230, 14, 16, 274, 418, 80, 161, 34, 400, 84, 89, 103, 115, 55, 119, 40, 128, 268, 11, 183, 131, 246, 227, 49, 94, 438, 6, 365, 148, 311, 133, 0, 408, 422, 125, 139, 406, 304, 203, 387, 303, 320, 52, 398, 318, 346, 31, 446, 427, 165, 333, 444, 448, 33, 120, 42, 46, 57, 91, 127, 149, 323, 69, 243, 386, 425, 433, 179, 236, 220, 135, 144, 238, 260, 234, 3, 223, 370, 254, 150, 177, 217, 160, 275, 435, 292, 314, 140, 229, 162, 247, 434, 253, 45, 92, 359, 71, 141, 164, 263, 431, 206, 367, 65, 122, 248, 424, 337, 401, 410, 419, 178, 111, 83, 447, 233, 86, 202, 258, 336, 271, 250, 166, 409, 19, 73, 452, 51, 129, 123, 15, 138, 32, 293, 47, 90, 331, 352, 66, 82, 13, 378, 324, 313, 362, 383, 450, 257, 36, 136, 451, 21, 121, 170, 344, 100, 299, 368, 436, 186, 8, 81, 414, 9, 315, 391, 191, 153, 210, 284, 341, 393, 403, 10, 326, 110, 306, 416, 235, 310, 312, 319, 2, 44, 276, 334, 98, 26, 198, 348, 353, 225, 266, 282, 392, 64, 109, 219, 411, 309, 327, 380, 176, 288, 290, 156, 77, 222, 279, 215, 296, 200, 345, 224, 61, 154, 187, 252, 240, 404, 443, 48, 286, 70, 180, 375, 172, 78, 251, 272, 273, 322, 445, 277, 228, 18, 152, 412, 441, 53, 23, 169, 60, 142, 130, 357, 194, 188, 430, 25, 308, 117, 294, 41, 184, 249, 143, 372, 175, 163, 54, 307, 68, 38, 112, 376, 20, 453, 137, 145, 305, 405, 167, 185, 190, 417, 102, 343, 85, 43, 407, 24, 168, 262, 267, 62, 7, 1, 4, 298, 321, 17, 39, 159, 373, 58, 395, 30, 171, 379, 27, 245, 5, 74, 442, 28, 328, 76, 270, 79, 97, 88, 93, 208, 329, 390, 99, 104, 35, 439, 106, 75, 244, 37, 301, 340, 95, 108, 423, 113, 255, 63, 72, 242, 349, 114, 146, 332, 22, 342, 397, 56, 211, 355, 385, 118, 157, 158, 192, 426, 67, 105, 330, 101, 182, 196, 205, 316, 350, 454, 50, 259, 291, 96, 173, 213, 283, 428, 116, 124, 181, 295, 87, 280, 437, 29, 269, 356, 429, 126, 134, 347, 363, 374, 189, 218, 338, 364, 413, 174, 281, 300, 371, 193, 214, 317, 199, 297, 361, 381, 201, 239, 264, 339, 394, 402, 107, 209, 256, 354, 155, 197, 231, 382, 449, 207, 388, 389, 415, 421, 151, 226, 232, 212, 12, 59, 216, 237, 351, 432, 204, 241, 360, 377, 384, 261, 278, 285, 287, 302, 325, 335, 366, 420, 265, 358, 396, 399, 289, 369, 440
../benchmark_instances/2023result/docs/solver/benchmark/random_instance/random_instance035_graph004.col	455	1365	-1	94
	Command being timed: "timeout 20m java -Xms1024g -Xmx1024g -Xss134m -cp pathwidth.jar Pathwidth ../benchmark_instances/2023result/docs/solver/benchmark/random_instance/random_instance035_graph004.col"
	User time (seconds): 0.84
	System time (seconds): 1.47
	Percent of CPU this job got: 119%
	Elapsed (wall clock) time (h:mm:ss or m:ss): 0:01.95
	Average shared text size (kbytes): 0
	Average unshared data size (kbytes): 0
	Average stack size (kbytes): 0
	Average total size (kbytes): 0
	Maximum resident set size (kbytes): 4841000
	Average resident set size (kbytes): 0
	Major (requiring I/O) page faults: 0
	Minor (reclaiming a frame) page faults: 134165
	Voluntary context switches: 3838
	Involuntary context switches: 46
	Swaps: 0
	File system inputs: 32
	File system outputs: 72
	Socket messages sent: 0
	Socket messages received: 0
	Signals delivered: 0
	Page size (bytes): 4096
	Exit status: 0
