../benchmark_instances/2023result/docs/solver/benchmark/random_instance/random_instance023_graph005.col
299
156, 44, 155, 157, 271, 12, 84, 51, 57, 195, 260, 66, 88, 82, 248, 85, 86, 120, 77, 207, 39, 11, 76, 269, 240, 151, 42, 215, 19, 55, 62, 266, 247, 5, 234, 75, 167, 197, 31, 98, 3, 6, 213, 272, 15, 16, 48, 154, 26, 153, 63, 95, 139, 285, 83, 168, 188, 27, 175, 201, 212, 136, 87, 79, 230, 58, 274, 100, 220, 140, 32, 158, 9, 20, 23, 295, 25, 181, 13, 28, 177, 292, 294, 43, 133, 173, 0, 174, 205, 152, 224, 1, 8, 210, 191, 222, 41, 171, 261, 233, 60, 24, 164, 288, 273, 193, 209, 278, 10, 291, 89, 129, 162, 116, 244, 49, 250, 256, 259, 99, 54, 137, 104, 282, 165, 67, 2, 94, 35, 97, 105, 114, 33, 124, 183, 238, 185, 189, 203, 228, 229, 163, 22, 200, 110, 132, 143, 202, 146, 149, 186, 113, 246, 142, 147, 265, 196, 127, 122, 29, 38, 275, 7, 17, 80, 235, 70, 176, 91, 221, 268, 92, 101, 284, 103, 227, 37, 190, 61, 218, 109, 18, 34, 216, 254, 53, 267, 73, 192, 277, 96, 145, 50, 56, 280, 36, 204, 217, 46, 148, 68, 223, 297, 69, 93, 144, 170, 241, 72, 59, 178, 182, 276, 81, 106, 159, 65, 150, 252, 108, 125, 161, 211, 111, 45, 123, 187, 119, 264, 128, 130, 131, 71, 166, 242, 279, 134, 253, 138, 199, 226, 245, 52, 4, 172, 258, 290, 40, 64, 74, 141, 243, 257, 289, 47, 107, 236, 287, 21, 78, 184, 208, 214, 90, 249, 263, 293, 112, 239, 262, 281, 30, 102, 219, 231, 255, 286, 298, 117, 180, 237, 115, 118, 179, 194, 225, 251, 283, 14, 135, 160, 198, 232, 296, 121, 126, 169, 206, 270
../benchmark_instances/2023result/docs/solver/benchmark/random_instance/random_instance023_graph005.col	299	897	-1	59
	Command being timed: "timeout 20m java -Xms1024g -Xmx1024g -Xss134m -cp pathwidth.jar Pathwidth ../benchmark_instances/2023result/docs/solver/benchmark/random_instance/random_instance023_graph005.col"
	User time (seconds): 0.76
	System time (seconds): 1.45
	Percent of CPU this job got: 117%
	Elapsed (wall clock) time (h:mm:ss or m:ss): 0:01.88
	Average shared text size (kbytes): 0
	Average unshared data size (kbytes): 0
	Average stack size (kbytes): 0
	Average total size (kbytes): 0
	Maximum resident set size (kbytes): 4819980
	Average resident set size (kbytes): 0
	Major (requiring I/O) page faults: 0
	Minor (reclaiming a frame) page faults: 135606
	Voluntary context switches: 3379
	Involuntary context switches: 14
	Swaps: 0
	File system inputs: 24
	File system outputs: 72
	Socket messages sent: 0
	Socket messages received: 0
	Signals delivered: 0
	Page size (bytes): 4096
	Exit status: 0
