../benchmark_instances/2023result/docs/solver/benchmark/random_instance/random_instance010_graph004.col
130
61, 57, 8, 112, 126, 23, 86, 16, 75, 78, 40, 58, 102, 81, 46, 72, 118, 103, 77, 88, 99, 107, 37, 116, 127, 1, 2, 9, 0, 6, 10, 50, 20, 34, 13, 48, 39, 125, 49, 19, 38, 63, 85, 44, 59, 76, 80, 113, 30, 114, 117, 28, 51, 101, 104, 90, 93, 94, 65, 18, 4, 79, 95, 26, 31, 15, 22, 47, 108, 3, 66, 24, 105, 128, 33, 5, 21, 12, 74, 100, 52, 68, 53, 71, 82, 29, 60, 45, 11, 87, 121, 27, 70, 110, 36, 69, 17, 7, 55, 62, 98, 111, 120, 123, 14, 83, 25, 32, 64, 119, 124, 35, 42, 43, 54, 73, 89, 97, 106, 129, 41, 56, 67, 96, 115, 122, 84, 91, 92, 109
../benchmark_instances/2023result/docs/solver/benchmark/random_instance/random_instance010_graph004.col	130	390	-1	33
	Command being timed: "timeout 20m java -Xms1024g -Xmx1024g -Xss134m -cp pathwidth.jar Pathwidth ../benchmark_instances/2023result/docs/solver/benchmark/random_instance/random_instance010_graph004.col"
	User time (seconds): 0.64
	System time (seconds): 1.43
	Percent of CPU this job got: 111%
	Elapsed (wall clock) time (h:mm:ss or m:ss): 0:01.85
	Average shared text size (kbytes): 0
	Average unshared data size (kbytes): 0
	Average stack size (kbytes): 0
	Average total size (kbytes): 0
	Maximum resident set size (kbytes): 4804644
	Average resident set size (kbytes): 0
	Major (requiring I/O) page faults: 0
	Minor (reclaiming a frame) page faults: 132438
	Voluntary context switches: 3219
	Involuntary context switches: 7
	Swaps: 0
	File system inputs: 8
	File system outputs: 72
	Socket messages sent: 0
	Socket messages received: 0
	Signals delivered: 0
	Page size (bytes): 4096
	Exit status: 0
