../benchmark_instances/2023result/docs/solver/benchmark/random_instance/random_instance018_graph002.col
234
45, 67, 105, 161, 173, 192, 166, 193, 58, 89, 206, 99, 13, 36, 220, 5, 22, 10, 33, 24, 37, 6, 14, 53, 214, 54, 196, 18, 162, 78, 136, 198, 152, 20, 191, 8, 153, 50, 48, 111, 218, 131, 133, 151, 44, 21, 128, 156, 163, 11, 75, 225, 154, 39, 226, 77, 9, 178, 227, 73, 108, 42, 74, 113, 15, 216, 25, 3, 160, 169, 43, 158, 17, 27, 71, 72, 103, 142, 0, 157, 190, 107, 223, 87, 64, 30, 159, 49, 127, 1, 66, 26, 97, 112, 65, 35, 181, 209, 32, 115, 62, 40, 60, 126, 55, 2, 70, 59, 47, 221, 61, 7, 88, 95, 183, 16, 210, 92, 124, 130, 102, 69, 201, 31, 170, 106, 57, 83, 46, 85, 176, 38, 80, 109, 146, 155, 117, 79, 172, 212, 91, 19, 82, 86, 149, 93, 213, 230, 23, 208, 100, 180, 187, 28, 182, 81, 224, 76, 204, 215, 110, 167, 177, 186, 98, 211, 232, 12, 94, 205, 118, 137, 207, 52, 143, 217, 4, 120, 96, 90, 165, 194, 231, 29, 138, 184, 197, 34, 150, 185, 202, 56, 140, 164, 200, 84, 114, 147, 148, 195, 68, 188, 101, 134, 228, 233, 41, 122, 139, 171, 189, 222, 229, 51, 121, 129, 144, 175, 104, 145, 199, 219, 116, 125, 132, 63, 119, 141, 179, 123, 135, 168, 174, 203
../benchmark_instances/2023result/docs/solver/benchmark/random_instance/random_instance018_graph002.col	234	702	-1	48
	Command being timed: "timeout 20m java -Xms1024g -Xmx1024g -Xss134m -cp pathwidth.jar Pathwidth ../benchmark_instances/2023result/docs/solver/benchmark/random_instance/random_instance018_graph002.col"
	User time (seconds): 0.69
	System time (seconds): 1.42
	Percent of CPU this job got: 113%
	Elapsed (wall clock) time (h:mm:ss or m:ss): 0:01.87
	Average shared text size (kbytes): 0
	Average unshared data size (kbytes): 0
	Average stack size (kbytes): 0
	Average total size (kbytes): 0
	Maximum resident set size (kbytes): 4808408
	Average resident set size (kbytes): 0
	Major (requiring I/O) page faults: 0
	Minor (reclaiming a frame) page faults: 133156
	Voluntary context switches: 3029
	Involuntary context switches: 10
	Swaps: 0
	File system inputs: 16
	File system outputs: 72
	Socket messages sent: 0
	Socket messages received: 0
	Signals delivered: 0
	Page size (bytes): 4096
	Exit status: 0
