../benchmark_instances/2023result/docs/solver/benchmark/random_instance/random_instance036_graph002.col
468
134, 326, 72, 149, 184, 233, 409, 421, 20, 27, 52, 201, 28, 166, 32, 38, 101, 106, 29, 309, 398, 57, 30, 415, 12, 107, 234, 345, 434, 111, 231, 251, 22, 122, 66, 116, 62, 113, 407, 273, 49, 88, 127, 280, 281, 301, 95, 396, 81, 135, 37, 286, 138, 144, 0, 34, 325, 90, 121, 191, 324, 7, 164, 226, 167, 240, 242, 268, 157, 312, 451, 321, 456, 3, 277, 142, 13, 313, 329, 235, 35, 218, 171, 45, 250, 147, 203, 219, 70, 120, 136, 368, 4, 148, 170, 154, 199, 204, 215, 221, 287, 109, 132, 206, 230, 380, 16, 130, 408, 155, 406, 93, 8, 299, 376, 9, 453, 241, 333, 367, 232, 450, 6, 97, 323, 39, 202, 306, 98, 115, 168, 104, 178, 211, 322, 156, 394, 162, 449, 442, 61, 163, 63, 124, 152, 305, 337, 78, 385, 262, 151, 386, 402, 370, 283, 419, 79, 317, 466, 11, 150, 137, 64, 40, 158, 209, 285, 180, 195, 160, 139, 294, 69, 297, 310, 214, 255, 341, 114, 353, 174, 60, 84, 318, 91, 126, 141, 190, 207, 260, 369, 377, 133, 336, 89, 213, 441, 338, 175, 200, 46, 217, 238, 340, 275, 346, 460, 123, 192, 243, 296, 417, 99, 86, 300, 254, 348, 208, 426, 256, 292, 387, 349, 5, 179, 193, 75, 205, 117, 58, 185, 19, 252, 276, 343, 392, 182, 94, 161, 244, 347, 371, 350, 210, 359, 366, 458, 354, 189, 227, 274, 428, 103, 18, 307, 42, 465, 65, 76, 92, 118, 140, 143, 435, 15, 335, 51, 176, 17, 74, 33, 71, 31, 289, 36, 383, 21, 229, 56, 352, 112, 448, 119, 315, 165, 10, 198, 430, 169, 452, 464, 77, 440, 461, 1, 59, 269, 67, 24, 332, 404, 429, 96, 129, 247, 463, 145, 41, 319, 172, 246, 146, 183, 411, 25, 422, 68, 375, 399, 454, 188, 382, 2, 257, 44, 264, 330, 53, 282, 284, 43, 54, 100, 278, 102, 355, 364, 110, 372, 467, 128, 159, 105, 413, 177, 378, 397, 438, 181, 245, 351, 360, 373, 416, 186, 437, 48, 393, 405, 173, 427, 194, 197, 80, 432, 445, 26, 374, 196, 224, 85, 248, 400, 23, 344, 384, 436, 50, 361, 414, 47, 212, 444, 82, 272, 314, 73, 270, 358, 108, 216, 87, 334, 401, 424, 131, 228, 320, 223, 328, 225, 356, 395, 459, 14, 263, 362, 83, 153, 267, 298, 443, 222, 55, 303, 331, 125, 308, 390, 446, 236, 265, 279, 342, 379, 237, 295, 311, 420, 187, 425, 220, 239, 327, 423, 249, 288, 363, 410, 431, 455, 253, 293, 365, 381, 388, 389, 447, 457, 258, 271, 302, 316, 357, 418, 433, 439, 462, 259, 266, 290, 291, 304, 391, 261, 339, 403, 412
../benchmark_instances/2023result/docs/solver/benchmark/random_instance/random_instance036_graph002.col	468	1404	-1	96
	Command being timed: "timeout 20m java -Xms1024g -Xmx1024g -Xss134m -cp pathwidth.jar Pathwidth ../benchmark_instances/2023result/docs/solver/benchmark/random_instance/random_instance036_graph002.col"
	User time (seconds): 0.84
	System time (seconds): 1.44
	Percent of CPU this job got: 118%
	Elapsed (wall clock) time (h:mm:ss or m:ss): 0:01.93
	Average shared text size (kbytes): 0
	Average unshared data size (kbytes): 0
	Average stack size (kbytes): 0
	Average total size (kbytes): 0
	Maximum resident set size (kbytes): 4841524
	Average resident set size (kbytes): 0
	Major (requiring I/O) page faults: 0
	Minor (reclaiming a frame) page faults: 134582
	Voluntary context switches: 3187
	Involuntary context switches: 35
	Swaps: 0
	File system inputs: 32
	File system outputs: 72
	Socket messages sent: 0
	Socket messages received: 0
	Signals delivered: 0
	Page size (bytes): 4096
	Exit status: 0
