../benchmark_instances/2023result/docs/solver/benchmark/random_instance/random_instance031_graph004.col
403
50, 82, 140, 154, 198, 207, 217, 286, 297, 300, 318, 368, 394, 33, 210, 71, 73, 366, 339, 257, 76, 14, 83, 102, 70, 255, 119, 243, 64, 35, 27, 121, 181, 61, 86, 128, 373, 388, 168, 230, 36, 53, 122, 402, 324, 232, 21, 275, 278, 290, 244, 148, 304, 362, 55, 252, 312, 171, 196, 395, 305, 12, 13, 16, 26, 189, 182, 84, 136, 183, 306, 383, 397, 24, 7, 149, 251, 166, 334, 213, 214, 25, 63, 110, 139, 256, 159, 179, 292, 195, 134, 80, 190, 81, 109, 6, 19, 233, 94, 249, 31, 120, 107, 77, 105, 204, 116, 191, 67, 245, 15, 160, 38, 48, 225, 5, 331, 3, 273, 9, 17, 167, 348, 227, 1, 302, 370, 146, 2, 157, 268, 250, 337, 34, 112, 161, 56, 174, 253, 299, 293, 74, 162, 247, 301, 52, 95, 30, 239, 199, 229, 326, 335, 218, 54, 141, 277, 287, 316, 340, 343, 352, 186, 356, 347, 111, 364, 22, 44, 143, 145, 97, 188, 43, 115, 215, 317, 20, 100, 29, 89, 118, 69, 126, 150, 298, 332, 158, 185, 380, 165, 135, 169, 117, 170, 202, 46, 384, 184, 209, 377, 221, 344, 226, 104, 288, 113, 114, 238, 276, 240, 385, 92, 272, 259, 261, 75, 285, 399, 106, 45, 327, 47, 346, 65, 18, 392, 28, 137, 164, 129, 194, 130, 103, 176, 398, 125, 0, 295, 87, 315, 99, 58, 236, 98, 376, 23, 260, 90, 200, 282, 350, 101, 311, 152, 266, 172, 231, 175, 279, 280, 374, 79, 345, 88, 323, 10, 237, 328, 108, 144, 212, 234, 329, 178, 393, 68, 203, 258, 342, 361, 93, 224, 314, 49, 321, 353, 60, 72, 267, 354, 357, 131, 235, 78, 59, 208, 254, 85, 372, 396, 401, 123, 124, 363, 163, 391, 4, 263, 341, 187, 8, 142, 180, 41, 330, 369, 153, 303, 336, 156, 351, 382, 127, 220, 271, 386, 37, 216, 307, 308, 57, 66, 193, 333, 40, 294, 91, 310, 360, 389, 96, 138, 211, 338, 349, 62, 133, 219, 264, 265, 274, 365, 147, 313, 32, 283, 381, 151, 358, 173, 379, 42, 248, 309, 355, 359, 367, 371, 177, 197, 242, 296, 378, 390, 11, 205, 270, 325, 39, 228, 132, 241, 291, 319, 192, 206, 223, 262, 269, 201, 51, 222, 281, 155, 284, 320, 400, 246, 387, 289, 322, 375
../benchmark_instances/2023result/docs/solver/benchmark/random_instance/random_instance031_graph004.col	403	1209	-1	80
	Command being timed: "timeout 20m java -Xms1024g -Xmx1024g -Xss134m -cp pathwidth.jar Pathwidth ../benchmark_instances/2023result/docs/solver/benchmark/random_instance/random_instance031_graph004.col"
	User time (seconds): 0.85
	System time (seconds): 1.44
	Percent of CPU this job got: 119%
	Elapsed (wall clock) time (h:mm:ss or m:ss): 0:01.92
	Average shared text size (kbytes): 0
	Average unshared data size (kbytes): 0
	Average stack size (kbytes): 0
	Average total size (kbytes): 0
	Maximum resident set size (kbytes): 4835100
	Average resident set size (kbytes): 0
	Major (requiring I/O) page faults: 0
	Minor (reclaiming a frame) page faults: 135167
	Voluntary context switches: 3340
	Involuntary context switches: 9
	Swaps: 0
	File system inputs: 24
	File system outputs: 72
	Socket messages sent: 0
	Socket messages received: 0
	Signals delivered: 0
	Page size (bytes): 4096
	Exit status: 0
