../benchmark_instances/2023result/docs/solver/benchmark/random_instance/random_instance015_graph003.col
195
185, 13, 101, 163, 31, 70, 45, 0, 71, 155, 174, 49, 56, 23, 187, 63, 135, 73, 138, 139, 161, 40, 142, 69, 146, 190, 2, 150, 16, 28, 29, 125, 127, 42, 72, 133, 82, 76, 48, 84, 54, 33, 134, 74, 32, 37, 46, 123, 10, 110, 26, 43, 153, 193, 24, 170, 65, 15, 4, 107, 34, 166, 177, 117, 180, 87, 152, 105, 179, 6, 80, 100, 47, 77, 81, 113, 115, 137, 121, 44, 92, 136, 118, 147, 17, 83, 97, 158, 38, 114, 51, 122, 89, 124, 86, 30, 3, 35, 64, 67, 12, 194, 62, 108, 98, 99, 103, 57, 93, 102, 19, 188, 61, 66, 18, 182, 11, 184, 58, 106, 145, 50, 5, 41, 119, 59, 159, 14, 90, 60, 129, 165, 39, 85, 160, 164, 171, 78, 168, 189, 52, 91, 7, 109, 149, 169, 9, 96, 1, 141, 143, 178, 27, 120, 156, 175, 20, 126, 140, 22, 75, 8, 162, 186, 21, 79, 25, 94, 95, 116, 151, 53, 167, 173, 192, 55, 88, 183, 191, 36, 104, 111, 131, 132, 148, 157, 176, 68, 128, 130, 144, 181, 112, 154, 172
../benchmark_instances/2023result/docs/solver/benchmark/random_instance/random_instance015_graph003.col	195	585	-1	42
	Command being timed: "timeout 20m java -Xms1024g -Xmx1024g -Xss134m -cp pathwidth.jar Pathwidth ../benchmark_instances/2023result/docs/solver/benchmark/random_instance/random_instance015_graph003.col"
	User time (seconds): 0.66
	System time (seconds): 1.43
	Percent of CPU this job got: 111%
	Elapsed (wall clock) time (h:mm:ss or m:ss): 0:01.87
	Average shared text size (kbytes): 0
	Average unshared data size (kbytes): 0
	Average stack size (kbytes): 0
	Average total size (kbytes): 0
	Maximum resident set size (kbytes): 4803508
	Average resident set size (kbytes): 0
	Major (requiring I/O) page faults: 0
	Minor (reclaiming a frame) page faults: 131680
	Voluntary context switches: 3173
	Involuntary context switches: 10
	Swaps: 0
	File system inputs: 16
	File system outputs: 72
	Socket messages sent: 0
	Socket messages received: 0
	Signals delivered: 0
	Page size (bytes): 4096
	Exit status: 0
