../benchmark_instances/2023result/docs/solver/benchmark/random_instance/random_instance037_graph005.col
481
27, 184, 243, 245, 284, 291, 441, 7, 420, 84, 224, 86, 100, 105, 166, 118, 121, 123, 130, 173, 180, 186, 77, 171, 359, 133, 413, 398, 12, 21, 67, 469, 112, 60, 206, 19, 360, 352, 29, 202, 35, 34, 326, 53, 80, 20, 249, 52, 250, 217, 47, 96, 110, 144, 416, 271, 183, 68, 296, 438, 147, 167, 13, 22, 127, 256, 39, 165, 241, 391, 64, 427, 154, 335, 117, 192, 115, 267, 347, 354, 193, 73, 88, 74, 225, 164, 182, 259, 122, 59, 128, 380, 149, 157, 194, 199, 139, 1, 69, 341, 382, 162, 111, 107, 178, 408, 18, 131, 266, 312, 89, 134, 142, 196, 6, 92, 161, 37, 321, 287, 38, 113, 355, 458, 32, 421, 93, 138, 200, 377, 325, 190, 54, 251, 453, 442, 309, 462, 26, 463, 385, 216, 79, 108, 170, 383, 218, 455, 28, 66, 75, 346, 340, 114, 140, 208, 168, 223, 297, 324, 358, 419, 464, 15, 172, 211, 471, 425, 230, 409, 480, 305, 280, 98, 276, 260, 240, 203, 274, 345, 310, 390, 371, 402, 275, 213, 91, 146, 137, 5, 306, 175, 242, 317, 320, 116, 61, 10, 95, 283, 295, 24, 373, 135, 82, 36, 215, 265, 292, 353, 104, 234, 51, 293, 71, 30, 159, 304, 8, 264, 90, 197, 247, 262, 444, 40, 83, 78, 97, 422, 9, 177, 435, 43, 46, 132, 386, 285, 236, 2, 3, 424, 289, 428, 298, 120, 94, 143, 176, 124, 407, 152, 395, 181, 429, 479, 207, 468, 49, 348, 99, 461, 228, 231, 252, 476, 153, 426, 155, 48, 191, 459, 204, 470, 185, 269, 440, 220, 397, 472, 212, 229, 248, 205, 17, 148, 290, 451, 478, 81, 277, 11, 129, 56, 214, 187, 370, 102, 328, 189, 195, 221, 418, 31, 372, 33, 350, 45, 235, 437, 163, 286, 150, 270, 431, 188, 294, 222, 406, 25, 4, 0, 344, 41, 443, 473, 65, 151, 445, 454, 210, 379, 226, 316, 343, 44, 257, 87, 332, 63, 457, 42, 70, 337, 85, 365, 450, 16, 405, 141, 179, 282, 329, 331, 349, 227, 58, 302, 436, 125, 299, 338, 388, 50, 414, 219, 272, 323, 209, 239, 301, 381, 432, 136, 246, 273, 361, 393, 76, 233, 396, 448, 466, 55, 109, 376, 384, 145, 330, 477, 119, 430, 439, 449, 169, 389, 412, 474, 103, 318, 378, 475, 14, 334, 336, 362, 368, 433, 434, 72, 313, 357, 387, 452, 160, 411, 415, 423, 101, 351, 374, 126, 465, 62, 288, 366, 369, 106, 278, 322, 356, 174, 253, 281, 401, 198, 300, 314, 232, 311, 460, 237, 238, 156, 268, 315, 327, 23, 367, 404, 447, 456, 254, 399, 403, 446, 158, 333, 467, 201, 308, 319, 363, 394, 258, 263, 339, 417, 261, 255, 279, 400, 410, 244, 303, 392, 307, 364, 57, 342, 375
../benchmark_instances/2023result/docs/solver/benchmark/random_instance/random_instance037_graph005.col	481	1443	-1	103
	Command being timed: "timeout 20m java -Xms1024g -Xmx1024g -Xss134m -cp pathwidth.jar Pathwidth ../benchmark_instances/2023result/docs/solver/benchmark/random_instance/random_instance037_graph005.col"
	User time (seconds): 0.89
	System time (seconds): 1.42
	Percent of CPU this job got: 119%
	Elapsed (wall clock) time (h:mm:ss or m:ss): 0:01.94
	Average shared text size (kbytes): 0
	Average unshared data size (kbytes): 0
	Average stack size (kbytes): 0
	Average total size (kbytes): 0
	Maximum resident set size (kbytes): 4860912
	Average resident set size (kbytes): 0
	Major (requiring I/O) page faults: 0
	Minor (reclaiming a frame) page faults: 133730
	Voluntary context switches: 3242
	Involuntary context switches: 4
	Swaps: 0
	File system inputs: 32
	File system outputs: 72
	Socket messages sent: 0
	Socket messages received: 0
	Signals delivered: 0
	Page size (bytes): 4096
	Exit status: 0
