../benchmark_instances/2023result/docs/solver/benchmark/random_instance/random_instance040_graph004.col
520
71, 293, 354, 374, 417, 506, 102, 174, 187, 292, 352, 477, 5, 322, 18, 26, 67, 78, 96, 131, 186, 64, 56, 135, 151, 184, 266, 24, 196, 235, 348, 53, 401, 193, 213, 497, 203, 61, 171, 226, 206, 207, 251, 218, 157, 35, 475, 120, 156, 23, 304, 441, 16, 512, 19, 331, 269, 165, 39, 291, 146, 346, 445, 194, 306, 439, 152, 62, 406, 308, 225, 450, 382, 443, 448, 463, 451, 507, 299, 221, 342, 310, 462, 128, 432, 182, 467, 510, 0, 7, 49, 326, 111, 12, 469, 29, 314, 248, 249, 311, 387, 130, 208, 297, 183, 20, 312, 34, 233, 38, 95, 101, 28, 493, 76, 409, 145, 271, 57, 75, 300, 58, 210, 284, 287, 100, 343, 402, 81, 83, 123, 415, 1, 46, 134, 113, 168, 147, 384, 167, 175, 511, 10, 180, 200, 376, 508, 247, 430, 263, 14, 65, 74, 250, 334, 490, 449, 11, 42, 307, 411, 48, 79, 319, 283, 298, 246, 325, 209, 398, 6, 179, 380, 421, 499, 30, 446, 436, 205, 47, 489, 92, 129, 15, 25, 138, 160, 190, 268, 282, 288, 317, 333, 344, 410, 267, 351, 414, 303, 486, 254, 356, 198, 261, 237, 142, 341, 403, 234, 85, 107, 492, 231, 396, 122, 324, 419, 422, 255, 98, 52, 77, 133, 169, 188, 44, 257, 69, 40, 262, 418, 309, 395, 204, 161, 272, 335, 399, 407, 385, 313, 428, 353, 37, 173, 185, 154, 340, 91, 45, 108, 139, 141, 116, 43, 191, 22, 294, 192, 501, 223, 60, 228, 240, 243, 332, 68, 170, 148, 31, 149, 155, 442, 80, 176, 55, 136, 216, 461, 472, 488, 21, 51, 94, 232, 158, 87, 2, 84, 66, 86, 321, 426, 211, 273, 482, 32, 504, 88, 301, 491, 239, 252, 121, 429, 253, 285, 328, 140, 217, 90, 132, 41, 513, 93, 36, 465, 124, 126, 144, 201, 295, 447, 479, 153, 104, 274, 117, 365, 483, 162, 197, 480, 202, 290, 119, 389, 8, 236, 127, 459, 181, 368, 189, 437, 215, 370, 404, 9, 17, 412, 27, 517, 33, 440, 137, 73, 327, 394, 485, 518, 110, 416, 82, 484, 150, 230, 361, 457, 54, 495, 70, 347, 357, 59, 172, 386, 397, 178, 276, 375, 400, 452, 199, 358, 164, 366, 166, 425, 498, 220, 222, 500, 238, 464, 466, 63, 305, 363, 106, 270, 159, 420, 125, 259, 97, 359, 364, 372, 378, 212, 337, 433, 496, 4, 50, 339, 431, 219, 275, 114, 244, 392, 427, 470, 509, 109, 13, 258, 323, 99, 377, 405, 456, 3, 264, 438, 115, 281, 302, 163, 371, 388, 458, 89, 242, 474, 478, 224, 227, 391, 487, 503, 72, 393, 505, 105, 316, 338, 360, 195, 468, 229, 260, 502, 241, 315, 320, 355, 423, 514, 245, 330, 349, 177, 413, 434, 454, 476, 516, 118, 278, 367, 424, 473, 143, 265, 329, 381, 481, 256, 277, 318, 350, 279, 345, 362, 373, 435, 453, 280, 286, 112, 214, 296, 515, 103, 379, 289, 369, 390, 408, 444, 455, 471, 336, 383, 460, 494, 519
../benchmark_instances/2023result/docs/solver/benchmark/random_instance/random_instance040_graph004.col	520	1560	-1	112
	Command being timed: "timeout 20m java -Xms1024g -Xmx1024g -Xss134m -cp pathwidth.jar Pathwidth ../benchmark_instances/2023result/docs/solver/benchmark/random_instance/random_instance040_graph004.col"
	User time (seconds): 0.87
	System time (seconds): 1.45
	Percent of CPU this job got: 118%
	Elapsed (wall clock) time (h:mm:ss or m:ss): 0:01.96
	Average shared text size (kbytes): 0
	Average unshared data size (kbytes): 0
	Average stack size (kbytes): 0
	Average total size (kbytes): 0
	Maximum resident set size (kbytes): 4855584
	Average resident set size (kbytes): 0
	Major (requiring I/O) page faults: 0
	Minor (reclaiming a frame) page faults: 133850
	Voluntary context switches: 3577
	Involuntary context switches: 35
	Swaps: 0
	File system inputs: 32
	File system outputs: 72
	Socket messages sent: 0
	Socket messages received: 0
	Signals delivered: 0
	Page size (bytes): 4096
	Exit status: 0
