../benchmark_instances/2023result/docs/solver/benchmark/random_instance/random_instance005_graph001.col
65
19, 14, 18, 34, 0, 16, 37, 38, 1, 31, 39, 2, 26, 52, 20, 45, 7, 22, 58, 13, 48, 24, 23, 8, 6, 17, 53, 12, 33, 57, 46, 62, 55, 25, 3, 36, 43, 56, 11, 27, 51, 4, 47, 64, 21, 60, 9, 59, 28, 49, 29, 30, 5, 35, 40, 54, 10, 32, 44, 63, 15, 41, 42, 50, 61
../benchmark_instances/2023result/docs/solver/benchmark/random_instance/random_instance005_graph001.col	65	195	-1	23
	Command being timed: "timeout 20m java -Xms1024g -Xmx1024g -Xss134m -cp pathwidth.jar Pathwidth ../benchmark_instances/2023result/docs/solver/benchmark/random_instance/random_instance005_graph001.col"
	User time (seconds): 0.55
	System time (seconds): 1.42
	Percent of CPU this job got: 107%
	Elapsed (wall clock) time (h:mm:ss or m:ss): 0:01.84
	Average shared text size (kbytes): 0
	Average unshared data size (kbytes): 0
	Average stack size (kbytes): 0
	Average total size (kbytes): 0
	Maximum resident set size (kbytes): 4796168
	Average resident set size (kbytes): 0
	Major (requiring I/O) page faults: 0
	Minor (reclaiming a frame) page faults: 131058
	Voluntary context switches: 2456
	Involuntary context switches: 6
	Swaps: 0
	File system inputs: 8
	File system outputs: 72
	Socket messages sent: 0
	Socket messages received: 0
	Signals delivered: 0
	Page size (bytes): 4096
	Exit status: 0
