../benchmark_instances/2023result/docs/solver/benchmark/random_instance/random_instance039_graph001.col
507
63, 5, 89, 114, 297, 313, 377, 406, 419, 326, 462, 476, 18, 402, 84, 86, 506, 106, 118, 107, 143, 150, 200, 392, 92, 182, 207, 51, 335, 479, 164, 167, 126, 278, 219, 222, 385, 189, 68, 12, 45, 292, 65, 389, 224, 436, 456, 1, 232, 91, 184, 237, 250, 460, 26, 124, 136, 350, 120, 146, 368, 373, 499, 472, 104, 332, 109, 90, 125, 400, 296, 30, 236, 308, 131, 307, 201, 316, 361, 410, 8, 15, 210, 29, 291, 55, 300, 336, 27, 203, 33, 162, 170, 67, 328, 429, 85, 352, 293, 198, 388, 215, 270, 310, 76, 303, 349, 73, 10, 134, 305, 229, 153, 339, 223, 132, 204, 240, 243, 265, 152, 320, 160, 70, 175, 69, 384, 98, 372, 362, 440, 17, 24, 376, 31, 35, 108, 399, 60, 497, 205, 344, 52, 401, 50, 78, 412, 28, 154, 398, 494, 135, 38, 353, 463, 36, 56, 348, 58, 323, 485, 66, 489, 449, 414, 301, 16, 193, 269, 295, 127, 19, 241, 252, 95, 186, 238, 285, 325, 396, 418, 195, 254, 272, 431, 486, 330, 359, 25, 57, 88, 220, 364, 190, 428, 433, 360, 233, 246, 386, 165, 188, 192, 283, 105, 333, 356, 275, 187, 464, 32, 367, 2, 96, 197, 194, 199, 281, 138, 382, 231, 318, 262, 221, 346, 83, 41, 128, 116, 216, 259, 280, 14, 46, 145, 163, 370, 97, 179, 4, 119, 277, 363, 213, 245, 214, 260, 23, 196, 274, 403, 61, 487, 294, 473, 235, 244, 286, 239, 13, 102, 327, 387, 249, 447, 478, 264, 284, 144, 334, 383, 424, 176, 322, 171, 442, 103, 345, 94, 100, 117, 137, 454, 121, 185, 255, 309, 415, 48, 80, 488, 93, 43, 411, 110, 122, 422, 147, 149, 40, 287, 503, 112, 438, 53, 7, 54, 168, 453, 71, 47, 251, 157, 266, 357, 155, 123, 44, 324, 39, 248, 407, 129, 393, 477, 82, 6, 37, 140, 306, 130, 230, 311, 169, 256, 62, 156, 173, 423, 172, 465, 492, 115, 87, 432, 451, 111, 468, 3, 178, 208, 390, 177, 242, 374, 42, 471, 498, 21, 77, 267, 304, 321, 20, 347, 113, 258, 502, 9, 312, 319, 466, 0, 458, 139, 181, 343, 408, 483, 64, 282, 142, 253, 59, 202, 314, 480, 141, 34, 298, 425, 444, 504, 11, 369, 445, 49, 206, 133, 148, 404, 180, 299, 435, 501, 191, 455, 209, 212, 247, 355, 448, 490, 211, 405, 446, 151, 371, 381, 417, 427, 459, 217, 416, 159, 227, 365, 474, 183, 288, 457, 505, 218, 329, 379, 467, 158, 273, 421, 430, 74, 261, 79, 161, 81, 315, 493, 99, 257, 413, 484, 496, 225, 228, 482, 226, 279, 375, 434, 443, 22, 302, 358, 166, 268, 452, 72, 174, 331, 469, 234, 271, 289, 391, 420, 441, 263, 276, 395, 397, 450, 470, 101, 378, 290, 338, 342, 475, 500, 317, 340, 380, 409, 439, 337, 354, 481, 75, 341, 351, 394, 461, 495, 366, 426, 437, 491
../benchmark_instances/2023result/docs/solver/benchmark/random_instance/random_instance039_graph001.col	507	1521	-1	108
	Command being timed: "timeout 20m java -Xms1024g -Xmx1024g -Xss134m -cp pathwidth.jar Pathwidth ../benchmark_instances/2023result/docs/solver/benchmark/random_instance/random_instance039_graph001.col"
	User time (seconds): 0.89
	System time (seconds): 1.40
	Percent of CPU this job got: 119%
	Elapsed (wall clock) time (h:mm:ss or m:ss): 0:01.93
	Average shared text size (kbytes): 0
	Average unshared data size (kbytes): 0
	Average stack size (kbytes): 0
	Average total size (kbytes): 0
	Maximum resident set size (kbytes): 4854048
	Average resident set size (kbytes): 0
	Major (requiring I/O) page faults: 0
	Minor (reclaiming a frame) page faults: 133748
	Voluntary context switches: 3755
	Involuntary context switches: 8
	Swaps: 0
	File system inputs: 32
	File system outputs: 72
	Socket messages sent: 0
	Socket messages received: 0
	Signals delivered: 0
	Page size (bytes): 4096
	Exit status: 0
