../benchmark_instances/2023result/docs/solver/benchmark/random_instance/random_instance033_graph005.col
429
306, 400, 65, 73, 86, 135, 173, 263, 284, 311, 7, 50, 319, 137, 260, 2, 158, 421, 149, 161, 85, 162, 98, 190, 176, 182, 111, 140, 77, 188, 45, 317, 330, 67, 261, 130, 57, 0, 32, 79, 175, 408, 33, 253, 10, 48, 55, 406, 337, 183, 277, 1, 107, 9, 423, 17, 31, 37, 90, 178, 30, 138, 269, 128, 96, 23, 101, 303, 335, 344, 398, 24, 166, 192, 225, 283, 299, 302, 307, 286, 170, 305, 312, 97, 36, 99, 379, 145, 295, 199, 313, 324, 235, 245, 336, 180, 155, 120, 216, 272, 93, 396, 422, 343, 331, 14, 66, 345, 28, 46, 194, 404, 407, 53, 403, 56, 134, 70, 115, 18, 71, 262, 315, 187, 273, 106, 257, 373, 358, 34, 177, 259, 60, 94, 118, 127, 129, 119, 419, 234, 68, 189, 186, 201, 133, 237, 241, 125, 124, 318, 359, 83, 214, 91, 204, 246, 346, 181, 320, 230, 290, 205, 370, 159, 144, 154, 126, 168, 213, 372, 109, 316, 411, 105, 59, 387, 167, 300, 308, 280, 342, 113, 258, 348, 349, 78, 294, 239, 242, 220, 208, 174, 184, 132, 250, 327, 165, 217, 16, 29, 92, 131, 150, 61, 88, 103, 123, 148, 41, 368, 15, 20, 121, 227, 136, 427, 39, 143, 156, 4, 240, 51, 112, 393, 142, 211, 200, 212, 351, 52, 223, 377, 5, 11, 426, 215, 231, 371, 3, 338, 82, 13, 62, 390, 416, 40, 75, 164, 80, 110, 326, 153, 25, 26, 332, 42, 233, 255, 278, 362, 157, 196, 202, 74, 365, 72, 226, 160, 310, 49, 44, 274, 275, 76, 267, 100, 185, 191, 218, 210, 198, 224, 329, 428, 8, 35, 301, 367, 414, 117, 410, 58, 47, 364, 418, 206, 363, 19, 207, 298, 152, 22, 193, 325, 89, 354, 415, 203, 248, 321, 375, 197, 270, 276, 293, 374, 381, 64, 347, 54, 383, 104, 339, 21, 341, 405, 12, 251, 384, 38, 172, 256, 69, 243, 424, 114, 146, 369, 388, 6, 288, 356, 394, 43, 228, 296, 350, 376, 425, 63, 139, 304, 366, 386, 169, 380, 122, 244, 322, 84, 382, 385, 399, 171, 279, 334, 392, 179, 297, 102, 195, 360, 395, 151, 236, 352, 391, 209, 232, 409, 108, 289, 417, 420, 219, 221, 238, 291, 397, 141, 247, 264, 265, 355, 361, 402, 81, 378, 87, 266, 282, 147, 95, 271, 413, 116, 229, 163, 281, 333, 357, 249, 285, 309, 353, 222, 287, 314, 268, 328, 401, 252, 292, 340, 389, 27, 254, 323, 412
../benchmark_instances/2023result/docs/solver/benchmark/random_instance/random_instance033_graph005.col	429	1287	-1	85
	Command being timed: "timeout 20m java -Xms1024g -Xmx1024g -Xss134m -cp pathwidth.jar Pathwidth ../benchmark_instances/2023result/docs/solver/benchmark/random_instance/random_instance033_graph005.col"
	User time (seconds): 0.82
	System time (seconds): 1.47
	Percent of CPU this job got: 118%
	Elapsed (wall clock) time (h:mm:ss or m:ss): 0:01.94
	Average shared text size (kbytes): 0
	Average unshared data size (kbytes): 0
	Average stack size (kbytes): 0
	Average total size (kbytes): 0
	Maximum resident set size (kbytes): 4836208
	Average resident set size (kbytes): 0
	Major (requiring I/O) page faults: 0
	Minor (reclaiming a frame) page faults: 134582
	Voluntary context switches: 3279
	Involuntary context switches: 51
	Swaps: 0
	File system inputs: 24
	File system outputs: 72
	Socket messages sent: 0
	Socket messages received: 0
	Signals delivered: 0
	Page size (bytes): 4096
	Exit status: 0
