../benchmark_instances/2023result/docs/solver/benchmark/random_instance/random_instance020_graph002.col
260
6, 63, 68, 150, 189, 223, 12, 24, 25, 26, 19, 31, 45, 42, 155, 37, 61, 86, 166, 40, 65, 75, 106, 194, 22, 13, 142, 115, 123, 137, 148, 130, 149, 208, 58, 140, 235, 138, 216, 30, 186, 243, 228, 217, 82, 108, 132, 181, 203, 91, 202, 36, 74, 39, 35, 34, 43, 201, 249, 44, 56, 144, 89, 97, 107, 245, 117, 27, 122, 157, 219, 76, 234, 7, 198, 98, 114, 152, 205, 53, 60, 59, 113, 192, 195, 10, 21, 104, 227, 105, 17, 182, 139, 5, 46, 67, 84, 92, 94, 173, 184, 241, 131, 154, 185, 100, 72, 190, 156, 119, 145, 200, 215, 236, 73, 103, 23, 170, 183, 162, 172, 127, 70, 0, 66, 1, 128, 81, 96, 153, 41, 32, 224, 57, 196, 11, 141, 242, 250, 52, 71, 218, 79, 244, 83, 177, 99, 29, 3, 33, 38, 110, 256, 112, 50, 171, 121, 174, 248, 47, 78, 49, 220, 51, 187, 193, 257, 85, 135, 55, 88, 2, 231, 254, 54, 93, 207, 14, 247, 258, 259, 16, 124, 225, 62, 111, 8, 161, 9, 77, 252, 4, 164, 240, 20, 69, 212, 64, 163, 197, 95, 204, 210, 239, 101, 222, 15, 133, 28, 118, 120, 226, 102, 253, 109, 126, 246, 48, 129, 147, 178, 80, 165, 87, 158, 233, 18, 116, 125, 159, 188, 221, 90, 136, 209, 229, 134, 143, 160, 199, 251, 146, 175, 179, 213, 151, 169, 206, 211, 230, 167, 168, 180, 214, 237, 238, 176, 191, 232, 255
../benchmark_instances/2023result/docs/solver/benchmark/random_instance/random_instance020_graph002.col	260	780	-1	53
	Command being timed: "timeout 20m java -Xms1024g -Xmx1024g -Xss134m -cp pathwidth.jar Pathwidth ../benchmark_instances/2023result/docs/solver/benchmark/random_instance/random_instance020_graph002.col"
	User time (seconds): 0.72
	System time (seconds): 1.43
	Percent of CPU this job got: 115%
	Elapsed (wall clock) time (h:mm:ss or m:ss): 0:01.87
	Average shared text size (kbytes): 0
	Average unshared data size (kbytes): 0
	Average stack size (kbytes): 0
	Average total size (kbytes): 0
	Maximum resident set size (kbytes): 4812576
	Average resident set size (kbytes): 0
	Major (requiring I/O) page faults: 0
	Minor (reclaiming a frame) page faults: 133636
	Voluntary context switches: 3093
	Involuntary context switches: 11
	Swaps: 0
	File system inputs: 16
	File system outputs: 72
	Socket messages sent: 0
	Socket messages received: 0
	Signals delivered: 0
	Page size (bytes): 4096
	Exit status: 0
