../benchmark_instances/2023result/docs/solver/benchmark/random_instance/random_instance018_graph005.col
234
31, 53, 137, 188, 40, 167, 204, 210, 44, 230, 48, 189, 61, 78, 88, 222, 6, 202, 83, 24, 140, 89, 94, 13, 95, 3, 58, 79, 115, 109, 92, 114, 142, 119, 2, 178, 170, 175, 201, 60, 212, 21, 203, 218, 122, 163, 199, 209, 93, 26, 146, 215, 63, 7, 16, 67, 171, 36, 174, 23, 52, 68, 0, 97, 8, 22, 121, 151, 59, 113, 110, 179, 35, 134, 139, 224, 207, 100, 161, 217, 233, 19, 99, 135, 164, 87, 173, 184, 37, 227, 150, 46, 84, 15, 136, 221, 69, 1, 231, 55, 77, 104, 148, 152, 141, 28, 27, 126, 127, 56, 9, 98, 91, 34, 65, 42, 103, 5, 76, 226, 17, 208, 101, 107, 111, 160, 232, 57, 12, 82, 191, 102, 106, 220, 30, 131, 149, 45, 145, 228, 116, 144, 213, 62, 157, 205, 73, 43, 108, 11, 33, 41, 32, 25, 162, 54, 72, 125, 147, 51, 176, 71, 74, 20, 156, 29, 181, 187, 223, 38, 117, 66, 155, 64, 195, 197, 198, 18, 47, 75, 80, 196, 70, 86, 159, 190, 192, 4, 96, 165, 225, 50, 120, 153, 168, 193, 219, 85, 124, 90, 166, 200, 216, 10, 123, 130, 229, 49, 105, 177, 183, 186, 112, 128, 138, 180, 39, 132, 172, 14, 129, 143, 169, 206, 133, 158, 185, 214, 182, 81, 118, 154, 194, 211
../benchmark_instances/2023result/docs/solver/benchmark/random_instance/random_instance018_graph005.col	234	702	-1	48
	Command being timed: "timeout 20m java -Xms1024g -Xmx1024g -Xss134m -cp pathwidth.jar Pathwidth ../benchmark_instances/2023result/docs/solver/benchmark/random_instance/random_instance018_graph005.col"
	User time (seconds): 0.70
	System time (seconds): 1.44
	Percent of CPU this job got: 114%
	Elapsed (wall clock) time (h:mm:ss or m:ss): 0:01.87
	Average shared text size (kbytes): 0
	Average unshared data size (kbytes): 0
	Average stack size (kbytes): 0
	Average total size (kbytes): 0
	Maximum resident set size (kbytes): 4811784
	Average resident set size (kbytes): 0
	Major (requiring I/O) page faults: 0
	Minor (reclaiming a frame) page faults: 133562
	Voluntary context switches: 3455
	Involuntary context switches: 10
	Swaps: 0
	File system inputs: 16
	File system outputs: 72
	Socket messages sent: 0
	Socket messages received: 0
	Signals delivered: 0
	Page size (bytes): 4096
	Exit status: 0
