../benchmark_instances/2023result/docs/solver/benchmark/random_instance/random_instance039_graph003.col
507
34, 59, 100, 127, 330, 337, 377, 383, 462, 477, 444, 491, 2, 33, 47, 55, 71, 35, 150, 219, 226, 378, 80, 82, 114, 122, 126, 205, 504, 246, 92, 307, 239, 240, 490, 408, 339, 295, 338, 449, 343, 443, 61, 64, 169, 209, 459, 67, 102, 350, 54, 259, 10, 32, 450, 119, 9, 161, 69, 117, 129, 341, 108, 84, 8, 138, 323, 382, 101, 452, 427, 83, 87, 66, 347, 115, 60, 146, 304, 441, 479, 125, 153, 229, 267, 149, 5, 285, 112, 325, 345, 371, 386, 419, 455, 237, 206, 297, 417, 39, 91, 12, 118, 136, 142, 197, 234, 139, 265, 40, 73, 21, 90, 214, 447, 25, 70, 79, 98, 493, 19, 164, 243, 460, 0, 105, 203, 333, 428, 104, 250, 50, 130, 62, 178, 11, 75, 81, 95, 110, 233, 451, 208, 454, 404, 296, 17, 463, 22, 502, 74, 3, 344, 15, 470, 20, 275, 293, 89, 415, 96, 133, 236, 305, 435, 421, 18, 152, 442, 492, 266, 394, 6, 109, 27, 277, 499, 132, 207, 30, 328, 46, 388, 359, 355, 180, 106, 157, 212, 272, 220, 342, 346, 281, 315, 154, 76, 202, 340, 352, 362, 94, 374, 158, 395, 314, 414, 232, 222, 72, 218, 358, 99, 432, 439, 268, 316, 57, 137, 7, 199, 135, 156, 187, 28, 210, 255, 120, 107, 186, 159, 97, 176, 324, 172, 116, 177, 420, 433, 196, 413, 215, 143, 167, 201, 216, 273, 299, 312, 221, 498, 31, 225, 16, 389, 231, 131, 173, 260, 184, 160, 453, 189, 38, 190, 200, 128, 249, 481, 36, 85, 241, 230, 436, 65, 327, 198, 375, 248, 262, 245, 283, 286, 438, 287, 290, 121, 276, 1, 26, 124, 183, 147, 300, 148, 163, 192, 51, 194, 329, 41, 162, 457, 113, 235, 93, 303, 165, 294, 410, 170, 487, 495, 86, 253, 494, 224, 425, 458, 244, 446, 14, 52, 140, 166, 68, 475, 151, 351, 49, 372, 422, 123, 411, 182, 356, 48, 252, 279, 319, 336, 403, 467, 4, 400, 469, 256, 416, 195, 399, 486, 264, 361, 63, 353, 188, 376, 43, 366, 381, 393, 53, 56, 298, 485, 77, 280, 308, 402, 472, 473, 88, 306, 78, 468, 482, 501, 23, 284, 289, 360, 429, 503, 155, 274, 322, 334, 175, 292, 29, 418, 134, 168, 385, 401, 437, 483, 141, 488, 44, 288, 291, 348, 461, 496, 191, 258, 24, 370, 384, 440, 465, 37, 242, 349, 42, 103, 364, 368, 409, 489, 111, 326, 174, 270, 321, 390, 391, 478, 45, 211, 379, 171, 185, 474, 58, 484, 181, 310, 320, 500, 204, 269, 318, 448, 217, 309, 357, 406, 456, 464, 227, 369, 424, 179, 380, 387, 423, 505, 193, 213, 365, 426, 144, 301, 407, 145, 228, 13, 331, 430, 223, 254, 271, 278, 335, 354, 480, 247, 263, 397, 257, 392, 466, 506, 238, 251, 261, 302, 282, 311, 398, 471, 313, 332, 363, 396, 405, 445, 497, 317, 412, 431, 367, 373, 434, 476
../benchmark_instances/2023result/docs/solver/benchmark/random_instance/random_instance039_graph003.col	507	1521	-1	108
	Command being timed: "timeout 20m java -Xms1024g -Xmx1024g -Xss134m -cp pathwidth.jar Pathwidth ../benchmark_instances/2023result/docs/solver/benchmark/random_instance/random_instance039_graph003.col"
	User time (seconds): 0.86
	System time (seconds): 1.44
	Percent of CPU this job got: 119%
	Elapsed (wall clock) time (h:mm:ss or m:ss): 0:01.93
	Average shared text size (kbytes): 0
	Average unshared data size (kbytes): 0
	Average stack size (kbytes): 0
	Average total size (kbytes): 0
	Maximum resident set size (kbytes): 4857148
	Average resident set size (kbytes): 0
	Major (requiring I/O) page faults: 0
	Minor (reclaiming a frame) page faults: 134176
	Voluntary context switches: 3750
	Involuntary context switches: 7
	Swaps: 0
	File system inputs: 32
	File system outputs: 72
	Socket messages sent: 0
	Socket messages received: 0
	Signals delivered: 0
	Page size (bytes): 4096
	Exit status: 0
