../benchmark_instances/2023result/docs/solver/benchmark/random_instance/random_instance005_graph002.col
65
2, 7, 54, 30, 46, 13, 20, 63, 26, 37, 51, 27, 43, 53, 23, 57, 64, 21, 29, 58, 4, 31, 39, 61, 3, 34, 6, 33, 48, 17, 25, 40, 41, 18, 9, 12, 16, 52, 10, 14, 24, 49, 15, 19, 28, 59, 0, 22, 1, 36, 50, 11, 32, 45, 8, 56, 35, 55, 60, 5, 38, 42, 44, 47, 62
../benchmark_instances/2023result/docs/solver/benchmark/random_instance/random_instance005_graph002.col	65	195	-1	23
	Command being timed: "timeout 20m java -Xms1024g -Xmx1024g -Xss134m -cp pathwidth.jar Pathwidth ../benchmark_instances/2023result/docs/solver/benchmark/random_instance/random_instance005_graph002.col"
	User time (seconds): 0.57
	System time (seconds): 1.40
	Percent of CPU this job got: 107%
	Elapsed (wall clock) time (h:mm:ss or m:ss): 0:01.84
	Average shared text size (kbytes): 0
	Average unshared data size (kbytes): 0
	Average stack size (kbytes): 0
	Average total size (kbytes): 0
	Maximum resident set size (kbytes): 4796012
	Average resident set size (kbytes): 0
	Major (requiring I/O) page faults: 0
	Minor (reclaiming a frame) page faults: 131009
	Voluntary context switches: 2392
	Involuntary context switches: 7
	Swaps: 0
	File system inputs: 8
	File system outputs: 72
	Socket messages sent: 0
	Socket messages received: 0
	Signals delivered: 0
	Page size (bytes): 4096
	Exit status: 0
