../benchmark_instances/2023result/docs/solver/benchmark/exp_instance/SAT_exp_instance008.col
60
1, 16, 17, 0, 3, 2, 22, 20, 21, 23, 24, 25, 5, 4, 18, 19, 6, 7, 30, 28, 29, 8, 26, 27, 11, 31, 32, 33, 10, 34, 35, 36, 37, 38, 39, 9, 44, 42, 43, 12, 40, 15, 41, 45, 46, 47, 48, 49, 50, 51, 52, 53, 13, 54, 55, 56, 14, 57, 58, 59
../benchmark_instances/2023result/docs/solver/benchmark/exp_instance/SAT_exp_instance008.col	60	92	-1	22
	Command being timed: "timeout 20m java -Xms1024g -Xmx1024g -Xss134m -cp pathwidth.jar Pathwidth ../benchmark_instances/2023result/docs/solver/benchmark/exp_instance/SAT_exp_instance008.col"
	User time (seconds): 0.55
	System time (seconds): 1.39
	Percent of CPU this job got: 106%
	Elapsed (wall clock) time (h:mm:ss or m:ss): 0:01.83
	Average shared text size (kbytes): 0
	Average unshared data size (kbytes): 0
	Average stack size (kbytes): 0
	Average total size (kbytes): 0
	Maximum resident set size (kbytes): 4795196
	Average resident set size (kbytes): 0
	Major (requiring I/O) page faults: 0
	Minor (reclaiming a frame) page faults: 130903
	Voluntary context switches: 2401
	Involuntary context switches: 4
	Swaps: 0
	File system inputs: 8
	File system outputs: 72
	Socket messages sent: 0
	Socket messages received: 0
	Signals delivered: 0
	Page size (bytes): 4096
	Exit status: 0
