../benchmark_instances/2023result/docs/solver/benchmark/exp_instance/SAT_exp_instance006.col
36
1, 0, 12, 13, 2, 3, 18, 16, 17, 4, 14, 15, 6, 7, 19, 20, 21, 5, 26, 24, 25, 8, 22, 11, 23, 27, 28, 29, 9, 30, 31, 32, 10, 33, 34, 35
../benchmark_instances/2023result/docs/solver/benchmark/exp_instance/SAT_exp_instance006.col	36	51	-1	21
	Command being timed: "timeout 20m java -Xms1024g -Xmx1024g -Xss134m -cp pathwidth.jar Pathwidth ../benchmark_instances/2023result/docs/solver/benchmark/exp_instance/SAT_exp_instance006.col"
	User time (seconds): 0.53
	System time (seconds): 1.41
	Percent of CPU this job got: 106%
	Elapsed (wall clock) time (h:mm:ss or m:ss): 0:01.82
	Average shared text size (kbytes): 0
	Average unshared data size (kbytes): 0
	Average stack size (kbytes): 0
	Average total size (kbytes): 0
	Maximum resident set size (kbytes): 4794172
	Average resident set size (kbytes): 0
	Major (requiring I/O) page faults: 0
	Minor (reclaiming a frame) page faults: 130796
	Voluntary context switches: 2372
	Involuntary context switches: 4
	Swaps: 0
	File system inputs: 8
	File system outputs: 72
	Socket messages sent: 0
	Socket messages received: 0
	Signals delivered: 0
	Page size (bytes): 4096
	Exit status: 0
