../benchmark_instances/2023result/docs/solver/benchmark/exp_instance/SAT_exp_instance004.col
18
2, 3, 9, 8, 0, 1, 14, 12, 13, 4, 5, 10, 7, 11, 6, 15, 16, 17
../benchmark_instances/2023result/docs/solver/benchmark/exp_instance/SAT_exp_instance004.col	18	22	-1	20
	Command being timed: "timeout 20m java -Xms1024g -Xmx1024g -Xss134m -cp pathwidth.jar Pathwidth ../benchmark_instances/2023result/docs/solver/benchmark/exp_instance/SAT_exp_instance004.col"
	User time (seconds): 0.52
	System time (seconds): 1.41
	Percent of CPU this job got: 105%
	Elapsed (wall clock) time (h:mm:ss or m:ss): 0:01.82
	Average shared text size (kbytes): 0
	Average unshared data size (kbytes): 0
	Average stack size (kbytes): 0
	Average total size (kbytes): 0
	Maximum resident set size (kbytes): 4795212
	Average resident set size (kbytes): 0
	Major (requiring I/O) page faults: 0
	Minor (reclaiming a frame) page faults: 131139
	Voluntary context switches: 2353
	Involuntary context switches: 8
	Swaps: 0
	File system inputs: 8
	File system outputs: 72
	Socket messages sent: 0
	Socket messages received: 0
	Signals delivered: 0
	Page size (bytes): 4096
	Exit status: 0
