../benchmark_instances/2023result/docs/solver/benchmark/2022benchmark/benchmark/sp/sp008.col
104
1, 0, 2, 3, 4, 5, 6, 7, 9, 11, 8, 12, 10, 14, 13, 15, 16, 17, 18, 19, 20, 22, 24, 21, 25, 23, 27, 26, 28, 29, 30, 31, 32, 33, 35, 37, 34, 38, 36, 40, 39, 41, 42, 43, 44, 45, 46, 48, 50, 47, 51, 49, 53, 52, 54, 55, 56, 57, 58, 59, 61, 63, 60, 64, 62, 66, 65, 67, 68, 69, 70, 71, 72, 74, 76, 73, 77, 75, 79, 78, 80, 81, 82, 83, 84, 85, 87, 89, 86, 90, 88, 92, 91, 93, 94, 95, 96, 97, 98, 99, 100, 101, 102, 103
../benchmark_instances/2023result/docs/solver/benchmark/2022benchmark/benchmark/sp/sp008.col	104	654	-1	31
	Command being timed: "timeout 20m java -Xms1024g -Xmx1024g -Xss134m -cp pathwidth.jar Pathwidth ../benchmark_instances/2023result/docs/solver/benchmark/2022benchmark/benchmark/sp/sp008.col"
	User time (seconds): 0.61
	System time (seconds): 1.42
	Percent of CPU this job got: 109%
	Elapsed (wall clock) time (h:mm:ss or m:ss): 0:01.85
	Average shared text size (kbytes): 0
	Average unshared data size (kbytes): 0
	Average stack size (kbytes): 0
	Average total size (kbytes): 0
	Maximum resident set size (kbytes): 4800696
	Average resident set size (kbytes): 0
	Major (requiring I/O) page faults: 0
	Minor (reclaiming a frame) page faults: 131092
	Voluntary context switches: 3053
	Involuntary context switches: 9
	Swaps: 0
	File system inputs: 16
	File system outputs: 72
	Socket messages sent: 0
	Socket messages received: 0
	Signals delivered: 0
	Page size (bytes): 4096
	Exit status: 0
