../benchmark_instances/2023result/docs/solver/benchmark/2022benchmark/benchmark/sp/sp003.col
39
1, 0, 2, 3, 4, 5, 6, 7, 9, 11, 8, 12, 10, 14, 13, 15, 16, 17, 18, 19, 20, 22, 24, 21, 25, 23, 27, 26, 28, 29, 30, 31, 32, 33, 34, 35, 36, 37, 38
../benchmark_instances/2023result/docs/solver/benchmark/2022benchmark/benchmark/sp/sp003.col	39	234	-1	20
	Command being timed: "timeout 20m java -Xms1024g -Xmx1024g -Xss134m -cp pathwidth.jar Pathwidth ../benchmark_instances/2023result/docs/solver/benchmark/2022benchmark/benchmark/sp/sp003.col"
	User time (seconds): 0.53
	System time (seconds): 1.44
	Percent of CPU this job got: 107%
	Elapsed (wall clock) time (h:mm:ss or m:ss): 0:01.84
	Average shared text size (kbytes): 0
	Average unshared data size (kbytes): 0
	Average stack size (kbytes): 0
	Average total size (kbytes): 0
	Maximum resident set size (kbytes): 4811268
	Average resident set size (kbytes): 0
	Major (requiring I/O) page faults: 0
	Minor (reclaiming a frame) page faults: 130851
	Voluntary context switches: 2505
	Involuntary context switches: 9
	Swaps: 0
	File system inputs: 8
	File system outputs: 72
	Socket messages sent: 0
	Socket messages received: 0
	Signals delivered: 0
	Page size (bytes): 4096
	Exit status: 0
