../benchmark_instances/2023result/docs/solver/benchmark/2022benchmark/benchmark/color04/will199GPIA.col
701
0, 654, 104, 101, 98, 99, 102, 103, 2, 212, 213, 210, 211, 1, 214, 215, 217, 216, 107, 106, 109, 111, 110, 105, 108, 472, 475, 331, 334, 333, 224, 225, 330, 471, 474, 222, 656, 3, 218, 221, 4, 6, 220, 655, 5, 473, 476, 561, 563, 469, 470, 560, 207, 208, 209, 206, 559, 556, 203, 204, 468, 555, 558, 562, 557, 9, 7, 8, 219, 223, 332, 564, 566, 479, 114, 113, 112, 478, 481, 477, 480, 565, 482, 115, 116, 118, 117, 335, 336, 338, 339, 232, 233, 230, 658, 10, 11, 13, 226, 229, 12, 228, 657, 16, 14, 15, 227, 231, 337, 567, 569, 485, 121, 120, 119, 484, 487, 483, 486, 568, 488, 340, 341, 343, 344, 400, 401, 403, 404, 660, 20, 17, 18, 237, 19, 236, 659, 234, 122, 123, 238, 124, 240, 125, 241, 23, 235, 239, 342, 22, 21, 24, 25, 27, 26, 128, 127, 126, 490, 491, 570, 572, 406, 493, 346, 348, 349, 407, 494, 244, 245, 345, 405, 489, 492, 571, 242, 129, 130, 246, 131, 248, 662, 30, 243, 247, 347, 29, 28, 31, 32, 34, 33, 134, 135, 133, 409, 410, 496, 497, 577, 579, 412, 499, 351, 353, 354, 413, 500, 136, 137, 132, 249, 663, 573, 575, 138, 661, 252, 253, 256, 250, 254, 350, 408, 411, 495, 498, 574, 578, 37, 251, 255, 352, 36, 35, 38, 39, 41, 40, 142, 141, 140, 415, 416, 502, 503, 585, 587, 418, 505, 356, 358, 359, 419, 506, 260, 261, 580, 582, 139, 257, 355, 414, 417, 501, 504, 581, 586, 258, 143, 144, 262, 145, 264, 44, 259, 263, 357, 43, 42, 45, 46, 48, 47, 149, 148, 147, 421, 422, 508, 509, 593, 595, 424, 511, 361, 363, 364, 425, 512, 268, 269, 588, 590, 146, 265, 360, 420, 423, 507, 510, 589, 594, 266, 150, 151, 270, 152, 272, 153, 273, 576, 583, 584, 591, 592, 664, 665, 666, 667, 669, 670, 671, 672, 675, 676, 677, 51, 267, 271, 362, 50, 49, 52, 53, 55, 54, 155, 156, 154, 157, 158, 427, 428, 514, 515, 601, 603, 430, 517, 596, 598, 599, 366, 368, 369, 431, 518, 56, 58, 57, 367, 159, 674, 275, 276, 277, 279, 280, 600, 274, 278, 365, 426, 429, 513, 516, 597, 602, 59, 60, 61, 62, 160, 281, 163, 162, 161, 433, 434, 520, 521, 609, 611, 436, 523, 604, 606, 607, 371, 373, 374, 437, 524, 680, 681, 682, 164, 165, 166, 679, 284, 285, 288, 608, 282, 286, 370, 432, 435, 519, 522, 605, 610, 167, 289, 668, 673, 678, 694, 695, 696, 697, 698, 684, 685, 686, 687, 699, 693, 700, 65, 283, 287, 372, 64, 63, 439, 440, 612, 614, 615, 616, 617, 619, 442, 443, 527, 169, 170, 168, 526, 171, 172, 529, 174, 173, 683, 376, 378, 379, 296, 297, 375, 438, 441, 525, 528, 613, 618, 69, 66, 67, 290, 293, 294, 68, 292, 530, 689, 690, 691, 692, 72, 291, 295, 377, 71, 70, 445, 446, 620, 622, 623, 624, 625, 627, 448, 449, 533, 176, 177, 175, 532, 178, 179, 535, 181, 180, 688, 381, 383, 384, 304, 305, 380, 444, 447, 531, 534, 621, 626, 76, 73, 74, 298, 301, 302, 75, 300, 536, 79, 299, 303, 382, 78, 77, 80, 81, 83, 82, 184, 183, 182, 451, 452, 538, 539, 628, 630, 631, 632, 634, 454, 541, 386, 388, 389, 455, 542, 185, 186, 188, 187, 306, 310, 308, 309, 312, 313, 385, 450, 453, 537, 540, 629, 633, 86, 307, 311, 387, 85, 84, 87, 88, 90, 89, 191, 190, 189, 457, 458, 544, 545, 635, 637, 638, 640, 460, 547, 391, 393, 394, 461, 548, 91, 93, 94, 96, 97, 100, 322, 324, 325, 326, 92, 95, 323, 327, 402, 205, 328, 329, 199, 200, 201, 202, 196, 197, 192, 193, 194, 195, 198, 392, 314, 318, 396, 397, 398, 399, 463, 464, 466, 467, 550, 551, 553, 554, 648, 649, 651, 652, 653, 643, 315, 316, 317, 319, 320, 321, 390, 395, 456, 459, 462, 465, 543, 546, 549, 552, 636, 639, 641, 642, 644, 645, 646, 647, 650
../benchmark_instances/2023result/docs/solver/benchmark/2022benchmark/benchmark/color04/will199GPIA.col	701	6772	-1	200
	Command being timed: "timeout 20m java -Xms1024g -Xmx1024g -Xss134m -cp pathwidth.jar Pathwidth ../benchmark_instances/2023result/docs/solver/benchmark/2022benchmark/benchmark/color04/will199GPIA.col"
	User time (seconds): 1.49
	System time (seconds): 1.48
	Percent of CPU this job got: 144%
	Elapsed (wall clock) time (h:mm:ss or m:ss): 0:02.06
	Average shared text size (kbytes): 0
	Average unshared data size (kbytes): 0
	Average stack size (kbytes): 0
	Average total size (kbytes): 0
	Maximum resident set size (kbytes): 4942412
	Average resident set size (kbytes): 0
	Major (requiring I/O) page faults: 0
	Minor (reclaiming a frame) page faults: 140757
	Voluntary context switches: 3985
	Involuntary context switches: 43
	Swaps: 0
	File system inputs: 136
	File system outputs: 72
	Socket messages sent: 0
	Socket messages received: 0
	Signals delivered: 0
	Page size (bytes): 4096
	Exit status: 0
