Input graph file parsed. # of vertices = 30, # of edges = 100
s 1 5 6 8 19 20 21 22 23 24 25 26 27 29
Solution space ZDD construction start
Solution space ZDD construction end
Solution space ZDD construction time = 0.003457
Solution space ZDD size = 664
# of elements in the solution space = 83039
Start searching the longest reconfiguration sequence
Step 1 time = 0.000061, # ZDD nodes = 14, # elems = 1
Step 2 time = 0.000015, # ZDD nodes = 0, # elems = 0
a 1 5 6 8 19 20 21 22 23 24 25 26 27 29
a 2 5 6 8 19 20 21 22 23 24 25 26 27 29
Reconfiguration time = 0.000240
	Command being timed: "timeout 20m ../ddreconf/ddreconf ../benchmark_instances/2023result/docs/solver/benchmark/2022benchmark/benchmark/color04/1-FullIns_3.col --stfile=../benchmark_instances/2023result/docs/solver/benchmark/2022benchmark/benchmark/color04/1-FullIns_3_01.dat --tj --indset --longest"
	User time (seconds): 0.01
	System time (seconds): 0.00
	Percent of CPU this job got: 94%
	Elapsed (wall clock) time (h:mm:ss or m:ss): 0:00.01
	Average shared text size (kbytes): 0
	Average unshared data size (kbytes): 0
	Average stack size (kbytes): 0
	Average total size (kbytes): 0
	Maximum resident set size (kbytes): 31984
	Average resident set size (kbytes): 0
	Major (requiring I/O) page faults: 0
	Minor (reclaiming a frame) page faults: 908
	Voluntary context switches: 5
	Involuntary context switches: 0
	Swaps: 0
	File system inputs: 40
	File system outputs: 8
	Socket messages sent: 0
	Socket messages received: 0
	Signals delivered: 0
	Page size (bytes): 4096
	Exit status: 0
