Input graph file parsed. # of vertices = 67, # of edges = 232
s 59 61 63 64 60 62 65 45 47 50 17 15 19 20 46 2 16 48 51 18 4 21 7 52 54 56 57 53 66 55 58
Solution space ZDD construction start
Solution space ZDD construction end
Solution space ZDD construction time = 0.366127
Solution space ZDD size = 20258
# of elements in the solution space = 232007606571
Start searching the longest reconfiguration sequence
Step 1 time = 0.000118, # ZDD nodes = 82, # elems = 33
Step 2 time = 0.000314, # ZDD nodes = 172, # elems = 67
Step 3 time = 0.000734, # ZDD nodes = 246, # elems = 71
Step 4 time = 0.001899, # ZDD nodes = 256, # elems = 67
Step 5 time = 0.001185, # ZDD nodes = 174, # elems = 12
Step 6 time = 0.000727, # ZDD nodes = 108, # elems = 6
Step 7 time = 0.002026, # ZDD nodes = 51, # elems = 2
Step 8 time = 0.000143, # ZDD nodes = 0, # elems = 0
a 2 4 7 15 16 17 18 19 20 21 45 46 47 48 50 51 52 53 54 55 56 57 58 59 60 61 62 63 64 65 66
a 3 4 7 15 16 17 18 19 20 21 45 46 47 48 50 51 52 53 54 55 56 57 58 59 60 61 62 63 64 65 66
a 3 4 7 15 17 18 19 20 21 45 46 47 48 49 50 51 52 53 54 55 56 57 58 59 60 61 62 63 64 65 66
a 3 4 7 10 15 17 18 19 21 45 46 47 48 49 50 51 52 53 54 55 56 57 58 59 60 61 62 63 64 65 66
a 1 3 7 10 15 17 18 19 21 45 46 47 48 49 50 51 52 53 54 55 56 57 58 59 60 61 62 63 64 65 66
a 1 3 7 8 10 15 17 19 21 45 46 47 48 49 50 51 52 53 54 55 56 57 58 59 60 61 62 63 64 65 66
a 1 3 5 8 10 15 17 19 21 45 46 47 48 49 50 51 52 53 54 55 56 57 58 59 60 61 62 63 64 65 66
a 1 3 5 8 10 12 15 17 19 45 46 47 48 49 50 51 52 53 54 55 56 57 58 59 60 61 62 63 64 65 66
Reconfiguration time = 0.013899
	Command being timed: "timeout 20m ../ddreconf/ddreconf ../instances_pw_col/1-Insertions_4.pw.col --stfile=../benchmark_instances/2023result/docs/solver/benchmark/2022benchmark/benchmark/color04/1-Insertions_4_02.dat --tj --indset --longest"
	User time (seconds): 0.37
	System time (seconds): 0.02
	Percent of CPU this job got: 99%
	Elapsed (wall clock) time (h:mm:ss or m:ss): 0:00.40
	Average shared text size (kbytes): 0
	Average unshared data size (kbytes): 0
	Average stack size (kbytes): 0
	Average total size (kbytes): 0
	Maximum resident set size (kbytes): 70784
	Average resident set size (kbytes): 0
	Major (requiring I/O) page faults: 0
	Minor (reclaiming a frame) page faults: 4261
	Voluntary context switches: 4
	Involuntary context switches: 1
	Swaps: 0
	File system inputs: 8
	File system outputs: 8
	Socket messages sent: 0
	Socket messages received: 0
	Signals delivered: 0
	Page size (bytes): 4096
	Exit status: 0
