Input graph file parsed. # of vertices = 52, # of edges = 201
s 19 20 23 15 13 16 14 22 17 18 21 24 38 37 39 40 42 51 46 43 44 47 45 48
Solution space ZDD construction start
Solution space ZDD construction end
Solution space ZDD construction time = 0.022158
Solution space ZDD size = 4914
# of elements in the solution space = 209515460
Start searching the longest reconfiguration sequence
Step 1 time = 0.000071, # ZDD nodes = 48, # elems = 24
Step 2 time = 0.000101, # ZDD nodes = 30, # elems = 2
Step 3 time = 0.000045, # ZDD nodes = 0, # elems = 0
a 13 14 15 16 17 18 19 20 21 22 23 24 37 38 39 40 42 43 44 45 46 47 48 51
a 14 15 16 17 18 19 20 21 22 23 24 37 38 39 40 41 42 43 44 45 46 47 48 51
a 2 14 16 17 18 19 20 21 22 23 24 37 38 39 40 41 42 43 44 45 46 47 48 51
Reconfiguration time = 0.000594
	Command being timed: "timeout 20m ../ddreconf/ddreconf ../instances_pw_col/2-FullIns_3.pw.col --stfile=../benchmark_instances/2023result/docs/solver/benchmark/2022benchmark/benchmark/color04/2-FullIns_3_01.dat --tj --indset --longest"
	User time (seconds): 0.02
	System time (seconds): 0.00
	Percent of CPU this job got: 97%
	Elapsed (wall clock) time (h:mm:ss or m:ss): 0:00.03
	Average shared text size (kbytes): 0
	Average unshared data size (kbytes): 0
	Average stack size (kbytes): 0
	Average total size (kbytes): 0
	Maximum resident set size (kbytes): 33012
	Average resident set size (kbytes): 0
	Major (requiring I/O) page faults: 0
	Minor (reclaiming a frame) page faults: 1134
	Voluntary context switches: 6
	Involuntary context switches: 1
	Swaps: 0
	File system inputs: 48
	File system outputs: 8
	Socket messages sent: 0
	Socket messages received: 0
	Signals delivered: 0
	Page size (bytes): 4096
	Exit status: 0
