Input graph file parsed. # of vertices = 37, # of edges = 72
s 28 30 10 12 11 29 15 34 16 36 32 14 17 13 18 31 35
Solution space ZDD construction start
Solution space ZDD construction end
Solution space ZDD construction time = 0.004266
Solution space ZDD size = 1128
# of elements in the solution space = 6031508
Start searching the longest reconfiguration sequence
Step 1 time = 0.000095, # ZDD nodes = 34, # elems = 17
Step 2 time = 0.000086, # ZDD nodes = 71, # elems = 9
Step 3 time = 0.000210, # ZDD nodes = 90, # elems = 9
Step 4 time = 0.000257, # ZDD nodes = 73, # elems = 9
Step 5 time = 0.000134, # ZDD nodes = 58, # elems = 9
Step 6 time = 0.000069, # ZDD nodes = 0, # elems = 0
a 10 11 12 13 14 15 16 17 18 28 29 30 31 32 34 35 36
a 10 11 12 14 15 16 17 18 28 29 30 31 32 33 34 35 36
a 5 10 11 12 14 15 16 18 28 29 30 31 32 33 34 35 36
a 1 5 10 12 14 15 16 18 28 29 30 31 32 33 34 35 36
a 1 3 5 10 12 14 16 18 28 29 30 31 32 33 34 35 36
a 1 3 5 7 10 12 14 16 28 29 30 31 32 33 34 35 36
Reconfiguration time = 0.002074
	Command being timed: "timeout 20m ../ddreconf/ddreconf ../instances_pw_col/2-Insertions_3.pw.col --stfile=../benchmark_instances/2023result/docs/solver/benchmark/2022benchmark/benchmark/color04/2-Insertions_3_01.dat --tj --indset --longest"
	User time (seconds): 0.01
	System time (seconds): 0.00
	Percent of CPU this job got: 95%
	Elapsed (wall clock) time (h:mm:ss or m:ss): 0:00.02
	Average shared text size (kbytes): 0
	Average unshared data size (kbytes): 0
	Average stack size (kbytes): 0
	Average total size (kbytes): 0
	Maximum resident set size (kbytes): 31760
	Average resident set size (kbytes): 0
	Major (requiring I/O) page faults: 0
	Minor (reclaiming a frame) page faults: 998
	Voluntary context switches: 7
	Involuntary context switches: 2
	Swaps: 0
	File system inputs: 80
	File system outputs: 8
	Socket messages sent: 0
	Socket messages received: 0
	Signals delivered: 0
	Page size (bytes): 4096
	Exit status: 0
