Input graph file parsed. # of vertices = 80, # of edges = 346
s 1 5 6 9 10 12 31 32 33 34 35 36 37 38 39 40 41 42 43 44 45 61 62 63 64 65 66 67 68 69 70 71 72 73 74 75 79
Solution space ZDD construction start
Solution space ZDD construction end
Solution space ZDD construction time = 0.176893
Solution space ZDD size = 61729
# of elements in the solution space = 4560332427351
Start searching the longest reconfiguration sequence
Step 1 time = 0.000080, # ZDD nodes = 75, # elems = 3
Step 2 time = 0.000120, # ZDD nodes = 80, # elems = 4
Step 3 time = 0.000121, # ZDD nodes = 76, # elems = 3
Step 4 time = 0.000104, # ZDD nodes = 37, # elems = 1
Step 5 time = 0.000021, # ZDD nodes = 0, # elems = 0
a 1 5 6 9 10 12 31 32 33 34 35 36 37 38 39 40 41 42 43 44 45 61 62 63 64 65 66 67 68 69 70 71 72 73 74 75 79
a 1 5 6 9 10 12 31 32 33 34 35 36 37 38 39 40 41 42 43 44 45 61 62 63 64 65 66 67 68 69 70 71 72 73 74 75 77
a 1 5 6 9 10 14 31 32 33 34 35 36 37 38 39 40 41 42 43 44 45 61 62 63 64 65 66 67 68 69 70 71 72 73 74 75 77
a 2 5 6 9 10 14 31 32 33 34 35 36 37 38 39 40 41 42 43 44 45 61 62 63 64 65 66 67 68 69 70 71 72 73 74 75 77
a 2 4 6 9 10 14 31 32 33 34 35 36 37 38 39 40 41 42 43 44 45 61 62 63 64 65 66 67 68 69 70 71 72 73 74 75 77
Reconfiguration time = 0.001735
	Command being timed: "timeout 20m ../ddreconf/ddreconf ../benchmark_instances/2023result/docs/solver/benchmark/2022benchmark/benchmark/color04/3-FullIns_3.col --stfile=../benchmark_instances/2023result/docs/solver/benchmark/2022benchmark/benchmark/color04/3-FullIns_3_01.dat --tj --indset --longest"
	User time (seconds): 0.19
	System time (seconds): 0.01
	Percent of CPU this job got: 99%
	Elapsed (wall clock) time (h:mm:ss or m:ss): 0:00.20
	Average shared text size (kbytes): 0
	Average unshared data size (kbytes): 0
	Average stack size (kbytes): 0
	Average total size (kbytes): 0
	Maximum resident set size (kbytes): 37108
	Average resident set size (kbytes): 0
	Major (requiring I/O) page faults: 0
	Minor (reclaiming a frame) page faults: 2275
	Voluntary context switches: 4
	Involuntary context switches: 0
	Swaps: 0
	File system inputs: 8
	File system outputs: 8
	Socket messages sent: 0
	Socket messages received: 0
	Signals delivered: 0
	Page size (bytes): 4096
	Exit status: 0
