Input graph file parsed. # of vertices = 56, # of edges = 110
s 45 47 23 25 2 24 46 48 26 4 49 27 52 30 8 53 31 55 51 6 29 10 32 28 33 50 54
Solution space ZDD construction start
Solution space ZDD construction end
Solution space ZDD construction time = 0.014666
Solution space ZDD size = 5841
# of elements in the solution space = 16999974125
Start searching the longest reconfiguration sequence
Step 1 time = 0.000097, # ZDD nodes = 35, # elems = 2
Step 2 time = 0.000130, # ZDD nodes = 40, # elems = 2
Step 3 time = 0.000056, # ZDD nodes = 45, # elems = 2
Step 4 time = 0.000070, # ZDD nodes = 37, # elems = 2
Step 5 time = 0.000140, # ZDD nodes = 32, # elems = 2
Step 6 time = 0.000105, # ZDD nodes = 0, # elems = 0
a 2 4 6 8 10 23 24 25 26 27 28 29 30 31 32 33 45 46 47 48 49 50 51 52 53 54 55
a 2 4 6 8 11 23 24 25 26 27 28 29 30 31 32 33 45 46 47 48 49 50 51 52 53 54 55
a 2 4 7 8 11 23 24 25 26 27 28 29 30 31 32 33 45 46 47 48 49 50 51 52 53 54 55
a 3 4 7 8 11 23 24 25 26 27 28 29 30 31 32 33 45 46 47 48 49 50 51 52 53 54 55
a 1 3 7 8 11 23 24 25 26 27 28 29 30 31 32 33 45 46 47 48 49 50 51 52 53 54 55
a 1 3 5 7 11 23 24 25 26 27 28 29 30 31 32 33 45 46 47 48 49 50 51 52 53 54 55
Reconfiguration time = 0.002787
	Command being timed: "timeout 20m ../ddreconf/ddreconf ../instances_pw_col/3-Insertions_3.pw.col --stfile=../benchmark_instances/2023result/docs/solver/benchmark/2022benchmark/benchmark/color04/3-Insertions_3_01.dat --tj --indset --longest"
	User time (seconds): 0.02
	System time (seconds): 0.01
	Percent of CPU this job got: 100%
	Elapsed (wall clock) time (h:mm:ss or m:ss): 0:00.03
	Average shared text size (kbytes): 0
	Average unshared data size (kbytes): 0
	Average stack size (kbytes): 0
	Average total size (kbytes): 0
	Maximum resident set size (kbytes): 34036
	Average resident set size (kbytes): 0
	Major (requiring I/O) page faults: 0
	Minor (reclaiming a frame) page faults: 1168
	Voluntary context switches: 5
	Involuntary context switches: 1
	Swaps: 0
	File system inputs: 16
	File system outputs: 8
	Socket messages sent: 0
	Socket messages received: 0
	Signals delivered: 0
	Page size (bytes): 4096
	Exit status: 0
