Input graph file parsed. # of vertices = 114, # of edges = 541
s 19 20 55 56 91 93 94 57 58 21 22 95 96 59 60 23 24 97 98 61 62 25 26 99 100 63 64 27 28 101 102 104 105 106 107 113 103 67 31 29 30 32 33 34 35 36 65 66 68 69 70 71 72 108
Solution space ZDD construction start
Solution space ZDD construction end
Solution space ZDD construction time = 6780.568029
Solution space ZDD size = 8867288
# of elements in the solution space = 767186184427266378
Start searching the longest reconfiguration sequence
Step 1 time = 0.000322, # ZDD nodes = 155, # elems = 55
Step 2 time = 0.000879, # ZDD nodes = 171, # elems = 55
Step 3 time = 0.000787, # ZDD nodes = 65, # elems = 2
Step 4 time = 0.000138, # ZDD nodes = 0, # elems = 0
a 19 20 21 22 23 24 25 26 27 28 29 30 31 32 33 34 35 36 55 56 57 58 59 60 61 62 63 64 65 66 67 68 69 70 71 72 91 93 94 95 96 97 98 99 100 101 102 103 104 105 106 107 108 113
a 19 20 21 22 23 24 25 26 27 28 29 30 31 32 33 34 35 36 55 56 57 58 59 60 61 62 63 64 65 66 67 68 69 70 71 72 91 93 94 95 96 97 98 99 100 101 102 103 104 105 106 107 108 111
a 19 20 22 23 24 25 26 27 28 29 30 31 32 33 34 35 36 55 56 57 58 59 60 61 62 63 64 65 66 67 68 69 70 71 72 91 92 93 94 95 96 97 98 99 100 101 102 103 104 105 106 107 108 111
a 2 20 22 23 24 25 26 27 28 29 30 31 32 33 34 35 36 55 56 57 58 59 60 61 62 63 64 65 66 67 68 69 70 71 72 91 92 93 94 95 96 97 98 99 100 101 102 103 104 105 106 107 108 111
Reconfiguration time = 0.003918
	Command being timed: "timeout 160m ../ddreconf/ddreconf ../instances_pwwt_col/4-FullIns_3.pwwt.col --stfile=../benchmark_instances/2023result/docs/solver/benchmark/2022benchmark/benchmark/color04/4-FullIns_3_02.dat --tj --indset --longest"
	User time (seconds): 6614.39
	System time (seconds): 156.25
	Percent of CPU this job got: 99%
	Elapsed (wall clock) time (h:mm:ss or m:ss): 1:53:04
	Average shared text size (kbytes): 0
	Average unshared data size (kbytes): 0
	Average stack size (kbytes): 0
	Average total size (kbytes): 0
	Maximum resident set size (kbytes): 297157000
	Average resident set size (kbytes): 0
	Major (requiring I/O) page faults: 0
	Minor (reclaiming a frame) page faults: 6764784
	Voluntary context switches: 49
	Involuntary context switches: 3361
	Swaps: 0
	File system inputs: 8
	File system outputs: 16
	Socket messages sent: 0
	Socket messages received: 0
	Signals delivered: 0
	Page size (bytes): 4096
	Exit status: 0
