Input graph file parsed. # of vertices = 79, # of edges = 156
s 66 68 40 42 14 16 15 41 71 45 19 72 46 20 75 49 23 76 50 24 78 52 26 69 43 17 70 44 18 74 48 22 25 21 51 47 73 77
Solution space ZDD construction start
Solution space ZDD construction end
Solution space ZDD construction time = 0.051763
Solution space ZDD size = 27622
# of elements in the solution space = 245227225296269
Start searching the longest reconfiguration sequence
Step 1 time = 0.000077, # ZDD nodes = 76, # elems = 38
Step 2 time = 0.000244, # ZDD nodes = 178, # elems = 13
Step 3 time = 0.000758, # ZDD nodes = 250, # elems = 13
Step 4 time = 0.000660, # ZDD nodes = 274, # elems = 13
Step 5 time = 0.000449, # ZDD nodes = 250, # elems = 13
Step 6 time = 0.000387, # ZDD nodes = 176, # elems = 13
Step 7 time = 0.000284, # ZDD nodes = 128, # elems = 13
Step 8 time = 0.000171, # ZDD nodes = 0, # elems = 0
a 14 15 16 17 18 19 20 21 22 23 24 25 26 40 41 42 43 44 45 46 47 48 49 50 51 52 66 68 69 70 71 72 73 74 75 76 77 78
a 14 15 16 17 18 19 20 21 23 24 25 26 40 41 42 43 44 45 46 47 48 49 50 51 52 66 67 68 69 70 71 72 73 74 75 76 77 78
a 12 14 15 16 17 18 19 20 21 23 24 25 40 41 42 43 44 45 46 47 48 49 50 51 52 66 67 68 69 70 71 72 73 74 75 76 77 78
a 8 12 14 15 16 17 19 20 21 23 24 25 40 41 42 43 44 45 46 47 48 49 50 51 52 66 67 68 69 70 71 72 73 74 75 76 77 78
a 4 8 12 15 16 17 19 20 21 23 24 25 40 41 42 43 44 45 46 47 48 49 50 51 52 66 67 68 69 70 71 72 73 74 75 76 77 78
a 2 4 8 12 15 17 19 20 21 23 24 25 40 41 42 43 44 45 46 47 48 49 50 51 52 66 67 68 69 70 71 72 73 74 75 76 77 78
a 2 4 6 8 12 15 17 19 21 23 24 25 40 41 42 43 44 45 46 47 48 49 50 51 52 66 67 68 69 70 71 72 73 74 75 76 77 78
a 2 4 6 8 10 12 15 17 19 21 23 25 40 41 42 43 44 45 46 47 48 49 50 51 52 66 67 68 69 70 71 72 73 74 75 76 77 78
Reconfiguration time = 0.013771
	Command being timed: "timeout 20m ../ddreconf/ddreconf ../instances_pw_col/4-Insertions_3.pw.col --stfile=../benchmark_instances/2023result/docs/solver/benchmark/2022benchmark/benchmark/color04/4-Insertions_3_02.dat --tj --indset --longest"
	User time (seconds): 0.07
	System time (seconds): 0.01
	Percent of CPU this job got: 97%
	Elapsed (wall clock) time (h:mm:ss or m:ss): 0:00.08
	Average shared text size (kbytes): 0
	Average unshared data size (kbytes): 0
	Average stack size (kbytes): 0
	Average total size (kbytes): 0
	Maximum resident set size (kbytes): 34036
	Average resident set size (kbytes): 0
	Major (requiring I/O) page faults: 0
	Minor (reclaiming a frame) page faults: 1647
	Voluntary context switches: 4
	Involuntary context switches: 2
	Swaps: 0
	File system inputs: 8
	File system outputs: 8
	Socket messages sent: 0
	Socket messages received: 0
	Signals delivered: 0
	Page size (bytes): 4096
	Exit status: 0
