Input graph file parsed. # of vertices = 79, # of edges = 156
s 66 68 40 42 14 16 70 44 18 72 46 20 74 48 22 24 25 21 17 15 19 23 26 50 51 47 43 41 45 49 52 76 78 75 71 69 73 77
Solution space ZDD construction start
Solution space ZDD construction end
Solution space ZDD construction time = 0.032357
Solution space ZDD size = 19853
# of elements in the solution space = 245227225296269
Start searching the longest reconfiguration sequence
Step 1 time = 0.000094, # ZDD nodes = 76, # elems = 38
Step 2 time = 0.000199, # ZDD nodes = 132, # elems = 13
Step 3 time = 0.000546, # ZDD nodes = 164, # elems = 13
Step 4 time = 0.000319, # ZDD nodes = 182, # elems = 13
Step 5 time = 0.000308, # ZDD nodes = 184, # elems = 13
Step 6 time = 0.000486, # ZDD nodes = 172, # elems = 13
Step 7 time = 0.000596, # ZDD nodes = 159, # elems = 13
Step 8 time = 0.000341, # ZDD nodes = 0, # elems = 0
a 14 15 16 17 18 19 20 21 22 23 24 25 26 40 41 42 43 44 45 46 47 48 49 50 51 52 66 68 69 70 71 72 73 74 75 76 77 78
a 14 15 16 17 18 19 20 21 22 23 24 26 40 41 42 43 44 45 46 47 48 49 50 51 52 66 67 68 69 70 71 72 73 74 75 76 77 78
a 13 14 15 16 17 18 19 20 21 22 23 26 40 41 42 43 44 45 46 47 48 49 50 51 52 66 67 68 69 70 71 72 73 74 75 76 77 78
a 10 13 14 15 16 17 18 19 21 22 23 26 40 41 42 43 44 45 46 47 48 49 50 51 52 66 67 68 69 70 71 72 73 74 75 76 77 78
a 9 10 13 14 15 16 17 18 19 22 23 26 40 41 42 43 44 45 46 47 48 49 50 51 52 66 67 68 69 70 71 72 73 74 75 76 77 78
a 6 9 10 13 14 15 17 18 19 22 23 26 40 41 42 43 44 45 46 47 48 49 50 51 52 66 67 68 69 70 71 72 73 74 75 76 77 78
a 5 6 9 10 13 14 15 18 19 22 23 26 40 41 42 43 44 45 46 47 48 49 50 51 52 66 67 68 69 70 71 72 73 74 75 76 77 78
a 1 5 6 9 10 13 14 18 19 22 23 26 40 41 42 43 44 45 46 47 48 49 50 51 52 66 67 68 69 70 71 72 73 74 75 76 77 78
Reconfiguration time = 0.009732
	Command being timed: "timeout 20m ../ddreconf/ddreconf ../instances_pwwt_col/4-Insertions_3.pwwt.col --stfile=../benchmark_instances/2023result/docs/solver/benchmark/2022benchmark/benchmark/color04/4-Insertions_3_02.dat --tj --indset --longest"
	User time (seconds): 0.04
	System time (seconds): 0.01
	Percent of CPU this job got: 98%
	Elapsed (wall clock) time (h:mm:ss or m:ss): 0:00.05
	Average shared text size (kbytes): 0
	Average unshared data size (kbytes): 0
	Average stack size (kbytes): 0
	Average total size (kbytes): 0
	Maximum resident set size (kbytes): 34036
	Average resident set size (kbytes): 0
	Major (requiring I/O) page faults: 0
	Minor (reclaiming a frame) page faults: 1420
	Voluntary context switches: 3
	Involuntary context switches: 1
	Swaps: 0
	File system inputs: 0
	File system outputs: 8
	Socket messages sent: 0
	Socket messages received: 0
	Signals delivered: 0
	Page size (bytes): 4096
	Exit status: 0
