Input graph file parsed. # of vertices = 138, # of edges = 493
s 1 2 3 4 5 6 9 10 11 14 15 17 23 31 39 87 88 107 113 114 121 132 19 22 24 25 26 27 29 33 48 66 71 80 103 125 37 38 41 42 43 44 46 47 96 52 55 56 58 59 62 63 90 65 67 69 75 105 76 101 79 82 102 91 93 94 104 124 110 108 111 112 137 117 118 119 128 129 131 134
Solution space ZDD construction start
Solution space ZDD construction end
Solution space ZDD construction time = 2834.490639
Solution space ZDD size = 240778360
# of elements in the solution space = 246319342336314321386707353600
Start searching the longest reconfiguration sequence
Step 1 time = 0.002664, # ZDD nodes = 497, # elems = 24
Step 2 time = 0.011678, # ZDD nodes = 1858, # elems = 269
Step 3 time = 0.034803, # ZDD nodes = 5144, # elems = 1880
Step 4 time = 0.084871, # ZDD nodes = 11596, # elems = 9222
Step 5 time = 0.181194, # ZDD nodes = 22225, # elems = 33862
Step 6 time = 0.342626, # ZDD nodes = 37129, # elems = 96863
Step 7 time = 0.551696, # ZDD nodes = 55134, # elems = 221640
Step 8 time = 0.772871, # ZDD nodes = 73723, # elems = 413026
Step 9 time = 0.946182, # ZDD nodes = 89395, # elems = 634358
Step 10 time = 1.021297, # ZDD nodes = 98631, # elems = 808863
Step 11 time = 0.974345, # ZDD nodes = 99103, # elems = 859024
Step 12 time = 0.817578, # ZDD nodes = 90487, # elems = 759398
Step 13 time = 0.603211, # ZDD nodes = 74598, # elems = 556242
Step 14 time = 0.390488, # ZDD nodes = 54886, # elems = 334465
Step 15 time = 0.220145, # ZDD nodes = 35430, # elems = 162584
Step 16 time = 0.107558, # ZDD nodes = 19614, # elems = 62385
Step 17 time = 0.045308, # ZDD nodes = 9014, # elems = 18202
Step 18 time = 0.016792, # ZDD nodes = 3295, # elems = 3796
Step 19 time = 0.005560, # ZDD nodes = 900, # elems = 504
Step 20 time = 0.001624, # ZDD nodes = 147, # elems = 32
Step 21 time = 0.000284, # ZDD nodes = 0, # elems = 0
a 1 2 3 4 5 6 9 10 11 14 15 17 19 22 23 24 25 26 27 29 31 33 37 38 39 41 42 43 44 46 47 48 52 55 56 58 59 62 63 65 66 67 69 71 75 76 79 80 82 87 88 90 91 93 94 96 101 102 103 104 105 107 108 110 111 112 113 114 117 118 119 121 124 125 128 129 131 132 134 137
a 1 2 3 4 5 6 9 10 11 14 15 17 19 22 23 24 25 26 27 29 31 33 37 38 39 41 42 43 44 47 48 52 55 56 58 59 62 63 65 66 67 69 71 75 76 79 80 82 87 88 90 91 93 94 96 101 102 103 104 105 107 108 110 111 112 113 114 117 118 119 121 124 125 128 129 130 131 132 134 137
a 1 2 3 4 5 6 9 10 11 14 15 16 17 19 22 23 24 25 26 27 29 31 37 38 39 41 42 43 44 47 48 52 55 56 58 59 62 63 65 66 67 69 71 75 76 79 80 82 87 88 90 91 93 94 96 101 102 103 104 105 107 108 110 111 112 113 114 117 118 119 121 124 125 128 129 130 131 132 134 137
a 1 2 3 4 5 6 9 10 11 14 15 16 17 19 22 23 24 25 26 27 29 31 37 38 39 41 42 43 44 47 48 52 55 56 58 59 62 63 65 66 67 69 71 75 76 79 80 82 87 88 90 91 93 94 96 101 102 103 104 105 107 108 110 111 113 114 117 118 119 120 121 124 125 128 129 130 131 132 134 137
a 1 2 3 4 5 6 9 10 11 14 15 16 17 19 22 23 24 25 26 27 29 31 37 38 39 41 42 43 44 47 48 52 55 56 58 59 62 63 65 66 67 69 71 75 76 79 80 82 87 88 90 91 94 96 101 102 103 104 105 107 108 110 111 113 114 115 117 118 119 120 121 124 125 128 129 130 131 132 134 137
a 1 2 3 4 5 6 9 10 11 14 15 16 17 19 22 23 24 25 26 27 29 31 37 38 39 41 42 43 44 47 48 52 55 56 58 59 62 63 65 66 67 69 71 75 76 79 80 82 87 88 90 91 94 96 101 102 103 104 105 107 108 109 110 111 113 114 115 117 118 119 120 121 124 125 128 129 130 131 132 134
a 1 2 3 4 5 6 9 10 11 14 15 16 17 19 22 23 24 25 26 27 29 31 37 38 39 41 42 43 44 47 48 52 56 58 59 62 63 65 66 67 69 71 75 76 79 80 82 87 88 90 91 92 94 96 101 102 103 104 105 107 108 109 110 111 113 114 115 117 118 119 120 121 124 125 128 129 130 131 132 134
a 1 2 3 4 5 6 9 10 11 14 15 16 17 19 22 23 24 25 26 27 29 31 37 38 39 41 42 43 44 47 48 52 56 58 59 62 63 65 66 67 69 71 75 76 79 80 81 82 87 88 90 92 94 96 101 102 103 104 105 107 108 109 110 111 113 114 115 117 118 119 120 121 124 125 128 129 130 131 132 134
a 1 2 3 4 5 6 9 10 11 14 15 16 17 19 22 23 24 25 26 27 29 31 37 38 39 41 42 43 44 47 48 52 56 58 59 62 63 65 66 67 71 75 76 79 80 81 82 86 87 88 90 92 94 96 101 102 103 104 105 107 108 109 110 111 113 114 115 117 118 119 120 121 124 125 128 129 130 131 132 134
a 1 2 3 4 5 6 9 10 11 14 15 16 17 19 22 23 24 25 26 27 29 31 37 38 39 41 42 43 44 47 48 52 56 58 59 60 62 63 65 66 67 71 75 76 79 80 81 82 86 87 88 90 92 94 96 101 102 103 104 105 107 108 109 110 111 113 114 115 118 119 120 121 124 125 128 129 130 131 132 134
a 1 2 3 4 5 6 9 10 11 14 15 16 17 19 22 23 24 25 26 27 29 31 37 38 39 41 42 43 44 47 48 51 52 56 58 59 60 62 63 65 66 67 71 75 79 80 81 82 86 87 88 90 92 94 96 101 102 103 104 105 107 108 109 110 111 113 114 115 118 119 120 121 124 125 128 129 130 131 132 134
a 1 2 3 4 5 6 9 10 11 14 15 16 17 19 22 23 24 25 26 27 29 31 37 38 39 41 42 43 44 47 48 50 51 52 56 58 59 60 62 63 65 66 67 71 75 79 80 81 82 86 87 88 90 92 94 101 102 103 104 105 107 108 109 110 111 113 114 115 118 119 120 121 124 125 128 129 130 131 132 134
a 1 2 3 4 5 6 9 10 11 14 15 16 17 19 22 23 24 25 26 27 29 31 37 38 39 41 42 43 44 47 48 49 50 51 52 56 58 59 60 62 63 65 66 67 71 75 79 80 81 82 86 87 88 90 92 94 101 102 103 104 105 107 108 109 110 111 113 114 115 118 119 120 121 124 125 128 129 130 132 134
a 1 2 3 4 5 6 9 10 11 14 15 16 17 19 22 23 24 25 26 27 29 31 37 38 39 40 41 42 43 44 47 48 49 50 51 52 56 58 59 60 63 65 66 67 71 75 79 80 81 82 86 87 88 90 92 94 101 102 103 104 105 107 108 109 110 111 113 114 115 118 119 120 121 124 125 128 129 130 132 134
a 1 2 3 4 5 6 9 10 11 14 15 16 17 19 22 23 24 25 26 27 29 31 35 37 38 39 40 41 42 43 44 47 48 49 50 51 52 56 58 59 60 63 65 66 67 71 75 79 80 81 82 86 87 88 92 94 101 102 103 104 105 107 108 109 110 111 113 114 115 118 119 120 121 124 125 128 129 130 132 134
a 1 2 3 4 5 6 9 10 11 14 15 16 17 19 22 23 24 25 26 27 29 31 34 35 37 38 39 40 41 42 43 44 47 48 49 50 51 52 56 58 59 60 63 65 66 67 71 75 79 80 81 82 86 87 88 92 101 102 103 104 105 107 108 109 110 111 113 114 115 118 119 120 121 124 125 128 129 130 132 134
a 1 2 3 4 5 6 9 10 11 14 15 16 17 19 22 23 24 25 26 27 29 31 32 34 35 37 38 39 40 41 42 43 44 47 48 49 50 51 52 56 58 59 60 63 65 66 67 71 75 79 80 81 82 86 87 88 92 102 103 104 105 107 108 109 110 111 113 114 115 118 119 120 121 124 125 128 129 130 132 134
a 1 2 3 4 5 6 9 10 11 14 15 16 17 19 22 23 24 25 26 27 28 29 31 32 34 35 37 38 39 40 41 42 43 44 47 48 49 50 51 52 56 58 59 60 63 65 66 67 71 75 80 81 82 86 87 88 92 102 103 104 105 107 108 109 110 111 113 114 115 118 119 120 121 124 125 128 129 130 132 134
a 1 2 3 4 5 6 9 10 11 13 14 15 16 17 19 22 23 24 25 26 27 28 29 31 32 34 35 37 38 39 40 41 42 43 44 47 48 49 50 51 52 56 58 59 60 63 65 66 67 71 75 80 81 82 86 87 88 92 102 104 105 107 108 109 110 111 113 114 115 118 119 120 121 124 125 128 129 130 132 134
a 1 2 3 4 5 6 9 10 11 12 13 14 15 16 17 19 22 23 24 25 26 27 28 29 31 32 34 35 37 38 39 40 41 42 43 44 47 48 49 50 51 52 56 58 59 60 63 65 66 67 71 75 80 81 82 86 87 88 92 102 105 107 108 109 110 111 113 114 115 118 119 120 121 124 125 128 129 130 132 134
a 1 2 3 4 5 6 8 9 10 11 12 13 14 15 16 17 19 22 23 24 25 26 27 28 29 31 32 34 35 37 38 39 40 41 42 43 44 47 48 49 50 51 52 56 58 59 60 63 65 66 67 71 75 80 81 82 86 87 88 92 102 105 107 108 109 110 111 113 114 115 118 119 120 121 124 125 128 129 130 134
Reconfiguration time = 7.485359
	Command being timed: "timeout 80m ../ddreconf/ddreconf ../benchmark_instances/2023result/docs/solver/benchmark/2022benchmark/benchmark/color04/anna.col --stfile=../benchmark_instances/2023result/docs/solver/benchmark/2022benchmark/benchmark/color04/anna_01.dat --tj --indset --longest"
	User time (seconds): 2833.82
	System time (seconds): 80.48
	Percent of CPU this job got: 99%
	Elapsed (wall clock) time (h:mm:ss or m:ss): 48:39.95
	Average shared text size (kbytes): 0
	Average unshared data size (kbytes): 0
	Average stack size (kbytes): 0
	Average total size (kbytes): 0
	Maximum resident set size (kbytes): 151400368
	Average resident set size (kbytes): 0
	Major (requiring I/O) page faults: 2
	Minor (reclaiming a frame) page faults: 2736712
	Voluntary context switches: 45
	Involuntary context switches: 1827
	Swaps: 0
	File system inputs: 256
	File system outputs: 48
	Socket messages sent: 0
	Socket messages received: 0
	Signals delivered: 0
	Page size (bytes): 4096
	Exit status: 0
