Input graph file parsed. # of vertices = 138, # of edges = 493
s 1 5 48 66 71 125 2 3 4 11 15 23 31 39 75 80 87 88 105 107 113 114 121 132 103 27 41 43 44 6 96 56 111 24 128 25 38 10 124 22 26 79 90 37 67 62 52 63 65 119 129 14 17 29 59 69 9 19 108 33 110 112 46 47 102 55 76 58 134 118 91 117 82 93 137 131 104 94 101
Solution space ZDD construction start
Solution space ZDD construction end
Solution space ZDD construction time = 2.356662
Solution space ZDD size = 11785
# of elements in the solution space = 246319342336314321386707353600
Start searching the longest reconfiguration sequence
Step 1 time = 0.000259, # ZDD nodes = 236, # elems = 103
Step 2 time = 0.000913, # ZDD nodes = 477, # elems = 2153
Step 3 time = 0.002208, # ZDD nodes = 783, # elems = 22879
Step 4 time = 0.004816, # ZDD nodes = 1130, # elems = 155287
Step 5 time = 0.005452, # ZDD nodes = 1458, # elems = 747650
Step 6 time = 0.005834, # ZDD nodes = 1734, # elems = 2710796
Step 7 time = 0.005681, # ZDD nodes = 1971, # elems = 7688758
Step 8 time = 0.005382, # ZDD nodes = 2166, # elems = 17503787
Step 9 time = 0.004805, # ZDD nodes = 2294, # elems = 32556686
Step 10 time = 0.004109, # ZDD nodes = 2375, # elems = 50080507
Step 11 time = 0.003445, # ZDD nodes = 2415, # elems = 64215506
Step 12 time = 0.002910, # ZDD nodes = 2427, # elems = 68932868
Step 13 time = 0.002498, # ZDD nodes = 2417, # elems = 62017708
Step 14 time = 0.002115, # ZDD nodes = 2367, # elems = 46673486
Step 15 time = 0.001972, # ZDD nodes = 2279, # elems = 29235038
Step 16 time = 0.001321, # ZDD nodes = 2153, # elems = 15114346
Step 17 time = 0.001197, # ZDD nodes = 1967, # elems = 6372539
Step 18 time = 0.000790, # ZDD nodes = 1728, # elems = 2156146
Step 19 time = 0.000566, # ZDD nodes = 1462, # elems = 573387
Step 20 time = 0.000397, # ZDD nodes = 1139, # elems = 116655
Step 21 time = 0.000408, # ZDD nodes = 775, # elems = 17458
Step 22 time = 0.000296, # ZDD nodes = 398, # elems = 1776
Step 23 time = 0.000144, # ZDD nodes = 133, # elems = 96
Step 24 time = 0.000056, # ZDD nodes = 0, # elems = 0
a 1 2 3 4 5 6 9 10 11 14 15 17 19 22 23 24 25 26 27 29 31 33 37 38 39 41 43 44 46 47 48 52 55 56 58 59 62 63 65 66 67 69 71 75 76 79 80 82 87 88 90 91 93 94 96 101 102 103 104 105 107 108 110 111 112 113 114 117 118 119 121 124 125 128 129 131 132 134 137
a 1 2 3 4 5 6 9 10 11 14 15 17 19 22 23 24 25 26 27 29 31 33 37 38 39 41 43 44 46 47 48 52 55 56 58 59 62 63 65 66 67 69 70 71 75 76 79 80 82 87 88 90 91 93 94 96 102 103 104 105 107 108 110 111 112 113 114 117 118 119 121 124 125 128 129 131 132 134 137
a 1 2 3 4 5 6 9 10 11 14 15 17 19 22 23 24 25 26 27 29 31 33 34 37 38 39 41 43 44 46 47 48 52 55 56 58 59 62 63 65 66 67 69 70 71 75 76 79 80 82 87 88 90 91 93 96 102 103 104 105 107 108 110 111 112 113 114 117 118 119 121 124 125 128 129 131 132 134 137
a 1 2 3 4 5 6 9 10 11 12 14 15 17 19 22 23 24 25 26 27 29 31 33 34 37 38 39 41 43 44 46 47 48 52 55 56 58 59 62 63 65 66 67 69 70 71 75 76 79 80 82 87 88 90 91 93 96 102 103 105 107 108 110 111 112 113 114 117 118 119 121 124 125 128 129 131 132 134 137
a 1 2 3 4 5 6 9 10 11 12 14 15 17 19 22 23 24 25 26 27 29 31 33 34 37 38 39 41 43 44 46 47 48 52 55 56 58 59 62 63 65 66 67 69 70 71 75 76 79 80 82 87 88 90 91 93 96 102 103 105 107 108 109 110 111 112 113 114 117 118 119 121 124 125 128 129 131 132 134
a 1 2 3 4 5 6 9 10 11 12 14 15 17 19 22 23 24 25 26 27 29 31 33 34 37 38 39 41 43 44 46 47 48 49 52 55 56 58 59 62 63 65 66 67 69 70 71 75 76 79 80 82 87 88 90 91 93 96 102 103 105 107 108 109 110 111 112 113 114 117 118 119 121 124 125 128 129 132 134
a 1 2 3 4 5 6 9 10 11 12 14 15 17 19 22 23 24 25 26 27 29 31 33 34 37 38 39 41 43 44 46 47 48 49 52 55 56 58 59 62 63 65 66 67 69 70 71 75 76 79 80 82 87 88 90 91 96 97 102 103 105 107 108 109 110 111 112 113 114 117 118 119 121 124 125 128 129 132 134
a 1 2 3 4 5 6 9 10 11 12 14 15 17 19 22 23 24 25 26 27 29 31 33 34 37 38 39 41 43 44 46 47 48 49 52 55 56 58 59 60 62 63 65 66 67 69 70 71 75 76 79 80 82 87 88 90 91 96 97 102 103 105 107 108 109 110 111 112 113 114 118 119 121 124 125 128 129 132 134
a 1 2 3 4 5 6 9 10 11 12 14 15 17 19 22 23 24 25 26 27 29 31 33 34 37 38 39 41 43 44 46 47 48 49 52 55 56 58 59 60 62 63 65 66 67 69 70 71 75 76 79 80 81 82 87 88 90 96 97 102 103 105 107 108 109 110 111 112 113 114 118 119 121 124 125 128 129 132 134
a 1 2 3 4 5 6 9 10 11 12 14 15 17 19 22 23 24 25 26 27 29 31 33 34 37 38 39 41 43 44 46 47 48 49 51 52 55 56 58 59 60 62 63 65 66 67 69 70 71 75 79 80 81 82 87 88 90 96 97 102 103 105 107 108 109 110 111 112 113 114 118 119 121 124 125 128 129 132 134
a 1 2 3 4 5 6 9 10 11 12 14 15 17 19 22 23 24 25 26 27 29 31 33 34 37 38 39 41 43 44 46 47 48 49 51 52 56 58 59 60 62 63 65 66 67 69 70 71 75 79 80 81 82 87 88 90 92 96 97 102 103 105 107 108 109 110 111 112 113 114 118 119 121 124 125 128 129 132 134
a 1 2 3 4 5 6 9 10 11 12 14 15 17 19 22 23 24 25 26 27 29 31 33 34 37 38 39 41 43 44 47 48 49 51 52 56 58 59 60 62 63 65 66 67 69 70 71 75 79 80 81 82 87 88 90 92 96 97 102 103 105 107 108 109 110 111 112 113 114 118 119 121 124 125 128 129 130 132 134
a 1 2 3 4 5 6 9 10 11 12 14 15 16 17 19 22 23 24 25 26 27 29 31 34 37 38 39 41 43 44 47 48 49 51 52 56 58 59 60 62 63 65 66 67 69 70 71 75 79 80 81 82 87 88 90 92 96 97 102 103 105 107 108 109 110 111 112 113 114 118 119 121 124 125 128 129 130 132 134
a 1 2 3 4 5 6 9 10 11 12 14 15 16 17 19 22 23 24 25 26 27 29 31 34 37 38 39 41 43 44 47 48 49 51 52 56 58 59 60 62 63 65 66 67 69 70 71 75 79 80 81 82 87 88 90 92 96 97 102 103 105 107 108 109 110 111 113 114 118 119 120 121 124 125 128 129 130 132 134
a 1 2 3 4 5 6 9 10 11 12 14 15 16 17 19 22 23 24 25 26 27 29 31 34 37 38 39 41 43 44 47 48 49 51 52 56 58 59 60 62 63 65 66 67 70 71 75 79 80 81 82 86 87 88 90 92 96 97 102 103 105 107 108 109 110 111 113 114 118 119 120 121 124 125 128 129 130 132 134
a 1 2 3 4 5 6 9 10 11 12 14 15 16 17 19 22 23 24 25 26 27 31 34 37 38 39 41 42 43 44 47 48 49 51 52 56 58 59 60 62 63 65 66 67 70 71 75 79 80 81 82 86 87 88 90 92 96 97 102 103 105 107 108 109 110 111 113 114 118 119 120 121 124 125 128 129 130 132 134
a 1 2 3 4 5 6 9 10 11 12 14 15 16 17 19 22 23 24 25 26 30 31 34 37 38 39 41 42 43 44 47 48 49 51 52 56 58 59 60 62 63 65 66 67 70 71 75 79 80 81 82 86 87 88 90 92 96 97 102 103 105 107 108 109 110 111 113 114 118 119 120 121 124 125 128 129 130 132 134
a 1 2 3 4 5 6 9 10 11 12 14 15 16 17 19 22 23 24 25 26 30 31 34 37 38 39 42 43 44 47 48 49 51 52 56 58 59 60 62 63 65 66 67 70 71 75 79 80 81 82 86 87 88 90 92 96 97 102 103 105 107 108 109 110 111 113 114 118 119 120 121 124 125 127 128 129 130 132 134
a 1 2 3 4 5 6 9 10 11 12 14 15 16 17 19 22 23 24 25 26 30 31 34 37 38 39 40 42 43 44 47 48 49 51 52 56 58 59 60 63 65 66 67 70 71 75 79 80 81 82 86 87 88 90 92 96 97 102 103 105 107 108 109 110 111 113 114 118 119 120 121 124 125 127 128 129 130 132 134
a 1 2 3 4 5 6 9 10 11 12 14 15 16 17 19 22 23 24 25 26 30 31 34 35 37 38 39 40 42 43 44 47 48 49 51 52 56 58 59 60 63 65 66 67 70 71 75 79 80 81 82 86 87 88 92 96 97 102 103 105 107 108 109 110 111 113 114 118 119 120 121 124 125 127 128 129 130 132 134
a 1 2 3 4 5 6 9 10 11 12 14 15 16 17 19 22 23 24 25 26 28 30 31 34 35 37 38 39 40 42 43 44 47 48 49 51 52 56 58 59 60 63 65 66 67 70 71 75 80 81 82 86 87 88 92 96 97 102 103 105 107 108 109 110 111 113 114 118 119 120 121 124 125 127 128 129 130 132 134
a 1 2 3 4 5 6 9 10 11 12 14 15 16 17 19 22 23 24 25 26 28 30 31 34 35 37 38 39 40 42 43 44 47 48 49 50 51 52 56 58 59 60 63 65 66 67 70 71 75 80 81 82 86 87 88 92 97 102 103 105 107 108 109 110 111 113 114 118 119 120 121 124 125 127 128 129 130 132 134
a 1 2 3 4 5 6 9 10 11 12 13 14 15 16 17 19 22 23 24 25 26 28 30 31 34 35 37 38 39 40 42 43 44 47 48 49 50 51 52 56 58 59 60 63 65 66 67 70 71 75 80 81 82 86 87 88 92 97 102 105 107 108 109 110 111 113 114 118 119 120 121 124 125 127 128 129 130 132 134
a 1 2 3 4 5 6 8 9 10 11 12 13 14 15 16 17 19 22 23 24 25 26 28 30 31 34 35 37 38 39 40 42 43 44 47 48 49 50 51 52 56 58 59 60 63 65 66 67 70 71 75 80 81 82 86 87 88 92 97 102 105 107 108 109 110 111 113 114 118 119 120 121 124 125 127 128 129 130 134
Reconfiguration time = 0.417573
	Command being timed: "timeout 20m ../ddreconf/ddreconf ../instances_pwwt_col/anna.pwwt.col --stfile=../benchmark_instances/2023result/docs/solver/benchmark/2022benchmark/benchmark/color04/anna_02.dat --tj --indset --longest"
	User time (seconds): 2.65
	System time (seconds): 0.13
	Percent of CPU this job got: 99%
	Elapsed (wall clock) time (h:mm:ss or m:ss): 0:02.79
	Average shared text size (kbytes): 0
	Average unshared data size (kbytes): 0
	Average stack size (kbytes): 0
	Average total size (kbytes): 0
	Maximum resident set size (kbytes): 276020
	Average resident set size (kbytes): 0
	Major (requiring I/O) page faults: 0
	Minor (reclaiming a frame) page faults: 11041
	Voluntary context switches: 3
	Involuntary context switches: 4
	Swaps: 0
	File system inputs: 0
	File system outputs: 16
	Socket messages sent: 0
	Socket messages received: 0
	Signals delivered: 0
	Page size (bytes): 4096
	Exit status: 0
