Input graph file parsed. # of vertices = 138, # of edges = 493
s 1 2 3 4 5 6 9 10 11 14 15 17 23 31 39 87 88 107 113 114 121 132 19 22 24 25 26 27 29 33 48 66 71 80 103 125 37 38 41 43 44 46 47 96 52 55 56 58 59 62 63 90 65 67 69 75 105 76 101 79 82 102 91 93 94 104 124 110 108 111 112 137 117 118 119 128 129 131 134
Solution space ZDD construction start
Solution space ZDD construction end
Solution space ZDD construction time = 2828.820609
Solution space ZDD size = 240778360
# of elements in the solution space = 246319342336314321386707353600
Start searching the longest reconfiguration sequence
Step 1 time = 0.002698, # ZDD nodes = 574, # elems = 103
Step 2 time = 0.013401, # ZDD nodes = 3000, # elems = 2153
Step 3 time = 0.060009, # ZDD nodes = 10702, # elems = 22879
Step 4 time = 0.229707, # ZDD nodes = 31298, # elems = 155287
Step 5 time = 0.790831, # ZDD nodes = 77635, # elems = 747650
Step 6 time = 2.359320, # ZDD nodes = 166070, # elems = 2710796
Step 7 time = 5.309310, # ZDD nodes = 310908, # elems = 7688758
Step 8 time = 10.440369, # ZDD nodes = 516406, # elems = 17503787
Step 9 time = 17.715180, # ZDD nodes = 769400, # elems = 32556686
Step 10 time = 27.011377, # ZDD nodes = 1035863, # elems = 50080507
Step 11 time = 49.614963, # ZDD nodes = 1265548, # elems = 64215506
Step 12 time = 47.353278, # ZDD nodes = 1405903, # elems = 68932868
Step 13 time = 35.201791, # ZDD nodes = 1419984, # elems = 62017708
Step 14 time = 32.897101, # ZDD nodes = 1300296, # elems = 46673486
Step 15 time = 22.473104, # ZDD nodes = 1072848, # elems = 29235038
Step 16 time = 14.625166, # ZDD nodes = 789512, # elems = 15114346
Step 17 time = 8.284529, # ZDD nodes = 510568, # elems = 6372539
Step 18 time = 4.113122, # ZDD nodes = 284303, # elems = 2156146
Step 19 time = 1.714812, # ZDD nodes = 132648, # elems = 573387
Step 20 time = 0.614624, # ZDD nodes = 50031, # elems = 116655
Step 21 time = 0.185087, # ZDD nodes = 14558, # elems = 17458
Step 22 time = 0.045697, # ZDD nodes = 3019, # elems = 1776
Step 23 time = 0.008619, # ZDD nodes = 358, # elems = 96
Step 24 time = 0.000854, # ZDD nodes = 0, # elems = 0
a 1 2 3 4 5 6 9 10 11 14 15 17 19 22 23 24 25 26 27 29 31 33 37 38 39 41 43 44 46 47 48 52 55 56 58 59 62 63 65 66 67 69 71 75 76 79 80 82 87 88 90 91 93 94 96 101 102 103 104 105 107 108 110 111 112 113 114 117 118 119 121 124 125 128 129 131 132 134 137
a 1 2 3 4 5 6 9 10 11 14 15 17 19 22 23 24 25 26 27 29 31 33 37 38 39 42 43 44 46 47 48 52 55 56 58 59 62 63 65 66 67 69 71 75 76 79 80 82 87 88 90 91 93 94 96 101 102 103 104 105 107 108 110 111 112 113 114 117 118 119 121 124 125 128 129 131 132 134 137
a 1 2 3 4 5 6 9 10 11 14 15 17 19 22 23 24 25 26 27 31 33 37 38 39 42 43 44 46 47 48 52 55 56 58 59 62 63 65 66 67 69 71 75 76 79 80 82 87 88 90 91 93 94 96 101 102 103 104 105 107 108 110 111 112 113 114 117 118 119 121 124 125 127 128 129 131 132 134 137
a 1 2 3 4 5 6 9 10 11 14 15 16 17 19 22 23 24 25 26 27 31 37 38 39 42 43 44 46 47 48 52 55 56 58 59 62 63 65 66 67 69 71 75 76 79 80 82 87 88 90 91 93 94 96 101 102 103 104 105 107 108 110 111 112 113 114 117 118 119 121 124 125 127 128 129 131 132 134 137
a 1 2 3 4 5 6 9 10 11 14 15 16 17 19 22 23 24 25 26 27 31 37 38 39 42 43 44 46 47 48 52 55 56 58 59 62 63 65 66 67 69 71 75 76 79 80 82 87 88 90 91 93 94 96 101 102 103 104 105 107 108 110 111 113 114 117 118 119 120 121 124 125 127 128 129 131 132 134 137
a 1 2 3 4 5 6 9 10 11 14 15 16 17 19 22 23 24 25 26 27 31 37 38 39 42 43 44 46 47 48 52 55 56 58 59 62 63 65 66 67 69 71 75 76 79 80 82 87 88 90 91 94 96 101 102 103 104 105 107 108 110 111 113 114 115 117 118 119 120 121 124 125 127 128 129 131 132 134 137
a 1 2 3 4 5 6 9 10 11 14 15 16 17 19 22 23 24 25 26 27 31 37 38 39 42 43 44 46 47 48 52 55 56 58 59 62 63 65 66 67 69 71 75 76 79 80 82 87 88 90 91 94 96 101 102 103 104 105 107 108 109 110 111 113 114 115 117 118 119 120 121 124 125 127 128 129 131 132 134
a 1 2 3 4 5 6 9 10 11 14 15 16 17 19 22 23 24 25 26 27 31 37 38 39 42 43 44 46 47 48 52 56 58 59 62 63 65 66 67 69 71 75 76 79 80 82 87 88 90 91 94 96 101 102 103 104 105 107 108 109 110 111 113 114 115 117 118 119 120 121 123 124 125 127 128 129 131 132 134
a 1 2 3 4 5 6 9 10 11 14 15 16 17 19 22 23 24 25 26 27 31 37 38 39 42 43 44 46 47 48 52 56 58 59 62 63 65 66 67 69 71 75 76 79 80 81 82 87 88 90 94 96 101 102 103 104 105 107 108 109 110 111 113 114 115 117 118 119 120 121 123 124 125 127 128 129 131 132 134
a 1 2 3 4 5 6 9 10 11 14 15 16 17 19 22 23 24 25 26 27 31 37 38 39 42 43 44 46 47 48 52 56 58 59 62 63 65 66 67 69 70 71 75 76 79 80 81 82 87 88 90 94 96 102 103 104 105 107 108 109 110 111 113 114 115 117 118 119 120 121 123 124 125 127 128 129 131 132 134
a 1 2 3 4 5 6 9 10 11 14 15 16 17 19 22 23 24 25 26 27 31 37 38 39 42 43 44 46 47 48 52 56 58 59 62 63 65 66 67 70 71 75 76 79 80 81 82 86 87 88 90 94 96 102 103 104 105 107 108 109 110 111 113 114 115 117 118 119 120 121 123 124 125 127 128 129 131 132 134
a 1 2 3 4 5 6 9 10 11 14 15 16 17 19 22 23 24 25 26 27 31 37 38 39 42 43 44 47 48 52 56 58 59 62 63 65 66 67 68 70 71 75 76 79 80 81 82 86 87 88 90 94 96 102 103 104 105 107 108 109 110 111 113 114 115 117 118 119 120 121 123 124 125 127 128 129 131 132 134
a 1 2 3 4 5 6 9 10 11 14 15 16 17 19 22 23 24 25 26 27 31 37 38 39 42 43 44 47 48 52 56 58 59 60 62 63 65 66 67 68 70 71 75 76 79 80 81 82 86 87 88 90 94 96 102 103 104 105 107 108 109 110 111 113 114 115 118 119 120 121 123 124 125 127 128 129 131 132 134
a 1 2 3 4 5 6 9 10 11 14 15 16 17 19 22 23 24 25 26 27 31 37 38 39 42 43 44 47 48 51 52 56 58 59 60 62 63 65 66 67 68 70 71 75 79 80 81 82 86 87 88 90 94 96 102 103 104 105 107 108 109 110 111 113 114 115 118 119 120 121 123 124 125 127 128 129 131 132 134
a 1 2 3 4 5 6 9 10 11 14 15 16 17 19 22 23 24 25 26 27 31 37 38 39 42 43 44 47 48 50 51 52 56 58 59 60 62 63 65 66 67 68 70 71 75 79 80 81 82 86 87 88 90 94 102 103 104 105 107 108 109 110 111 113 114 115 118 119 120 121 123 124 125 127 128 129 131 132 134
a 1 2 3 4 5 6 9 10 11 14 15 16 17 19 22 23 24 25 26 27 31 37 38 39 42 43 44 47 48 49 50 51 52 56 58 59 60 62 63 65 66 67 68 70 71 75 79 80 81 82 86 87 88 90 94 102 103 104 105 107 108 109 110 111 113 114 115 118 119 120 121 123 124 125 127 128 129 132 134
a 1 2 3 4 5 6 9 10 11 14 15 16 17 19 22 23 24 25 26 27 31 37 38 39 40 42 43 44 47 48 49 50 51 52 56 58 59 60 63 65 66 67 68 70 71 75 79 80 81 82 86 87 88 90 94 102 103 104 105 107 108 109 110 111 113 114 115 118 119 120 121 123 124 125 127 128 129 132 134
a 1 2 3 4 5 6 9 10 11 14 15 16 17 19 22 23 24 25 26 27 31 35 37 38 39 40 42 43 44 47 48 49 50 51 52 56 58 59 60 63 65 66 67 68 70 71 75 79 80 81 82 86 87 88 94 102 103 104 105 107 108 109 110 111 113 114 115 118 119 120 121 123 124 125 127 128 129 132 134
a 1 2 3 4 5 6 9 10 11 14 15 16 17 19 22 23 24 25 26 27 31 34 35 37 38 39 40 42 43 44 47 48 49 50 51 52 56 58 59 60 63 65 66 67 68 70 71 75 79 80 81 82 86 87 88 102 103 104 105 107 108 109 110 111 113 114 115 118 119 120 121 123 124 125 127 128 129 132 134
a 1 2 3 4 5 6 9 10 11 14 15 16 17 19 22 23 24 25 26 30 31 34 35 37 38 39 40 42 43 44 47 48 49 50 51 52 56 58 59 60 63 65 66 67 68 70 71 75 79 80 81 82 86 87 88 102 103 104 105 107 108 109 110 111 113 114 115 118 119 120 121 123 124 125 127 128 129 132 134
a 1 2 3 4 5 6 9 10 11 14 15 16 17 19 22 23 24 25 26 28 30 31 34 35 37 38 39 40 42 43 44 47 48 49 50 51 52 56 58 59 60 63 65 66 67 68 70 71 75 80 81 82 86 87 88 102 103 104 105 107 108 109 110 111 113 114 115 118 119 120 121 123 124 125 127 128 129 132 134
a 1 2 3 4 5 6 9 10 11 13 14 15 16 17 19 22 23 24 25 26 28 30 31 34 35 37 38 39 40 42 43 44 47 48 49 50 51 52 56 58 59 60 63 65 66 67 68 70 71 75 80 81 82 86 87 88 102 104 105 107 108 109 110 111 113 114 115 118 119 120 121 123 124 125 127 128 129 132 134
a 1 2 3 4 5 6 9 10 11 12 13 14 15 16 17 19 22 23 24 25 26 28 30 31 34 35 37 38 39 40 42 43 44 47 48 49 50 51 52 56 58 59 60 63 65 66 67 68 70 71 75 80 81 82 86 87 88 102 105 107 108 109 110 111 113 114 115 118 119 120 121 123 124 125 127 128 129 132 134
a 1 2 3 4 5 6 8 9 10 11 12 13 14 15 16 17 19 22 23 24 25 26 28 30 31 34 35 37 38 39 40 42 43 44 47 48 49 50 51 52 56 58 59 60 63 65 66 67 68 70 71 75 80 81 82 86 87 88 102 105 107 108 109 110 111 113 114 115 118 119 120 121 123 124 125 127 128 129 134
Reconfiguration time = 283.873098
	Command being timed: "timeout 80m ../ddreconf/ddreconf ../benchmark_instances/2023result/docs/solver/benchmark/2022benchmark/benchmark/color04/anna.col --stfile=../benchmark_instances/2023result/docs/solver/benchmark/2022benchmark/benchmark/color04/anna_02.dat --tj --indset --longest"
	User time (seconds): 3102.86
	System time (seconds): 81.65
	Percent of CPU this job got: 99%
	Elapsed (wall clock) time (h:mm:ss or m:ss): 53:10.68
	Average shared text size (kbytes): 0
	Average unshared data size (kbytes): 0
	Average stack size (kbytes): 0
	Average total size (kbytes): 0
	Maximum resident set size (kbytes): 151400524
	Average resident set size (kbytes): 0
	Major (requiring I/O) page faults: 0
	Minor (reclaiming a frame) page faults: 3056641
	Voluntary context switches: 57
	Involuntary context switches: 2321
	Swaps: 0
	File system inputs: 8
	File system outputs: 88
	Socket messages sent: 0
	Socket messages received: 0
	Signals delivered: 0
	Page size (bytes): 4096
	Exit status: 0
