Input graph file parsed. # of vertices = 87, # of edges = 406
s 1 3 7 8 10 11 18 21 24 25 26 29 30 36 38 41 44 47 48 54 56 57 85 61 62 64 65 69 70 75 77 78 81 82 86 84
Solution space ZDD construction start
Solution space ZDD construction end
Solution space ZDD construction time = 55.659158
Solution space ZDD size = 5193482
# of elements in the solution space = 1233653689761797
Start searching the longest reconfiguration sequence
Step 1 time = 0.000455, # ZDD nodes = 281, # elems = 21
Step 2 time = 0.003892, # ZDD nodes = 1256, # elems = 197
Step 3 time = 0.029739, # ZDD nodes = 3826, # elems = 1101
Step 4 time = 0.064996, # ZDD nodes = 8656, # elems = 4106
Step 5 time = 0.204962, # ZDD nodes = 15433, # elems = 10814
Step 6 time = 0.449286, # ZDD nodes = 22612, # elems = 20722
Step 7 time = 0.330364, # ZDD nodes = 27910, # elems = 29282
Step 8 time = 0.331165, # ZDD nodes = 29148, # elems = 30541
Step 9 time = 0.319213, # ZDD nodes = 25259, # elems = 23241
Step 10 time = 0.305792, # ZDD nodes = 17344, # elems = 12553
Step 11 time = 0.070098, # ZDD nodes = 8723, # elems = 4561
Step 12 time = 0.023841, # ZDD nodes = 2818, # elems = 1000
Step 13 time = 0.005410, # ZDD nodes = 439, # elems = 100
Step 14 time = 0.000752, # ZDD nodes = 0, # elems = 0
a 1 3 7 8 10 11 18 21 24 25 26 29 30 36 38 41 44 47 48 54 56 57 61 62 64 65 69 70 75 77 78 81 82 84 85 86
a 1 3 7 8 10 11 18 21 25 26 29 30 36 38 41 44 47 48 54 56 57 61 62 64 65 69 70 75 77 78 80 81 82 84 85 86
a 1 3 7 8 10 11 18 21 25 26 29 30 36 38 41 44 47 48 54 56 57 61 62 63 64 65 69 70 75 78 80 81 82 84 85 86
a 1 3 7 8 10 11 18 21 25 26 29 30 36 38 41 44 47 48 54 56 57 60 61 62 63 64 65 69 70 75 78 80 81 82 84 86
a 1 3 7 8 10 11 21 25 26 29 30 36 38 41 44 47 48 54 56 57 59 60 61 62 63 64 65 69 70 75 78 80 81 82 84 86
a 1 3 7 8 10 11 21 25 26 29 30 36 38 41 44 47 48 54 55 56 57 59 60 61 62 63 64 65 69 75 78 80 81 82 84 86
a 1 3 7 8 10 11 21 25 26 29 30 36 38 41 44 47 48 53 54 55 56 57 59 60 61 62 63 64 65 69 75 78 80 82 84 86
a 1 3 7 8 10 11 21 25 26 28 29 30 36 38 41 44 47 48 53 54 55 56 57 59 60 61 62 63 64 65 75 78 80 82 84 86
a 1 3 7 8 10 11 21 25 26 28 29 30 38 41 44 47 48 52 53 54 55 56 57 59 60 61 62 63 64 65 75 78 80 82 84 86
a 1 3 7 8 10 11 21 25 26 28 29 38 39 41 44 47 48 52 53 54 55 56 57 59 60 61 62 63 64 65 75 78 80 82 84 86
a 1 3 7 8 10 11 21 25 26 28 29 37 38 39 41 44 47 48 52 53 54 55 56 57 59 60 61 62 63 64 65 75 78 80 82 86
a 1 3 7 8 10 11 21 25 26 28 29 31 37 38 39 41 47 48 52 53 54 55 56 57 59 60 61 62 63 64 65 75 78 80 82 86
a 1 3 7 8 10 11 15 21 25 26 28 29 31 37 38 39 41 47 48 52 53 54 55 56 57 59 60 62 63 64 65 75 78 80 82 86
a 1 3 6 7 8 10 11 15 21 25 26 28 29 31 37 38 39 41 48 52 53 54 55 56 57 59 60 62 63 64 65 75 78 80 82 86
Reconfiguration time = 2.189226
	Command being timed: "timeout 20m ../ddreconf/ddreconf ../benchmark_instances/2023result/docs/solver/benchmark/2022benchmark/benchmark/color04/david.col --stfile=../benchmark_instances/2023result/docs/solver/benchmark/2022benchmark/benchmark/color04/david_01.dat --tj --indset --longest"
	User time (seconds): 57.09
	System time (seconds): 2.13
	Percent of CPU this job got: 99%
	Elapsed (wall clock) time (h:mm:ss or m:ss): 0:59.34
	Average shared text size (kbytes): 0
	Average unshared data size (kbytes): 0
	Average stack size (kbytes): 0
	Average total size (kbytes): 0
	Maximum resident set size (kbytes): 4357164
	Average resident set size (kbytes): 0
	Major (requiring I/O) page faults: 0
	Minor (reclaiming a frame) page faults: 71963
	Voluntary context switches: 8
	Involuntary context switches: 70
	Swaps: 0
	File system inputs: 8
	File system outputs: 16
	Socket messages sent: 0
	Socket messages received: 0
	Signals delivered: 0
	Page size (bytes): 4096
	Exit status: 0
