Input graph file parsed. # of vertices = 87, # of edges = 406
s 25 26 38 41 48 62 64 65 75 82 47 10 30 56 86 78 44 54 24 8 61 18 1 11 57 77 36 21 70 7 3 29 81 69 85 84
Solution space ZDD construction start
Solution space ZDD construction end
Solution space ZDD construction time = 0.094082
Solution space ZDD size = 1476
# of elements in the solution space = 1233653689761797
Start searching the longest reconfiguration sequence
Step 1 time = 0.000261, # ZDD nodes = 81, # elems = 21
Step 2 time = 0.000386, # ZDD nodes = 125, # elems = 197
Step 3 time = 0.000332, # ZDD nodes = 163, # elems = 1101
Step 4 time = 0.000367, # ZDD nodes = 192, # elems = 4106
Step 5 time = 0.000487, # ZDD nodes = 212, # elems = 10814
Step 6 time = 0.000415, # ZDD nodes = 221, # elems = 20722
Step 7 time = 0.000391, # ZDD nodes = 222, # elems = 29282
Step 8 time = 0.000877, # ZDD nodes = 212, # elems = 30541
Step 9 time = 0.000256, # ZDD nodes = 195, # elems = 23241
Step 10 time = 0.000194, # ZDD nodes = 171, # elems = 12553
Step 11 time = 0.000216, # ZDD nodes = 137, # elems = 4561
Step 12 time = 0.000085, # ZDD nodes = 94, # elems = 1000
Step 13 time = 0.000051, # ZDD nodes = 46, # elems = 100
Step 14 time = 0.000017, # ZDD nodes = 0, # elems = 0
a 1 3 7 8 10 11 18 21 24 25 26 29 30 36 38 41 44 47 48 54 56 57 61 62 64 65 69 70 75 77 78 81 82 84 85 86
a 1 3 7 8 10 11 18 21 24 25 26 29 30 36 38 41 44 47 48 50 54 56 57 61 62 64 65 69 70 75 77 78 81 82 85 86
a 1 3 7 8 10 11 18 21 24 25 26 29 30 36 38 41 44 47 48 50 54 56 57 60 61 62 64 65 69 70 75 77 78 81 82 86
a 1 3 7 8 10 11 18 21 24 25 26 28 29 30 36 38 41 44 47 48 50 54 56 57 60 61 62 64 65 70 75 77 78 81 82 86
a 1 3 7 8 10 11 18 21 24 25 26 28 29 30 36 38 41 44 47 48 50 53 54 56 57 60 61 62 64 65 70 75 77 78 82 86
a 1 3 7 8 10 11 18 21 24 25 26 28 29 30 38 41 44 47 48 50 52 53 54 56 57 60 61 62 64 65 70 75 77 78 82 86
a 1 3 7 8 10 11 18 21 24 25 26 28 29 30 38 41 44 47 48 50 52 53 54 55 56 57 60 61 62 64 65 75 77 78 82 86
a 1 3 7 8 10 11 16 18 21 24 25 26 28 29 30 38 41 44 47 48 50 52 53 54 55 56 57 60 61 62 64 65 75 78 82 86
a 1 3 7 8 10 11 16 21 24 25 26 28 29 30 38 41 44 47 48 50 52 53 54 55 56 57 59 60 61 62 64 65 75 78 82 86
a 1 3 7 8 10 11 15 16 21 24 25 26 28 29 30 38 41 44 47 48 50 52 53 54 55 56 57 59 60 62 64 65 75 78 82 86
a 1 3 7 8 10 11 15 16 21 25 26 28 29 30 38 41 44 47 48 50 52 53 54 55 56 57 59 60 62 64 65 75 78 80 82 86
a 1 3 7 8 10 11 15 16 21 25 26 28 29 30 31 38 41 47 48 50 52 53 54 55 56 57 59 60 62 64 65 75 78 80 82 86
a 1 3 7 8 10 11 15 16 21 25 26 28 29 31 38 39 41 47 48 50 52 53 54 55 56 57 59 60 62 64 65 75 78 80 82 86
a 1 3 6 7 8 10 11 15 16 21 25 26 28 29 31 38 39 41 48 50 52 53 54 55 56 57 59 60 62 64 65 75 78 80 82 86
Reconfiguration time = 0.031056
	Command being timed: "timeout 20m ../ddreconf/ddreconf ../instances_pwwt_col/david.pwwt.col --stfile=../benchmark_instances/2023result/docs/solver/benchmark/2022benchmark/benchmark/color04/david_01.dat --tj --indset --longest"
	User time (seconds): 0.12
	System time (seconds): 0.01
	Percent of CPU this job got: 98%
	Elapsed (wall clock) time (h:mm:ss or m:ss): 0:00.14
	Average shared text size (kbytes): 0
	Average unshared data size (kbytes): 0
	Average stack size (kbytes): 0
	Average total size (kbytes): 0
	Maximum resident set size (kbytes): 36084
	Average resident set size (kbytes): 0
	Major (requiring I/O) page faults: 0
	Minor (reclaiming a frame) page faults: 1850
	Voluntary context switches: 4
	Involuntary context switches: 2
	Swaps: 0
	File system inputs: 8
	File system outputs: 8
	Socket messages sent: 0
	Socket messages received: 0
	Signals delivered: 0
	Page size (bytes): 4096
	Exit status: 0
