Input graph file parsed. # of vertices = 87, # of edges = 406
s 25 26 38 41 48 62 64 65 75 82 47 10 30 56 86 84 54 24 77 3 29 78 44 61 81 11 57 85 8 69 36 18 1 21 70
Solution space ZDD construction start
Solution space ZDD construction end
Solution space ZDD construction time = 0.067160
Solution space ZDD size = 857
# of elements in the solution space = 1233653689761797
Start searching the longest reconfiguration sequence
Step 1 time = 0.000253, # ZDD nodes = 114, # elems = 56
Step 2 time = 0.000389, # ZDD nodes = 217, # elems = 925
Step 3 time = 0.000925, # ZDD nodes = 316, # elems = 7888
Step 4 time = 0.001185, # ZDD nodes = 403, # elems = 41944
Step 5 time = 0.001220, # ZDD nodes = 469, # elems = 152244
Step 6 time = 0.001191, # ZDD nodes = 514, # elems = 396388
Step 7 time = 0.001191, # ZDD nodes = 539, # elems = 761430
Step 8 time = 0.001295, # ZDD nodes = 543, # elems = 1095043
Step 9 time = 0.000920, # ZDD nodes = 536, # elems = 1184374
Step 10 time = 0.000840, # ZDD nodes = 514, # elems = 958823
Step 11 time = 0.000729, # ZDD nodes = 468, # elems = 572202
Step 12 time = 0.000603, # ZDD nodes = 405, # elems = 244300
Step 13 time = 0.000430, # ZDD nodes = 316, # elems = 70630
Step 14 time = 0.000244, # ZDD nodes = 202, # elems = 12400
Step 15 time = 0.000120, # ZDD nodes = 81, # elems = 1000
Step 16 time = 0.000036, # ZDD nodes = 0, # elems = 0
a 1 3 8 10 11 18 21 24 25 26 29 30 36 38 41 44 47 48 54 56 57 61 62 64 65 69 70 75 77 78 81 82 84 85 86
a 1 3 8 10 11 18 21 24 25 26 29 30 36 38 41 44 47 48 54 55 56 57 61 62 64 65 69 75 77 78 81 82 84 85 86
a 1 3 8 10 11 21 24 25 26 29 30 36 38 41 44 47 48 54 55 56 57 59 61 62 64 65 69 75 77 78 81 82 84 85 86
a 1 3 8 10 11 21 24 25 26 27 29 30 36 38 41 44 47 48 54 55 56 57 59 61 62 64 65 69 75 77 78 81 82 84 86
a 1 3 8 10 11 21 24 25 26 27 29 30 36 38 41 44 47 48 51 54 55 56 57 59 61 62 64 65 75 77 78 81 82 84 86
a 1 3 8 10 11 21 24 25 26 27 29 30 38 41 44 47 48 51 52 54 55 56 57 59 61 62 64 65 75 77 78 81 82 84 86
a 1 3 7 8 10 11 21 24 25 26 27 29 30 38 41 44 47 48 51 52 54 55 56 59 61 62 64 65 75 77 78 81 82 84 86
a 1 3 7 8 10 21 24 25 26 27 29 30 38 40 41 44 47 48 51 52 54 55 56 59 61 62 64 65 75 77 78 81 82 84 86
a 1 3 7 8 10 21 24 25 26 27 29 30 38 40 41 44 47 48 51 52 53 54 55 56 59 61 62 64 65 75 77 78 82 84 86
a 1 3 7 8 10 15 21 24 25 26 27 29 30 38 40 41 44 47 48 51 52 53 54 55 56 59 62 64 65 75 77 78 82 84 86
a 1 3 5 7 8 10 15 21 24 25 26 27 29 30 38 40 41 44 47 48 51 52 53 54 55 56 59 62 64 65 75 77 82 84 86
a 1 3 5 7 8 10 15 16 21 24 25 26 27 29 30 38 40 41 44 47 48 51 52 53 54 55 56 59 62 64 65 75 82 84 86
a 1 3 5 7 8 10 15 16 21 25 26 27 29 30 38 40 41 44 47 48 51 52 53 54 55 56 59 62 64 65 75 80 82 84 86
a 1 3 5 7 8 10 15 16 21 25 26 27 29 30 37 38 40 41 44 47 48 51 52 53 54 55 56 59 62 64 65 75 80 82 86
a 1 3 5 7 8 10 15 16 21 25 26 27 29 37 38 39 40 41 44 47 48 51 52 53 54 55 56 59 62 64 65 75 80 82 86
a 1 3 5 6 7 8 10 15 16 21 25 26 27 29 37 38 39 40 41 44 48 51 52 53 54 55 56 59 62 64 65 75 80 82 86
Reconfiguration time = 0.042204
	Command being timed: "timeout 20m ../ddreconf/ddreconf ../instances_pw_col/david.pw.col --stfile=../benchmark_instances/2023result/docs/solver/benchmark/2022benchmark/benchmark/color04/david_02.dat --tj --indset --longest"
	User time (seconds): 0.11
	System time (seconds): 0.01
	Percent of CPU this job got: 99%
	Elapsed (wall clock) time (h:mm:ss or m:ss): 0:00.12
	Average shared text size (kbytes): 0
	Average unshared data size (kbytes): 0
	Average stack size (kbytes): 0
	Average total size (kbytes): 0
	Maximum resident set size (kbytes): 35060
	Average resident set size (kbytes): 0
	Major (requiring I/O) page faults: 0
	Minor (reclaiming a frame) page faults: 1823
	Voluntary context switches: 4
	Involuntary context switches: 1
	Swaps: 0
	File system inputs: 8
	File system outputs: 8
	Socket messages sent: 0
	Socket messages received: 0
	Signals delivered: 0
	Page size (bytes): 4096
	Exit status: 0
