Input graph file parsed. # of vertices = 125, # of edges = 3891
s 6 14 25 63 76 87 88 107 117
Solution space ZDD construction start
Solution space ZDD construction end
Solution space ZDD construction time = 905.199322
Solution space ZDD size = 115590
# of elements in the solution space = 537509
Start searching the longest reconfiguration sequence
Step 1 time = 0.000275, # ZDD nodes = 25, # elems = 10
Step 2 time = 0.000388, # ZDD nodes = 44, # elems = 9
Step 3 time = 0.000918, # ZDD nodes = 42, # elems = 12
Step 4 time = 0.000830, # ZDD nodes = 32, # elems = 4
Step 5 time = 0.000509, # ZDD nodes = 17, # elems = 2
Step 6 time = 0.000226, # ZDD nodes = 9, # elems = 1
Step 7 time = 0.000109, # ZDD nodes = 9, # elems = 1
Step 8 time = 0.000093, # ZDD nodes = 22, # elems = 3
Step 9 time = 0.000403, # ZDD nodes = 24, # elems = 3
Step 10 time = 0.000376, # ZDD nodes = 9, # elems = 1
Step 11 time = 0.000190, # ZDD nodes = 0, # elems = 0
a 6 14 25 63 76 87 88 107 117
a 6 14 25 63 76 87 88 107 113
a 6 14 25 33 63 76 87 107 113
a 6 14 25 33 63 76 87 107 122
a 6 14 25 33 63 69 76 107 122
a 14 25 33 63 69 76 107 116 122
a 25 33 63 69 76 107 116 120 122
a 25 33 63 69 74 76 107 116 120
a 25 33 63 69 74 75 107 116 120
a 25 33 57 63 69 74 75 107 116
a 5 25 33 57 63 69 74 75 116
Reconfiguration time = 0.008042
	Command being timed: "timeout 20m ../ddreconf/ddreconf ../benchmark_instances/2023result/docs/solver/benchmark/2022benchmark/benchmark/color04/DSJC125.5.col --stfile=../benchmark_instances/2023result/docs/solver/benchmark/2022benchmark/benchmark/color04/DSJC125.5_02.dat --tj --indset --longest"
	User time (seconds): 867.65
	System time (seconds): 35.94
	Percent of CPU this job got: 99%
	Elapsed (wall clock) time (h:mm:ss or m:ss): 15:05.51
	Average shared text size (kbytes): 0
	Average unshared data size (kbytes): 0
	Average stack size (kbytes): 0
	Average total size (kbytes): 0
	Maximum resident set size (kbytes): 72016088
	Average resident set size (kbytes): 0
	Major (requiring I/O) page faults: 0
	Minor (reclaiming a frame) page faults: 565148
	Voluntary context switches: 75
	Involuntary context switches: 872
	Swaps: 0
	File system inputs: 0
	File system outputs: 16
	Socket messages sent: 0
	Socket messages received: 0
	Signals delivered: 0
	Page size (bytes): 4096
	Exit status: 0
