Input graph file parsed. # of vertices = 125, # of edges = 6961
s 90 30 125
Solution space ZDD construction start
Solution space ZDD construction end
Solution space ZDD construction time = 6.599390
Solution space ZDD size = 888
# of elements in the solution space = 1250
Start searching the longest reconfiguration sequence
Step 1 time = 0.000161, # ZDD nodes = 12, # elems = 7
Step 2 time = 0.000354, # ZDD nodes = 14, # elems = 6
Step 3 time = 0.000445, # ZDD nodes = 13, # elems = 7
Step 4 time = 0.000510, # ZDD nodes = 30, # elems = 14
Step 5 time = 0.000927, # ZDD nodes = 48, # elems = 24
Step 6 time = 0.001820, # ZDD nodes = 85, # elems = 41
Step 7 time = 0.004418, # ZDD nodes = 110, # elems = 54
Step 8 time = 0.005630, # ZDD nodes = 124, # elems = 60
Step 9 time = 0.006238, # ZDD nodes = 105, # elems = 50
Step 10 time = 0.004851, # ZDD nodes = 69, # elems = 31
Step 11 time = 0.002367, # ZDD nodes = 40, # elems = 15
Step 12 time = 0.000936, # ZDD nodes = 5, # elems = 2
Step 13 time = 0.000101, # ZDD nodes = 0, # elems = 0
a 30 90 125
a 51 90 125
a 51 55 125
a 36 55 125
a 36 45 55
a 27 45 55
a 5 27 45
a 5 27 94
a 5 94 106
a 5 75 106
a 5 63 75
a 30 63 75
a 30 54 75
Reconfiguration time = 0.034386
	Command being timed: "timeout 20m ../ddreconf/ddreconf ../instances_pw_col/DSJC125.9.pw.col --stfile=../benchmark_instances/2023result/docs/solver/benchmark/2022benchmark/benchmark/color04/DSJC125.9_02.dat --tj --indset --longest"
	User time (seconds): 6.35
	System time (seconds): 0.31
	Percent of CPU this job got: 99%
	Elapsed (wall clock) time (h:mm:ss or m:ss): 0:06.68
	Average shared text size (kbytes): 0
	Average unshared data size (kbytes): 0
	Average stack size (kbytes): 0
	Average total size (kbytes): 0
	Maximum resident set size (kbytes): 599496
	Average resident set size (kbytes): 0
	Major (requiring I/O) page faults: 0
	Minor (reclaiming a frame) page faults: 35789
	Voluntary context switches: 5
	Involuntary context switches: 5
	Swaps: 0
	File system inputs: 8
	File system outputs: 8
	Socket messages sent: 0
	Socket messages received: 0
	Signals delivered: 0
	Page size (bytes): 4096
	Exit status: 0
