Input graph file parsed. # of vertices = 120, # of edges = 638
s 50 2 87 83 110 64 9 79 109 93 5 115 57 27 42 102 80 29 59 73 98 81
Solution space ZDD construction start
Solution space ZDD construction end
Solution space ZDD construction time = 639.510579
Solution space ZDD size = 804613
# of elements in the solution space = 30467298966717
Start searching the longest reconfiguration sequence
Step 1 time = 0.000355, # ZDD nodes = 78, # elems = 25
Step 2 time = 0.000969, # ZDD nodes = 190, # elems = 271
Step 3 time = 0.002158, # ZDD nodes = 346, # elems = 1692
Step 4 time = 0.003228, # ZDD nodes = 495, # elems = 6780
Step 5 time = 0.004052, # ZDD nodes = 600, # elems = 18351
Step 6 time = 0.003887, # ZDD nodes = 662, # elems = 34424
Step 7 time = 0.003551, # ZDD nodes = 687, # elems = 45443
Step 8 time = 0.003182, # ZDD nodes = 665, # elems = 42886
Step 9 time = 0.002731, # ZDD nodes = 570, # elems = 29375
Step 10 time = 0.002255, # ZDD nodes = 435, # elems = 14118
Step 11 time = 0.001869, # ZDD nodes = 278, # elems = 4014
Step 12 time = 0.001107, # ZDD nodes = 108, # elems = 420
Step 13 time = 0.000412, # ZDD nodes = 0, # elems = 0
a 2 5 9 27 29 42 50 57 59 64 73 79 80 81 83 87 93 98 102 109 110 115
a 2 5 9 27 29 42 50 57 59 64 73 79 80 82 83 87 93 98 102 109 110 115
a 2 5 9 15 27 29 42 50 57 64 73 79 80 82 83 87 93 98 102 109 110 115
a 2 5 9 15 27 29 50 57 64 67 73 79 80 82 83 87 93 98 102 109 110 115
a 2 5 9 15 27 29 43 50 57 64 67 73 79 80 82 83 87 93 98 109 110 115
a 2 5 9 15 27 29 43 50 57 64 67 68 73 79 80 82 83 87 93 98 110 115
a 2 5 9 15 27 29 43 49 57 64 67 68 73 79 80 82 83 87 93 98 110 115
a 2 5 9 15 27 29 43 49 57 64 67 68 73 78 80 82 83 87 93 98 110 115
a 2 5 9 15 27 28 29 43 49 57 64 67 73 78 80 82 83 87 93 98 110 115
a 2 5 9 15 27 28 29 43 48 49 57 64 67 73 78 80 82 87 93 98 110 115
a 5 9 15 24 27 28 29 43 48 49 57 64 67 73 78 80 82 87 93 98 110 115
a 5 9 15 24 27 28 29 43 48 49 55 57 64 67 73 78 80 82 93 98 110 115
a 5 9 15 27 28 29 43 48 49 55 57 64 67 73 78 80 82 92 93 98 110 115
Reconfiguration time = 0.040346
	Command being timed: "timeout 20m ../ddreconf/ddreconf ../instances_pw_col/games120.pw.col --stfile=../benchmark_instances/2023result/docs/solver/benchmark/2022benchmark/benchmark/color04/games120_01.dat --tj --indset --longest"
	User time (seconds): 621.60
	System time (seconds): 17.15
	Percent of CPU this job got: 99%
	Elapsed (wall clock) time (h:mm:ss or m:ss): 10:39.97
	Average shared text size (kbytes): 0
	Average unshared data size (kbytes): 0
	Average stack size (kbytes): 0
	Average total size (kbytes): 0
	Maximum resident set size (kbytes): 34584012
	Average resident set size (kbytes): 0
	Major (requiring I/O) page faults: 0
	Minor (reclaiming a frame) page faults: 196688
	Voluntary context switches: 43
	Involuntary context switches: 565
	Swaps: 0
	File system inputs: 24
	File system outputs: 16
	Socket messages sent: 0
	Socket messages received: 0
	Signals delivered: 0
	Page size (bytes): 4096
	Exit status: 0
