Input graph file parsed. # of vertices = 16, # of edges = 24
s 2 5 4 7 10 12
Solution space ZDD construction start
Solution space ZDD construction end
Solution space ZDD construction time = 0.000448
Solution space ZDD size = 43
# of elements in the solution space = 1234
Start searching the longest reconfiguration sequence
Step 1 time = 0.000041, # ZDD nodes = 16, # elems = 14
Step 2 time = 0.000049, # ZDD nodes = 28, # elems = 25
Step 3 time = 0.000065, # ZDD nodes = 28, # elems = 13
Step 4 time = 0.000090, # ZDD nodes = 28, # elems = 10
Step 5 time = 0.000082, # ZDD nodes = 30, # elems = 12
Step 6 time = 0.000077, # ZDD nodes = 30, # elems = 20
Step 7 time = 0.000076, # ZDD nodes = 27, # elems = 19
Step 8 time = 0.000041, # ZDD nodes = 0, # elems = 0
a 2 4 5 7 10 12
a 2 4 5 7 10 16
a 2 4 5 7 13 16
a 2 4 5 11 13 16
a 2 5 8 11 13 16
a 3 5 8 11 13 16
a 3 6 8 11 13 16
a 1 3 6 8 11 13
Reconfiguration time = 0.001184
	Command being timed: "timeout 20m ../ddreconf/ddreconf ../instances_pwwt_col/grid004x004.pwwt.col --stfile=../benchmark_instances/2023result/docs/solver/benchmark/2022benchmark/benchmark/grid/grid004x004_03.dat --tj --indset --longest"
	User time (seconds): 0.00
	System time (seconds): 0.01
	Percent of CPU this job got: 93%
	Elapsed (wall clock) time (h:mm:ss or m:ss): 0:00.01
	Average shared text size (kbytes): 0
	Average unshared data size (kbytes): 0
	Average stack size (kbytes): 0
	Average total size (kbytes): 0
	Maximum resident set size (kbytes): 33012
	Average resident set size (kbytes): 0
	Major (requiring I/O) page faults: 0
	Minor (reclaiming a frame) page faults: 914
	Voluntary context switches: 3
	Involuntary context switches: 0
	Swaps: 0
	File system inputs: 0
	File system outputs: 8
	Socket messages sent: 0
	Socket messages received: 0
	Signals delivered: 0
	Page size (bytes): 4096
	Exit status: 0
