Input graph file parsed. # of vertices = 36, # of edges = 51
s 3 5 1 11 13 15 18 20 16 26 28 30 31 33 35
Solution space ZDD construction start
Solution space ZDD construction end
Solution space ZDD construction time = 0.001863
Solution space ZDD size = 174
# of elements in the solution space = 7636103
Start searching the longest reconfiguration sequence
Step 1 time = 0.000088, # ZDD nodes = 27, # elems = 3
Step 2 time = 0.000079, # ZDD nodes = 30, # elems = 3
Step 3 time = 0.000044, # ZDD nodes = 26, # elems = 2
Step 4 time = 0.000054, # ZDD nodes = 26, # elems = 3
Step 5 time = 0.000052, # ZDD nodes = 27, # elems = 4
Step 6 time = 0.000047, # ZDD nodes = 23, # elems = 3
Step 7 time = 0.000034, # ZDD nodes = 19, # elems = 2
Step 8 time = 0.000025, # ZDD nodes = 15, # elems = 1
Step 9 time = 0.000023, # ZDD nodes = 15, # elems = 1
Step 10 time = 0.000021, # ZDD nodes = 15, # elems = 1
Step 11 time = 0.000022, # ZDD nodes = 15, # elems = 1
Step 12 time = 0.000020, # ZDD nodes = 15, # elems = 1
Step 13 time = 0.000018, # ZDD nodes = 15, # elems = 1
Step 14 time = 0.000022, # ZDD nodes = 15, # elems = 1
Step 15 time = 0.000019, # ZDD nodes = 15, # elems = 1
Step 16 time = 0.000018, # ZDD nodes = 18, # elems = 2
Step 17 time = 0.000021, # ZDD nodes = 20, # elems = 2
Step 18 time = 0.000084, # ZDD nodes = 27, # elems = 4
Step 19 time = 0.000073, # ZDD nodes = 47, # elems = 8
Step 20 time = 0.000075, # ZDD nodes = 61, # elems = 11
Step 21 time = 0.000090, # ZDD nodes = 73, # elems = 13
Step 22 time = 0.000114, # ZDD nodes = 77, # elems = 13
Step 23 time = 0.000114, # ZDD nodes = 69, # elems = 10
Step 24 time = 0.000112, # ZDD nodes = 47, # elems = 6
Step 25 time = 0.000052, # ZDD nodes = 31, # elems = 4
Step 26 time = 0.000045, # ZDD nodes = 21, # elems = 2
Step 27 time = 0.000019, # ZDD nodes = 15, # elems = 1
Step 28 time = 0.000010, # ZDD nodes = 15, # elems = 1
Step 29 time = 0.000010, # ZDD nodes = 15, # elems = 1
Step 30 time = 0.000025, # ZDD nodes = 15, # elems = 1
Step 31 time = 0.000019, # ZDD nodes = 15, # elems = 1
Step 32 time = 0.000019, # ZDD nodes = 18, # elems = 2
Step 33 time = 0.000027, # ZDD nodes = 20, # elems = 2
Step 34 time = 0.000022, # ZDD nodes = 26, # elems = 3
Step 35 time = 0.000043, # ZDD nodes = 40, # elems = 5
Step 36 time = 0.000056, # ZDD nodes = 51, # elems = 6
Step 37 time = 0.000075, # ZDD nodes = 58, # elems = 7
Step 38 time = 0.000069, # ZDD nodes = 58, # elems = 7
Step 39 time = 0.000065, # ZDD nodes = 48, # elems = 5
Step 40 time = 0.000040, # ZDD nodes = 30, # elems = 3
Step 41 time = 0.000025, # ZDD nodes = 20, # elems = 2
Step 42 time = 0.000019, # ZDD nodes = 15, # elems = 1
Step 43 time = 0.000011, # ZDD nodes = 15, # elems = 1
Step 44 time = 0.000011, # ZDD nodes = 15, # elems = 1
Step 45 time = 0.000010, # ZDD nodes = 15, # elems = 1
Step 46 time = 0.000018, # ZDD nodes = 15, # elems = 1
Step 47 time = 0.000010, # ZDD nodes = 15, # elems = 1
Step 48 time = 0.000010, # ZDD nodes = 18, # elems = 2
Step 49 time = 0.000026, # ZDD nodes = 20, # elems = 2
Step 50 time = 0.000013, # ZDD nodes = 27, # elems = 4
Step 51 time = 0.000037, # ZDD nodes = 44, # elems = 8
Step 52 time = 0.000035, # ZDD nodes = 57, # elems = 11
Step 53 time = 0.000047, # ZDD nodes = 70, # elems = 13
Step 54 time = 0.000064, # ZDD nodes = 74, # elems = 13
Step 55 time = 0.000077, # ZDD nodes = 66, # elems = 10
Step 56 time = 0.000044, # ZDD nodes = 44, # elems = 6
Step 57 time = 0.000033, # ZDD nodes = 32, # elems = 4
Step 58 time = 0.000023, # ZDD nodes = 23, # elems = 2
Step 59 time = 0.000018, # ZDD nodes = 15, # elems = 1
Step 60 time = 0.000012, # ZDD nodes = 15, # elems = 1
Step 61 time = 0.000012, # ZDD nodes = 15, # elems = 1
Step 62 time = 0.000012, # ZDD nodes = 15, # elems = 1
Step 63 time = 0.000012, # ZDD nodes = 15, # elems = 1
Step 64 time = 0.000012, # ZDD nodes = 18, # elems = 2
Step 65 time = 0.000012, # ZDD nodes = 20, # elems = 2
Step 66 time = 0.000012, # ZDD nodes = 26, # elems = 3
Step 67 time = 0.000017, # ZDD nodes = 29, # elems = 4
Step 68 time = 0.000016, # ZDD nodes = 30, # elems = 3
Step 69 time = 0.000015, # ZDD nodes = 25, # elems = 2
Step 70 time = 0.000017, # ZDD nodes = 23, # elems = 2
Step 71 time = 0.000015, # ZDD nodes = 15, # elems = 1
Step 72 time = 0.000007, # ZDD nodes = 0, # elems = 0
a 1 3 5 11 13 15 16 18 20 26 28 30 31 33 35
a 1 3 6 11 13 15 16 18 20 26 28 30 31 33 35
a 1 4 6 11 13 15 16 18 20 26 28 30 31 33 35
a 2 4 6 11 13 15 16 18 20 26 28 30 31 33 35
a 2 4 6 9 11 13 16 18 20 26 28 30 31 33 35
a 2 4 6 9 11 13 16 18 21 26 28 30 31 33 35
a 2 4 6 11 13 14 16 18 21 26 28 30 31 33 35
a 1 4 6 11 13 14 16 18 21 26 28 30 31 33 35
a 1 3 6 11 13 14 16 18 21 26 28 30 31 33 35
a 1 3 5 11 13 14 16 18 21 26 28 30 31 33 35
a 1 3 5 8 11 14 16 18 21 26 28 30 31 33 35
a 1 3 5 8 11 14 16 19 21 26 28 30 31 33 35
a 1 3 5 11 12 14 16 19 21 26 28 30 31 33 35
a 1 3 6 11 12 14 16 19 21 26 28 30 31 33 35
a 1 4 6 11 12 14 16 19 21 26 28 30 31 33 35
a 2 4 6 11 12 14 16 19 21 26 28 30 31 33 35
a 2 4 6 7 12 14 16 19 21 26 28 30 31 33 35
a 2 4 6 7 12 14 17 19 21 26 28 30 31 33 35
a 2 4 6 7 12 14 17 19 21 24 26 28 31 33 35
a 2 4 6 7 12 14 17 19 21 24 26 28 31 33 36
a 2 4 6 7 12 14 17 19 21 26 28 29 31 33 36
a 2 4 6 7 12 14 16 19 21 26 28 29 31 33 36
a 2 4 6 11 12 14 16 19 21 26 28 29 31 33 36
a 1 4 6 11 12 14 16 19 21 26 28 29 31 33 36
a 1 3 6 11 12 14 16 19 21 26 28 29 31 33 36
a 1 3 5 11 12 14 16 19 21 26 28 29 31 33 36
a 1 3 5 8 11 14 16 19 21 26 28 29 31 33 36
a 1 3 5 8 11 14 16 18 21 26 28 29 31 33 36
a 1 3 5 11 13 14 16 18 21 26 28 29 31 33 36
a 1 3 6 11 13 14 16 18 21 26 28 29 31 33 36
a 1 4 6 11 13 14 16 18 21 26 28 29 31 33 36
a 2 4 6 11 13 14 16 18 21 26 28 29 31 33 36
a 2 4 6 9 11 13 16 18 21 26 28 29 31 33 36
a 2 4 6 9 11 13 16 18 20 26 28 29 31 33 36
a 2 4 6 9 11 13 16 18 20 23 26 29 31 33 36
a 2 4 6 9 11 13 16 18 20 23 26 29 31 34 36
a 2 4 6 9 11 13 16 18 20 26 27 29 31 34 36
a 2 4 6 9 11 13 16 18 21 26 27 29 31 34 36
a 2 4 6 11 13 14 16 18 21 26 27 29 31 34 36
a 1 4 6 11 13 14 16 18 21 26 27 29 31 34 36
a 1 3 6 11 13 14 16 18 21 26 27 29 31 34 36
a 1 3 5 11 13 14 16 18 21 26 27 29 31 34 36
a 1 3 5 8 11 14 16 18 21 26 27 29 31 34 36
a 1 3 5 8 11 14 16 19 21 26 27 29 31 34 36
a 1 3 5 11 12 14 16 19 21 26 27 29 31 34 36
a 1 3 6 11 12 14 16 19 21 26 27 29 31 34 36
a 1 4 6 11 12 14 16 19 21 26 27 29 31 34 36
a 2 4 6 11 12 14 16 19 21 26 27 29 31 34 36
a 2 4 6 7 12 14 16 19 21 26 27 29 31 34 36
a 2 4 6 7 12 14 17 19 21 26 27 29 31 34 36
a 2 4 6 7 12 14 17 19 21 22 27 29 31 34 36
a 2 4 6 7 12 14 17 19 21 22 27 29 32 34 36
a 2 4 6 7 12 14 17 19 21 25 27 29 32 34 36
a 2 4 6 7 12 14 16 19 21 25 27 29 32 34 36
a 2 4 6 11 12 14 16 19 21 25 27 29 32 34 36
a 1 4 6 11 12 14 16 19 21 25 27 29 32 34 36
a 1 3 6 11 12 14 16 19 21 25 27 29 32 34 36
a 1 3 5 11 12 14 16 19 21 25 27 29 32 34 36
a 1 3 5 8 11 14 16 19 21 25 27 29 32 34 36
a 1 3 5 8 11 14 16 18 21 25 27 29 32 34 36
a 1 3 5 11 13 14 16 18 21 25 27 29 32 34 36
a 1 3 6 11 13 14 16 18 21 25 27 29 32 34 36
a 1 4 6 11 13 14 16 18 21 25 27 29 32 34 36
a 2 4 6 11 13 14 16 18 21 25 27 29 32 34 36
a 2 4 6 9 11 13 16 18 21 25 27 29 32 34 36
a 2 4 6 9 11 13 16 18 20 25 27 29 32 34 36
a 2 4 6 9 11 13 16 18 20 23 25 29 32 34 36
a 2 4 6 11 13 15 16 18 20 23 25 29 32 34 36
a 1 4 6 11 13 15 16 18 20 23 25 29 32 34 36
a 1 3 6 11 13 15 16 18 20 23 25 29 32 34 36
a 1 3 5 11 13 15 16 18 20 23 25 29 32 34 36
a 1 3 5 8 11 15 16 18 20 23 25 29 32 34 36
Reconfiguration time = 0.012528
	Command being timed: "timeout 20m ../ddreconf/ddreconf ../benchmark_instances/2023result/docs/solver/benchmark/2022benchmark/benchmark/handcrafted/hc-power-12.col --stfile=../benchmark_instances/2023result/docs/solver/benchmark/2022benchmark/benchmark/handcrafted/hc-power-12_01.dat --tj --indset --longest"
	User time (seconds): 0.01
	System time (seconds): 0.01
	Percent of CPU this job got: 93%
	Elapsed (wall clock) time (h:mm:ss or m:ss): 0:00.02
	Average shared text size (kbytes): 0
	Average unshared data size (kbytes): 0
	Average stack size (kbytes): 0
	Average total size (kbytes): 0
	Maximum resident set size (kbytes): 31984
	Average resident set size (kbytes): 0
	Major (requiring I/O) page faults: 0
	Minor (reclaiming a frame) page faults: 1520
	Voluntary context switches: 4
	Involuntary context switches: 0
	Swaps: 0
	File system inputs: 8
	File system outputs: 16
	Socket messages sent: 0
	Socket messages received: 0
	Signals delivered: 0
	Page size (bytes): 4096
	Exit status: 0
