Input graph file parsed. # of vertices = 6, # of edges = 9
s 1 2
Solution space ZDD construction start
Solution space ZDD construction end
Solution space ZDD construction time = 0.000134
Solution space ZDD size = 8
# of elements in the solution space = 15
Start searching the longest reconfiguration sequence
Step 1 time = 0.000012, # ZDD nodes = 3, # elems = 2
Step 2 time = 0.000005, # ZDD nodes = 0, # elems = 0
a 1 2
a 2 3
Reconfiguration time = 0.000114
	Command being timed: "timeout 20m ../ddreconf/ddreconf ../instances_pwwt_col/hc-toyno-01.pwwt.col --stfile=../benchmark_instances/2023result/docs/solver/benchmark/2022benchmark/benchmark/handcrafted/hc-toyno-01_01.dat --tj --indset --longest"
	User time (seconds): 0.00
	System time (seconds): 0.00
	Percent of CPU this job got: 100%
	Elapsed (wall clock) time (h:mm:ss or m:ss): 0:00.01
	Average shared text size (kbytes): 0
	Average unshared data size (kbytes): 0
	Average stack size (kbytes): 0
	Average total size (kbytes): 0
	Maximum resident set size (kbytes): 33012
	Average resident set size (kbytes): 0
	Major (requiring I/O) page faults: 0
	Minor (reclaiming a frame) page faults: 818
	Voluntary context switches: 4
	Involuntary context switches: 1
	Swaps: 0
	File system inputs: 8
	File system outputs: 8
	Socket messages sent: 0
	Socket messages received: 0
	Signals delivered: 0
	Page size (bytes): 4096
	Exit status: 0
