Input graph file parsed. # of vertices = 74, # of edges = 301
s 70 26 61 15 54 65 28 30 48 32 45 36 68 46 74 67 33 37 42 66 10 63 69 53 44 59
Solution space ZDD construction start
Solution space ZDD construction end
Solution space ZDD construction time = 0.019703
Solution space ZDD size = 234
# of elements in the solution space = 1537558481760
Start searching the longest reconfiguration sequence
Step 1 time = 0.000234, # ZDD nodes = 112, # elems = 181
Step 2 time = 0.000413, # ZDD nodes = 218, # elems = 3910
Step 3 time = 0.000910, # ZDD nodes = 319, # elems = 36836
Step 4 time = 0.001008, # ZDD nodes = 405, # elems = 192374
Step 5 time = 0.001073, # ZDD nodes = 453, # elems = 615782
Step 6 time = 0.000947, # ZDD nodes = 477, # elems = 1268788
Step 7 time = 0.000666, # ZDD nodes = 476, # elems = 1717156
Step 8 time = 0.000718, # ZDD nodes = 446, # elems = 1522753
Step 9 time = 0.000439, # ZDD nodes = 383, # elems = 860613
Step 10 time = 0.000250, # ZDD nodes = 278, # elems = 290046
Step 11 time = 0.000139, # ZDD nodes = 162, # elems = 50328
Step 12 time = 0.000073, # ZDD nodes = 57, # elems = 3024
Step 13 time = 0.000023, # ZDD nodes = 0, # elems = 0
a 10 15 26 28 30 32 33 36 37 42 44 45 46 48 53 54 59 61 63 65 66 67 68 69 70 74
a 10 15 25 26 28 30 32 33 36 37 42 44 45 46 48 53 54 61 63 65 66 67 68 69 70 74
a 10 14 15 25 26 28 30 32 33 36 37 42 45 46 48 53 54 61 63 65 66 67 68 69 70 74
a 3 10 14 15 25 26 28 30 32 33 36 37 42 45 46 48 54 61 63 65 66 67 68 69 70 74
a 3 10 14 15 24 25 26 28 30 32 33 36 37 45 46 48 54 61 63 65 66 67 68 69 70 74
a 3 10 14 15 24 25 26 28 30 32 33 36 37 45 46 47 48 54 61 63 65 66 68 69 70 74
a 3 10 14 15 24 25 26 28 30 32 33 36 37 45 46 47 48 51 54 61 63 65 66 68 69 70
a 3 10 14 15 24 25 26 28 30 32 33 36 37 45 46 47 48 51 54 56 61 63 65 66 69 70
a 3 10 14 15 21 24 25 26 28 30 32 33 36 37 46 47 48 51 54 56 61 63 65 66 69 70
a 3 10 14 15 21 24 25 26 28 30 33 36 37 46 47 48 51 54 56 61 63 65 66 69 70 71
a 3 10 14 15 21 24 25 26 28 30 33 35 36 37 46 47 51 54 56 61 63 65 66 69 70 71
a 3 10 14 15 16 21 24 25 26 28 30 33 35 36 37 46 47 51 54 56 61 63 66 69 70 71
a 3 7 10 14 15 16 21 24 25 26 28 30 33 35 36 37 46 47 51 54 56 61 63 66 69 71
Reconfiguration time = 0.018475
	Command being timed: "timeout 20m ../ddreconf/ddreconf ../instances_pw_col/huck.pw.col --stfile=../benchmark_instances/2023result/docs/solver/benchmark/2022benchmark/benchmark/color04/huck_02.dat --tj --indset --longest"
	User time (seconds): 0.03
	System time (seconds): 0.01
	Percent of CPU this job got: 98%
	Elapsed (wall clock) time (h:mm:ss or m:ss): 0:00.05
	Average shared text size (kbytes): 0
	Average unshared data size (kbytes): 0
	Average stack size (kbytes): 0
	Average total size (kbytes): 0
	Maximum resident set size (kbytes): 33012
	Average resident set size (kbytes): 0
	Major (requiring I/O) page faults: 0
	Minor (reclaiming a frame) page faults: 1448
	Voluntary context switches: 4
	Involuntary context switches: 3
	Swaps: 0
	File system inputs: 8
	File system outputs: 8
	Socket messages sent: 0
	Socket messages received: 0
	Signals delivered: 0
	Page size (bytes): 4096
	Exit status: 0
