Input graph file parsed. # of vertices = 74, # of edges = 301
s 70 26 61 15 54 65 28 30 48 64 32 45 36 68 46 74 67 33 37 42 66 10 63 69 53 44 59
Solution space ZDD construction start
Solution space ZDD construction end
Solution space ZDD construction time = 0.019919
Solution space ZDD size = 234
# of elements in the solution space = 1537558481760
Start searching the longest reconfiguration sequence
Step 1 time = 0.000231, # ZDD nodes = 81, # elems = 29
Step 2 time = 0.000286, # ZDD nodes = 126, # elems = 358
Step 3 time = 0.000322, # ZDD nodes = 162, # elems = 2478
Step 4 time = 0.000284, # ZDD nodes = 188, # elems = 10680
Step 5 time = 0.000218, # ZDD nodes = 196, # elems = 30132
Step 6 time = 0.000260, # ZDD nodes = 196, # elems = 56930
Step 7 time = 0.000195, # ZDD nodes = 191, # elems = 72262
Step 8 time = 0.000189, # ZDD nodes = 174, # elems = 60599
Step 9 time = 0.000155, # ZDD nodes = 140, # elems = 32079
Step 10 time = 0.000148, # ZDD nodes = 96, # elems = 9672
Step 11 time = 0.000059, # ZDD nodes = 43, # elems = 1260
Step 12 time = 0.000019, # ZDD nodes = 0, # elems = 0
a 10 15 26 28 30 32 33 36 37 42 44 45 46 48 53 54 59 61 63 64 65 66 67 68 69 70 74
a 10 11 15 26 28 30 32 33 36 37 42 44 45 46 48 53 54 61 63 64 65 66 67 68 69 70 74
a 10 11 15 26 28 30 32 33 36 37 38 42 45 46 48 53 54 61 63 64 65 66 67 68 69 70 74
a 3 10 11 15 26 28 30 32 33 36 37 38 42 45 46 48 54 61 63 64 65 66 67 68 69 70 74
a 3 10 11 15 24 26 28 30 32 33 36 37 38 45 46 48 54 61 63 64 65 66 67 68 69 70 74
a 3 10 11 12 15 24 26 28 30 32 33 36 37 38 45 46 48 54 61 63 64 65 66 68 69 70 74
a 3 10 11 12 15 24 26 28 30 32 33 36 37 38 45 46 48 51 54 61 63 64 65 66 68 69 70
a 3 10 11 12 15 19 24 26 28 30 32 33 36 37 38 45 46 48 51 54 61 63 64 65 66 69 70
a 3 10 11 12 15 19 21 24 26 28 30 32 33 36 37 38 45 46 48 51 54 61 63 65 66 69 70
a 3 10 11 12 15 19 21 24 26 28 30 32 33 36 37 38 45 46 51 54 58 61 63 65 66 69 70
a 3 10 11 12 15 16 19 21 24 26 28 30 32 33 36 37 38 45 46 51 54 58 61 63 66 69 70
a 3 7 10 11 12 15 16 19 21 24 26 28 30 32 33 36 37 38 45 46 51 54 58 61 63 66 69
Reconfiguration time = 0.012812
	Command being timed: "timeout 20m ../ddreconf/ddreconf ../instances_pw_col/huck.pw.col --stfile=../benchmark_instances/2023result/docs/solver/benchmark/2022benchmark/benchmark/color04/huck_01.dat --tj --indset --longest"
	User time (seconds): 0.03
	System time (seconds): 0.00
	Percent of CPU this job got: 97%
	Elapsed (wall clock) time (h:mm:ss or m:ss): 0:00.04
	Average shared text size (kbytes): 0
	Average unshared data size (kbytes): 0
	Average stack size (kbytes): 0
	Average total size (kbytes): 0
	Maximum resident set size (kbytes): 34036
	Average resident set size (kbytes): 0
	Major (requiring I/O) page faults: 0
	Minor (reclaiming a frame) page faults: 1305
	Voluntary context switches: 6
	Involuntary context switches: 1
	Swaps: 0
	File system inputs: 48
	File system outputs: 8
	Socket messages sent: 0
	Socket messages received: 0
	Signals delivered: 0
	Page size (bytes): 4096
	Exit status: 0
