Input graph file parsed. # of vertices = 74, # of edges = 301
s 70 26 61 15 54 65 28 30 33 37 42 66 10 63 69 32 45 53 36 44 48 46 74 67 68 64 59
Solution space ZDD construction start
Solution space ZDD construction end
Solution space ZDD construction time = 0.036402
Solution space ZDD size = 903
# of elements in the solution space = 1537558481760
Start searching the longest reconfiguration sequence
Step 1 time = 0.000226, # ZDD nodes = 81, # elems = 29
Step 2 time = 0.000255, # ZDD nodes = 129, # elems = 358
Step 3 time = 0.000285, # ZDD nodes = 166, # elems = 2478
Step 4 time = 0.000316, # ZDD nodes = 184, # elems = 10680
Step 5 time = 0.000237, # ZDD nodes = 192, # elems = 30132
Step 6 time = 0.000386, # ZDD nodes = 193, # elems = 56930
Step 7 time = 0.000154, # ZDD nodes = 187, # elems = 72262
Step 8 time = 0.000125, # ZDD nodes = 172, # elems = 60599
Step 9 time = 0.000117, # ZDD nodes = 144, # elems = 32079
Step 10 time = 0.000087, # ZDD nodes = 99, # elems = 9672
Step 11 time = 0.000055, # ZDD nodes = 43, # elems = 1260
Step 12 time = 0.000028, # ZDD nodes = 0, # elems = 0
a 10 15 26 28 30 32 33 36 37 42 44 45 46 48 53 54 59 61 63 64 65 66 67 68 69 70 74
a 10 11 15 26 28 30 32 33 36 37 42 44 45 46 48 53 54 61 63 64 65 66 67 68 69 70 74
a 6 10 11 15 26 28 30 32 33 36 37 42 44 45 46 48 53 54 61 63 65 66 67 68 69 70 74
a 6 10 11 15 26 28 30 32 33 36 37 42 44 45 46 48 53 54 56 61 63 65 66 67 69 70 74
a 6 10 11 12 15 26 28 30 32 33 36 37 42 44 45 46 48 53 54 56 61 63 65 66 69 70 74
a 6 10 11 12 15 26 28 30 32 33 36 37 42 44 45 46 48 51 53 54 56 61 63 65 66 69 70
a 6 10 11 12 15 26 28 30 32 33 35 36 37 42 44 45 46 51 53 54 56 61 63 65 66 69 70
a 6 10 11 12 14 15 26 28 30 32 33 35 36 37 42 45 46 51 53 54 56 61 63 65 66 69 70
a 3 6 10 11 12 14 15 26 28 30 32 33 35 36 37 42 45 46 51 54 56 61 63 65 66 69 70
a 3 6 10 11 12 14 15 24 26 28 30 32 33 35 36 37 45 46 51 54 56 61 63 65 66 69 70
a 3 6 10 11 12 14 15 16 24 26 28 30 32 33 35 36 37 45 46 51 54 56 61 63 66 69 70
a 3 6 7 10 11 12 14 15 16 24 26 28 30 32 33 35 36 37 45 46 51 54 56 61 63 66 69
Reconfiguration time = 0.014737
	Command being timed: "timeout 20m ../ddreconf/ddreconf ../instances_pwwt_col/huck.pwwt.col --stfile=../benchmark_instances/2023result/docs/solver/benchmark/2022benchmark/benchmark/color04/huck_01.dat --tj --indset --longest"
	User time (seconds): 0.05
	System time (seconds): 0.01
	Percent of CPU this job got: 92%
	Elapsed (wall clock) time (h:mm:ss or m:ss): 0:00.07
	Average shared text size (kbytes): 0
	Average unshared data size (kbytes): 0
	Average stack size (kbytes): 0
	Average total size (kbytes): 0
	Maximum resident set size (kbytes): 34036
	Average resident set size (kbytes): 0
	Major (requiring I/O) page faults: 0
	Minor (reclaiming a frame) page faults: 1437
	Voluntary context switches: 3
	Involuntary context switches: 1
	Swaps: 0
	File system inputs: 8
	File system outputs: 8
	Socket messages sent: 0
	Socket messages received: 0
	Signals delivered: 0
	Page size (bytes): 4096
	Exit status: 0
