Input graph file parsed. # of vertices = 74, # of edges = 301
s 70 26 61 15 54 65 28 30 33 37 42 66 10 63 69 32 45 53 36 44 48 46 74 67 68 59
Solution space ZDD construction start
Solution space ZDD construction end
Solution space ZDD construction time = 0.036490
Solution space ZDD size = 903
# of elements in the solution space = 1537558481760
Start searching the longest reconfiguration sequence
Step 1 time = 0.000249, # ZDD nodes = 128, # elems = 181
Step 2 time = 0.000443, # ZDD nodes = 265, # elems = 3910
Step 3 time = 0.001184, # ZDD nodes = 413, # elems = 36836
Step 4 time = 0.001604, # ZDD nodes = 525, # elems = 192374
Step 5 time = 0.001609, # ZDD nodes = 594, # elems = 615782
Step 6 time = 0.001697, # ZDD nodes = 620, # elems = 1268788
Step 7 time = 0.001289, # ZDD nodes = 616, # elems = 1717156
Step 8 time = 0.000746, # ZDD nodes = 570, # elems = 1522753
Step 9 time = 0.000718, # ZDD nodes = 482, # elems = 860613
Step 10 time = 0.000406, # ZDD nodes = 345, # elems = 290046
Step 11 time = 0.000509, # ZDD nodes = 178, # elems = 50328
Step 12 time = 0.000124, # ZDD nodes = 50, # elems = 3024
Step 13 time = 0.000042, # ZDD nodes = 0, # elems = 0
a 10 15 26 28 30 32 33 36 37 42 44 45 46 48 53 54 59 61 63 65 66 67 68 69 70 74
a 10 15 26 28 30 32 33 36 37 40 42 44 45 46 48 53 54 61 63 65 66 67 68 69 70 74
a 6 10 15 26 28 30 32 33 36 37 40 42 44 45 46 48 53 54 61 63 65 66 67 69 70 74
a 6 10 15 26 28 30 32 33 36 37 40 42 44 45 46 48 53 54 56 61 63 65 66 69 70 74
a 6 10 12 15 26 28 30 32 33 36 37 40 42 44 45 46 48 53 54 56 61 63 65 66 69 70
a 6 10 12 15 26 28 30 32 33 36 37 40 42 44 45 46 51 53 54 56 61 63 65 66 69 70
a 6 10 12 15 26 28 30 32 33 36 37 40 42 45 46 51 53 54 56 58 61 63 65 66 69 70
a 6 10 12 14 15 26 28 30 32 33 36 37 40 42 45 46 51 54 56 58 61 63 65 66 69 70
a 3 6 12 14 15 26 28 30 32 33 36 37 40 42 45 46 51 54 56 58 61 63 65 66 69 70
a 3 6 12 14 15 26 28 30 32 33 36 40 42 45 46 51 54 56 58 61 63 65 66 69 70 72
a 3 6 12 14 15 24 26 28 30 32 33 36 40 45 46 51 54 56 58 61 63 65 66 69 70 72
a 3 6 12 14 15 16 24 26 28 30 32 33 36 40 45 46 51 54 56 58 61 63 66 69 70 72
a 3 6 7 12 14 15 16 24 26 28 30 32 33 36 40 45 46 51 54 56 58 61 63 66 69 72
Reconfiguration time = 0.023623
	Command being timed: "timeout 20m ../ddreconf/ddreconf ../instances_pwwt_col/huck.pwwt.col --stfile=../benchmark_instances/2023result/docs/solver/benchmark/2022benchmark/benchmark/color04/huck_02.dat --tj --indset --longest"
	User time (seconds): 0.06
	System time (seconds): 0.00
	Percent of CPU this job got: 98%
	Elapsed (wall clock) time (h:mm:ss or m:ss): 0:00.07
	Average shared text size (kbytes): 0
	Average unshared data size (kbytes): 0
	Average stack size (kbytes): 0
	Average total size (kbytes): 0
	Maximum resident set size (kbytes): 35060
	Average resident set size (kbytes): 0
	Major (requiring I/O) page faults: 0
	Minor (reclaiming a frame) page faults: 1550
	Voluntary context switches: 2
	Involuntary context switches: 2
	Swaps: 0
	File system inputs: 0
	File system outputs: 8
	Socket messages sent: 0
	Socket messages received: 0
	Signals delivered: 0
	Page size (bytes): 4096
	Exit status: 0
