Input graph file parsed. # of vertices = 900, # of edges = 307350
s 151 62 243 327 440 615 702 786 894
Solution space ZDD construction start
Command exited with non-zero status 124
	Command being timed: "timeout 160m ../ddreconf/ddreconf ../instances_pwwt_col/latin_square_10.pwwt.col --stfile=../benchmark_instances/2023result/docs/solver/benchmark/2022benchmark/benchmark/color04/latin_square_10_01.dat --tj --indset --longest"
	User time (seconds): 7803.07
	System time (seconds): 1786.47
	Percent of CPU this job got: 99%
	Elapsed (wall clock) time (h:mm:ss or m:ss): 2:40:08
	Average shared text size (kbytes): 0
	Average unshared data size (kbytes): 0
	Average stack size (kbytes): 0
	Average total size (kbytes): 0
	Maximum resident set size (kbytes): 559706984
	Average resident set size (kbytes): 0
	Major (requiring I/O) page faults: 0
	Minor (reclaiming a frame) page faults: 1682481846
	Voluntary context switches: 211
	Involuntary context switches: 9200
	Swaps: 0
	File system inputs: 6464
	File system outputs: 8
	Socket messages sent: 0
	Socket messages received: 0
	Signals delivered: 0
	Page size (bytes): 4096
	Exit status: 124
