Input graph file parsed. # of vertices = 450, # of edges = 5714
s 4 9 19 20 24 31 34 39 44 45 49 54 59 64 69 74 83 88 93 99 109 110 114 119 124 129 134 135 139 144 149 154 159 164 174 179 184 189 198 200 203 209 214 219 224 225 229 234 239 244 249 254 264 269 279 289 290 294 299 304 308 313 315 318 324 329 334 339 344 354 359 364 369 379 380 384 389 394 399 404 405 409 414 419 423 428 434 449 444
Solution space ZDD construction start
Command exited with non-zero status 124
	Command being timed: "timeout 160m ../ddreconf/ddreconf ../benchmark_instances/2023result/docs/solver/benchmark/2022benchmark/benchmark/color04/le450_5a.col --stfile=../benchmark_instances/2023result/docs/solver/benchmark/2022benchmark/benchmark/color04/le450_5a_02.dat --tj --indset --longest"
	User time (seconds): 7983.33
	System time (seconds): 1609.39
	Percent of CPU this job got: 99%
	Elapsed (wall clock) time (h:mm:ss or m:ss): 2:40:10
	Average shared text size (kbytes): 0
	Average unshared data size (kbytes): 0
	Average stack size (kbytes): 0
	Average total size (kbytes): 0
	Maximum resident set size (kbytes): 566403488
	Average resident set size (kbytes): 0
	Major (requiring I/O) page faults: 0
	Minor (reclaiming a frame) page faults: 1441149467
	Voluntary context switches: 59
	Involuntary context switches: 6520
	Swaps: 0
	File system inputs: 0
	File system outputs: 8
	Socket messages sent: 0
	Socket messages received: 0
	Signals delivered: 0
	Page size (bytes): 4096
	Exit status: 124
