Input graph file parsed. # of vertices = 450, # of edges = 8168
s 124 238 34 394 128 132 326 183 87 79 312 279 37 44 295 127 436 64 422 51 444 61 373 122 177 289 199 171 350 411 214 273 32 90 141 366 313 252 130 360 327 345 40 181 187 445 393 429 6 398 10 54 267 207 277 276 335 375 25 184 372 107 401 91 309 331 392 316 230 357 160 280 412 94 100
Solution space ZDD construction start
Command exited with non-zero status 124
	Command being timed: "timeout 160m ../ddreconf/ddreconf ../instances_pwwt_col/le450_15a.pwwt.col --stfile=../benchmark_instances/2023result/docs/solver/benchmark/2022benchmark/benchmark/color04/le450_15a_01.dat --tj --indset --longest"
	User time (seconds): 8464.87
	System time (seconds): 1124.39
	Percent of CPU this job got: 99%
	Elapsed (wall clock) time (h:mm:ss or m:ss): 2:40:08
	Average shared text size (kbytes): 0
	Average unshared data size (kbytes): 0
	Average stack size (kbytes): 0
	Average total size (kbytes): 0
	Maximum resident set size (kbytes): 542360768
	Average resident set size (kbytes): 0
	Major (requiring I/O) page faults: 0
	Minor (reclaiming a frame) page faults: 922960066
	Voluntary context switches: 133
	Involuntary context switches: 5162
	Swaps: 0
	File system inputs: 176
	File system outputs: 8
	Socket messages sent: 0
	Socket messages received: 0
	Signals delivered: 0
	Page size (bytes): 4096
	Exit status: 124
