Input graph file parsed. # of vertices = 450, # of edges = 16750
s 19 23 27 31 42 55 75 82 93 95 97 100 115 116 121 149 160 167 189 215 230 240 251 260 280 286 289 296 301 308 320 325 341 352 364 379 385 401 405 425
Solution space ZDD construction start
Command exited with non-zero status 124
	Command being timed: "timeout 160m ../ddreconf/ddreconf ../benchmark_instances/2023result/docs/solver/benchmark/2022benchmark/benchmark/color04/le450_15d.col --stfile=../benchmark_instances/2023result/docs/solver/benchmark/2022benchmark/benchmark/color04/le450_15d_02.dat --tj --indset --longest"
	User time (seconds): 7951.67
	System time (seconds): 1639.05
	Percent of CPU this job got: 99%
	Elapsed (wall clock) time (h:mm:ss or m:ss): 2:40:09
	Average shared text size (kbytes): 0
	Average unshared data size (kbytes): 0
	Average stack size (kbytes): 0
	Average total size (kbytes): 0
	Maximum resident set size (kbytes): 564100868
	Average resident set size (kbytes): 0
	Major (requiring I/O) page faults: 0
	Minor (reclaiming a frame) page faults: 1488749913
	Voluntary context switches: 127
	Involuntary context switches: 7740
	Swaps: 0
	File system inputs: 0
	File system outputs: 8
	Socket messages sent: 0
	Socket messages received: 0
	Signals delivered: 0
	Page size (bytes): 4096
	Exit status: 124
