Input graph file parsed. # of vertices = 450, # of edges = 17425
s 10 35 38 46 47 48 61 76 83 90 113 130 138 152 162 177 189 200 203 205 217 220 228 230 231 232 243 250 269 275 279 334 338 342 343 353 358 368 389 408 420 436 445
Solution space ZDD construction start
Command exited with non-zero status 124
	Command being timed: "timeout 160m ../ddreconf/ddreconf ../benchmark_instances/2023result/docs/solver/benchmark/2022benchmark/benchmark/color04/le450_25d.col --stfile=../benchmark_instances/2023result/docs/solver/benchmark/2022benchmark/benchmark/color04/le450_25d_01.dat --tj --indset --longest"
	User time (seconds): 7932.93
	System time (seconds): 1658.07
	Percent of CPU this job got: 99%
	Elapsed (wall clock) time (h:mm:ss or m:ss): 2:40:09
	Average shared text size (kbytes): 0
	Average unshared data size (kbytes): 0
	Average stack size (kbytes): 0
	Average total size (kbytes): 0
	Maximum resident set size (kbytes): 565802128
	Average resident set size (kbytes): 0
	Major (requiring I/O) page faults: 0
	Minor (reclaiming a frame) page faults: 1516617905
	Voluntary context switches: 123
	Involuntary context switches: 7852
	Swaps: 0
	File system inputs: 328
	File system outputs: 8
	Socket messages sent: 0
	Socket messages received: 0
	Signals delivered: 0
	Page size (bytes): 4096
	Exit status: 124
