Input graph file parsed. # of vertices = 13, # of edges = 15
s 6 12 10 8 1 4
Solution space ZDD construction start
Solution space ZDD construction end
Solution space ZDD construction time = 0.000266
Solution space ZDD size = 22
# of elements in the solution space = 475
Start searching the longest reconfiguration sequence
Step 1 time = 0.000024, # ZDD nodes = 6, # elems = 1
Step 2 time = 0.000018, # ZDD nodes = 11, # elems = 2
Step 3 time = 0.000021, # ZDD nodes = 14, # elems = 3
Step 4 time = 0.000020, # ZDD nodes = 14, # elems = 3
Step 5 time = 0.000017, # ZDD nodes = 12, # elems = 3
Step 6 time = 0.000016, # ZDD nodes = 9, # elems = 2
Step 7 time = 0.000012, # ZDD nodes = 6, # elems = 1
Step 8 time = 0.000003, # ZDD nodes = 0, # elems = 0
a 1 4 6 8 10 12
a 1 4 7 8 10 12
a 1 5 7 8 10 12
a 2 5 7 8 10 12
a 2 3 7 8 10 12
a 2 3 7 8 10 13
a 2 3 7 8 11 13
a 2 3 7 9 11 13
Reconfiguration time = 0.000596
	Command being timed: "timeout 20m ../ddreconf/ddreconf ../instances_pw_col/LGC_exp_instance001.pw.col --stfile=../benchmark_instances/2023result/docs/solver/benchmark/exp_instance/LGC_exp_instance001_01.dat --tj --indset --longest"
	User time (seconds): 0.00
	System time (seconds): 0.01
	Percent of CPU this job got: 93%
	Elapsed (wall clock) time (h:mm:ss or m:ss): 0:00.01
	Average shared text size (kbytes): 0
	Average unshared data size (kbytes): 0
	Average stack size (kbytes): 0
	Average total size (kbytes): 0
	Maximum resident set size (kbytes): 33016
	Average resident set size (kbytes): 0
	Major (requiring I/O) page faults: 0
	Minor (reclaiming a frame) page faults: 859
	Voluntary context switches: 7
	Involuntary context switches: 0
	Swaps: 0
	File system inputs: 56
	File system outputs: 8
	Socket messages sent: 0
	Socket messages received: 0
	Signals delivered: 0
	Page size (bytes): 4096
	Exit status: 0
