Input graph file parsed. # of vertices = 38, # of edges = 44
s 8 10 12 1 4 6 28 30 32 33 35 37 19 25 23 21 14 17
Solution space ZDD construction start
Solution space ZDD construction end
Solution space ZDD construction time = 0.001378
Solution space ZDD size = 75
# of elements in the solution space = 56829420
Start searching the longest reconfiguration sequence
Step 1 time = 0.000102, # ZDD nodes = 20, # elems = 2
Step 2 time = 0.000033, # ZDD nodes = 25, # elems = 3
Step 3 time = 0.000059, # ZDD nodes = 30, # elems = 4
Step 4 time = 0.000040, # ZDD nodes = 30, # elems = 4
Step 5 time = 0.000050, # ZDD nodes = 39, # elems = 6
Step 6 time = 0.000090, # ZDD nodes = 53, # elems = 9
Step 7 time = 0.000069, # ZDD nodes = 54, # elems = 10
Step 8 time = 0.000085, # ZDD nodes = 50, # elems = 9
Step 9 time = 0.000035, # ZDD nodes = 41, # elems = 6
Step 10 time = 0.000026, # ZDD nodes = 30, # elems = 3
Step 11 time = 0.000022, # ZDD nodes = 18, # elems = 1
Step 12 time = 0.000018, # ZDD nodes = 18, # elems = 1
Step 13 time = 0.000014, # ZDD nodes = 23, # elems = 2
Step 14 time = 0.000019, # ZDD nodes = 26, # elems = 3
Step 15 time = 0.000020, # ZDD nodes = 26, # elems = 3
Step 16 time = 0.000015, # ZDD nodes = 24, # elems = 3
Step 17 time = 0.000025, # ZDD nodes = 29, # elems = 4
Step 18 time = 0.000030, # ZDD nodes = 32, # elems = 4
Step 19 time = 0.000029, # ZDD nodes = 30, # elems = 4
Step 20 time = 0.000033, # ZDD nodes = 33, # elems = 4
Step 21 time = 0.000036, # ZDD nodes = 39, # elems = 5
Step 22 time = 0.000045, # ZDD nodes = 45, # elems = 6
Step 23 time = 0.000064, # ZDD nodes = 51, # elems = 7
Step 24 time = 0.000051, # ZDD nodes = 51, # elems = 7
Step 25 time = 0.000040, # ZDD nodes = 42, # elems = 6
Step 26 time = 0.000057, # ZDD nodes = 35, # elems = 5
Step 27 time = 0.000049, # ZDD nodes = 30, # elems = 4
Step 28 time = 0.000050, # ZDD nodes = 24, # elems = 2
Step 29 time = 0.000023, # ZDD nodes = 18, # elems = 1
Step 30 time = 0.000023, # ZDD nodes = 18, # elems = 1
Step 31 time = 0.000010, # ZDD nodes = 0, # elems = 0
a 1 4 6 8 10 12 14 17 19 21 23 25 28 30 32 33 35 37
a 1 4 7 8 10 12 14 17 19 21 23 25 28 30 32 33 35 37
a 1 5 7 8 10 12 14 17 19 21 23 25 28 30 32 33 35 37
a 2 5 7 8 10 12 14 17 19 21 23 25 28 30 32 33 35 37
a 2 5 7 8 10 12 14 17 19 21 23 25 28 30 32 34 35 37
a 2 5 7 8 10 12 14 17 19 21 23 25 28 30 32 34 36 37
a 2 5 7 8 10 12 14 17 19 21 23 25 28 30 32 34 36 38
a 2 3 7 8 10 12 14 17 19 21 23 25 28 30 32 34 36 38
a 2 3 6 8 10 12 14 17 19 21 23 25 28 30 32 34 36 38
a 2 3 6 8 10 12 14 17 19 21 23 25 27 30 32 34 36 38
a 2 3 6 8 10 12 14 17 19 21 23 25 27 29 32 34 36 38
a 2 3 6 8 10 12 14 17 19 21 23 25 27 29 31 34 36 38
a 2 3 6 8 10 12 14 17 20 21 23 25 27 29 31 34 36 38
a 2 3 6 8 10 12 14 18 20 21 23 25 27 29 31 34 36 38
a 2 3 6 8 10 12 15 18 20 21 23 25 27 29 31 34 36 38
a 2 3 6 8 10 12 15 16 20 21 23 25 27 29 31 34 36 38
a 2 3 6 8 10 12 15 16 19 21 23 25 27 29 31 34 36 38
a 2 3 6 8 10 12 15 16 19 21 23 25 27 29 31 34 36 37
a 2 3 6 8 10 12 15 16 19 21 23 25 27 29 31 34 35 37
a 2 3 6 8 10 12 15 16 19 21 23 25 27 29 31 33 35 37
a 2 3 6 8 10 12 15 16 19 21 23 25 27 29 32 33 35 37
a 2 3 6 8 10 12 15 16 19 21 23 25 27 30 32 33 35 37
a 2 3 6 8 10 12 15 16 19 21 23 25 28 30 32 33 35 37
a 2 3 7 8 10 12 15 16 19 21 23 25 28 30 32 33 35 37
a 2 5 7 8 10 12 15 16 19 21 23 25 28 30 32 33 35 37
a 1 5 7 8 10 12 15 16 19 21 23 25 28 30 32 33 35 37
a 1 4 7 8 10 12 15 16 19 21 23 25 28 30 32 33 35 37
a 1 4 6 8 10 12 15 16 19 21 23 25 28 30 32 33 35 37
a 1 4 6 8 10 12 15 16 19 21 23 25 27 30 32 33 35 37
a 1 4 6 8 10 12 15 16 19 21 23 25 27 29 32 33 35 37
a 1 4 6 8 10 12 15 16 19 21 23 25 27 29 31 33 35 37
Reconfiguration time = 0.007603
	Command being timed: "timeout 20m ../ddreconf/ddreconf ../instances_pwwt_col/LGC_exp_instance002.pwwt.col --stfile=../benchmark_instances/2023result/docs/solver/benchmark/exp_instance/LGC_exp_instance002_01.dat --tj --indset --longest"
	User time (seconds): 0.00
	System time (seconds): 0.01
	Percent of CPU this job got: 91%
	Elapsed (wall clock) time (h:mm:ss or m:ss): 0:00.02
	Average shared text size (kbytes): 0
	Average unshared data size (kbytes): 0
	Average stack size (kbytes): 0
	Average total size (kbytes): 0
	Maximum resident set size (kbytes): 33012
	Average resident set size (kbytes): 0
	Major (requiring I/O) page faults: 0
	Minor (reclaiming a frame) page faults: 1042
	Voluntary context switches: 5
	Involuntary context switches: 0
	Swaps: 0
	File system inputs: 40
	File system outputs: 8
	Socket messages sent: 0
	Socket messages received: 0
	Signals delivered: 0
	Page size (bytes): 4096
	Exit status: 0
