Input graph file parsed. # of vertices = 75, # of edges = 87
s 8 10 12 6 4 1 46 48 50 70 72 74 41 43 45 65 67 69 53 55 57 19 25 23 21 17 14 58 60 62 32 38 36 34 27 30
Solution space ZDD construction start
Solution space ZDD construction end
Solution space ZDD construction time = 0.004996
Solution space ZDD size = 245
# of elements in the solution space = 2182279538746620
Start searching the longest reconfiguration sequence
Step 1 time = 0.000241, # ZDD nodes = 57, # elems = 5
Step 2 time = 0.000260, # ZDD nodes = 86, # elems = 14
Step 3 time = 0.000324, # ZDD nodes = 120, # elems = 30
Step 4 time = 0.000276, # ZDD nodes = 152, # elems = 50
Step 5 time = 0.000213, # ZDD nodes = 182, # elems = 69
Step 6 time = 0.000270, # ZDD nodes = 210, # elems = 83
Step 7 time = 0.000246, # ZDD nodes = 222, # elems = 87
Step 8 time = 0.000291, # ZDD nodes = 222, # elems = 84
Step 9 time = 0.000208, # ZDD nodes = 217, # elems = 77
Step 10 time = 0.000220, # ZDD nodes = 196, # elems = 67
Step 11 time = 0.000150, # ZDD nodes = 167, # elems = 57
Step 12 time = 0.000111, # ZDD nodes = 150, # elems = 46
Step 13 time = 0.000107, # ZDD nodes = 128, # elems = 35
Step 14 time = 0.000126, # ZDD nodes = 117, # elems = 26
Step 15 time = 0.000119, # ZDD nodes = 111, # elems = 20
Step 16 time = 0.000150, # ZDD nodes = 112, # elems = 19
Step 17 time = 0.000130, # ZDD nodes = 127, # elems = 25
Step 18 time = 0.000164, # ZDD nodes = 148, # elems = 38
Step 19 time = 0.000165, # ZDD nodes = 169, # elems = 59
Step 20 time = 0.000167, # ZDD nodes = 189, # elems = 88
Step 21 time = 0.000196, # ZDD nodes = 211, # elems = 122
Step 22 time = 0.000205, # ZDD nodes = 228, # elems = 158
Step 23 time = 0.000242, # ZDD nodes = 240, # elems = 189
Step 24 time = 0.000193, # ZDD nodes = 246, # elems = 207
Step 25 time = 0.000215, # ZDD nodes = 253, # elems = 207
Step 26 time = 0.000223, # ZDD nodes = 267, # elems = 190
Step 27 time = 0.000213, # ZDD nodes = 280, # elems = 164
Step 28 time = 0.000205, # ZDD nodes = 288, # elems = 140
Step 29 time = 0.000206, # ZDD nodes = 281, # elems = 128
Step 30 time = 0.000212, # ZDD nodes = 270, # elems = 132
Step 31 time = 0.000184, # ZDD nodes = 254, # elems = 148
Step 32 time = 0.000168, # ZDD nodes = 232, # elems = 168
Step 33 time = 0.000177, # ZDD nodes = 221, # elems = 183
Step 34 time = 0.000177, # ZDD nodes = 208, # elems = 184
Step 35 time = 0.000158, # ZDD nodes = 193, # elems = 169
Step 36 time = 0.000133, # ZDD nodes = 176, # elems = 140
Step 37 time = 0.000113, # ZDD nodes = 151, # elems = 102
Step 38 time = 0.000082, # ZDD nodes = 125, # elems = 65
Step 39 time = 0.000076, # ZDD nodes = 111, # elems = 35
Step 40 time = 0.000063, # ZDD nodes = 102, # elems = 16
Step 41 time = 0.000089, # ZDD nodes = 101, # elems = 8
Step 42 time = 0.000117, # ZDD nodes = 102, # elems = 7
Step 43 time = 0.000115, # ZDD nodes = 109, # elems = 9
Step 44 time = 0.000106, # ZDD nodes = 111, # elems = 11
Step 45 time = 0.000126, # ZDD nodes = 133, # elems = 15
Step 46 time = 0.000149, # ZDD nodes = 154, # elems = 23
Step 47 time = 0.000162, # ZDD nodes = 173, # elems = 40
Step 48 time = 0.000146, # ZDD nodes = 180, # elems = 69
Step 49 time = 0.000196, # ZDD nodes = 185, # elems = 107
Step 50 time = 0.000196, # ZDD nodes = 191, # elems = 149
Step 51 time = 0.000229, # ZDD nodes = 208, # elems = 184
Step 52 time = 0.000169, # ZDD nodes = 215, # elems = 202
Step 53 time = 0.000143, # ZDD nodes = 224, # elems = 198
Step 54 time = 0.000163, # ZDD nodes = 230, # elems = 174
Step 55 time = 0.000156, # ZDD nodes = 243, # elems = 142
Step 56 time = 0.000201, # ZDD nodes = 260, # elems = 117
Step 57 time = 0.000159, # ZDD nodes = 269, # elems = 110
Step 58 time = 0.000176, # ZDD nodes = 271, # elems = 125
Step 59 time = 0.000196, # ZDD nodes = 266, # elems = 155
Step 60 time = 0.000199, # ZDD nodes = 252, # elems = 186
Step 61 time = 0.000140, # ZDD nodes = 244, # elems = 206
Step 62 time = 0.000126, # ZDD nodes = 236, # elems = 206
Step 63 time = 0.000106, # ZDD nodes = 221, # elems = 185
Step 64 time = 0.000130, # ZDD nodes = 203, # elems = 149
Step 65 time = 0.000094, # ZDD nodes = 182, # elems = 107
Step 66 time = 0.000096, # ZDD nodes = 166, # elems = 70
Step 67 time = 0.000131, # ZDD nodes = 151, # elems = 44
Step 68 time = 0.000101, # ZDD nodes = 138, # elems = 31
Step 69 time = 0.000078, # ZDD nodes = 120, # elems = 27
Step 70 time = 0.000063, # ZDD nodes = 104, # elems = 26
Step 71 time = 0.000116, # ZDD nodes = 98, # elems = 25
Step 72 time = 0.000070, # ZDD nodes = 97, # elems = 22
Step 73 time = 0.000064, # ZDD nodes = 99, # elems = 19
Step 74 time = 0.000072, # ZDD nodes = 100, # elems = 19
Step 75 time = 0.000056, # ZDD nodes = 105, # elems = 24
Step 76 time = 0.000055, # ZDD nodes = 108, # elems = 33
Step 77 time = 0.000045, # ZDD nodes = 123, # elems = 44
Step 78 time = 0.000050, # ZDD nodes = 146, # elems = 53
Step 79 time = 0.000053, # ZDD nodes = 167, # elems = 56
Step 80 time = 0.000053, # ZDD nodes = 170, # elems = 53
Step 81 time = 0.000051, # ZDD nodes = 166, # elems = 45
Step 82 time = 0.000050, # ZDD nodes = 159, # elems = 36
Step 83 time = 0.000067, # ZDD nodes = 158, # elems = 30
Step 84 time = 0.000050, # ZDD nodes = 154, # elems = 29
Step 85 time = 0.000048, # ZDD nodes = 142, # elems = 33
Step 86 time = 0.000049, # ZDD nodes = 144, # elems = 40
Step 87 time = 0.000047, # ZDD nodes = 143, # elems = 46
Step 88 time = 0.000047, # ZDD nodes = 136, # elems = 49
Step 89 time = 0.000062, # ZDD nodes = 125, # elems = 48
Step 90 time = 0.000081, # ZDD nodes = 106, # elems = 41
Step 91 time = 0.000072, # ZDD nodes = 86, # elems = 31
Step 92 time = 0.000050, # ZDD nodes = 78, # elems = 20
Step 93 time = 0.000061, # ZDD nodes = 62, # elems = 10
Step 94 time = 0.000025, # ZDD nodes = 48, # elems = 4
Step 95 time = 0.000023, # ZDD nodes = 36, # elems = 1
Step 96 time = 0.000012, # ZDD nodes = 0, # elems = 0
a 1 4 6 8 10 12 14 17 19 21 23 25 27 30 32 34 36 38 41 43 45 46 48 50 53 55 57 58 60 62 65 67 69 70 72 74
a 1 4 7 8 10 12 14 17 19 21 23 25 27 30 32 34 36 38 41 43 45 46 48 50 53 55 57 58 60 62 65 67 69 70 72 74
a 1 5 7 8 10 12 14 17 19 21 23 25 27 30 32 34 36 38 41 43 45 46 48 50 53 55 57 58 60 62 65 67 69 70 72 74
a 2 5 7 8 10 12 14 17 19 21 23 25 27 30 32 34 36 38 41 43 45 46 48 50 53 55 57 58 60 62 65 67 69 70 72 74
a 2 3 7 8 10 12 14 17 19 21 23 25 27 30 32 34 36 38 41 43 45 46 48 50 53 55 57 58 60 62 65 67 69 70 72 74
a 2 3 6 8 10 12 14 17 19 21 23 25 27 30 32 34 36 38 41 43 45 46 48 50 53 55 57 58 60 62 65 67 69 70 72 74
a 2 3 6 8 10 12 14 17 19 21 23 25 27 30 32 34 36 38 40 43 45 46 48 50 53 55 57 58 60 62 65 67 69 70 72 74
a 2 3 6 8 10 12 14 17 19 21 23 25 27 30 32 34 36 38 40 42 45 46 48 50 53 55 57 58 60 62 65 67 69 70 72 74
a 2 3 6 8 10 12 14 17 19 21 23 25 27 30 32 34 36 38 40 42 44 46 48 50 53 55 57 58 60 62 65 67 69 70 72 74
a 2 3 6 8 10 12 14 17 19 21 23 25 27 30 32 34 36 38 40 42 44 47 48 50 53 55 57 58 60 62 65 67 69 70 72 74
a 2 3 6 8 10 12 14 17 19 21 23 25 27 30 32 34 36 38 40 42 44 47 49 50 53 55 57 58 60 62 65 67 69 70 72 74
a 2 3 6 8 10 12 14 17 19 21 23 25 27 30 32 34 36 38 40 42 44 47 49 51 53 55 57 58 60 62 65 67 69 70 72 74
a 2 3 6 8 10 12 14 17 20 21 23 25 27 30 32 34 36 38 40 42 44 47 49 51 53 55 57 58 60 62 65 67 69 70 72 74
a 2 3 6 8 10 12 14 18 20 21 23 25 27 30 32 34 36 38 40 42 44 47 49 51 53 55 57 58 60 62 65 67 69 70 72 74
a 2 3 6 8 10 12 15 18 20 21 23 25 27 30 32 34 36 38 40 42 44 47 49 51 53 55 57 58 60 62 65 67 69 70 72 74
a 2 3 6 8 10 12 15 18 20 21 23 25 27 30 32 34 36 38 40 42 44 47 49 51 53 55 57 59 60 62 65 67 69 70 72 74
a 2 3 6 8 10 12 15 18 20 21 23 25 27 30 32 34 36 38 40 42 44 47 49 51 53 55 57 59 61 62 65 67 69 70 72 74
a 2 3 6 8 10 12 15 18 20 21 23 25 27 30 32 34 36 38 40 42 44 47 49 51 53 55 57 59 61 63 65 67 69 70 72 74
a 2 3 6 8 10 12 15 16 20 21 23 25 27 30 32 34 36 38 40 42 44 47 49 51 53 55 57 59 61 63 65 67 69 70 72 74
a 2 3 6 8 10 12 15 16 19 21 23 25 27 30 32 34 36 38 40 42 44 47 49 51 53 55 57 59 61 63 65 67 69 70 72 74
a 2 3 6 8 10 12 15 16 19 21 23 25 27 30 32 34 36 38 40 42 44 47 49 51 52 55 57 59 61 63 65 67 69 70 72 74
a 2 3 6 8 10 12 15 16 19 21 23 25 27 30 32 34 36 38 40 42 44 47 49 51 52 54 57 59 61 63 65 67 69 70 72 74
a 2 3 6 8 10 12 15 16 19 21 23 25 27 30 32 34 36 38 40 42 44 47 49 51 52 54 56 59 61 63 65 67 69 70 72 74
a 2 3 6 8 10 12 15 16 19 21 23 25 27 30 32 34 36 38 40 42 45 47 49 51 52 54 56 59 61 63 65 67 69 70 72 74
a 2 3 6 8 10 12 15 16 19 21 23 25 27 30 32 34 36 38 40 43 45 47 49 51 52 54 56 59 61 63 65 67 69 70 72 74
a 2 3 6 8 10 12 15 16 19 21 23 25 27 30 32 34 36 38 41 43 45 47 49 51 52 54 56 59 61 63 65 67 69 70 72 74
a 2 3 7 8 10 12 15 16 19 21 23 25 27 30 32 34 36 38 41 43 45 47 49 51 52 54 56 59 61 63 65 67 69 70 72 74
a 2 3 7 8 10 12 15 16 19 21 23 25 27 30 32 34 36 38 41 43 45 47 49 50 52 54 56 59 61 63 65 67 69 70 72 74
a 2 3 7 8 10 12 15 16 19 21 23 25 27 30 32 34 36 38 41 43 45 47 48 50 52 54 56 59 61 63 65 67 69 70 72 74
a 2 3 7 8 10 12 15 16 19 21 23 25 27 30 32 34 36 38 41 43 45 46 48 50 52 54 56 59 61 63 65 67 69 70 72 74
a 2 5 7 8 10 12 15 16 19 21 23 25 27 30 32 34 36 38 41 43 45 46 48 50 52 54 56 59 61 63 65 67 69 70 72 74
a 1 5 7 8 10 12 15 16 19 21 23 25 27 30 32 34 36 38 41 43 45 46 48 50 52 54 56 59 61 63 65 67 69 70 72 74
a 1 4 7 8 10 12 15 16 19 21 23 25 27 30 32 34 36 38 41 43 45 46 48 50 52 54 56 59 61 63 65 67 69 70 72 74
a 1 4 6 8 10 12 15 16 19 21 23 25 27 30 32 34 36 38 41 43 45 46 48 50 52 54 56 59 61 63 65 67 69 70 72 74
a 1 4 6 8 10 12 15 16 19 21 23 25 27 30 32 34 36 38 41 43 45 46 48 50 52 54 56 59 61 63 64 67 69 70 72 74
a 1 4 6 8 10 12 15 16 19 21 23 25 27 30 32 34 36 38 41 43 45 46 48 50 52 54 56 59 61 63 64 66 69 70 72 74
a 1 4 6 8 10 12 15 16 19 21 23 25 27 30 32 34 36 38 41 43 45 46 48 50 52 54 56 59 61 63 64 66 68 70 72 74
a 1 4 6 8 10 12 15 16 19 21 23 25 27 30 32 34 36 38 41 43 45 46 48 50 52 54 56 59 61 63 64 66 68 71 72 74
a 1 4 6 8 10 12 15 16 19 21 23 25 27 30 32 34 36 38 41 43 45 46 48 50 52 54 56 59 61 63 64 66 68 71 73 74
a 1 4 6 8 10 12 15 16 19 21 23 25 27 30 32 34 36 38 41 43 45 46 48 50 52 54 56 59 61 63 64 66 68 71 73 75
a 1 4 6 8 10 12 15 16 19 21 23 25 27 30 33 34 36 38 41 43 45 46 48 50 52 54 56 59 61 63 64 66 68 71 73 75
a 1 4 6 8 10 12 15 16 19 21 23 25 27 31 33 34 36 38 41 43 45 46 48 50 52 54 56 59 61 63 64 66 68 71 73 75
a 1 4 6 8 10 12 15 16 19 21 23 25 28 31 33 34 36 38 41 43 45 46 48 50 52 54 56 59 61 63 64 66 68 71 73 75
a 1 4 6 8 10 12 15 16 19 21 23 25 28 29 33 34 36 38 41 43 45 46 48 50 52 54 56 59 61 63 64 66 68 71 73 75
a 1 4 6 8 10 12 15 16 19 21 23 25 28 29 32 34 36 38 41 43 45 46 48 50 52 54 56 59 61 63 64 66 68 71 73 75
a 1 4 6 8 10 12 15 16 19 21 23 25 28 29 32 34 36 38 41 43 45 46 48 50 52 54 56 59 61 62 64 66 68 71 73 75
a 1 4 6 8 10 12 15 16 19 21 23 25 28 29 32 34 36 38 41 43 45 46 48 50 52 54 56 59 60 62 64 66 68 71 73 75
a 1 4 6 8 10 12 15 16 19 21 23 25 28 29 32 34 36 38 41 43 45 46 48 50 52 54 56 58 60 62 64 66 68 71 73 75
a 1 4 6 8 10 12 15 16 19 21 23 25 28 29 32 34 36 38 41 43 45 46 48 50 52 54 57 58 60 62 64 66 68 71 73 75
a 1 4 6 8 10 12 15 16 19 21 23 25 28 29 32 34 36 38 41 43 45 46 48 50 52 55 57 58 60 62 64 66 68 71 73 75
a 1 4 6 8 10 12 15 16 19 21 23 25 28 29 32 34 36 38 41 43 45 46 48 50 53 55 57 58 60 62 64 66 68 71 73 75
a 1 4 6 8 10 12 15 16 19 21 23 25 28 29 32 34 36 38 41 43 45 46 48 50 53 55 57 58 60 62 64 66 69 71 73 75
a 1 4 6 8 10 12 15 16 19 21 23 25 28 29 32 34 36 38 41 43 45 46 48 50 53 55 57 58 60 62 64 67 69 71 73 75
a 1 4 6 8 10 12 15 16 19 21 23 25 28 29 32 34 36 38 41 43 45 46 48 50 53 55 57 58 60 62 65 67 69 71 73 75
a 1 4 7 8 10 12 15 16 19 21 23 25 28 29 32 34 36 38 41 43 45 46 48 50 53 55 57 58 60 62 65 67 69 71 73 75
a 1 4 7 8 10 12 15 16 19 21 23 25 28 29 32 34 36 38 41 43 45 46 48 50 53 55 57 58 60 62 65 67 69 71 73 74
a 1 4 7 8 10 12 15 16 19 21 23 25 28 29 32 34 36 38 41 43 45 46 48 50 53 55 57 58 60 62 65 67 69 71 72 74
a 1 4 7 8 10 12 15 16 19 21 23 25 28 29 32 34 36 38 41 43 45 46 48 50 53 55 57 58 60 62 65 67 69 70 72 74
a 1 5 7 8 10 12 15 16 19 21 23 25 28 29 32 34 36 38 41 43 45 46 48 50 53 55 57 58 60 62 65 67 69 70 72 74
a 2 5 7 8 10 12 15 16 19 21 23 25 28 29 32 34 36 38 41 43 45 46 48 50 53 55 57 58 60 62 65 67 69 70 72 74
a 2 3 7 8 10 12 15 16 19 21 23 25 28 29 32 34 36 38 41 43 45 46 48 50 53 55 57 58 60 62 65 67 69 70 72 74
a 2 3 6 8 10 12 15 16 19 21 23 25 28 29 32 34 36 38 41 43 45 46 48 50 53 55 57 58 60 62 65 67 69 70 72 74
a 2 3 6 8 10 12 15 16 19 21 23 25 28 29 32 34 36 38 40 43 45 46 48 50 53 55 57 58 60 62 65 67 69 70 72 74
a 2 3 6 8 10 12 15 16 19 21 23 25 28 29 32 34 36 38 40 42 45 46 48 50 53 55 57 58 60 62 65 67 69 70 72 74
a 2 3 6 8 10 12 15 16 19 21 23 25 28 29 32 34 36 38 40 42 44 46 48 50 53 55 57 58 60 62 65 67 69 70 72 74
a 2 3 6 8 10 12 15 16 19 21 23 25 28 29 32 34 36 38 40 42 44 47 48 50 53 55 57 58 60 62 65 67 69 70 72 74
a 2 3 6 8 10 12 15 16 19 21 23 25 28 29 32 34 36 38 40 42 44 47 49 50 53 55 57 58 60 62 65 67 69 70 72 74
a 2 3 6 8 10 12 15 16 19 21 23 25 28 29 32 34 36 38 40 42 44 47 49 51 53 55 57 58 60 62 65 67 69 70 72 74
a 2 3 6 8 10 12 15 16 20 21 23 25 28 29 32 34 36 38 40 42 44 47 49 51 53 55 57 58 60 62 65 67 69 70 72 74
a 2 3 6 8 10 12 15 18 20 21 23 25 28 29 32 34 36 38 40 42 44 47 49 51 53 55 57 58 60 62 65 67 69 70 72 74
a 2 3 6 8 10 12 14 18 20 21 23 25 28 29 32 34 36 38 40 42 44 47 49 51 53 55 57 58 60 62 65 67 69 70 72 74
a 2 3 6 8 10 12 14 17 20 21 23 25 28 29 32 34 36 38 40 42 44 47 49 51 53 55 57 58 60 62 65 67 69 70 72 74
a 2 3 6 8 10 12 14 17 19 21 23 25 28 29 32 34 36 38 40 42 44 47 49 51 53 55 57 58 60 62 65 67 69 70 72 74
a 2 3 6 8 10 12 14 17 19 21 23 25 28 29 32 34 36 38 40 42 44 47 49 51 52 55 57 58 60 62 65 67 69 70 72 74
a 2 3 6 8 10 12 14 17 19 21 23 25 28 29 32 34 36 38 40 42 44 47 49 51 52 54 57 58 60 62 65 67 69 70 72 74
a 2 3 6 8 10 12 14 17 19 21 23 25 28 29 32 34 36 38 40 42 44 47 49 51 52 54 56 58 60 62 65 67 69 70 72 74
a 2 3 6 8 10 12 14 17 19 21 23 25 28 29 32 34 36 38 40 42 45 47 49 51 52 54 56 58 60 62 65 67 69 70 72 74
a 2 3 6 8 10 12 14 17 19 21 23 25 28 29 32 34 36 38 40 43 45 47 49 51 52 54 56 58 60 62 65 67 69 70 72 74
a 2 3 6 8 10 12 14 17 19 21 23 25 28 29 32 34 36 38 41 43 45 47 49 51 52 54 56 58 60 62 65 67 69 70 72 74
a 2 3 7 8 10 12 14 17 19 21 23 25 28 29 32 34 36 38 41 43 45 47 49 51 52 54 56 58 60 62 65 67 69 70 72 74
a 2 3 7 8 10 12 14 17 19 21 23 25 28 29 32 34 36 38 41 43 45 47 49 50 52 54 56 58 60 62 65 67 69 70 72 74
a 2 3 7 8 10 12 14 17 19 21 23 25 28 29 32 34 36 38 41 43 45 47 48 50 52 54 56 58 60 62 65 67 69 70 72 74
a 2 3 7 8 10 12 14 17 19 21 23 25 28 29 32 34 36 38 41 43 45 46 48 50 52 54 56 58 60 62 65 67 69 70 72 74
a 2 5 7 8 10 12 14 17 19 21 23 25 28 29 32 34 36 38 41 43 45 46 48 50 52 54 56 58 60 62 65 67 69 70 72 74
a 1 5 7 8 10 12 14 17 19 21 23 25 28 29 32 34 36 38 41 43 45 46 48 50 52 54 56 58 60 62 65 67 69 70 72 74
a 1 4 7 8 10 12 14 17 19 21 23 25 28 29 32 34 36 38 41 43 45 46 48 50 52 54 56 58 60 62 65 67 69 70 72 74
a 1 4 6 8 10 12 14 17 19 21 23 25 28 29 32 34 36 38 41 43 45 46 48 50 52 54 56 58 60 62 65 67 69 70 72 74
a 1 4 6 8 10 12 14 17 19 21 23 25 28 29 32 34 36 38 41 43 45 46 48 50 52 54 56 58 60 62 64 67 69 70 72 74
a 1 4 6 8 10 12 14 17 19 21 23 25 28 29 32 34 36 38 41 43 45 46 48 50 52 54 56 58 60 62 64 66 69 70 72 74
a 1 4 6 8 10 12 14 17 19 21 23 25 28 29 32 34 36 38 41 43 45 46 48 50 52 54 56 58 60 62 64 66 68 70 72 74
a 1 4 6 8 10 12 14 17 19 21 23 25 28 29 32 34 36 38 40 43 45 46 48 50 52 54 56 58 60 62 64 66 68 70 72 74
a 1 4 6 8 10 12 14 17 19 21 23 25 28 29 32 34 36 38 40 42 45 46 48 50 52 54 56 58 60 62 64 66 68 70 72 74
a 1 4 6 8 10 12 14 17 19 21 23 25 28 29 32 34 36 38 40 42 44 46 48 50 52 54 56 58 60 62 64 66 68 70 72 74
a 1 4 6 8 10 12 14 17 19 21 23 25 28 29 32 34 36 38 40 42 44 46 48 50 52 54 56 58 60 62 64 66 68 71 72 74
a 1 4 6 8 10 12 14 17 19 21 23 25 28 29 32 34 36 38 40 42 44 46 48 50 52 54 56 58 60 62 64 66 68 71 73 74
a 1 4 6 8 10 12 14 17 19 21 23 25 28 29 32 34 36 38 40 42 44 46 48 50 52 54 56 58 60 62 64 66 68 71 73 75
Reconfiguration time = 0.121994
	Command being timed: "timeout 20m ../ddreconf/ddreconf ../instances_pw_col/LGC_exp_instance003.pw.col --stfile=../benchmark_instances/2023result/docs/solver/benchmark/exp_instance/LGC_exp_instance003_01.dat --tj --indset --longest"
	User time (seconds): 0.12
	System time (seconds): 0.01
	Percent of CPU this job got: 98%
	Elapsed (wall clock) time (h:mm:ss or m:ss): 0:00.14
	Average shared text size (kbytes): 0
	Average unshared data size (kbytes): 0
	Average stack size (kbytes): 0
	Average total size (kbytes): 0
	Maximum resident set size (kbytes): 34036
	Average resident set size (kbytes): 0
	Major (requiring I/O) page faults: 0
	Minor (reclaiming a frame) page faults: 1404
	Voluntary context switches: 5
	Involuntary context switches: 1
	Swaps: 0
	File system inputs: 16
	File system outputs: 32
	Socket messages sent: 0
	Socket messages received: 0
	Signals delivered: 0
	Page size (bytes): 4096
	Exit status: 0
