Input graph file parsed. # of vertices = 38, # of edges = 44
s 1 4 6 8 10 12 14 17 19 21 23 25 28 30 32 33 35 37
Solution space ZDD construction start
Solution space ZDD construction end
Solution space ZDD construction time = 0.001646
Solution space ZDD size = 229
# of elements in the solution space = 56829420
Start searching the longest reconfiguration sequence
Step 1 time = 0.000097, # ZDD nodes = 29, # elems = 2
Step 2 time = 0.000048, # ZDD nodes = 35, # elems = 3
Step 3 time = 0.000043, # ZDD nodes = 41, # elems = 4
Step 4 time = 0.000049, # ZDD nodes = 39, # elems = 4
Step 5 time = 0.000066, # ZDD nodes = 51, # elems = 6
Step 6 time = 0.000103, # ZDD nodes = 73, # elems = 9
Step 7 time = 0.000093, # ZDD nodes = 76, # elems = 10
Step 8 time = 0.000089, # ZDD nodes = 65, # elems = 9
Step 9 time = 0.000037, # ZDD nodes = 51, # elems = 6
Step 10 time = 0.000022, # ZDD nodes = 34, # elems = 3
Step 11 time = 0.000013, # ZDD nodes = 18, # elems = 1
Step 12 time = 0.000011, # ZDD nodes = 18, # elems = 1
Step 13 time = 0.000020, # ZDD nodes = 23, # elems = 2
Step 14 time = 0.000027, # ZDD nodes = 28, # elems = 3
Step 15 time = 0.000032, # ZDD nodes = 28, # elems = 3
Step 16 time = 0.000039, # ZDD nodes = 26, # elems = 3
Step 17 time = 0.000037, # ZDD nodes = 32, # elems = 4
Step 18 time = 0.000084, # ZDD nodes = 33, # elems = 4
Step 19 time = 0.000071, # ZDD nodes = 30, # elems = 4
Step 20 time = 0.000045, # ZDD nodes = 42, # elems = 4
Step 21 time = 0.000065, # ZDD nodes = 55, # elems = 5
Step 22 time = 0.000060, # ZDD nodes = 63, # elems = 6
Step 23 time = 0.000055, # ZDD nodes = 62, # elems = 7
Step 24 time = 0.000071, # ZDD nodes = 64, # elems = 7
Step 25 time = 0.000054, # ZDD nodes = 55, # elems = 6
Step 26 time = 0.000046, # ZDD nodes = 44, # elems = 5
Step 27 time = 0.000042, # ZDD nodes = 30, # elems = 4
Step 28 time = 0.000040, # ZDD nodes = 29, # elems = 2
Step 29 time = 0.000041, # ZDD nodes = 18, # elems = 1
Step 30 time = 0.000013, # ZDD nodes = 18, # elems = 1
Step 31 time = 0.000006, # ZDD nodes = 0, # elems = 0
a 1 4 6 8 10 12 14 17 19 21 23 25 28 30 32 33 35 37
a 1 4 7 8 10 12 14 17 19 21 23 25 28 30 32 33 35 37
a 1 5 7 8 10 12 14 17 19 21 23 25 28 30 32 33 35 37
a 2 5 7 8 10 12 14 17 19 21 23 25 28 30 32 33 35 37
a 2 5 7 8 10 12 14 17 19 21 23 25 28 30 32 34 35 37
a 2 5 7 8 10 12 14 17 19 21 23 25 28 30 32 34 36 37
a 2 5 7 8 10 12 14 17 19 21 23 25 28 30 32 34 36 38
a 2 3 7 8 10 12 14 17 19 21 23 25 28 30 32 34 36 38
a 2 3 6 8 10 12 14 17 19 21 23 25 28 30 32 34 36 38
a 2 3 6 8 10 12 14 17 19 21 23 25 27 30 32 34 36 38
a 2 3 6 8 10 12 14 17 19 21 23 25 27 29 32 34 36 38
a 2 3 6 8 10 12 14 17 19 21 23 25 27 29 31 34 36 38
a 2 3 6 8 10 12 14 17 20 21 23 25 27 29 31 34 36 38
a 2 3 6 8 10 12 14 18 20 21 23 25 27 29 31 34 36 38
a 2 3 6 8 10 12 15 18 20 21 23 25 27 29 31 34 36 38
a 2 3 6 8 10 12 15 16 20 21 23 25 27 29 31 34 36 38
a 2 3 6 8 10 12 15 16 19 21 23 25 27 29 31 34 36 38
a 2 3 6 8 10 12 15 16 19 21 23 25 27 29 31 34 36 37
a 2 3 6 8 10 12 15 16 19 21 23 25 27 29 31 34 35 37
a 2 3 6 8 10 12 15 16 19 21 23 25 27 29 31 33 35 37
a 2 3 6 8 10 12 15 16 19 21 23 25 27 29 32 33 35 37
a 2 3 6 8 10 12 15 16 19 21 23 25 27 30 32 33 35 37
a 2 3 6 8 10 12 15 16 19 21 23 25 28 30 32 33 35 37
a 2 3 7 8 10 12 15 16 19 21 23 25 28 30 32 33 35 37
a 2 5 7 8 10 12 15 16 19 21 23 25 28 30 32 33 35 37
a 1 5 7 8 10 12 15 16 19 21 23 25 28 30 32 33 35 37
a 1 4 7 8 10 12 15 16 19 21 23 25 28 30 32 33 35 37
a 1 4 6 8 10 12 15 16 19 21 23 25 28 30 32 33 35 37
a 1 4 6 8 10 12 15 16 19 21 23 25 27 30 32 33 35 37
a 1 4 6 8 10 12 15 16 19 21 23 25 27 29 32 33 35 37
a 1 4 6 8 10 12 15 16 19 21 23 25 27 29 31 33 35 37
Reconfiguration time = 0.008512
	Command being timed: "timeout 20m ../ddreconf/ddreconf ../benchmark_instances/2023result/docs/solver/benchmark/exp_instance/LGC_exp_instance002.col --stfile=../benchmark_instances/2023result/docs/solver/benchmark/exp_instance/LGC_exp_instance002_01.dat --tj --indset --longest"
	User time (seconds): 0.01
	System time (seconds): 0.01
	Percent of CPU this job got: 95%
	Elapsed (wall clock) time (h:mm:ss or m:ss): 0:00.02
	Average shared text size (kbytes): 0
	Average unshared data size (kbytes): 0
	Average stack size (kbytes): 0
	Average total size (kbytes): 0
	Maximum resident set size (kbytes): 33012
	Average resident set size (kbytes): 0
	Major (requiring I/O) page faults: 0
	Minor (reclaiming a frame) page faults: 1196
	Voluntary context switches: 4
	Involuntary context switches: 1
	Swaps: 0
	File system inputs: 8
	File system outputs: 8
	Socket messages sent: 0
	Socket messages received: 0
	Signals delivered: 0
	Page size (bytes): 4096
	Exit status: 0
