Input graph file parsed. # of vertices = 128, # of edges = 5198
s 17 22 51 112
Solution space ZDD construction start
Solution space ZDD construction end
Solution space ZDD construction time = 4.945802
Solution space ZDD size = 2334
# of elements in the solution space = 14030
Start searching the longest reconfiguration sequence
Step 1 time = 0.000220, # ZDD nodes = 55, # elems = 44
Step 2 time = 0.001144, # ZDD nodes = 235, # elems = 229
Step 3 time = 0.005733, # ZDD nodes = 406, # elems = 828
Step 4 time = 0.013453, # ZDD nodes = 415, # elems = 976
Step 5 time = 0.010426, # ZDD nodes = 277, # elems = 905
Step 6 time = 0.003836, # ZDD nodes = 0, # elems = 0
a 17 22 51 112
a 17 22 51 72
a 22 40 51 72
a 22 34 40 72
a 22 34 40 98
a 34 40 53 98
Reconfiguration time = 0.037937
	Command being timed: "timeout 20m ../ddreconf/ddreconf ../benchmark_instances/2023result/docs/solver/benchmark/2022benchmark/benchmark/color04/miles1500.col --stfile=../benchmark_instances/2023result/docs/solver/benchmark/2022benchmark/benchmark/color04/miles1500_02.dat --tj --indset --longest"
	User time (seconds): 4.72
	System time (seconds): 0.29
	Percent of CPU this job got: 99%
	Elapsed (wall clock) time (h:mm:ss or m:ss): 0:05.02
	Average shared text size (kbytes): 0
	Average unshared data size (kbytes): 0
	Average stack size (kbytes): 0
	Average total size (kbytes): 0
	Maximum resident set size (kbytes): 558676
	Average resident set size (kbytes): 0
	Major (requiring I/O) page faults: 0
	Minor (reclaiming a frame) page faults: 24841
	Voluntary context switches: 3
	Involuntary context switches: 9
	Swaps: 0
	File system inputs: 0
	File system outputs: 16
	Socket messages sent: 0
	Socket messages received: 0
	Signals delivered: 0
	Page size (bytes): 4096
	Exit status: 0
