Input graph file parsed. # of vertices = 128, # of edges = 3216
s 17 15 34 32 119 106 14 22
Solution space ZDD construction start
Solution space ZDD construction end
Solution space ZDD construction time = 1.141745
Solution space ZDD size = 688
# of elements in the solution space = 2500822
Start searching the longest reconfiguration sequence
Step 1 time = 0.000150, # ZDD nodes = 39, # elems = 24
Step 2 time = 0.000442, # ZDD nodes = 70, # elems = 181
Step 3 time = 0.000975, # ZDD nodes = 91, # elems = 502
Step 4 time = 0.001018, # ZDD nodes = 90, # elems = 653
Step 5 time = 0.000952, # ZDD nodes = 60, # elems = 317
Step 6 time = 0.000485, # ZDD nodes = 16, # elems = 18
Step 7 time = 0.000091, # ZDD nodes = 0, # elems = 0
a 14 15 17 22 32 34 106 119
a 15 17 22 32 34 88 106 119
a 15 17 22 32 34 88 95 119
a 15 17 22 32 51 88 95 119
a 15 17 22 51 87 88 95 119
a 15 17 22 51 72 87 88 95
a 17 22 40 51 72 87 88 95
Reconfiguration time = 0.006675
	Command being timed: "timeout 20m ../ddreconf/ddreconf ../instances_pw_col/miles1000.pw.col --stfile=../benchmark_instances/2023result/docs/solver/benchmark/2022benchmark/benchmark/color04/miles1000_01.dat --tj --indset --longest"
	User time (seconds): 1.11
	System time (seconds): 0.06
	Percent of CPU this job got: 99%
	Elapsed (wall clock) time (h:mm:ss or m:ss): 0:01.18
	Average shared text size (kbytes): 0
	Average unshared data size (kbytes): 0
	Average stack size (kbytes): 0
	Average total size (kbytes): 0
	Maximum resident set size (kbytes): 153508
	Average resident set size (kbytes): 0
	Major (requiring I/O) page faults: 0
	Minor (reclaiming a frame) page faults: 6977
	Voluntary context switches: 6
	Involuntary context switches: 1
	Swaps: 0
	File system inputs: 72
	File system outputs: 8
	Socket messages sent: 0
	Socket messages received: 0
	Signals delivered: 0
	Page size (bytes): 4096
	Exit status: 0
