Input graph file parsed. # of vertices = 128, # of edges = 2113
s 3 14 17 22 33 34 40 64 72 106 111 112
Solution space ZDD construction start
Solution space ZDD construction end
Solution space ZDD construction time = 148.386775
Solution space ZDD size = 507692
# of elements in the solution space = 245547105
Start searching the longest reconfiguration sequence
Step 1 time = 0.000530, # ZDD nodes = 45, # elems = 10
Step 2 time = 0.001208, # ZDD nodes = 86, # elems = 24
Step 3 time = 0.001961, # ZDD nodes = 172, # elems = 90
Step 4 time = 0.004002, # ZDD nodes = 313, # elems = 317
Step 5 time = 0.006525, # ZDD nodes = 363, # elems = 482
Step 6 time = 0.004341, # ZDD nodes = 171, # elems = 240
Step 7 time = 0.000409, # ZDD nodes = 0, # elems = 0
a 3 14 17 22 33 34 40 64 72 106 111 112
a 3 14 17 22 34 40 64 72 106 111 112 117
a 3 14 17 22 34 40 64 72 95 111 112 117
a 5 14 17 22 34 40 64 72 95 111 112 117
a 5 14 22 34 40 50 64 72 95 111 112 117
a 5 14 18 22 34 50 64 72 95 111 112 117
a 5 7 18 22 34 50 64 72 95 111 112 117
Reconfiguration time = 0.021509
	Command being timed: "timeout 20m ../ddreconf/ddreconf ../benchmark_instances/2023result/docs/solver/benchmark/2022benchmark/benchmark/color04/miles750.col --stfile=../benchmark_instances/2023result/docs/solver/benchmark/2022benchmark/benchmark/color04/miles750_01.dat --tj --indset --longest"
	User time (seconds): 140.24
	System time (seconds): 8.10
	Percent of CPU this job got: 99%
	Elapsed (wall clock) time (h:mm:ss or m:ss): 2:28.67
	Average shared text size (kbytes): 0
	Average unshared data size (kbytes): 0
	Average stack size (kbytes): 0
	Average total size (kbytes): 0
	Maximum resident set size (kbytes): 16581064
	Average resident set size (kbytes): 0
	Major (requiring I/O) page faults: 0
	Minor (reclaiming a frame) page faults: 141666
	Voluntary context switches: 41
	Involuntary context switches: 175
	Swaps: 0
	File system inputs: 40
	File system outputs: 16
	Socket messages sent: 0
	Socket messages received: 0
	Signals delivered: 0
	Page size (bytes): 4096
	Exit status: 0
