Input graph file parsed. # of vertices = 128, # of edges = 3216
s 14 15 17 22 32 34 106 119
Solution space ZDD construction start
Solution space ZDD construction end
Solution space ZDD construction time = 35.919500
Solution space ZDD size = 59247
# of elements in the solution space = 2500822
Start searching the longest reconfiguration sequence
Step 1 time = 0.000424, # ZDD nodes = 60, # elems = 24
Step 2 time = 0.002544, # ZDD nodes = 226, # elems = 181
Step 3 time = 0.009261, # ZDD nodes = 425, # elems = 502
Step 4 time = 0.016746, # ZDD nodes = 475, # elems = 653
Step 5 time = 0.025412, # ZDD nodes = 295, # elems = 317
Step 6 time = 0.006610, # ZDD nodes = 49, # elems = 18
Step 7 time = 0.000685, # ZDD nodes = 0, # elems = 0
a 14 15 17 22 32 34 106 119
a 15 17 22 32 34 88 106 119
a 15 17 22 32 51 88 106 119
a 15 17 22 51 87 88 106 119
a 15 17 22 51 87 88 106 120
a 15 17 22 51 87 88 95 120
a 17 22 40 51 87 88 95 120
Reconfiguration time = 0.065080
	Command being timed: "timeout 20m ../ddreconf/ddreconf ../benchmark_instances/2023result/docs/solver/benchmark/2022benchmark/benchmark/color04/miles1000.col --stfile=../benchmark_instances/2023result/docs/solver/benchmark/2022benchmark/benchmark/color04/miles1000_01.dat --tj --indset --longest"
	User time (seconds): 33.84
	System time (seconds): 2.13
	Percent of CPU this job got: 99%
	Elapsed (wall clock) time (h:mm:ss or m:ss): 0:36.05
	Average shared text size (kbytes): 0
	Average unshared data size (kbytes): 0
	Average stack size (kbytes): 0
	Average total size (kbytes): 0
	Maximum resident set size (kbytes): 4245560
	Average resident set size (kbytes): 0
	Major (requiring I/O) page faults: 0
	Minor (reclaiming a frame) page faults: 89425
	Voluntary context switches: 9
	Involuntary context switches: 49
	Swaps: 0
	File system inputs: 56
	File system outputs: 16
	Socket messages sent: 0
	Socket messages received: 0
	Signals delivered: 0
	Page size (bytes): 4096
	Exit status: 0
