Input graph file parsed. # of vertices = 128, # of edges = 2113
s 34 33 72 14 112 40 3 17 64 106 111 22
Solution space ZDD construction start
Solution space ZDD construction end
Solution space ZDD construction time = 2.536283
Solution space ZDD size = 10322
# of elements in the solution space = 245547105
Start searching the longest reconfiguration sequence
Step 1 time = 0.000160, # ZDD nodes = 37, # elems = 10
Step 2 time = 0.000397, # ZDD nodes = 61, # elems = 24
Step 3 time = 0.000536, # ZDD nodes = 80, # elems = 90
Step 4 time = 0.000701, # ZDD nodes = 107, # elems = 317
Step 5 time = 0.000768, # ZDD nodes = 107, # elems = 482
Step 6 time = 0.000403, # ZDD nodes = 55, # elems = 240
Step 7 time = 0.000073, # ZDD nodes = 0, # elems = 0
a 3 14 17 22 33 34 40 64 72 106 111 112
a 3 14 17 22 33 34 40 64 72 95 111 112
a 3 14 17 22 34 40 64 72 95 105 111 112
a 5 14 17 22 34 40 64 72 95 105 111 112
a 5 11 14 22 34 40 64 72 95 105 111 112
a 5 11 14 22 26 34 64 72 95 105 111 112
a 5 7 11 22 26 34 64 72 95 105 111 112
Reconfiguration time = 0.005982
	Command being timed: "timeout 20m ../ddreconf/ddreconf ../instances_pwwt_col/miles750.pwwt.col --stfile=../benchmark_instances/2023result/docs/solver/benchmark/2022benchmark/benchmark/color04/miles750_01.dat --tj --indset --longest"
	User time (seconds): 2.42
	System time (seconds): 0.14
	Percent of CPU this job got: 99%
	Elapsed (wall clock) time (h:mm:ss or m:ss): 0:02.57
	Average shared text size (kbytes): 0
	Average unshared data size (kbytes): 0
	Average stack size (kbytes): 0
	Average total size (kbytes): 0
	Maximum resident set size (kbytes): 272928
	Average resident set size (kbytes): 0
	Major (requiring I/O) page faults: 0
	Minor (reclaiming a frame) page faults: 9991
	Voluntary context switches: 4
	Involuntary context switches: 5
	Swaps: 0
	File system inputs: 40
	File system outputs: 8
	Socket messages sent: 0
	Socket messages received: 0
	Signals delivered: 0
	Page size (bytes): 4096
	Exit status: 0
