Input graph file parsed. # of vertices = 128, # of edges = 2113
s 3 14 17 22 33 34 40 64 72 111 112
Solution space ZDD construction start
Solution space ZDD construction end
Solution space ZDD construction time = 148.389691
Solution space ZDD size = 507692
# of elements in the solution space = 245547105
Start searching the longest reconfiguration sequence
Step 1 time = 0.000572, # ZDD nodes = 54, # elems = 31
Step 2 time = 0.002099, # ZDD nodes = 280, # elems = 323
Step 3 time = 0.012549, # ZDD nodes = 1039, # elems = 1631
Step 4 time = 0.058864, # ZDD nodes = 2331, # elems = 5398
Step 5 time = 0.213331, # ZDD nodes = 4206, # elems = 15519
Step 6 time = 0.261134, # ZDD nodes = 6248, # elems = 32791
Step 7 time = 0.350367, # ZDD nodes = 7817, # elems = 49000
Step 8 time = 0.403812, # ZDD nodes = 8172, # elems = 51135
Step 9 time = 0.528229, # ZDD nodes = 6039, # elems = 31390
Step 10 time = 0.252732, # ZDD nodes = 2431, # elems = 9547
Step 11 time = 0.060487, # ZDD nodes = 522, # elems = 1522
Step 12 time = 0.006987, # ZDD nodes = 0, # elems = 0
a 3 14 17 22 33 34 40 64 72 111 112
a 3 14 17 22 33 34 40 64 95 111 112
a 3 14 17 22 33 34 40 95 111 112 119
a 3 14 17 22 33 34 40 95 107 112 119
a 3 14 17 33 34 40 95 107 112 118 119
a 3 14 17 34 40 79 95 107 112 118 119
a 3 14 17 40 51 79 95 107 112 118 119
a 14 17 35 40 51 79 95 107 112 118 119
a 14 35 40 51 79 85 95 107 112 118 119
a 14 35 40 51 56 79 85 107 112 118 119
a 14 35 37 40 51 56 79 85 107 118 119
a 14 29 35 37 51 56 79 85 107 118 119
Reconfiguration time = 2.165332
	Command being timed: "timeout 20m ../ddreconf/ddreconf ../benchmark_instances/2023result/docs/solver/benchmark/2022benchmark/benchmark/color04/miles750.col --stfile=../benchmark_instances/2023result/docs/solver/benchmark/2022benchmark/benchmark/color04/miles750_02.dat --tj --indset --longest"
	User time (seconds): 142.35
	System time (seconds): 8.14
	Percent of CPU this job got: 99%
	Elapsed (wall clock) time (h:mm:ss or m:ss): 2:30.82
	Average shared text size (kbytes): 0
	Average unshared data size (kbytes): 0
	Average stack size (kbytes): 0
	Average total size (kbytes): 0
	Maximum resident set size (kbytes): 16635716
	Average resident set size (kbytes): 0
	Major (requiring I/O) page faults: 0
	Minor (reclaiming a frame) page faults: 141648
	Voluntary context switches: 39
	Involuntary context switches: 176
	Swaps: 0
	File system inputs: 0
	File system outputs: 16
	Socket messages sent: 0
	Socket messages received: 0
	Signals delivered: 0
	Page size (bytes): 4096
	Exit status: 0
