Input graph file parsed. # of vertices = 100, # of edges = 166
s 46 86 94 52 6 29 17 3 22 34 8 25 12 64 67 97 73 40 28 55 35 59 76 68 56 16 100 48 77 91 82 85
Solution space ZDD construction start
Solution space ZDD construction end
Solution space ZDD construction time = 0.012138
Solution space ZDD size = 534
# of elements in the solution space = 899476914678948928
Start searching the longest reconfiguration sequence
Step 1 time = 0.000337, # ZDD nodes = 145, # elems = 97
Step 2 time = 0.000827, # ZDD nodes = 472, # elems = 2517
Step 3 time = 0.003174, # ZDD nodes = 990, # elems = 35793
Step 4 time = 0.007493, # ZDD nodes = 1660, # elems = 343542
Step 5 time = 0.014574, # ZDD nodes = 2392, # elems = 2456675
Step 6 time = 0.022075, # ZDD nodes = 3115, # elems = 13858501
Step 7 time = 0.029468, # ZDD nodes = 3788, # elems = 63991547
Step 8 time = 0.034729, # ZDD nodes = 4390, # elems = 248159434
Step 9 time = 0.041338, # ZDD nodes = 4934, # elems = 823712212
Step 10 time = 0.045777, # ZDD nodes = 5432, # elems = 2374961171
Step 11 time = 0.055366, # ZDD nodes = 5880, # elems = 6020188850
Step 12 time = 0.065368, # ZDD nodes = 6274, # elems = 13556184314
Step 13 time = 0.081226, # ZDD nodes = 6595, # elems = 27369402505
Step 14 time = 0.094533, # ZDD nodes = 6861, # elems = 49965184055
Step 15 time = 0.117796, # ZDD nodes = 7075, # elems = 83111157855
Step 16 time = 0.132727, # ZDD nodes = 7226, # elems = 126789955223
Step 17 time = 0.139553, # ZDD nodes = 7304, # elems = 178294732826
Step 18 time = 0.141936, # ZDD nodes = 7294, # elems = 231836595408
Step 19 time = 0.160635, # ZDD nodes = 7199, # elems = 279003028582
Step 20 time = 0.156100, # ZDD nodes = 7035, # elems = 310295058370
Step 21 time = 0.104232, # ZDD nodes = 6784, # elems = 317663985459
Step 22 time = 0.057039, # ZDD nodes = 6490, # elems = 297424644081
Step 23 time = 0.023097, # ZDD nodes = 6155, # elems = 252358846083
Step 24 time = 0.019893, # ZDD nodes = 5730, # elems = 191688491219
Step 25 time = 0.015356, # ZDD nodes = 5221, # elems = 128307016433
Step 26 time = 0.009319, # ZDD nodes = 4627, # elems = 74153365084
Step 27 time = 0.008235, # ZDD nodes = 3973, # elems = 36028086019
Step 28 time = 0.004842, # ZDD nodes = 3241, # elems = 14192548797
Step 29 time = 0.003553, # ZDD nodes = 2438, # elems = 4303581526
Step 30 time = 0.002049, # ZDD nodes = 1605, # elems = 925906410
Step 31 time = 0.000880, # ZDD nodes = 822, # elems = 121930605
Step 32 time = 0.000380, # ZDD nodes = 247, # elems = 6895800
Step 33 time = 0.000077, # ZDD nodes = 0, # elems = 0
a 3 6 8 12 16 17 22 25 28 29 34 35 40 46 48 52 55 56 59 64 67 68 73 76 77 82 85 86 91 94 97 100
a 3 6 8 12 16 17 22 25 28 29 34 35 40 46 48 52 55 56 59 64 67 68 73 76 77 82 84 86 91 94 97 100
a 3 6 8 12 16 17 22 25 28 29 34 35 40 46 48 52 55 56 59 64 67 68 73 76 77 81 84 86 91 94 97 100
a 3 6 8 12 16 17 22 25 28 29 34 35 40 46 48 52 55 56 59 64 67 68 73 76 77 81 84 86 90 94 97 100
a 3 6 8 12 16 17 22 25 28 29 34 35 40 41 46 52 55 56 59 64 67 68 73 76 77 81 84 86 90 94 97 100
a 3 6 8 12 16 17 22 25 28 29 34 35 40 41 46 49 52 55 56 59 64 67 68 73 76 77 81 84 86 90 94 97
a 3 6 8 12 17 22 25 28 29 34 35 40 41 46 47 49 52 55 56 59 64 67 68 73 76 77 81 84 86 90 94 97
a 3 6 8 12 17 22 25 28 29 34 35 40 41 43 46 47 49 52 55 56 59 64 67 68 73 76 81 84 86 90 94 97
a 3 6 8 12 17 22 25 28 29 34 35 40 41 43 46 47 49 52 55 59 64 67 68 73 76 81 84 86 90 94 97 98
a 3 6 8 12 17 22 25 28 29 34 35 40 41 43 46 47 49 52 55 59 64 67 70 73 76 81 84 86 90 94 97 98
a 3 6 8 12 17 22 25 28 29 34 35 40 41 43 46 47 49 52 55 59 64 67 70 73 74 81 84 86 90 94 97 98
a 3 6 8 12 15 17 22 25 28 29 34 35 40 41 43 46 47 49 52 55 64 67 70 73 74 81 84 86 90 94 97 98
a 3 6 8 12 15 17 22 25 28 29 34 40 41 43 46 47 49 52 55 60 64 67 70 73 74 81 84 86 90 94 97 98
a 3 6 8 12 15 17 22 25 28 29 34 40 41 43 46 47 49 52 53 60 64 67 70 73 74 81 84 86 90 94 97 98
a 3 6 8 12 15 17 22 25 29 34 36 40 41 43 46 47 49 52 53 60 64 67 70 73 74 81 84 86 90 94 97 98
a 3 6 8 12 15 17 22 25 29 34 36 37 41 43 46 47 49 52 53 60 64 67 70 73 74 81 84 86 90 94 97 98
a 3 6 8 15 17 22 25 26 29 34 36 37 41 43 46 47 49 52 53 60 64 67 70 73 74 81 84 86 90 94 97 98
a 3 6 8 15 17 22 25 26 29 34 36 37 41 43 46 47 49 52 53 60 64 67 70 73 74 81 84 86 90 94 95 98
a 3 6 8 15 17 22 25 26 29 34 36 37 41 43 46 47 49 52 53 60 64 67 70 72 74 81 84 86 90 94 95 98
a 3 6 8 15 17 22 25 26 29 34 36 37 41 43 46 47 49 52 53 60 64 66 70 72 74 81 84 86 90 94 95 98
a 3 6 8 15 17 22 25 26 29 34 36 37 41 43 46 47 49 52 53 60 62 66 70 72 74 81 84 86 90 94 95 98
a 3 6 8 13 15 17 22 26 29 34 36 37 41 43 46 47 49 52 53 60 62 66 70 72 74 81 84 86 90 94 95 98
a 3 6 13 15 17 22 23 26 29 34 36 37 41 43 46 47 49 52 53 60 62 66 70 72 74 81 84 86 90 94 95 98
a 2 3 13 15 17 22 23 26 29 34 36 37 41 43 46 47 49 52 53 60 62 66 70 72 74 81 84 86 90 94 95 98
a 2 3 9 13 15 17 22 23 26 29 36 37 41 43 46 47 49 52 53 60 62 66 70 72 74 81 84 86 90 94 95 98
a 2 3 9 13 15 17 23 26 29 33 36 37 41 43 46 47 49 52 53 60 62 66 70 72 74 81 84 86 90 94 95 98
a 2 4 9 13 15 17 23 26 29 33 36 37 41 43 46 47 49 52 53 60 62 66 70 72 74 81 84 86 90 94 95 98
a 2 4 9 13 15 17 18 23 26 33 36 37 41 43 46 47 49 52 53 60 62 66 70 72 74 81 84 86 90 94 95 98
a 2 4 9 13 15 18 23 26 30 33 36 37 41 43 46 47 49 52 53 60 62 66 70 72 74 81 84 86 90 94 95 98
a 2 4 5 9 13 15 18 23 26 30 33 36 37 41 43 47 49 52 53 60 62 66 70 72 74 81 84 86 90 94 95 98
a 2 4 5 9 13 15 18 19 23 26 30 33 36 37 41 43 47 49 53 60 62 66 70 72 74 81 84 86 90 94 95 98
a 2 4 5 9 13 15 18 19 23 26 30 33 36 37 41 43 47 49 53 60 62 66 70 72 74 81 84 86 90 92 95 98
a 2 4 5 9 13 15 18 19 23 26 30 33 36 37 41 43 47 49 53 60 62 66 70 72 74 81 84 87 90 92 95 98
Reconfiguration time = 1.683557
	Command being timed: "timeout 20m ../ddreconf/ddreconf ../instances_pw_col/mug100_1.pw.col --stfile=../benchmark_instances/2023result/docs/solver/benchmark/2022benchmark/benchmark/color04/mug100_1_02.dat --tj --indset --longest"
	User time (seconds): 1.69
	System time (seconds): 0.01
	Percent of CPU this job got: 99%
	Elapsed (wall clock) time (h:mm:ss or m:ss): 0:01.71
	Average shared text size (kbytes): 0
	Average unshared data size (kbytes): 0
	Average stack size (kbytes): 0
	Average total size (kbytes): 0
	Maximum resident set size (kbytes): 40180
	Average resident set size (kbytes): 0
	Major (requiring I/O) page faults: 0
	Minor (reclaiming a frame) page faults: 4223
	Voluntary context switches: 4
	Involuntary context switches: 2
	Swaps: 0
	File system inputs: 8
	File system outputs: 16
	Socket messages sent: 0
	Socket messages received: 0
	Signals delivered: 0
	Page size (bytes): 4096
	Exit status: 0
