Input graph file parsed. # of vertices = 100, # of edges = 166
s 4 49 7 94 9 76 68 73 27 64 85 79 18 22 12 61 16 100 15 46 37 40 91 55 43 58 97 25 80 50 67 88
Solution space ZDD construction start
Solution space ZDD construction end
Solution space ZDD construction time = 0.012700
Solution space ZDD size = 681
# of elements in the solution space = 917236423320766528
Start searching the longest reconfiguration sequence
Step 1 time = 0.000361, # ZDD nodes = 136, # elems = 129
Step 2 time = 0.000769, # ZDD nodes = 401, # elems = 3594
Step 3 time = 0.002248, # ZDD nodes = 865, # elems = 52873
Step 4 time = 0.006324, # ZDD nodes = 1543, # elems = 515060
Step 5 time = 0.014639, # ZDD nodes = 2366, # elems = 3690860
Step 6 time = 0.026040, # ZDD nodes = 3266, # elems = 20682414
Step 7 time = 0.042318, # ZDD nodes = 4203, # elems = 94363900
Step 8 time = 0.069272, # ZDD nodes = 5119, # elems = 360847088
Step 9 time = 0.093609, # ZDD nodes = 5988, # elems = 1182317896
Step 10 time = 0.151767, # ZDD nodes = 6776, # elems = 3377736389
Step 11 time = 0.242626, # ZDD nodes = 7456, # elems = 8533341461
Step 12 time = 0.383052, # ZDD nodes = 8029, # elems = 19281276127
Step 13 time = 0.689356, # ZDD nodes = 8487, # elems = 39311563354
Step 14 time = 0.893710, # ZDD nodes = 8811, # elems = 72795674652
Step 15 time = 1.395845, # ZDD nodes = 9020, # elems = 122963561274
Step 16 time = 1.378724, # ZDD nodes = 9145, # elems = 189915515995
Step 17 time = 0.645505, # ZDD nodes = 9213, # elems = 268375824698
Step 18 time = 0.221155, # ZDD nodes = 9221, # elems = 346725876608
Step 19 time = 0.182550, # ZDD nodes = 9133, # elems = 408707997276
Step 20 time = 0.126020, # ZDD nodes = 8952, # elems = 438172601926
Step 21 time = 0.117155, # ZDD nodes = 8698, # elems = 425371765028
Step 22 time = 0.094314, # ZDD nodes = 8368, # elems = 371738041263
Step 23 time = 0.084577, # ZDD nodes = 7944, # elems = 290212346097
Step 24 time = 0.067599, # ZDD nodes = 7438, # elems = 200389087217
Step 25 time = 0.049601, # ZDD nodes = 6824, # elems = 120811173525
Step 26 time = 0.038993, # ZDD nodes = 6105, # elems = 62538082046
Step 27 time = 0.025332, # ZDD nodes = 5269, # elems = 27191331624
Step 28 time = 0.014881, # ZDD nodes = 4325, # elems = 9639214721
Step 29 time = 0.008111, # ZDD nodes = 3289, # elems = 2670504107
Step 30 time = 0.004493, # ZDD nodes = 2217, # elems = 541515159
Step 31 time = 0.001824, # ZDD nodes = 1185, # elems = 71446842
Step 32 time = 0.000463, # ZDD nodes = 372, # elems = 4610720
Step 33 time = 0.000086, # ZDD nodes = 0, # elems = 0
a 4 7 9 12 15 16 18 22 25 27 37 40 43 46 49 50 55 58 61 64 67 68 73 76 79 80 85 88 91 94 97 100
a 4 7 9 11 12 15 16 22 25 27 37 40 43 46 49 50 55 58 61 64 67 68 73 76 79 80 85 88 91 94 97 100
a 4 7 9 11 12 15 16 17 22 27 37 40 43 46 49 50 55 58 61 64 67 68 73 76 79 80 85 88 91 94 97 100
a 4 7 9 11 12 15 16 17 22 27 37 40 43 46 49 50 52 55 58 61 64 67 68 73 76 79 85 88 91 94 97 100
a 4 7 9 11 12 15 16 17 22 27 37 40 43 46 49 52 55 58 61 64 67 68 73 76 79 82 85 88 91 94 97 100
a 4 7 9 11 12 15 16 17 22 27 37 40 43 46 49 52 55 58 61 64 65 68 73 76 79 82 85 88 91 94 97 100
a 4 7 9 11 12 15 16 17 22 27 37 40 43 46 49 52 55 58 61 64 65 68 73 76 79 82 85 86 91 94 97 100
a 4 7 9 11 12 15 16 17 22 27 37 40 43 46 49 52 55 58 61 64 65 68 73 76 79 82 85 86 91 94 95 100
a 4 7 9 11 12 15 16 17 22 27 37 40 43 46 49 52 55 57 61 64 65 68 73 76 79 82 85 86 91 94 95 100
a 4 7 9 11 12 15 16 17 22 27 37 40 43 46 49 52 55 57 61 64 65 68 73 76 79 82 85 86 89 94 95 100
a 4 7 9 11 12 15 16 17 22 27 37 40 43 46 49 52 53 57 61 64 65 68 73 76 79 82 85 86 89 94 95 100
a 4 7 9 11 12 15 16 17 22 27 37 40 41 46 49 52 53 57 61 64 65 68 73 76 79 82 85 86 89 94 95 100
a 4 7 9 11 12 15 16 17 22 27 37 38 41 46 49 52 53 57 61 64 65 68 73 76 79 82 85 86 89 94 95 100
a 4 7 9 11 12 15 17 22 27 29 37 38 41 46 49 52 53 57 61 64 65 68 73 76 79 82 85 86 89 94 95 100
a 4 7 9 11 15 17 22 23 27 29 37 38 41 46 49 52 53 57 61 64 65 68 73 76 79 82 85 86 89 94 95 100
a 4 7 9 11 15 17 22 23 27 29 37 38 41 46 49 52 53 57 59 64 65 68 73 76 79 82 85 86 89 94 95 100
a 4 7 9 11 14 17 22 23 27 29 37 38 41 46 49 52 53 57 59 64 65 68 73 76 79 82 85 86 89 94 95 100
a 4 7 9 11 14 17 22 23 27 29 35 38 41 46 49 52 53 57 59 64 65 68 73 76 79 82 85 86 89 94 95 100
a 4 7 9 11 14 17 22 23 27 29 35 38 41 45 49 52 53 57 59 64 65 68 73 76 79 82 85 86 89 94 95 100
a 4 7 9 11 14 17 22 23 27 29 35 38 41 45 49 52 53 57 59 64 65 68 73 76 79 82 85 86 89 94 95 98
a 4 7 9 11 14 17 21 23 27 29 35 38 41 45 49 52 53 57 59 64 65 68 73 76 79 82 85 86 89 94 95 98
a 4 7 9 11 14 17 21 23 27 29 35 38 41 45 49 52 53 57 59 64 65 68 73 76 78 82 85 86 89 94 95 98
a 1 7 9 11 14 17 21 23 27 29 35 38 41 45 49 52 53 57 59 64 65 68 73 76 78 82 85 86 89 94 95 98
a 1 7 9 11 14 17 21 23 27 29 35 38 41 45 49 52 53 57 59 64 65 68 73 76 78 82 83 86 89 94 95 98
a 1 7 9 11 14 17 21 23 27 29 35 38 41 45 49 52 53 57 59 62 65 68 73 76 78 82 83 86 89 94 95 98
a 1 7 9 11 14 17 21 23 28 29 35 38 41 45 49 52 53 57 59 62 65 68 73 76 78 82 83 86 89 94 95 98
a 1 7 9 11 14 17 21 23 28 29 35 38 41 45 49 52 53 57 59 62 65 68 72 76 78 82 83 86 89 94 95 98
a 1 7 9 11 14 17 21 23 28 29 35 38 41 45 49 52 53 57 59 62 65 70 72 76 78 82 83 86 89 94 95 98
a 1 7 9 11 14 17 21 23 28 29 33 35 38 41 45 49 52 53 57 59 62 65 70 72 78 82 83 86 89 94 95 98
a 1 7 11 14 17 21 23 28 29 33 35 38 41 45 49 52 53 57 59 62 65 70 72 74 78 82 83 86 89 94 95 98
a 1 6 11 14 17 21 23 28 29 33 35 38 41 45 49 52 53 57 59 62 65 70 72 74 78 82 83 86 89 94 95 98
a 1 6 11 14 17 21 23 28 29 33 35 38 41 45 49 52 53 57 59 62 65 70 72 74 78 82 83 86 89 93 95 98
a 1 6 11 14 17 21 23 28 29 33 35 38 41 45 48 52 53 57 59 62 65 70 72 74 78 82 83 86 89 93 95 98
Reconfiguration time = 7.174118
	Command being timed: "timeout 20m ../ddreconf/ddreconf ../instances_pw_col/mug100_25.pw.col --stfile=../benchmark_instances/2023result/docs/solver/benchmark/2022benchmark/benchmark/color04/mug100_25_02.dat --tj --indset --longest"
	User time (seconds): 7.15
	System time (seconds): 0.03
	Percent of CPU this job got: 99%
	Elapsed (wall clock) time (h:mm:ss or m:ss): 0:07.20
	Average shared text size (kbytes): 0
	Average unshared data size (kbytes): 0
	Average stack size (kbytes): 0
	Average total size (kbytes): 0
	Maximum resident set size (kbytes): 75400
	Average resident set size (kbytes): 0
	Major (requiring I/O) page faults: 0
	Minor (reclaiming a frame) page faults: 6124
	Voluntary context switches: 6
	Involuntary context switches: 5
	Swaps: 0
	File system inputs: 8
	File system outputs: 16
	Socket messages sent: 0
	Socket messages received: 0
	Signals delivered: 0
	Page size (bytes): 4096
	Exit status: 0
