Input graph file parsed. # of vertices = 88, # of edges = 146
s 7 19 8 77 3 26 24 29 43 37 46 85 55 49 80 67 34 11 59 58 22 40 76 50 16 63 70 73 88
Solution space ZDD construction start
Solution space ZDD construction end
Solution space ZDD construction time = 0.011604
Solution space ZDD size = 1974
# of elements in the solution space = 6219522864915696
Start searching the longest reconfiguration sequence
Step 1 time = 0.000243, # ZDD nodes = 88, # elems = 31
Step 2 time = 0.000328, # ZDD nodes = 197, # elems = 459
Step 3 time = 0.000955, # ZDD nodes = 371, # elems = 4332
Step 4 time = 0.001675, # ZDD nodes = 637, # elems = 29344
Step 5 time = 0.003218, # ZDD nodes = 1011, # elems = 152312
Step 6 time = 0.005625, # ZDD nodes = 1496, # elems = 631737
Step 7 time = 0.008418, # ZDD nodes = 2108, # elems = 2156597
Step 8 time = 0.011505, # ZDD nodes = 2774, # elems = 6197078
Step 9 time = 0.016137, # ZDD nodes = 3439, # elems = 15263635
Step 10 time = 0.017878, # ZDD nodes = 4070, # elems = 32720619
Step 11 time = 0.020610, # ZDD nodes = 4662, # elems = 61859540
Step 12 time = 0.020918, # ZDD nodes = 5157, # elems = 104303999
Step 13 time = 0.018927, # ZDD nodes = 5527, # elems = 158289884
Step 14 time = 0.016472, # ZDD nodes = 5776, # elems = 217637468
Step 15 time = 0.012557, # ZDD nodes = 5894, # elems = 272203539
Step 16 time = 0.010989, # ZDD nodes = 5911, # elems = 310241306
Step 17 time = 0.008530, # ZDD nodes = 5890, # elems = 322232647
Step 18 time = 0.007915, # ZDD nodes = 5836, # elems = 304591370
Step 19 time = 0.007155, # ZDD nodes = 5733, # elems = 261227336
Step 20 time = 0.006878, # ZDD nodes = 5540, # elems = 202110642
Step 21 time = 0.006405, # ZDD nodes = 5233, # elems = 139734619
Step 22 time = 0.006681, # ZDD nodes = 4793, # elems = 85132835
Step 23 time = 0.004594, # ZDD nodes = 4154, # elems = 44851120
Step 24 time = 0.003739, # ZDD nodes = 3330, # elems = 19921082
Step 25 time = 0.003376, # ZDD nodes = 2415, # elems = 7186928
Step 26 time = 0.001957, # ZDD nodes = 1498, # elems = 1978780
Step 27 time = 0.001173, # ZDD nodes = 714, # elems = 368856
Step 28 time = 0.000578, # ZDD nodes = 181, # elems = 34656
Step 29 time = 0.000121, # ZDD nodes = 0, # elems = 0
a 3 7 8 11 16 19 22 24 26 29 34 37 40 43 46 49 50 55 58 59 63 67 70 73 76 77 80 85 88
a 3 7 8 11 16 19 22 24 26 29 34 37 40 43 46 49 50 55 58 59 63 67 70 73 75 77 80 85 88
a 3 7 8 11 16 19 22 24 26 29 34 37 40 43 46 49 50 55 58 59 63 67 70 73 75 77 80 85 86
a 3 7 8 11 16 19 22 24 26 29 34 37 40 43 46 49 50 55 58 59 63 67 70 72 75 77 80 85 86
a 3 7 8 11 16 19 22 24 26 29 34 37 40 43 46 49 50 55 58 59 63 67 69 72 75 77 80 85 86
a 3 7 8 11 16 19 22 24 26 29 34 37 40 43 46 49 50 55 58 59 63 67 69 72 75 77 82 85 86
a 3 7 8 11 16 19 22 24 28 29 34 37 40 43 46 49 50 55 58 59 63 67 69 72 75 77 82 85 86
a 4 7 8 11 16 19 22 24 28 29 34 37 40 43 46 49 50 55 58 59 63 67 69 72 75 77 82 85 86
a 4 5 8 11 16 19 22 24 28 29 34 37 40 43 46 49 50 55 58 59 63 67 69 72 75 77 82 85 86
a 1 4 5 8 16 19 22 24 28 29 34 37 40 43 46 49 50 55 58 59 63 67 69 72 75 77 82 85 86
a 1 4 5 8 16 19 22 24 28 29 34 37 40 43 46 49 50 55 58 60 63 67 69 72 75 77 82 85 86
a 1 4 5 8 12 19 22 24 28 29 34 37 40 43 46 49 50 55 58 60 63 67 69 72 75 77 82 85 86
a 1 4 5 8 12 19 22 24 28 29 34 37 40 43 46 49 50 55 58 60 62 67 69 72 75 77 82 85 86
a 1 4 5 8 12 19 22 24 28 29 34 37 40 43 46 49 51 55 58 60 62 67 69 72 75 77 82 85 86
a 1 4 5 8 12 19 22 24 28 29 34 37 38 43 46 49 51 55 58 60 62 67 69 72 75 77 82 85 86
a 1 4 5 8 12 15 19 24 28 29 34 37 38 43 46 49 51 55 58 60 62 67 69 72 75 77 82 85 86
a 1 4 5 8 12 15 19 24 28 29 34 37 38 43 46 49 51 55 57 60 62 67 69 72 75 77 82 85 86
a 1 4 5 8 12 15 19 24 28 29 33 37 38 43 46 49 51 55 57 60 62 67 69 72 75 77 82 85 86
a 1 4 5 8 12 15 19 24 28 29 33 37 38 43 46 49 51 55 57 60 62 66 69 72 75 77 82 85 86
a 1 4 5 8 12 15 19 24 28 29 33 37 38 43 46 48 51 55 57 60 62 66 69 72 75 77 82 85 86
a 1 4 5 8 12 15 19 24 28 29 33 37 38 43 46 48 51 53 57 60 62 66 69 72 75 77 82 85 86
a 1 4 5 8 12 15 19 24 28 29 33 37 38 41 46 48 51 53 57 60 62 66 69 72 75 77 82 85 86
a 1 4 5 8 12 15 19 24 28 29 33 36 37 38 41 46 48 51 53 57 60 62 66 69 72 75 77 82 86
a 1 4 5 8 12 15 19 24 28 29 33 36 38 41 46 48 51 53 57 60 62 66 69 72 75 77 82 83 86
a 1 4 5 8 12 15 19 24 25 28 33 36 38 41 46 48 51 53 57 60 62 66 69 72 75 77 82 83 86
a 1 4 5 8 12 15 19 24 25 28 33 36 38 41 44 48 51 53 57 60 62 66 69 72 75 77 82 83 86
a 1 4 5 8 12 15 19 25 28 31 33 36 38 41 44 48 51 53 57 60 62 66 69 72 75 77 82 83 86
a 1 4 5 8 12 15 19 25 28 31 33 36 38 41 44 48 51 53 57 60 62 66 69 72 75 78 82 83 86
a 1 4 5 8 12 15 18 25 28 31 33 36 38 41 44 48 51 53 57 60 62 66 69 72 75 78 82 83 86
Reconfiguration time = 0.284170
	Command being timed: "timeout 20m ../ddreconf/ddreconf ../instances_pwwt_col/mug88_25.pwwt.col --stfile=../benchmark_instances/2023result/docs/solver/benchmark/2022benchmark/benchmark/color04/mug88_25_01.dat --tj --indset --longest"
	User time (seconds): 0.29
	System time (seconds): 0.01
	Percent of CPU this job got: 99%
	Elapsed (wall clock) time (h:mm:ss or m:ss): 0:00.31
	Average shared text size (kbytes): 0
	Average unshared data size (kbytes): 0
	Average stack size (kbytes): 0
	Average total size (kbytes): 0
	Maximum resident set size (kbytes): 38132
	Average resident set size (kbytes): 0
	Major (requiring I/O) page faults: 0
	Minor (reclaiming a frame) page faults: 3114
	Voluntary context switches: 4
	Involuntary context switches: 1
	Swaps: 0
	File system inputs: 8
	File system outputs: 16
	Socket messages sent: 0
	Socket messages received: 0
	Signals delivered: 0
	Page size (bytes): 4096
	Exit status: 0
