Input graph file parsed. # of vertices = 88, # of edges = 146
s 4 5 8 11 14 19 21 23 28 29 33 34 38 41 45 49 50 53 56 59 64 65 70 76 79 82 85 88
Solution space ZDD construction start
Solution space ZDD construction end
Solution space ZDD construction time = 14.654050
Solution space ZDD size = 893642
# of elements in the solution space = 6657407284552416
Start searching the longest reconfiguration sequence
Step 1 time = 0.000257, # ZDD nodes = 147, # elems = 85
Step 2 time = 0.002329, # ZDD nodes = 808, # elems = 1961
Step 3 time = 0.018166, # ZDD nodes = 3060, # elems = 24404
Step 4 time = 0.102565, # ZDD nodes = 9284, # elems = 201794
Step 5 time = 0.400071, # ZDD nodes = 23244, # elems = 1227462
Step 6 time = 0.969958, # ZDD nodes = 50494, # elems = 5836041
Step 7 time = 2.730503, # ZDD nodes = 97583, # elems = 22590935
Step 8 time = 7.177054, # ZDD nodes = 170755, # elems = 73347351
Step 9 time = 12.047413, # ZDD nodes = 273838, # elems = 204459582
Step 10 time = 26.894770, # ZDD nodes = 406503, # elems = 498950128
Step 11 time = 38.457196, # ZDD nodes = 563577, # elems = 1084155033
Step 12 time = 70.329314, # ZDD nodes = 736002, # elems = 2128821422
Step 13 time = 80.731167, # ZDD nodes = 913621, # elems = 3823632114
Step 14 time = 114.237222, # ZDD nodes = 1085264, # elems = 6334671138
Step 15 time = 146.702558, # ZDD nodes = 1237056, # elems = 9713108280
Step 16 time = 120.735312, # ZDD nodes = 1352318, # elems = 13758029589
Step 17 time = 134.488734, # ZDD nodes = 1412408, # elems = 17886700730
Step 18 time = 159.754075, # ZDD nodes = 1404813, # elems = 21142762166
Step 19 time = 97.476401, # ZDD nodes = 1324871, # elems = 22470109652
Step 20 time = 48.147973, # ZDD nodes = 1181334, # elems = 21213192159
Step 21 time = 32.370788, # ZDD nodes = 989149, # elems = 17555882721
Step 22 time = 20.571566, # ZDD nodes = 768309, # elems = 12540318932
Step 23 time = 12.579230, # ZDD nodes = 541051, # elems = 7576930728
Step 24 time = 7.378223, # ZDD nodes = 332005, # elems = 3763009806
Step 25 time = 6.025322, # ZDD nodes = 168435, # elems = 1471201602
Step 26 time = 2.676070, # ZDD nodes = 67553, # elems = 422440776
Step 27 time = 0.386053, # ZDD nodes = 18592, # elems = 78560280
Step 28 time = 0.071205, # ZDD nodes = 2807, # elems = 6998400
Step 29 time = 0.008613, # ZDD nodes = 0, # elems = 0
a 4 5 8 11 14 19 21 23 28 29 33 34 38 41 45 49 50 53 56 59 64 65 70 76 79 82 85 88
a 4 5 8 11 14 19 21 23 28 29 33 34 38 41 45 49 50 53 56 59 64 65 70 76 79 82 83 88
a 4 5 8 11 14 19 21 23 28 29 33 34 38 41 45 49 50 53 56 59 64 65 70 76 79 81 83 88
a 4 5 8 11 14 19 21 23 28 29 33 34 38 41 45 49 50 53 56 59 64 65 70 72 76 81 83 88
a 4 5 8 11 14 19 21 28 29 33 34 38 41 45 49 50 53 56 59 64 65 70 72 76 77 81 83 88
a 4 5 8 11 14 19 21 28 29 33 34 38 41 45 49 50 53 56 59 64 65 70 72 75 77 81 83 88
a 4 5 8 11 14 17 21 28 29 33 34 38 41 45 49 50 53 56 59 64 65 70 72 75 77 81 83 88
a 4 5 8 11 16 17 21 28 29 33 34 38 41 45 49 50 53 56 59 64 65 70 72 75 77 81 83 88
a 4 5 8 11 16 17 21 28 29 33 34 38 41 45 49 50 53 56 59 64 65 68 72 75 77 81 83 88
a 4 5 7 8 11 16 17 21 28 29 33 34 38 41 45 49 50 53 56 64 65 68 72 75 77 81 83 88
a 4 7 8 11 16 17 21 28 29 33 34 38 41 45 49 50 53 56 61 64 65 68 72 75 77 81 83 88
a 4 6 7 8 11 16 17 21 28 29 33 34 38 41 45 49 50 53 56 61 64 68 72 75 77 81 83 88
a 4 6 7 8 11 16 17 21 28 33 34 38 41 45 49 50 53 56 61 64 66 68 72 75 77 81 83 88
a 4 6 7 8 11 16 17 21 28 34 37 38 41 45 49 50 53 56 61 64 66 68 72 75 77 81 83 88
a 4 6 7 8 11 16 17 21 28 34 37 38 41 45 49 50 53 56 61 62 66 68 72 75 77 81 83 88
a 4 6 7 8 16 17 21 28 30 34 37 38 41 45 49 50 53 56 61 62 66 68 72 75 77 81 83 88
a 4 6 7 8 16 17 21 28 30 32 37 38 41 45 49 50 53 56 61 62 66 68 72 75 77 81 83 88
a 4 6 7 8 16 17 21 28 30 32 37 38 41 45 49 50 53 58 61 62 66 68 72 75 77 81 83 88
a 4 6 7 8 16 17 21 28 30 32 37 38 41 45 49 50 54 58 61 62 66 68 72 75 77 81 83 88
a 4 6 7 8 16 17 21 28 30 32 37 38 41 43 45 49 54 58 61 62 66 68 72 75 77 81 83 88
a 4 6 7 8 16 17 21 28 30 32 37 38 43 45 49 52 54 58 61 62 66 68 72 75 77 81 83 88
a 4 6 7 8 16 17 21 28 30 32 37 38 43 45 47 52 54 58 61 62 66 68 72 75 77 81 83 88
a 4 6 7 8 16 17 21 28 30 32 37 38 43 44 47 52 54 58 61 62 66 68 72 75 77 81 83 88
a 4 6 7 8 16 17 21 28 30 32 37 39 43 44 47 52 54 58 61 62 66 68 72 75 77 81 83 88
a 4 6 7 8 16 17 21 28 30 32 35 37 39 43 44 47 52 54 58 61 62 66 68 72 75 77 81 83
a 4 6 7 8 16 17 21 22 30 32 35 37 39 43 44 47 52 54 58 61 62 66 68 72 75 77 81 83
a 4 6 7 8 16 17 22 26 30 32 35 37 39 43 44 47 52 54 58 61 62 66 68 72 75 77 81 83
a 6 7 8 13 16 17 22 26 30 32 35 37 39 43 44 47 52 54 58 61 62 66 68 72 75 77 81 83
a 2 6 7 13 16 17 22 26 30 32 35 37 39 43 44 47 52 54 58 61 62 66 68 72 75 77 81 83
Reconfiguration time = 1147.707286
	Command being timed: "timeout 20m ../ddreconf/ddreconf ../benchmark_instances/2023result/docs/solver/benchmark/2022benchmark/benchmark/color04/mug88_1.col --stfile=../benchmark_instances/2023result/docs/solver/benchmark/2022benchmark/benchmark/color04/mug88_1_02.dat --tj --indset --longest"
	User time (seconds): 1143.02
	System time (seconds): 17.21
	Percent of CPU this job got: 99%
	Elapsed (wall clock) time (h:mm:ss or m:ss): 19:22.70
	Average shared text size (kbytes): 0
	Average unshared data size (kbytes): 0
	Average stack size (kbytes): 0
	Average total size (kbytes): 0
	Maximum resident set size (kbytes): 34359096
	Average resident set size (kbytes): 0
	Major (requiring I/O) page faults: 0
	Minor (reclaiming a frame) page faults: 269999
	Voluntary context switches: 84
	Involuntary context switches: 781
	Swaps: 0
	File system inputs: 0
	File system outputs: 120
	Socket messages sent: 0
	Socket messages received: 0
	Signals delivered: 0
	Page size (bytes): 4096
	Exit status: 0
