Input graph file parsed. # of vertices = 23, # of edges = 71
s 17 19 20 18 21 12 14 13 16 22
Solution space ZDD construction start
Solution space ZDD construction end
Solution space ZDD construction time = 0.001927
Solution space ZDD size = 198
# of elements in the solution space = 7407
Start searching the longest reconfiguration sequence
Step 1 time = 0.000057, # ZDD nodes = 20, # elems = 10
Step 2 time = 0.000033, # ZDD nodes = 0, # elems = 0
a 12 13 14 16 17 18 19 20 21 22
a 12 13 14 15 16 17 19 20 21 22
Reconfiguration time = 0.000256
	Command being timed: "timeout 20m ../ddreconf/ddreconf ../instances_pwwt_col/myciel4.pwwt.col --stfile=../benchmark_instances/2023result/docs/solver/benchmark/2022benchmark/benchmark/color04/myciel4_01.dat --tj --indset --longest"
	User time (seconds): 0.00
	System time (seconds): 0.00
	Percent of CPU this job got: 93%
	Elapsed (wall clock) time (h:mm:ss or m:ss): 0:00.01
	Average shared text size (kbytes): 0
	Average unshared data size (kbytes): 0
	Average stack size (kbytes): 0
	Average total size (kbytes): 0
	Maximum resident set size (kbytes): 33012
	Average resident set size (kbytes): 0
	Major (requiring I/O) page faults: 0
	Minor (reclaiming a frame) page faults: 880
	Voluntary context switches: 4
	Involuntary context switches: 1
	Swaps: 0
	File system inputs: 8
	File system outputs: 8
	Socket messages sent: 0
	Socket messages received: 0
	Signals delivered: 0
	Page size (bytes): 4096
	Exit status: 0
