Input graph file parsed. # of vertices = 95, # of edges = 755
s 87 89 90 88 91 82 84 85 83 86 92 76 78 79 77 80 71 73 74 72 75 81 93 64 66 67 65 68 59 61 63 62 60 58 49 51 50 48 52 53 54 55 56 57 70 94
Solution space ZDD construction start
Solution space ZDD construction end
Solution space ZDD construction time = 23.780170
Solution space ZDD size = 60229
# of elements in the solution space = 1079054920080607
Start searching the longest reconfiguration sequence
Step 1 time = 0.000128, # ZDD nodes = 92, # elems = 46
Step 2 time = 0.000239, # ZDD nodes = 0, # elems = 0
a 48 49 50 51 52 53 54 55 56 57 58 59 60 61 62 63 64 65 66 67 68 70 71 72 73 74 75 76 77 78 79 80 81 82 83 84 85 86 87 88 89 90 91 92 93 94
a 48 49 50 51 52 53 54 55 56 57 58 59 60 61 62 64 65 66 67 68 69 70 71 72 73 74 75 76 77 78 79 80 81 82 83 84 85 86 87 88 89 90 91 92 93 94
Reconfiguration time = 0.000854
	Command being timed: "timeout 20m ../ddreconf/ddreconf ../instances_pw_col/myciel6.pw.col --stfile=../benchmark_instances/2023result/docs/solver/benchmark/2022benchmark/benchmark/color04/myciel6_02.dat --tj --indset --longest"
	User time (seconds): 23.22
	System time (seconds): 0.53
	Percent of CPU this job got: 99%
	Elapsed (wall clock) time (h:mm:ss or m:ss): 0:23.82
	Average shared text size (kbytes): 0
	Average unshared data size (kbytes): 0
	Average stack size (kbytes): 0
	Average total size (kbytes): 0
	Maximum resident set size (kbytes): 1132800
	Average resident set size (kbytes): 0
	Major (requiring I/O) page faults: 0
	Minor (reclaiming a frame) page faults: 34751
	Voluntary context switches: 12
	Involuntary context switches: 31
	Swaps: 0
	File system inputs: 8
	File system outputs: 8
	Socket messages sent: 0
	Socket messages received: 0
	Signals delivered: 0
	Page size (bytes): 4096
	Exit status: 0
