Input graph file parsed. # of vertices = 59, # of edges = 87
s 1 3 8 42 44 17 46 26 33 11 48 50 14 20 36 52 54 56 23 58 29 32 39
Solution space ZDD construction start
Solution space ZDD construction end
Solution space ZDD construction time = 0.005001
Solution space ZDD size = 834
# of elements in the solution space = 279340917727
Start searching the longest reconfiguration sequence
Step 1 time = 0.000171, # ZDD nodes = 65, # elems = 24
Step 2 time = 0.000216, # ZDD nodes = 191, # elems = 268
Step 3 time = 0.000904, # ZDD nodes = 409, # elems = 1853
Step 4 time = 0.002062, # ZDD nodes = 668, # elems = 8907
Step 5 time = 0.003245, # ZDD nodes = 937, # elems = 31683
Step 6 time = 0.004504, # ZDD nodes = 1195, # elems = 86677
Step 7 time = 0.005422, # ZDD nodes = 1412, # elems = 187107
Step 8 time = 0.005773, # ZDD nodes = 1581, # elems = 324362
Step 9 time = 0.005492, # ZDD nodes = 1684, # elems = 457021
Step 10 time = 0.005929, # ZDD nodes = 1727, # elems = 527357
Step 11 time = 0.005947, # ZDD nodes = 1704, # elems = 500188
Step 12 time = 0.004614, # ZDD nodes = 1612, # elems = 389874
Step 13 time = 0.003662, # ZDD nodes = 1474, # elems = 248570
Step 14 time = 0.003329, # ZDD nodes = 1274, # elems = 128274
Step 15 time = 0.002965, # ZDD nodes = 1104, # elems = 52566
Step 16 time = 0.002273, # ZDD nodes = 906, # elems = 16564
Step 17 time = 0.001961, # ZDD nodes = 738, # elems = 3812
Step 18 time = 0.001411, # ZDD nodes = 606, # elems = 652
Step 19 time = 0.001953, # ZDD nodes = 669, # elems = 514
Step 20 time = 0.002955, # ZDD nodes = 1097, # elems = 2184
Step 21 time = 0.007738, # ZDD nodes = 2230, # elems = 8136
Step 22 time = 0.018926, # ZDD nodes = 4306, # elems = 25398
Step 23 time = 0.049873, # ZDD nodes = 7547, # elems = 67818
Step 24 time = 0.117380, # ZDD nodes = 12306, # elems = 155472
Step 25 time = 0.330854, # ZDD nodes = 18533, # elems = 303495
Step 26 time = 0.596502, # ZDD nodes = 24373, # elems = 493521
Step 27 time = 0.994853, # ZDD nodes = 27269, # elems = 640881
Step 28 time = 1.065938, # ZDD nodes = 26164, # elems = 621999
Step 29 time = 1.033555, # ZDD nodes = 21572, # elems = 417420
Step 30 time = 0.626473, # ZDD nodes = 14311, # elems = 178713
Step 31 time = 0.320717, # ZDD nodes = 6712, # elems = 44295
Step 32 time = 0.104307, # ZDD nodes = 2047, # elems = 5490
Step 33 time = 0.023218, # ZDD nodes = 388, # elems = 261
Step 34 time = 0.002038, # ZDD nodes = 53, # elems = 3
Step 35 time = 0.000111, # ZDD nodes = 0, # elems = 0
a 1 3 8 11 14 17 20 23 26 29 32 33 36 39 42 44 46 48 50 52 54 56 58
a 1 3 8 11 14 17 20 23 26 29 30 33 36 39 42 44 46 48 50 52 54 56 58
a 1 3 8 11 14 17 20 23 26 27 30 33 36 39 42 44 46 48 50 52 54 56 58
a 1 3 8 11 14 17 20 21 26 27 30 33 36 39 42 44 46 48 50 52 54 56 58
a 1 3 8 11 14 17 20 21 26 27 30 33 36 39 42 44 46 48 50 52 54 57 58
a 1 3 8 11 14 17 20 21 26 27 30 33 36 39 42 44 46 48 50 52 55 57 58
a 1 3 8 11 13 17 20 21 26 27 30 33 36 39 42 44 46 48 50 52 55 57 58
a 1 3 8 11 13 17 20 21 26 27 30 33 36 39 42 44 46 48 50 53 55 57 58
a 1 3 8 11 13 17 20 21 26 27 30 33 37 39 42 44 46 48 50 53 55 57 58
a 1 3 8 11 13 17 19 21 26 27 30 33 37 39 42 44 46 48 50 53 55 57 58
a 1 3 8 9 13 17 19 21 26 27 30 33 37 39 42 44 46 48 50 53 55 57 58
a 1 3 8 9 13 17 19 21 26 27 30 35 37 39 42 44 46 48 50 53 55 57 58
a 1 3 8 9 13 17 19 21 25 27 30 35 37 39 42 44 46 48 50 53 55 57 58
a 1 3 8 9 13 15 19 21 25 27 30 35 37 39 42 44 46 48 50 53 55 57 58
a 1 3 6 9 13 15 19 21 25 27 30 35 37 39 42 44 46 48 50 53 55 57 58
a 1 5 6 9 13 15 19 21 25 27 30 35 37 39 42 44 46 48 50 53 55 57 58
a 2 5 6 9 13 15 19 21 25 27 30 35 37 39 42 44 46 48 50 53 55 57 58
a 2 4 6 9 13 15 19 21 25 27 30 35 37 39 42 44 46 48 50 53 55 57 58
a 2 4 6 9 13 15 19 21 25 29 30 35 37 39 42 44 46 48 50 53 55 57 58
a 2 4 6 9 13 15 19 21 25 29 30 35 37 40 42 44 46 48 50 53 55 57 58
a 2 4 6 9 13 15 19 21 25 29 32 35 37 40 42 44 46 48 50 53 55 57 58
a 2 4 6 9 13 15 19 21 25 29 32 35 37 40 42 44 46 48 50 53 55 57 59
a 2 4 6 9 13 15 19 23 25 29 32 35 37 40 42 44 46 48 50 53 55 57 59
a 2 4 6 9 13 15 20 23 25 29 32 35 37 40 42 44 46 48 50 53 55 57 59
a 2 4 6 9 14 15 20 23 25 29 32 35 37 40 42 44 46 48 50 53 55 57 59
a 2 4 6 9 14 15 20 23 25 29 32 35 37 40 42 44 46 48 51 53 55 57 59
a 2 4 6 9 14 15 20 23 25 29 32 35 37 40 42 44 46 49 51 53 55 57 59
a 2 4 6 11 14 15 20 23 25 29 32 35 37 40 42 44 46 49 51 53 55 57 59
a 2 4 6 11 14 15 20 23 25 29 32 34 37 40 42 44 46 49 51 53 55 57 59
a 2 4 6 11 14 15 20 23 26 29 32 34 37 40 42 44 46 49 51 53 55 57 59
a 2 4 6 11 14 15 20 23 26 29 32 34 37 40 42 44 47 49 51 53 55 57 59
a 2 4 6 11 14 17 20 23 26 29 32 34 37 40 42 44 47 49 51 53 55 57 59
a 2 4 6 11 14 17 20 23 26 29 32 34 37 40 42 45 47 49 51 53 55 57 59
a 2 4 6 11 14 17 20 23 26 29 32 34 37 40 43 45 47 49 51 53 55 57 59
a 2 4 8 11 14 17 20 23 26 29 32 34 37 40 43 45 47 49 51 53 55 57 59
Reconfiguration time = 5.418346
	Command being timed: "timeout 20m ../ddreconf/ddreconf ../instances_pw_col/ph-03-03.pw.col --stfile=../benchmark_instances/2023result/docs/solver/benchmark/ph-isr/ph-03-03_01.dat --tj --indset --longest"
	User time (seconds): 5.28
	System time (seconds): 0.14
	Percent of CPU this job got: 99%
	Elapsed (wall clock) time (h:mm:ss or m:ss): 0:05.43
	Average shared text size (kbytes): 0
	Average unshared data size (kbytes): 0
	Average stack size (kbytes): 0
	Average total size (kbytes): 0
	Maximum resident set size (kbytes): 285848
	Average resident set size (kbytes): 0
	Major (requiring I/O) page faults: 0
	Minor (reclaiming a frame) page faults: 12359
	Voluntary context switches: 8
	Involuntary context switches: 11
	Swaps: 0
	File system inputs: 16
	File system outputs: 16
	Socket messages sent: 0
	Socket messages received: 0
	Signals delivered: 0
	Page size (bytes): 4096
	Exit status: 0
