Input graph file parsed. # of vertices = 117, # of edges = 182
s 1 3 8 70 72 74 20 76 78 32 80 44 11 54 14 17 82 84 86 23 88 90 35 92 47 58 26 29 62 38 41 50 66 53 94 96 98 100 102 104 106 108 110 112 114 116
Solution space ZDD construction start
Solution space ZDD construction end
Solution space ZDD construction time = 0.042706
Solution space ZDD size = 11660
# of elements in the solution space = 74825062231393217887911
Start searching the longest reconfiguration sequence
Step 1 time = 0.000324, # ZDD nodes = 157, # elems = 52
Step 2 time = 0.000752, # ZDD nodes = 494, # elems = 1303
Step 3 time = 0.003088, # ZDD nodes = 1167, # elems = 20972
Step 4 time = 0.006620, # ZDD nodes = 2177, # elems = 243853
Step 5 time = 0.012678, # ZDD nodes = 3419, # elems = 2184390
Step 6 time = 0.021715, # ZDD nodes = 5012, # elems = 15698985
Step 7 time = 0.035105, # ZDD nodes = 7038, # elems = 93086298
Step 8 time = 0.053048, # ZDD nodes = 9420, # elems = 464757486
Step 9 time = 0.090720, # ZDD nodes = 11988, # elems = 1984397570
Step 10 time = 0.165119, # ZDD nodes = 14723, # elems = 7334613134
Step 11 time = 0.311985, # ZDD nodes = 17606, # elems = 23698262384
Step 12 time = 0.496783, # ZDD nodes = 20583, # elems = 67470923954
Step 13 time = 0.510533, # ZDD nodes = 23555, # elems = 170393108298
Step 14 time = 0.798089, # ZDD nodes = 26473, # elems = 383817833290
Step 15 time = 1.198341, # ZDD nodes = 29275, # elems = 774737736448
Step 16 time = 1.352583, # ZDD nodes = 31949, # elems = 1406821333176
Step 17 time = 0.979251, # ZDD nodes = 34431, # elems = 2305694549978
Step 18 time = 1.122082, # ZDD nodes = 36683, # elems = 3420001670084
Step 19 time = 1.463034, # ZDD nodes = 38676, # elems = 4601282817144
Step 20 time = 1.957435, # ZDD nodes = 40344, # elems = 5625041282932
Step 21 time = 2.364673, # ZDD nodes = 41645, # elems = 6256665245878
Step 22 time = 2.744045, # ZDD nodes = 42468, # elems = 6337556630532
Step 23 time = 3.156033, # ZDD nodes = 42752, # elems = 5848825874276
Step 24 time = 1.979192, # ZDD nodes = 42462, # elems = 4918118869106
Step 25 time = 0.381254, # ZDD nodes = 41646, # elems = 3766401139734
Step 26 time = 0.192656, # ZDD nodes = 40734, # elems = 2624491344298
Step 27 time = 0.158904, # ZDD nodes = 39541, # elems = 1661506746248
Step 28 time = 0.140901, # ZDD nodes = 38489, # elems = 953588841622
Step 29 time = 0.156702, # ZDD nodes = 38428, # elems = 494710286478
Step 30 time = 0.239508, # ZDD nodes = 40970, # elems = 231097175950
Step 31 time = 0.312118, # ZDD nodes = 47775, # elems = 96719396344
Step 32 time = 0.549430, # ZDD nodes = 62112, # elems = 36032925055
Step 33 time = 1.207694, # ZDD nodes = 92904, # elems = 11853561274
Step 34 time = 3.394904, # ZDD nodes = 154922, # elems = 3425868069
Step 35 time = 9.358084, # ZDD nodes = 285864, # elems = 951292964
Step 36 time = 24.545003, # ZDD nodes = 568344, # elems = 634840975
Step 37 time = 63.209772, # ZDD nodes = 1172178, # elems = 1751880692
Step 38 time = 158.781937, # ZDD nodes = 2421932, # elems = 5872022979
Step 39 time = 406.484419, # ZDD nodes = 4908294, # elems = 18280557978
Step 40 time = 952.603565, # ZDD nodes = 9611321, # elems = 52194377272
Step 41 time = 2141.920586, # ZDD nodes = 17868371, # elems = 136673944236
Step 42 time = 4339.366236, # ZDD nodes = 30870088, # elems = 327816123920
Step 43 Command exited with non-zero status 124
	Command being timed: "timeout 160m ../ddreconf/ddreconf ../instances_pwwt_col/ph-04-04.pwwt.col --stfile=../benchmark_instances/2023result/docs/solver/benchmark/ph-isr/ph-04-04_01.dat --tj --indset --longest"
	User time (seconds): 9433.51
	System time (seconds): 145.67
	Percent of CPU this job got: 99%
	Elapsed (wall clock) time (h:mm:ss or m:ss): 2:40:00
	Average shared text size (kbytes): 0
	Average unshared data size (kbytes): 0
	Average stack size (kbytes): 0
	Average total size (kbytes): 0
	Maximum resident set size (kbytes): 268608976
	Average resident set size (kbytes): 0
	Major (requiring I/O) page faults: 0
	Minor (reclaiming a frame) page faults: 8544286
	Voluntary context switches: 185
	Involuntary context switches: 4390
	Swaps: 0
	File system inputs: 8
	File system outputs: 128
	Socket messages sent: 0
	Socket messages received: 0
	Signals delivered: 0
	Page size (bytes): 4096
	Exit status: 124
