Input graph file parsed. # of vertices = 41, # of edges = 57
s 1 3 8 24 30 32 11 36 38 14 26 17 34 40 20 23 28
Solution space ZDD construction start
Solution space ZDD construction end
Solution space ZDD construction time = 0.002272
Solution space ZDD size = 353
# of elements in the solution space = 121582107
Start searching the longest reconfiguration sequence
Step 1 time = 0.000137, # ZDD nodes = 43, # elems = 14
Step 2 time = 0.000144, # ZDD nodes = 99, # elems = 88
Step 3 time = 0.000318, # ZDD nodes = 185, # elems = 331
Step 4 time = 0.000749, # ZDD nodes = 275, # elems = 837
Step 5 time = 0.000947, # ZDD nodes = 339, # elems = 1513
Step 6 time = 0.001024, # ZDD nodes = 374, # elems = 2027
Step 7 time = 0.001040, # ZDD nodes = 383, # elems = 2055
Step 8 time = 0.000837, # ZDD nodes = 360, # elems = 1590
Step 9 time = 0.000616, # ZDD nodes = 301, # elems = 935
Step 10 time = 0.000463, # ZDD nodes = 212, # elems = 409
Step 11 time = 0.000249, # ZDD nodes = 127, # elems = 126
Step 12 time = 0.000102, # ZDD nodes = 60, # elems = 24
Step 13 time = 0.000036, # ZDD nodes = 19, # elems = 2
Step 14 time = 0.000005, # ZDD nodes = 0, # elems = 0
a 1 3 8 11 14 17 20 23 24 26 28 30 32 34 36 38 40
a 1 3 8 11 14 17 20 23 24 26 29 30 32 34 36 38 40
a 1 3 8 11 14 17 18 23 24 26 29 30 32 34 36 38 40
a 1 3 8 11 14 17 18 23 24 26 29 30 32 34 36 38 41
a 1 3 8 11 14 17 18 23 24 26 29 30 32 35 36 38 41
a 1 3 8 11 14 17 18 23 24 27 29 30 32 35 36 38 41
a 1 3 8 11 12 17 18 23 24 27 29 30 32 35 36 38 41
a 1 3 8 11 12 17 18 23 24 27 29 30 32 35 36 39 41
a 1 3 8 11 12 17 18 23 24 27 29 30 32 35 37 39 41
a 1 3 8 10 12 17 18 23 24 27 29 30 32 35 37 39 41
a 1 3 8 10 12 17 18 23 24 27 29 30 33 35 37 39 41
a 1 3 8 10 12 17 18 23 24 27 29 31 33 35 37 39 41
a 1 3 8 10 12 17 18 23 25 27 29 31 33 35 37 39 41
a 1 3 6 10 12 17 18 23 25 27 29 31 33 35 37 39 41
Reconfiguration time = 0.010461
	Command being timed: "timeout 20m ../ddreconf/ddreconf ../instances_pwwt_col/ph-03-02.pwwt.col --stfile=../benchmark_instances/2023result/docs/solver/benchmark/ph-isr/ph-03-02_01.dat --tj --indset --longest"
	User time (seconds): 0.01
	System time (seconds): 0.00
	Percent of CPU this job got: 96%
	Elapsed (wall clock) time (h:mm:ss or m:ss): 0:00.02
	Average shared text size (kbytes): 0
	Average unshared data size (kbytes): 0
	Average stack size (kbytes): 0
	Average total size (kbytes): 0
	Maximum resident set size (kbytes): 33012
	Average resident set size (kbytes): 0
	Major (requiring I/O) page faults: 0
	Minor (reclaiming a frame) page faults: 1123
	Voluntary context switches: 4
	Involuntary context switches: 0
	Swaps: 0
	File system inputs: 8
	File system outputs: 8
	Socket messages sent: 0
	Socket messages received: 0
	Signals delivered: 0
	Page size (bytes): 4096
	Exit status: 0
