Input graph file parsed. # of vertices = 64, # of edges = 728
s 34 32 15 44 21 54 59
Solution space ZDD construction start
Solution space ZDD construction end
Solution space ZDD construction time = 8.942427
Solution space ZDD size = 17366
# of elements in the solution space = 118969
Start searching the longest reconfiguration sequence
Step 1 time = 0.000074, # ZDD nodes = 19, # elems = 10
Step 2 time = 0.000248, # ZDD nodes = 40, # elems = 12
Step 3 time = 0.000723, # ZDD nodes = 72, # elems = 16
Step 4 time = 0.001410, # ZDD nodes = 134, # elems = 39
Step 5 time = 0.003549, # ZDD nodes = 227, # elems = 66
Step 6 time = 0.004323, # ZDD nodes = 396, # elems = 114
Step 7 time = 0.010844, # ZDD nodes = 614, # elems = 214
Step 8 time = 0.013947, # ZDD nodes = 853, # elems = 299
Step 9 time = 0.021278, # ZDD nodes = 1149, # elems = 416
Step 10 time = 0.030584, # ZDD nodes = 1443, # elems = 573
Step 11 time = 0.040625, # ZDD nodes = 1418, # elems = 572
Step 12 time = 0.058067, # ZDD nodes = 1156, # elems = 468
Step 13 time = 0.028595, # ZDD nodes = 729, # elems = 264
Step 14 time = 0.015311, # ZDD nodes = 312, # elems = 97
Step 15 time = 0.004752, # ZDD nodes = 111, # elems = 23
Step 16 time = 0.001226, # ZDD nodes = 0, # elems = 0
a 15 21 32 34 44 54 59
a 1 15 21 32 34 44 54
a 1 11 21 32 34 44 54
a 11 21 32 34 44 54 57
a 11 21 32 34 44 55 57
a 6 11 21 32 44 55 57
a 6 11 21 40 44 55 57
a 6 11 21 26 40 55 57
a 6 11 21 26 40 55 60
a 6 11 26 40 45 55 60
a 6 11 23 26 40 45 60
a 6 11 23 26 45 49 60
a 8 11 23 26 45 49 60
a 8 11 23 34 45 49 60
a 8 11 23 34 45 49 62
a 8 12 23 34 45 49 62
Reconfiguration time = 0.240440
	Command being timed: "timeout 20m ../ddreconf/ddreconf ../instances_pw_col/queen008x008.pw.col --stfile=../benchmark_instances/2023result/docs/solver/benchmark/2022benchmark/benchmark/queen/queen008x008_04_4441.dat --tj --indset --longest"
	User time (seconds): 8.91
	System time (seconds): 0.27
	Percent of CPU this job got: 99%
	Elapsed (wall clock) time (h:mm:ss or m:ss): 0:09.21
	Average shared text size (kbytes): 0
	Average unshared data size (kbytes): 0
	Average stack size (kbytes): 0
	Average total size (kbytes): 0
	Maximum resident set size (kbytes): 582200
	Average resident set size (kbytes): 0
	Major (requiring I/O) page faults: 0
	Minor (reclaiming a frame) page faults: 25943
	Voluntary context switches: 6
	Involuntary context switches: 13
	Swaps: 0
	File system inputs: 8
	File system outputs: 8
	Socket messages sent: 0
	Socket messages received: 0
	Signals delivered: 0
	Page size (bytes): 4096
	Exit status: 0
