Input graph file parsed. # of vertices = 25, # of edges = 160
s 6 4 13 20
Solution space ZDD construction start
Solution space ZDD construction end
Solution space ZDD construction time = 0.006580
Solution space ZDD size = 187
# of elements in the solution space = 462
Start searching the longest reconfiguration sequence
Step 1 time = 0.000078, # ZDD nodes = 9, # elems = 5
Step 2 time = 0.000034, # ZDD nodes = 12, # elems = 4
Step 3 time = 0.000045, # ZDD nodes = 15, # elems = 4
Step 4 time = 0.000056, # ZDD nodes = 16, # elems = 5
Step 5 time = 0.000057, # ZDD nodes = 25, # elems = 9
Step 6 time = 0.000092, # ZDD nodes = 24, # elems = 10
Step 7 time = 0.000113, # ZDD nodes = 12, # elems = 3
Step 8 time = 0.000028, # ZDD nodes = 0, # elems = 0
a 4 6 13 20
a 4 6 13 22
a 4 6 15 22
a 4 6 15 17
a 4 6 17 25
a 6 14 17 25
a 3 6 14 25
a 3 14 16 25
Reconfiguration time = 0.001195
	Command being timed: "timeout 20m ../ddreconf/ddreconf ../instances_pw_col/queen5_5.pw.col --stfile=../benchmark_instances/2023result/docs/solver/benchmark/2022benchmark/benchmark/color04/queen5_5_01.dat --tj --indset --longest"
	User time (seconds): 0.01
	System time (seconds): 0.00
	Percent of CPU this job got: 91%
	Elapsed (wall clock) time (h:mm:ss or m:ss): 0:00.02
	Average shared text size (kbytes): 0
	Average unshared data size (kbytes): 0
	Average stack size (kbytes): 0
	Average total size (kbytes): 0
	Maximum resident set size (kbytes): 31988
	Average resident set size (kbytes): 0
	Major (requiring I/O) page faults: 0
	Minor (reclaiming a frame) page faults: 1005
	Voluntary context switches: 5
	Involuntary context switches: 0
	Swaps: 0
	File system inputs: 16
	File system outputs: 8
	Socket messages sent: 0
	Socket messages received: 0
	Signals delivered: 0
	Page size (bytes): 4096
	Exit status: 0
