Input graph file parsed. # of vertices = 100, # of edges = 1470
s 41 26 18 65 82 60 39 77 94
Solution space ZDD construction start
Solution space ZDD construction end
Solution space ZDD construction time = 2280.963212
Solution space ZDD size = 510361
# of elements in the solution space = 7535369
Start searching the longest reconfiguration sequence
Step 1 time = 0.000298, # ZDD nodes = 29, # elems = 12
Step 2 time = 0.000767, # ZDD nodes = 72, # elems = 18
Step 3 time = 0.002717, # ZDD nodes = 124, # elems = 31
Step 4 time = 0.004056, # ZDD nodes = 209, # elems = 51
Step 5 time = 0.007036, # ZDD nodes = 362, # elems = 96
Step 6 time = 0.011010, # ZDD nodes = 703, # elems = 184
Step 7 time = 0.023098, # ZDD nodes = 1321, # elems = 377
Step 8 time = 0.045478, # ZDD nodes = 2464, # elems = 747
Step 9 time = 0.096908, # ZDD nodes = 4361, # elems = 1465
Step 10 time = 0.195186, # ZDD nodes = 7365, # elems = 2607
Step 11 time = 0.359434, # ZDD nodes = 11792, # elems = 4448
Step 12 time = 0.629757, # ZDD nodes = 17068, # elems = 6938
Step 13 time = 1.110038, # ZDD nodes = 21973, # elems = 9202
Step 14 time = 1.371103, # ZDD nodes = 24874, # elems = 10910
Step 15 time = 1.586064, # ZDD nodes = 23005, # elems = 10022
Step 16 time = 1.742299, # ZDD nodes = 15804, # elems = 6342
Step 17 time = 0.871265, # ZDD nodes = 7449, # elems = 2318
Step 18 time = 0.311252, # ZDD nodes = 2404, # elems = 517
Step 19 time = 0.067690, # ZDD nodes = 675, # elems = 110
Step 20 time = 0.012577, # ZDD nodes = 134, # elems = 19
Step 21 time = 0.001861, # ZDD nodes = 9, # elems = 1
Step 22 time = 0.000101, # ZDD nodes = 0, # elems = 0
a 18 26 39 41 60 65 77 82 94
a 13 26 39 41 60 65 77 82 94
a 1 13 26 39 60 65 77 82 94
a 1 13 26 39 42 60 65 77 94
a 13 26 39 42 60 65 77 81 94
a 10 13 26 39 42 65 77 81 94
a 10 13 26 39 42 58 65 77 81
a 10 13 39 42 58 65 77 81 96
a 10 23 39 42 58 65 77 81 96
a 4 23 39 42 58 65 77 81 96
a 4 23 39 42 58 65 77 90 96
a 4 23 39 42 58 65 71 90 96
a 4 16 23 39 42 58 65 71 90
a 4 16 23 39 42 58 71 90 95
a 4 16 39 42 58 63 71 90 95
a 4 16 29 42 58 63 71 90 95
a 16 29 37 42 58 63 71 90 95
a 1 16 29 37 42 58 63 90 95
a 1 16 29 37 44 58 63 90 95
a 1 16 29 37 44 58 72 90 95
a 1 16 29 37 44 58 72 90 93
a 1 16 37 44 58 65 72 90 93
Reconfiguration time = 8.489667
	Command being timed: "timeout 40m ../ddreconf/ddreconf ../instances_pwwt_col/queen010x010.pwwt.col --stfile=../benchmark_instances/2023result/docs/solver/benchmark/2022benchmark/benchmark/queen/queen010x010_02_5832.dat --tj --indset --longest"
	User time (seconds): 2215.71
	System time (seconds): 69.59
	Percent of CPU this job got: 99%
	Elapsed (wall clock) time (h:mm:ss or m:ss): 38:10.12
	Average shared text size (kbytes): 0
	Average unshared data size (kbytes): 0
	Average stack size (kbytes): 0
	Average total size (kbytes): 0
	Maximum resident set size (kbytes): 136441688
	Average resident set size (kbytes): 0
	Major (requiring I/O) page faults: 0
	Minor (reclaiming a frame) page faults: 1337178
	Voluntary context switches: 88
	Involuntary context switches: 1524
	Swaps: 0
	File system inputs: 0
	File system outputs: 24
	Socket messages sent: 0
	Socket messages received: 0
	Signals delivered: 0
	Page size (bytes): 4096
	Exit status: 0
