Input graph file parsed. # of vertices = 96, # of edges = 1368
s 1 62 87 55 45 24 28
Solution space ZDD construction start
Solution space ZDD construction end
Solution space ZDD construction time = 1034.278320
Solution space ZDD size = 271991
# of elements in the solution space = 4558093
Start searching the longest reconfiguration sequence
Step 1 time = 0.000361, # ZDD nodes = 43, # elems = 25
Step 2 time = 0.001798, # ZDD nodes = 306, # elems = 228
Step 3 time = 0.016072, # ZDD nodes = 1762, # elems = 1749
Step 4 time = 0.116918, # ZDD nodes = 8601, # elems = 10524
Step 5 time = 0.872166, # ZDD nodes = 32635, # elems = 48761
Step 6 time = 3.346195, # ZDD nodes = 95010, # elems = 162697
Step 7 time = 11.726700, # ZDD nodes = 188938, # elems = 359097
Step 8 time = 26.725925, # ZDD nodes = 209511, # elems = 430009
Step 9 time = 23.922403, # ZDD nodes = 54516, # elems = 70610
Step 10 time = 7.428205, # ZDD nodes = 152, # elems = 35
Step 11 time = 0.005269, # ZDD nodes = 0, # elems = 0
a 1 24 28 45 55 62 87
a 1 24 28 47 55 62 87
a 1 24 28 47 62 81 87
a 1 19 28 47 62 81 87
a 1 19 28 47 62 81 96
a 1 19 47 54 62 81 96
a 1 19 34 54 62 81 96
a 11 19 34 54 62 81 96
a 11 19 34 40 54 81 96
a 11 19 34 40 61 81 96
a 2 19 34 40 61 81 96
Reconfiguration time = 74.321730
	Command being timed: "timeout 20m ../ddreconf/ddreconf ../instances_pw_col/queen8_12.pw.col --stfile=../benchmark_instances/2023result/docs/solver/benchmark/2022benchmark/benchmark/color04/queen8_12_02.dat --tj --indset --longest"
	User time (seconds): 1072.67
	System time (seconds): 33.70
	Percent of CPU this job got: 99%
	Elapsed (wall clock) time (h:mm:ss or m:ss): 18:28.93
	Average shared text size (kbytes): 0
	Average unshared data size (kbytes): 0
	Average stack size (kbytes): 0
	Average total size (kbytes): 0
	Maximum resident set size (kbytes): 67089000
	Average resident set size (kbytes): 0
	Major (requiring I/O) page faults: 0
	Minor (reclaiming a frame) page faults: 427761
	Voluntary context switches: 76
	Involuntary context switches: 811
	Swaps: 0
	File system inputs: 8
	File system outputs: 32
	Socket messages sent: 0
	Socket messages received: 0
	Signals delivered: 0
	Page size (bytes): 4096
	Exit status: 0
