Input graph file parsed. # of vertices = 49, # of edges = 476
s 3 21 41 23 32 43
Solution space ZDD construction start
Solution space ZDD construction end
Solution space ZDD construction time = 0.483563
Solution space ZDD size = 3463
# of elements in the solution space = 16870
Start searching the longest reconfiguration sequence
Step 1 time = 0.000055, # ZDD nodes = 15, # elems = 7
Step 2 time = 0.000114, # ZDD nodes = 22, # elems = 6
Step 3 time = 0.000204, # ZDD nodes = 30, # elems = 7
Step 4 time = 0.000269, # ZDD nodes = 63, # elems = 16
Step 5 time = 0.000534, # ZDD nodes = 93, # elems = 25
Step 6 time = 0.000889, # ZDD nodes = 142, # elems = 43
Step 7 time = 0.001764, # ZDD nodes = 205, # elems = 71
Step 8 time = 0.005611, # ZDD nodes = 280, # elems = 107
Step 9 time = 0.003957, # ZDD nodes = 346, # elems = 139
Step 10 time = 0.005372, # ZDD nodes = 377, # elems = 152
Step 11 time = 0.010566, # ZDD nodes = 297, # elems = 113
Step 12 time = 0.004151, # ZDD nodes = 211, # elems = 83
Step 13 time = 0.005478, # ZDD nodes = 90, # elems = 32
Step 14 time = 0.000777, # ZDD nodes = 29, # elems = 6
Step 15 time = 0.000196, # ZDD nodes = 0, # elems = 0
a 3 21 23 32 41 43
a 3 12 21 32 41 43
a 2 12 21 32 41 43
a 2 12 21 22 32 41
a 2 12 22 32 41 45
a 2 12 15 32 41 45
a 2 15 28 32 41 45
a 5 15 28 32 41 45
a 5 15 28 30 41 45
a 5 10 15 28 30 41
a 5 10 15 28 30 48
a 5 10 28 30 39 48
a 10 19 28 30 39 48
a 1 10 19 30 39 48
a 1 14 19 30 39 48
Reconfiguration time = 0.042264
	Command being timed: "timeout 20m ../ddreconf/ddreconf ../instances_pw_col/queen7_7.pw.col --stfile=../benchmark_instances/2023result/docs/solver/benchmark/2022benchmark/benchmark/color04/queen7_7_01.dat --tj --indset --longest"
	User time (seconds): 0.50
	System time (seconds): 0.03
	Percent of CPU this job got: 99%
	Elapsed (wall clock) time (h:mm:ss or m:ss): 0:00.54
	Average shared text size (kbytes): 0
	Average unshared data size (kbytes): 0
	Average stack size (kbytes): 0
	Average total size (kbytes): 0
	Maximum resident set size (kbytes): 72960
	Average resident set size (kbytes): 0
	Major (requiring I/O) page faults: 0
	Minor (reclaiming a frame) page faults: 5938
	Voluntary context switches: 5
	Involuntary context switches: 1
	Swaps: 0
	File system inputs: 24
	File system outputs: 8
	Socket messages sent: 0
	Socket messages received: 0
	Signals delivered: 0
	Page size (bytes): 4096
	Exit status: 0
