Input graph file parsed. # of vertices = 64, # of edges = 728
s 5 9 24 34 47 51 62
Solution space ZDD construction start
Solution space ZDD construction end
Solution space ZDD construction time = 27.989268
Solution space ZDD size = 20243
# of elements in the solution space = 118969
Start searching the longest reconfiguration sequence
Step 1 time = 0.000081, # ZDD nodes = 17, # elems = 8
Step 2 time = 0.000209, # ZDD nodes = 38, # elems = 9
Step 3 time = 0.000610, # ZDD nodes = 63, # elems = 20
Step 4 time = 0.000948, # ZDD nodes = 132, # elems = 34
Step 5 time = 0.002211, # ZDD nodes = 244, # elems = 75
Step 6 time = 0.005186, # ZDD nodes = 385, # elems = 141
Step 7 time = 0.047904, # ZDD nodes = 571, # elems = 243
Step 8 time = 0.179258, # ZDD nodes = 798, # elems = 326
Step 9 time = 0.022597, # ZDD nodes = 959, # elems = 413
Step 10 time = 0.028291, # ZDD nodes = 1123, # elems = 522
Step 11 time = 0.036327, # ZDD nodes = 1197, # elems = 595
Step 12 time = 0.037874, # ZDD nodes = 967, # elems = 463
Step 13 time = 0.192971, # ZDD nodes = 571, # elems = 242
Step 14 time = 0.013942, # ZDD nodes = 262, # elems = 74
Step 15 time = 0.004085, # ZDD nodes = 73, # elems = 13
Step 16 time = 0.000704, # ZDD nodes = 28, # elems = 4
Step 17 time = 0.000180, # ZDD nodes = 7, # elems = 1
Step 18 time = 0.000034, # ZDD nodes = 0, # elems = 0
a 5 9 24 34 47 51 62
a 5 9 24 28 34 47 62
a 5 9 24 28 47 50 62
a 3 9 24 28 47 50 62
a 3 24 28 33 47 50 62
a 3 16 28 33 47 50 62
a 3 16 28 33 45 50 62
a 3 23 28 33 45 50 62
a 3 23 28 40 45 50 62
a 3 23 25 40 45 50 62
a 12 23 25 40 45 50 62
a 6 12 23 25 40 45 50
a 6 12 23 25 35 45 50
a 6 12 23 25 35 45 56
a 6 12 23 35 45 56 57
a 6 10 23 35 45 56 57
a 4 10 23 35 45 56 57
a 4 10 30 35 45 56 57
Reconfiguration time = 0.577977
	Command being timed: "timeout 20m ../ddreconf/ddreconf ../benchmark_instances/2023result/docs/solver/benchmark/2022benchmark/benchmark/color04/queen8_8.col --stfile=../benchmark_instances/2023result/docs/solver/benchmark/2022benchmark/benchmark/color04/queen8_8_01.dat --tj --indset --longest"
	User time (seconds): 27.43
	System time (seconds): 1.10
	Percent of CPU this job got: 99%
	Elapsed (wall clock) time (h:mm:ss or m:ss): 0:28.60
	Average shared text size (kbytes): 0
	Average unshared data size (kbytes): 0
	Average stack size (kbytes): 0
	Average total size (kbytes): 0
	Maximum resident set size (kbytes): 2265920
	Average resident set size (kbytes): 0
	Major (requiring I/O) page faults: 0
	Minor (reclaiming a frame) page faults: 47266
	Voluntary context switches: 13
	Involuntary context switches: 33
	Swaps: 0
	File system inputs: 16
	File system outputs: 8
	Socket messages sent: 0
	Socket messages received: 0
	Signals delivered: 0
	Page size (bytes): 4096
	Exit status: 0
