Input graph file parsed. # of vertices = 49, # of edges = 476
s 3 21 41 23 32 43
Solution space ZDD construction start
Solution space ZDD construction end
Solution space ZDD construction time = 0.475207
Solution space ZDD size = 3463
# of elements in the solution space = 16870
Start searching the longest reconfiguration sequence
Step 1 time = 0.000053, # ZDD nodes = 15, # elems = 7
Step 2 time = 0.000115, # ZDD nodes = 22, # elems = 6
Step 3 time = 0.000194, # ZDD nodes = 30, # elems = 7
Step 4 time = 0.000279, # ZDD nodes = 63, # elems = 16
Step 5 time = 0.000527, # ZDD nodes = 93, # elems = 25
Step 6 time = 0.000888, # ZDD nodes = 142, # elems = 43
Step 7 time = 0.001757, # ZDD nodes = 205, # elems = 71
Step 8 time = 0.005588, # ZDD nodes = 280, # elems = 107
Step 9 time = 0.003982, # ZDD nodes = 346, # elems = 139
Step 10 time = 0.005384, # ZDD nodes = 377, # elems = 152
Step 11 time = 0.010500, # ZDD nodes = 297, # elems = 113
Step 12 time = 0.004105, # ZDD nodes = 211, # elems = 83
Step 13 time = 0.005424, # ZDD nodes = 90, # elems = 32
Step 14 time = 0.000790, # ZDD nodes = 29, # elems = 6
Step 15 time = 0.000187, # ZDD nodes = 0, # elems = 0
a 3 21 23 32 41 43
a 3 12 21 23 32 41
a 3 12 21 23 41 46
a 3 8 21 23 41 46
a 3 8 21 26 41 46
a 3 8 21 26 30 41
a 4 8 21 26 30 41
a 4 8 26 30 41 45
a 4 15 26 30 41 45
a 4 13 15 26 30 45
a 4 13 15 26 30 49
a 4 13 15 30 40 49
a 4 15 27 30 40 49
a 10 15 27 30 40 49
a 7 10 15 27 30 40
Reconfiguration time = 0.042112
	Command being timed: "timeout 20m ../ddreconf/ddreconf ../instances_pwwt_col/queen7_7.pwwt.col --stfile=../benchmark_instances/2023result/docs/solver/benchmark/2022benchmark/benchmark/color04/queen7_7_01.dat --tj --indset --longest"
	User time (seconds): 0.49
	System time (seconds): 0.03
	Percent of CPU this job got: 99%
	Elapsed (wall clock) time (h:mm:ss or m:ss): 0:00.53
	Average shared text size (kbytes): 0
	Average unshared data size (kbytes): 0
	Average stack size (kbytes): 0
	Average total size (kbytes): 0
	Maximum resident set size (kbytes): 72988
	Average resident set size (kbytes): 0
	Major (requiring I/O) page faults: 0
	Minor (reclaiming a frame) page faults: 5938
	Voluntary context switches: 4
	Involuntary context switches: 1
	Swaps: 0
	File system inputs: 16
	File system outputs: 8
	Socket messages sent: 0
	Socket messages received: 0
	Signals delivered: 0
	Page size (bytes): 4096
	Exit status: 0
