Input graph file parsed. # of vertices = 225, # of edges = 5180
s 7 28 40 50 69 90 94 107 131 143 177 186 198 211
Solution space ZDD construction start
Command exited with non-zero status 124
	Command being timed: "timeout 160m ../ddreconf/ddreconf ../benchmark_instances/2023result/docs/solver/benchmark/2022benchmark/benchmark/color04/queen15_15.col --stfile=../benchmark_instances/2023result/docs/solver/benchmark/2022benchmark/benchmark/color04/queen15_15_01.dat --tj --indset --longest"
	User time (seconds): 9046.51
	System time (seconds): 537.37
	Percent of CPU this job got: 99%
	Elapsed (wall clock) time (h:mm:ss or m:ss): 2:40:05
	Average shared text size (kbytes): 0
	Average unshared data size (kbytes): 0
	Average stack size (kbytes): 0
	Average total size (kbytes): 0
	Maximum resident set size (kbytes): 587634880
	Average resident set size (kbytes): 0
	Major (requiring I/O) page faults: 0
	Minor (reclaiming a frame) page faults: 272999674
	Voluntary context switches: 365
	Involuntary context switches: 7123
	Swaps: 0
	File system inputs: 384
	File system outputs: 8
	Socket messages sent: 0
	Socket messages received: 0
	Signals delivered: 0
	Page size (bytes): 4096
	Exit status: 124
