Input graph file parsed. # of vertices = 64, # of edges = 728
s 17 4 32 15 37 54 59
Solution space ZDD construction start
Solution space ZDD construction end
Solution space ZDD construction time = 7.671133
Solution space ZDD size = 16607
# of elements in the solution space = 118969
Start searching the longest reconfiguration sequence
Step 1 time = 0.000085, # ZDD nodes = 20, # elems = 10
Step 2 time = 0.000292, # ZDD nodes = 26, # elems = 8
Step 3 time = 0.000411, # ZDD nodes = 81, # elems = 20
Step 4 time = 0.001496, # ZDD nodes = 160, # elems = 51
Step 5 time = 0.007643, # ZDD nodes = 281, # elems = 89
Step 6 time = 0.005914, # ZDD nodes = 516, # elems = 192
Step 7 time = 0.011995, # ZDD nodes = 819, # elems = 289
Step 8 time = 0.028841, # ZDD nodes = 1055, # elems = 379
Step 9 time = 0.027240, # ZDD nodes = 1402, # elems = 534
Step 10 time = 0.043150, # ZDD nodes = 1447, # elems = 600
Step 11 time = 0.040248, # ZDD nodes = 1325, # elems = 556
Step 12 time = 0.034209, # ZDD nodes = 819, # elems = 308
Step 13 time = 0.018193, # ZDD nodes = 394, # elems = 121
Step 14 time = 0.006326, # ZDD nodes = 110, # elems = 25
Step 15 time = 0.001337, # ZDD nodes = 7, # elems = 1
Step 16 time = 0.000062, # ZDD nodes = 0, # elems = 0
a 4 15 17 32 37 54 59
a 15 17 32 37 42 54 59
a 15 20 32 37 42 54 59
a 3 15 20 32 37 42 54
a 3 15 20 32 37 42 62
a 3 15 20 25 37 42 62
a 3 15 20 25 40 42 62
a 3 15 20 25 40 45 62
a 3 20 25 40 45 50 62
a 3 14 20 25 40 45 50
a 3 14 20 25 45 50 64
a 3 14 20 33 45 50 64
a 3 14 20 31 33 50 64
a 3 14 20 31 33 53 64
a 3 14 20 31 33 53 58
a 8 14 20 31 33 53 58
Reconfiguration time = 0.231845
	Command being timed: "timeout 20m ../ddreconf/ddreconf ../instances_pwwt_col/queen008x008.pwwt.col --stfile=../benchmark_instances/2023result/docs/solver/benchmark/2022benchmark/benchmark/queen/queen008x008_02_8804.dat --tj --indset --longest"
	User time (seconds): 7.64
	System time (seconds): 0.27
	Percent of CPU this job got: 99%
	Elapsed (wall clock) time (h:mm:ss or m:ss): 0:07.93
	Average shared text size (kbytes): 0
	Average unshared data size (kbytes): 0
	Average stack size (kbytes): 0
	Average total size (kbytes): 0
	Maximum resident set size (kbytes): 557912
	Average resident set size (kbytes): 0
	Major (requiring I/O) page faults: 0
	Minor (reclaiming a frame) page faults: 23484
	Voluntary context switches: 3
	Involuntary context switches: 11
	Swaps: 0
	File system inputs: 0
	File system outputs: 16
	Socket messages sent: 0
	Socket messages received: 0
	Signals delivered: 0
	Page size (bytes): 4096
	Exit status: 0
