Input graph file parsed. # of vertices = 64, # of edges = 728
s 3 32 18 13 47 52 62
Solution space ZDD construction start
Solution space ZDD construction end
Solution space ZDD construction time = 8.939802
Solution space ZDD size = 17366
# of elements in the solution space = 118969
Start searching the longest reconfiguration sequence
Step 1 time = 0.000083, # ZDD nodes = 26, # elems = 11
Step 2 time = 0.000338, # ZDD nodes = 61, # elems = 17
Step 3 time = 0.001167, # ZDD nodes = 107, # elems = 35
Step 4 time = 0.002008, # ZDD nodes = 197, # elems = 56
Step 5 time = 0.004912, # ZDD nodes = 312, # elems = 92
Step 6 time = 0.006376, # ZDD nodes = 514, # elems = 167
Step 7 time = 0.014178, # ZDD nodes = 757, # elems = 272
Step 8 time = 0.018101, # ZDD nodes = 1001, # elems = 364
Step 9 time = 0.025748, # ZDD nodes = 1285, # elems = 471
Step 10 time = 0.033972, # ZDD nodes = 1425, # elems = 580
Step 11 time = 0.058741, # ZDD nodes = 1313, # elems = 540
Step 12 time = 0.036171, # ZDD nodes = 945, # elems = 367
Step 13 time = 0.022812, # ZDD nodes = 517, # elems = 158
Step 14 time = 0.009564, # ZDD nodes = 206, # elems = 49
Step 15 time = 0.002763, # ZDD nodes = 27, # elems = 4
Step 16 time = 0.000236, # ZDD nodes = 0, # elems = 0
a 3 13 18 32 47 52 62
a 3 13 18 32 47 52 57
a 13 18 32 35 47 52 57
a 13 18 30 35 47 52 57
a 5 18 30 35 47 52 57
a 5 10 30 35 47 52 57
a 5 10 24 30 35 47 57
a 5 10 24 30 35 47 60
a 5 10 24 30 47 49 60
a 5 24 30 34 47 49 60
a 5 11 24 30 34 49 60
a 5 11 24 30 34 49 63
a 5 11 24 34 44 49 63
a 5 11 22 34 44 49 63
a 11 22 32 34 44 49 63
a 3 22 32 34 44 49 63
Reconfiguration time = 0.241724
	Command being timed: "timeout 20m ../ddreconf/ddreconf ../instances_pw_col/queen008x008.pw.col --stfile=../benchmark_instances/2023result/docs/solver/benchmark/2022benchmark/benchmark/queen/queen008x008_03_8723.dat --tj --indset --longest"
	User time (seconds): 8.91
	System time (seconds): 0.27
	Percent of CPU this job got: 99%
	Elapsed (wall clock) time (h:mm:ss or m:ss): 0:09.21
	Average shared text size (kbytes): 0
	Average unshared data size (kbytes): 0
	Average stack size (kbytes): 0
	Average total size (kbytes): 0
	Maximum resident set size (kbytes): 580600
	Average resident set size (kbytes): 0
	Major (requiring I/O) page faults: 0
	Minor (reclaiming a frame) page faults: 26455
	Voluntary context switches: 6
	Involuntary context switches: 13
	Swaps: 0
	File system inputs: 8
	File system outputs: 16
	Socket messages sent: 0
	Socket messages received: 0
	Signals delivered: 0
	Page size (bytes): 4096
	Exit status: 0
