Input graph file parsed. # of vertices = 81, # of edges = 1056
s 3 27 15 34 62 40 46 77
Solution space ZDD construction start
Solution space ZDD construction end
Solution space ZDD construction time = 123.507308
Solution space ZDD size = 87103
# of elements in the solution space = 915442
Start searching the longest reconfiguration sequence
Step 1 time = 0.000367, # ZDD nodes = 28, # elems = 11
Step 2 time = 0.000454, # ZDD nodes = 64, # elems = 13
Step 3 time = 0.001231, # ZDD nodes = 83, # elems = 17
Step 4 time = 0.001301, # ZDD nodes = 134, # elems = 32
Step 5 time = 0.002636, # ZDD nodes = 295, # elems = 88
Step 6 time = 0.006841, # ZDD nodes = 572, # elems = 180
Step 7 time = 0.014997, # ZDD nodes = 966, # elems = 317
Step 8 time = 0.028900, # ZDD nodes = 1633, # elems = 567
Step 9 time = 0.053077, # ZDD nodes = 2607, # elems = 944
Step 10 time = 0.135536, # ZDD nodes = 3803, # elems = 1446
Step 11 time = 0.146616, # ZDD nodes = 5025, # elems = 2035
Step 12 time = 0.374368, # ZDD nodes = 6039, # elems = 2646
Step 13 time = 0.271172, # ZDD nodes = 5918, # elems = 2542
Step 14 time = 0.287055, # ZDD nodes = 4519, # elems = 1893
Step 15 time = 0.188928, # ZDD nodes = 2321, # elems = 825
Step 16 time = 0.072291, # ZDD nodes = 842, # elems = 224
Step 17 time = 0.017918, # ZDD nodes = 230, # elems = 49
Step 18 time = 0.003386, # ZDD nodes = 42, # elems = 6
Step 19 time = 0.000388, # ZDD nodes = 23, # elems = 3
Step 20 time = 0.000178, # ZDD nodes = 8, # elems = 1
Step 21 time = 0.000067, # ZDD nodes = 0, # elems = 0
a 3 15 27 34 40 46 62 77
a 3 15 27 34 40 46 62 65
a 3 15 27 40 46 62 65 79
a 3 15 27 28 40 62 65 79
a 3 14 27 28 40 62 65 79
a 3 14 27 28 40 47 62 79
a 3 14 27 28 40 47 62 69
a 3 14 28 40 47 62 69 81
a 3 14 25 28 40 47 62 81
a 14 25 28 40 47 62 66 81
a 6 25 28 40 47 62 66 81
a 6 13 25 28 47 62 66 81
a 6 13 25 28 47 59 66 81
a 8 13 25 28 47 59 66 81
a 8 13 25 28 47 60 66 81
a 8 14 25 28 47 60 66 81
a 8 14 28 43 47 60 66 81
a 8 14 28 43 49 60 66 81
a 2 14 28 43 49 60 66 81
a 2 14 26 28 43 49 60 81
a 2 14 26 43 49 60 64 81
Reconfiguration time = 1.619746
	Command being timed: "timeout 20m ../ddreconf/ddreconf ../instances_pwwt_col/queen9_9.pwwt.col --stfile=../benchmark_instances/2023result/docs/solver/benchmark/2022benchmark/benchmark/color04/queen9_9_02.dat --tj --indset --longest"
	User time (seconds): 120.83
	System time (seconds): 4.10
	Percent of CPU this job got: 99%
	Elapsed (wall clock) time (h:mm:ss or m:ss): 2:05.20
	Average shared text size (kbytes): 0
	Average unshared data size (kbytes): 0
	Average stack size (kbytes): 0
	Average total size (kbytes): 0
	Maximum resident set size (kbytes): 8516252
	Average resident set size (kbytes): 0
	Major (requiring I/O) page faults: 0
	Minor (reclaiming a frame) page faults: 78313
	Voluntary context switches: 25
	Involuntary context switches: 137
	Swaps: 0
	File system inputs: 0
	File system outputs: 16
	Socket messages sent: 0
	Socket messages received: 0
	Signals delivered: 0
	Page size (bytes): 4096
	Exit status: 0
