Input graph file parsed. # of vertices = 65, # of edges = 195
s 3 13 16 18 19 23 24 28 31 34 40 42 44 63 57 49 52 55 61
Solution space ZDD construction start
Solution space ZDD construction end
Solution space ZDD construction time = 66.529382
Solution space ZDD size = 2138028
# of elements in the solution space = 34141571484
Start searching the longest reconfiguration sequence
Step 1 time = 0.000241, # ZDD nodes = 152, # elems = 21
Step 2 time = 0.002038, # ZDD nodes = 816, # elems = 410
Step 3 time = 0.015309, # ZDD nodes = 3578, # elems = 4931
Step 4 time = 0.090584, # ZDD nodes = 12597, # elems = 39793
Step 5 time = 0.460422, # ZDD nodes = 37184, # elems = 228697
Step 6 time = 1.924395, # ZDD nodes = 93895, # elems = 971746
Step 7 time = 6.558588, # ZDD nodes = 206601, # elems = 3145386
Step 8 time = 17.090795, # ZDD nodes = 400279, # elems = 7953082
Step 9 time = 46.168844, # ZDD nodes = 689142, # elems = 16076701
Step 10 time = 83.378184, # ZDD nodes = 1054491, # elems = 26508738
Step 11 time = 150.158854, # ZDD nodes = 1419399, # elems = 35958710
Step 12 time = 186.528062, # ZDD nodes = 1647244, # elems = 39556292
Step 13 time = 225.552332, # ZDD nodes = 1605169, # elems = 34007948
Step 14 time = 166.357820, # ZDD nodes = 1277783, # elems = 21727816
Step 15 time = 105.585791, # ZDD nodes = 809343, # elems = 9732332
Step 16 time = 50.510025, # ZDD nodes = 397101, # elems = 2862827
Step 17 time = 16.425114, # ZDD nodes = 143715, # elems = 511615
Step 18 time = 3.794837, # ZDD nodes = 34369, # elems = 49709
Step 19 time = 0.524767, # ZDD nodes = 3863, # elems = 1910
Step 20 time = 0.032846, # ZDD nodes = 50, # elems = 4
Step 21 time = 0.000240, # ZDD nodes = 0, # elems = 0
a 3 13 16 18 19 23 24 28 31 34 40 42 44 49 52 55 57 61 63
a 3 13 16 18 19 23 24 28 31 34 42 44 49 52 55 57 61 62 63
a 3 13 16 18 19 23 24 28 31 32 34 42 44 49 52 55 61 62 63
a 3 13 16 18 19 23 24 28 31 32 34 42 44 48 49 52 55 61 62
a 3 13 16 18 23 24 28 31 32 34 42 44 46 48 49 52 55 61 62
a 3 13 16 23 24 28 31 32 34 42 44 46 48 49 52 55 61 62 64
a 3 13 16 23 24 28 31 32 34 44 45 46 48 49 52 55 61 62 64
a 3 13 16 23 24 27 28 31 32 34 45 46 48 49 52 55 61 62 64
a 3 13 16 23 24 27 31 32 34 37 45 46 48 49 52 55 61 62 64
a 3 13 16 23 27 31 32 34 37 45 46 48 49 52 55 58 61 62 64
a 3 16 23 27 31 32 34 35 37 45 46 48 49 52 55 58 61 62 64
a 3 8 16 23 27 31 32 34 35 37 45 46 48 49 52 58 61 62 64
a 3 8 16 27 31 32 34 35 37 45 46 48 49 52 58 60 61 62 64
a 3 8 16 27 31 32 34 35 37 38 45 46 48 52 58 60 61 62 64
a 3 8 16 27 29 31 32 35 37 38 45 46 48 52 58 60 61 62 64
a 3 7 8 16 27 29 31 32 35 37 38 45 46 48 58 60 61 62 64
a 7 8 16 27 29 31 32 35 37 38 45 46 47 48 58 60 61 62 64
a 7 8 16 27 29 31 32 35 36 37 38 45 46 47 48 58 60 62 64
a 7 8 16 27 29 32 33 35 36 37 38 45 46 47 48 58 60 62 64
a 6 7 8 16 27 29 32 33 35 36 37 38 45 46 47 58 60 62 64
a 6 7 8 9 27 29 32 33 35 36 37 38 45 46 47 58 60 62 64
Reconfiguration time = 1064.349721
	Command being timed: "timeout 20m ../ddreconf/ddreconf ../benchmark_instances/2023result/docs/solver/benchmark/random_instance/random_instance005_graph002.col --stfile=../benchmark_instances/2023result/docs/solver/benchmark/random_instance/random_instance005_graph002_01.dat --tj --indset --longest"
	User time (seconds): 1111.57
	System time (seconds): 17.91
	Percent of CPU this job got: 99%
	Elapsed (wall clock) time (h:mm:ss or m:ss): 18:51.76
	Average shared text size (kbytes): 0
	Average unshared data size (kbytes): 0
	Average stack size (kbytes): 0
	Average total size (kbytes): 0
	Maximum resident set size (kbytes): 35618168
	Average resident set size (kbytes): 0
	Major (requiring I/O) page faults: 0
	Minor (reclaiming a frame) page faults: 295762
	Voluntary context switches: 42
	Involuntary context switches: 754
	Swaps: 0
	File system inputs: 8
	File system outputs: 104
	Socket messages sent: 0
	Socket messages received: 0
	Signals delivered: 0
	Page size (bytes): 4096
	Exit status: 0
