Input graph file parsed. # of vertices = 39, # of edges = 117
s 4 6 7 34 9 25 17 18 35 24 22 32 29 36
Solution space ZDD construction start
Solution space ZDD construction end
Solution space ZDD construction time = 0.032204
Solution space ZDD size = 4316
# of elements in the solution space = 2283228
Start searching the longest reconfiguration sequence
Step 1 time = 0.000066, # ZDD nodes = 36, # elems = 4
Step 2 time = 0.000120, # ZDD nodes = 85, # elems = 12
Step 3 time = 0.000465, # ZDD nodes = 158, # elems = 48
Step 4 time = 0.001335, # ZDD nodes = 347, # elems = 168
Step 5 time = 0.002244, # ZDD nodes = 545, # elems = 408
Step 6 time = 0.003329, # ZDD nodes = 651, # elems = 545
Step 7 time = 0.004037, # ZDD nodes = 527, # elems = 335
Step 8 time = 0.002590, # ZDD nodes = 351, # elems = 151
Step 9 time = 0.001179, # ZDD nodes = 166, # elems = 27
Step 10 time = 0.000446, # ZDD nodes = 34, # elems = 3
Step 11 time = 0.000074, # ZDD nodes = 0, # elems = 0
a 4 6 7 9 17 18 22 24 25 29 32 34 35 36
a 4 6 7 9 17 18 24 25 29 31 32 34 35 36
a 4 6 7 9 17 18 24 25 31 32 34 35 36 39
a 4 5 6 7 9 18 24 25 31 32 34 35 36 39
a 4 5 6 7 9 23 24 25 31 32 34 35 36 39
a 4 5 6 7 9 10 23 24 25 31 32 34 35 39
a 2 4 5 6 7 9 10 23 24 25 31 32 34 39
a 2 4 5 6 7 9 10 14 23 24 31 32 34 39
a 1 2 5 6 7 9 10 14 23 24 31 32 34 39
a 1 2 5 6 7 9 10 11 14 23 24 32 34 39
a 1 2 3 5 6 9 10 11 14 23 24 32 34 39
Reconfiguration time = 0.018549
	Command being timed: "timeout 20m ../ddreconf/ddreconf ../benchmark_instances/2023result/docs/solver/benchmark/random_instance/random_instance003_graph002.col --stfile=../benchmark_instances/2023result/docs/solver/benchmark/random_instance/random_instance003_graph002_01.dat --tj --indset --longest"
	User time (seconds): 0.05
	System time (seconds): 0.01
	Percent of CPU this job got: 98%
	Elapsed (wall clock) time (h:mm:ss or m:ss): 0:00.06
	Average shared text size (kbytes): 0
	Average unshared data size (kbytes): 0
	Average stack size (kbytes): 0
	Average total size (kbytes): 0
	Maximum resident set size (kbytes): 33012
	Average resident set size (kbytes): 0
	Major (requiring I/O) page faults: 0
	Minor (reclaiming a frame) page faults: 1413
	Voluntary context switches: 4
	Involuntary context switches: 0
	Swaps: 0
	File system inputs: 8
	File system outputs: 8
	Socket messages sent: 0
	Socket messages received: 0
	Signals delivered: 0
	Page size (bytes): 4096
	Exit status: 0
