Input graph file parsed. # of vertices = 208, # of edges = 624
s 114 200 15 42 2 202 66 180 72 96 188 119 137 183 125 6 31 138 163 52 55 70 28 32 29 93 207 64 12 142 181 165 41 83 113 69 156 1 24 47 4 149 194 124 45 133 197 65 76 161 63 80 57 198 101 26 199 203 54 73 150 187 30 131 162 192 172
Solution space ZDD construction start
Command exited with non-zero status 124
	Command being timed: "timeout 160m ../ddreconf/ddreconf ../instances_pwwt_col/random_instance016_graph003.pwwt.col --stfile=../benchmark_instances/2023result/docs/solver/benchmark/random_instance/random_instance016_graph003_01.dat --tj --indset --longest"
	User time (seconds): 9249.34
	System time (seconds): 333.18
	Percent of CPU this job got: 99%
	Elapsed (wall clock) time (h:mm:ss or m:ss): 2:40:02
	Average shared text size (kbytes): 0
	Average unshared data size (kbytes): 0
	Average stack size (kbytes): 0
	Average total size (kbytes): 0
	Maximum resident set size (kbytes): 549622528
	Average resident set size (kbytes): 0
	Major (requiring I/O) page faults: 0
	Minor (reclaiming a frame) page faults: 60421129
	Voluntary context switches: 101
	Involuntary context switches: 4842
	Swaps: 0
	File system inputs: 48
	File system outputs: 8
	Socket messages sent: 0
	Socket messages received: 0
	Signals delivered: 0
	Page size (bytes): 4096
	Exit status: 124
