Input graph file parsed. # of vertices = 26, # of edges = 78
s 2 3 7 12 15 24 25
Solution space ZDD construction start
Solution space ZDD construction end
Solution space ZDD construction time = 0.006369
Solution space ZDD size = 616
# of elements in the solution space = 12722
Start searching the longest reconfiguration sequence
Step 1 time = 0.000069, # ZDD nodes = 23, # elems = 6
Step 2 time = 0.000098, # ZDD nodes = 58, # elems = 27
Step 3 time = 0.000333, # ZDD nodes = 129, # elems = 81
Step 4 time = 0.000819, # ZDD nodes = 249, # elems = 190
Step 5 time = 0.001548, # ZDD nodes = 359, # elems = 327
Step 6 time = 0.002107, # ZDD nodes = 381, # elems = 351
Step 7 time = 0.002359, # ZDD nodes = 262, # elems = 183
Step 8 time = 0.001801, # ZDD nodes = 122, # elems = 56
Step 9 time = 0.000578, # ZDD nodes = 40, # elems = 13
Step 10 time = 0.000074, # ZDD nodes = 0, # elems = 0
a 2 3 7 12 15 24 25
a 2 3 7 12 15 24 26
a 2 3 7 8 12 24 26
a 2 3 7 8 12 22 26
a 2 3 7 8 21 22 26
a 2 3 8 16 21 22 26
a 2 3 8 14 16 21 22
a 2 3 6 14 16 21 22
a 3 5 6 14 16 21 22
a 4 5 6 14 16 21 22
Reconfiguration time = 0.011432
	Command being timed: "timeout 20m ../ddreconf/ddreconf ../benchmark_instances/2023result/docs/solver/benchmark/random_instance/random_instance002_graph002.col --stfile=../benchmark_instances/2023result/docs/solver/benchmark/random_instance/random_instance002_graph002_01.dat --tj --indset --longest"
	User time (seconds): 0.01
	System time (seconds): 0.01
	Percent of CPU this job got: 93%
	Elapsed (wall clock) time (h:mm:ss or m:ss): 0:00.03
	Average shared text size (kbytes): 0
	Average unshared data size (kbytes): 0
	Average stack size (kbytes): 0
	Average total size (kbytes): 0
	Maximum resident set size (kbytes): 33012
	Average resident set size (kbytes): 0
	Major (requiring I/O) page faults: 0
	Minor (reclaiming a frame) page faults: 1150
	Voluntary context switches: 4
	Involuntary context switches: 2
	Swaps: 0
	File system inputs: 8
	File system outputs: 8
	Socket messages sent: 0
	Socket messages received: 0
	Signals delivered: 0
	Page size (bytes): 4096
	Exit status: 0
