Input graph file parsed. # of vertices = 39, # of edges = 117
s 1 2 8 13 12 14 15 20 28 32 26 29 38 35
Solution space ZDD construction start
Solution space ZDD construction end
Solution space ZDD construction time = 0.045310
Solution space ZDD size = 9454
# of elements in the solution space = 1936328
Start searching the longest reconfiguration sequence
Step 1 time = 0.000047, # ZDD nodes = 31, # elems = 4
Step 2 time = 0.000099, # ZDD nodes = 59, # elems = 10
Step 3 time = 0.000206, # ZDD nodes = 106, # elems = 30
Step 4 time = 0.000402, # ZDD nodes = 150, # elems = 60
Step 5 time = 0.001052, # ZDD nodes = 177, # elems = 72
Step 6 time = 0.000817, # ZDD nodes = 175, # elems = 55
Step 7 time = 0.000689, # ZDD nodes = 145, # elems = 27
Step 8 time = 0.000632, # ZDD nodes = 91, # elems = 22
Step 9 time = 0.000294, # ZDD nodes = 103, # elems = 23
Step 10 time = 0.000290, # ZDD nodes = 66, # elems = 10
Step 11 time = 0.000124, # ZDD nodes = 16, # elems = 2
Step 12 time = 0.000017, # ZDD nodes = 0, # elems = 0
a 1 2 8 12 13 14 15 20 26 28 29 32 35 38
a 1 2 8 12 13 15 20 26 28 29 32 34 35 38
a 1 2 8 12 13 15 20 23 28 29 32 34 35 38
a 1 2 8 12 13 15 23 27 28 29 32 34 35 38
a 1 2 8 12 13 15 18 23 27 28 29 32 34 35
a 1 2 8 12 13 15 18 21 23 27 28 32 34 35
a 1 8 12 13 15 18 21 23 27 28 32 33 34 35
a 8 12 13 15 18 21 23 27 28 31 32 33 34 35
a 6 8 12 13 15 18 21 23 27 28 31 33 34 35
a 6 8 12 13 15 18 23 25 27 28 31 33 34 35
a 6 8 9 12 13 15 23 25 27 28 31 33 34 35
a 5 6 8 9 13 15 23 25 27 28 31 33 34 35
Reconfiguration time = 0.007166
	Command being timed: "timeout 20m ../ddreconf/ddreconf ../benchmark_instances/2023result/docs/solver/benchmark/random_instance/random_instance003_graph004.col --stfile=../benchmark_instances/2023result/docs/solver/benchmark/random_instance/random_instance003_graph004_01.dat --tj --indset --longest"
	User time (seconds): 0.05
	System time (seconds): 0.01
	Percent of CPU this job got: 100%
	Elapsed (wall clock) time (h:mm:ss or m:ss): 0:00.06
	Average shared text size (kbytes): 0
	Average unshared data size (kbytes): 0
	Average stack size (kbytes): 0
	Average total size (kbytes): 0
	Maximum resident set size (kbytes): 34036
	Average resident set size (kbytes): 0
	Major (requiring I/O) page faults: 0
	Minor (reclaiming a frame) page faults: 1402
	Voluntary context switches: 3
	Involuntary context switches: 1
	Swaps: 0
	File system inputs: 8
	File system outputs: 8
	Socket messages sent: 0
	Socket messages received: 0
	Signals delivered: 0
	Page size (bytes): 4096
	Exit status: 0
