Input graph file parsed. # of vertices = 78, # of edges = 234
s 52 8 69 59 66 3 13 16 7 40 15 63 65 45 24 12 25 4 72 29 46 41 77 73
Solution space ZDD construction start
Solution space ZDD construction end
Solution space ZDD construction time = 30.583135
Solution space ZDD size = 550768
# of elements in the solution space = 4518023603224
Start searching the longest reconfiguration sequence
Step 1 time = 0.000251, # ZDD nodes = 88, # elems = 11
Step 2 time = 0.000844, # ZDD nodes = 249, # elems = 88
Step 3 time = 0.003247, # ZDD nodes = 781, # elems = 520
Step 4 time = 0.014014, # ZDD nodes = 2047, # elems = 2562
Step 5 time = 0.047613, # ZDD nodes = 5137, # elems = 11376
Step 6 time = 0.153560, # ZDD nodes = 11759, # elems = 44750
Step 7 time = 0.478341, # ZDD nodes = 25681, # elems = 155830
Step 8 time = 1.412231, # ZDD nodes = 52625, # elems = 496482
Step 9 time = 3.485044, # ZDD nodes = 101537, # elems = 1518032
Step 10 time = 9.284806, # ZDD nodes = 186984, # elems = 4516707
Step 11 time = 22.408078, # ZDD nodes = 326795, # elems = 12735181
Step 12 time = 43.147471, # ZDD nodes = 541775, # elems = 32698346
Step 13 time = 93.934491, # ZDD nodes = 852810, # elems = 74118830
Step 14 time = 172.753366, # ZDD nodes = 1271206, # elems = 146185051
Step 15 time = 262.006190, # ZDD nodes = 1786461, # elems = 250388541
Step 16 time = 415.822834, # ZDD nodes = 2347582, # elems = 372541942
Step 17 time = 522.350747, # ZDD nodes = 2859195, # elems = 478551803
Step 18 time = 656.209995, # ZDD nodes = 3189655, # elems = 523464212
Step 19 time = 602.702392, # ZDD nodes = 3217698, # elems = 477950090
Step 20 time = 556.432783, # ZDD nodes = 2882707, # elems = 354089675
Step 21 time = 442.385841, # ZDD nodes = 2230161, # elems = 204647136
Step 22 time = 230.711802, # ZDD nodes = 1426703, # elems = 87563388
Step 23 time = 91.022738, # ZDD nodes = 700559, # elems = 25349816
Step 24 time = 32.179966, # ZDD nodes = 235752, # elems = 4090209
Step 25 time = 8.083208, # ZDD nodes = 43997, # elems = 257484
Step 26 time = 1.074388, # ZDD nodes = 2926, # elems = 2495
Step 27 time = 0.048662, # ZDD nodes = 0, # elems = 0
a 3 4 7 8 12 13 15 16 24 25 29 40 41 45 46 52 59 63 65 66 69 72 73 77
a 3 4 7 8 12 13 15 16 24 25 29 40 41 44 45 46 52 59 63 65 66 69 72 77
a 3 4 7 8 12 13 15 16 24 25 40 41 44 45 46 52 57 59 63 65 66 69 72 77
a 3 4 7 8 12 13 15 16 24 40 41 44 45 46 47 52 57 59 63 65 66 69 72 77
a 3 4 7 12 13 15 16 24 35 40 41 44 45 46 47 52 57 59 63 65 66 69 72 77
a 3 4 7 12 13 15 16 24 35 40 41 44 45 46 47 50 52 57 59 63 65 66 72 77
a 3 4 7 12 15 16 24 35 37 40 41 44 45 46 47 50 52 57 59 63 65 66 72 77
a 3 7 12 15 16 19 24 35 37 40 41 44 45 46 47 50 52 57 59 63 65 66 72 77
a 3 7 12 15 16 19 24 35 37 40 41 44 45 46 47 50 52 53 57 59 63 65 66 72
a 3 12 15 16 19 24 35 37 40 41 44 45 46 47 50 52 53 57 59 63 65 66 67 72
a 3 12 15 16 19 24 33 35 37 40 41 44 45 46 47 50 52 53 57 59 63 65 66 67
a 3 12 15 16 19 24 33 35 37 40 43 44 45 46 47 50 52 53 57 59 63 65 66 67
a 3 15 16 18 19 24 33 35 37 40 43 44 45 46 47 50 52 53 57 59 63 65 66 67
a 3 15 18 19 24 33 35 37 40 43 44 45 46 47 50 52 53 57 59 63 65 66 67 71
a 15 18 19 24 33 35 37 40 43 44 45 46 47 50 52 53 57 59 63 64 65 66 67 71
a 14 15 18 19 24 33 35 37 40 43 44 45 46 47 50 52 53 59 63 64 65 66 67 71
a 14 15 18 19 24 33 35 37 40 43 44 45 46 47 50 52 53 59 63 64 66 67 70 71
a 14 15 18 19 24 30 33 35 37 40 43 44 45 46 47 50 52 53 63 64 66 67 70 71
a 14 18 19 24 30 33 35 36 37 40 43 44 45 46 47 50 52 53 63 64 66 67 70 71
a 14 18 19 24 30 33 35 36 37 43 44 45 46 47 50 52 53 61 63 64 66 67 70 71
a 14 18 19 24 28 30 33 35 36 37 43 44 46 47 50 52 53 61 63 64 66 67 70 71
a 14 18 19 24 28 30 33 35 36 37 43 44 47 50 52 53 61 63 64 66 67 70 71 76
a 14 18 19 28 30 33 35 36 37 39 43 44 47 50 52 53 61 63 64 66 67 70 71 76
a 14 18 19 28 30 33 35 36 37 39 42 43 44 47 50 52 53 61 64 66 67 70 71 76
a 9 14 18 19 28 30 33 35 36 37 39 42 43 47 50 52 53 61 64 66 67 70 71 76
a 9 14 18 19 21 28 30 33 35 36 37 39 42 43 47 50 52 53 61 64 67 70 71 76
a 9 14 18 19 21 28 30 33 35 36 37 39 42 43 47 50 53 61 64 67 70 71 74 76
Reconfiguration time = 4176.853208
	Command being timed: "timeout 80m ../ddreconf/ddreconf ../instances_pw_col/random_instance006_graph002.pw.col --stfile=../benchmark_instances/2023result/docs/solver/benchmark/random_instance/random_instance006_graph002_01.dat --tj --indset --longest"
	User time (seconds): 4126.49
	System time (seconds): 69.69
	Percent of CPU this job got: 99%
	Elapsed (wall clock) time (h:mm:ss or m:ss): 1:10:08
	Average shared text size (kbytes): 0
	Average unshared data size (kbytes): 0
	Average stack size (kbytes): 0
	Average total size (kbytes): 0
	Maximum resident set size (kbytes): 134828308
	Average resident set size (kbytes): 0
	Major (requiring I/O) page faults: 0
	Minor (reclaiming a frame) page faults: 2110683
	Voluntary context switches: 77
	Involuntary context switches: 2290
	Swaps: 0
	File system inputs: 88
	File system outputs: 136
	Socket messages sent: 0
	Socket messages received: 0
	Signals delivered: 0
	Page size (bytes): 4096
	Exit status: 0
