Input graph file parsed. # of vertices = 26, # of edges = 78
s 7 10 12 15 16 20 21
Solution space ZDD construction start
Solution space ZDD construction end
Solution space ZDD construction time = 0.005229
Solution space ZDD size = 1095
# of elements in the solution space = 11926
Start searching the longest reconfiguration sequence
Step 1 time = 0.000050, # ZDD nodes = 34, # elems = 7
Step 2 time = 0.000169, # ZDD nodes = 85, # elems = 28
Step 3 time = 0.000414, # ZDD nodes = 178, # elems = 91
Step 4 time = 0.001053, # ZDD nodes = 324, # elems = 209
Step 5 time = 0.001749, # ZDD nodes = 437, # elems = 393
Step 6 time = 0.002064, # ZDD nodes = 375, # elems = 344
Step 7 time = 0.001908, # ZDD nodes = 182, # elems = 95
Step 8 time = 0.000778, # ZDD nodes = 43, # elems = 10
Step 9 time = 0.000097, # ZDD nodes = 7, # elems = 1
Step 10 time = 0.000016, # ZDD nodes = 0, # elems = 0
a 7 10 12 15 16 20 21
a 7 12 15 16 20 21 25
a 3 7 12 15 16 20 25
a 3 7 12 16 20 23 25
a 3 7 16 20 23 25 26
a 3 7 8 16 23 25 26
a 3 6 7 8 23 25 26
a 5 6 7 8 23 25 26
a 5 6 7 8 19 23 26
a 1 5 6 8 19 23 26
Reconfiguration time = 0.009713
	Command being timed: "timeout 20m ../ddreconf/ddreconf ../benchmark_instances/2023result/docs/solver/benchmark/random_instance/random_instance002_graph005.col --stfile=../benchmark_instances/2023result/docs/solver/benchmark/random_instance/random_instance002_graph005_01.dat --tj --indset --longest"
	User time (seconds): 0.01
	System time (seconds): 0.00
	Percent of CPU this job got: 96%
	Elapsed (wall clock) time (h:mm:ss or m:ss): 0:00.02
	Average shared text size (kbytes): 0
	Average unshared data size (kbytes): 0
	Average stack size (kbytes): 0
	Average total size (kbytes): 0
	Maximum resident set size (kbytes): 33012
	Average resident set size (kbytes): 0
	Major (requiring I/O) page faults: 0
	Minor (reclaiming a frame) page faults: 1116
	Voluntary context switches: 4
	Involuntary context switches: 0
	Swaps: 0
	File system inputs: 8
	File system outputs: 8
	Socket messages sent: 0
	Socket messages received: 0
	Signals delivered: 0
	Page size (bytes): 4096
	Exit status: 0
