Input graph file parsed. # of vertices = 26, # of edges = 78
s 16 1 13 10 20 14 12 24
Solution space ZDD construction start
Solution space ZDD construction end
Solution space ZDD construction time = 0.002353
Solution space ZDD size = 186
# of elements in the solution space = 13630
Start searching the longest reconfiguration sequence
Step 1 time = 0.000071, # ZDD nodes = 21, # elems = 6
Step 2 time = 0.000079, # ZDD nodes = 37, # elems = 18
Step 3 time = 0.000104, # ZDD nodes = 62, # elems = 41
Step 4 time = 0.000249, # ZDD nodes = 95, # elems = 74
Step 5 time = 0.000456, # ZDD nodes = 132, # elems = 117
Step 6 time = 0.000652, # ZDD nodes = 114, # elems = 102
Step 7 time = 0.000493, # ZDD nodes = 72, # elems = 58
Step 8 time = 0.000327, # ZDD nodes = 25, # elems = 14
Step 9 time = 0.000054, # ZDD nodes = 0, # elems = 0
a 1 10 12 13 14 16 20 24
a 1 12 13 14 15 16 20 24
a 1 5 12 13 14 15 16 20
a 1 5 12 13 15 16 20 23
a 1 5 13 15 16 17 20 23
a 1 5 8 13 15 16 17 23
a 5 8 13 15 16 17 23 25
a 2 5 8 13 16 17 23 25
a 2 5 8 11 13 17 23 25
Reconfiguration time = 0.003658
	Command being timed: "timeout 20m ../ddreconf/ddreconf ../instances_pw_col/random_instance002_graph001.pw.col --stfile=../benchmark_instances/2023result/docs/solver/benchmark/random_instance/random_instance002_graph001_01.dat --tj --indset --longest"
	User time (seconds): 0.00
	System time (seconds): 0.01
	Percent of CPU this job got: 94%
	Elapsed (wall clock) time (h:mm:ss or m:ss): 0:00.01
	Average shared text size (kbytes): 0
	Average unshared data size (kbytes): 0
	Average stack size (kbytes): 0
	Average total size (kbytes): 0
	Maximum resident set size (kbytes): 33012
	Average resident set size (kbytes): 0
	Major (requiring I/O) page faults: 0
	Minor (reclaiming a frame) page faults: 1002
	Voluntary context switches: 5
	Involuntary context switches: 0
	Swaps: 0
	File system inputs: 16
	File system outputs: 8
	Socket messages sent: 0
	Socket messages received: 0
	Signals delivered: 0
	Page size (bytes): 4096
	Exit status: 0
