Input graph file parsed. # of vertices = 195, # of edges = 585
s 2 5 8 9 11 15 16 18 21 29 30 35 130 43 45 46 143 57 60 64 66 68 70 137 75 76 80 84 85 87 92 93 97 101 106 109 110 111 112 113 114 116 119 120 180 151 131 132 133 162 140 144 147 155 161 176 184 193 194 191 185
Solution space ZDD construction start
Command exited with non-zero status 124
	Command being timed: "timeout 160m ../ddreconf/ddreconf ../benchmark_instances/2023result/docs/solver/benchmark/random_instance/random_instance015_graph002.col --stfile=../benchmark_instances/2023result/docs/solver/benchmark/random_instance/random_instance015_graph002_01.dat --tj --indset --longest"
	User time (seconds): 9222.49
	System time (seconds): 360.38
	Percent of CPU this job got: 99%
	Elapsed (wall clock) time (h:mm:ss or m:ss): 2:40:02
	Average shared text size (kbytes): 0
	Average unshared data size (kbytes): 0
	Average stack size (kbytes): 0
	Average total size (kbytes): 0
	Maximum resident set size (kbytes): 553611548
	Average resident set size (kbytes): 0
	Major (requiring I/O) page faults: 0
	Minor (reclaiming a frame) page faults: 91121937
	Voluntary context switches: 81
	Involuntary context switches: 5329
	Swaps: 0
	File system inputs: 16
	File system outputs: 8
	Socket messages sent: 0
	Socket messages received: 0
	Signals delivered: 0
	Page size (bytes): 4096
	Exit status: 124
