Input graph file parsed. # of vertices = 39, # of edges = 117
s 8 12 15 26 20 32 35 28 1 2 13 38 29 14
Solution space ZDD construction start
Solution space ZDD construction end
Solution space ZDD construction time = 0.032055
Solution space ZDD size = 2444
# of elements in the solution space = 1936328
Start searching the longest reconfiguration sequence
Step 1 time = 0.000085, # ZDD nodes = 34, # elems = 4
Step 2 time = 0.000172, # ZDD nodes = 66, # elems = 10
Step 3 time = 0.000246, # ZDD nodes = 109, # elems = 30
Step 4 time = 0.000422, # ZDD nodes = 138, # elems = 60
Step 5 time = 0.000464, # ZDD nodes = 159, # elems = 72
Step 6 time = 0.000714, # ZDD nodes = 145, # elems = 55
Step 7 time = 0.000472, # ZDD nodes = 115, # elems = 27
Step 8 time = 0.000313, # ZDD nodes = 75, # elems = 22
Step 9 time = 0.000277, # ZDD nodes = 104, # elems = 23
Step 10 time = 0.000277, # ZDD nodes = 84, # elems = 10
Step 11 time = 0.000224, # ZDD nodes = 22, # elems = 2
Step 12 time = 0.000033, # ZDD nodes = 0, # elems = 0
a 1 2 8 12 13 14 15 20 26 28 29 32 35 38
a 1 2 8 12 13 14 15 20 23 28 29 32 35 38
a 1 2 8 12 13 14 15 18 23 28 29 32 35 38
a 1 2 8 12 13 14 15 18 23 27 28 32 35 38
a 1 2 8 12 13 14 15 18 21 23 27 28 32 35
a 1 8 12 13 14 15 18 21 23 27 28 32 33 35
a 6 8 12 13 14 15 18 21 23 27 28 32 33 35
a 6 8 12 13 15 18 21 23 27 28 31 32 33 35
a 6 8 12 13 15 18 23 27 28 31 32 33 34 35
a 6 8 12 13 15 18 23 25 27 28 31 33 34 35
a 6 8 11 12 13 15 23 25 27 28 31 33 34 35
a 5 6 8 11 13 15 23 25 27 28 31 33 34 35
Reconfiguration time = 0.006041
	Command being timed: "timeout 20m ../ddreconf/ddreconf ../instances_pw_col/random_instance003_graph004.pw.col --stfile=../benchmark_instances/2023result/docs/solver/benchmark/random_instance/random_instance003_graph004_01.dat --tj --indset --longest"
	User time (seconds): 0.04
	System time (seconds): 0.00
	Percent of CPU this job got: 98%
	Elapsed (wall clock) time (h:mm:ss or m:ss): 0:00.05
	Average shared text size (kbytes): 0
	Average unshared data size (kbytes): 0
	Average stack size (kbytes): 0
	Average total size (kbytes): 0
	Maximum resident set size (kbytes): 34036
	Average resident set size (kbytes): 0
	Major (requiring I/O) page faults: 0
	Minor (reclaiming a frame) page faults: 1280
	Voluntary context switches: 5
	Involuntary context switches: 0
	Swaps: 0
	File system inputs: 16
	File system outputs: 8
	Socket messages sent: 0
	Socket messages received: 0
	Signals delivered: 0
	Page size (bytes): 4096
	Exit status: 0
