Input graph file parsed. # of vertices = 52, # of edges = 156
s 6 8 19 20 23 28 29 47 31 40 34 42 39 46 45
Solution space ZDD construction start
Solution space ZDD construction end
Solution space ZDD construction time = 1.492016
Solution space ZDD size = 109540
# of elements in the solution space = 245353332
Start searching the longest reconfiguration sequence
Step 1 time = 0.000102, # ZDD nodes = 82, # elems = 12
Step 2 time = 0.000727, # ZDD nodes = 345, # elems = 103
Step 3 time = 0.004025, # ZDD nodes = 1221, # elems = 683
Step 4 time = 0.020126, # ZDD nodes = 3699, # elems = 3539
Step 5 time = 0.083359, # ZDD nodes = 9460, # elems = 14396
Step 6 time = 0.266644, # ZDD nodes = 20223, # elems = 45885
Step 7 time = 0.987043, # ZDD nodes = 38005, # elems = 115398
Step 8 time = 1.846627, # ZDD nodes = 63540, # elems = 234049
Step 9 time = 3.906344, # ZDD nodes = 94058, # elems = 389151
Step 10 time = 6.398710, # ZDD nodes = 119239, # elems = 525723
Step 11 time = 7.810687, # ZDD nodes = 124128, # elems = 554196
Step 12 time = 7.547877, # ZDD nodes = 102527, # elems = 431456
Step 13 time = 6.892743, # ZDD nodes = 64425, # elems = 232661
Step 14 time = 2.906362, # ZDD nodes = 28672, # elems = 81550
Step 15 time = 0.741147, # ZDD nodes = 7839, # elems = 15311
Step 16 time = 0.167879, # ZDD nodes = 1023, # elems = 638
Step 17 time = 0.010979, # ZDD nodes = 0, # elems = 0
a 6 8 19 20 23 28 29 31 34 39 40 42 45 46 47
a 6 8 19 20 23 28 29 31 34 40 42 43 45 46 47
a 6 8 19 20 23 28 29 31 34 40 42 43 46 47 52
a 6 8 19 20 23 28 29 34 40 42 43 46 47 49 52
a 6 8 19 20 23 28 29 33 34 42 43 46 47 49 52
a 6 8 11 19 20 23 28 29 33 42 43 46 47 49 52
a 6 7 8 11 20 23 28 29 33 42 43 46 47 49 52
a 7 8 11 20 23 28 29 33 42 43 46 47 49 51 52
a 7 8 11 20 22 23 28 33 42 43 46 47 49 51 52
a 7 8 11 20 22 28 33 42 43 46 47 49 50 51 52
a 7 8 11 20 22 28 33 41 42 43 47 49 50 51 52
a 7 8 11 20 22 27 33 41 42 43 47 49 50 51 52
a 7 8 11 22 27 33 35 41 42 43 47 49 50 51 52
a 7 8 11 22 25 27 33 35 41 43 47 49 50 51 52
a 7 8 11 22 24 25 27 33 35 41 43 49 50 51 52
a 7 11 15 22 24 25 27 33 35 41 43 49 50 51 52
a 1 11 15 22 24 25 27 33 35 41 43 49 50 51 52
Reconfiguration time = 39.745694
	Command being timed: "timeout 20m ../ddreconf/ddreconf ../benchmark_instances/2023result/docs/solver/benchmark/random_instance/random_instance004_graph004.col --stfile=../benchmark_instances/2023result/docs/solver/benchmark/random_instance/random_instance004_graph004_01.dat --tj --indset --longest"
	User time (seconds): 40.11
	System time (seconds): 1.07
	Percent of CPU this job got: 99%
	Elapsed (wall clock) time (h:mm:ss or m:ss): 0:41.29
	Average shared text size (kbytes): 0
	Average unshared data size (kbytes): 0
	Average stack size (kbytes): 0
	Average total size (kbytes): 0
	Maximum resident set size (kbytes): 2212044
	Average resident set size (kbytes): 0
	Major (requiring I/O) page faults: 0
	Minor (reclaiming a frame) page faults: 42647
	Voluntary context switches: 21
	Involuntary context switches: 56
	Swaps: 0
	File system inputs: 8
	File system outputs: 16
	Socket messages sent: 0
	Socket messages received: 0
	Signals delivered: 0
	Page size (bytes): 4096
	Exit status: 0
