Input graph file parsed. # of vertices = 13, # of edges = 39
s 9 8 12
Solution space ZDD construction start
Solution space ZDD construction end
Solution space ZDD construction time = 0.000629
Solution space ZDD size = 26
# of elements in the solution space = 105
Start searching the longest reconfiguration sequence
Step 1 time = 0.000032, # ZDD nodes = 9, # elems = 6
Step 2 time = 0.000028, # ZDD nodes = 17, # elems = 17
Step 3 time = 0.000056, # ZDD nodes = 16, # elems = 13
Step 4 time = 0.000036, # ZDD nodes = 6, # elems = 2
Step 5 time = 0.000014, # ZDD nodes = 0, # elems = 0
a 8 9 12
a 2 8 9
a 1 2 8
a 1 2 10
a 1 6 10
Reconfiguration time = 0.000454
	Command being timed: "timeout 20m ../ddreconf/ddreconf ../instances_pwwt_col/random_instance001_graph005.pwwt.col --stfile=../benchmark_instances/2023result/docs/solver/benchmark/random_instance/random_instance001_graph005_01.dat --tj --indset --longest"
	User time (seconds): 0.00
	System time (seconds): 0.00
	Percent of CPU this job got: 93%
	Elapsed (wall clock) time (h:mm:ss or m:ss): 0:00.01
	Average shared text size (kbytes): 0
	Average unshared data size (kbytes): 0
	Average stack size (kbytes): 0
	Average total size (kbytes): 0
	Maximum resident set size (kbytes): 31988
	Average resident set size (kbytes): 0
	Major (requiring I/O) page faults: 0
	Minor (reclaiming a frame) page faults: 865
	Voluntary context switches: 4
	Involuntary context switches: 0
	Swaps: 0
	File system inputs: 8
	File system outputs: 8
	Socket messages sent: 0
	Socket messages received: 0
	Signals delivered: 0
	Page size (bytes): 4096
	Exit status: 0
