Input graph file parsed. # of vertices = 39, # of edges = 117
s 1 5 7 8 14 30 33 37 28 31 39
Solution space ZDD construction start
Solution space ZDD construction end
Solution space ZDD construction time = 0.083821
Solution space ZDD size = 11820
# of elements in the solution space = 1346850
Start searching the longest reconfiguration sequence
Step 1 time = 0.000044, # ZDD nodes = 30, # elems = 7
Step 2 time = 0.000148, # ZDD nodes = 98, # elems = 56
Step 3 time = 0.000579, # ZDD nodes = 267, # elems = 254
Step 4 time = 0.002052, # ZDD nodes = 642, # elems = 782
Step 5 time = 0.007641, # ZDD nodes = 1345, # elems = 1830
Step 6 time = 0.017641, # ZDD nodes = 2461, # elems = 3442
Step 7 time = 0.036171, # ZDD nodes = 3738, # elems = 5163
Step 8 time = 0.060698, # ZDD nodes = 4662, # elems = 5862
Step 9 time = 0.081641, # ZDD nodes = 4684, # elems = 5361
Step 10 time = 0.090124, # ZDD nodes = 3776, # elems = 4227
Step 11 time = 0.099322, # ZDD nodes = 1922, # elems = 1987
Step 12 time = 0.024876, # ZDD nodes = 526, # elems = 313
Step 13 time = 0.005724, # ZDD nodes = 25, # elems = 4
Step 14 time = 0.000123, # ZDD nodes = 0, # elems = 0
a 1 5 7 8 14 28 30 31 33 37 39
a 1 5 7 8 14 24 28 30 31 33 37
a 1 7 8 14 24 28 30 31 33 34 37
a 1 7 8 14 23 24 28 30 31 34 37
a 1 7 8 14 19 23 24 30 31 34 37
a 1 7 14 17 19 23 24 30 31 34 37
a 7 14 17 19 23 24 30 31 34 36 37
a 14 17 19 23 24 30 31 34 35 36 37
a 14 17 19 23 24 27 30 34 35 36 37
a 14 17 19 23 24 26 27 30 34 35 36
a 14 17 19 22 23 24 26 27 34 35 36
a 16 17 19 22 23 24 26 27 34 35 36
a 9 16 17 22 23 24 26 27 34 35 36
a 2 9 16 17 22 24 26 27 34 35 36
Reconfiguration time = 0.434930
	Command being timed: "timeout 20m ../ddreconf/ddreconf ../benchmark_instances/2023result/docs/solver/benchmark/random_instance/random_instance003_graph003.col --stfile=../benchmark_instances/2023result/docs/solver/benchmark/random_instance/random_instance003_graph003_01.dat --tj --indset --longest"
	User time (seconds): 0.50
	System time (seconds): 0.03
	Percent of CPU this job got: 99%
	Elapsed (wall clock) time (h:mm:ss or m:ss): 0:00.53
	Average shared text size (kbytes): 0
	Average unshared data size (kbytes): 0
	Average stack size (kbytes): 0
	Average total size (kbytes): 0
	Maximum resident set size (kbytes): 71996
	Average resident set size (kbytes): 0
	Major (requiring I/O) page faults: 0
	Minor (reclaiming a frame) page faults: 5207
	Voluntary context switches: 4
	Involuntary context switches: 2
	Swaps: 0
	File system inputs: 8
	File system outputs: 8
	Socket messages sent: 0
	Socket messages received: 0
	Signals delivered: 0
	Page size (bytes): 4096
	Exit status: 0
