Input graph file parsed. # of vertices = 52, # of edges = 156
s 7 36 5 40 14 35 25 50 4 27 28 29 31 39 46
Solution space ZDD construction start
Solution space ZDD construction end
Solution space ZDD construction time = 0.063526
Solution space ZDD size = 6911
# of elements in the solution space = 227597732
Start searching the longest reconfiguration sequence
Step 1 time = 0.000068, # ZDD nodes = 43, # elems = 9
Step 2 time = 0.000294, # ZDD nodes = 124, # elems = 75
Step 3 time = 0.000879, # ZDD nodes = 375, # elems = 506
Step 4 time = 0.003990, # ZDD nodes = 1046, # elems = 2836
Step 5 time = 0.013797, # ZDD nodes = 2604, # elems = 13281
Step 6 time = 0.042266, # ZDD nodes = 5419, # elems = 50284
Step 7 time = 0.121557, # ZDD nodes = 9842, # elems = 148585
Step 8 time = 0.387141, # ZDD nodes = 15314, # elems = 331067
Step 9 time = 0.777926, # ZDD nodes = 20460, # elems = 545427
Step 10 time = 1.247447, # ZDD nodes = 23104, # elems = 663706
Step 11 time = 1.437724, # ZDD nodes = 21950, # elems = 597132
Step 12 time = 1.164721, # ZDD nodes = 17502, # elems = 386408
Step 13 time = 0.726887, # ZDD nodes = 11159, # elems = 170141
Step 14 time = 0.349573, # ZDD nodes = 5592, # elems = 50019
Step 15 time = 0.106041, # ZDD nodes = 2144, # elems = 10768
Step 16 time = 0.036131, # ZDD nodes = 639, # elems = 1584
Step 17 time = 0.006649, # ZDD nodes = 102, # elems = 33
Step 18 time = 0.000410, # ZDD nodes = 0, # elems = 0
a 4 5 7 14 25 27 28 29 31 35 36 39 40 46 50
a 4 5 7 14 16 25 27 28 31 35 36 39 40 46 50
a 4 5 7 12 14 16 25 27 28 31 35 36 40 46 50
a 4 5 7 12 14 16 25 28 31 35 36 37 40 46 50
a 5 7 12 14 16 25 28 31 35 36 37 40 45 46 50
a 5 7 12 13 14 16 25 28 31 36 37 40 45 46 50
a 5 7 12 13 14 16 21 25 28 31 36 37 40 45 50
a 5 7 12 13 14 16 21 25 28 36 37 40 45 50 51
a 5 7 12 13 14 16 17 21 25 36 37 40 45 50 51
a 5 7 12 13 14 16 17 21 25 36 37 40 45 49 51
a 5 7 12 13 16 17 21 23 25 36 37 40 45 49 51
a 5 7 12 13 16 17 21 23 25 33 36 37 45 49 51
a 5 7 8 12 13 16 17 21 23 33 36 37 45 49 51
a 5 7 8 12 13 16 17 21 23 32 33 37 45 49 51
a 5 8 12 13 16 17 21 23 32 33 37 43 45 49 51
a 6 8 12 13 16 17 21 23 32 33 37 43 45 49 51
a 2 6 8 12 13 17 21 23 32 33 37 43 45 49 51
a 2 6 8 12 13 17 20 21 32 33 37 43 45 49 51
Reconfiguration time = 6.459923
	Command being timed: "timeout 20m ../ddreconf/ddreconf ../instances_pw_col/random_instance004_graph001.pw.col --stfile=../benchmark_instances/2023result/docs/solver/benchmark/random_instance/random_instance004_graph001_01.dat --tj --indset --longest"
	User time (seconds): 6.38
	System time (seconds): 0.14
	Percent of CPU this job got: 99%
	Elapsed (wall clock) time (h:mm:ss or m:ss): 0:06.54
	Average shared text size (kbytes): 0
	Average unshared data size (kbytes): 0
	Average stack size (kbytes): 0
	Average total size (kbytes): 0
	Maximum resident set size (kbytes): 288696
	Average resident set size (kbytes): 0
	Major (requiring I/O) page faults: 0
	Minor (reclaiming a frame) page faults: 13362
	Voluntary context switches: 5
	Involuntary context switches: 10
	Swaps: 0
	File system inputs: 16
	File system outputs: 8
	Socket messages sent: 0
	Socket messages received: 0
	Signals delivered: 0
	Page size (bytes): 4096
	Exit status: 0
