Input graph file parsed. # of vertices = 13, # of edges = 39
s 10 1 6 11
Solution space ZDD construction start
Solution space ZDD construction end
Solution space ZDD construction time = 0.000815
Solution space ZDD size = 32
# of elements in the solution space = 94
Start searching the longest reconfiguration sequence
Step 1 time = 0.000031, # ZDD nodes = 4, # elems = 1
Step 2 time = 0.000012, # ZDD nodes = 4, # elems = 1
Step 3 time = 0.000007, # ZDD nodes = 4, # elems = 1
Step 4 time = 0.000018, # ZDD nodes = 4, # elems = 1
Step 5 time = 0.000013, # ZDD nodes = 4, # elems = 1
Step 6 time = 0.000010, # ZDD nodes = 4, # elems = 1
Step 7 time = 0.000005, # ZDD nodes = 0, # elems = 0
a 1 6 10 11
a 1 2 10 11
a 1 2 9 10
a 1 2 3 9
a 2 3 5 9
a 3 5 9 13
a 5 9 12 13
Reconfiguration time = 0.000466
	Command being timed: "timeout 20m ../ddreconf/ddreconf ../instances_pw_col/random_instance001_graph004.pw.col --stfile=../benchmark_instances/2023result/docs/solver/benchmark/random_instance/random_instance001_graph004_01.dat --tj --indset --longest"
	User time (seconds): 0.00
	System time (seconds): 0.01
	Percent of CPU this job got: 93%
	Elapsed (wall clock) time (h:mm:ss or m:ss): 0:00.01
	Average shared text size (kbytes): 0
	Average unshared data size (kbytes): 0
	Average stack size (kbytes): 0
	Average total size (kbytes): 0
	Maximum resident set size (kbytes): 33012
	Average resident set size (kbytes): 0
	Major (requiring I/O) page faults: 0
	Minor (reclaiming a frame) page faults: 875
	Voluntary context switches: 6
	Involuntary context switches: 0
	Swaps: 0
	File system inputs: 48
	File system outputs: 8
	Socket messages sent: 0
	Socket messages received: 0
	Signals delivered: 0
	Page size (bytes): 4096
	Exit status: 0
