Input graph file parsed. # of vertices = 78, # of edges = 234
s 1 4 7 9 13 17 22 25 27 32 45 42 44 69 50 54 55 57 59 60 77 65 78
Solution space ZDD construction start
Solution space ZDD construction end
Solution space ZDD construction time = 1072.500209
Solution space ZDD size = 17793391
# of elements in the solution space = 4784011345326
Start searching the longest reconfiguration sequence
Step 1 time = 0.000437, # ZDD nodes = 165, # elems = 18
Step 2 time = 0.002916, # ZDD nodes = 869, # elems = 333
Step 3 time = 0.020263, # ZDD nodes = 4090, # elems = 3915
Step 4 time = 0.134757, # ZDD nodes = 16556, # elems = 31370
Step 5 time = 0.755716, # ZDD nodes = 57295, # elems = 189115
Step 6 time = 3.380347, # ZDD nodes = 170898, # elems = 912067
Step 7 time = 21.632108, # ZDD nodes = 446263, # elems = 3684483
Step 8 time = 52.147897, # ZDD nodes = 1039930, # elems = 12890112
Step 9 time = 126.461225, # ZDD nodes = 2193351, # elems = 39734305
Step 10 time = 322.775583, # ZDD nodes = 4214471, # elems = 108245678
Step 11 time = 760.476768, # ZDD nodes = 7390619, # elems = 259324888
Step 12 time = 1518.744535, # ZDD nodes = 11796687, # elems = 542467498
Step 13 time = 2686.890149, # ZDD nodes = 17050726, # elems = 983582318
Step 14 Command exited with non-zero status 124
	Command being timed: "timeout 160m ../ddreconf/ddreconf ../benchmark_instances/2023result/docs/solver/benchmark/random_instance/random_instance006_graph004.col --stfile=../benchmark_instances/2023result/docs/solver/benchmark/random_instance/random_instance006_graph004_01.dat --tj --indset --longest"
	User time (seconds): 9420.00
	System time (seconds): 159.03
	Percent of CPU this job got: 99%
	Elapsed (wall clock) time (h:mm:ss or m:ss): 2:40:00
	Average shared text size (kbytes): 0
	Average unshared data size (kbytes): 0
	Average stack size (kbytes): 0
	Average total size (kbytes): 0
	Maximum resident set size (kbytes): 292357264
	Average resident set size (kbytes): 0
	Major (requiring I/O) page faults: 0
	Minor (reclaiming a frame) page faults: 10443165
	Voluntary context switches: 194
	Involuntary context switches: 4729
	Swaps: 0
	File system inputs: 16
	File system outputs: 72
	Socket messages sent: 0
	Socket messages received: 0
	Signals delivered: 0
	Page size (bytes): 4096
	Exit status: 124
