Input graph file parsed. # of vertices = 78, # of edges = 234
s 27 4 42 17 25 9 22 77 55 65 54 69 32 13 7 1 45 78 60 57 44 50 59
Solution space ZDD construction start
Solution space ZDD construction end
Solution space ZDD construction time = 27.263355
Solution space ZDD size = 419992
# of elements in the solution space = 4784011345326
Start searching the longest reconfiguration sequence
Step 1 time = 0.000215, # ZDD nodes = 123, # elems = 18
Step 2 time = 0.001258, # ZDD nodes = 526, # elems = 333
Step 3 time = 0.007446, # ZDD nodes = 1870, # elems = 3915
Step 4 time = 0.038634, # ZDD nodes = 5759, # elems = 31370
Step 5 time = 0.174083, # ZDD nodes = 15481, # elems = 189115
Step 6 time = 0.656413, # ZDD nodes = 36711, # elems = 912067
Step 7 time = 2.155502, # ZDD nodes = 78171, # elems = 3684483
Step 8 time = 5.123718, # ZDD nodes = 152488, # elems = 12890112
Step 9 time = 13.750233, # ZDD nodes = 276098, # elems = 39734305
Step 10 time = 33.996755, # ZDD nodes = 467037, # elems = 108245678
Step 11 time = 68.482066, # ZDD nodes = 740045, # elems = 259324888
Step 12 time = 133.993497, # ZDD nodes = 1096596, # elems = 542467498
Step 13 time = 231.822211, # ZDD nodes = 1515946, # elems = 983582318
Step 14 time = 320.960579, # ZDD nodes = 1946886, # elems = 1532370485
Step 15 time = 470.228417, # ZDD nodes = 2312720, # elems = 2026377011
Step 16 time = 489.767647, # ZDD nodes = 2516962, # elems = 2238005718
Step 17 time = 595.937044, # ZDD nodes = 2472858, # elems = 2024836195
Step 18 time = 410.752508, # ZDD nodes = 2145847, # elems = 1465148288
Step 19 time = 270.229929, # ZDD nodes = 1611034, # elems = 820636964
Step 20 time = 159.497606, # ZDD nodes = 1012703, # elems = 339182202
Step 21 time = 71.094804, # ZDD nodes = 509019, # elems = 95215091
Step 22 time = 38.376188, # ZDD nodes = 185062, # elems = 15364044
Step 23 time = 7.263443, # ZDD nodes = 37285, # elems = 975776
Step 24 time = 1.052321, # ZDD nodes = 1626, # elems = 630
Step 25 time = 0.023742, # ZDD nodes = 0, # elems = 0
a 1 4 7 9 13 17 22 25 27 32 42 44 45 50 54 55 57 59 60 65 69 77 78
a 1 4 7 9 13 17 22 25 27 32 41 42 44 45 50 54 55 57 60 65 69 77 78
a 1 4 7 9 13 17 20 22 25 27 41 42 44 45 50 54 55 57 60 65 69 77 78
a 1 4 7 9 13 17 20 22 25 27 41 42 45 48 50 54 55 57 60 65 69 77 78
a 1 4 7 9 13 17 20 22 25 27 34 41 42 45 48 50 54 55 60 65 69 77 78
a 1 4 7 9 13 15 17 20 22 25 27 34 41 42 48 50 54 55 60 65 69 77 78
a 1 4 7 9 13 15 17 20 22 25 27 31 34 41 42 48 54 55 60 65 69 77 78
a 1 4 7 9 13 15 17 20 22 25 27 31 34 41 42 48 54 55 65 69 76 77 78
a 1 4 9 13 15 17 20 22 25 27 31 34 41 42 48 54 55 65 68 69 76 77 78
a 1 4 9 13 15 17 20 22 25 27 31 34 41 42 43 48 54 65 68 69 76 77 78
a 1 4 9 15 17 20 22 25 27 31 34 36 41 42 43 48 54 65 68 69 76 77 78
a 4 8 9 15 17 20 22 25 27 31 34 36 41 42 43 48 54 65 68 69 76 77 78
a 4 8 9 15 17 20 22 25 27 31 34 36 41 42 43 48 54 62 65 68 76 77 78
a 4 8 9 15 17 20 21 22 25 27 31 34 36 41 42 43 48 54 62 68 76 77 78
a 3 4 8 9 15 17 20 21 22 25 27 31 34 36 41 42 43 48 62 68 76 77 78
a 3 4 8 9 15 17 20 21 22 25 27 31 34 36 41 42 43 48 62 68 74 76 77
a 3 4 8 15 17 18 20 21 22 25 27 31 34 36 41 42 43 48 62 68 74 76 77
a 3 4 8 15 17 18 20 21 22 27 31 34 36 40 41 42 43 48 62 68 74 76 77
a 3 4 8 15 17 18 20 21 22 27 31 34 36 39 40 41 42 43 48 62 68 74 76
a 3 4 8 15 17 18 20 21 27 31 33 34 36 39 40 41 42 43 48 62 68 74 76
a 3 4 8 15 18 20 21 27 31 33 34 36 39 40 41 42 43 48 49 62 68 74 76
a 3 4 8 15 18 20 21 27 28 31 33 34 36 39 40 41 43 48 49 62 68 74 76
a 3 8 14 15 18 20 21 27 28 31 33 34 36 39 40 41 43 48 49 62 68 74 76
a 2 3 8 14 15 18 20 21 27 28 31 33 34 36 39 40 41 43 49 62 68 74 76
a 2 3 8 14 15 18 20 21 28 31 33 34 36 39 40 41 43 49 56 62 68 74 76
Reconfiguration time = 3331.911836
	Command being timed: "timeout 80m ../ddreconf/ddreconf ../instances_pw_col/random_instance006_graph004.pw.col --stfile=../benchmark_instances/2023result/docs/solver/benchmark/random_instance/random_instance006_graph004_01.dat --tj --indset --longest"
	User time (seconds): 3313.43
	System time (seconds): 36.39
	Percent of CPU this job got: 99%
	Elapsed (wall clock) time (h:mm:ss or m:ss): 55:59.55
	Average shared text size (kbytes): 0
	Average unshared data size (kbytes): 0
	Average stack size (kbytes): 0
	Average total size (kbytes): 0
	Maximum resident set size (kbytes): 71211812
	Average resident set size (kbytes): 0
	Major (requiring I/O) page faults: 0
	Minor (reclaiming a frame) page faults: 1167676
	Voluntary context switches: 92
	Involuntary context switches: 1680
	Swaps: 0
	File system inputs: 16
	File system outputs: 120
	Socket messages sent: 0
	Socket messages received: 0
	Signals delivered: 0
	Page size (bytes): 4096
	Exit status: 0
