Input graph file parsed. # of vertices = 39, # of edges = 117
s 29 10 12 1 13 35 6 27 34 9 30
Solution space ZDD construction start
Solution space ZDD construction end
Solution space ZDD construction time = 0.026100
Solution space ZDD size = 3261
# of elements in the solution space = 1566681
Start searching the longest reconfiguration sequence
Step 1 time = 0.000072, # ZDD nodes = 46, # elems = 9
Step 2 time = 0.000212, # ZDD nodes = 136, # elems = 67
Step 3 time = 0.000936, # ZDD nodes = 334, # elems = 278
Step 4 time = 0.002670, # ZDD nodes = 685, # elems = 773
Step 5 time = 0.007270, # ZDD nodes = 1150, # elems = 1598
Step 6 time = 0.012424, # ZDD nodes = 1823, # elems = 2841
Step 7 time = 0.021807, # ZDD nodes = 2778, # elems = 5124
Step 8 time = 0.039357, # ZDD nodes = 3805, # elems = 8603
Step 9 time = 0.050191, # ZDD nodes = 4356, # elems = 10939
Step 10 time = 0.066119, # ZDD nodes = 3890, # elems = 9300
Step 11 time = 0.048065, # ZDD nodes = 2329, # elems = 4454
Step 12 time = 0.022135, # ZDD nodes = 867, # elems = 1032
Step 13 time = 0.005725, # ZDD nodes = 150, # elems = 86
Step 14 time = 0.000567, # ZDD nodes = 0, # elems = 0
a 1 6 9 10 12 13 27 29 30 34 35
a 1 6 9 10 12 13 27 28 29 34 35
a 1 6 7 10 12 13 27 28 29 34 35
a 1 3 6 7 10 12 13 27 28 29 35
a 1 3 6 7 10 13 27 28 29 35 36
a 1 3 6 7 10 13 25 28 29 35 36
a 3 6 7 10 11 13 25 28 29 35 36
a 3 7 8 10 11 13 25 28 29 35 36
a 2 3 7 8 10 11 25 28 29 35 36
a 2 3 7 8 10 11 25 26 28 29 36
a 2 3 7 8 11 25 26 28 29 36 37
a 2 3 7 8 11 19 25 26 28 36 37
a 2 3 7 8 11 19 22 26 28 36 37
a 2 3 7 8 11 16 19 22 26 28 37
Reconfiguration time = 0.285706
	Command being timed: "timeout 20m ../ddreconf/ddreconf ../instances_pwwt_col/random_instance003_graph005.pwwt.col --stfile=../benchmark_instances/2023result/docs/solver/benchmark/random_instance/random_instance003_graph005_01.dat --tj --indset --longest"
	User time (seconds): 0.31
	System time (seconds): 0.01
	Percent of CPU this job got: 99%
	Elapsed (wall clock) time (h:mm:ss or m:ss): 0:00.32
	Average shared text size (kbytes): 0
	Average unshared data size (kbytes): 0
	Average stack size (kbytes): 0
	Average total size (kbytes): 0
	Maximum resident set size (kbytes): 38132
	Average resident set size (kbytes): 0
	Major (requiring I/O) page faults: 0
	Minor (reclaiming a frame) page faults: 2827
	Voluntary context switches: 4
	Involuntary context switches: 2
	Swaps: 0
	File system inputs: 8
	File system outputs: 8
	Socket messages sent: 0
	Socket messages received: 0
	Signals delivered: 0
	Page size (bytes): 4096
	Exit status: 0
