Input graph file parsed. # of vertices = 13, # of edges = 39
s 4 10 13
Solution space ZDD construction start
Solution space ZDD construction end
Solution space ZDD construction time = 0.000614
Solution space ZDD size = 25
# of elements in the solution space = 125
Start searching the longest reconfiguration sequence
Step 1 time = 0.000028, # ZDD nodes = 8, # elems = 4
Step 2 time = 0.000023, # ZDD nodes = 12, # elems = 14
Step 3 time = 0.000029, # ZDD nodes = 17, # elems = 20
Step 4 time = 0.000032, # ZDD nodes = 5, # elems = 3
Step 5 time = 0.000007, # ZDD nodes = 0, # elems = 0
a 4 10 13
a 4 5 13
a 3 4 5
a 3 5 12
a 5 11 12
Reconfiguration time = 0.000421
	Command being timed: "timeout 20m ../ddreconf/ddreconf ../instances_pwwt_col/random_instance001_graph001.pwwt.col --stfile=../benchmark_instances/2023result/docs/solver/benchmark/random_instance/random_instance001_graph001_01.dat --tj --indset --longest"
	User time (seconds): 0.00
	System time (seconds): 0.00
	Percent of CPU this job got: 92%
	Elapsed (wall clock) time (h:mm:ss or m:ss): 0:00.01
	Average shared text size (kbytes): 0
	Average unshared data size (kbytes): 0
	Average stack size (kbytes): 0
	Average total size (kbytes): 0
	Maximum resident set size (kbytes): 33008
	Average resident set size (kbytes): 0
	Major (requiring I/O) page faults: 0
	Minor (reclaiming a frame) page faults: 866
	Voluntary context switches: 4
	Involuntary context switches: 1
	Swaps: 0
	File system inputs: 8
	File system outputs: 8
	Socket messages sent: 0
	Socket messages received: 0
	Signals delivered: 0
	Page size (bytes): 4096
	Exit status: 0
