Input graph file parsed. # of vertices = 52, # of edges = 156
s 8 22 11 26 31 44 14 3 12 28 23 24 50 17 4 25
Solution space ZDD construction start
Solution space ZDD construction end
Solution space ZDD construction time = 0.102175
Solution space ZDD size = 12969
# of elements in the solution space = 242964120
Start searching the longest reconfiguration sequence
Step 1 time = 0.000075, # ZDD nodes = 52, # elems = 9
Step 2 time = 0.000255, # ZDD nodes = 157, # elems = 75
Step 3 time = 0.001324, # ZDD nodes = 456, # elems = 447
Step 4 time = 0.004246, # ZDD nodes = 1197, # elems = 1977
Step 5 time = 0.014188, # ZDD nodes = 2694, # elems = 6927
Step 6 time = 0.048687, # ZDD nodes = 5265, # elems = 19531
Step 7 time = 0.122117, # ZDD nodes = 9166, # elems = 43989
Step 8 time = 0.355494, # ZDD nodes = 13986, # elems = 79062
Step 9 time = 0.639043, # ZDD nodes = 18323, # elems = 113728
Step 10 time = 0.821999, # ZDD nodes = 20436, # elems = 129774
Step 11 time = 1.055220, # ZDD nodes = 19102, # elems = 114204
Step 12 time = 0.755271, # ZDD nodes = 14815, # elems = 72905
Step 13 time = 0.468514, # ZDD nodes = 9233, # elems = 31911
Step 14 time = 0.206645, # ZDD nodes = 4472, # elems = 9578
Step 15 time = 0.074365, # ZDD nodes = 1506, # elems = 1756
Step 16 time = 0.017491, # ZDD nodes = 277, # elems = 136
Step 17 time = 0.002363, # ZDD nodes = 19, # elems = 2
Step 18 time = 0.000081, # ZDD nodes = 0, # elems = 0
a 3 4 8 11 12 14 17 22 23 24 25 26 28 31 44 50
a 3 4 8 11 12 14 17 22 24 25 26 28 31 34 44 50
a 3 4 8 11 12 13 14 17 22 24 26 28 31 34 44 50
a 4 8 11 12 13 14 17 20 22 24 26 28 31 34 44 50
a 4 8 11 13 14 17 20 22 24 26 28 31 34 42 44 50
a 8 11 13 14 17 20 22 24 26 28 31 32 34 42 44 50
a 8 11 13 14 17 20 22 24 26 28 31 32 34 42 44 45
a 8 11 13 14 17 20 22 24 26 27 28 31 32 42 44 45
a 8 11 13 14 17 20 24 26 27 28 31 32 40 42 44 45
a 11 13 14 17 20 24 26 27 28 31 32 40 42 44 45 51
a 11 13 14 20 24 26 27 28 31 32 39 40 42 44 45 51
a 11 13 14 19 20 26 27 28 31 32 39 40 42 44 45 51
a 11 13 14 19 20 21 26 27 31 32 39 40 42 44 45 51
a 11 13 19 20 21 26 27 31 32 39 40 42 44 45 46 51
a 9 11 13 19 20 21 26 27 32 39 40 42 44 45 46 51
a 9 11 13 16 19 20 21 26 27 32 39 40 42 45 46 51
a 9 11 13 16 19 20 21 27 32 37 39 40 42 45 46 51
a 9 13 16 19 20 21 27 32 33 37 39 40 42 45 46 51
Reconfiguration time = 4.620418
	Command being timed: "timeout 20m ../ddreconf/ddreconf ../instances_pw_col/random_instance004_graph002.pw.col --stfile=../benchmark_instances/2023result/docs/solver/benchmark/random_instance/random_instance004_graph002_01.dat --tj --indset --longest"
	User time (seconds): 4.58
	System time (seconds): 0.14
	Percent of CPU this job got: 99%
	Elapsed (wall clock) time (h:mm:ss or m:ss): 0:04.74
	Average shared text size (kbytes): 0
	Average unshared data size (kbytes): 0
	Average stack size (kbytes): 0
	Average total size (kbytes): 0
	Maximum resident set size (kbytes): 283036
	Average resident set size (kbytes): 0
	Major (requiring I/O) page faults: 0
	Minor (reclaiming a frame) page faults: 12599
	Voluntary context switches: 5
	Involuntary context switches: 7
	Swaps: 0
	File system inputs: 16
	File system outputs: 8
	Socket messages sent: 0
	Socket messages received: 0
	Signals delivered: 0
	Page size (bytes): 4096
	Exit status: 0
