Input graph file parsed. # of vertices = 208, # of edges = 624
s 54 6 16 20 42 59 67 37 74 26 47 56 65 138 48 159 134 28 95 68 179 180 18 41 152 109 203 129 60 163 92 178 155 120 75 81 87 190 105 164 136 77 36 166 205 24 10 192 100 111 35 57 139 183 148 64 89 202 161 145 141 104 208 186 121 168
Solution space ZDD construction start
Command exited with non-zero status 124
	Command being timed: "timeout 160m ../ddreconf/ddreconf ../instances_pwwt_col/random_instance016_graph004.pwwt.col --stfile=../benchmark_instances/2023result/docs/solver/benchmark/random_instance/random_instance016_graph004_01.dat --tj --indset --longest"
	User time (seconds): 9162.96
	System time (seconds): 420.42
	Percent of CPU this job got: 99%
	Elapsed (wall clock) time (h:mm:ss or m:ss): 2:40:03
	Average shared text size (kbytes): 0
	Average unshared data size (kbytes): 0
	Average stack size (kbytes): 0
	Average total size (kbytes): 0
	Maximum resident set size (kbytes): 563731492
	Average resident set size (kbytes): 0
	Major (requiring I/O) page faults: 0
	Minor (reclaiming a frame) page faults: 161055995
	Voluntary context switches: 193
	Involuntary context switches: 4994
	Swaps: 0
	File system inputs: 24
	File system outputs: 8
	Socket messages sent: 0
	Socket messages received: 0
	Signals delivered: 0
	Page size (bytes): 4096
	Exit status: 124
