Input graph file parsed. # of vertices = 90, # of edges = 145
s 2 4 6 8 10 12 14 16 18 20 21 23 26 29 31 34 37 40 43 45 48 51 54 57 60 63 65 68 71 74 77 80 83 86 89
Solution space ZDD construction start
Solution space ZDD construction end
Solution space ZDD construction time = 44.873016
Solution space ZDD size = 8354830
# of elements in the solution space = 77378485134230208
Start searching the longest reconfiguration sequence
Step 1 time = 0.000217, # ZDD nodes = 78, # elems = 13
Step 2 time = 0.000651, # ZDD nodes = 130, # elems = 77
Step 3 time = 0.001398, # ZDD nodes = 187, # elems = 276
Step 4 time = 0.002150, # ZDD nodes = 244, # elems = 668
Step 5 time = 0.002750, # ZDD nodes = 290, # elems = 1150
Step 6 time = 0.002791, # ZDD nodes = 332, # elems = 1443
Step 7 time = 0.002625, # ZDD nodes = 364, # elems = 1330
Step 8 time = 0.002439, # ZDD nodes = 386, # elems = 897
Step 9 time = 0.002092, # ZDD nodes = 392, # elems = 439
Step 10 time = 0.001777, # ZDD nodes = 363, # elems = 160
Step 11 time = 0.001330, # ZDD nodes = 306, # elems = 59
Step 12 time = 0.001030, # ZDD nodes = 228, # elems = 54
Step 13 time = 0.000937, # ZDD nodes = 168, # elems = 91
Step 14 time = 0.000995, # ZDD nodes = 172, # elems = 137
Step 15 time = 0.000996, # ZDD nodes = 164, # elems = 171
Step 16 time = 0.001091, # ZDD nodes = 179, # elems = 204
Step 17 time = 0.001149, # ZDD nodes = 184, # elems = 246
Step 18 time = 0.001114, # ZDD nodes = 182, # elems = 262
Step 19 time = 0.001009, # ZDD nodes = 183, # elems = 218
Step 20 time = 0.001063, # ZDD nodes = 182, # elems = 142
Step 21 time = 0.001087, # ZDD nodes = 201, # elems = 90
Step 22 time = 0.001774, # ZDD nodes = 218, # elems = 91
Step 23 time = 0.001395, # ZDD nodes = 221, # elems = 151
Step 24 time = 0.001563, # ZDD nodes = 208, # elems = 253
Step 25 time = 0.001565, # ZDD nodes = 219, # elems = 338
Step 26 time = 0.001499, # ZDD nodes = 215, # elems = 342
Step 27 time = 0.001425, # ZDD nodes = 226, # elems = 261
Step 28 time = 0.001225, # ZDD nodes = 213, # elems = 149
Step 29 time = 0.000958, # ZDD nodes = 202, # elems = 62
Step 30 time = 0.000760, # ZDD nodes = 177, # elems = 22
Step 31 time = 0.000652, # ZDD nodes = 120, # elems = 17
Step 32 time = 0.000550, # ZDD nodes = 91, # elems = 21
Step 33 time = 0.000549, # ZDD nodes = 112, # elems = 23
Step 34 time = 0.000625, # ZDD nodes = 139, # elems = 35
Step 35 time = 0.000805, # ZDD nodes = 158, # elems = 68
Step 36 time = 0.001032, # ZDD nodes = 157, # elems = 125
Step 37 time = 0.001203, # ZDD nodes = 190, # elems = 222
Step 38 time = 0.001446, # ZDD nodes = 216, # elems = 370
Step 39 time = 0.001598, # ZDD nodes = 228, # elems = 536
Step 40 time = 0.001756, # ZDD nodes = 225, # elems = 683
Step 41 time = 0.001899, # ZDD nodes = 206, # elems = 825
Step 42 time = 0.001931, # ZDD nodes = 205, # elems = 957
Step 43 time = 0.001773, # ZDD nodes = 192, # elems = 979
Step 44 time = 0.001431, # ZDD nodes = 189, # elems = 804
Step 45 time = 0.001225, # ZDD nodes = 188, # elems = 504
Step 46 time = 0.001112, # ZDD nodes = 196, # elems = 249
Step 47 time = 0.001048, # ZDD nodes = 225, # elems = 136
Step 48 time = 0.001272, # ZDD nodes = 259, # elems = 174
Step 49 time = 0.002012, # ZDD nodes = 268, # elems = 434
Step 50 time = 0.002872, # ZDD nodes = 272, # elems = 1107
Step 51 time = 0.003703, # ZDD nodes = 305, # elems = 2297
Step 52 time = 0.004262, # ZDD nodes = 319, # elems = 3729
Step 53 time = 0.004447, # ZDD nodes = 325, # elems = 4764
Step 54 time = 0.004245, # ZDD nodes = 339, # elems = 4839
Step 55 time = 0.004392, # ZDD nodes = 363, # elems = 3929
Step 56 time = 0.003381, # ZDD nodes = 380, # elems = 2548
Step 57 time = 0.002912, # ZDD nodes = 379, # elems = 1317
Step 58 time = 0.002272, # ZDD nodes = 378, # elems = 554
Step 59 time = 0.001757, # ZDD nodes = 349, # elems = 215
Step 60 time = 0.001408, # ZDD nodes = 309, # elems = 109
Step 61 time = 0.001152, # ZDD nodes = 261, # elems = 97
Step 62 time = 0.001146, # ZDD nodes = 223, # elems = 133
Step 63 time = 0.001255, # ZDD nodes = 233, # elems = 223
Step 64 time = 0.001371, # ZDD nodes = 227, # elems = 370
Step 65 time = 0.001452, # ZDD nodes = 243, # elems = 536
Step 66 time = 0.001613, # ZDD nodes = 244, # elems = 683
Step 67 time = 0.001724, # ZDD nodes = 225, # elems = 825
Step 68 time = 0.001825, # ZDD nodes = 224, # elems = 957
Step 69 time = 0.001573, # ZDD nodes = 236, # elems = 980
Step 70 time = 0.001475, # ZDD nodes = 233, # elems = 812
Step 71 time = 0.001358, # ZDD nodes = 219, # elems = 532
Step 72 time = 0.001373, # ZDD nodes = 215, # elems = 305
Step 73 time = 0.001505, # ZDD nodes = 231, # elems = 204
Step 74 time = 0.001624, # ZDD nodes = 253, # elems = 205
Step 75 time = 0.001879, # ZDD nodes = 268, # elems = 316
Step 76 time = 0.002229, # ZDD nodes = 272, # elems = 586
Step 77 time = 0.002337, # ZDD nodes = 299, # elems = 967
Step 78 time = 0.002332, # ZDD nodes = 314, # elems = 1263
Step 79 time = 0.002351, # ZDD nodes = 317, # elems = 1282
Step 80 time = 0.002152, # ZDD nodes = 321, # elems = 1013
Step 81 time = 0.001885, # ZDD nodes = 329, # elems = 621
Step 82 time = 0.001597, # ZDD nodes = 318, # elems = 295
Step 83 time = 0.001356, # ZDD nodes = 281, # elems = 123
Step 84 time = 0.001155, # ZDD nodes = 249, # elems = 77
Step 85 time = 0.001119, # ZDD nodes = 206, # elems = 82
Step 86 time = 0.001201, # ZDD nodes = 185, # elems = 102
Step 87 time = 0.001425, # ZDD nodes = 218, # elems = 161
Step 88 time = 0.001716, # ZDD nodes = 234, # elems = 296
Step 89 time = 0.002083, # ZDD nodes = 252, # elems = 540
Step 90 time = 0.002511, # ZDD nodes = 259, # elems = 939
Step 91 time = 0.003033, # ZDD nodes = 284, # elems = 1498
Step 92 time = 0.003483, # ZDD nodes = 298, # elems = 2125
Step 93 time = 0.003849, # ZDD nodes = 298, # elems = 2727
Step 94 time = 0.004217, # ZDD nodes = 284, # elems = 3290
Step 95 time = 0.004292, # ZDD nodes = 255, # elems = 3718
Step 96 time = 0.003997, # ZDD nodes = 246, # elems = 3718
Step 97 time = 0.003495, # ZDD nodes = 227, # elems = 3081
Step 98 time = 0.002910, # ZDD nodes = 217, # elems = 2016
Step 99 time = 0.003494, # ZDD nodes = 201, # elems = 1009
Step 100 time = 0.002031, # ZDD nodes = 183, # elems = 386
Step 101 time = 0.001485, # ZDD nodes = 198, # elems = 140
Step 102 time = 0.001630, # ZDD nodes = 230, # elems = 141
Step 103 time = 0.003122, # ZDD nodes = 239, # elems = 399
Step 104 time = 0.003633, # ZDD nodes = 251, # elems = 1086
Step 105 time = 0.004685, # ZDD nodes = 292, # elems = 2290
Step 106 time = 0.005371, # ZDD nodes = 318, # elems = 3728
Step 107 time = 0.005328, # ZDD nodes = 345, # elems = 4764
Step 108 time = 0.004838, # ZDD nodes = 354, # elems = 4839
Step 109 time = 0.004122, # ZDD nodes = 375, # elems = 3929
Step 110 time = 0.003561, # ZDD nodes = 378, # elems = 2548
Step 111 time = 0.002851, # ZDD nodes = 361, # elems = 1317
Step 112 time = 0.002127, # ZDD nodes = 362, # elems = 554
Step 113 time = 0.001679, # ZDD nodes = 330, # elems = 215
Step 114 time = 0.001317, # ZDD nodes = 289, # elems = 109
Step 115 time = 0.001137, # ZDD nodes = 254, # elems = 97
Step 116 time = 0.001178, # ZDD nodes = 226, # elems = 133
Step 117 time = 0.001312, # ZDD nodes = 236, # elems = 223
Step 118 time = 0.001593, # ZDD nodes = 235, # elems = 370
Step 119 time = 0.001620, # ZDD nodes = 251, # elems = 536
Step 120 time = 0.001813, # ZDD nodes = 252, # elems = 683
Step 121 time = 0.001959, # ZDD nodes = 235, # elems = 825
Step 122 time = 0.002028, # ZDD nodes = 233, # elems = 957
Step 123 time = 0.001904, # ZDD nodes = 254, # elems = 980
Step 124 time = 0.001954, # ZDD nodes = 254, # elems = 812
Step 125 time = 0.001810, # ZDD nodes = 238, # elems = 532
Step 126 time = 0.001712, # ZDD nodes = 233, # elems = 305
Step 127 time = 0.001756, # ZDD nodes = 241, # elems = 204
Step 128 time = 0.001734, # ZDD nodes = 246, # elems = 205
Step 129 time = 0.001859, # ZDD nodes = 255, # elems = 316
Step 130 time = 0.002170, # ZDD nodes = 256, # elems = 586
Step 131 time = 0.002267, # ZDD nodes = 279, # elems = 967
Step 132 time = 0.002272, # ZDD nodes = 296, # elems = 1263
Step 133 time = 0.002292, # ZDD nodes = 305, # elems = 1282
Step 134 time = 0.002121, # ZDD nodes = 311, # elems = 1013
Step 135 time = 0.001821, # ZDD nodes = 319, # elems = 621
Step 136 time = 0.001543, # ZDD nodes = 311, # elems = 295
Step 137 time = 0.001312, # ZDD nodes = 279, # elems = 123
Step 138 time = 0.001148, # ZDD nodes = 247, # elems = 77
Step 139 time = 0.001075, # ZDD nodes = 197, # elems = 82
Step 140 time = 0.001095, # ZDD nodes = 178, # elems = 102
Step 141 time = 0.001328, # ZDD nodes = 217, # elems = 161
Step 142 time = 0.001661, # ZDD nodes = 234, # elems = 296
Step 143 time = 0.001993, # ZDD nodes = 247, # elems = 540
Step 144 time = 0.002284, # ZDD nodes = 253, # elems = 939
Step 145 time = 0.002641, # ZDD nodes = 282, # elems = 1498
Step 146 time = 0.002986, # ZDD nodes = 295, # elems = 2125
Step 147 time = 0.003347, # ZDD nodes = 292, # elems = 2727
Step 148 time = 0.003687, # ZDD nodes = 281, # elems = 3290
Step 149 time = 0.003659, # ZDD nodes = 254, # elems = 3718
Step 150 time = 0.003360, # ZDD nodes = 244, # elems = 3718
Step 151 time = 0.002890, # ZDD nodes = 256, # elems = 3082
Step 152 time = 0.002653, # ZDD nodes = 250, # elems = 2023
Step 153 time = 0.002155, # ZDD nodes = 232, # elems = 1030
Step 154 time = 0.001628, # ZDD nodes = 228, # elems = 421
Step 155 time = 0.001327, # ZDD nodes = 240, # elems = 173
Step 156 time = 0.001287, # ZDD nodes = 247, # elems = 137
Step 157 time = 0.001637, # ZDD nodes = 240, # elems = 260
Step 158 time = 0.002323, # ZDD nodes = 228, # elems = 558
Step 159 time = 0.002301, # ZDD nodes = 243, # elems = 959
Step 160 time = 0.002430, # ZDD nodes = 256, # elems = 1262
Step 161 time = 0.002370, # ZDD nodes = 281, # elems = 1282
Step 162 time = 0.002110, # ZDD nodes = 285, # elems = 1013
Step 163 time = 0.001711, # ZDD nodes = 297, # elems = 621
Step 164 time = 0.001460, # ZDD nodes = 298, # elems = 293
Step 165 time = 0.001235, # ZDD nodes = 266, # elems = 110
Step 166 time = 0.001034, # ZDD nodes = 226, # elems = 41
Step 167 time = 0.000732, # ZDD nodes = 164, # elems = 23
Step 168 time = 0.000622, # ZDD nodes = 128, # elems = 22
Step 169 time = 0.000588, # ZDD nodes = 137, # elems = 30
Step 170 time = 0.000724, # ZDD nodes = 128, # elems = 51
Step 171 time = 0.000843, # ZDD nodes = 150, # elems = 91
Step 172 time = 0.000929, # ZDD nodes = 157, # elems = 137
Step 173 time = 0.001004, # ZDD nodes = 150, # elems = 171
Step 174 time = 0.001121, # ZDD nodes = 162, # elems = 204
Step 175 time = 0.001152, # ZDD nodes = 164, # elems = 246
Step 176 time = 0.001050, # ZDD nodes = 150, # elems = 261
Step 177 time = 0.000843, # ZDD nodes = 148, # elems = 212
Step 178 time = 0.000749, # ZDD nodes = 133, # elems = 127
Step 179 time = 0.000687, # ZDD nodes = 137, # elems = 66
Step 180 time = 0.000698, # ZDD nodes = 149, # elems = 46
Step 181 time = 0.000775, # ZDD nodes = 152, # elems = 46
Step 182 time = 0.000880, # ZDD nodes = 163, # elems = 67
Step 183 time = 0.001107, # ZDD nodes = 189, # elems = 136
Step 184 time = 0.001397, # ZDD nodes = 200, # elems = 247
Step 185 time = 0.001478, # ZDD nodes = 211, # elems = 337
Step 186 time = 0.001437, # ZDD nodes = 236, # elems = 342
Step 187 time = 0.001460, # ZDD nodes = 250, # elems = 261
Step 188 time = 0.001257, # ZDD nodes = 234, # elems = 149
Step 189 time = 0.000997, # ZDD nodes = 220, # elems = 62
Step 190 time = 0.000770, # ZDD nodes = 192, # elems = 22
Step 191 time = 0.000642, # ZDD nodes = 133, # elems = 17
Step 192 time = 0.000574, # ZDD nodes = 105, # elems = 21
Step 193 time = 0.000584, # ZDD nodes = 126, # elems = 23
Step 194 time = 0.000674, # ZDD nodes = 148, # elems = 35
Step 195 time = 0.000830, # ZDD nodes = 168, # elems = 68
Step 196 time = 0.001080, # ZDD nodes = 169, # elems = 125
Step 197 time = 0.001266, # ZDD nodes = 200, # elems = 222
Step 198 time = 0.001491, # ZDD nodes = 225, # elems = 370
Step 199 time = 0.001647, # ZDD nodes = 238, # elems = 536
Step 200 time = 0.001813, # ZDD nodes = 235, # elems = 683
Step 201 time = 0.001996, # ZDD nodes = 216, # elems = 825
Step 202 time = 0.002099, # ZDD nodes = 215, # elems = 957
Step 203 time = 0.001931, # ZDD nodes = 203, # elems = 979
Step 204 time = 0.002619, # ZDD nodes = 178, # elems = 803
Step 205 time = 0.001248, # ZDD nodes = 145, # elems = 496
Step 206 time = 0.000926, # ZDD nodes = 104, # elems = 220
Step 207 time = 0.000614, # ZDD nodes = 87, # elems = 66
Step 208 time = 0.000320, # ZDD nodes = 63, # elems = 12
Step 209 time = 0.000122, # ZDD nodes = 35, # elems = 1
Step 210 time = 0.000024, # ZDD nodes = 0, # elems = 0
a 2 4 6 8 10 12 14 16 18 20 21 23 26 29 31 34 37 40 43 45 48 51 54 57 60 63 65 68 71 74 77 80 83 86 89
a 2 3 6 8 10 12 14 16 18 20 21 23 26 29 31 34 37 40 43 45 48 51 54 57 60 63 65 68 71 74 77 80 83 86 89
a 2 3 6 8 10 12 14 16 18 20 21 23 26 30 31 34 37 40 43 45 48 51 54 57 60 63 65 68 71 74 77 80 83 86 89
a 2 3 6 8 10 12 14 16 18 20 22 23 26 30 31 34 37 40 43 45 48 51 54 57 60 63 65 68 71 74 77 80 83 86 89
a 1 3 6 8 10 12 14 16 18 20 22 23 26 30 31 34 37 40 43 45 48 51 54 57 60 63 65 68 71 74 77 80 83 86 89
a 1 3 6 8 10 12 14 16 18 20 22 23 27 30 31 34 37 40 43 45 48 51 54 57 60 63 65 68 71 74 77 80 83 86 89
a 1 3 6 7 10 12 14 16 18 20 22 23 27 30 31 34 37 40 43 45 48 51 54 57 60 63 65 68 71 74 77 80 83 86 89
a 1 3 6 7 10 12 14 16 18 20 22 23 27 30 31 34 37 40 44 45 48 51 54 57 60 63 65 68 71 74 77 80 83 86 89
a 1 3 6 7 10 12 14 16 18 20 22 24 27 30 31 34 37 40 44 45 48 51 54 57 60 63 65 68 71 74 77 80 83 86 89
a 1 3 5 7 10 12 14 16 18 20 22 24 27 30 31 34 37 40 44 45 48 51 54 57 60 63 65 68 71 74 77 80 83 86 89
a 1 3 5 7 10 12 14 16 18 20 22 24 27 30 31 34 37 41 44 45 48 51 54 57 60 63 65 68 71 74 77 80 83 86 89
a 1 3 5 7 10 12 14 16 18 20 22 24 27 28 31 34 37 41 44 45 48 51 54 57 60 63 65 68 71 74 77 80 83 86 89
a 1 3 5 7 10 12 14 16 18 20 22 24 25 28 31 34 37 41 44 45 48 51 54 57 60 63 65 68 71 74 77 80 83 86 89
a 2 3 5 7 10 12 14 16 18 20 22 24 25 28 31 34 37 41 44 45 48 51 54 57 60 63 65 68 71 74 77 80 83 86 89
a 2 3 5 7 10 12 14 16 18 20 21 24 25 28 31 34 37 41 44 45 48 51 54 57 60 63 65 68 71 74 77 80 83 86 89
a 2 4 5 7 10 12 14 16 18 20 21 24 25 28 31 34 37 41 44 45 48 51 54 57 60 63 65 68 71 74 77 80 83 86 89
a 2 4 5 7 10 12 14 16 18 20 21 24 25 28 31 34 38 41 44 45 48 51 54 57 60 63 65 68 71 74 77 80 83 86 89
a 2 4 5 7 10 12 14 16 18 20 21 24 25 28 31 35 38 41 44 45 48 51 54 57 60 63 65 68 71 74 77 80 83 86 89
a 2 4 5 7 10 11 14 16 18 20 21 24 25 28 31 35 38 41 44 45 48 51 54 57 60 63 65 68 71 74 77 80 83 86 89
a 2 4 5 7 10 11 14 16 18 20 21 24 25 28 31 35 38 41 44 45 48 51 54 57 60 64 65 68 71 74 77 80 83 86 89
a 2 4 5 7 10 11 14 16 18 20 21 24 25 28 32 35 38 41 44 45 48 51 54 57 60 64 65 68 71 74 77 80 83 86 89
a 2 4 5 7 9 11 14 16 18 20 21 24 25 28 32 35 38 41 44 45 48 51 54 57 60 64 65 68 71 74 77 80 83 86 89
a 2 4 5 7 9 11 14 16 18 20 21 24 25 28 32 35 38 41 44 45 48 51 54 57 61 64 65 68 71 74 77 80 83 86 89
a 2 4 5 7 9 11 14 16 18 20 21 24 25 28 32 35 38 41 42 45 48 51 54 57 61 64 65 68 71 74 77 80 83 86 89
a 2 4 5 7 9 11 14 16 18 20 21 24 25 28 32 35 38 39 42 45 48 51 54 57 61 64 65 68 71 74 77 80 83 86 89
a 2 4 5 7 9 11 14 16 18 20 21 24 25 28 32 35 36 39 42 45 48 51 54 57 61 64 65 68 71 74 77 80 83 86 89
a 2 4 5 7 9 11 14 16 18 20 21 24 25 28 32 33 36 39 42 45 48 51 54 57 61 64 65 68 71 74 77 80 83 86 89
a 2 3 5 7 9 11 14 16 18 20 21 24 25 28 32 33 36 39 42 45 48 51 54 57 61 64 65 68 71 74 77 80 83 86 89
a 2 3 5 7 9 11 14 16 18 20 21 24 25 30 32 33 36 39 42 45 48 51 54 57 61 64 65 68 71 74 77 80 83 86 89
a 2 3 5 7 9 11 14 16 18 20 22 24 25 30 32 33 36 39 42 45 48 51 54 57 61 64 65 68 71 74 77 80 83 86 89
a 1 3 5 7 9 11 14 16 18 20 22 24 25 30 32 33 36 39 42 45 48 51 54 57 61 64 65 68 71 74 77 80 83 86 89
a 1 3 5 7 9 11 14 16 18 20 22 24 27 30 32 33 36 39 42 45 48 51 54 57 61 64 65 68 71 74 77 80 83 86 89
a 1 3 6 7 9 11 14 16 18 20 22 24 27 30 32 33 36 39 42 45 48 51 54 57 61 64 65 68 71 74 77 80 83 86 89
a 1 3 6 7 9 11 14 16 18 20 22 23 27 30 32 33 36 39 42 45 48 51 54 57 61 64 65 68 71 74 77 80 83 86 89
a 1 3 6 8 9 11 14 16 18 20 22 23 27 30 32 33 36 39 42 45 48 51 54 57 61 64 65 68 71 74 77 80 83 86 89
a 1 3 6 8 9 11 14 16 18 20 22 23 27 30 32 33 36 39 42 45 48 51 54 58 61 64 65 68 71 74 77 80 83 86 89
a 1 3 6 8 9 11 14 16 18 20 22 23 27 30 32 33 36 39 42 45 48 51 55 58 61 64 65 68 71 74 77 80 83 86 89
a 1 3 6 8 9 11 14 16 18 20 22 23 27 29 32 33 36 39 42 45 48 51 55 58 61 64 65 68 71 74 77 80 83 86 89
a 1 3 6 8 9 11 14 16 18 20 22 23 26 29 32 33 36 39 42 45 48 51 55 58 61 64 65 68 71 74 77 80 83 86 89
a 2 3 6 8 9 11 14 16 18 20 22 23 26 29 32 33 36 39 42 45 48 51 55 58 61 64 65 68 71 74 77 80 83 86 89
a 2 3 6 8 9 11 14 16 18 20 21 23 26 29 32 33 36 39 42 45 48 51 55 58 61 64 65 68 71 74 77 80 83 86 89
a 2 4 6 8 9 11 14 16 18 20 21 23 26 29 32 33 36 39 42 45 48 51 55 58 61 64 65 68 71 74 77 80 83 86 89
a 2 4 6 8 9 11 14 16 18 20 21 23 26 29 32 33 36 39 42 45 48 52 55 58 61 64 65 68 71 74 77 80 83 86 89
a 2 4 6 8 9 11 14 16 18 20 21 23 26 29 32 33 36 39 42 45 49 52 55 58 61 64 65 68 71 74 77 80 83 86 89
a 2 4 6 8 9 11 14 15 18 20 21 23 26 29 32 33 36 39 42 45 49 52 55 58 61 64 65 68 71 74 77 80 83 86 89
a 2 4 6 8 9 11 14 15 18 20 21 23 26 29 32 33 36 39 42 45 49 52 55 58 61 64 65 68 71 74 77 80 83 86 90
a 2 4 6 8 9 11 14 15 18 20 21 23 26 29 32 33 36 39 42 46 49 52 55 58 61 64 65 68 71 74 77 80 83 86 90
a 2 4 6 8 9 11 13 15 18 20 21 23 26 29 32 33 36 39 42 46 49 52 55 58 61 64 65 68 71 74 77 80 83 86 90
a 2 4 6 8 9 11 13 15 18 20 21 23 26 29 32 33 36 39 42 46 49 52 55 58 61 64 65 68 71 74 77 80 83 87 90
a 2 4 6 8 9 11 13 15 18 20 21 23 26 29 32 33 36 39 42 46 49 52 55 58 61 62 65 68 71 74 77 80 83 87 90
a 2 4 6 8 9 11 13 15 18 20 21 23 26 29 32 33 36 39 42 46 49 52 55 58 59 62 65 68 71 74 77 80 83 87 90
a 2 4 6 8 9 11 13 15 18 20 21 23 26 29 32 33 36 39 42 46 49 52 55 56 59 62 65 68 71 74 77 80 83 87 90
a 2 4 6 8 9 11 13 15 18 20 21 23 26 29 32 33 36 39 42 46 49 52 53 56 59 62 65 68 71 74 77 80 83 87 90
a 2 4 6 8 9 11 13 15 18 20 21 23 26 29 32 33 36 39 42 46 49 50 53 56 59 62 65 68 71 74 77 80 83 87 90
a 2 4 6 8 9 11 13 15 18 20 21 23 26 29 32 33 36 39 42 46 47 50 53 56 59 62 65 68 71 74 77 80 83 87 90
a 2 3 6 8 9 11 13 15 18 20 21 23 26 29 32 33 36 39 42 46 47 50 53 56 59 62 65 68 71 74 77 80 83 87 90
a 2 3 6 8 9 11 13 15 18 20 21 23 26 30 32 33 36 39 42 46 47 50 53 56 59 62 65 68 71 74 77 80 83 87 90
a 2 3 6 8 9 11 13 15 18 20 22 23 26 30 32 33 36 39 42 46 47 50 53 56 59 62 65 68 71 74 77 80 83 87 90
a 1 3 6 8 9 11 13 15 18 20 22 23 26 30 32 33 36 39 42 46 47 50 53 56 59 62 65 68 71 74 77 80 83 87 90
a 1 3 6 8 9 11 13 15 18 20 22 23 27 30 32 33 36 39 42 46 47 50 53 56 59 62 65 68 71 74 77 80 83 87 90
a 1 3 6 7 9 11 13 15 18 20 22 23 27 30 32 33 36 39 42 46 47 50 53 56 59 62 65 68 71 74 77 80 83 87 90
a 1 3 6 7 9 11 13 15 18 20 22 23 27 30 32 33 36 39 44 46 47 50 53 56 59 62 65 68 71 74 77 80 83 87 90
a 1 3 6 7 9 11 13 15 18 20 22 24 27 30 32 33 36 39 44 46 47 50 53 56 59 62 65 68 71 74 77 80 83 87 90
a 1 3 5 7 9 11 13 15 18 20 22 24 27 30 32 33 36 39 44 46 47 50 53 56 59 62 65 68 71 74 77 80 83 87 90
a 1 3 5 7 9 11 13 15 18 20 22 24 27 30 32 33 36 41 44 46 47 50 53 56 59 62 65 68 71 74 77 80 83 87 90
a 1 3 5 7 9 11 13 15 18 20 22 24 27 28 32 33 36 41 44 46 47 50 53 56 59 62 65 68 71 74 77 80 83 87 90
a 1 3 5 7 9 11 13 15 18 20 22 24 25 28 32 33 36 41 44 46 47 50 53 56 59 62 65 68 71 74 77 80 83 87 90
a 2 3 5 7 9 11 13 15 18 20 22 24 25 28 32 33 36 41 44 46 47 50 53 56 59 62 65 68 71 74 77 80 83 87 90
a 2 3 5 7 9 11 13 15 18 20 21 24 25 28 32 33 36 41 44 46 47 50 53 56 59 62 65 68 71 74 77 80 83 87 90
a 2 4 5 7 9 11 13 15 18 20 21 24 25 28 32 33 36 41 44 46 47 50 53 56 59 62 65 68 71 74 77 80 83 87 90
a 2 4 5 7 9 11 13 15 18 20 21 24 25 28 32 33 38 41 44 46 47 50 53 56 59 62 65 68 71 74 77 80 83 87 90
a 2 4 5 7 9 11 13 15 18 20 21 24 25 28 32 35 38 41 44 46 47 50 53 56 59 62 65 68 71 74 77 80 83 87 90
a 2 4 5 7 10 11 13 15 18 20 21 24 25 28 32 35 38 41 44 46 47 50 53 56 59 62 65 68 71 74 77 80 83 87 90
a 2 4 5 7 10 11 13 15 18 20 21 24 25 28 31 35 38 41 44 46 47 50 53 56 59 62 65 68 71 74 77 80 83 87 90
a 2 4 5 7 10 12 13 15 18 20 21 24 25 28 31 35 38 41 44 46 47 50 53 56 59 62 65 68 71 74 77 80 83 87 90
a 2 4 5 7 10 12 13 15 18 20 21 24 25 28 31 35 38 41 44 46 47 50 53 56 59 62 65 68 71 74 77 80 84 87 90
a 2 4 5 7 10 12 13 15 18 20 21 24 25 28 31 35 38 41 44 46 47 50 53 56 59 62 65 68 71 74 77 81 84 87 90
a 2 4 5 7 10 12 13 15 18 20 21 24 25 28 31 35 38 41 43 46 47 50 53 56 59 62 65 68 71 74 77 81 84 87 90
a 2 4 5 7 10 12 13 15 18 20 21 24 25 28 31 35 38 40 43 46 47 50 53 56 59 62 65 68 71 74 77 81 84 87 90
a 2 4 5 7 10 12 13 15 18 20 21 24 25 28 31 35 37 40 43 46 47 50 53 56 59 62 65 68 71 74 77 81 84 87 90
a 2 4 5 7 10 12 13 15 18 20 21 24 25 28 31 34 37 40 43 46 47 50 53 56 59 62 65 68 71 74 77 81 84 87 90
a 2 3 5 7 10 12 13 15 18 20 21 24 25 28 31 34 37 40 43 46 47 50 53 56 59 62 65 68 71 74 77 81 84 87 90
a 2 3 5 7 10 12 13 15 18 20 21 24 25 30 31 34 37 40 43 46 47 50 53 56 59 62 65 68 71 74 77 81 84 87 90
a 2 3 5 7 10 12 13 15 18 20 22 24 25 30 31 34 37 40 43 46 47 50 53 56 59 62 65 68 71 74 77 81 84 87 90
a 1 3 5 7 10 12 13 15 18 20 22 24 25 30 31 34 37 40 43 46 47 50 53 56 59 62 65 68 71 74 77 81 84 87 90
a 1 3 5 7 10 12 13 15 18 20 22 24 27 30 31 34 37 40 43 46 47 50 53 56 59 62 65 68 71 74 77 81 84 87 90
a 1 3 6 7 10 12 13 15 18 20 22 24 27 30 31 34 37 40 43 46 47 50 53 56 59 62 65 68 71 74 77 81 84 87 90
a 1 3 6 7 10 12 13 15 18 20 22 23 27 30 31 34 37 40 43 46 47 50 53 56 59 62 65 68 71 74 77 81 84 87 90
a 1 3 6 8 10 12 13 15 18 20 22 23 27 30 31 34 37 40 43 46 47 50 53 56 59 62 65 68 71 74 77 81 84 87 90
a 1 3 6 8 10 12 13 15 18 20 22 23 27 30 31 34 37 40 43 46 47 50 53 56 59 62 65 68 71 74 78 81 84 87 90
a 1 3 6 8 10 12 13 15 18 20 22 23 27 30 31 34 37 40 43 46 47 50 53 56 59 62 65 68 71 75 78 81 84 87 90
a 1 3 6 8 10 12 13 15 18 20 22 23 27 29 31 34 37 40 43 46 47 50 53 56 59 62 65 68 71 75 78 81 84 87 90
a 1 3 6 8 10 12 13 15 18 20 22 23 26 29 31 34 37 40 43 46 47 50 53 56 59 62 65 68 71 75 78 81 84 87 90
a 2 3 6 8 10 12 13 15 18 20 22 23 26 29 31 34 37 40 43 46 47 50 53 56 59 62 65 68 71 75 78 81 84 87 90
a 2 3 6 8 10 12 13 15 18 20 21 23 26 29 31 34 37 40 43 46 47 50 53 56 59 62 65 68 71 75 78 81 84 87 90
a 2 4 6 8 10 12 13 15 18 20 21 23 26 29 31 34 37 40 43 46 47 50 53 56 59 62 65 68 71 75 78 81 84 87 90
a 2 4 6 8 10 12 13 15 18 20 21 23 26 29 31 34 37 40 43 46 47 50 53 56 59 62 65 68 72 75 78 81 84 87 90
a 2 4 6 8 10 12 13 15 18 20 21 23 26 29 31 34 37 40 43 46 47 50 53 56 59 62 65 69 72 75 78 81 84 87 90
a 2 4 6 8 10 12 13 15 18 19 21 23 26 29 31 34 37 40 43 46 47 50 53 56 59 62 65 69 72 75 78 81 84 87 90
a 2 4 6 8 10 12 13 15 18 19 21 23 26 29 31 34 37 40 43 46 47 50 53 56 59 62 66 69 72 75 78 81 84 87 90
a 2 4 6 8 10 12 13 15 17 19 21 23 26 29 31 34 37 40 43 46 47 50 53 56 59 62 66 69 72 75 78 81 84 87 90
a 2 4 6 8 10 12 13 15 17 19 21 23 26 29 31 34 37 40 43 46 47 50 53 56 59 62 66 69 72 75 78 81 84 87 88
a 2 4 6 8 10 12 13 15 17 19 21 23 26 29 31 34 37 40 43 46 47 50 53 56 59 62 66 69 72 75 78 81 84 85 88
a 2 4 6 8 10 12 13 15 17 19 21 23 26 29 31 34 37 40 43 46 47 50 53 56 59 62 66 69 72 75 78 81 82 85 88
a 2 4 6 8 10 12 13 15 17 19 21 23 26 29 31 34 37 40 43 46 47 50 53 56 59 62 66 69 72 75 78 79 82 85 88
a 2 4 6 8 10 12 13 15 17 19 21 23 26 29 31 34 37 40 43 46 47 50 53 56 59 62 66 69 72 75 76 79 82 85 88
a 2 4 6 8 10 12 13 15 17 19 21 23 26 29 31 34 37 40 43 46 47 50 53 56 59 62 66 69 72 73 76 79 82 85 88
a 2 4 6 8 10 12 13 15 17 19 21 23 26 29 31 34 37 40 43 46 47 50 53 56 59 62 66 69 70 73 76 79 82 85 88
a 2 4 6 8 10 12 13 15 17 19 21 23 26 29 31 34 37 40 43 46 47 50 53 56 59 62 66 67 70 73 76 79 82 85 88
a 2 3 6 8 10 12 13 15 17 19 21 23 26 29 31 34 37 40 43 46 47 50 53 56 59 62 66 67 70 73 76 79 82 85 88
a 2 3 6 8 10 12 13 15 17 19 21 23 26 30 31 34 37 40 43 46 47 50 53 56 59 62 66 67 70 73 76 79 82 85 88
a 2 3 6 8 10 12 13 15 17 19 22 23 26 30 31 34 37 40 43 46 47 50 53 56 59 62 66 67 70 73 76 79 82 85 88
a 1 3 6 8 10 12 13 15 17 19 22 23 26 30 31 34 37 40 43 46 47 50 53 56 59 62 66 67 70 73 76 79 82 85 88
a 1 3 6 8 10 12 13 15 17 19 22 23 27 30 31 34 37 40 43 46 47 50 53 56 59 62 66 67 70 73 76 79 82 85 88
a 1 3 6 7 10 12 13 15 17 19 22 23 27 30 31 34 37 40 43 46 47 50 53 56 59 62 66 67 70 73 76 79 82 85 88
a 1 3 6 7 10 12 13 15 17 19 22 23 27 30 31 34 37 40 44 46 47 50 53 56 59 62 66 67 70 73 76 79 82 85 88
a 1 3 6 7 10 12 13 15 17 19 22 24 27 30 31 34 37 40 44 46 47 50 53 56 59 62 66 67 70 73 76 79 82 85 88
a 1 3 5 7 10 12 13 15 17 19 22 24 27 30 31 34 37 40 44 46 47 50 53 56 59 62 66 67 70 73 76 79 82 85 88
a 1 3 5 7 10 12 13 15 17 19 22 24 27 30 31 34 37 41 44 46 47 50 53 56 59 62 66 67 70 73 76 79 82 85 88
a 1 3 5 7 10 12 13 15 17 19 22 24 27 28 31 34 37 41 44 46 47 50 53 56 59 62 66 67 70 73 76 79 82 85 88
a 1 3 5 7 10 12 13 15 17 19 22 24 25 28 31 34 37 41 44 46 47 50 53 56 59 62 66 67 70 73 76 79 82 85 88
a 2 3 5 7 10 12 13 15 17 19 22 24 25 28 31 34 37 41 44 46 47 50 53 56 59 62 66 67 70 73 76 79 82 85 88
a 2 3 5 7 10 12 13 15 17 19 21 24 25 28 31 34 37 41 44 46 47 50 53 56 59 62 66 67 70 73 76 79 82 85 88
a 2 4 5 7 10 12 13 15 17 19 21 24 25 28 31 34 37 41 44 46 47 50 53 56 59 62 66 67 70 73 76 79 82 85 88
a 2 4 5 7 10 12 13 15 17 19 21 24 25 28 31 34 38 41 44 46 47 50 53 56 59 62 66 67 70 73 76 79 82 85 88
a 2 4 5 7 10 12 13 15 17 19 21 24 25 28 31 35 38 41 44 46 47 50 53 56 59 62 66 67 70 73 76 79 82 85 88
a 2 4 5 7 10 11 13 15 17 19 21 24 25 28 31 35 38 41 44 46 47 50 53 56 59 62 66 67 70 73 76 79 82 85 88
a 2 4 5 7 10 11 13 15 17 19 21 24 25 28 31 35 38 41 44 46 47 50 53 56 59 64 66 67 70 73 76 79 82 85 88
a 2 4 5 7 10 11 13 15 17 19 21 24 25 28 32 35 38 41 44 46 47 50 53 56 59 64 66 67 70 73 76 79 82 85 88
a 2 4 5 7 9 11 13 15 17 19 21 24 25 28 32 35 38 41 44 46 47 50 53 56 59 64 66 67 70 73 76 79 82 85 88
a 2 4 5 7 9 11 13 15 17 19 21 24 25 28 32 35 38 41 44 46 47 50 53 56 61 64 66 67 70 73 76 79 82 85 88
a 2 4 5 7 9 11 13 15 17 19 21 24 25 28 32 35 38 41 42 46 47 50 53 56 61 64 66 67 70 73 76 79 82 85 88
a 2 4 5 7 9 11 13 15 17 19 21 24 25 28 32 35 38 39 42 46 47 50 53 56 61 64 66 67 70 73 76 79 82 85 88
a 2 4 5 7 9 11 13 15 17 19 21 24 25 28 32 35 36 39 42 46 47 50 53 56 61 64 66 67 70 73 76 79 82 85 88
a 2 4 5 7 9 11 13 15 17 19 21 24 25 28 32 33 36 39 42 46 47 50 53 56 61 64 66 67 70 73 76 79 82 85 88
a 2 3 5 7 9 11 13 15 17 19 21 24 25 28 32 33 36 39 42 46 47 50 53 56 61 64 66 67 70 73 76 79 82 85 88
a 2 3 5 7 9 11 13 15 17 19 21 24 25 30 32 33 36 39 42 46 47 50 53 56 61 64 66 67 70 73 76 79 82 85 88
a 2 3 5 7 9 11 13 15 17 19 22 24 25 30 32 33 36 39 42 46 47 50 53 56 61 64 66 67 70 73 76 79 82 85 88
a 1 3 5 7 9 11 13 15 17 19 22 24 25 30 32 33 36 39 42 46 47 50 53 56 61 64 66 67 70 73 76 79 82 85 88
a 1 3 5 7 9 11 13 15 17 19 22 24 27 30 32 33 36 39 42 46 47 50 53 56 61 64 66 67 70 73 76 79 82 85 88
a 1 3 6 7 9 11 13 15 17 19 22 24 27 30 32 33 36 39 42 46 47 50 53 56 61 64 66 67 70 73 76 79 82 85 88
a 1 3 6 7 9 11 13 15 17 19 22 23 27 30 32 33 36 39 42 46 47 50 53 56 61 64 66 67 70 73 76 79 82 85 88
a 1 3 6 8 9 11 13 15 17 19 22 23 27 30 32 33 36 39 42 46 47 50 53 56 61 64 66 67 70 73 76 79 82 85 88
a 1 3 6 8 9 11 13 15 17 19 22 23 27 30 32 33 36 39 42 46 47 50 53 58 61 64 66 67 70 73 76 79 82 85 88
a 1 3 6 8 9 11 13 15 17 19 22 23 27 30 32 33 36 39 42 46 47 50 55 58 61 64 66 67 70 73 76 79 82 85 88
a 1 3 6 8 9 11 13 15 17 19 22 23 27 29 32 33 36 39 42 46 47 50 55 58 61 64 66 67 70 73 76 79 82 85 88
a 1 3 6 8 9 11 13 15 17 19 22 23 26 29 32 33 36 39 42 46 47 50 55 58 61 64 66 67 70 73 76 79 82 85 88
a 2 3 6 8 9 11 13 15 17 19 22 23 26 29 32 33 36 39 42 46 47 50 55 58 61 64 66 67 70 73 76 79 82 85 88
a 2 3 6 8 9 11 13 15 17 19 21 23 26 29 32 33 36 39 42 46 47 50 55 58 61 64 66 67 70 73 76 79 82 85 88
a 2 4 6 8 9 11 13 15 17 19 21 23 26 29 32 33 36 39 42 46 47 50 55 58 61 64 66 67 70 73 76 79 82 85 88
a 2 4 6 8 9 11 13 15 17 19 21 23 26 29 32 33 36 39 42 46 47 52 55 58 61 64 66 67 70 73 76 79 82 85 88
a 2 4 6 8 9 11 13 15 17 19 21 23 26 29 32 33 36 39 42 46 49 52 55 58 61 64 66 67 70 73 76 79 82 85 88
a 2 4 6 8 9 11 14 15 17 19 21 23 26 29 32 33 36 39 42 46 49 52 55 58 61 64 66 67 70 73 76 79 82 85 88
a 2 4 6 8 9 11 14 15 17 19 21 23 26 29 32 33 36 39 42 45 49 52 55 58 61 64 66 67 70 73 76 79 82 85 88
a 2 4 6 8 9 11 14 16 17 19 21 23 26 29 32 33 36 39 42 45 49 52 55 58 61 64 66 67 70 73 76 79 82 85 88
a 2 4 6 8 9 11 14 16 17 19 21 23 26 29 32 33 36 39 42 45 49 52 55 58 61 63 66 67 70 73 76 79 82 85 88
a 2 4 6 8 9 11 14 16 17 19 21 23 26 29 32 33 36 39 42 45 49 52 55 58 60 63 66 67 70 73 76 79 82 85 88
a 2 4 6 8 9 11 14 16 17 19 21 23 26 29 32 33 36 39 42 45 49 52 55 57 60 63 66 67 70 73 76 79 82 85 88
a 2 4 6 8 9 11 14 16 17 19 21 23 26 29 32 33 36 39 42 45 49 52 54 57 60 63 66 67 70 73 76 79 82 85 88
a 2 4 6 8 9 11 14 16 17 19 21 23 26 29 32 33 36 39 42 45 49 51 54 57 60 63 66 67 70 73 76 79 82 85 88
a 2 4 6 8 9 11 14 16 17 19 21 23 26 29 32 33 36 39 42 45 48 51 54 57 60 63 66 67 70 73 76 79 82 85 88
a 2 3 6 8 9 11 14 16 17 19 21 23 26 29 32 33 36 39 42 45 48 51 54 57 60 63 66 67 70 73 76 79 82 85 88
a 2 3 6 8 9 11 14 16 17 19 21 23 26 30 32 33 36 39 42 45 48 51 54 57 60 63 66 67 70 73 76 79 82 85 88
a 2 3 6 8 9 11 14 16 17 19 22 23 26 30 32 33 36 39 42 45 48 51 54 57 60 63 66 67 70 73 76 79 82 85 88
a 1 3 6 8 9 11 14 16 17 19 22 23 26 30 32 33 36 39 42 45 48 51 54 57 60 63 66 67 70 73 76 79 82 85 88
a 1 3 6 8 9 11 14 16 17 19 22 23 27 30 32 33 36 39 42 45 48 51 54 57 60 63 66 67 70 73 76 79 82 85 88
a 1 3 6 7 9 11 14 16 17 19 22 23 27 30 32 33 36 39 42 45 48 51 54 57 60 63 66 67 70 73 76 79 82 85 88
a 1 3 6 7 9 11 14 16 17 19 22 23 27 30 32 33 36 39 44 45 48 51 54 57 60 63 66 67 70 73 76 79 82 85 88
a 1 3 6 7 9 11 14 16 17 19 22 24 27 30 32 33 36 39 44 45 48 51 54 57 60 63 66 67 70 73 76 79 82 85 88
a 1 3 5 7 9 11 14 16 17 19 22 24 27 30 32 33 36 39 44 45 48 51 54 57 60 63 66 67 70 73 76 79 82 85 88
a 1 3 5 7 9 11 14 16 17 19 22 24 27 30 32 33 36 41 44 45 48 51 54 57 60 63 66 67 70 73 76 79 82 85 88
a 1 3 5 7 9 11 14 16 17 19 22 24 27 28 32 33 36 41 44 45 48 51 54 57 60 63 66 67 70 73 76 79 82 85 88
a 1 3 5 7 9 11 14 16 17 19 22 24 25 28 32 33 36 41 44 45 48 51 54 57 60 63 66 67 70 73 76 79 82 85 88
a 2 3 5 7 9 11 14 16 17 19 22 24 25 28 32 33 36 41 44 45 48 51 54 57 60 63 66 67 70 73 76 79 82 85 88
a 2 3 5 7 9 11 14 16 17 19 21 24 25 28 32 33 36 41 44 45 48 51 54 57 60 63 66 67 70 73 76 79 82 85 88
a 2 4 5 7 9 11 14 16 17 19 21 24 25 28 32 33 36 41 44 45 48 51 54 57 60 63 66 67 70 73 76 79 82 85 88
a 2 4 5 7 9 11 14 16 17 19 21 24 25 28 32 33 38 41 44 45 48 51 54 57 60 63 66 67 70 73 76 79 82 85 88
a 2 4 5 7 9 11 14 16 17 19 21 24 25 28 32 35 38 41 44 45 48 51 54 57 60 63 66 67 70 73 76 79 82 85 88
a 2 4 5 7 10 11 14 16 17 19 21 24 25 28 32 35 38 41 44 45 48 51 54 57 60 63 66 67 70 73 76 79 82 85 88
a 2 4 5 7 10 11 14 16 17 19 21 24 25 28 31 35 38 41 44 45 48 51 54 57 60 63 66 67 70 73 76 79 82 85 88
a 2 4 5 7 10 12 14 16 17 19 21 24 25 28 31 35 38 41 44 45 48 51 54 57 60 63 66 67 70 73 76 79 82 85 88
a 2 4 5 7 10 12 14 16 17 19 21 24 25 28 31 35 38 41 44 45 48 51 54 57 60 63 66 67 70 73 76 79 84 85 88
a 2 4 5 7 10 12 14 16 17 19 21 24 25 28 31 35 38 41 44 45 48 51 54 57 60 63 66 67 70 73 76 81 84 85 88
a 2 4 5 7 10 12 14 16 17 19 21 24 25 28 31 35 38 41 43 45 48 51 54 57 60 63 66 67 70 73 76 81 84 85 88
a 2 4 5 7 10 12 14 16 17 19 21 24 25 28 31 35 38 40 43 45 48 51 54 57 60 63 66 67 70 73 76 81 84 85 88
a 2 4 5 7 10 12 14 16 17 19 21 24 25 28 31 35 37 40 43 45 48 51 54 57 60 63 66 67 70 73 76 81 84 85 88
a 2 4 5 7 10 12 14 16 17 19 21 24 25 28 31 34 37 40 43 45 48 51 54 57 60 63 66 67 70 73 76 81 84 85 88
a 2 3 5 7 10 12 14 16 17 19 21 24 25 28 31 34 37 40 43 45 48 51 54 57 60 63 66 67 70 73 76 81 84 85 88
a 2 3 5 7 10 12 14 16 17 19 21 24 25 30 31 34 37 40 43 45 48 51 54 57 60 63 66 67 70 73 76 81 84 85 88
a 2 3 5 7 10 12 14 16 17 19 22 24 25 30 31 34 37 40 43 45 48 51 54 57 60 63 66 67 70 73 76 81 84 85 88
a 1 3 5 7 10 12 14 16 17 19 22 24 25 30 31 34 37 40 43 45 48 51 54 57 60 63 66 67 70 73 76 81 84 85 88
a 1 3 5 7 10 12 14 16 17 19 22 24 27 30 31 34 37 40 43 45 48 51 54 57 60 63 66 67 70 73 76 81 84 85 88
a 1 3 6 7 10 12 14 16 17 19 22 24 27 30 31 34 37 40 43 45 48 51 54 57 60 63 66 67 70 73 76 81 84 85 88
a 1 3 6 7 10 12 14 16 17 19 22 23 27 30 31 34 37 40 43 45 48 51 54 57 60 63 66 67 70 73 76 81 84 85 88
a 1 3 6 8 10 12 14 16 17 19 22 23 27 30 31 34 37 40 43 45 48 51 54 57 60 63 66 67 70 73 76 81 84 85 88
a 1 3 6 8 10 12 14 16 17 19 22 23 27 30 31 34 37 40 43 45 48 51 54 57 60 63 66 67 70 73 78 81 84 85 88
a 1 3 6 8 10 12 14 16 17 19 22 23 27 30 31 34 37 40 43 45 48 51 54 57 60 63 66 67 70 75 78 81 84 85 88
a 1 3 6 8 10 12 14 16 17 19 22 23 27 29 31 34 37 40 43 45 48 51 54 57 60 63 66 67 70 75 78 81 84 85 88
a 1 3 6 8 10 12 14 16 17 19 22 23 26 29 31 34 37 40 43 45 48 51 54 57 60 63 66 67 70 75 78 81 84 85 88
a 2 3 6 8 10 12 14 16 17 19 22 23 26 29 31 34 37 40 43 45 48 51 54 57 60 63 66 67 70 75 78 81 84 85 88
a 2 3 6 8 10 12 14 16 17 19 21 23 26 29 31 34 37 40 43 45 48 51 54 57 60 63 66 67 70 75 78 81 84 85 88
a 2 4 6 8 10 12 14 16 17 19 21 23 26 29 31 34 37 40 43 45 48 51 54 57 60 63 66 67 70 75 78 81 84 85 88
a 2 4 6 8 10 12 14 16 17 19 21 23 26 29 31 34 37 40 43 45 48 51 54 57 60 63 66 67 72 75 78 81 84 85 88
a 2 4 6 8 10 12 14 16 17 19 21 23 26 29 31 34 37 40 43 45 48 51 54 57 60 63 66 69 72 75 78 81 84 85 88
a 2 4 6 8 10 12 14 16 17 19 21 23 26 29 31 34 37 40 43 45 48 51 54 58 60 63 66 69 72 75 78 81 84 85 88
a 2 4 6 8 10 12 14 16 17 19 21 23 26 29 31 34 37 40 43 45 48 51 55 58 60 63 66 69 72 75 78 81 84 85 88
a 2 4 6 8 10 12 14 16 17 19 21 23 26 29 31 34 37 40 43 45 48 52 55 58 60 63 66 69 72 75 78 81 84 85 88
a 2 4 6 8 10 12 14 16 17 19 21 23 26 29 31 34 37 40 43 45 49 52 55 58 60 63 66 69 72 75 78 81 84 85 88
a 2 4 6 8 10 12 14 16 17 19 21 23 26 29 31 34 38 40 43 45 49 52 55 58 60 63 66 69 72 75 78 81 84 85 88
a 2 4 6 8 10 12 14 16 17 19 21 23 26 29 31 35 38 40 43 45 49 52 55 58 60 63 66 69 72 75 78 81 84 85 88
Reconfiguration time = 0.684567
	Command being timed: "timeout 20m ../ddreconf/ddreconf ../benchmark_instances/2023result/docs/solver/benchmark/exp_instance/SAT_exp_instance010.col --stfile=../benchmark_instances/2023result/docs/solver/benchmark/exp_instance/SAT_exp_instance010_01.dat --tj --indset --longest"
	User time (seconds): 45.90
	System time (seconds): 2.21
	Percent of CPU this job got: 99%
	Elapsed (wall clock) time (h:mm:ss or m:ss): 0:48.21
	Average shared text size (kbytes): 0
	Average unshared data size (kbytes): 0
	Average stack size (kbytes): 0
	Average total size (kbytes): 0
	Maximum resident set size (kbytes): 4593036
	Average resident set size (kbytes): 0
	Major (requiring I/O) page faults: 0
	Minor (reclaiming a frame) page faults: 71914
	Voluntary context switches: 9
	Involuntary context switches: 63
	Swaps: 0
	File system inputs: 8
	File system outputs: 80
	Socket messages sent: 0
	Socket messages received: 0
	Signals delivered: 0
	Page size (bytes): 4096
	Exit status: 0
