Input graph file parsed. # of vertices = 36, # of edges = 51
s 2 4 6 8 10 12 13 15 18 21 23 26 29 32 35
Solution space ZDD construction start
Solution space ZDD construction end
Solution space ZDD construction time = 0.016712
Solution space ZDD size = 14084
# of elements in the solution space = 8181566
Start searching the longest reconfiguration sequence
Step 1 time = 0.000039, # ZDD nodes = 28, # elems = 3
Step 2 time = 0.000077, # ZDD nodes = 34, # elems = 4
Step 3 time = 0.000068, # ZDD nodes = 32, # elems = 4
Step 4 time = 0.000064, # ZDD nodes = 29, # elems = 3
Step 5 time = 0.000046, # ZDD nodes = 15, # elems = 1
Step 6 time = 0.000021, # ZDD nodes = 15, # elems = 1
Step 7 time = 0.000029, # ZDD nodes = 23, # elems = 2
Step 8 time = 0.000044, # ZDD nodes = 28, # elems = 2
Step 9 time = 0.000045, # ZDD nodes = 24, # elems = 4
Step 10 time = 0.000075, # ZDD nodes = 39, # elems = 7
Step 11 time = 0.000088, # ZDD nodes = 46, # elems = 9
Step 12 time = 0.000091, # ZDD nodes = 45, # elems = 11
Step 13 time = 0.000098, # ZDD nodes = 44, # elems = 11
Step 14 time = 0.000095, # ZDD nodes = 42, # elems = 9
Step 15 time = 0.000074, # ZDD nodes = 34, # elems = 7
Step 16 time = 0.000052, # ZDD nodes = 21, # elems = 4
Step 17 time = 0.000044, # ZDD nodes = 15, # elems = 1
Step 18 time = 0.000015, # ZDD nodes = 15, # elems = 1
Step 19 time = 0.000030, # ZDD nodes = 15, # elems = 1
Step 20 time = 0.000025, # ZDD nodes = 15, # elems = 1
Step 21 time = 0.000031, # ZDD nodes = 21, # elems = 4
Step 22 time = 0.000059, # ZDD nodes = 34, # elems = 7
Step 23 time = 0.000078, # ZDD nodes = 42, # elems = 9
Step 24 time = 0.000122, # ZDD nodes = 44, # elems = 11
Step 25 time = 0.000083, # ZDD nodes = 45, # elems = 11
Step 26 time = 0.000089, # ZDD nodes = 46, # elems = 9
Step 27 time = 0.000110, # ZDD nodes = 39, # elems = 7
Step 28 time = 0.000054, # ZDD nodes = 24, # elems = 4
Step 29 time = 0.000032, # ZDD nodes = 28, # elems = 2
Step 30 time = 0.000043, # ZDD nodes = 23, # elems = 2
Step 31 time = 0.000038, # ZDD nodes = 15, # elems = 1
Step 32 time = 0.000019, # ZDD nodes = 15, # elems = 1
Step 33 time = 0.000062, # ZDD nodes = 17, # elems = 2
Step 34 time = 0.000033, # ZDD nodes = 25, # elems = 2
Step 35 time = 0.000038, # ZDD nodes = 22, # elems = 3
Step 36 time = 0.000049, # ZDD nodes = 22, # elems = 3
Step 37 time = 0.000041, # ZDD nodes = 26, # elems = 2
Step 38 time = 0.000041, # ZDD nodes = 17, # elems = 2
Step 39 time = 0.000031, # ZDD nodes = 15, # elems = 1
Step 40 time = 0.000013, # ZDD nodes = 0, # elems = 0
a 2 4 6 8 10 12 13 15 18 21 23 26 29 32 35
a 2 3 6 8 10 12 13 15 18 21 23 26 29 32 35
a 2 3 6 8 10 12 13 15 18 22 23 26 29 32 35
a 2 3 6 8 10 12 14 15 18 22 23 26 29 32 35
a 1 3 6 8 10 12 14 15 18 22 23 26 29 32 35
a 1 3 6 8 10 12 14 15 19 22 23 26 29 32 35
a 1 3 6 7 10 12 14 15 19 22 23 26 29 32 35
a 1 3 6 7 10 12 14 15 19 22 23 26 29 32 36
a 1 3 6 7 10 12 14 16 19 22 23 26 29 32 36
a 1 3 5 7 10 12 14 16 19 22 23 26 29 32 36
a 1 3 5 7 10 12 14 16 19 22 23 26 29 33 36
a 1 3 5 7 10 12 14 16 19 20 23 26 29 33 36
a 1 3 5 7 10 12 14 16 17 20 23 26 29 33 36
a 2 3 5 7 10 12 14 16 17 20 23 26 29 33 36
a 2 3 5 7 10 12 13 16 17 20 23 26 29 33 36
a 2 4 5 7 10 12 13 16 17 20 23 26 29 33 36
a 2 4 5 7 10 12 13 16 17 20 23 26 30 33 36
a 2 4 5 7 10 12 13 16 17 20 23 27 30 33 36
a 2 4 5 7 10 11 13 16 17 20 23 27 30 33 36
a 2 4 5 7 10 11 13 16 17 20 24 27 30 33 36
a 2 4 5 7 9 11 13 16 17 20 24 27 30 33 36
a 2 4 5 7 9 11 13 16 17 20 24 27 30 33 34
a 2 4 5 7 9 11 13 16 17 20 24 27 30 31 34
a 2 4 5 7 9 11 13 16 17 20 24 27 28 31 34
a 2 4 5 7 9 11 13 16 17 20 24 25 28 31 34
a 2 3 5 7 9 11 13 16 17 20 24 25 28 31 34
a 2 3 5 7 9 11 13 16 17 22 24 25 28 31 34
a 2 3 5 7 9 11 14 16 17 22 24 25 28 31 34
a 1 3 5 7 9 11 14 16 17 22 24 25 28 31 34
a 1 3 5 7 9 11 14 16 19 22 24 25 28 31 34
a 1 3 6 7 9 11 14 16 19 22 24 25 28 31 34
a 1 3 6 7 9 11 14 15 19 22 24 25 28 31 34
a 1 3 6 8 9 11 14 15 19 22 24 25 28 31 34
a 1 3 6 8 9 11 14 15 19 21 24 25 28 31 34
a 1 3 6 8 9 11 14 15 18 21 24 25 28 31 34
a 2 3 6 8 9 11 14 15 18 21 24 25 28 31 34
a 2 3 6 8 9 11 13 15 18 21 24 25 28 31 34
a 2 4 6 8 9 11 13 15 18 21 24 25 28 31 34
a 2 4 6 8 9 11 13 15 18 21 24 25 30 31 34
a 2 4 6 8 9 11 13 15 18 21 24 27 30 31 34
Reconfiguration time = 0.009066
	Command being timed: "timeout 20m ../ddreconf/ddreconf ../benchmark_instances/2023result/docs/solver/benchmark/exp_instance/SAT_exp_instance006.col --stfile=../benchmark_instances/2023result/docs/solver/benchmark/exp_instance/SAT_exp_instance006_01.dat --tj --indset --longest"
	User time (seconds): 0.02
	System time (seconds): 0.01
	Percent of CPU this job got: 97%
	Elapsed (wall clock) time (h:mm:ss or m:ss): 0:00.04
	Average shared text size (kbytes): 0
	Average unshared data size (kbytes): 0
	Average stack size (kbytes): 0
	Average total size (kbytes): 0
	Maximum resident set size (kbytes): 34036
	Average resident set size (kbytes): 0
	Major (requiring I/O) page faults: 0
	Minor (reclaiming a frame) page faults: 1518
	Voluntary context switches: 4
	Involuntary context switches: 0
	Swaps: 0
	File system inputs: 8
	File system outputs: 16
	Socket messages sent: 0
	Socket messages received: 0
	Signals delivered: 0
	Page size (bytes): 4096
	Exit status: 0
