Input graph file parsed. # of vertices = 39, # of edges = 234
s 1 8 14 21 27 34
Solution space ZDD construction start
Solution space ZDD construction end
Solution space ZDD construction time = 0.007282
Solution space ZDD size = 68
# of elements in the solution space = 10487
Start searching the longest reconfiguration sequence
Step 1 time = 0.000097, # ZDD nodes = 12, # elems = 3
Step 2 time = 0.000135, # ZDD nodes = 19, # elems = 6
Step 3 time = 0.000062, # ZDD nodes = 25, # elems = 8
Step 4 time = 0.000133, # ZDD nodes = 32, # elems = 9
Step 5 time = 0.000089, # ZDD nodes = 39, # elems = 12
Step 6 time = 0.000098, # ZDD nodes = 46, # elems = 15
Step 7 time = 0.000100, # ZDD nodes = 48, # elems = 16
Step 8 time = 0.000082, # ZDD nodes = 51, # elems = 16
Step 9 time = 0.000069, # ZDD nodes = 53, # elems = 17
Step 10 time = 0.000071, # ZDD nodes = 57, # elems = 18
Step 11 time = 0.000074, # ZDD nodes = 57, # elems = 18
Step 12 time = 0.000064, # ZDD nodes = 53, # elems = 17
Step 13 time = 0.000054, # ZDD nodes = 49, # elems = 15
Step 14 time = 0.000048, # ZDD nodes = 43, # elems = 13
Step 15 time = 0.000070, # ZDD nodes = 39, # elems = 12
Step 16 time = 0.000063, # ZDD nodes = 33, # elems = 10
Step 17 time = 0.000028, # ZDD nodes = 28, # elems = 7
Step 18 time = 0.000109, # ZDD nodes = 24, # elems = 6
Step 19 time = 0.000067, # ZDD nodes = 24, # elems = 6
Step 20 time = 0.000041, # ZDD nodes = 21, # elems = 6
Step 21 time = 0.000036, # ZDD nodes = 24, # elems = 6
Step 22 time = 0.000049, # ZDD nodes = 24, # elems = 6
Step 23 time = 0.000054, # ZDD nodes = 26, # elems = 6
Step 24 time = 0.000082, # ZDD nodes = 28, # elems = 7
Step 25 time = 0.000044, # ZDD nodes = 32, # elems = 8
Step 26 time = 0.000046, # ZDD nodes = 32, # elems = 8
Step 27 time = 0.000065, # ZDD nodes = 32, # elems = 8
Step 28 time = 0.000065, # ZDD nodes = 32, # elems = 8
Step 29 time = 0.000036, # ZDD nodes = 32, # elems = 8
Step 30 time = 0.000035, # ZDD nodes = 32, # elems = 8
Step 31 time = 0.000035, # ZDD nodes = 28, # elems = 7
Step 32 time = 0.000029, # ZDD nodes = 26, # elems = 6
Step 33 time = 0.000033, # ZDD nodes = 24, # elems = 6
Step 34 time = 0.000029, # ZDD nodes = 20, # elems = 5
Step 35 time = 0.000060, # ZDD nodes = 12, # elems = 3
Step 36 time = 0.000012, # ZDD nodes = 10, # elems = 2
Step 37 time = 0.000016, # ZDD nodes = 9, # elems = 2
Step 38 time = 0.000018, # ZDD nodes = 6, # elems = 1
Step 39 time = 0.000013, # ZDD nodes = 6, # elems = 1
Step 40 time = 0.000035, # ZDD nodes = 6, # elems = 1
Step 41 time = 0.000018, # ZDD nodes = 6, # elems = 1
Step 42 time = 0.000016, # ZDD nodes = 9, # elems = 2
Step 43 time = 0.000024, # ZDD nodes = 10, # elems = 2
Step 44 time = 0.000019, # ZDD nodes = 12, # elems = 3
Step 45 time = 0.000023, # ZDD nodes = 16, # elems = 4
Step 46 time = 0.000025, # ZDD nodes = 16, # elems = 4
Step 47 time = 0.000019, # ZDD nodes = 16, # elems = 4
Step 48 time = 0.000017, # ZDD nodes = 16, # elems = 4
Step 49 time = 0.000018, # ZDD nodes = 16, # elems = 4
Step 50 time = 0.000017, # ZDD nodes = 16, # elems = 4
Step 51 time = 0.000017, # ZDD nodes = 16, # elems = 4
Step 52 time = 0.000016, # ZDD nodes = 16, # elems = 4
Step 53 time = 0.000053, # ZDD nodes = 16, # elems = 4
Step 54 time = 0.000016, # ZDD nodes = 16, # elems = 4
Step 55 time = 0.000016, # ZDD nodes = 12, # elems = 3
Step 56 time = 0.000011, # ZDD nodes = 10, # elems = 2
Step 57 time = 0.000017, # ZDD nodes = 9, # elems = 2
Step 58 time = 0.000016, # ZDD nodes = 10, # elems = 2
Step 59 time = 0.000020, # ZDD nodes = 12, # elems = 3
Step 60 time = 0.000027, # ZDD nodes = 16, # elems = 4
Step 61 time = 0.000027, # ZDD nodes = 16, # elems = 4
Step 62 time = 0.000017, # ZDD nodes = 16, # elems = 4
Step 63 time = 0.000015, # ZDD nodes = 16, # elems = 4
Step 64 time = 0.000015, # ZDD nodes = 16, # elems = 4
Step 65 time = 0.000016, # ZDD nodes = 16, # elems = 4
Step 66 time = 0.000016, # ZDD nodes = 16, # elems = 4
Step 67 time = 0.000015, # ZDD nodes = 16, # elems = 4
Step 68 time = 0.000053, # ZDD nodes = 16, # elems = 4
Step 69 time = 0.000018, # ZDD nodes = 16, # elems = 4
Step 70 time = 0.000016, # ZDD nodes = 12, # elems = 3
Step 71 time = 0.000012, # ZDD nodes = 10, # elems = 2
Step 72 time = 0.000017, # ZDD nodes = 9, # elems = 2
Step 73 time = 0.000018, # ZDD nodes = 10, # elems = 2
Step 74 time = 0.000039, # ZDD nodes = 12, # elems = 3
Step 75 time = 0.000025, # ZDD nodes = 16, # elems = 4
Step 76 time = 0.000030, # ZDD nodes = 20, # elems = 5
Step 77 time = 0.000046, # ZDD nodes = 26, # elems = 6
Step 78 time = 0.000047, # ZDD nodes = 26, # elems = 6
Step 79 time = 0.000033, # ZDD nodes = 26, # elems = 6
Step 80 time = 0.000029, # ZDD nodes = 26, # elems = 6
Step 81 time = 0.000030, # ZDD nodes = 26, # elems = 6
Step 82 time = 0.000027, # ZDD nodes = 26, # elems = 6
Step 83 time = 0.000028, # ZDD nodes = 26, # elems = 6
Step 84 time = 0.000026, # ZDD nodes = 26, # elems = 6
Step 85 time = 0.000025, # ZDD nodes = 22, # elems = 5
Step 86 time = 0.000053, # ZDD nodes = 16, # elems = 3
Step 87 time = 0.000016, # ZDD nodes = 11, # elems = 2
Step 88 time = 0.000010, # ZDD nodes = 6, # elems = 1
Step 89 time = 0.000005, # ZDD nodes = 0, # elems = 0
a 1 8 14 21 27 34
a 2 8 14 21 27 34
a 2 9 14 21 27 34
a 3 9 14 21 27 34
a 3 10 14 21 27 34
a 3 10 15 21 27 34
a 3 10 15 22 27 34
a 3 10 16 22 27 34
a 3 10 16 23 27 34
a 3 10 16 23 28 34
a 3 10 16 23 28 35
a 3 10 16 23 29 35
a 3 10 16 23 29 36
a 3 10 16 23 30 36
a 3 10 16 23 30 37
a 3 10 16 23 31 37
a 3 10 16 23 31 38
a 3 10 16 23 32 38
a 3 10 16 23 32 39
a 3 10 16 23 33 39
a 3 10 17 23 33 39
a 3 10 17 24 33 39
a 3 10 18 24 33 39
a 3 10 18 25 33 39
a 3 10 18 25 32 39
a 3 10 18 25 32 38
a 3 10 18 25 31 38
a 3 10 18 25 31 37
a 3 10 18 25 30 37
a 3 10 18 25 30 36
a 3 10 18 25 29 36
a 3 10 18 25 29 35
a 3 10 18 25 28 35
a 3 10 18 25 28 34
a 3 10 18 25 27 34
a 3 10 19 25 27 34
a 3 10 19 26 27 34
a 3 10 20 26 27 34
a 4 10 20 26 27 34
a 4 11 20 26 27 34
a 5 11 20 26 27 34
a 5 12 20 26 27 34
a 5 12 19 26 27 34
a 5 12 19 25 27 34
a 5 12 19 25 28 34
a 5 12 19 25 28 35
a 5 12 19 25 29 35
a 5 12 19 25 29 36
a 5 12 19 25 30 36
a 5 12 19 25 30 37
a 5 12 19 25 31 37
a 5 12 19 25 31 38
a 5 12 19 25 32 38
a 5 12 19 25 32 39
a 5 12 19 25 33 39
a 5 12 18 25 33 39
a 5 12 18 24 33 39
a 5 12 17 24 33 39
a 5 12 17 23 33 39
a 5 12 17 23 32 39
a 5 12 17 23 32 38
a 5 12 17 23 31 38
a 5 12 17 23 31 37
a 5 12 17 23 30 37
a 5 12 17 23 30 36
a 5 12 17 23 29 36
a 5 12 17 23 29 35
a 5 12 17 23 28 35
a 5 12 17 23 28 34
a 5 12 17 23 27 34
a 5 12 16 23 27 34
a 5 12 16 22 27 34
a 5 12 15 22 27 34
a 5 12 15 21 27 34
a 5 12 15 21 28 34
a 5 12 15 21 28 35
a 5 12 15 21 29 35
a 5 12 15 21 29 36
a 5 12 15 21 30 36
a 5 12 15 21 30 37
a 5 12 15 21 31 37
a 5 12 15 21 31 38
a 5 12 15 21 32 38
a 5 12 15 21 32 39
a 5 12 15 21 33 39
a 5 12 14 21 33 39
a 6 12 14 21 33 39
a 6 13 14 21 33 39
a 7 13 14 21 33 39
Reconfiguration time = 0.012556
	Command being timed: "timeout 20m ../ddreconf/ddreconf ../instances_pw_col/sp003.pw.col --stfile=../benchmark_instances/2023result/docs/solver/benchmark/2022benchmark/benchmark/sp/sp003_01.dat --tj --indset --longest"
	User time (seconds): 0.01
	System time (seconds): 0.01
	Percent of CPU this job got: 84%
	Elapsed (wall clock) time (h:mm:ss or m:ss): 0:00.03
	Average shared text size (kbytes): 0
	Average unshared data size (kbytes): 0
	Average stack size (kbytes): 0
	Average total size (kbytes): 0
	Maximum resident set size (kbytes): 33012
	Average resident set size (kbytes): 0
	Major (requiring I/O) page faults: 0
	Minor (reclaiming a frame) page faults: 1465
	Voluntary context switches: 5
	Involuntary context switches: 2
	Swaps: 0
	File system inputs: 16
	File system outputs: 16
	Socket messages sent: 0
	Socket messages received: 0
	Signals delivered: 0
	Page size (bytes): 4096
	Exit status: 0
