Input graph file parsed. # of vertices = 162, # of edges = 864
s 6 12 18 27 33 42 48 57 63 72 78 87 93 102 108 117 123 132 138 147 153 162
Solution space ZDD construction start
Solution space ZDD construction end
Solution space ZDD construction time = 0.103600
Solution space ZDD size = 414
# of elements in the solution space = 266394405319018354
Start searching the longest reconfiguration sequence
Step 1 time = 0.000452, # ZDD nodes = 104, # elems = 62
Step 2 time = 0.000574, # ZDD nodes = 185, # elems = 1815
Step 3 time = 0.000576, # ZDD nodes = 260, # elems = 33407
Step 4 time = 0.000569, # ZDD nodes = 326, # elems = 434326
Step 5 time = 0.000587, # ZDD nodes = 393, # elems = 4247442
Step 6 time = 0.000531, # ZDD nodes = 460, # elems = 32481768
Step 7 time = 0.000655, # ZDD nodes = 519, # elems = 199311621
Step 8 time = 0.000511, # ZDD nodes = 564, # elems = 998787600
Step 9 time = 0.000943, # ZDD nodes = 600, # elems = 4137535864
Step 10 time = 0.000586, # ZDD nodes = 632, # elems = 14284710935
Step 11 time = 0.000513, # ZDD nodes = 661, # elems = 41308292913
Step 12 time = 0.000538, # ZDD nodes = 697, # elems = 100304600351
Step 13 time = 0.000740, # ZDD nodes = 741, # elems = 204617737492
Step 14 time = 0.000746, # ZDD nodes = 778, # elems = 350426504754
Step 15 time = 0.000727, # ZDD nodes = 801, # elems = 503693764431
Step 16 time = 0.000638, # ZDD nodes = 818, # elems = 610317865776
Step 17 time = 0.000739, # ZDD nodes = 831, # elems = 635629368033
Step 18 time = 0.000665, # ZDD nodes = 841, # elems = 601016691445
Step 19 time = 0.000567, # ZDD nodes = 847, # elems = 571505115287
Step 20 time = 0.000626, # ZDD nodes = 846, # elems = 596661332280
Step 21 time = 0.000630, # ZDD nodes = 837, # elems = 666718602917
Step 22 time = 0.000697, # ZDD nodes = 830, # elems = 728654716843
Step 23 time = 0.000797, # ZDD nodes = 820, # elems = 733508810892
Step 24 time = 0.001096, # ZDD nodes = 844, # elems = 664933241808
Step 25 time = 0.000948, # ZDD nodes = 863, # elems = 544874772726
Step 26 time = 0.000792, # ZDD nodes = 868, # elems = 432112335552
Step 27 time = 0.000957, # ZDD nodes = 871, # elems = 403068198438
Step 28 time = 0.000787, # ZDD nodes = 874, # elems = 507063648240
Step 29 time = 0.000987, # ZDD nodes = 873, # elems = 727226793522
Step 30 time = 0.000916, # ZDD nodes = 876, # elems = 983300685111
Step 31 time = 0.000827, # ZDD nodes = 896, # elems = 1173573621711
Step 32 time = 0.000757, # ZDD nodes = 910, # elems = 1225778140584
Step 33 time = 0.000793, # ZDD nodes = 915, # elems = 1132489958472
Step 34 time = 0.000752, # ZDD nodes = 929, # elems = 956790118242
Step 35 time = 0.000870, # ZDD nodes = 937, # elems = 797406999498
Step 36 time = 0.000755, # ZDD nodes = 918, # elems = 725365618614
Step 37 time = 0.000783, # ZDD nodes = 916, # elems = 741131498223
Step 38 time = 0.001127, # ZDD nodes = 916, # elems = 794747813076
Step 39 time = 0.001168, # ZDD nodes = 930, # elems = 847463040189
Step 40 time = 0.001463, # ZDD nodes = 950, # elems = 911228579064
Step 41 time = 0.001226, # ZDD nodes = 985, # elems = 1035262361691
Step 42 time = 0.001343, # ZDD nodes = 1020, # elems = 1255597859340
Step 43 time = 0.001283, # ZDD nodes = 1052, # elems = 1542113114229
Step 44 time = 0.001093, # ZDD nodes = 1064, # elems = 1791050825547
Step 45 time = 0.001104, # ZDD nodes = 1065, # elems = 1888826876001
Step 46 time = 0.001239, # ZDD nodes = 1070, # elems = 1799249306805
Step 47 time = 0.001122, # ZDD nodes = 1051, # elems = 1594280484720
Step 48 time = 0.000975, # ZDD nodes = 1051, # elems = 1403004771441
Step 49 time = 0.000888, # ZDD nodes = 1036, # elems = 1321483316364
Step 50 time = 0.000845, # ZDD nodes = 1003, # elems = 1360467170919
Step 51 time = 0.000771, # ZDD nodes = 967, # elems = 1467097618923
Step 52 time = 0.000720, # ZDD nodes = 934, # elems = 1575642317409
Step 53 time = 0.000744, # ZDD nodes = 925, # elems = 1636641115389
Step 54 time = 0.000817, # ZDD nodes = 937, # elems = 1623842421786
Step 55 time = 0.000883, # ZDD nodes = 958, # elems = 1544708199681
Step 56 time = 0.001011, # ZDD nodes = 1002, # elems = 1453931699589
Step 57 time = 0.001196, # ZDD nodes = 1056, # elems = 1458461171232
Step 58 time = 0.001297, # ZDD nodes = 1107, # elems = 1696418661951
Step 59 time = 0.001506, # ZDD nodes = 1155, # elems = 2266706404728
Step 60 time = 0.001554, # ZDD nodes = 1196, # elems = 3110756944158
Step 61 time = 0.001549, # ZDD nodes = 1225, # elems = 3967644972384
Step 62 time = 0.001849, # ZDD nodes = 1218, # elems = 4509163156626
Step 63 time = 0.001462, # ZDD nodes = 1202, # elems = 4535177725017
Step 64 time = 0.001909, # ZDD nodes = 1198, # elems = 4098765284550
Step 65 time = 0.001377, # ZDD nodes = 1170, # elems = 3468513459420
Step 66 time = 0.001319, # ZDD nodes = 1109, # elems = 2988465992766
Step 67 time = 0.001100, # ZDD nodes = 1040, # elems = 2857647007647
Step 68 time = 0.001205, # ZDD nodes = 978, # elems = 3054638368881
Step 69 time = 0.001210, # ZDD nodes = 948, # elems = 3399873071301
Step 70 time = 0.001087, # ZDD nodes = 942, # elems = 3701587538790
Step 71 time = 0.001139, # ZDD nodes = 990, # elems = 3841833755808
Step 72 time = 0.001300, # ZDD nodes = 1035, # elems = 3826896543621
Step 73 time = 0.001283, # ZDD nodes = 1080, # elems = 3757978743300
Step 74 time = 0.001459, # ZDD nodes = 1101, # elems = 3749455492542
Step 75 time = 0.001525, # ZDD nodes = 1110, # elems = 3853585510641
Step 76 time = 0.001448, # ZDD nodes = 1131, # elems = 4052977922313
Step 77 time = 0.001544, # ZDD nodes = 1157, # elems = 4332437235045
Step 78 time = 0.001248, # ZDD nodes = 1195, # elems = 4691963448837
Step 79 time = 0.001378, # ZDD nodes = 1216, # elems = 5153166017631
Step 80 time = 0.001372, # ZDD nodes = 1228, # elems = 5646438393570
Step 81 time = 0.001735, # ZDD nodes = 1231, # elems = 6059773008612
Step 82 time = 0.001459, # ZDD nodes = 1237, # elems = 6179658126597
Step 83 time = 0.001110, # ZDD nodes = 1203, # elems = 5943805142238
Step 84 time = 0.001367, # ZDD nodes = 1155, # elems = 5439383665560
Step 85 time = 0.001208, # ZDD nodes = 1101, # elems = 4943098019151
Step 86 time = 0.001343, # ZDD nodes = 1056, # elems = 4621539013281
Step 87 time = 0.001445, # ZDD nodes = 1020, # elems = 4534756823745
Step 88 time = 0.001122, # ZDD nodes = 993, # elems = 4577760498024
Step 89 time = 0.001124, # ZDD nodes = 972, # elems = 4628900002572
Step 90 time = 0.001654, # ZDD nodes = 963, # elems = 4599456045408
Step 91 time = 0.001494, # ZDD nodes = 975, # elems = 4523521629564
Step 92 time = 0.001007, # ZDD nodes = 981, # elems = 4504925446092
Step 93 time = 0.001227, # ZDD nodes = 975, # elems = 4591707635628
Step 94 time = 0.001067, # ZDD nodes = 957, # elems = 4723430601888
Step 95 time = 0.001032, # ZDD nodes = 938, # elems = 4788517244040
Step 96 time = 0.001029, # ZDD nodes = 931, # elems = 4742026785360
Step 97 time = 0.001367, # ZDD nodes = 931, # elems = 4642072299198
Step 98 time = 0.001184, # ZDD nodes = 940, # elems = 4555290109662
Step 99 time = 0.001026, # ZDD nodes = 921, # elems = 4511899014894
Step 100 time = 0.000970, # ZDD nodes = 885, # elems = 4470057602082
Step 101 time = 0.000861, # ZDD nodes = 855, # elems = 4334073010443
Step 102 time = 0.000832, # ZDD nodes = 855, # elems = 4023749198754
Step 103 time = 0.000782, # ZDD nodes = 810, # elems = 3640202914644
Step 104 time = 0.000741, # ZDD nodes = 765, # elems = 3350799809361
Step 105 time = 0.000702, # ZDD nodes = 729, # elems = 3228762355326
Step 106 time = 0.000700, # ZDD nodes = 696, # elems = 3200868080118
Step 107 time = 0.000648, # ZDD nodes = 681, # elems = 3166000236108
Step 108 time = 0.000623, # ZDD nodes = 681, # elems = 3043962782073
Step 109 time = 0.000605, # ZDD nodes = 690, # elems = 2803374658404
Step 110 time = 0.000642, # ZDD nodes = 711, # elems = 2517458337522
Step 111 time = 0.000612, # ZDD nodes = 720, # elems = 2350092686274
Step 112 time = 0.000799, # ZDD nodes = 729, # elems = 2381473745883
Step 113 time = 0.000617, # ZDD nodes = 747, # elems = 2538379043928
Step 114 time = 0.000653, # ZDD nodes = 747, # elems = 2660416497963
Step 115 time = 0.000602, # ZDD nodes = 720, # elems = 2604627947547
Step 116 time = 0.000548, # ZDD nodes = 671, # elems = 2360553039477
Step 117 time = 0.000455, # ZDD nodes = 610, # elems = 2011874599377
Step 118 time = 0.000358, # ZDD nodes = 540, # elems = 1631815099668
Step 119 time = 0.000262, # ZDD nodes = 477, # elems = 1318004503578
Step 120 time = 0.000191, # ZDD nodes = 417, # elems = 1129718145924
Step 121 time = 0.000160, # ZDD nodes = 366, # elems = 1004193907488
Step 122 time = 0.000145, # ZDD nodes = 327, # elems = 910050728661
Step 123 time = 0.000133, # ZDD nodes = 306, # elems = 910050728661
Step 124 time = 0.000135, # ZDD nodes = 312, # elems = 972812847879
Step 125 time = 0.000124, # ZDD nodes = 315, # elems = 972812847879
Step 126 time = 0.000124, # ZDD nodes = 303, # elems = 878669669052
Step 127 time = 0.000118, # ZDD nodes = 273, # elems = 753145430616
Step 128 time = 0.000108, # ZDD nodes = 240, # elems = 596240132571
Step 129 time = 0.000095, # ZDD nodes = 207, # elems = 407953774917
Step 130 time = 0.000092, # ZDD nodes = 183, # elems = 313810596090
Step 131 time = 0.000095, # ZDD nodes = 189, # elems = 376572715308
Step 132 time = 0.000097, # ZDD nodes = 204, # elems = 470715894135
Step 133 time = 0.000096, # ZDD nodes = 219, # elems = 502096953744
Step 134 time = 0.000096, # ZDD nodes = 210, # elems = 470715894135
Step 135 time = 0.000090, # ZDD nodes = 174, # elems = 345191655699
Step 136 time = 0.000083, # ZDD nodes = 126, # elems = 156905298045
Step 137 time = 0.000065, # ZDD nodes = 66, # elems = 31381059609
Step 138 time = 0.000023, # ZDD nodes = 0, # elems = 0
a 6 12 18 27 33 42 48 57 63 72 78 87 93 102 108 117 123 132 138 147 153 162
a 1 12 18 27 33 42 48 57 63 72 78 87 93 102 108 117 123 132 138 147 153 162
a 1 7 18 27 33 42 48 57 63 72 78 87 93 102 108 117 123 132 138 147 153 162
a 1 7 13 27 33 42 48 57 63 72 78 87 93 102 108 117 123 132 138 147 153 162
a 1 7 13 22 33 42 48 57 63 72 78 87 93 102 108 117 123 132 138 147 153 162
a 1 7 19 22 33 42 48 57 63 72 78 87 93 102 108 117 123 132 138 147 153 162
a 1 10 19 22 33 42 48 57 63 72 78 87 93 102 108 117 123 132 138 147 153 162
a 4 10 19 22 33 42 48 57 63 72 78 87 93 102 108 117 123 132 138 147 153 162
a 4 10 19 22 28 42 48 57 63 72 78 87 93 102 108 117 123 132 138 147 153 162
a 4 10 19 22 28 37 48 57 63 72 78 87 93 102 108 117 123 132 138 147 153 162
a 4 10 19 22 28 37 43 57 63 72 78 87 93 102 108 117 123 132 138 147 153 162
a 4 10 19 22 28 37 43 52 63 72 78 87 93 102 108 117 123 132 138 147 153 162
a 4 10 19 22 28 37 49 52 63 72 78 87 93 102 108 117 123 132 138 147 153 162
a 4 10 19 22 28 40 49 52 63 72 78 87 93 102 108 117 123 132 138 147 153 162
a 4 10 19 22 31 40 49 52 63 72 78 87 93 102 108 117 123 132 138 147 153 162
a 1 10 19 22 31 40 49 52 63 72 78 87 93 102 108 117 123 132 138 147 153 162
a 1 7 19 22 31 40 49 52 63 72 78 87 93 102 108 117 123 132 138 147 153 162
a 1 7 13 22 31 40 49 52 63 72 78 87 93 102 108 117 123 132 138 147 153 162
a 1 7 13 25 31 40 49 52 63 72 78 87 93 102 108 117 123 132 138 147 153 162
a 1 7 13 25 31 40 49 52 58 72 78 87 93 102 108 117 123 132 138 147 153 162
a 1 7 13 25 31 40 49 52 58 67 78 87 93 102 108 117 123 132 138 147 153 162
a 1 7 13 25 31 40 49 52 58 67 73 87 93 102 108 117 123 132 138 147 153 162
a 1 7 13 25 31 40 49 52 58 67 73 82 93 102 108 117 123 132 138 147 153 162
a 1 7 13 25 31 40 49 52 58 67 79 82 93 102 108 117 123 132 138 147 153 162
a 1 7 13 25 31 40 49 52 58 70 79 82 93 102 108 117 123 132 138 147 153 162
a 1 7 13 25 31 40 49 52 61 70 79 82 93 102 108 117 123 132 138 147 153 162
a 1 7 13 22 31 40 49 52 61 70 79 82 93 102 108 117 123 132 138 147 153 162
a 1 7 19 22 31 40 49 52 61 70 79 82 93 102 108 117 123 132 138 147 153 162
a 1 10 19 22 31 40 49 52 61 70 79 82 93 102 108 117 123 132 138 147 153 162
a 4 10 19 22 31 40 49 52 61 70 79 82 93 102 108 117 123 132 138 147 153 162
a 4 10 19 22 28 40 49 52 61 70 79 82 93 102 108 117 123 132 138 147 153 162
a 4 10 19 22 28 37 49 52 61 70 79 82 93 102 108 117 123 132 138 147 153 162
a 4 10 19 22 28 37 43 52 61 70 79 82 93 102 108 117 123 132 138 147 153 162
a 4 10 19 22 28 37 43 55 61 70 79 82 93 102 108 117 123 132 138 147 153 162
a 4 10 19 22 28 37 43 55 61 70 79 82 88 102 108 117 123 132 138 147 153 162
a 4 10 19 22 28 37 43 55 61 70 79 82 88 97 108 117 123 132 138 147 153 162
a 4 10 19 22 28 37 43 55 61 70 79 82 88 97 103 117 123 132 138 147 153 162
a 4 10 19 22 28 37 43 55 61 70 79 82 88 97 103 112 123 132 138 147 153 162
a 4 10 19 22 28 37 43 55 61 70 79 82 88 97 109 112 123 132 138 147 153 162
a 4 10 19 22 28 37 43 55 61 70 79 82 88 100 109 112 123 132 138 147 153 162
a 4 10 19 22 28 37 43 55 61 70 79 82 91 100 109 112 123 132 138 147 153 162
a 4 10 19 22 28 37 43 52 61 70 79 82 91 100 109 112 123 132 138 147 153 162
a 4 10 19 22 28 37 49 52 61 70 79 82 91 100 109 112 123 132 138 147 153 162
a 4 10 19 22 28 40 49 52 61 70 79 82 91 100 109 112 123 132 138 147 153 162
a 4 10 19 22 31 40 49 52 61 70 79 82 91 100 109 112 123 132 138 147 153 162
a 1 10 19 22 31 40 49 52 61 70 79 82 91 100 109 112 123 132 138 147 153 162
a 1 7 19 22 31 40 49 52 61 70 79 82 91 100 109 112 123 132 138 147 153 162
a 1 7 13 22 31 40 49 52 61 70 79 82 91 100 109 112 123 132 138 147 153 162
a 1 7 13 25 31 40 49 52 61 70 79 82 91 100 109 112 123 132 138 147 153 162
a 1 7 13 25 31 40 49 52 58 70 79 82 91 100 109 112 123 132 138 147 153 162
a 1 7 13 25 31 40 49 52 58 67 79 82 91 100 109 112 123 132 138 147 153 162
a 1 7 13 25 31 40 49 52 58 67 73 82 91 100 109 112 123 132 138 147 153 162
a 1 7 13 25 31 40 49 52 58 67 73 85 91 100 109 112 123 132 138 147 153 162
a 1 7 13 25 31 40 49 52 58 67 73 85 91 100 109 112 118 132 138 147 153 162
a 1 7 13 25 31 40 49 52 58 67 73 85 91 100 109 112 118 127 138 147 153 162
a 1 7 13 25 31 40 49 52 58 67 73 85 91 100 109 112 118 127 133 147 153 162
a 1 7 13 25 31 40 49 52 58 67 73 85 91 100 109 112 118 127 133 143 153 162
a 1 7 13 25 31 40 49 52 58 67 73 85 91 100 109 112 118 127 139 143 153 162
a 1 7 13 25 31 40 49 52 58 67 73 85 91 100 109 112 118 130 139 143 153 162
a 1 7 13 25 31 40 49 52 58 67 73 85 91 100 109 112 121 130 139 143 153 162
a 1 7 13 25 31 40 49 52 58 67 73 82 91 100 109 112 121 130 139 143 153 162
a 1 7 13 25 31 40 49 52 58 67 79 82 91 100 109 112 121 130 139 143 153 162
a 1 7 13 25 31 40 49 52 58 70 79 82 91 100 109 112 121 130 139 143 153 162
a 1 7 13 25 31 40 49 52 61 70 79 82 91 100 109 112 121 130 139 143 153 162
a 1 7 13 22 31 40 49 52 61 70 79 82 91 100 109 112 121 130 139 143 153 162
a 1 7 19 22 31 40 49 52 61 70 79 82 91 100 109 112 121 130 139 143 153 162
a 1 10 19 22 31 40 49 52 61 70 79 82 91 100 109 112 121 130 139 143 153 162
a 4 10 19 22 31 40 49 52 61 70 79 82 91 100 109 112 121 130 139 143 153 162
a 4 10 19 22 28 40 49 52 61 70 79 82 91 100 109 112 121 130 139 143 153 162
a 4 10 19 22 28 37 49 52 61 70 79 82 91 100 109 112 121 130 139 143 153 162
a 4 10 19 22 28 37 43 52 61 70 79 82 91 100 109 112 121 130 139 143 153 162
a 4 10 19 22 28 37 43 55 61 70 79 82 91 100 109 112 121 130 139 143 153 162
a 4 10 19 22 28 37 43 55 61 70 79 82 88 100 109 112 121 130 139 143 153 162
a 4 10 19 22 28 37 43 55 61 70 79 82 88 97 109 112 121 130 139 143 153 162
a 4 10 19 22 28 37 43 55 61 70 79 82 88 97 103 112 121 130 139 143 153 162
a 4 10 19 22 28 37 43 55 61 70 79 82 88 97 103 115 121 130 139 143 153 162
a 4 10 19 22 28 37 43 55 61 70 79 82 88 97 103 115 121 130 139 143 148 162
a 4 10 19 22 28 37 43 55 61 70 79 82 88 97 103 115 121 130 139 143 148 159
a 4 10 19 22 28 37 43 55 61 70 79 82 88 97 103 115 121 130 139 143 155 159
a 4 10 19 22 28 37 43 55 61 70 79 82 88 97 103 114 121 130 139 143 155 159
a 4 10 19 22 28 37 43 55 61 70 79 82 88 97 109 114 121 130 139 143 155 159
a 4 10 19 22 28 37 43 55 61 70 79 82 88 100 109 114 121 130 139 143 155 159
a 4 10 19 22 28 37 43 55 61 70 79 82 91 100 109 114 121 130 139 143 155 159
a 4 10 19 22 28 37 43 52 61 70 79 82 91 100 109 114 121 130 139 143 155 159
a 4 10 19 22 28 37 49 52 61 70 79 82 91 100 109 114 121 130 139 143 155 159
a 4 10 19 22 28 40 49 52 61 70 79 82 91 100 109 114 121 130 139 143 155 159
a 4 10 19 22 31 40 49 52 61 70 79 82 91 100 109 114 121 130 139 143 155 159
a 1 10 19 22 31 40 49 52 61 70 79 82 91 100 109 114 121 130 139 143 155 159
a 1 7 19 22 31 40 49 52 61 70 79 82 91 100 109 114 121 130 139 143 155 159
a 1 7 13 22 31 40 49 52 61 70 79 82 91 100 109 114 121 130 139 143 155 159
a 1 7 13 25 31 40 49 52 61 70 79 82 91 100 109 114 121 130 139 143 155 159
a 1 7 13 25 31 40 49 52 58 70 79 82 91 100 109 114 121 130 139 143 155 159
a 1 7 13 25 31 40 49 52 58 67 79 82 91 100 109 114 121 130 139 143 155 159
a 1 7 13 25 31 40 49 52 58 67 73 82 91 100 109 114 121 130 139 143 155 159
a 1 7 13 25 31 40 49 52 58 67 73 85 91 100 109 114 121 130 139 143 155 159
a 1 7 13 25 31 40 49 52 58 67 73 85 91 100 109 114 118 130 139 143 155 159
a 1 7 13 25 31 40 49 52 58 67 73 85 91 100 109 114 118 128 139 143 155 159
a 1 7 13 25 31 40 49 52 58 67 73 85 91 100 109 114 118 128 133 143 155 159
a 1 7 13 25 31 40 49 52 58 67 73 85 91 100 109 114 125 128 133 143 155 159
a 1 7 13 25 31 40 49 52 58 67 73 82 91 100 109 114 125 128 133 143 155 159
a 1 7 13 25 31 40 49 52 58 67 79 82 91 100 109 114 125 128 133 143 155 159
a 1 7 13 25 31 40 49 52 58 70 79 82 91 100 109 114 125 128 133 143 155 159
a 1 7 13 25 31 40 49 52 61 70 79 82 91 100 109 114 125 128 133 143 155 159
a 1 7 13 22 31 40 49 52 61 70 79 82 91 100 109 114 125 128 133 143 155 159
a 1 7 19 22 31 40 49 52 61 70 79 82 91 100 109 114 125 128 133 143 155 159
a 1 10 19 22 31 40 49 52 61 70 79 82 91 100 109 114 125 128 133 143 155 159
a 4 10 19 22 31 40 49 52 61 70 79 82 91 100 109 114 125 128 133 143 155 159
a 4 10 19 22 28 40 49 52 61 70 79 82 91 100 109 114 125 128 133 143 155 159
a 4 10 19 22 28 37 49 52 61 70 79 82 91 100 109 114 125 128 133 143 155 159
a 4 10 19 22 28 37 43 52 61 70 79 82 91 100 109 114 125 128 133 143 155 159
a 4 10 19 22 28 37 43 55 61 70 79 82 91 100 109 114 125 128 133 143 155 159
a 4 10 19 22 28 37 43 55 61 70 79 82 88 100 109 114 125 128 133 143 155 159
a 4 10 19 22 28 37 43 55 61 70 79 82 88 97 109 114 125 128 133 143 155 159
a 4 10 19 22 28 37 43 55 61 70 79 82 88 97 103 114 125 128 133 143 155 159
a 4 10 19 22 28 37 43 55 61 70 79 82 94 97 103 114 125 128 133 143 155 159
a 4 10 19 22 28 37 43 53 61 70 79 82 94 97 103 114 125 128 133 143 155 159
a 4 10 19 22 28 37 49 53 61 70 79 82 94 97 103 114 125 128 133 143 155 159
a 4 10 19 22 28 40 49 53 61 70 79 82 94 97 103 114 125 128 133 143 155 159
a 4 10 19 22 31 40 49 53 61 70 79 82 94 97 103 114 125 128 133 143 155 159
a 1 10 19 22 31 40 49 53 61 70 79 82 94 97 103 114 125 128 133 143 155 159
a 1 7 19 22 31 40 49 53 61 70 79 82 94 97 103 114 125 128 133 143 155 159
a 1 7 13 22 31 40 49 53 61 70 79 82 94 97 103 114 125 128 133 143 155 159
a 1 7 13 25 31 40 49 53 61 70 79 82 94 97 103 114 125 128 133 143 155 159
a 1 7 13 25 31 40 49 53 58 70 79 82 94 97 103 114 125 128 133 143 155 159
a 1 7 13 25 31 40 49 53 58 68 79 82 94 97 103 114 125 128 133 143 155 159
a 1 7 13 25 31 40 49 53 58 68 73 82 94 97 103 114 125 128 133 143 155 159
a 1 7 13 25 31 40 49 53 64 68 73 82 94 97 103 114 125 128 133 143 155 159
a 1 7 13 24 31 40 49 53 64 68 73 82 94 97 103 114 125 128 133 143 155 159
a 1 7 19 24 31 40 49 53 64 68 73 82 94 97 103 114 125 128 133 143 155 159
a 1 10 19 24 31 40 49 53 64 68 73 82 94 97 103 114 125 128 133 143 155 159
a 4 10 19 24 31 40 49 53 64 68 73 82 94 97 103 114 125 128 133 143 155 159
a 4 10 19 24 28 40 49 53 64 68 73 82 94 97 103 114 125 128 133 143 155 159
a 4 10 19 24 28 38 49 53 64 68 73 82 94 97 103 114 125 128 133 143 155 159
a 4 10 19 24 28 38 43 53 64 68 73 82 94 97 103 114 125 128 133 143 155 159
a 4 10 19 24 35 38 43 53 64 68 73 82 94 97 103 114 125 128 133 143 155 159
a 3 10 19 24 35 38 43 53 64 68 73 82 94 97 103 114 125 128 133 143 155 159
a 3 7 19 24 35 38 43 53 64 68 73 82 94 97 103 114 125 128 133 143 155 159
a 3 7 14 24 35 38 43 53 64 68 73 82 94 97 103 114 125 128 133 143 155 159
Reconfiguration time = 0.342222
	Command being timed: "timeout 20m ../ddreconf/ddreconf ../instances_pw_col/suzuki_instance_2_5_2_3.pw.col --stfile=../benchmark_instances/2023result/docs/solver/benchmark/hand_made_wide/square_wider/suzuki_instance_2_5_2_3_01.dat --tj --indset --longest"
	User time (seconds): 0.43
	System time (seconds): 0.02
	Percent of CPU this job got: 99%
	Elapsed (wall clock) time (h:mm:ss or m:ss): 0:00.46
	Average shared text size (kbytes): 0
	Average unshared data size (kbytes): 0
	Average stack size (kbytes): 0
	Average total size (kbytes): 0
	Maximum resident set size (kbytes): 38132
	Average resident set size (kbytes): 0
	Major (requiring I/O) page faults: 0
	Minor (reclaiming a frame) page faults: 5673
	Voluntary context switches: 5
	Involuntary context switches: 21
	Swaps: 0
	File system inputs: 32
	File system outputs: 40
	Socket messages sent: 0
	Socket messages received: 0
	Signals delivered: 0
	Page size (bytes): 4096
	Exit status: 0
