Input graph file parsed. # of vertices = 128, # of edges = 436
s 4 8 12 18 22 28 32 38 42 48 52 58 62 68 72 78 82 88 92 98 102 108 112 118 122 128
Solution space ZDD construction start
Solution space ZDD construction end
Solution space ZDD construction time = 0.040488
Solution space ZDD size = 332
# of elements in the solution space = 162292015497931901
Start searching the longest reconfiguration sequence
Step 1 time = 0.000380, # ZDD nodes = 90, # elems = 40
Step 2 time = 0.000391, # ZDD nodes = 154, # elems = 759
Step 3 time = 0.000339, # ZDD nodes = 213, # elems = 9104
Step 4 time = 0.000439, # ZDD nodes = 266, # elems = 77614
Step 5 time = 0.000646, # ZDD nodes = 321, # elems = 501328
Step 6 time = 0.000421, # ZDD nodes = 375, # elems = 2553706
Step 7 time = 0.000482, # ZDD nodes = 424, # elems = 10541200
Step 8 time = 0.000507, # ZDD nodes = 463, # elems = 35948795
Step 9 time = 0.000410, # ZDD nodes = 496, # elems = 102734248
Step 10 time = 0.000339, # ZDD nodes = 527, # elems = 248647541
Step 11 time = 0.000394, # ZDD nodes = 556, # elems = 513800832
Step 12 time = 0.000366, # ZDD nodes = 591, # elems = 912301316
Step 13 time = 0.000516, # ZDD nodes = 630, # elems = 1400009040
Step 14 time = 0.000523, # ZDD nodes = 664, # elems = 1869371516
Step 15 time = 0.000525, # ZDD nodes = 689, # elems = 2195001952
Step 16 time = 0.000485, # ZDD nodes = 710, # elems = 2312145063
Step 17 time = 0.000445, # ZDD nodes = 728, # elems = 2268518456
Step 18 time = 0.000455, # ZDD nodes = 744, # elems = 2198895217
Step 19 time = 0.000466, # ZDD nodes = 758, # elems = 2234509968
Step 20 time = 0.000461, # ZDD nodes = 770, # elems = 2415644446
Step 21 time = 0.000432, # ZDD nodes = 781, # elems = 2668968496
Step 22 time = 0.000474, # ZDD nodes = 798, # elems = 2855540154
Step 23 time = 0.000561, # ZDD nodes = 809, # elems = 2851272400
Step 24 time = 0.000624, # ZDD nodes = 817, # elems = 2618038525
Step 25 time = 0.000606, # ZDD nodes = 818, # elems = 2237834552
Step 26 time = 0.000608, # ZDD nodes = 810, # elems = 1893094339
Step 27 time = 0.000591, # ZDD nodes = 805, # elems = 1792689248
Step 28 time = 0.000645, # ZDD nodes = 815, # elems = 2071946960
Step 29 time = 0.000550, # ZDD nodes = 823, # elems = 2715880496
Step 30 time = 0.000545, # ZDD nodes = 827, # elems = 3547870912
Step 31 time = 0.000528, # ZDD nodes = 831, # elems = 4296096832
Step 32 time = 0.000557, # ZDD nodes = 831, # elems = 4713137728
Step 33 time = 0.000559, # ZDD nodes = 823, # elems = 4693528256
Step 34 time = 0.000595, # ZDD nodes = 830, # elems = 4324296448
Step 35 time = 0.000676, # ZDD nodes = 846, # elems = 3830735360
Step 36 time = 0.000585, # ZDD nodes = 864, # elems = 3443190784
Step 37 time = 0.000672, # ZDD nodes = 895, # elems = 3272432640
Step 38 time = 0.000672, # ZDD nodes = 920, # elems = 3282075648
Step 39 time = 0.000778, # ZDD nodes = 943, # elems = 3372480256
Step 40 time = 0.000775, # ZDD nodes = 945, # elems = 3503695104
Step 41 time = 0.000829, # ZDD nodes = 951, # elems = 3756173312
Step 42 time = 0.000755, # ZDD nodes = 961, # elems = 4271924224
Step 43 time = 0.000907, # ZDD nodes = 971, # elems = 5109384192
Step 44 time = 0.000767, # ZDD nodes = 988, # elems = 6128580608
Step 45 time = 0.000942, # ZDD nodes = 999, # elems = 7019845632
Step 46 time = 0.000921, # ZDD nodes = 1005, # elems = 7476455424
Step 47 time = 0.000924, # ZDD nodes = 1009, # elems = 7386515456
Step 48 time = 0.000781, # ZDD nodes = 1011, # elems = 6901343232
Step 49 time = 0.000791, # ZDD nodes = 1010, # elems = 6335279104
Step 50 time = 0.000771, # ZDD nodes = 1008, # elems = 5976600576
Step 51 time = 0.000723, # ZDD nodes = 988, # elems = 5944692736
Step 52 time = 0.000517, # ZDD nodes = 974, # elems = 6173478912
Step 53 time = 0.000615, # ZDD nodes = 970, # elems = 6490923008
Step 54 time = 0.000701, # ZDD nodes = 970, # elems = 6713749504
Step 55 time = 0.000771, # ZDD nodes = 974, # elems = 6717829120
Step 56 time = 0.000727, # ZDD nodes = 992, # elems = 6492307456
Step 57 time = 0.000946, # ZDD nodes = 1024, # elems = 6181097472
Step 58 time = 0.000990, # ZDD nodes = 1062, # elems = 6086483968
Step 59 time = 0.001270, # ZDD nodes = 1091, # elems = 6585069568
Step 60 time = 0.001226, # ZDD nodes = 1111, # elems = 7924596736
Step 61 time = 0.001337, # ZDD nodes = 1127, # elems = 9985376256
Step 62 time = 0.001279, # ZDD nodes = 1141, # elems = 12209127424
Step 63 time = 0.001057, # ZDD nodes = 1158, # elems = 13823639552
Step 64 time = 0.001022, # ZDD nodes = 1191, # elems = 14253441024
Step 65 time = 0.001019, # ZDD nodes = 1210, # elems = 13451722752
Step 66 time = 0.000999, # ZDD nodes = 1207, # elems = 11934924800
Step 67 time = 0.000951, # ZDD nodes = 1195, # elems = 10486169600
Step 68 time = 0.000995, # ZDD nodes = 1177, # elems = 9717383168
Step 69 time = 0.000980, # ZDD nodes = 1157, # elems = 9785278464
Step 70 time = 0.000882, # ZDD nodes = 1121, # elems = 10418110464
Step 71 time = 0.000993, # ZDD nodes = 1099, # elems = 11161419776
Step 72 time = 0.001221, # ZDD nodes = 1082, # elems = 11648368640
Step 73 time = 0.000990, # ZDD nodes = 1076, # elems = 11766005760
Step 74 time = 0.001097, # ZDD nodes = 1084, # elems = 11663376384
Step 75 time = 0.001088, # ZDD nodes = 1100, # elems = 11605311488
Step 76 time = 0.001094, # ZDD nodes = 1122, # elems = 11774918656
Step 77 time = 0.000947, # ZDD nodes = 1139, # elems = 12175671296
Step 78 time = 0.001031, # ZDD nodes = 1146, # elems = 12691046400
Step 79 time = 0.001175, # ZDD nodes = 1166, # elems = 13250068480
Step 80 time = 0.001117, # ZDD nodes = 1192, # elems = 13999407104
Step 81 time = 0.001103, # ZDD nodes = 1226, # elems = 15340208128
Step 82 time = 0.001111, # ZDD nodes = 1278, # elems = 17692229632
Step 83 time = 0.001509, # ZDD nodes = 1320, # elems = 21094400000
Step 84 time = 0.001078, # ZDD nodes = 1350, # elems = 24972296192
Step 85 time = 0.001085, # ZDD nodes = 1356, # elems = 28295364608
Step 86 time = 0.001342, # ZDD nodes = 1354, # elems = 30050942976
Step 87 time = 0.001099, # ZDD nodes = 1348, # elems = 29787422720
Step 88 time = 0.001304, # ZDD nodes = 1338, # elems = 27918598144
Step 89 time = 0.001474, # ZDD nodes = 1308, # elems = 25524436992
Step 90 time = 0.001193, # ZDD nodes = 1288, # elems = 23755489280
Step 91 time = 0.001124, # ZDD nodes = 1288, # elems = 23278649344
Step 92 time = 0.001243, # ZDD nodes = 1288, # elems = 24095752192
Step 93 time = 0.001423, # ZDD nodes = 1280, # elems = 25688276992
Step 94 time = 0.001252, # ZDD nodes = 1262, # elems = 27332444160
Step 95 time = 0.001554, # ZDD nodes = 1245, # elems = 28461760512
Step 96 time = 0.001400, # ZDD nodes = 1230, # elems = 28902686720
Step 97 time = 0.001288, # ZDD nodes = 1217, # elems = 28873326592
Step 98 time = 0.001299, # ZDD nodes = 1214, # elems = 28819587072
Step 99 time = 0.001431, # ZDD nodes = 1211, # elems = 29221715968
Step 100 time = 0.001100, # ZDD nodes = 1198, # elems = 30386421760
Step 101 time = 0.001177, # ZDD nodes = 1185, # elems = 32246857728
Step 102 time = 0.001154, # ZDD nodes = 1193, # elems = 34310717440
Step 103 time = 0.001144, # ZDD nodes = 1216, # elems = 35905339392
Step 104 time = 0.001191, # ZDD nodes = 1256, # elems = 36655071232
Step 105 time = 0.001399, # ZDD nodes = 1300, # elems = 36836474880
Step 106 time = 0.001452, # ZDD nodes = 1336, # elems = 37354471424
Step 107 time = 0.001642, # ZDD nodes = 1362, # elems = 39106641920
Step 108 time = 0.001217, # ZDD nodes = 1380, # elems = 42255515648
Step 109 time = 0.001416, # ZDD nodes = 1394, # elems = 45738885120
Step 110 time = 0.001231, # ZDD nodes = 1394, # elems = 47934603264
Step 111 time = 0.001231, # ZDD nodes = 1396, # elems = 47643099136
Step 112 time = 0.001376, # ZDD nodes = 1406, # elems = 45083525120
Step 113 time = 0.001244, # ZDD nodes = 1430, # elems = 41634758656
Step 114 time = 0.001390, # ZDD nodes = 1430, # elems = 39149633536
Step 115 time = 0.001233, # ZDD nodes = 1414, # elems = 38758514688
Step 116 time = 0.001226, # ZDD nodes = 1389, # elems = 40396390400
Step 117 time = 0.001144, # ZDD nodes = 1360, # elems = 42863689728
Step 118 time = 0.001508, # ZDD nodes = 1336, # elems = 44690309120
Step 119 time = 0.001096, # ZDD nodes = 1308, # elems = 44912607232
Step 120 time = 0.001032, # ZDD nodes = 1276, # elems = 43499126784
Step 121 time = 0.001171, # ZDD nodes = 1246, # elems = 41195405312
Step 122 time = 0.001067, # ZDD nodes = 1218, # elems = 39044775936
Step 123 time = 0.001180, # ZDD nodes = 1192, # elems = 37920702464
Step 124 time = 0.001312, # ZDD nodes = 1182, # elems = 38256246784
Step 125 time = 0.001022, # ZDD nodes = 1186, # elems = 39925579776
Step 126 time = 0.001013, # ZDD nodes = 1202, # elems = 42224058368
Step 127 time = 0.001298, # ZDD nodes = 1222, # elems = 44094717952
Step 128 time = 0.001242, # ZDD nodes = 1244, # elems = 44619005952
Step 129 time = 0.001271, # ZDD nodes = 1270, # elems = 43553652736
Step 130 time = 0.001145, # ZDD nodes = 1276, # elems = 41540386816
Step 131 time = 0.001438, # ZDD nodes = 1276, # elems = 39686504448
Step 132 time = 0.001326, # ZDD nodes = 1272, # elems = 38797312000
Step 133 time = 0.001327, # ZDD nodes = 1264, # elems = 38793117696
Step 134 time = 0.001144, # ZDD nodes = 1244, # elems = 38893780992
Step 135 time = 0.001360, # ZDD nodes = 1220, # elems = 38247858176
Step 136 time = 0.001266, # ZDD nodes = 1188, # elems = 36540776448
Step 137 time = 0.001406, # ZDD nodes = 1158, # elems = 34129051648
Step 138 time = 0.001069, # ZDD nodes = 1119, # elems = 31914459136
Step 139 time = 0.001029, # ZDD nodes = 1078, # elems = 30765219840
Step 140 time = 0.001620, # ZDD nodes = 1038, # elems = 30941380608
Step 141 time = 0.000932, # ZDD nodes = 1000, # elems = 31855738880
Step 142 time = 0.001052, # ZDD nodes = 964, # elems = 32463912960
Step 143 time = 0.000862, # ZDD nodes = 922, # elems = 31927042048
Step 144 time = 0.000803, # ZDD nodes = 886, # elems = 30115102720
Step 145 time = 0.000779, # ZDD nodes = 872, # elems = 27581743104
Step 146 time = 0.000772, # ZDD nodes = 852, # elems = 25132269568
Step 147 time = 0.000737, # ZDD nodes = 846, # elems = 23437770752
Step 148 time = 0.000724, # ZDD nodes = 872, # elems = 22833790976
Step 149 time = 0.000722, # ZDD nodes = 894, # elems = 23186112512
Step 150 time = 0.000685, # ZDD nodes = 904, # elems = 23924310016
Step 151 time = 0.000674, # ZDD nodes = 908, # elems = 24310185984
Step 152 time = 0.000656, # ZDD nodes = 898, # elems = 23706206208
Step 153 time = 0.000667, # ZDD nodes = 882, # elems = 21860712448
Step 154 time = 0.000636, # ZDD nodes = 846, # elems = 19209912320
Step 155 time = 0.000636, # ZDD nodes = 812, # elems = 16693329920
Step 156 time = 0.000619, # ZDD nodes = 784, # elems = 15082717184
Step 157 time = 0.000590, # ZDD nodes = 758, # elems = 14512291840
Step 158 time = 0.000590, # ZDD nodes = 754, # elems = 14629732352
Step 159 time = 0.000587, # ZDD nodes = 744, # elems = 14898167808
Step 160 time = 0.000886, # ZDD nodes = 734, # elems = 14680064000
Step 161 time = 0.000601, # ZDD nodes = 718, # elems = 13589544960
Step 162 time = 0.000567, # ZDD nodes = 684, # elems = 12046041088
Step 163 time = 0.000526, # ZDD nodes = 653, # elems = 10854858752
Step 164 time = 0.000471, # ZDD nodes = 618, # elems = 10250878976
Step 165 time = 0.000416, # ZDD nodes = 586, # elems = 9932111872
Step 166 time = 0.000691, # ZDD nodes = 554, # elems = 9596567552
Step 167 time = 0.000305, # ZDD nodes = 518, # elems = 8925478912
Step 168 time = 0.000270, # ZDD nodes = 478, # elems = 7717519360
Step 169 time = 0.000256, # ZDD nodes = 428, # elems = 6308233216
Step 170 time = 0.000239, # ZDD nodes = 380, # elems = 5234491392
Step 171 time = 0.000233, # ZDD nodes = 340, # elems = 4563402752
Step 172 time = 0.000217, # ZDD nodes = 304, # elems = 4093640704
Step 173 time = 0.000214, # ZDD nodes = 276, # elems = 3892314112
Step 174 time = 0.000214, # ZDD nodes = 272, # elems = 4026531840
Step 175 time = 0.000207, # ZDD nodes = 272, # elems = 4160749568
Step 176 time = 0.000206, # ZDD nodes = 268, # elems = 3959422976
Step 177 time = 0.000206, # ZDD nodes = 258, # elems = 3489660928
Step 178 time = 0.000205, # ZDD nodes = 234, # elems = 2885681152
Step 179 time = 0.000190, # ZDD nodes = 210, # elems = 2147483648
Step 180 time = 0.000186, # ZDD nodes = 192, # elems = 1543503872
Step 181 time = 0.000184, # ZDD nodes = 184, # elems = 1476395008
Step 182 time = 0.000185, # ZDD nodes = 186, # elems = 1811939328
Step 183 time = 0.000185, # ZDD nodes = 194, # elems = 2080374784
Step 184 time = 0.000187, # ZDD nodes = 194, # elems = 2080374784
Step 185 time = 0.000181, # ZDD nodes = 178, # elems = 1744830464
Step 186 time = 0.000179, # ZDD nodes = 144, # elems = 1073741824
Step 187 time = 0.000166, # ZDD nodes = 102, # elems = 402653184
Step 188 time = 0.000150, # ZDD nodes = 52, # elems = 67108864
Step 189 time = 0.000013, # ZDD nodes = 0, # elems = 0
a 4 8 12 18 22 28 32 38 42 48 52 58 62 68 72 78 82 88 92 98 102 108 112 118 122 128
a 1 8 12 18 22 28 32 38 42 48 52 58 62 68 72 78 82 88 92 98 102 108 112 118 122 128
a 1 5 12 18 22 28 32 38 42 48 52 58 62 68 72 78 82 88 92 98 102 108 112 118 122 128
a 1 5 9 18 22 28 32 38 42 48 52 58 62 68 72 78 82 88 92 98 102 108 112 118 122 128
a 1 5 9 15 22 28 32 38 42 48 52 58 62 68 72 78 82 88 92 98 102 108 112 118 122 128
a 1 5 13 15 22 28 32 38 42 48 52 58 62 68 72 78 82 88 92 98 102 108 112 118 122 128
a 1 7 13 15 22 28 32 38 42 48 52 58 62 68 72 78 82 88 92 98 102 108 112 118 122 128
a 3 7 13 15 22 28 32 38 42 48 52 58 62 68 72 78 82 88 92 98 102 108 112 118 122 128
a 3 7 13 15 19 28 32 38 42 48 52 58 62 68 72 78 82 88 92 98 102 108 112 118 122 128
a 3 7 13 15 19 25 32 38 42 48 52 58 62 68 72 78 82 88 92 98 102 108 112 118 122 128
a 3 7 13 15 19 25 29 38 42 48 52 58 62 68 72 78 82 88 92 98 102 108 112 118 122 128
a 3 7 13 15 19 25 29 35 42 48 52 58 62 68 72 78 82 88 92 98 102 108 112 118 122 128
a 3 7 13 15 19 25 33 35 42 48 52 58 62 68 72 78 82 88 92 98 102 108 112 118 122 128
a 3 7 13 15 19 27 33 35 42 48 52 58 62 68 72 78 82 88 92 98 102 108 112 118 122 128
a 3 7 13 15 21 27 33 35 42 48 52 58 62 68 72 78 82 88 92 98 102 108 112 118 122 128
a 1 7 13 15 21 27 33 35 42 48 52 58 62 68 72 78 82 88 92 98 102 108 112 118 122 128
a 1 5 13 15 21 27 33 35 42 48 52 58 62 68 72 78 82 88 92 98 102 108 112 118 122 128
a 1 5 9 15 21 27 33 35 42 48 52 58 62 68 72 78 82 88 92 98 102 108 112 118 122 128
a 1 5 9 17 21 27 33 35 42 48 52 58 62 68 72 78 82 88 92 98 102 108 112 118 122 128
a 1 5 9 17 21 27 33 35 39 48 52 58 62 68 72 78 82 88 92 98 102 108 112 118 122 128
a 1 5 9 17 21 27 33 35 39 45 52 58 62 68 72 78 82 88 92 98 102 108 112 118 122 128
a 1 5 9 17 21 27 33 35 39 45 49 58 62 68 72 78 82 88 92 98 102 108 112 118 122 128
a 1 5 9 17 21 27 33 35 39 45 49 55 62 68 72 78 82 88 92 98 102 108 112 118 122 128
a 1 5 9 17 21 27 33 35 39 45 53 55 62 68 72 78 82 88 92 98 102 108 112 118 122 128
a 1 5 9 17 21 27 33 35 39 47 53 55 62 68 72 78 82 88 92 98 102 108 112 118 122 128
a 1 5 9 17 21 27 33 35 41 47 53 55 62 68 72 78 82 88 92 98 102 108 112 118 122 128
a 1 5 9 15 21 27 33 35 41 47 53 55 62 68 72 78 82 88 92 98 102 108 112 118 122 128
a 1 5 13 15 21 27 33 35 41 47 53 55 62 68 72 78 82 88 92 98 102 108 112 118 122 128
a 1 7 13 15 21 27 33 35 41 47 53 55 62 68 72 78 82 88 92 98 102 108 112 118 122 128
a 3 7 13 15 21 27 33 35 41 47 53 55 62 68 72 78 82 88 92 98 102 108 112 118 122 128
a 3 7 13 15 19 27 33 35 41 47 53 55 62 68 72 78 82 88 92 98 102 108 112 118 122 128
a 3 7 13 15 19 25 33 35 41 47 53 55 62 68 72 78 82 88 92 98 102 108 112 118 122 128
a 3 7 13 15 19 25 29 35 41 47 53 55 62 68 72 78 82 88 92 98 102 108 112 118 122 128
a 3 7 13 15 19 25 29 37 41 47 53 55 62 68 72 78 82 88 92 98 102 108 112 118 122 128
a 3 7 13 15 19 25 29 37 41 47 53 55 59 68 72 78 82 88 92 98 102 108 112 118 122 128
a 3 7 13 15 19 25 29 37 41 47 53 55 59 65 72 78 82 88 92 98 102 108 112 118 122 128
a 3 7 13 15 19 25 29 37 41 47 53 55 59 65 69 78 82 88 92 98 102 108 112 118 122 128
a 3 7 13 15 19 25 29 37 41 47 53 55 59 65 69 75 82 88 92 98 102 108 112 118 122 128
a 3 7 13 15 19 25 29 37 41 47 53 55 59 65 73 75 82 88 92 98 102 108 112 118 122 128
a 3 7 13 15 19 25 29 37 41 47 53 55 59 67 73 75 82 88 92 98 102 108 112 118 122 128
a 3 7 13 15 19 25 29 37 41 47 53 55 61 67 73 75 82 88 92 98 102 108 112 118 122 128
a 3 7 13 15 19 25 29 35 41 47 53 55 61 67 73 75 82 88 92 98 102 108 112 118 122 128
a 3 7 13 15 19 25 33 35 41 47 53 55 61 67 73 75 82 88 92 98 102 108 112 118 122 128
a 3 7 13 15 19 27 33 35 41 47 53 55 61 67 73 75 82 88 92 98 102 108 112 118 122 128
a 3 7 13 15 21 27 33 35 41 47 53 55 61 67 73 75 82 88 92 98 102 108 112 118 122 128
a 1 7 13 15 21 27 33 35 41 47 53 55 61 67 73 75 82 88 92 98 102 108 112 118 122 128
a 1 5 13 15 21 27 33 35 41 47 53 55 61 67 73 75 82 88 92 98 102 108 112 118 122 128
a 1 5 9 15 21 27 33 35 41 47 53 55 61 67 73 75 82 88 92 98 102 108 112 118 122 128
a 1 5 9 17 21 27 33 35 41 47 53 55 61 67 73 75 82 88 92 98 102 108 112 118 122 128
a 1 5 9 17 21 27 33 35 39 47 53 55 61 67 73 75 82 88 92 98 102 108 112 118 122 128
a 1 5 9 17 21 27 33 35 39 45 53 55 61 67 73 75 82 88 92 98 102 108 112 118 122 128
a 1 5 9 17 21 27 33 35 39 45 49 55 61 67 73 75 82 88 92 98 102 108 112 118 122 128
a 1 5 9 17 21 27 33 35 39 45 49 57 61 67 73 75 82 88 92 98 102 108 112 118 122 128
a 1 5 9 17 21 27 33 35 39 45 49 57 61 67 73 75 79 88 92 98 102 108 112 118 122 128
a 1 5 9 17 21 27 33 35 39 45 49 57 61 67 73 75 79 85 92 98 102 108 112 118 122 128
a 1 5 9 17 21 27 33 35 39 45 49 57 61 67 73 75 79 85 89 98 102 108 112 118 122 128
a 1 5 9 17 21 27 33 35 39 45 49 57 61 67 73 75 79 85 89 95 102 108 112 118 122 128
a 1 5 9 17 21 27 33 35 39 45 49 57 61 67 73 75 79 85 93 95 102 108 112 118 122 128
a 1 5 9 17 21 27 33 35 39 45 49 57 61 67 73 75 79 87 93 95 102 108 112 118 122 128
a 1 5 9 17 21 27 33 35 39 45 49 57 61 67 73 75 81 87 93 95 102 108 112 118 122 128
a 1 5 9 17 21 27 33 35 39 45 49 55 61 67 73 75 81 87 93 95 102 108 112 118 122 128
a 1 5 9 17 21 27 33 35 39 45 53 55 61 67 73 75 81 87 93 95 102 108 112 118 122 128
a 1 5 9 17 21 27 33 35 39 47 53 55 61 67 73 75 81 87 93 95 102 108 112 118 122 128
a 1 5 9 17 21 27 33 35 41 47 53 55 61 67 73 75 81 87 93 95 102 108 112 118 122 128
a 1 5 9 15 21 27 33 35 41 47 53 55 61 67 73 75 81 87 93 95 102 108 112 118 122 128
a 1 5 13 15 21 27 33 35 41 47 53 55 61 67 73 75 81 87 93 95 102 108 112 118 122 128
a 1 7 13 15 21 27 33 35 41 47 53 55 61 67 73 75 81 87 93 95 102 108 112 118 122 128
a 3 7 13 15 21 27 33 35 41 47 53 55 61 67 73 75 81 87 93 95 102 108 112 118 122 128
a 3 7 13 15 19 27 33 35 41 47 53 55 61 67 73 75 81 87 93 95 102 108 112 118 122 128
a 3 7 13 15 19 25 33 35 41 47 53 55 61 67 73 75 81 87 93 95 102 108 112 118 122 128
a 3 7 13 15 19 25 29 35 41 47 53 55 61 67 73 75 81 87 93 95 102 108 112 118 122 128
a 3 7 13 15 19 25 29 37 41 47 53 55 61 67 73 75 81 87 93 95 102 108 112 118 122 128
a 3 7 13 15 19 25 29 37 41 47 53 55 59 67 73 75 81 87 93 95 102 108 112 118 122 128
a 3 7 13 15 19 25 29 37 41 47 53 55 59 65 73 75 81 87 93 95 102 108 112 118 122 128
a 3 7 13 15 19 25 29 37 41 47 53 55 59 65 69 75 81 87 93 95 102 108 112 118 122 128
a 3 7 13 15 19 25 29 37 41 47 53 55 59 65 69 77 81 87 93 95 102 108 112 118 122 128
a 3 7 13 15 19 25 29 37 41 47 53 55 59 65 69 77 81 87 93 95 99 108 112 118 122 128
a 3 7 13 15 19 25 29 37 41 47 53 55 59 65 69 77 81 87 93 95 99 105 112 118 122 128
a 3 7 13 15 19 25 29 37 41 47 53 55 59 65 69 77 81 87 93 95 99 105 109 118 122 128
a 3 7 13 15 19 25 29 37 41 47 53 55 59 65 69 77 81 87 93 95 99 105 109 116 122 128
a 3 7 13 15 19 25 29 37 41 47 53 55 59 65 69 77 81 87 93 95 99 105 113 116 122 128
a 3 7 13 15 19 25 29 37 41 47 53 55 59 65 69 77 81 87 93 95 99 107 113 116 122 128
a 3 7 13 15 19 25 29 37 41 47 53 55 59 65 69 77 81 87 93 95 101 107 113 116 122 128
a 3 7 13 15 19 25 29 37 41 47 53 55 59 65 69 75 81 87 93 95 101 107 113 116 122 128
a 3 7 13 15 19 25 29 37 41 47 53 55 59 65 73 75 81 87 93 95 101 107 113 116 122 128
a 3 7 13 15 19 25 29 37 41 47 53 55 59 67 73 75 81 87 93 95 101 107 113 116 122 128
a 3 7 13 15 19 25 29 37 41 47 53 55 61 67 73 75 81 87 93 95 101 107 113 116 122 128
a 3 7 13 15 19 25 29 35 41 47 53 55 61 67 73 75 81 87 93 95 101 107 113 116 122 128
a 3 7 13 15 19 25 33 35 41 47 53 55 61 67 73 75 81 87 93 95 101 107 113 116 122 128
a 3 7 13 15 19 27 33 35 41 47 53 55 61 67 73 75 81 87 93 95 101 107 113 116 122 128
a 3 7 13 15 21 27 33 35 41 47 53 55 61 67 73 75 81 87 93 95 101 107 113 116 122 128
a 1 7 13 15 21 27 33 35 41 47 53 55 61 67 73 75 81 87 93 95 101 107 113 116 122 128
a 1 5 13 15 21 27 33 35 41 47 53 55 61 67 73 75 81 87 93 95 101 107 113 116 122 128
a 1 5 9 15 21 27 33 35 41 47 53 55 61 67 73 75 81 87 93 95 101 107 113 116 122 128
a 1 5 9 17 21 27 33 35 41 47 53 55 61 67 73 75 81 87 93 95 101 107 113 116 122 128
a 1 5 9 17 21 27 33 35 39 47 53 55 61 67 73 75 81 87 93 95 101 107 113 116 122 128
a 1 5 9 17 21 27 33 35 39 45 53 55 61 67 73 75 81 87 93 95 101 107 113 116 122 128
a 1 5 9 17 21 27 33 35 39 45 49 55 61 67 73 75 81 87 93 95 101 107 113 116 122 128
a 1 5 9 17 21 27 33 35 39 45 49 57 61 67 73 75 81 87 93 95 101 107 113 116 122 128
a 1 5 9 17 21 27 33 35 39 45 49 57 61 67 73 75 79 87 93 95 101 107 113 116 122 128
a 1 5 9 17 21 27 33 35 39 45 49 57 61 67 73 75 79 85 93 95 101 107 113 116 122 128
a 1 5 9 17 21 27 33 35 39 45 49 57 61 67 73 75 79 85 89 95 101 107 113 116 122 128
a 1 5 9 17 21 27 33 35 39 45 49 57 61 67 73 75 79 85 89 97 101 107 113 116 122 128
a 1 5 9 17 21 27 33 35 39 45 49 57 61 67 73 75 79 85 89 97 101 107 113 116 119 128
a 1 5 9 17 21 27 33 35 39 45 49 57 61 67 73 75 79 85 89 97 101 107 113 116 119 125
a 1 5 9 17 21 27 33 35 39 45 49 57 61 67 73 75 79 85 89 97 101 107 113 116 124 125
a 1 5 9 17 21 27 33 35 39 45 49 57 61 67 73 75 79 85 89 95 101 107 113 116 124 125
a 1 5 9 17 21 27 33 35 39 45 49 57 61 67 73 75 79 85 93 95 101 107 113 116 124 125
a 1 5 9 17 21 27 33 35 39 45 49 57 61 67 73 75 79 87 93 95 101 107 113 116 124 125
a 1 5 9 17 21 27 33 35 39 45 49 57 61 67 73 75 81 87 93 95 101 107 113 116 124 125
a 1 5 9 17 21 27 33 35 39 45 49 55 61 67 73 75 81 87 93 95 101 107 113 116 124 125
a 1 5 9 17 21 27 33 35 39 45 53 55 61 67 73 75 81 87 93 95 101 107 113 116 124 125
a 1 5 9 17 21 27 33 35 39 47 53 55 61 67 73 75 81 87 93 95 101 107 113 116 124 125
a 1 5 9 17 21 27 33 35 41 47 53 55 61 67 73 75 81 87 93 95 101 107 113 116 124 125
a 1 5 9 15 21 27 33 35 41 47 53 55 61 67 73 75 81 87 93 95 101 107 113 116 124 125
a 1 5 13 15 21 27 33 35 41 47 53 55 61 67 73 75 81 87 93 95 101 107 113 116 124 125
a 1 7 13 15 21 27 33 35 41 47 53 55 61 67 73 75 81 87 93 95 101 107 113 116 124 125
a 3 7 13 15 21 27 33 35 41 47 53 55 61 67 73 75 81 87 93 95 101 107 113 116 124 125
a 3 7 13 15 19 27 33 35 41 47 53 55 61 67 73 75 81 87 93 95 101 107 113 116 124 125
a 3 7 13 15 19 25 33 35 41 47 53 55 61 67 73 75 81 87 93 95 101 107 113 116 124 125
a 3 7 13 15 19 25 29 35 41 47 53 55 61 67 73 75 81 87 93 95 101 107 113 116 124 125
a 3 7 13 15 19 25 29 37 41 47 53 55 61 67 73 75 81 87 93 95 101 107 113 116 124 125
a 3 7 13 15 19 25 29 37 41 47 53 55 59 67 73 75 81 87 93 95 101 107 113 116 124 125
a 3 7 13 15 19 25 29 37 41 47 53 55 59 65 73 75 81 87 93 95 101 107 113 116 124 125
a 3 7 13 15 19 25 29 37 41 47 53 55 59 65 69 75 81 87 93 95 101 107 113 116 124 125
a 3 7 13 15 19 25 29 37 41 47 53 55 59 65 69 77 81 87 93 95 101 107 113 116 124 125
a 3 7 13 15 19 25 29 37 41 47 53 55 59 65 69 77 81 87 93 95 99 107 113 116 124 125
a 3 7 13 15 19 25 29 37 41 47 53 55 59 65 69 77 81 87 93 95 99 105 113 116 124 125
a 3 7 13 15 19 25 29 37 41 47 53 55 59 65 69 77 81 87 93 95 99 105 110 116 124 125
a 3 7 13 15 19 25 29 37 41 47 53 55 59 65 69 77 81 87 93 95 103 105 110 116 124 125
a 3 7 13 15 19 25 29 37 41 47 53 55 59 65 69 75 81 87 93 95 103 105 110 116 124 125
a 3 7 13 15 19 25 29 37 41 47 53 55 59 65 73 75 81 87 93 95 103 105 110 116 124 125
a 3 7 13 15 19 25 29 37 41 47 53 55 59 67 73 75 81 87 93 95 103 105 110 116 124 125
a 3 7 13 15 19 25 29 37 41 47 53 55 61 67 73 75 81 87 93 95 103 105 110 116 124 125
a 3 7 13 15 19 25 29 35 41 47 53 55 61 67 73 75 81 87 93 95 103 105 110 116 124 125
a 3 7 13 15 19 25 33 35 41 47 53 55 61 67 73 75 81 87 93 95 103 105 110 116 124 125
a 3 7 13 15 19 27 33 35 41 47 53 55 61 67 73 75 81 87 93 95 103 105 110 116 124 125
a 3 7 13 15 21 27 33 35 41 47 53 55 61 67 73 75 81 87 93 95 103 105 110 116 124 125
a 1 7 13 15 21 27 33 35 41 47 53 55 61 67 73 75 81 87 93 95 103 105 110 116 124 125
a 1 5 13 15 21 27 33 35 41 47 53 55 61 67 73 75 81 87 93 95 103 105 110 116 124 125
a 1 5 9 15 21 27 33 35 41 47 53 55 61 67 73 75 81 87 93 95 103 105 110 116 124 125
a 1 5 9 17 21 27 33 35 41 47 53 55 61 67 73 75 81 87 93 95 103 105 110 116 124 125
a 1 5 9 17 21 27 33 35 39 47 53 55 61 67 73 75 81 87 93 95 103 105 110 116 124 125
a 1 5 9 17 21 27 33 35 39 45 53 55 61 67 73 75 81 87 93 95 103 105 110 116 124 125
a 1 5 9 17 21 27 33 35 39 45 49 55 61 67 73 75 81 87 93 95 103 105 110 116 124 125
a 1 5 9 17 21 27 33 35 39 45 49 57 61 67 73 75 81 87 93 95 103 105 110 116 124 125
a 1 5 9 17 21 27 33 35 39 45 49 57 61 67 73 75 79 87 93 95 103 105 110 116 124 125
a 1 5 9 17 21 27 33 35 39 45 49 57 61 67 73 75 79 85 93 95 103 105 110 116 124 125
a 1 5 9 17 21 27 33 35 39 45 49 57 61 67 73 75 79 85 90 95 103 105 110 116 124 125
a 1 5 9 17 21 27 33 35 39 45 49 57 61 67 73 75 83 85 90 95 103 105 110 116 124 125
a 1 5 9 17 21 27 33 35 39 45 49 56 61 67 73 75 83 85 90 95 103 105 110 116 124 125
a 1 5 9 17 21 27 33 35 39 45 53 56 61 67 73 75 83 85 90 95 103 105 110 116 124 125
a 1 5 9 17 21 27 33 35 39 47 53 56 61 67 73 75 83 85 90 95 103 105 110 116 124 125
a 1 5 9 17 21 27 33 35 41 47 53 56 61 67 73 75 83 85 90 95 103 105 110 116 124 125
a 1 5 9 15 21 27 33 35 41 47 53 56 61 67 73 75 83 85 90 95 103 105 110 116 124 125
a 1 5 13 15 21 27 33 35 41 47 53 56 61 67 73 75 83 85 90 95 103 105 110 116 124 125
a 1 7 13 15 21 27 33 35 41 47 53 56 61 67 73 75 83 85 90 95 103 105 110 116 124 125
a 3 7 13 15 21 27 33 35 41 47 53 56 61 67 73 75 83 85 90 95 103 105 110 116 124 125
a 3 7 13 15 19 27 33 35 41 47 53 56 61 67 73 75 83 85 90 95 103 105 110 116 124 125
a 3 7 13 15 19 25 33 35 41 47 53 56 61 67 73 75 83 85 90 95 103 105 110 116 124 125
a 3 7 13 15 19 25 29 35 41 47 53 56 61 67 73 75 83 85 90 95 103 105 110 116 124 125
a 3 7 13 15 19 25 29 37 41 47 53 56 61 67 73 75 83 85 90 95 103 105 110 116 124 125
a 3 7 13 15 19 25 29 37 41 47 53 56 59 67 73 75 83 85 90 95 103 105 110 116 124 125
a 3 7 13 15 19 25 29 37 41 47 53 56 59 66 73 75 83 85 90 95 103 105 110 116 124 125
a 3 7 13 15 19 25 29 37 41 47 53 56 59 66 70 75 83 85 90 95 103 105 110 116 124 125
a 3 7 13 15 19 25 29 37 41 47 53 56 64 66 70 75 83 85 90 95 103 105 110 116 124 125
a 3 7 13 15 19 25 29 35 41 47 53 56 64 66 70 75 83 85 90 95 103 105 110 116 124 125
a 3 7 13 15 19 25 33 35 41 47 53 56 64 66 70 75 83 85 90 95 103 105 110 116 124 125
a 3 7 13 15 19 27 33 35 41 47 53 56 64 66 70 75 83 85 90 95 103 105 110 116 124 125
a 3 7 13 15 21 27 33 35 41 47 53 56 64 66 70 75 83 85 90 95 103 105 110 116 124 125
a 1 7 13 15 21 27 33 35 41 47 53 56 64 66 70 75 83 85 90 95 103 105 110 116 124 125
a 1 5 13 15 21 27 33 35 41 47 53 56 64 66 70 75 83 85 90 95 103 105 110 116 124 125
a 1 5 9 15 21 27 33 35 41 47 53 56 64 66 70 75 83 85 90 95 103 105 110 116 124 125
a 1 5 9 17 21 27 33 35 41 47 53 56 64 66 70 75 83 85 90 95 103 105 110 116 124 125
a 1 5 9 17 21 27 33 35 39 47 53 56 64 66 70 75 83 85 90 95 103 105 110 116 124 125
a 1 5 9 17 21 27 33 35 39 46 53 56 64 66 70 75 83 85 90 95 103 105 110 116 124 125
a 1 5 9 17 21 27 33 35 39 46 49 56 64 66 70 75 83 85 90 95 103 105 110 116 124 125
a 1 5 9 17 21 27 33 35 44 46 49 56 64 66 70 75 83 85 90 95 103 105 110 116 124 125
a 1 5 9 15 21 27 33 35 44 46 49 56 64 66 70 75 83 85 90 95 103 105 110 116 124 125
a 1 5 13 15 21 27 33 35 44 46 49 56 64 66 70 75 83 85 90 95 103 105 110 116 124 125
a 1 7 13 15 21 27 33 35 44 46 49 56 64 66 70 75 83 85 90 95 103 105 110 116 124 125
a 3 7 13 15 21 27 33 35 44 46 49 56 64 66 70 75 83 85 90 95 103 105 110 116 124 125
a 3 7 13 15 19 27 33 35 44 46 49 56 64 66 70 75 83 85 90 95 103 105 110 116 124 125
a 3 7 13 15 19 25 33 35 44 46 49 56 64 66 70 75 83 85 90 95 103 105 110 116 124 125
a 3 7 13 15 19 25 29 35 44 46 49 56 64 66 70 75 83 85 90 95 103 105 110 116 124 125
a 3 7 13 15 23 25 29 35 44 46 49 56 64 66 70 75 83 85 90 95 103 105 110 116 124 125
a 2 7 13 15 23 25 29 35 44 46 49 56 64 66 70 75 83 85 90 95 103 105 110 116 124 125
a 2 5 13 15 23 25 29 35 44 46 49 56 64 66 70 75 83 85 90 95 103 105 110 116 124 125
a 2 5 9 15 23 25 29 35 44 46 49 56 64 66 70 75 83 85 90 95 103 105 110 116 124 125
Reconfiguration time = 0.452444
	Command being timed: "timeout 20m ../ddreconf/ddreconf ../instances_pw_col/suzuki_instance_2_6_2_2.pw.col --stfile=../benchmark_instances/2023result/docs/solver/benchmark/hand_made_wide/square_wide/suzuki_instance_2_6_2_2_01.dat --tj --indset --longest"
	User time (seconds): 0.46
	System time (seconds): 0.04
	Percent of CPU this job got: 99%
	Elapsed (wall clock) time (h:mm:ss or m:ss): 0:00.50
	Average shared text size (kbytes): 0
	Average unshared data size (kbytes): 0
	Average stack size (kbytes): 0
	Average total size (kbytes): 0
	Maximum resident set size (kbytes): 36084
	Average resident set size (kbytes): 0
	Major (requiring I/O) page faults: 0
	Minor (reclaiming a frame) page faults: 12883
	Voluntary context switches: 5
	Involuntary context switches: 21
	Swaps: 0
	File system inputs: 24
	File system outputs: 64
	Socket messages sent: 0
	Socket messages received: 0
	Signals delivered: 0
	Page size (bytes): 4096
	Exit status: 0
