Input graph file parsed. # of vertices = 108, # of edges = 366
s 4 8 12 18 22 28 32 38 42 48 52 58 62 68 72 78 82 88 92 98 102 108
Solution space ZDD construction start
Solution space ZDD construction end
Solution space ZDD construction time = 0.029212
Solution space ZDD size = 260
# of elements in the solution space = 361965481870785
Start searching the longest reconfiguration sequence
Step 1 time = 0.000320, # ZDD nodes = 79, # elems = 34
Step 2 time = 0.000550, # ZDD nodes = 136, # elems = 543
Step 3 time = 0.000366, # ZDD nodes = 185, # elems = 5428
Step 4 time = 0.000572, # ZDD nodes = 234, # elems = 38187
Step 5 time = 0.000489, # ZDD nodes = 282, # elems = 201538
Step 6 time = 0.000432, # ZDD nodes = 325, # elems = 830325
Step 7 time = 0.000426, # ZDD nodes = 362, # elems = 2742640
Step 8 time = 0.000534, # ZDD nodes = 391, # elems = 7399114
Step 9 time = 0.000405, # ZDD nodes = 415, # elems = 16520020
Step 10 time = 0.000300, # ZDD nodes = 438, # elems = 30820678
Step 11 time = 0.000356, # ZDD nodes = 465, # elems = 48417464
Step 12 time = 0.000408, # ZDD nodes = 496, # elems = 64550854
Step 13 time = 0.000474, # ZDD nodes = 527, # elems = 73927508
Step 14 time = 0.000596, # ZDD nodes = 552, # elems = 74559546
Step 15 time = 0.000577, # ZDD nodes = 569, # elems = 69753648
Step 16 time = 0.000453, # ZDD nodes = 580, # elems = 65980981
Step 17 time = 0.000396, # ZDD nodes = 587, # elems = 68210810
Step 18 time = 0.000441, # ZDD nodes = 593, # elems = 76643467
Step 19 time = 0.000382, # ZDD nodes = 594, # elems = 87048692
Step 20 time = 0.000405, # ZDD nodes = 589, # elems = 93579647
Step 21 time = 0.000377, # ZDD nodes = 578, # elems = 91839210
Step 22 time = 0.000407, # ZDD nodes = 567, # elems = 81131809
Step 23 time = 0.000491, # ZDD nodes = 563, # elems = 65468480
Step 24 time = 0.000562, # ZDD nodes = 572, # elems = 52514896
Step 25 time = 0.000600, # ZDD nodes = 580, # elems = 50287696
Step 26 time = 0.000554, # ZDD nodes = 584, # elems = 63109184
Step 27 time = 0.000610, # ZDD nodes = 586, # elems = 89027392
Step 28 time = 0.000569, # ZDD nodes = 588, # elems = 120050752
Step 29 time = 0.000466, # ZDD nodes = 587, # elems = 145292352
Step 30 time = 0.000549, # ZDD nodes = 590, # elems = 155906304
Step 31 time = 0.000605, # ZDD nodes = 603, # elems = 149561088
Step 32 time = 0.000531, # ZDD nodes = 616, # elems = 131819776
Step 33 time = 0.000477, # ZDD nodes = 627, # elems = 112936448
Step 34 time = 0.000630, # ZDD nodes = 634, # elems = 101510656
Step 35 time = 0.000587, # ZDD nodes = 635, # elems = 99553024
Step 36 time = 0.000576, # ZDD nodes = 626, # elems = 102920960
Step 37 time = 0.000566, # ZDD nodes = 617, # elems = 106354688
Step 38 time = 0.000653, # ZDD nodes = 618, # elems = 108833792
Step 39 time = 0.000824, # ZDD nodes = 628, # elems = 115352576
Step 40 time = 0.000740, # ZDD nodes = 635, # elems = 133264384
Step 41 time = 0.000709, # ZDD nodes = 654, # elems = 164954112
Step 42 time = 0.000667, # ZDD nodes = 673, # elems = 202999808
Step 43 time = 0.000713, # ZDD nodes = 688, # elems = 233234432
Step 44 time = 0.000751, # ZDD nodes = 692, # elems = 243842048
Step 45 time = 0.000798, # ZDD nodes = 690, # elems = 233119744
Step 46 time = 0.000760, # ZDD nodes = 689, # elems = 210288640
Step 47 time = 0.000755, # ZDD nodes = 682, # elems = 189222912
Step 48 time = 0.000740, # ZDD nodes = 672, # elems = 179818496
Step 49 time = 0.000636, # ZDD nodes = 658, # elems = 183447552
Step 50 time = 0.000530, # ZDD nodes = 634, # elems = 194998272
Step 51 time = 0.000545, # ZDD nodes = 612, # elems = 207478784
Step 52 time = 0.000610, # ZDD nodes = 602, # elems = 214695936
Step 53 time = 0.000514, # ZDD nodes = 596, # elems = 212676608
Step 54 time = 0.000553, # ZDD nodes = 612, # elems = 201555968
Step 55 time = 0.000594, # ZDD nodes = 630, # elems = 186978304
Step 56 time = 0.000792, # ZDD nodes = 662, # elems = 180912128
Step 57 time = 0.000929, # ZDD nodes = 700, # elems = 200392704
Step 58 time = 0.001064, # ZDD nodes = 734, # elems = 259702784
Step 59 time = 0.000940, # ZDD nodes = 760, # elems = 356941824
Step 60 time = 0.001290, # ZDD nodes = 785, # elems = 467976192
Step 61 time = 0.001108, # ZDD nodes = 802, # elems = 555843584
Step 62 time = 0.001024, # ZDD nodes = 803, # elems = 589643776
Step 63 time = 0.000938, # ZDD nodes = 800, # elems = 562003968
Step 64 time = 0.000993, # ZDD nodes = 787, # elems = 494469120
Step 65 time = 0.000881, # ZDD nodes = 768, # elems = 425721856
Step 66 time = 0.000684, # ZDD nodes = 736, # elems = 388612096
Step 67 time = 0.000647, # ZDD nodes = 684, # elems = 393428992
Step 68 time = 0.000731, # ZDD nodes = 642, # elems = 427819008
Step 69 time = 0.000730, # ZDD nodes = 622, # elems = 469172224
Step 70 time = 0.000897, # ZDD nodes = 612, # elems = 498073600
Step 71 time = 0.000775, # ZDD nodes = 632, # elems = 506986496
Step 72 time = 0.000848, # ZDD nodes = 656, # elems = 502661120
Step 73 time = 0.000780, # ZDD nodes = 678, # elems = 499515392
Step 74 time = 0.000738, # ZDD nodes = 690, # elems = 507838464
Step 75 time = 0.000722, # ZDD nodes = 704, # elems = 527499264
Step 76 time = 0.000791, # ZDD nodes = 714, # elems = 553058304
Step 77 time = 0.001105, # ZDD nodes = 733, # elems = 583008256
Step 78 time = 0.000750, # ZDD nodes = 756, # elems = 621084672
Step 79 time = 0.000755, # ZDD nodes = 778, # elems = 674037760
Step 80 time = 0.000928, # ZDD nodes = 784, # elems = 736034816
Step 81 time = 0.000916, # ZDD nodes = 786, # elems = 789643264
Step 82 time = 0.000755, # ZDD nodes = 784, # elems = 807337984
Step 83 time = 0.000807, # ZDD nodes = 772, # elems = 781189120
Step 84 time = 0.000713, # ZDD nodes = 744, # elems = 721158144
Step 85 time = 0.000705, # ZDD nodes = 712, # elems = 657981440
Step 86 time = 0.000758, # ZDD nodes = 680, # elems = 613416960
Step 87 time = 0.000809, # ZDD nodes = 660, # elems = 596639744
Step 88 time = 0.000780, # ZDD nodes = 646, # elems = 596639744
Step 89 time = 0.000622, # ZDD nodes = 634, # elems = 601358336
Step 90 time = 0.000629, # ZDD nodes = 648, # elems = 602931200
Step 91 time = 0.000634, # ZDD nodes = 662, # elems = 603193344
Step 92 time = 0.000677, # ZDD nodes = 672, # elems = 608174080
Step 93 time = 0.000747, # ZDD nodes = 674, # elems = 619446272
Step 94 time = 0.001012, # ZDD nodes = 668, # elems = 629407744
Step 95 time = 0.000835, # ZDD nodes = 653, # elems = 628097024
Step 96 time = 0.000677, # ZDD nodes = 648, # elems = 615776256
Step 97 time = 0.000839, # ZDD nodes = 648, # elems = 601358336
Step 98 time = 0.000825, # ZDD nodes = 652, # elems = 593231872
Step 99 time = 0.000661, # ZDD nodes = 638, # elems = 593494016
Step 100 time = 0.000590, # ZDD nodes = 614, # elems = 592445440
Step 101 time = 0.000559, # ZDD nodes = 604, # elems = 575668224
Step 102 time = 0.000832, # ZDD nodes = 594, # elems = 536870912
Step 103 time = 0.000489, # ZDD nodes = 574, # elems = 488636416
Step 104 time = 0.000626, # ZDD nodes = 544, # elems = 448790528
Step 105 time = 0.000587, # ZDD nodes = 506, # elems = 428867584
Step 106 time = 0.000421, # ZDD nodes = 486, # elems = 423624704
Step 107 time = 0.000462, # ZDD nodes = 474, # elems = 418381824
Step 108 time = 0.000396, # ZDD nodes = 474, # elems = 400556032
Step 109 time = 0.000469, # ZDD nodes = 482, # elems = 370147328
Step 110 time = 0.000533, # ZDD nodes = 492, # elems = 337641472
Step 111 time = 0.000399, # ZDD nodes = 496, # elems = 317718528
Step 112 time = 0.000405, # ZDD nodes = 500, # elems = 319815680
Step 113 time = 0.000546, # ZDD nodes = 502, # elems = 338690048
Step 114 time = 0.000387, # ZDD nodes = 502, # elems = 352321536
Step 115 time = 0.000684, # ZDD nodes = 490, # elems = 341835776
Step 116 time = 0.000369, # ZDD nodes = 455, # elems = 310378496
Step 117 time = 0.000281, # ZDD nodes = 412, # elems = 267386880
Step 118 time = 0.000248, # ZDD nodes = 364, # elems = 218103808
Step 119 time = 0.000342, # ZDD nodes = 316, # elems = 176160768
Step 120 time = 0.000208, # ZDD nodes = 274, # elems = 150994944
Step 121 time = 0.000106, # ZDD nodes = 238, # elems = 134217728
Step 122 time = 0.000092, # ZDD nodes = 212, # elems = 121634816
Step 123 time = 0.000238, # ZDD nodes = 194, # elems = 121634816
Step 124 time = 0.000083, # ZDD nodes = 198, # elems = 130023424
Step 125 time = 0.000150, # ZDD nodes = 202, # elems = 130023424
Step 126 time = 0.000121, # ZDD nodes = 196, # elems = 117440512
Step 127 time = 0.000077, # ZDD nodes = 180, # elems = 100663296
Step 128 time = 0.000071, # ZDD nodes = 160, # elems = 79691776
Step 129 time = 0.000062, # ZDD nodes = 138, # elems = 54525952
Step 130 time = 0.000062, # ZDD nodes = 126, # elems = 41943040
Step 131 time = 0.000060, # ZDD nodes = 124, # elems = 50331648
Step 132 time = 0.000062, # ZDD nodes = 134, # elems = 62914560
Step 133 time = 0.000064, # ZDD nodes = 144, # elems = 67108864
Step 134 time = 0.000063, # ZDD nodes = 138, # elems = 62914560
Step 135 time = 0.000058, # ZDD nodes = 116, # elems = 46137344
Step 136 time = 0.000205, # ZDD nodes = 84, # elems = 20971520
Step 137 time = 0.000042, # ZDD nodes = 44, # elems = 4194304
Step 138 time = 0.000015, # ZDD nodes = 0, # elems = 0
a 4 8 12 18 22 28 32 38 42 48 52 58 62 68 72 78 82 88 92 98 102 108
a 2 8 12 18 22 28 32 38 42 48 52 58 62 68 72 78 82 88 92 98 102 108
a 2 6 12 18 22 28 32 38 42 48 52 58 62 68 72 78 82 88 92 98 102 108
a 2 6 10 18 22 28 32 38 42 48 52 58 62 68 72 78 82 88 92 98 102 108
a 2 6 10 16 22 28 32 38 42 48 52 58 62 68 72 78 82 88 92 98 102 108
a 2 6 14 16 22 28 32 38 42 48 52 58 62 68 72 78 82 88 92 98 102 108
a 2 8 14 16 22 28 32 38 42 48 52 58 62 68 72 78 82 88 92 98 102 108
a 4 8 14 16 22 28 32 38 42 48 52 58 62 68 72 78 82 88 92 98 102 108
a 4 8 14 16 20 28 32 38 42 48 52 58 62 68 72 78 82 88 92 98 102 108
a 4 8 14 16 20 26 32 38 42 48 52 58 62 68 72 78 82 88 92 98 102 108
a 4 8 14 16 20 26 30 38 42 48 52 58 62 68 72 78 82 88 92 98 102 108
a 4 8 14 16 20 26 30 36 42 48 52 58 62 68 72 78 82 88 92 98 102 108
a 4 8 14 16 20 26 34 36 42 48 52 58 62 68 72 78 82 88 92 98 102 108
a 4 8 14 16 20 28 34 36 42 48 52 58 62 68 72 78 82 88 92 98 102 108
a 4 8 14 16 22 28 34 36 42 48 52 58 62 68 72 78 82 88 92 98 102 108
a 2 8 14 16 22 28 34 36 42 48 52 58 62 68 72 78 82 88 92 98 102 108
a 2 6 14 16 22 28 34 36 42 48 52 58 62 68 72 78 82 88 92 98 102 108
a 2 6 10 16 22 28 34 36 42 48 52 58 62 68 72 78 82 88 92 98 102 108
a 2 6 10 18 22 28 34 36 42 48 52 58 62 68 72 78 82 88 92 98 102 108
a 2 6 10 18 22 28 34 36 40 48 52 58 62 68 72 78 82 88 92 98 102 108
a 2 6 10 18 22 28 34 36 40 46 52 58 62 68 72 78 82 88 92 98 102 108
a 2 6 10 18 22 28 34 36 40 46 50 58 62 68 72 78 82 88 92 98 102 108
a 2 6 10 18 22 28 34 36 40 46 50 56 62 68 72 78 82 88 92 98 102 108
a 2 6 10 18 22 28 34 36 40 46 54 56 62 68 72 78 82 88 92 98 102 108
a 2 6 10 18 22 28 34 36 40 48 54 56 62 68 72 78 82 88 92 98 102 108
a 2 6 10 18 22 28 34 36 42 48 54 56 62 68 72 78 82 88 92 98 102 108
a 2 6 10 16 22 28 34 36 42 48 54 56 62 68 72 78 82 88 92 98 102 108
a 2 6 14 16 22 28 34 36 42 48 54 56 62 68 72 78 82 88 92 98 102 108
a 2 8 14 16 22 28 34 36 42 48 54 56 62 68 72 78 82 88 92 98 102 108
a 4 8 14 16 22 28 34 36 42 48 54 56 62 68 72 78 82 88 92 98 102 108
a 4 8 14 16 20 28 34 36 42 48 54 56 62 68 72 78 82 88 92 98 102 108
a 4 8 14 16 20 26 34 36 42 48 54 56 62 68 72 78 82 88 92 98 102 108
a 4 8 14 16 20 26 30 36 42 48 54 56 62 68 72 78 82 88 92 98 102 108
a 4 8 14 16 20 26 30 38 42 48 54 56 62 68 72 78 82 88 92 98 102 108
a 4 8 14 16 20 26 30 38 42 48 54 56 60 68 72 78 82 88 92 98 102 108
a 4 8 14 16 20 26 30 38 42 48 54 56 60 66 72 78 82 88 92 98 102 108
a 4 8 14 16 20 26 30 38 42 48 54 56 60 66 70 78 82 88 92 98 102 108
a 4 8 14 16 20 26 30 38 42 48 54 56 60 66 70 76 82 88 92 98 102 108
a 4 8 14 16 20 26 30 38 42 48 54 56 60 66 74 76 82 88 92 98 102 108
a 4 8 14 16 20 26 30 38 42 48 54 56 60 68 74 76 82 88 92 98 102 108
a 4 8 14 16 20 26 30 38 42 48 54 56 62 68 74 76 82 88 92 98 102 108
a 4 8 14 16 20 26 30 36 42 48 54 56 62 68 74 76 82 88 92 98 102 108
a 4 8 14 16 20 26 34 36 42 48 54 56 62 68 74 76 82 88 92 98 102 108
a 4 8 14 16 20 28 34 36 42 48 54 56 62 68 74 76 82 88 92 98 102 108
a 4 8 14 16 22 28 34 36 42 48 54 56 62 68 74 76 82 88 92 98 102 108
a 2 8 14 16 22 28 34 36 42 48 54 56 62 68 74 76 82 88 92 98 102 108
a 2 6 14 16 22 28 34 36 42 48 54 56 62 68 74 76 82 88 92 98 102 108
a 2 6 10 16 22 28 34 36 42 48 54 56 62 68 74 76 82 88 92 98 102 108
a 2 6 10 18 22 28 34 36 42 48 54 56 62 68 74 76 82 88 92 98 102 108
a 2 6 10 18 22 28 34 36 40 48 54 56 62 68 74 76 82 88 92 98 102 108
a 2 6 10 18 22 28 34 36 40 46 54 56 62 68 74 76 82 88 92 98 102 108
a 2 6 10 18 22 28 34 36 40 46 50 56 62 68 74 76 82 88 92 98 102 108
a 2 6 10 18 22 28 34 36 40 46 50 58 62 68 74 76 82 88 92 98 102 108
a 2 6 10 18 22 28 34 36 40 46 50 58 62 68 74 76 80 88 92 98 102 108
a 2 6 10 18 22 28 34 36 40 46 50 58 62 68 74 76 80 86 92 98 102 108
a 2 6 10 18 22 28 34 36 40 46 50 58 62 68 74 76 80 86 90 98 102 108
a 2 6 10 18 22 28 34 36 40 46 50 58 62 68 74 76 80 86 90 96 102 108
a 2 6 10 18 22 28 34 36 40 46 50 58 62 68 74 76 80 86 94 96 102 108
a 2 6 10 18 22 28 34 36 40 46 50 58 62 68 74 76 80 88 94 96 102 108
a 2 6 10 18 22 28 34 36 40 46 50 58 62 68 74 76 82 88 94 96 102 108
a 2 6 10 18 22 28 34 36 40 46 50 56 62 68 74 76 82 88 94 96 102 108
a 2 6 10 18 22 28 34 36 40 46 54 56 62 68 74 76 82 88 94 96 102 108
a 2 6 10 18 22 28 34 36 40 48 54 56 62 68 74 76 82 88 94 96 102 108
a 2 6 10 18 22 28 34 36 42 48 54 56 62 68 74 76 82 88 94 96 102 108
a 2 6 10 16 22 28 34 36 42 48 54 56 62 68 74 76 82 88 94 96 102 108
a 2 6 14 16 22 28 34 36 42 48 54 56 62 68 74 76 82 88 94 96 102 108
a 2 8 14 16 22 28 34 36 42 48 54 56 62 68 74 76 82 88 94 96 102 108
a 4 8 14 16 22 28 34 36 42 48 54 56 62 68 74 76 82 88 94 96 102 108
a 4 8 14 16 20 28 34 36 42 48 54 56 62 68 74 76 82 88 94 96 102 108
a 4 8 14 16 20 26 34 36 42 48 54 56 62 68 74 76 82 88 94 96 102 108
a 4 8 14 16 20 26 30 36 42 48 54 56 62 68 74 76 82 88 94 96 102 108
a 4 8 14 16 20 26 30 38 42 48 54 56 62 68 74 76 82 88 94 96 102 108
a 4 8 14 16 20 26 30 38 42 48 54 56 60 68 74 76 82 88 94 96 102 108
a 4 8 14 16 20 26 30 38 42 48 54 56 60 66 74 76 82 88 94 96 102 108
a 4 8 14 16 20 26 30 38 42 48 54 56 60 66 70 76 82 88 94 96 102 108
a 4 8 14 16 20 26 30 38 42 48 54 56 60 66 70 78 82 88 94 96 102 108
a 4 8 14 16 20 26 30 38 42 48 54 56 60 66 70 78 82 88 94 96 100 108
a 4 8 14 16 20 26 30 38 42 48 54 56 60 66 70 78 82 88 94 96 100 106
a 4 8 14 16 20 26 30 38 42 48 54 56 60 66 70 78 82 88 94 96 104 106
a 4 8 14 16 20 26 30 38 42 48 54 56 60 66 70 75 82 88 94 96 104 106
a 4 8 14 16 20 26 30 38 42 48 54 56 60 66 74 75 82 88 94 96 104 106
a 4 8 14 16 20 26 30 38 42 48 54 56 60 68 74 75 82 88 94 96 104 106
a 4 8 14 16 20 26 30 38 42 48 54 56 62 68 74 75 82 88 94 96 104 106
a 4 8 14 16 20 26 30 36 42 48 54 56 62 68 74 75 82 88 94 96 104 106
a 4 8 14 16 20 26 34 36 42 48 54 56 62 68 74 75 82 88 94 96 104 106
a 4 8 14 16 20 28 34 36 42 48 54 56 62 68 74 75 82 88 94 96 104 106
a 4 8 14 16 22 28 34 36 42 48 54 56 62 68 74 75 82 88 94 96 104 106
a 2 8 14 16 22 28 34 36 42 48 54 56 62 68 74 75 82 88 94 96 104 106
a 2 6 14 16 22 28 34 36 42 48 54 56 62 68 74 75 82 88 94 96 104 106
a 2 6 10 16 22 28 34 36 42 48 54 56 62 68 74 75 82 88 94 96 104 106
a 2 6 10 18 22 28 34 36 42 48 54 56 62 68 74 75 82 88 94 96 104 106
a 2 6 10 18 22 28 34 36 40 48 54 56 62 68 74 75 82 88 94 96 104 106
a 2 6 10 18 22 28 34 36 40 46 54 56 62 68 74 75 82 88 94 96 104 106
a 2 6 10 18 22 28 34 36 40 46 50 56 62 68 74 75 82 88 94 96 104 106
a 2 6 10 18 22 28 34 36 40 46 50 58 62 68 74 75 82 88 94 96 104 106
a 2 6 10 18 22 28 34 36 40 46 50 58 62 68 74 75 80 88 94 96 104 106
a 2 6 10 18 22 28 34 36 40 46 50 58 62 68 74 75 80 86 94 96 104 106
a 2 6 10 18 22 28 34 36 40 46 50 58 62 68 74 75 80 86 90 96 104 106
a 2 6 10 18 22 28 34 36 40 46 50 58 62 68 74 75 84 86 90 96 104 106
a 2 6 10 18 22 28 34 36 40 46 50 55 62 68 74 75 84 86 90 96 104 106
a 2 6 10 18 22 28 34 36 40 46 54 55 62 68 74 75 84 86 90 96 104 106
a 2 6 10 18 22 28 34 36 40 48 54 55 62 68 74 75 84 86 90 96 104 106
a 2 6 10 18 22 28 34 36 42 48 54 55 62 68 74 75 84 86 90 96 104 106
a 2 6 10 16 22 28 34 36 42 48 54 55 62 68 74 75 84 86 90 96 104 106
a 2 6 14 16 22 28 34 36 42 48 54 55 62 68 74 75 84 86 90 96 104 106
a 2 8 14 16 22 28 34 36 42 48 54 55 62 68 74 75 84 86 90 96 104 106
a 4 8 14 16 22 28 34 36 42 48 54 55 62 68 74 75 84 86 90 96 104 106
a 4 8 14 16 20 28 34 36 42 48 54 55 62 68 74 75 84 86 90 96 104 106
a 4 8 14 16 20 26 34 36 42 48 54 55 62 68 74 75 84 86 90 96 104 106
a 4 8 14 16 20 26 30 36 42 48 54 55 62 68 74 75 84 86 90 96 104 106
a 4 8 14 16 20 26 30 38 42 48 54 55 62 68 74 75 84 86 90 96 104 106
a 4 8 14 16 20 26 30 38 42 48 54 55 60 68 74 75 84 86 90 96 104 106
a 4 8 14 16 20 26 30 38 42 48 54 55 60 66 74 75 84 86 90 96 104 106
a 4 8 14 16 20 26 30 38 42 48 54 55 60 66 70 75 84 86 90 96 104 106
a 4 8 14 16 20 26 30 38 42 48 54 55 64 66 70 75 84 86 90 96 104 106
a 4 8 14 16 20 26 30 36 42 48 54 55 64 66 70 75 84 86 90 96 104 106
a 4 8 14 16 20 26 34 36 42 48 54 55 64 66 70 75 84 86 90 96 104 106
a 4 8 14 16 20 28 34 36 42 48 54 55 64 66 70 75 84 86 90 96 104 106
a 4 8 14 16 22 28 34 36 42 48 54 55 64 66 70 75 84 86 90 96 104 106
a 2 8 14 16 22 28 34 36 42 48 54 55 64 66 70 75 84 86 90 96 104 106
a 2 6 14 16 22 28 34 36 42 48 54 55 64 66 70 75 84 86 90 96 104 106
a 2 6 10 16 22 28 34 36 42 48 54 55 64 66 70 75 84 86 90 96 104 106
a 2 6 10 18 22 28 34 36 42 48 54 55 64 66 70 75 84 86 90 96 104 106
a 2 6 10 18 22 28 34 36 40 48 54 55 64 66 70 75 84 86 90 96 104 106
a 2 6 10 18 22 28 34 36 40 46 54 55 64 66 70 75 84 86 90 96 104 106
a 2 6 10 18 22 28 34 36 40 46 49 55 64 66 70 75 84 86 90 96 104 106
a 2 6 10 18 22 28 34 36 43 46 49 55 64 66 70 75 84 86 90 96 104 106
a 2 6 10 16 22 28 34 36 43 46 49 55 64 66 70 75 84 86 90 96 104 106
a 2 6 14 16 22 28 34 36 43 46 49 55 64 66 70 75 84 86 90 96 104 106
a 2 8 14 16 22 28 34 36 43 46 49 55 64 66 70 75 84 86 90 96 104 106
a 4 8 14 16 22 28 34 36 43 46 49 55 64 66 70 75 84 86 90 96 104 106
a 4 8 14 16 20 28 34 36 43 46 49 55 64 66 70 75 84 86 90 96 104 106
a 4 8 14 16 20 26 34 36 43 46 49 55 64 66 70 75 84 86 90 96 104 106
a 4 8 14 16 20 26 30 36 43 46 49 55 64 66 70 75 84 86 90 96 104 106
a 4 8 14 16 23 26 30 36 43 46 49 55 64 66 70 75 84 86 90 96 104 106
a 2 8 14 16 23 26 30 36 43 46 49 55 64 66 70 75 84 86 90 96 104 106
a 2 5 14 16 23 26 30 36 43 46 49 55 64 66 70 75 84 86 90 96 104 106
a 2 5 10 16 23 26 30 36 43 46 49 55 64 66 70 75 84 86 90 96 104 106
Reconfiguration time = 0.214343
	Command being timed: "timeout 20m ../ddreconf/ddreconf ../benchmark_instances/2023result/docs/solver/benchmark/hand_made_wide/square_wide/suzuki_instance_2_5_2_2.col --stfile=../benchmark_instances/2023result/docs/solver/benchmark/hand_made_wide/square_wide/suzuki_instance_2_5_2_2_01.dat --tj --indset --longest"
	User time (seconds): 0.23
	System time (seconds): 0.02
	Percent of CPU this job got: 99%
	Elapsed (wall clock) time (h:mm:ss or m:ss): 0:00.25
	Average shared text size (kbytes): 0
	Average unshared data size (kbytes): 0
	Average stack size (kbytes): 0
	Average total size (kbytes): 0
	Maximum resident set size (kbytes): 36084
	Average resident set size (kbytes): 0
	Major (requiring I/O) page faults: 0
	Minor (reclaiming a frame) page faults: 4071
	Voluntary context switches: 4
	Involuntary context switches: 12
	Swaps: 0
	File system inputs: 8
	File system outputs: 40
	Socket messages sent: 0
	Socket messages received: 0
	Signals delivered: 0
	Page size (bytes): 4096
	Exit status: 0
