Input graph file parsed. # of vertices = 192, # of edges = 1047
s 6 12 18 27 33 42 48 57 63 72 78 87 93 102 108 117 123 132 138 147 153 162 168 177 183 192
Solution space ZDD construction start
Solution space ZDD construction end
Solution space ZDD construction time = 0.151677
Solution space ZDD size = 786
# of elements in the solution space = 279424316966618343604
Start searching the longest reconfiguration sequence
Step 1 time = 0.000595, # ZDD nodes = 117, # elems = 67
Step 2 time = 0.000992, # ZDD nodes = 207, # elems = 2140
Step 3 time = 0.000953, # ZDD nodes = 301, # elems = 43444
Step 4 time = 0.000797, # ZDD nodes = 393, # elems = 630517
Step 5 time = 0.000794, # ZDD nodes = 482, # elems = 6975700
Step 6 time = 0.000941, # ZDD nodes = 580, # elems = 61244848
Step 7 time = 0.000909, # ZDD nodes = 671, # elems = 438506194
Step 8 time = 0.000978, # ZDD nodes = 744, # elems = 2610285829
Step 9 time = 0.000945, # ZDD nodes = 798, # elems = 13099934356
Step 10 time = 0.000619, # ZDD nodes = 847, # elems = 55989478126
Step 11 time = 0.000593, # ZDD nodes = 887, # elems = 205261049254
Step 12 time = 0.000601, # ZDD nodes = 919, # elems = 648563606692
Step 13 time = 0.000615, # ZDD nodes = 951, # elems = 1771265618263
Step 14 time = 0.000588, # ZDD nodes = 976, # elems = 4186304389723
Step 15 time = 0.000614, # ZDD nodes = 1005, # elems = 8561168498482
Step 16 time = 0.000659, # ZDD nodes = 1052, # elems = 15130869214978
Step 17 time = 0.000923, # ZDD nodes = 1093, # elems = 23068379478892
Step 18 time = 0.001216, # ZDD nodes = 1151, # elems = 30287353213306
Step 19 time = 0.001265, # ZDD nodes = 1212, # elems = 34254802216219
Step 20 time = 0.001213, # ZDD nodes = 1261, # elems = 33592410826630
Step 21 time = 0.001480, # ZDD nodes = 1297, # elems = 29240327986012
Step 22 time = 0.001256, # ZDD nodes = 1321, # elems = 24090429951841
Step 23 time = 0.000962, # ZDD nodes = 1325, # elems = 21485424578767
Step 24 time = 0.000979, # ZDD nodes = 1316, # elems = 23996129502178
Step 25 time = 0.000806, # ZDD nodes = 1278, # elems = 32944479881854
Step 26 time = 0.000808, # ZDD nodes = 1222, # elems = 47750537250466
Step 27 time = 0.000788, # ZDD nodes = 1170, # elems = 64871281697355
Step 28 time = 0.000815, # ZDD nodes = 1166, # elems = 78039874045206
Step 29 time = 0.000784, # ZDD nodes = 1178, # elems = 81201955766427
Step 30 time = 0.000804, # ZDD nodes = 1175, # elems = 72429885954414
Step 31 time = 0.000876, # ZDD nodes = 1168, # elems = 55256028519681
Step 32 time = 0.000782, # ZDD nodes = 1159, # elems = 36187231046769
Step 33 time = 0.000961, # ZDD nodes = 1122, # elems = 20801019997377
Step 34 time = 0.000882, # ZDD nodes = 1072, # elems = 11467490755626
Step 35 time = 0.000978, # ZDD nodes = 1018, # elems = 7605471781512
Step 36 time = 0.000748, # ZDD nodes = 931, # elems = 7439824712043
Step 37 time = 0.000575, # ZDD nodes = 857, # elems = 9641467103508
Step 38 time = 0.000519, # ZDD nodes = 838, # elems = 13721471812170
Step 39 time = 0.000602, # ZDD nodes = 856, # elems = 19273507742754
Step 40 time = 0.000490, # ZDD nodes = 874, # elems = 25108401137922
Step 41 time = 0.000713, # ZDD nodes = 877, # elems = 29217451518243
Step 42 time = 0.000502, # ZDD nodes = 874, # elems = 29735400471282
Step 43 time = 0.000501, # ZDD nodes = 892, # elems = 26205727954896
Step 44 time = 0.000713, # ZDD nodes = 913, # elems = 20028850977150
Step 45 time = 0.000658, # ZDD nodes = 920, # elems = 13607676889947
Step 46 time = 0.000908, # ZDD nodes = 947, # elems = 8901132825834
Step 47 time = 0.000874, # ZDD nodes = 947, # elems = 6591744032436
Step 48 time = 0.001375, # ZDD nodes = 957, # elems = 6484300361604
Step 49 time = 0.001469, # ZDD nodes = 985, # elems = 8804244872340
Step 50 time = 0.001342, # ZDD nodes = 1033, # elems = 15625838023011
Step 51 time = 0.001261, # ZDD nodes = 1101, # elems = 31609164715020
Step 52 time = 0.001188, # ZDD nodes = 1175, # elems = 62608377588228
Step 53 time = 0.001157, # ZDD nodes = 1239, # elems = 110574854124336
Step 54 time = 0.001316, # ZDD nodes = 1285, # elems = 166816117339155
Step 55 time = 0.001639, # ZDD nodes = 1327, # elems = 211311004966776
Step 56 time = 0.001476, # ZDD nodes = 1360, # elems = 223676796828555
Step 57 time = 0.001443, # ZDD nodes = 1396, # elems = 198518077498626
Step 58 time = 0.001168, # ZDD nodes = 1429, # elems = 149815764033831
Step 59 time = 0.001356, # ZDD nodes = 1444, # elems = 99734608294101
Step 60 time = 0.001169, # ZDD nodes = 1426, # elems = 63916667350326
Step 61 time = 0.001542, # ZDD nodes = 1375, # elems = 46190158908453
Step 62 time = 0.001452, # ZDD nodes = 1298, # elems = 42973029796617
Step 63 time = 0.001082, # ZDD nodes = 1237, # elems = 49427885610567
Step 64 time = 0.001383, # ZDD nodes = 1202, # elems = 61816746263274
Step 65 time = 0.001141, # ZDD nodes = 1180, # elems = 76492153076121
Step 66 time = 0.001023, # ZDD nodes = 1151, # elems = 88562994120018
Step 67 time = 0.000751, # ZDD nodes = 1113, # elems = 92418488035290
Step 68 time = 0.000817, # ZDD nodes = 1064, # elems = 84728655276633
Step 69 time = 0.000723, # ZDD nodes = 1015, # elems = 67537382854941
Step 70 time = 0.000562, # ZDD nodes = 966, # elems = 47195205247305
Step 71 time = 0.000485, # ZDD nodes = 903, # elems = 29685406222089
Step 72 time = 0.000589, # ZDD nodes = 861, # elems = 17553501012969
Step 73 time = 0.000636, # ZDD nodes = 816, # elems = 10280982299562
Step 74 time = 0.000592, # ZDD nodes = 748, # elems = 6168336838974
Step 75 time = 0.000712, # ZDD nodes = 693, # elems = 3928099384692
Step 76 time = 0.000594, # ZDD nodes = 663, # elems = 2946461959008
Step 77 time = 0.000468, # ZDD nodes = 663, # elems = 2801738883006
Step 78 time = 0.000610, # ZDD nodes = 693, # elems = 3224199402900
Step 79 time = 0.000735, # ZDD nodes = 744, # elems = 4316079481065
Step 80 time = 0.000885, # ZDD nodes = 825, # elems = 6611804158716
Step 81 time = 0.001101, # ZDD nodes = 903, # elems = 11155471653708
Step 82 time = 0.001298, # ZDD nodes = 954, # elems = 19455740396928
Step 83 time = 0.001281, # ZDD nodes = 1011, # elems = 32746286365515
Step 84 time = 0.001055, # ZDD nodes = 1071, # elems = 50424627652353
Step 85 time = 0.001262, # ZDD nodes = 1140, # elems = 68628913776369
Step 86 time = 0.001422, # ZDD nodes = 1200, # elems = 80842000318326
Step 87 time = 0.001031, # ZDD nodes = 1242, # elems = 81524204752734
Step 88 time = 0.001042, # ZDD nodes = 1257, # elems = 70305497465877
Step 89 time = 0.000836, # ZDD nodes = 1248, # elems = 52461598490073
Step 90 time = 0.001007, # ZDD nodes = 1206, # elems = 35118978580314
Step 91 time = 0.000826, # ZDD nodes = 1155, # elems = 23054274085644
Step 92 time = 0.001044, # ZDD nodes = 1107, # elems = 17370901605456
Step 93 time = 0.000870, # ZDD nodes = 1053, # elems = 16867728483687
Step 94 time = 0.001050, # ZDD nodes = 995, # elems = 19865071666917
Step 95 time = 0.000758, # ZDD nodes = 946, # elems = 24907650658299
Step 96 time = 0.000852, # ZDD nodes = 931, # elems = 30485687812200
Step 97 time = 0.000879, # ZDD nodes = 904, # elems = 34700736639078
Step 98 time = 0.000634, # ZDD nodes = 871, # elems = 35761321751076
Step 99 time = 0.000640, # ZDD nodes = 847, # elems = 33214936017042
Step 100 time = 0.000438, # ZDD nodes = 820, # elems = 28281738743721
Step 101 time = 0.000557, # ZDD nodes = 769, # elems = 22609902784761
Step 102 time = 0.000408, # ZDD nodes = 745, # elems = 17152956057033
Step 103 time = 0.000436, # ZDD nodes = 715, # elems = 12210503738697
Step 104 time = 0.000434, # ZDD nodes = 663, # elems = 7996746313449
Step 105 time = 0.000363, # ZDD nodes = 609, # elems = 4922564733234
Step 106 time = 0.000535, # ZDD nodes = 561, # elems = 3242709492930
Step 107 time = 0.000362, # ZDD nodes = 543, # elems = 2691797557572
Step 108 time = 0.000368, # ZDD nodes = 549, # elems = 2780129429064
Step 109 time = 0.000550, # ZDD nodes = 576, # elems = 3328329420999
Step 110 time = 0.000476, # ZDD nodes = 624, # elems = 4594419579051
Step 111 time = 0.000598, # ZDD nodes = 679, # elems = 7307525263518
Step 112 time = 0.001081, # ZDD nodes = 733, # elems = 13429543830696
Step 113 time = 0.001115, # ZDD nodes = 795, # elems = 28356855271866
Step 114 time = 0.001027, # ZDD nodes = 845, # elems = 65167225613712
Step 115 time = 0.001384, # ZDD nodes = 907, # elems = 147144238824645
Step 116 time = 0.001557, # ZDD nodes = 984, # elems = 296273232814437
Step 117 time = 0.001393, # ZDD nodes = 1059, # elems = 502277104271385
Step 118 time = 0.001742, # ZDD nodes = 1122, # elems = 699720532603389
Step 119 time = 0.001251, # ZDD nodes = 1173, # elems = 796051474931772
Step 120 time = 0.001435, # ZDD nodes = 1200, # elems = 742662607024638
Step 121 time = 0.001268, # ZDD nodes = 1236, # elems = 576718401550779
Step 122 time = 0.001435, # ZDD nodes = 1245, # elems = 386588309789628
Step 123 time = 0.001930, # ZDD nodes = 1239, # elems = 243900181429461
Step 124 time = 0.001692, # ZDD nodes = 1209, # elems = 171128279037168
Step 125 time = 0.001450, # ZDD nodes = 1161, # elems = 155726377496973
Step 126 time = 0.001442, # ZDD nodes = 1110, # elems = 177982134908067
Step 127 time = 0.001182, # ZDD nodes = 1064, # elems = 223644288582585
Step 128 time = 0.001410, # ZDD nodes = 1039, # elems = 280799658483777
Step 129 time = 0.001113, # ZDD nodes = 1009, # elems = 334083148017903
Step 130 time = 0.000881, # ZDD nodes = 982, # elems = 364920656680836
Step 131 time = 0.000852, # ZDD nodes = 961, # elems = 358519695361578
Step 132 time = 0.000786, # ZDD nodes = 934, # elems = 314490519048195
Step 133 time = 0.000748, # ZDD nodes = 895, # elems = 247503966818139
Step 134 time = 0.000775, # ZDD nodes = 880, # elems = 175099726469907
Step 135 time = 0.000788, # ZDD nodes = 861, # elems = 111329539139529
Step 136 time = 0.000762, # ZDD nodes = 822, # elems = 65115698688675
Step 137 time = 0.001268, # ZDD nodes = 756, # elems = 38208183466158
Step 138 time = 0.001044, # ZDD nodes = 699, # elems = 26708768511660
Step 139 time = 0.000858, # ZDD nodes = 681, # elems = 23933288128464
Step 140 time = 0.000658, # ZDD nodes = 687, # elems = 25592997503340
Step 141 time = 0.000651, # ZDD nodes = 720, # elems = 31778553030714
Step 142 time = 0.000917, # ZDD nodes = 762, # elems = 45066688382925
Step 143 time = 0.000783, # ZDD nodes = 810, # elems = 70858432597122
Step 144 time = 0.000856, # ZDD nodes = 849, # elems = 117724301730963
Step 145 time = 0.001019, # ZDD nodes = 891, # elems = 188680364291313
Step 146 time = 0.000986, # ZDD nodes = 912, # elems = 272600291254581
Step 147 time = 0.000857, # ZDD nodes = 927, # elems = 346014536817636
Step 148 time = 0.001042, # ZDD nodes = 969, # elems = 378298673586495
Step 149 time = 0.000892, # ZDD nodes = 1023, # elems = 351973451358945
Step 150 time = 0.000897, # ZDD nodes = 1077, # elems = 283656884590152
Step 151 time = 0.001038, # ZDD nodes = 1125, # elems = 209712647798145
Step 152 time = 0.000883, # ZDD nodes = 1149, # elems = 154007780207769
Step 153 time = 0.000954, # ZDD nodes = 1170, # elems = 118655273166030
Step 154 time = 0.000916, # ZDD nodes = 1182, # elems = 97019775957825
Step 155 time = 0.000921, # ZDD nodes = 1158, # elems = 86500147420008
Step 156 time = 0.001120, # ZDD nodes = 1110, # elems = 88933922931906
Step 157 time = 0.000860, # ZDD nodes = 1044, # elems = 103644666319725
Step 158 time = 0.000839, # ZDD nodes = 975, # elems = 125084903601474
Step 159 time = 0.000786, # ZDD nodes = 905, # elems = 142912832243787
Step 160 time = 0.000685, # ZDD nodes = 847, # elems = 144084391802523
Step 161 time = 0.000615, # ZDD nodes = 792, # elems = 124108603969194
Step 162 time = 0.000533, # ZDD nodes = 732, # elems = 92267288819262
Step 163 time = 0.000468, # ZDD nodes = 680, # elems = 61349971535595
Step 164 time = 0.000426, # ZDD nodes = 631, # elems = 39428558006508
Step 165 time = 0.000359, # ZDD nodes = 574, # elems = 27803618813574
Step 166 time = 0.000655, # ZDD nodes = 549, # elems = 22217790203172
Step 167 time = 0.000413, # ZDD nodes = 528, # elems = 18138252454002
Step 168 time = 0.000387, # ZDD nodes = 480, # elems = 13587998810697
Step 169 time = 0.000352, # ZDD nodes = 420, # elems = 8818077750129
Step 170 time = 0.000364, # ZDD nodes = 369, # elems = 5052350597049
Step 171 time = 0.000329, # ZDD nodes = 330, # elems = 3043962782073
Step 172 time = 0.000327, # ZDD nodes = 330, # elems = 2541865828329
Step 173 time = 0.000326, # ZDD nodes = 342, # elems = 2573246887938
Step 174 time = 0.000302, # ZDD nodes = 339, # elems = 2824295364810
Step 175 time = 0.000311, # ZDD nodes = 339, # elems = 3640202914644
Step 176 time = 0.000301, # ZDD nodes = 348, # elems = 5272018014312
Step 177 time = 0.000318, # ZDD nodes = 396, # elems = 8441505034821
Step 178 time = 0.000402, # ZDD nodes = 450, # elems = 15031527552711
Step 179 time = 0.000484, # ZDD nodes = 525, # elems = 26893568084913
Step 180 time = 0.000682, # ZDD nodes = 609, # elems = 46977446234673
Step 181 time = 0.000895, # ZDD nodes = 696, # elems = 82500805712061
Step 182 time = 0.001056, # ZDD nodes = 795, # elems = 142658296982514
Step 183 time = 0.001266, # ZDD nodes = 894, # elems = 232062935808555
Step 184 time = 0.001621, # ZDD nodes = 975, # elems = 338256441525411
Step 185 time = 0.001769, # ZDD nodes = 1038, # elems = 423236350946583
Step 186 time = 0.001548, # ZDD nodes = 1083, # elems = 443822326050087
Step 187 time = 0.002102, # ZDD nodes = 1113, # elems = 388811328555510
Step 188 time = 0.001904, # ZDD nodes = 1116, # elems = 288988177939281
Step 189 time = 0.001584, # ZDD nodes = 1125, # elems = 190828223482329
Step 190 time = 0.001818, # ZDD nodes = 1104, # elems = 126057716449353
Step 191 time = 0.001595, # ZDD nodes = 1083, # elems = 99697626377793
Step 192 time = 0.002030, # ZDD nodes = 1065, # elems = 101988443729250
Step 193 time = 0.002330, # ZDD nodes = 1041, # elems = 121444700686830
Step 194 time = 0.001557, # ZDD nodes = 1011, # elems = 148652079367833
Step 195 time = 0.002525, # ZDD nodes = 972, # elems = 175922220168054
Step 196 time = 0.002497, # ZDD nodes = 945, # elems = 197041673284911
Step 197 time = 0.001397, # ZDD nodes = 909, # elems = 204102411696936
Step 198 time = 0.001682, # ZDD nodes = 861, # elems = 191581368912945
Step 199 time = 0.001067, # ZDD nodes = 801, # elems = 162930461489928
Step 200 time = 0.001057, # ZDD nodes = 768, # elems = 124551425588121
Step 201 time = 0.001428, # ZDD nodes = 750, # elems = 85011290480781
Step 202 time = 0.001359, # ZDD nodes = 693, # elems = 52500512725857
Step 203 time = 0.000924, # ZDD nodes = 615, # elems = 30063055105422
Step 204 time = 0.000895, # ZDD nodes = 543, # elems = 18357919871265
Step 205 time = 0.000873, # ZDD nodes = 522, # elems = 13870428347178
Step 206 time = 0.000799, # ZDD nodes = 510, # elems = 13085901856953
Step 207 time = 0.000795, # ZDD nodes = 525, # elems = 14749098016230
Step 208 time = 0.000778, # ZDD nodes = 540, # elems = 19111065301881
Step 209 time = 0.001483, # ZDD nodes = 576, # elems = 27615332455920
Step 210 time = 0.001491, # ZDD nodes = 612, # elems = 44906296300479
Step 211 time = 0.000936, # ZDD nodes = 660, # elems = 76036307432607
Step 212 time = 0.000953, # ZDD nodes = 711, # elems = 118871453798892
Step 213 time = 0.001365, # ZDD nodes = 768, # elems = 166664807583399
Step 214 time = 0.001039, # ZDD nodes = 807, # elems = 203098217789448
Step 215 time = 0.001728, # ZDD nodes = 822, # elems = 210504147857172
Step 216 time = 0.001103, # ZDD nodes = 861, # elems = 189102265203834
Step 217 time = 0.001140, # ZDD nodes = 897, # elems = 155869723077903
Step 218 time = 0.001121, # ZDD nodes = 903, # elems = 126622575522315
Step 219 time = 0.001104, # ZDD nodes = 900, # elems = 104938263332496
Step 220 time = 0.001062, # ZDD nodes = 909, # elems = 85984103328660
Step 221 time = 0.001071, # ZDD nodes = 918, # elems = 68191042530357
Step 222 time = 0.001088, # ZDD nodes = 894, # elems = 57082147428771
Step 223 time = 0.001070, # ZDD nodes = 855, # elems = 56266239878937
Step 224 time = 0.001042, # ZDD nodes = 828, # elems = 64488077496495
Step 225 time = 0.001033, # ZDD nodes = 792, # elems = 77166025578531
Step 226 time = 0.001021, # ZDD nodes = 753, # elems = 85607530613352
Step 227 time = 0.000924, # ZDD nodes = 689, # elems = 83065664785023
Step 228 time = 0.001141, # ZDD nodes = 619, # elems = 71046718954776
Step 229 time = 0.000685, # ZDD nodes = 568, # elems = 55042378554186
Step 230 time = 0.000581, # ZDD nodes = 493, # elems = 40512947955219
Step 231 time = 0.000500, # ZDD nodes = 408, # elems = 30784819476429
Step 232 time = 0.000410, # ZDD nodes = 399, # elems = 24853799210328
Step 233 time = 0.000389, # ZDD nodes = 393, # elems = 20899785699594
Step 234 time = 0.000707, # ZDD nodes = 363, # elems = 16945772188860
Step 235 time = 0.000354, # ZDD nodes = 312, # elems = 11862040532202
Step 236 time = 0.000401, # ZDD nodes = 261, # elems = 7060738412025
Step 237 time = 0.000357, # ZDD nodes = 207, # elems = 3671583974253
Step 238 time = 0.000352, # ZDD nodes = 198, # elems = 2541865828329
Step 239 time = 0.000562, # ZDD nodes = 213, # elems = 2541865828329
Step 240 time = 0.000320, # ZDD nodes = 222, # elems = 2541865828329
Step 241 time = 0.000314, # ZDD nodes = 219, # elems = 2824295364810
Step 242 time = 0.000334, # ZDD nodes = 207, # elems = 3954013510734
Step 243 time = 0.000316, # ZDD nodes = 225, # elems = 5648590729620
Step 244 time = 0.000321, # ZDD nodes = 249, # elems = 9037745167392
Step 245 time = 0.000336, # ZDD nodes = 300, # elems = 17228201725341
Step 246 time = 0.000379, # ZDD nodes = 372, # elems = 30219960403467
Step 247 time = 0.000467, # ZDD nodes = 453, # elems = 52531893785466
Step 248 time = 0.000659, # ZDD nodes = 537, # elems = 96590901476502
Step 249 time = 0.000780, # ZDD nodes = 615, # elems = 184144057785612
Step 250 time = 0.000868, # ZDD nodes = 669, # elems = 344564034506820
Step 251 time = 0.000980, # ZDD nodes = 720, # elems = 570225234155139
Step 252 time = 0.000980, # ZDD nodes = 759, # elems = 772444782275535
Step 253 time = 0.000988, # ZDD nodes = 792, # elems = 831190125863583
Step 254 time = 0.001012, # ZDD nodes = 789, # elems = 712004861468601
Step 255 time = 0.000982, # ZDD nodes = 777, # elems = 495946266060636
Step 256 time = 0.001559, # ZDD nodes = 750, # elems = 301069885888746
Step 257 time = 0.001241, # ZDD nodes = 744, # elems = 187250782686903
Step 258 time = 0.001286, # ZDD nodes = 735, # elems = 149122795261968
Step 259 time = 0.001460, # ZDD nodes = 738, # elems = 157878110892879
Step 260 time = 0.000956, # ZDD nodes = 741, # elems = 193181802953004
Step 261 time = 0.001093, # ZDD nodes = 717, # elems = 242606971837179
Step 262 time = 0.000979, # ZDD nodes = 681, # elems = 297398301914493
Step 263 time = 0.000921, # ZDD nodes = 645, # elems = 347670759408111
Step 264 time = 0.000865, # ZDD nodes = 609, # elems = 370829981399553
Step 265 time = 0.000850, # ZDD nodes = 576, # elems = 351624772918845
Step 266 time = 0.000719, # ZDD nodes = 573, # elems = 294856436086164
Step 267 time = 0.000693, # ZDD nodes = 567, # elems = 219165320309256
Step 268 time = 0.000719, # ZDD nodes = 528, # elems = 145451211287715
Step 269 time = 0.001050, # ZDD nodes = 456, # elems = 84446431407819
Step 270 time = 0.000625, # ZDD nodes = 396, # elems = 46036014446403
Step 271 time = 0.000610, # ZDD nodes = 357, # elems = 27960524111619
Step 272 time = 0.000636, # ZDD nodes = 357, # elems = 22876792454961
Step 273 time = 0.000580, # ZDD nodes = 369, # elems = 23159221991442
Step 274 time = 0.000579, # ZDD nodes = 366, # elems = 25418658283290
Step 275 time = 0.000583, # ZDD nodes = 366, # elems = 33326685304758
Step 276 time = 0.000585, # ZDD nodes = 375, # elems = 46883303055846
Step 277 time = 0.000588, # ZDD nodes = 429, # elems = 76820833922832
Step 278 time = 0.000606, # ZDD nodes = 477, # elems = 132459452609589
Step 279 time = 0.000614, # ZDD nodes = 528, # elems = 215776165871484
Step 280 time = 0.000656, # ZDD nodes = 582, # elems = 310390060592619
Step 281 time = 0.001016, # ZDD nodes = 627, # elems = 383821740077679
Step 282 time = 0.000695, # ZDD nodes = 648, # elems = 398508075974691
Step 283 time = 0.000634, # ZDD nodes = 645, # elems = 343999175433858
Step 284 time = 0.000676, # ZDD nodes = 642, # elems = 257858166807153
Step 285 time = 0.000644, # ZDD nodes = 630, # elems = 183861628249131
Step 286 time = 0.000648, # ZDD nodes = 627, # elems = 135001318437918
Step 287 time = 0.000617, # ZDD nodes = 615, # elems = 101957062669641
Step 288 time = 0.000659, # ZDD nodes = 588, # elems = 81622136043009
Step 289 time = 0.000603, # ZDD nodes = 582, # elems = 76255974849870
Step 290 time = 0.000616, # ZDD nodes = 579, # elems = 86705867699667
Step 291 time = 0.000598, # ZDD nodes = 570, # elems = 109017801081666
Step 292 time = 0.000649, # ZDD nodes = 573, # elems = 136131036583842
Step 293 time = 0.000609, # ZDD nodes = 549, # elems = 154488956455107
Step 294 time = 0.000584, # ZDD nodes = 504, # elems = 147428218043082
Step 295 time = 0.000575, # ZDD nodes = 456, # elems = 117208257639615
Step 296 time = 0.000507, # ZDD nodes = 383, # elems = 79362699751161
Step 297 time = 0.000434, # ZDD nodes = 307, # elems = 48577880274732
Step 298 time = 0.000751, # ZDD nodes = 258, # elems = 30502389939948
Step 299 time = 0.000272, # ZDD nodes = 225, # elems = 22876792454961
Step 300 time = 0.000243, # ZDD nodes = 201, # elems = 20334926626632
Step 301 time = 0.000227, # ZDD nodes = 165, # elems = 15251194969974
Step 302 time = 0.000247, # ZDD nodes = 132, # elems = 10167463313316
Step 303 time = 0.000209, # ZDD nodes = 87, # elems = 5083731656658
Step 304 time = 0.000205, # ZDD nodes = 78, # elems = 2541865828329
Step 305 time = 0.000201, # ZDD nodes = 78, # elems = 2541865828329
Step 306 time = 0.000200, # ZDD nodes = 78, # elems = 2541865828329
Step 307 time = 0.000203, # ZDD nodes = 78, # elems = 2541865828329
Step 308 time = 0.000202, # ZDD nodes = 78, # elems = 2541865828329
Step 309 time = 0.000211, # ZDD nodes = 93, # elems = 5083731656658
Step 310 time = 0.000205, # ZDD nodes = 96, # elems = 5083731656658
Step 311 time = 0.000216, # ZDD nodes = 117, # elems = 10167463313316
Step 312 time = 0.000220, # ZDD nodes = 159, # elems = 20334926626632
Step 313 time = 0.000240, # ZDD nodes = 225, # elems = 33044255768277
Step 314 time = 0.000249, # ZDD nodes = 282, # elems = 58462914051567
Step 315 time = 0.000278, # ZDD nodes = 354, # elems = 99132767304831
Step 316 time = 0.000361, # ZDD nodes = 399, # elems = 147428218043082
Step 317 time = 0.000409, # ZDD nodes = 432, # elems = 198265534609662
Step 318 time = 0.000464, # ZDD nodes = 453, # elems = 231309790377939
Step 319 time = 0.000427, # ZDD nodes = 447, # elems = 218600461236294
Step 320 time = 0.000420, # ZDD nodes = 432, # elems = 165221278841385
Step 321 time = 0.000421, # ZDD nodes = 396, # elems = 104216498961489
Step 322 time = 0.000416, # ZDD nodes = 369, # elems = 61004779879896
Step 323 time = 0.000411, # ZDD nodes = 357, # elems = 43211719081593
Step 324 time = 0.000407, # ZDD nodes = 357, # elems = 43211719081593
Step 325 time = 0.000399, # ZDD nodes = 381, # elems = 50837316566580
Step 326 time = 0.000411, # ZDD nodes = 381, # elems = 66088511536554
Step 327 time = 0.000417, # ZDD nodes = 390, # elems = 83881572334857
Step 328 time = 0.000400, # ZDD nodes = 399, # elems = 94049035648173
Step 329 time = 0.000403, # ZDD nodes = 372, # elems = 99132767304831
Step 330 time = 0.000399, # ZDD nodes = 336, # elems = 96590901476502
Step 331 time = 0.000386, # ZDD nodes = 321, # elems = 81339706506528
Step 332 time = 0.000370, # ZDD nodes = 327, # elems = 63546645708225
Step 333 time = 0.000327, # ZDD nodes = 315, # elems = 45753584909922
Step 334 time = 0.000295, # ZDD nodes = 261, # elems = 27960524111619
Step 335 time = 0.000271, # ZDD nodes = 195, # elems = 15251194969974
Step 336 time = 0.000261, # ZDD nodes = 144, # elems = 7625597484987
Step 337 time = 0.000249, # ZDD nodes = 132, # elems = 5083731656658
Step 338 time = 0.000253, # ZDD nodes = 135, # elems = 5083731656658
Step 339 time = 0.000249, # ZDD nodes = 147, # elems = 5083731656658
Step 340 time = 0.000256, # ZDD nodes = 144, # elems = 5083731656658
Step 341 time = 0.000246, # ZDD nodes = 144, # elems = 7625597484987
Step 342 time = 0.000336, # ZDD nodes = 147, # elems = 10167463313316
Step 343 time = 0.000255, # ZDD nodes = 165, # elems = 15251194969974
Step 344 time = 0.000260, # ZDD nodes = 192, # elems = 30502389939948
Step 345 time = 0.000271, # ZDD nodes = 249, # elems = 50837316566580
Step 346 time = 0.000289, # ZDD nodes = 300, # elems = 73714109021541
Step 347 time = 0.000304, # ZDD nodes = 333, # elems = 94049035648173
Step 348 time = 0.000299, # ZDD nodes = 345, # elems = 94049035648173
Step 349 time = 0.000344, # ZDD nodes = 324, # elems = 71172243193212
Step 350 time = 0.000282, # ZDD nodes = 264, # elems = 43211719081593
Step 351 time = 0.000656, # ZDD nodes = 219, # elems = 22876792454961
Step 352 time = 0.000264, # ZDD nodes = 195, # elems = 12709329141645
Step 353 time = 0.000259, # ZDD nodes = 189, # elems = 10167463313316
Step 354 time = 0.000257, # ZDD nodes = 198, # elems = 10167463313316
Step 355 time = 0.000255, # ZDD nodes = 195, # elems = 12709329141645
Step 356 time = 0.000609, # ZDD nodes = 192, # elems = 17793060798303
Step 357 time = 0.000260, # ZDD nodes = 222, # elems = 22876792454961
Step 358 time = 0.000259, # ZDD nodes = 228, # elems = 30502389939948
Step 359 time = 0.000260, # ZDD nodes = 237, # elems = 35586121596606
Step 360 time = 0.000264, # ZDD nodes = 243, # elems = 30502389939948
Step 361 time = 0.000254, # ZDD nodes = 213, # elems = 20334926626632
Step 362 time = 0.000283, # ZDD nodes = 141, # elems = 10167463313316
Step 363 time = 0.000221, # ZDD nodes = 78, # elems = 2541865828329
Step 364 time = 0.000025, # ZDD nodes = 0, # elems = 0
a 6 12 18 27 33 42 48 57 63 72 78 87 93 102 108 117 123 132 138 147 153 162 168 177 183 192
a 1 12 18 27 33 42 48 57 63 72 78 87 93 102 108 117 123 132 138 147 153 162 168 177 183 192
a 1 7 18 27 33 42 48 57 63 72 78 87 93 102 108 117 123 132 138 147 153 162 168 177 183 192
a 1 7 13 27 33 42 48 57 63 72 78 87 93 102 108 117 123 132 138 147 153 162 168 177 183 192
a 1 7 13 22 33 42 48 57 63 72 78 87 93 102 108 117 123 132 138 147 153 162 168 177 183 192
a 1 7 19 22 33 42 48 57 63 72 78 87 93 102 108 117 123 132 138 147 153 162 168 177 183 192
a 1 10 19 22 33 42 48 57 63 72 78 87 93 102 108 117 123 132 138 147 153 162 168 177 183 192
a 4 10 19 22 33 42 48 57 63 72 78 87 93 102 108 117 123 132 138 147 153 162 168 177 183 192
a 4 10 19 22 28 42 48 57 63 72 78 87 93 102 108 117 123 132 138 147 153 162 168 177 183 192
a 4 10 19 22 28 37 48 57 63 72 78 87 93 102 108 117 123 132 138 147 153 162 168 177 183 192
a 4 10 19 22 34 37 48 57 63 72 78 87 93 102 108 117 123 132 138 147 153 162 168 177 183 192
a 1 10 19 22 34 37 48 57 63 72 78 87 93 102 108 117 123 132 138 147 153 162 168 177 183 192
a 1 7 19 22 34 37 48 57 63 72 78 87 93 102 108 117 123 132 138 147 153 162 168 177 183 192
a 1 7 19 22 34 37 43 57 63 72 78 87 93 102 108 117 123 132 138 147 153 162 168 177 183 192
a 1 7 19 22 34 37 43 52 63 72 78 87 93 102 108 117 123 132 138 147 153 162 168 177 183 192
a 1 7 19 22 34 37 43 52 58 72 78 87 93 102 108 117 123 132 138 147 153 162 168 177 183 192
a 1 7 19 22 34 37 43 52 58 67 78 87 93 102 108 117 123 132 138 147 153 162 168 177 183 192
a 1 7 19 22 34 37 43 52 64 67 78 87 93 102 108 117 123 132 138 147 153 162 168 177 183 192
a 1 7 19 22 34 37 43 55 64 67 78 87 93 102 108 117 123 132 138 147 153 162 168 177 183 192
a 1 7 19 22 34 37 46 55 64 67 78 87 93 102 108 117 123 132 138 147 153 162 168 177 183 192
a 1 10 19 22 34 37 46 55 64 67 78 87 93 102 108 117 123 132 138 147 153 162 168 177 183 192
a 4 10 19 22 34 37 46 55 64 67 78 87 93 102 108 117 123 132 138 147 153 162 168 177 183 192
a 4 10 19 22 28 37 46 55 64 67 78 87 93 102 108 117 123 132 138 147 153 162 168 177 183 192
a 4 10 19 22 28 40 46 55 64 67 78 87 93 102 108 117 123 132 138 147 153 162 168 177 183 192
a 4 10 19 22 31 40 46 55 64 67 78 87 93 102 108 117 123 132 138 147 153 162 168 177 183 192
a 1 10 19 22 31 40 46 55 64 67 78 87 93 102 108 117 123 132 138 147 153 162 168 177 183 192
a 1 7 19 22 31 40 46 55 64 67 78 87 93 102 108 117 123 132 138 147 153 162 168 177 183 192
a 1 7 13 22 31 40 46 55 64 67 78 87 93 102 108 117 123 132 138 147 153 162 168 177 183 192
a 1 7 13 25 31 40 46 55 64 67 78 87 93 102 108 117 123 132 138 147 153 162 168 177 183 192
a 1 7 13 25 31 40 46 55 64 67 73 87 93 102 108 117 123 132 138 147 153 162 168 177 183 192
a 1 7 13 25 31 40 46 55 64 67 73 82 93 102 108 117 123 132 138 147 153 162 168 177 183 192
a 1 7 13 25 31 40 46 55 64 67 79 82 93 102 108 117 123 132 138 147 153 162 168 177 183 192
a 1 7 13 22 31 40 46 55 64 67 79 82 93 102 108 117 123 132 138 147 153 162 168 177 183 192
a 1 7 19 22 31 40 46 55 64 67 79 82 93 102 108 117 123 132 138 147 153 162 168 177 183 192
a 1 10 19 22 31 40 46 55 64 67 79 82 93 102 108 117 123 132 138 147 153 162 168 177 183 192
a 4 10 19 22 31 40 46 55 64 67 79 82 93 102 108 117 123 132 138 147 153 162 168 177 183 192
a 4 10 19 22 28 40 46 55 64 67 79 82 93 102 108 117 123 132 138 147 153 162 168 177 183 192
a 4 10 19 22 28 37 46 55 64 67 79 82 93 102 108 117 123 132 138 147 153 162 168 177 183 192
a 4 10 19 22 34 37 46 55 64 67 79 82 93 102 108 117 123 132 138 147 153 162 168 177 183 192
a 1 10 19 22 34 37 46 55 64 67 79 82 93 102 108 117 123 132 138 147 153 162 168 177 183 192
a 1 7 19 22 34 37 46 55 64 67 79 82 93 102 108 117 123 132 138 147 153 162 168 177 183 192
a 1 7 19 22 34 37 43 55 64 67 79 82 93 102 108 117 123 132 138 147 153 162 168 177 183 192
a 1 7 19 22 34 37 43 52 64 67 79 82 93 102 108 117 123 132 138 147 153 162 168 177 183 192
a 1 7 19 22 34 37 43 52 64 67 79 82 88 102 108 117 123 132 138 147 153 162 168 177 183 192
a 1 7 19 22 34 37 43 52 64 67 79 82 88 97 108 117 123 132 138 147 153 162 168 177 183 192
a 1 7 19 22 34 37 43 52 64 67 79 82 88 97 103 117 123 132 138 147 153 162 168 177 183 192
a 1 7 19 22 34 37 43 52 64 67 79 82 88 97 103 112 123 132 138 147 153 162 168 177 183 192
a 1 7 19 22 34 37 43 52 64 67 79 82 88 97 109 112 123 132 138 147 153 162 168 177 183 192
a 1 7 19 22 34 37 43 52 64 67 79 82 88 100 109 112 123 132 138 147 153 162 168 177 183 192
a 1 7 19 22 34 37 43 52 64 67 79 82 91 100 109 112 123 132 138 147 153 162 168 177 183 192
a 1 7 19 22 34 37 43 55 64 67 79 82 91 100 109 112 123 132 138 147 153 162 168 177 183 192
a 1 7 19 22 34 37 46 55 64 67 79 82 91 100 109 112 123 132 138 147 153 162 168 177 183 192
a 1 10 19 22 34 37 46 55 64 67 79 82 91 100 109 112 123 132 138 147 153 162 168 177 183 192
a 4 10 19 22 34 37 46 55 64 67 79 82 91 100 109 112 123 132 138 147 153 162 168 177 183 192
a 4 10 19 22 28 37 46 55 64 67 79 82 91 100 109 112 123 132 138 147 153 162 168 177 183 192
a 4 10 19 22 28 40 46 55 64 67 79 82 91 100 109 112 123 132 138 147 153 162 168 177 183 192
a 4 10 19 22 31 40 46 55 64 67 79 82 91 100 109 112 123 132 138 147 153 162 168 177 183 192
a 1 10 19 22 31 40 46 55 64 67 79 82 91 100 109 112 123 132 138 147 153 162 168 177 183 192
a 1 7 19 22 31 40 46 55 64 67 79 82 91 100 109 112 123 132 138 147 153 162 168 177 183 192
a 1 7 13 22 31 40 46 55 64 67 79 82 91 100 109 112 123 132 138 147 153 162 168 177 183 192
a 1 7 13 25 31 40 46 55 64 67 79 82 91 100 109 112 123 132 138 147 153 162 168 177 183 192
a 1 7 13 25 31 40 46 55 64 67 73 82 91 100 109 112 123 132 138 147 153 162 168 177 183 192
a 1 7 13 25 31 40 46 55 64 67 73 85 91 100 109 112 123 132 138 147 153 162 168 177 183 192
a 1 7 13 25 31 40 46 55 64 67 76 85 91 100 109 112 123 132 138 147 153 162 168 177 183 192
a 1 7 13 22 31 40 46 55 64 67 76 85 91 100 109 112 123 132 138 147 153 162 168 177 183 192
a 1 7 19 22 31 40 46 55 64 67 76 85 91 100 109 112 123 132 138 147 153 162 168 177 183 192
a 1 10 19 22 31 40 46 55 64 67 76 85 91 100 109 112 123 132 138 147 153 162 168 177 183 192
a 4 10 19 22 31 40 46 55 64 67 76 85 91 100 109 112 123 132 138 147 153 162 168 177 183 192
a 4 10 19 22 28 40 46 55 64 67 76 85 91 100 109 112 123 132 138 147 153 162 168 177 183 192
a 4 10 19 22 28 37 46 55 64 67 76 85 91 100 109 112 123 132 138 147 153 162 168 177 183 192
a 4 10 19 22 34 37 46 55 64 67 76 85 91 100 109 112 123 132 138 147 153 162 168 177 183 192
a 1 10 19 22 34 37 46 55 64 67 76 85 91 100 109 112 123 132 138 147 153 162 168 177 183 192
a 1 7 19 22 34 37 46 55 64 67 76 85 91 100 109 112 123 132 138 147 153 162 168 177 183 192
a 1 7 19 22 34 37 43 55 64 67 76 85 91 100 109 112 123 132 138 147 153 162 168 177 183 192
a 1 7 19 22 34 37 43 52 64 67 76 85 91 100 109 112 123 132 138 147 153 162 168 177 183 192
a 1 7 19 22 34 37 43 52 58 67 76 85 91 100 109 112 123 132 138 147 153 162 168 177 183 192
a 1 7 19 22 34 37 43 52 58 70 76 85 91 100 109 112 123 132 138 147 153 162 168 177 183 192
a 1 7 19 22 34 37 43 52 58 70 76 85 91 100 109 112 118 132 138 147 153 162 168 177 183 192
a 1 7 19 22 34 37 43 52 58 70 76 85 91 100 109 112 118 127 138 147 153 162 168 177 183 192
a 1 7 19 22 34 37 43 52 58 70 76 85 91 100 109 112 124 127 138 147 153 162 168 177 183 192
a 1 7 19 22 34 37 43 52 58 67 76 85 91 100 109 112 124 127 138 147 153 162 168 177 183 192
a 1 7 19 22 34 37 43 52 64 67 76 85 91 100 109 112 124 127 138 147 153 162 168 177 183 192
a 1 7 19 22 34 37 43 55 64 67 76 85 91 100 109 112 124 127 138 147 153 162 168 177 183 192
a 1 7 19 22 34 37 46 55 64 67 76 85 91 100 109 112 124 127 138 147 153 162 168 177 183 192
a 1 10 19 22 34 37 46 55 64 67 76 85 91 100 109 112 124 127 138 147 153 162 168 177 183 192
a 4 10 19 22 34 37 46 55 64 67 76 85 91 100 109 112 124 127 138 147 153 162 168 177 183 192
a 4 10 19 22 28 37 46 55 64 67 76 85 91 100 109 112 124 127 138 147 153 162 168 177 183 192
a 4 10 19 22 28 40 46 55 64 67 76 85 91 100 109 112 124 127 138 147 153 162 168 177 183 192
a 4 10 19 22 31 40 46 55 64 67 76 85 91 100 109 112 124 127 138 147 153 162 168 177 183 192
a 1 10 19 22 31 40 46 55 64 67 76 85 91 100 109 112 124 127 138 147 153 162 168 177 183 192
a 1 7 19 22 31 40 46 55 64 67 76 85 91 100 109 112 124 127 138 147 153 162 168 177 183 192
a 1 7 13 22 31 40 46 55 64 67 76 85 91 100 109 112 124 127 138 147 153 162 168 177 183 192
a 1 7 13 25 31 40 46 55 64 67 76 85 91 100 109 112 124 127 138 147 153 162 168 177 183 192
a 1 7 13 25 31 40 46 55 64 67 73 85 91 100 109 112 124 127 138 147 153 162 168 177 183 192
a 1 7 13 25 31 40 46 55 64 67 73 82 91 100 109 112 124 127 138 147 153 162 168 177 183 192
a 1 7 13 25 31 40 46 55 64 67 79 82 91 100 109 112 124 127 138 147 153 162 168 177 183 192
a 1 7 13 22 31 40 46 55 64 67 79 82 91 100 109 112 124 127 138 147 153 162 168 177 183 192
a 1 7 19 22 31 40 46 55 64 67 79 82 91 100 109 112 124 127 138 147 153 162 168 177 183 192
a 1 10 19 22 31 40 46 55 64 67 79 82 91 100 109 112 124 127 138 147 153 162 168 177 183 192
a 4 10 19 22 31 40 46 55 64 67 79 82 91 100 109 112 124 127 138 147 153 162 168 177 183 192
a 4 10 19 22 28 40 46 55 64 67 79 82 91 100 109 112 124 127 138 147 153 162 168 177 183 192
a 4 10 19 22 28 37 46 55 64 67 79 82 91 100 109 112 124 127 138 147 153 162 168 177 183 192
a 4 10 19 22 34 37 46 55 64 67 79 82 91 100 109 112 124 127 138 147 153 162 168 177 183 192
a 1 10 19 22 34 37 46 55 64 67 79 82 91 100 109 112 124 127 138 147 153 162 168 177 183 192
a 1 7 19 22 34 37 46 55 64 67 79 82 91 100 109 112 124 127 138 147 153 162 168 177 183 192
a 1 7 19 22 34 37 43 55 64 67 79 82 91 100 109 112 124 127 138 147 153 162 168 177 183 192
a 1 7 19 22 34 37 43 52 64 67 79 82 91 100 109 112 124 127 138 147 153 162 168 177 183 192
a 1 7 19 22 34 37 43 52 64 67 79 82 88 100 109 112 124 127 138 147 153 162 168 177 183 192
a 1 7 19 22 34 37 43 52 64 67 79 82 88 97 109 112 124 127 138 147 153 162 168 177 183 192
a 1 7 19 22 34 37 43 52 64 67 79 82 88 97 109 112 124 127 133 147 153 162 168 177 183 192
a 1 7 19 22 34 37 43 52 64 67 79 82 88 97 109 112 124 127 133 142 153 162 168 177 183 192
a 1 7 19 22 34 37 43 52 64 67 79 82 88 97 109 112 124 127 133 142 148 162 168 177 183 192
a 1 7 19 22 34 37 43 52 64 67 79 82 88 97 109 112 124 127 133 142 148 159 168 177 183 192
a 1 7 19 22 34 37 43 52 64 67 79 82 88 97 109 112 124 127 133 142 154 159 168 177 183 192
a 1 7 19 22 34 37 43 52 64 67 79 82 88 97 109 112 124 127 133 145 154 159 168 177 183 192
a 1 7 19 22 34 37 43 52 64 67 79 82 88 97 109 112 124 127 136 145 154 159 168 177 183 192
a 1 7 19 22 34 37 43 52 64 67 79 82 88 100 109 112 124 127 136 145 154 159 168 177 183 192
a 1 7 19 22 34 37 43 52 64 67 79 82 91 100 109 112 124 127 136 145 154 159 168 177 183 192
a 1 7 19 22 34 37 43 55 64 67 79 82 91 100 109 112 124 127 136 145 154 159 168 177 183 192
a 1 7 19 22 34 37 46 55 64 67 79 82 91 100 109 112 124 127 136 145 154 159 168 177 183 192
a 1 10 19 22 34 37 46 55 64 67 79 82 91 100 109 112 124 127 136 145 154 159 168 177 183 192
a 4 10 19 22 34 37 46 55 64 67 79 82 91 100 109 112 124 127 136 145 154 159 168 177 183 192
a 4 10 19 22 28 37 46 55 64 67 79 82 91 100 109 112 124 127 136 145 154 159 168 177 183 192
a 4 10 19 22 28 40 46 55 64 67 79 82 91 100 109 112 124 127 136 145 154 159 168 177 183 192
a 4 10 19 22 31 40 46 55 64 67 79 82 91 100 109 112 124 127 136 145 154 159 168 177 183 192
a 1 10 19 22 31 40 46 55 64 67 79 82 91 100 109 112 124 127 136 145 154 159 168 177 183 192
a 1 7 19 22 31 40 46 55 64 67 79 82 91 100 109 112 124 127 136 145 154 159 168 177 183 192
a 1 7 13 22 31 40 46 55 64 67 79 82 91 100 109 112 124 127 136 145 154 159 168 177 183 192
a 1 7 13 25 31 40 46 55 64 67 79 82 91 100 109 112 124 127 136 145 154 159 168 177 183 192
a 1 7 13 25 31 40 46 55 64 67 73 82 91 100 109 112 124 127 136 145 154 159 168 177 183 192
a 1 7 13 25 31 40 46 55 64 67 73 85 91 100 109 112 124 127 136 145 154 159 168 177 183 192
a 1 7 13 25 31 40 46 55 64 67 76 85 91 100 109 112 124 127 136 145 154 159 168 177 183 192
a 1 7 13 22 31 40 46 55 64 67 76 85 91 100 109 112 124 127 136 145 154 159 168 177 183 192
a 1 7 19 22 31 40 46 55 64 67 76 85 91 100 109 112 124 127 136 145 154 159 168 177 183 192
a 1 10 19 22 31 40 46 55 64 67 76 85 91 100 109 112 124 127 136 145 154 159 168 177 183 192
a 4 10 19 22 31 40 46 55 64 67 76 85 91 100 109 112 124 127 136 145 154 159 168 177 183 192
a 4 10 19 22 28 40 46 55 64 67 76 85 91 100 109 112 124 127 136 145 154 159 168 177 183 192
a 4 10 19 22 28 37 46 55 64 67 76 85 91 100 109 112 124 127 136 145 154 159 168 177 183 192
a 4 10 19 22 34 37 46 55 64 67 76 85 91 100 109 112 124 127 136 145 154 159 168 177 183 192
a 1 10 19 22 34 37 46 55 64 67 76 85 91 100 109 112 124 127 136 145 154 159 168 177 183 192
a 1 7 19 22 34 37 46 55 64 67 76 85 91 100 109 112 124 127 136 145 154 159 168 177 183 192
a 1 7 19 22 34 37 43 55 64 67 76 85 91 100 109 112 124 127 136 145 154 159 168 177 183 192
a 1 7 19 22 34 37 43 52 64 67 76 85 91 100 109 112 124 127 136 145 154 159 168 177 183 192
a 1 7 19 22 34 37 43 52 58 67 76 85 91 100 109 112 124 127 136 145 154 159 168 177 183 192
a 1 7 19 22 34 37 43 52 58 70 76 85 91 100 109 112 124 127 136 145 154 159 168 177 183 192
a 1 7 19 22 34 37 43 52 58 70 76 85 91 100 109 112 118 127 136 145 154 159 168 177 183 192
a 1 7 19 22 34 37 43 52 58 70 76 85 91 100 109 112 118 130 136 145 154 159 168 177 183 192
a 1 7 19 22 34 37 43 52 58 70 76 85 91 100 109 112 121 130 136 145 154 159 168 177 183 192
a 1 7 19 22 34 37 43 52 58 67 76 85 91 100 109 112 121 130 136 145 154 159 168 177 183 192
a 1 7 19 22 34 37 43 52 64 67 76 85 91 100 109 112 121 130 136 145 154 159 168 177 183 192
a 1 7 19 22 34 37 43 55 64 67 76 85 91 100 109 112 121 130 136 145 154 159 168 177 183 192
a 1 7 19 22 34 37 46 55 64 67 76 85 91 100 109 112 121 130 136 145 154 159 168 177 183 192
a 1 10 19 22 34 37 46 55 64 67 76 85 91 100 109 112 121 130 136 145 154 159 168 177 183 192
a 4 10 19 22 34 37 46 55 64 67 76 85 91 100 109 112 121 130 136 145 154 159 168 177 183 192
a 4 10 19 22 28 37 46 55 64 67 76 85 91 100 109 112 121 130 136 145 154 159 168 177 183 192
a 4 10 19 22 28 40 46 55 64 67 76 85 91 100 109 112 121 130 136 145 154 159 168 177 183 192
a 4 10 19 22 31 40 46 55 64 67 76 85 91 100 109 112 121 130 136 145 154 159 168 177 183 192
a 1 10 19 22 31 40 46 55 64 67 76 85 91 100 109 112 121 130 136 145 154 159 168 177 183 192
a 1 7 19 22 31 40 46 55 64 67 76 85 91 100 109 112 121 130 136 145 154 159 168 177 183 192
a 1 7 13 22 31 40 46 55 64 67 76 85 91 100 109 112 121 130 136 145 154 159 168 177 183 192
a 1 7 13 25 31 40 46 55 64 67 76 85 91 100 109 112 121 130 136 145 154 159 168 177 183 192
a 1 7 13 25 31 40 46 55 64 67 73 85 91 100 109 112 121 130 136 145 154 159 168 177 183 192
a 1 7 13 25 31 40 46 55 64 67 73 82 91 100 109 112 121 130 136 145 154 159 168 177 183 192
a 1 7 13 25 31 40 46 55 64 67 79 82 91 100 109 112 121 130 136 145 154 159 168 177 183 192
a 1 7 13 22 31 40 46 55 64 67 79 82 91 100 109 112 121 130 136 145 154 159 168 177 183 192
a 1 7 19 22 31 40 46 55 64 67 79 82 91 100 109 112 121 130 136 145 154 159 168 177 183 192
a 1 10 19 22 31 40 46 55 64 67 79 82 91 100 109 112 121 130 136 145 154 159 168 177 183 192
a 4 10 19 22 31 40 46 55 64 67 79 82 91 100 109 112 121 130 136 145 154 159 168 177 183 192
a 4 10 19 22 28 40 46 55 64 67 79 82 91 100 109 112 121 130 136 145 154 159 168 177 183 192
a 4 10 19 22 28 37 46 55 64 67 79 82 91 100 109 112 121 130 136 145 154 159 168 177 183 192
a 4 10 19 22 34 37 46 55 64 67 79 82 91 100 109 112 121 130 136 145 154 159 168 177 183 192
a 1 10 19 22 34 37 46 55 64 67 79 82 91 100 109 112 121 130 136 145 154 159 168 177 183 192
a 1 7 19 22 34 37 46 55 64 67 79 82 91 100 109 112 121 130 136 145 154 159 168 177 183 192
a 1 7 19 22 34 37 43 55 64 67 79 82 91 100 109 112 121 130 136 145 154 159 168 177 183 192
a 1 7 19 22 34 37 43 52 64 67 79 82 91 100 109 112 121 130 136 145 154 159 168 177 183 192
a 1 7 19 22 34 37 43 52 64 67 79 82 88 100 109 112 121 130 136 145 154 159 168 177 183 192
a 1 7 19 22 34 37 43 52 64 67 79 82 88 97 109 112 121 130 136 145 154 159 168 177 183 192
a 1 7 19 22 34 37 43 52 64 67 79 82 88 97 103 112 121 130 136 145 154 159 168 177 183 192
a 1 7 19 22 34 37 43 52 64 67 79 82 88 97 103 115 121 130 136 145 154 159 168 177 183 192
a 1 7 19 22 34 37 43 52 64 67 79 82 88 97 103 115 121 130 136 145 154 159 163 177 183 192
a 1 7 19 22 34 37 43 52 64 67 79 82 88 97 103 115 121 130 136 145 154 159 163 174 183 192
a 1 7 19 22 34 37 43 52 64 67 79 82 88 97 103 115 121 130 136 145 154 159 169 174 183 192
a 1 7 19 22 34 37 43 52 64 67 79 82 88 97 103 112 121 130 136 145 154 159 169 174 183 192
a 1 7 19 22 34 37 43 52 64 67 79 82 88 97 109 112 121 130 136 145 154 159 169 174 183 192
a 1 7 19 22 34 37 43 52 64 67 79 82 88 100 109 112 121 130 136 145 154 159 169 174 183 192
a 1 7 19 22 34 37 43 52 64 67 79 82 91 100 109 112 121 130 136 145 154 159 169 174 183 192
a 1 7 19 22 34 37 43 55 64 67 79 82 91 100 109 112 121 130 136 145 154 159 169 174 183 192
a 1 7 19 22 34 37 46 55 64 67 79 82 91 100 109 112 121 130 136 145 154 159 169 174 183 192
a 1 10 19 22 34 37 46 55 64 67 79 82 91 100 109 112 121 130 136 145 154 159 169 174 183 192
a 4 10 19 22 34 37 46 55 64 67 79 82 91 100 109 112 121 130 136 145 154 159 169 174 183 192
a 4 10 19 22 28 37 46 55 64 67 79 82 91 100 109 112 121 130 136 145 154 159 169 174 183 192
a 4 10 19 22 28 40 46 55 64 67 79 82 91 100 109 112 121 130 136 145 154 159 169 174 183 192
a 4 10 19 22 31 40 46 55 64 67 79 82 91 100 109 112 121 130 136 145 154 159 169 174 183 192
a 1 10 19 22 31 40 46 55 64 67 79 82 91 100 109 112 121 130 136 145 154 159 169 174 183 192
a 1 7 19 22 31 40 46 55 64 67 79 82 91 100 109 112 121 130 136 145 154 159 169 174 183 192
a 1 7 13 22 31 40 46 55 64 67 79 82 91 100 109 112 121 130 136 145 154 159 169 174 183 192
a 1 7 13 25 31 40 46 55 64 67 79 82 91 100 109 112 121 130 136 145 154 159 169 174 183 192
a 1 7 13 25 31 40 46 55 64 67 73 82 91 100 109 112 121 130 136 145 154 159 169 174 183 192
a 1 7 13 25 31 40 46 55 64 67 73 85 91 100 109 112 121 130 136 145 154 159 169 174 183 192
a 1 7 13 25 31 40 46 55 64 67 76 85 91 100 109 112 121 130 136 145 154 159 169 174 183 192
a 1 7 13 22 31 40 46 55 64 67 76 85 91 100 109 112 121 130 136 145 154 159 169 174 183 192
a 1 7 19 22 31 40 46 55 64 67 76 85 91 100 109 112 121 130 136 145 154 159 169 174 183 192
a 1 10 19 22 31 40 46 55 64 67 76 85 91 100 109 112 121 130 136 145 154 159 169 174 183 192
a 4 10 19 22 31 40 46 55 64 67 76 85 91 100 109 112 121 130 136 145 154 159 169 174 183 192
a 4 10 19 22 28 40 46 55 64 67 76 85 91 100 109 112 121 130 136 145 154 159 169 174 183 192
a 4 10 19 22 28 37 46 55 64 67 76 85 91 100 109 112 121 130 136 145 154 159 169 174 183 192
a 4 10 19 22 34 37 46 55 64 67 76 85 91 100 109 112 121 130 136 145 154 159 169 174 183 192
a 1 10 19 22 34 37 46 55 64 67 76 85 91 100 109 112 121 130 136 145 154 159 169 174 183 192
a 1 7 19 22 34 37 46 55 64 67 76 85 91 100 109 112 121 130 136 145 154 159 169 174 183 192
a 1 7 19 22 34 37 43 55 64 67 76 85 91 100 109 112 121 130 136 145 154 159 169 174 183 192
a 1 7 19 22 34 37 43 52 64 67 76 85 91 100 109 112 121 130 136 145 154 159 169 174 183 192
a 1 7 19 22 34 37 43 52 58 67 76 85 91 100 109 112 121 130 136 145 154 159 169 174 183 192
a 1 7 19 22 34 37 43 52 58 70 76 85 91 100 109 112 121 130 136 145 154 159 169 174 183 192
a 1 7 19 22 34 37 43 52 58 70 76 85 91 100 109 112 118 130 136 145 154 159 169 174 183 192
a 1 7 19 22 34 37 43 52 58 70 76 85 91 100 109 112 118 127 136 145 154 159 169 174 183 192
a 1 7 19 22 34 37 43 52 58 70 76 85 91 100 109 112 124 127 136 145 154 159 169 174 183 192
a 1 7 19 22 34 37 43 52 58 67 76 85 91 100 109 112 124 127 136 145 154 159 169 174 183 192
a 1 7 19 22 34 37 43 52 64 67 76 85 91 100 109 112 124 127 136 145 154 159 169 174 183 192
a 1 7 19 22 34 37 43 55 64 67 76 85 91 100 109 112 124 127 136 145 154 159 169 174 183 192
a 1 7 19 22 34 37 46 55 64 67 76 85 91 100 109 112 124 127 136 145 154 159 169 174 183 192
a 1 10 19 22 34 37 46 55 64 67 76 85 91 100 109 112 124 127 136 145 154 159 169 174 183 192
a 4 10 19 22 34 37 46 55 64 67 76 85 91 100 109 112 124 127 136 145 154 159 169 174 183 192
a 4 10 19 22 28 37 46 55 64 67 76 85 91 100 109 112 124 127 136 145 154 159 169 174 183 192
a 4 10 19 22 28 40 46 55 64 67 76 85 91 100 109 112 124 127 136 145 154 159 169 174 183 192
a 4 10 19 22 31 40 46 55 64 67 76 85 91 100 109 112 124 127 136 145 154 159 169 174 183 192
a 1 10 19 22 31 40 46 55 64 67 76 85 91 100 109 112 124 127 136 145 154 159 169 174 183 192
a 1 7 19 22 31 40 46 55 64 67 76 85 91 100 109 112 124 127 136 145 154 159 169 174 183 192
a 1 7 13 22 31 40 46 55 64 67 76 85 91 100 109 112 124 127 136 145 154 159 169 174 183 192
a 1 7 13 25 31 40 46 55 64 67 76 85 91 100 109 112 124 127 136 145 154 159 169 174 183 192
a 1 7 13 25 31 40 46 55 64 67 73 85 91 100 109 112 124 127 136 145 154 159 169 174 183 192
a 1 7 13 25 31 40 46 55 64 67 73 82 91 100 109 112 124 127 136 145 154 159 169 174 183 192
a 1 7 13 25 31 40 46 55 64 67 79 82 91 100 109 112 124 127 136 145 154 159 169 174 183 192
a 1 7 13 22 31 40 46 55 64 67 79 82 91 100 109 112 124 127 136 145 154 159 169 174 183 192
a 1 7 19 22 31 40 46 55 64 67 79 82 91 100 109 112 124 127 136 145 154 159 169 174 183 192
a 1 10 19 22 31 40 46 55 64 67 79 82 91 100 109 112 124 127 136 145 154 159 169 174 183 192
a 4 10 19 22 31 40 46 55 64 67 79 82 91 100 109 112 124 127 136 145 154 159 169 174 183 192
a 4 10 19 22 28 40 46 55 64 67 79 82 91 100 109 112 124 127 136 145 154 159 169 174 183 192
a 4 10 19 22 28 37 46 55 64 67 79 82 91 100 109 112 124 127 136 145 154 159 169 174 183 192
a 4 10 19 22 34 37 46 55 64 67 79 82 91 100 109 112 124 127 136 145 154 159 169 174 183 192
a 1 10 19 22 34 37 46 55 64 67 79 82 91 100 109 112 124 127 136 145 154 159 169 174 183 192
a 1 7 19 22 34 37 46 55 64 67 79 82 91 100 109 112 124 127 136 145 154 159 169 174 183 192
a 1 7 19 22 34 37 43 55 64 67 79 82 91 100 109 112 124 127 136 145 154 159 169 174 183 192
a 1 7 19 22 34 37 43 52 64 67 79 82 91 100 109 112 124 127 136 145 154 159 169 174 183 192
a 1 7 19 22 34 37 43 52 64 67 79 82 88 100 109 112 124 127 136 145 154 159 169 174 183 192
a 1 7 19 22 34 37 43 52 64 67 79 82 88 97 109 112 124 127 136 145 154 159 169 174 183 192
a 1 7 19 22 34 37 43 52 64 67 79 82 88 97 109 112 124 127 133 145 154 159 169 174 183 192
a 1 7 19 22 34 37 43 52 64 67 79 82 88 97 109 112 124 127 133 142 154 159 169 174 183 192
a 1 7 19 22 34 37 43 52 64 67 79 82 88 97 109 112 124 127 133 142 154 159 169 174 178 192
a 1 7 19 22 34 37 43 52 64 67 79 82 88 97 109 112 124 127 133 142 154 159 169 174 178 189
a 1 7 19 22 34 37 43 52 64 67 79 82 88 97 109 112 124 127 133 142 154 159 169 174 184 189
a 1 7 19 22 34 37 43 52 64 67 79 82 88 97 109 112 124 127 133 146 154 159 169 174 184 189
a 1 7 19 22 34 37 43 52 64 67 79 82 88 97 109 112 124 127 137 146 154 159 169 174 184 189
a 1 7 19 22 34 37 43 52 64 67 79 82 88 100 109 112 124 127 137 146 154 159 169 174 184 189
a 1 7 19 22 34 37 43 52 64 67 79 82 91 100 109 112 124 127 137 146 154 159 169 174 184 189
a 1 7 19 22 34 37 43 55 64 67 79 82 91 100 109 112 124 127 137 146 154 159 169 174 184 189
a 1 7 19 22 34 37 46 55 64 67 79 82 91 100 109 112 124 127 137 146 154 159 169 174 184 189
a 1 10 19 22 34 37 46 55 64 67 79 82 91 100 109 112 124 127 137 146 154 159 169 174 184 189
a 4 10 19 22 34 37 46 55 64 67 79 82 91 100 109 112 124 127 137 146 154 159 169 174 184 189
a 4 10 19 22 28 37 46 55 64 67 79 82 91 100 109 112 124 127 137 146 154 159 169 174 184 189
a 4 10 19 22 28 40 46 55 64 67 79 82 91 100 109 112 124 127 137 146 154 159 169 174 184 189
a 4 10 19 22 31 40 46 55 64 67 79 82 91 100 109 112 124 127 137 146 154 159 169 174 184 189
a 1 10 19 22 31 40 46 55 64 67 79 82 91 100 109 112 124 127 137 146 154 159 169 174 184 189
a 1 7 19 22 31 40 46 55 64 67 79 82 91 100 109 112 124 127 137 146 154 159 169 174 184 189
a 1 7 13 22 31 40 46 55 64 67 79 82 91 100 109 112 124 127 137 146 154 159 169 174 184 189
a 1 7 13 25 31 40 46 55 64 67 79 82 91 100 109 112 124 127 137 146 154 159 169 174 184 189
a 1 7 13 25 31 40 46 55 64 67 73 82 91 100 109 112 124 127 137 146 154 159 169 174 184 189
a 1 7 13 25 31 40 46 55 64 67 73 85 91 100 109 112 124 127 137 146 154 159 169 174 184 189
a 1 7 13 25 31 40 46 55 64 67 76 85 91 100 109 112 124 127 137 146 154 159 169 174 184 189
a 1 7 13 22 31 40 46 55 64 67 76 85 91 100 109 112 124 127 137 146 154 159 169 174 184 189
a 1 7 19 22 31 40 46 55 64 67 76 85 91 100 109 112 124 127 137 146 154 159 169 174 184 189
a 1 10 19 22 31 40 46 55 64 67 76 85 91 100 109 112 124 127 137 146 154 159 169 174 184 189
a 4 10 19 22 31 40 46 55 64 67 76 85 91 100 109 112 124 127 137 146 154 159 169 174 184 189
a 4 10 19 22 28 40 46 55 64 67 76 85 91 100 109 112 124 127 137 146 154 159 169 174 184 189
a 4 10 19 22 28 37 46 55 64 67 76 85 91 100 109 112 124 127 137 146 154 159 169 174 184 189
a 4 10 19 22 34 37 46 55 64 67 76 85 91 100 109 112 124 127 137 146 154 159 169 174 184 189
a 1 10 19 22 34 37 46 55 64 67 76 85 91 100 109 112 124 127 137 146 154 159 169 174 184 189
a 1 7 19 22 34 37 46 55 64 67 76 85 91 100 109 112 124 127 137 146 154 159 169 174 184 189
a 1 7 19 22 34 37 43 55 64 67 76 85 91 100 109 112 124 127 137 146 154 159 169 174 184 189
a 1 7 19 22 34 37 43 52 64 67 76 85 91 100 109 112 124 127 137 146 154 159 169 174 184 189
a 1 7 19 22 34 37 43 52 58 67 76 85 91 100 109 112 124 127 137 146 154 159 169 174 184 189
a 1 7 19 22 34 37 43 52 58 70 76 85 91 100 109 112 124 127 137 146 154 159 169 174 184 189
a 1 7 19 22 34 37 43 52 58 70 76 85 91 100 109 112 118 127 137 146 154 159 169 174 184 189
a 1 7 19 22 34 37 43 52 58 70 76 85 91 100 109 112 118 131 137 146 154 159 169 174 184 189
a 1 7 19 22 34 37 43 52 58 70 76 85 91 100 109 112 121 131 137 146 154 159 169 174 184 189
a 1 7 19 22 34 37 43 52 58 67 76 85 91 100 109 112 121 131 137 146 154 159 169 174 184 189
a 1 7 19 22 34 37 43 52 64 67 76 85 91 100 109 112 121 131 137 146 154 159 169 174 184 189
a 1 7 19 22 34 37 43 55 64 67 76 85 91 100 109 112 121 131 137 146 154 159 169 174 184 189
a 1 7 19 22 34 37 46 55 64 67 76 85 91 100 109 112 121 131 137 146 154 159 169 174 184 189
a 1 10 19 22 34 37 46 55 64 67 76 85 91 100 109 112 121 131 137 146 154 159 169 174 184 189
a 4 10 19 22 34 37 46 55 64 67 76 85 91 100 109 112 121 131 137 146 154 159 169 174 184 189
a 4 10 19 22 28 37 46 55 64 67 76 85 91 100 109 112 121 131 137 146 154 159 169 174 184 189
a 4 10 19 22 28 40 46 55 64 67 76 85 91 100 109 112 121 131 137 146 154 159 169 174 184 189
a 4 10 19 22 31 40 46 55 64 67 76 85 91 100 109 112 121 131 137 146 154 159 169 174 184 189
a 1 10 19 22 31 40 46 55 64 67 76 85 91 100 109 112 121 131 137 146 154 159 169 174 184 189
a 1 7 19 22 31 40 46 55 64 67 76 85 91 100 109 112 121 131 137 146 154 159 169 174 184 189
a 1 7 13 22 31 40 46 55 64 67 76 85 91 100 109 112 121 131 137 146 154 159 169 174 184 189
a 1 7 13 25 31 40 46 55 64 67 76 85 91 100 109 112 121 131 137 146 154 159 169 174 184 189
a 1 7 13 25 31 40 46 55 64 67 73 85 91 100 109 112 121 131 137 146 154 159 169 174 184 189
a 1 7 13 25 31 40 46 55 64 67 73 82 91 100 109 112 121 131 137 146 154 159 169 174 184 189
a 1 7 13 25 31 40 46 55 64 67 79 82 91 100 109 112 121 131 137 146 154 159 169 174 184 189
a 1 7 13 22 31 40 46 55 64 67 79 82 91 100 109 112 121 131 137 146 154 159 169 174 184 189
a 1 7 19 22 31 40 46 55 64 67 79 82 91 100 109 112 121 131 137 146 154 159 169 174 184 189
a 1 10 19 22 31 40 46 55 64 67 79 82 91 100 109 112 121 131 137 146 154 159 169 174 184 189
a 4 10 19 22 31 40 46 55 64 67 79 82 91 100 109 112 121 131 137 146 154 159 169 174 184 189
a 4 10 19 22 28 40 46 55 64 67 79 82 91 100 109 112 121 131 137 146 154 159 169 174 184 189
a 4 10 19 22 28 37 46 55 64 67 79 82 91 100 109 112 121 131 137 146 154 159 169 174 184 189
a 4 10 19 22 34 37 46 55 64 67 79 82 91 100 109 112 121 131 137 146 154 159 169 174 184 189
a 1 10 19 22 34 37 46 55 64 67 79 82 91 100 109 112 121 131 137 146 154 159 169 174 184 189
a 1 7 19 22 34 37 46 55 64 67 79 82 91 100 109 112 121 131 137 146 154 159 169 174 184 189
a 1 7 19 22 34 37 43 55 64 67 79 82 91 100 109 112 121 131 137 146 154 159 169 174 184 189
a 1 7 19 22 34 37 43 52 64 67 79 82 91 100 109 112 121 131 137 146 154 159 169 174 184 189
a 1 7 19 22 34 37 43 52 64 67 79 82 88 100 109 112 121 131 137 146 154 159 169 174 184 189
a 1 7 19 22 34 37 43 52 64 67 79 82 88 97 109 112 121 131 137 146 154 159 169 174 184 189
a 1 7 19 22 34 37 43 52 64 67 79 82 88 97 103 112 121 131 137 146 154 159 169 174 184 189
a 1 7 19 22 34 37 43 52 64 67 79 82 88 97 103 115 121 131 137 146 154 159 169 174 184 189
a 1 7 19 22 34 37 43 52 64 67 79 82 88 97 103 115 121 131 137 146 154 159 164 174 184 189
a 1 7 19 22 34 37 43 52 64 67 79 82 88 97 106 115 121 131 137 146 154 159 164 174 184 189
a 1 7 19 22 34 37 43 52 64 67 79 82 88 100 106 115 121 131 137 146 154 159 164 174 184 189
a 1 7 19 22 34 37 43 52 64 67 79 82 92 100 106 115 121 131 137 146 154 159 164 174 184 189
a 1 7 19 22 34 37 43 55 64 67 79 82 92 100 106 115 121 131 137 146 154 159 164 174 184 189
a 1 7 19 22 34 37 46 55 64 67 79 82 92 100 106 115 121 131 137 146 154 159 164 174 184 189
a 1 10 19 22 34 37 46 55 64 67 79 82 92 100 106 115 121 131 137 146 154 159 164 174 184 189
a 4 10 19 22 34 37 46 55 64 67 79 82 92 100 106 115 121 131 137 146 154 159 164 174 184 189
a 4 10 19 22 28 37 46 55 64 67 79 82 92 100 106 115 121 131 137 146 154 159 164 174 184 189
a 4 10 19 22 28 40 46 55 64 67 79 82 92 100 106 115 121 131 137 146 154 159 164 174 184 189
a 4 10 19 22 31 40 46 55 64 67 79 82 92 100 106 115 121 131 137 146 154 159 164 174 184 189
a 1 10 19 22 31 40 46 55 64 67 79 82 92 100 106 115 121 131 137 146 154 159 164 174 184 189
a 1 7 19 22 31 40 46 55 64 67 79 82 92 100 106 115 121 131 137 146 154 159 164 174 184 189
a 1 7 13 22 31 40 46 55 64 67 79 82 92 100 106 115 121 131 137 146 154 159 164 174 184 189
a 1 7 13 25 31 40 46 55 64 67 79 82 92 100 106 115 121 131 137 146 154 159 164 174 184 189
a 1 7 13 25 31 40 46 55 64 67 73 82 92 100 106 115 121 131 137 146 154 159 164 174 184 189
a 1 7 13 25 31 40 46 55 64 67 73 85 92 100 106 115 121 131 137 146 154 159 164 174 184 189
a 1 7 13 25 31 40 46 55 64 67 76 85 92 100 106 115 121 131 137 146 154 159 164 174 184 189
a 1 7 13 22 31 40 46 55 64 67 76 85 92 100 106 115 121 131 137 146 154 159 164 174 184 189
a 1 7 19 22 31 40 46 55 64 67 76 85 92 100 106 115 121 131 137 146 154 159 164 174 184 189
a 1 10 19 22 31 40 46 55 64 67 76 85 92 100 106 115 121 131 137 146 154 159 164 174 184 189
a 4 10 19 22 31 40 46 55 64 67 76 85 92 100 106 115 121 131 137 146 154 159 164 174 184 189
a 4 10 19 22 28 40 46 55 64 67 76 85 92 100 106 115 121 131 137 146 154 159 164 174 184 189
a 4 10 19 22 28 37 46 55 64 67 76 85 92 100 106 115 121 131 137 146 154 159 164 174 184 189
a 4 10 19 22 34 37 46 55 64 67 76 85 92 100 106 115 121 131 137 146 154 159 164 174 184 189
a 1 10 19 22 34 37 46 55 64 67 76 85 92 100 106 115 121 131 137 146 154 159 164 174 184 189
a 1 7 19 22 34 37 46 55 64 67 76 85 92 100 106 115 121 131 137 146 154 159 164 174 184 189
a 1 7 19 22 34 37 43 55 64 67 76 85 92 100 106 115 121 131 137 146 154 159 164 174 184 189
a 1 7 19 22 34 37 43 52 64 67 76 85 92 100 106 115 121 131 137 146 154 159 164 174 184 189
a 1 7 19 22 34 37 43 52 58 67 76 85 92 100 106 115 121 131 137 146 154 159 164 174 184 189
a 1 7 19 22 34 37 43 52 58 70 76 85 92 100 106 115 121 131 137 146 154 159 164 174 184 189
a 1 7 19 22 34 37 43 52 58 70 76 85 92 100 106 115 120 131 137 146 154 159 164 174 184 189
a 1 7 19 22 34 37 43 52 62 70 76 85 92 100 106 115 120 131 137 146 154 159 164 174 184 189
a 1 7 19 22 34 37 43 56 62 70 76 85 92 100 106 115 120 131 137 146 154 159 164 174 184 189
a 1 7 19 22 34 37 47 56 62 70 76 85 92 100 106 115 120 131 137 146 154 159 164 174 184 189
a 1 10 19 22 34 37 47 56 62 70 76 85 92 100 106 115 120 131 137 146 154 159 164 174 184 189
a 4 10 19 22 34 37 47 56 62 70 76 85 92 100 106 115 120 131 137 146 154 159 164 174 184 189
a 4 10 19 22 28 37 47 56 62 70 76 85 92 100 106 115 120 131 137 146 154 159 164 174 184 189
a 4 10 19 22 28 42 47 56 62 70 76 85 92 100 106 115 120 131 137 146 154 159 164 174 184 189
a 4 10 19 22 31 42 47 56 62 70 76 85 92 100 106 115 120 131 137 146 154 159 164 174 184 189
a 1 10 19 22 31 42 47 56 62 70 76 85 92 100 106 115 120 131 137 146 154 159 164 174 184 189
a 1 7 19 22 31 42 47 56 62 70 76 85 92 100 106 115 120 131 137 146 154 159 164 174 184 189
a 1 7 13 22 31 42 47 56 62 70 76 85 92 100 106 115 120 131 137 146 154 159 164 174 184 189
a 1 7 13 25 31 42 47 56 62 70 76 85 92 100 106 115 120 131 137 146 154 159 164 174 184 189
a 1 7 13 25 31 42 47 56 62 70 74 85 92 100 106 115 120 131 137 146 154 159 164 174 184 189
a 1 7 18 25 31 42 47 56 62 70 74 85 92 100 106 115 120 131 137 146 154 159 164 174 184 189
a 1 12 18 25 31 42 47 56 62 70 74 85 92 100 106 115 120 131 137 146 154 159 164 174 184 189
a 5 12 18 25 31 42 47 56 62 70 74 85 92 100 106 115 120 131 137 146 154 159 164 174 184 189
a 5 12 18 25 28 42 47 56 62 70 74 85 92 100 106 115 120 131 137 146 154 159 164 174 184 189
Reconfiguration time = 0.978197
	Command being timed: "timeout 20m ../ddreconf/ddreconf ../instances_pwwt_col/suzuki_instance_3_4_2_3.pwwt.col --stfile=../benchmark_instances/2023result/docs/solver/benchmark/hand_made_wide/power_wider/suzuki_instance_3_4_2_3_01.dat --tj --indset --longest"
	User time (seconds): 1.04
	System time (seconds): 0.09
	Percent of CPU this job got: 99%
	Elapsed (wall clock) time (h:mm:ss or m:ss): 0:01.14
	Average shared text size (kbytes): 0
	Average unshared data size (kbytes): 0
	Average stack size (kbytes): 0
	Average total size (kbytes): 0
	Maximum resident set size (kbytes): 41204
	Average resident set size (kbytes): 0
	Major (requiring I/O) page faults: 0
	Minor (reclaiming a frame) page faults: 37239
	Voluntary context switches: 4
	Involuntary context switches: 77
	Swaps: 0
	File system inputs: 24
	File system outputs: 120
	Socket messages sent: 0
	Socket messages received: 0
	Signals delivered: 0
	Page size (bytes): 4096
	Exit status: 0
