Input graph file parsed. # of vertices = 88, # of edges = 296
s 4 8 12 18 22 28 32 38 42 48 52 58 62 68 72 78 82 88
Solution space ZDD construction start
Solution space ZDD construction end
Solution space ZDD construction time = 0.019454
Solution space ZDD size = 208
# of elements in the solution space = 807304121941
Start searching the longest reconfiguration sequence
Step 1 time = 0.000267, # ZDD nodes = 65, # elems = 28
Step 2 time = 0.000363, # ZDD nodes = 112, # elems = 363
Step 3 time = 0.000289, # ZDD nodes = 151, # elems = 2904
Step 4 time = 0.000486, # ZDD nodes = 190, # elems = 16124
Step 5 time = 0.000361, # ZDD nodes = 228, # elems = 66232
Step 6 time = 0.000339, # ZDD nodes = 261, # elems = 209316
Step 7 time = 0.000308, # ZDD nodes = 288, # elems = 522008
Step 8 time = 0.000318, # ZDD nodes = 307, # elems = 1044582
Step 9 time = 0.000284, # ZDD nodes = 321, # elems = 1696576
Step 10 time = 0.000235, # ZDD nodes = 334, # elems = 2258210
Step 11 time = 0.000263, # ZDD nodes = 351, # elems = 2497448
Step 12 time = 0.000290, # ZDD nodes = 372, # elems = 2368140
Step 13 time = 0.000432, # ZDD nodes = 393, # elems = 2077464
Step 14 time = 0.000465, # ZDD nodes = 408, # elems = 1927972
Step 15 time = 0.000398, # ZDD nodes = 412, # elems = 2082504
Step 16 time = 0.000406, # ZDD nodes = 405, # elems = 2471233
Step 17 time = 0.000308, # ZDD nodes = 390, # elems = 2881252
Step 18 time = 0.000369, # ZDD nodes = 370, # elems = 3092203
Step 19 time = 0.000287, # ZDD nodes = 356, # elems = 2960608
Step 20 time = 0.000323, # ZDD nodes = 358, # elems = 2483344
Step 21 time = 0.000291, # ZDD nodes = 358, # elems = 1846064
Step 22 time = 0.000329, # ZDD nodes = 360, # elems = 1372608
Step 23 time = 0.000413, # ZDD nodes = 363, # elems = 1364800
Step 24 time = 0.000446, # ZDD nodes = 358, # elems = 1944128
Step 25 time = 0.000503, # ZDD nodes = 353, # elems = 2981056
Step 26 time = 0.000448, # ZDD nodes = 354, # elems = 4127488
Step 27 time = 0.000483, # ZDD nodes = 363, # elems = 4954112
Step 28 time = 0.000451, # ZDD nodes = 382, # elems = 5153280
Step 29 time = 0.000365, # ZDD nodes = 398, # elems = 4705280
Step 30 time = 0.000480, # ZDD nodes = 410, # elems = 3911680
Step 31 time = 0.000477, # ZDD nodes = 416, # elems = 3232512
Step 32 time = 0.000370, # ZDD nodes = 404, # elems = 2971904
Step 33 time = 0.000365, # ZDD nodes = 385, # elems = 3082240
Step 34 time = 0.000486, # ZDD nodes = 368, # elems = 3294208
Step 35 time = 0.000525, # ZDD nodes = 357, # elems = 3384320
Step 36 time = 0.000532, # ZDD nodes = 348, # elems = 3346432
Step 37 time = 0.000486, # ZDD nodes = 353, # elems = 3475456
Step 38 time = 0.000446, # ZDD nodes = 362, # elems = 4229120
Step 39 time = 0.000588, # ZDD nodes = 372, # elems = 5834752
Step 40 time = 0.000506, # ZDD nodes = 380, # elems = 7955456
Step 41 time = 0.000509, # ZDD nodes = 394, # elems = 9822208
Step 42 time = 0.000456, # ZDD nodes = 414, # elems = 10727424
Step 43 time = 0.000576, # ZDD nodes = 426, # elems = 10436608
Step 44 time = 0.000597, # ZDD nodes = 428, # elems = 9310208
Step 45 time = 0.000533, # ZDD nodes = 418, # elems = 8077312
Step 46 time = 0.000487, # ZDD nodes = 397, # elems = 7401472
Step 47 time = 0.000484, # ZDD nodes = 374, # elems = 7491584
Step 48 time = 0.000438, # ZDD nodes = 350, # elems = 8126464
Step 49 time = 0.000456, # ZDD nodes = 334, # elems = 8933376
Step 50 time = 0.000298, # ZDD nodes = 334, # elems = 9543680
Step 51 time = 0.000293, # ZDD nodes = 328, # elems = 9662464
Step 52 time = 0.000250, # ZDD nodes = 334, # elems = 9224192
Step 53 time = 0.000313, # ZDD nodes = 344, # elems = 8536064
Step 54 time = 0.000374, # ZDD nodes = 362, # elems = 8241152
Step 55 time = 0.000447, # ZDD nodes = 384, # elems = 8896512
Step 56 time = 0.000582, # ZDD nodes = 416, # elems = 10764288
Step 57 time = 0.000660, # ZDD nodes = 436, # elems = 13041664
Step 58 time = 0.000538, # ZDD nodes = 446, # elems = 14745600
Step 59 time = 0.000631, # ZDD nodes = 440, # elems = 14729216
Step 60 time = 0.000596, # ZDD nodes = 413, # elems = 13074432
Step 61 time = 0.000626, # ZDD nodes = 372, # elems = 10518528
Step 62 time = 0.000527, # ZDD nodes = 330, # elems = 8503296
Step 63 time = 0.000639, # ZDD nodes = 306, # elems = 7585792
Step 64 time = 0.000490, # ZDD nodes = 276, # elems = 7864320
Step 65 time = 0.000421, # ZDD nodes = 264, # elems = 8781824
Step 66 time = 0.000605, # ZDD nodes = 262, # elems = 9633792
Step 67 time = 0.000327, # ZDD nodes = 264, # elems = 9830400
Step 68 time = 0.000458, # ZDD nodes = 262, # elems = 9306112
Step 69 time = 0.000309, # ZDD nodes = 262, # elems = 8454144
Step 70 time = 0.000419, # ZDD nodes = 270, # elems = 7667712
Step 71 time = 0.000404, # ZDD nodes = 294, # elems = 7340032
Step 72 time = 0.000535, # ZDD nodes = 318, # elems = 7733248
Step 73 time = 0.000417, # ZDD nodes = 326, # elems = 8454144
Step 74 time = 0.000328, # ZDD nodes = 326, # elems = 8912896
Step 75 time = 0.000396, # ZDD nodes = 310, # elems = 8585216
Step 76 time = 0.000314, # ZDD nodes = 282, # elems = 7405568
Step 77 time = 0.000274, # ZDD nodes = 243, # elems = 5832704
Step 78 time = 0.000218, # ZDD nodes = 200, # elems = 4653056
Step 79 time = 0.000188, # ZDD nodes = 172, # elems = 3932160
Step 80 time = 0.000142, # ZDD nodes = 152, # elems = 3670016
Step 81 time = 0.000093, # ZDD nodes = 146, # elems = 3932160
Step 82 time = 0.000077, # ZDD nodes = 152, # elems = 4194304
Step 83 time = 0.000075, # ZDD nodes = 150, # elems = 3932160
Step 84 time = 0.000065, # ZDD nodes = 136, # elems = 3407872
Step 85 time = 0.000133, # ZDD nodes = 118, # elems = 2883584
Step 86 time = 0.000054, # ZDD nodes = 98, # elems = 2097152
Step 87 time = 0.000049, # ZDD nodes = 82, # elems = 1310720
Step 88 time = 0.000048, # ZDD nodes = 74, # elems = 1310720
Step 89 time = 0.000048, # ZDD nodes = 84, # elems = 1835008
Step 90 time = 0.000050, # ZDD nodes = 96, # elems = 2097152
Step 91 time = 0.000051, # ZDD nodes = 100, # elems = 2097152
Step 92 time = 0.000047, # ZDD nodes = 88, # elems = 1835008
Step 93 time = 0.000043, # ZDD nodes = 66, # elems = 1048576
Step 94 time = 0.000063, # ZDD nodes = 36, # elems = 262144
Step 95 time = 0.000014, # ZDD nodes = 0, # elems = 0
a 4 8 12 18 22 28 32 38 42 48 52 58 62 68 72 78 82 88
a 2 8 12 18 22 28 32 38 42 48 52 58 62 68 72 78 82 88
a 2 6 12 18 22 28 32 38 42 48 52 58 62 68 72 78 82 88
a 2 6 10 18 22 28 32 38 42 48 52 58 62 68 72 78 82 88
a 2 6 10 16 22 28 32 38 42 48 52 58 62 68 72 78 82 88
a 2 6 14 16 22 28 32 38 42 48 52 58 62 68 72 78 82 88
a 2 8 14 16 22 28 32 38 42 48 52 58 62 68 72 78 82 88
a 4 8 14 16 22 28 32 38 42 48 52 58 62 68 72 78 82 88
a 4 8 14 16 20 28 32 38 42 48 52 58 62 68 72 78 82 88
a 4 8 14 16 20 26 32 38 42 48 52 58 62 68 72 78 82 88
a 4 8 14 16 20 26 30 38 42 48 52 58 62 68 72 78 82 88
a 4 8 14 16 20 26 30 36 42 48 52 58 62 68 72 78 82 88
a 4 8 14 16 20 26 34 36 42 48 52 58 62 68 72 78 82 88
a 4 8 14 16 20 28 34 36 42 48 52 58 62 68 72 78 82 88
a 4 8 14 16 22 28 34 36 42 48 52 58 62 68 72 78 82 88
a 2 8 14 16 22 28 34 36 42 48 52 58 62 68 72 78 82 88
a 2 6 14 16 22 28 34 36 42 48 52 58 62 68 72 78 82 88
a 2 6 10 16 22 28 34 36 42 48 52 58 62 68 72 78 82 88
a 2 6 10 18 22 28 34 36 42 48 52 58 62 68 72 78 82 88
a 2 6 10 18 22 28 34 36 40 48 52 58 62 68 72 78 82 88
a 2 6 10 18 22 28 34 36 40 46 52 58 62 68 72 78 82 88
a 2 6 10 18 22 28 34 36 40 46 50 58 62 68 72 78 82 88
a 2 6 10 18 22 28 34 36 40 46 50 56 62 68 72 78 82 88
a 2 6 10 18 22 28 34 36 40 46 54 56 62 68 72 78 82 88
a 2 6 10 18 22 28 34 36 40 48 54 56 62 68 72 78 82 88
a 2 6 10 18 22 28 34 36 42 48 54 56 62 68 72 78 82 88
a 2 6 10 16 22 28 34 36 42 48 54 56 62 68 72 78 82 88
a 2 6 14 16 22 28 34 36 42 48 54 56 62 68 72 78 82 88
a 2 8 14 16 22 28 34 36 42 48 54 56 62 68 72 78 82 88
a 4 8 14 16 22 28 34 36 42 48 54 56 62 68 72 78 82 88
a 4 8 14 16 20 28 34 36 42 48 54 56 62 68 72 78 82 88
a 4 8 14 16 20 26 34 36 42 48 54 56 62 68 72 78 82 88
a 4 8 14 16 20 26 30 36 42 48 54 56 62 68 72 78 82 88
a 4 8 14 16 20 26 30 38 42 48 54 56 62 68 72 78 82 88
a 4 8 14 16 20 26 30 38 42 48 54 56 60 68 72 78 82 88
a 4 8 14 16 20 26 30 38 42 48 54 56 60 66 72 78 82 88
a 4 8 14 16 20 26 30 38 42 48 54 56 60 66 70 78 82 88
a 4 8 14 16 20 26 30 38 42 48 54 56 60 66 70 76 82 88
a 4 8 14 16 20 26 30 38 42 48 54 56 60 66 74 76 82 88
a 4 8 14 16 20 26 30 38 42 48 54 56 60 68 74 76 82 88
a 4 8 14 16 20 26 30 38 42 48 54 56 62 68 74 76 82 88
a 4 8 14 16 20 26 30 36 42 48 54 56 62 68 74 76 82 88
a 4 8 14 16 20 26 34 36 42 48 54 56 62 68 74 76 82 88
a 4 8 14 16 20 28 34 36 42 48 54 56 62 68 74 76 82 88
a 4 8 14 16 22 28 34 36 42 48 54 56 62 68 74 76 82 88
a 2 8 14 16 22 28 34 36 42 48 54 56 62 68 74 76 82 88
a 2 6 14 16 22 28 34 36 42 48 54 56 62 68 74 76 82 88
a 2 6 10 16 22 28 34 36 42 48 54 56 62 68 74 76 82 88
a 2 6 10 18 22 28 34 36 42 48 54 56 62 68 74 76 82 88
a 2 6 10 18 22 28 34 36 40 48 54 56 62 68 74 76 82 88
a 2 6 10 18 22 28 34 36 40 46 54 56 62 68 74 76 82 88
a 2 6 10 18 22 28 34 36 40 46 50 56 62 68 74 76 82 88
a 2 6 10 18 22 28 34 36 40 46 50 58 62 68 74 76 82 88
a 2 6 10 18 22 28 34 36 40 46 50 58 62 68 74 76 80 88
a 2 6 10 18 22 28 34 36 40 46 50 58 62 68 74 76 80 86
a 2 6 10 18 22 28 34 36 40 46 50 58 62 68 74 76 83 86
a 2 6 10 18 22 28 34 36 40 46 50 55 62 68 74 76 83 86
a 2 6 10 18 22 28 34 36 40 46 54 55 62 68 74 76 83 86
a 2 6 10 18 22 28 34 36 40 48 54 55 62 68 74 76 83 86
a 2 6 10 18 22 28 34 36 42 48 54 55 62 68 74 76 83 86
a 2 6 10 16 22 28 34 36 42 48 54 55 62 68 74 76 83 86
a 2 6 14 16 22 28 34 36 42 48 54 55 62 68 74 76 83 86
a 2 8 14 16 22 28 34 36 42 48 54 55 62 68 74 76 83 86
a 4 8 14 16 22 28 34 36 42 48 54 55 62 68 74 76 83 86
a 4 8 14 16 20 28 34 36 42 48 54 55 62 68 74 76 83 86
a 4 8 14 16 20 26 34 36 42 48 54 55 62 68 74 76 83 86
a 4 8 14 16 20 26 30 36 42 48 54 55 62 68 74 76 83 86
a 4 8 14 16 20 26 30 38 42 48 54 55 62 68 74 76 83 86
a 4 8 14 16 20 26 30 38 42 48 54 55 60 68 74 76 83 86
a 4 8 14 16 20 26 30 38 42 48 54 55 60 65 74 76 83 86
a 4 8 14 16 20 26 30 38 42 48 54 55 60 65 69 76 83 86
a 4 8 14 16 20 26 30 38 42 48 54 55 63 65 69 76 83 86
a 4 8 14 16 20 26 30 36 42 48 54 55 63 65 69 76 83 86
a 4 8 14 16 20 26 34 36 42 48 54 55 63 65 69 76 83 86
a 4 8 14 16 20 28 34 36 42 48 54 55 63 65 69 76 83 86
a 4 8 14 16 22 28 34 36 42 48 54 55 63 65 69 76 83 86
a 2 8 14 16 22 28 34 36 42 48 54 55 63 65 69 76 83 86
a 2 6 14 16 22 28 34 36 42 48 54 55 63 65 69 76 83 86
a 2 6 10 16 22 28 34 36 42 48 54 55 63 65 69 76 83 86
a 2 6 10 18 22 28 34 36 42 48 54 55 63 65 69 76 83 86
a 2 6 10 18 22 28 34 36 40 48 54 55 63 65 69 76 83 86
a 2 6 10 18 22 28 34 36 40 46 54 55 63 65 69 76 83 86
a 2 6 10 18 22 28 34 36 40 46 50 55 63 65 69 76 83 86
a 2 6 10 18 22 28 34 36 43 46 50 55 63 65 69 76 83 86
a 2 6 10 16 22 28 34 36 43 46 50 55 63 65 69 76 83 86
a 2 6 14 16 22 28 34 36 43 46 50 55 63 65 69 76 83 86
a 2 8 14 16 22 28 34 36 43 46 50 55 63 65 69 76 83 86
a 4 8 14 16 22 28 34 36 43 46 50 55 63 65 69 76 83 86
a 4 8 14 16 20 28 34 36 43 46 50 55 63 65 69 76 83 86
a 4 8 14 16 20 25 34 36 43 46 50 55 63 65 69 76 83 86
a 4 8 14 16 20 25 30 36 43 46 50 55 63 65 69 76 83 86
a 4 8 14 16 24 25 30 36 43 46 50 55 63 65 69 76 83 86
a 1 8 14 16 24 25 30 36 43 46 50 55 63 65 69 76 83 86
a 1 5 14 16 24 25 30 36 43 46 50 55 63 65 69 76 83 86
a 1 5 9 16 24 25 30 36 43 46 50 55 63 65 69 76 83 86
Reconfiguration time = 0.088157
	Command being timed: "timeout 20m ../ddreconf/ddreconf ../benchmark_instances/2023result/docs/solver/benchmark/hand_made_wide/square_wide/suzuki_instance_2_4_2_2.col --stfile=../benchmark_instances/2023result/docs/solver/benchmark/hand_made_wide/square_wide/suzuki_instance_2_4_2_2_01.dat --tj --indset --longest"
	User time (seconds): 0.10
	System time (seconds): 0.01
	Percent of CPU this job got: 99%
	Elapsed (wall clock) time (h:mm:ss or m:ss): 0:00.12
	Average shared text size (kbytes): 0
	Average unshared data size (kbytes): 0
	Average stack size (kbytes): 0
	Average total size (kbytes): 0
	Maximum resident set size (kbytes): 35060
	Average resident set size (kbytes): 0
	Major (requiring I/O) page faults: 0
	Minor (reclaiming a frame) page faults: 3044
	Voluntary context switches: 4
	Involuntary context switches: 12
	Swaps: 0
	File system inputs: 8
	File system outputs: 24
	Socket messages sent: 0
	Socket messages received: 0
	Signals delivered: 0
	Page size (bytes): 4096
	Exit status: 0
