Input graph file parsed. # of vertices = 148, # of edges = 506
s 4 8 12 18 22 28 32 38 42 48 52 58 62 68 72 78 82 88 92 98 102 108 112 118 122 128 132 138 142 148
Solution space ZDD construction start
Solution space ZDD construction end
Solution space ZDD construction time = 0.054116
Solution space ZDD size = 388
# of elements in the solution space = 72765773528499327305
Start searching the longest reconfiguration sequence
Step 1 time = 0.000447, # ZDD nodes = 104, # elems = 46
Step 2 time = 0.000457, # ZDD nodes = 178, # elems = 1011
Step 3 time = 0.000392, # ZDD nodes = 247, # elems = 14148
Step 4 time = 0.000502, # ZDD nodes = 310, # elems = 141749
Step 5 time = 0.000431, # ZDD nodes = 375, # elems = 1083970
Step 6 time = 0.000780, # ZDD nodes = 439, # elems = 6586359
Step 7 time = 0.000624, # ZDD nodes = 498, # elems = 32682824
Step 8 time = 0.000594, # ZDD nodes = 547, # elems = 135086589
Step 9 time = 0.000491, # ZDD nodes = 590, # elems = 471962462
Step 10 time = 0.000407, # ZDD nodes = 631, # elems = 1409511687
Step 11 time = 0.000458, # ZDD nodes = 670, # elems = 3629608604
Step 12 time = 0.000473, # ZDD nodes = 715, # elems = 8114065665
Step 13 time = 0.000596, # ZDD nodes = 764, # elems = 15834105074
Step 14 time = 0.000635, # ZDD nodes = 808, # elems = 27100992491
Step 15 time = 0.000616, # ZDD nodes = 843, # elems = 40875755184
Step 16 time = 0.000549, # ZDD nodes = 874, # elems = 54651609315
Step 17 time = 0.000521, # ZDD nodes = 902, # elems = 65375154538
Step 18 time = 0.000556, # ZDD nodes = 928, # elems = 71113880777
Step 19 time = 0.000570, # ZDD nodes = 952, # elems = 72356559228
Step 20 time = 0.000551, # ZDD nodes = 974, # elems = 71831066607
Step 21 time = 0.000524, # ZDD nodes = 995, # elems = 72771462326
Step 22 time = 0.000569, # ZDD nodes = 1022, # elems = 76798869813
Step 23 time = 0.000656, # ZDD nodes = 1044, # elems = 82872109640
Step 24 time = 0.000732, # ZDD nodes = 1066, # elems = 87928773071
Step 25 time = 0.000714, # ZDD nodes = 1085, # elems = 88723641530
Step 26 time = 0.000719, # ZDD nodes = 1100, # elems = 83815908413
Step 27 time = 0.000706, # ZDD nodes = 1108, # elems = 74739472356
Step 28 time = 0.000734, # ZDD nodes = 1111, # elems = 65777675611
Step 29 time = 0.000639, # ZDD nodes = 1108, # elems = 62304280278
Step 30 time = 0.000618, # ZDD nodes = 1098, # elems = 68312692905
Step 31 time = 0.000650, # ZDD nodes = 1093, # elems = 84271425600
Step 32 time = 0.000786, # ZDD nodes = 1101, # elems = 106438815504
Step 33 time = 0.000756, # ZDD nodes = 1102, # elems = 128151867216
Step 34 time = 0.000713, # ZDD nodes = 1109, # elems = 142647699776
Step 35 time = 0.000809, # ZDD nodes = 1116, # elems = 146118520896
Step 36 time = 0.000743, # ZDD nodes = 1125, # elems = 139393856064
Step 37 time = 0.000771, # ZDD nodes = 1145, # elems = 127223950912
Step 38 time = 0.000754, # ZDD nodes = 1168, # elems = 115515203840
Step 39 time = 0.001071, # ZDD nodes = 1202, # elems = 108258239744
Step 40 time = 0.000939, # ZDD nodes = 1233, # elems = 106177383168
Step 41 time = 0.001117, # ZDD nodes = 1263, # elems = 107886161408
Step 42 time = 0.000852, # ZDD nodes = 1289, # elems = 112424334848
Step 43 time = 0.000943, # ZDD nodes = 1309, # elems = 120969401088
Step 44 time = 0.000880, # ZDD nodes = 1319, # elems = 136120794880
Step 45 time = 0.000960, # ZDD nodes = 1321, # elems = 159091701760
Step 46 time = 0.001165, # ZDD nodes = 1320, # elems = 187048111104
Step 47 time = 0.001100, # ZDD nodes = 1319, # elems = 213097354240
Step 48 time = 0.001002, # ZDD nodes = 1332, # elems = 229522099200
Step 49 time = 0.000979, # ZDD nodes = 1339, # elems = 232205615104
Step 50 time = 0.000895, # ZDD nodes = 1340, # elems = 223098914816
Step 51 time = 0.000776, # ZDD nodes = 1337, # elems = 209000624128
Step 52 time = 0.000670, # ZDD nodes = 1325, # elems = 197617662976
Step 53 time = 0.000759, # ZDD nodes = 1328, # elems = 193639952384
Step 54 time = 0.000841, # ZDD nodes = 1340, # elems = 197117763584
Step 55 time = 0.001016, # ZDD nodes = 1342, # elems = 204460269568
Step 56 time = 0.000846, # ZDD nodes = 1366, # elems = 210793943040
Step 57 time = 0.001091, # ZDD nodes = 1398, # elems = 212359155712
Step 58 time = 0.001194, # ZDD nodes = 1432, # elems = 208400297984
Step 59 time = 0.001452, # ZDD nodes = 1458, # elems = 202353704960
Step 60 time = 0.001513, # ZDD nodes = 1475, # elems = 201760718848
Step 61 time = 0.001575, # ZDD nodes = 1490, # elems = 215961923584
Step 62 time = 0.001525, # ZDD nodes = 1505, # elems = 251326693376
Step 63 time = 0.001182, # ZDD nodes = 1519, # elems = 305904095232
Step 64 time = 0.001148, # ZDD nodes = 1545, # elems = 367332360192
Step 65 time = 0.001196, # ZDD nodes = 1561, # elems = 416903446528
Step 66 time = 0.001162, # ZDD nodes = 1577, # elems = 438550331392
Step 67 time = 0.001196, # ZDD nodes = 1593, # elems = 427521720320
Step 68 time = 0.001112, # ZDD nodes = 1611, # elems = 393131048960
Step 69 time = 0.001246, # ZDD nodes = 1629, # elems = 353628028928
Step 70 time = 0.001073, # ZDD nodes = 1625, # elems = 326404849664
Step 71 time = 0.001185, # ZDD nodes = 1629, # elems = 319725764608
Step 72 time = 0.001391, # ZDD nodes = 1625, # elems = 330639147008
Step 73 time = 0.001219, # ZDD nodes = 1615, # elems = 349130194944
Step 74 time = 0.001317, # ZDD nodes = 1595, # elems = 364908363776
Step 75 time = 0.001294, # ZDD nodes = 1565, # elems = 372745584640
Step 76 time = 0.001242, # ZDD nodes = 1546, # elems = 373972467712
Step 77 time = 0.001191, # ZDD nodes = 1533, # elems = 374020702208
Step 78 time = 0.001200, # ZDD nodes = 1536, # elems = 378087342080
Step 79 time = 0.001286, # ZDD nodes = 1566, # elems = 388069523456
Step 80 time = 0.001297, # ZDD nodes = 1606, # elems = 402840289280
Step 81 time = 0.001328, # ZDD nodes = 1650, # elems = 421405851648
Step 82 time = 0.001378, # ZDD nodes = 1691, # elems = 446253367296
Step 83 time = 0.001704, # ZDD nodes = 1724, # elems = 483491250176
Step 84 time = 0.001334, # ZDD nodes = 1753, # elems = 538240679936
Step 85 time = 0.001387, # ZDD nodes = 1786, # elems = 608000409600
Step 86 time = 0.001647, # ZDD nodes = 1822, # elems = 679725957120
Step 87 time = 0.001403, # ZDD nodes = 1852, # elems = 734197252096
Step 88 time = 0.001578, # ZDD nodes = 1876, # elems = 755574439936
Step 89 time = 0.001846, # ZDD nodes = 1878, # elems = 740191174656
Step 90 time = 0.001508, # ZDD nodes = 1876, # elems = 699028406272
Step 91 time = 0.001369, # ZDD nodes = 1886, # elems = 652110725120
Step 92 time = 0.001414, # ZDD nodes = 1892, # elems = 618417356800
Step 93 time = 0.002016, # ZDD nodes = 1872, # elems = 607908003840
Step 94 time = 0.001559, # ZDD nodes = 1850, # elems = 619676172288
Step 95 time = 0.001871, # ZDD nodes = 1833, # elems = 645112791040
Step 96 time = 0.001744, # ZDD nodes = 1816, # elems = 672954318848
Step 97 time = 0.001598, # ZDD nodes = 1799, # elems = 694101213184
Step 98 time = 0.001583, # ZDD nodes = 1792, # elems = 704784891904
Step 99 time = 0.001720, # ZDD nodes = 1787, # elems = 707209199616
Step 100 time = 0.001419, # ZDD nodes = 1772, # elems = 708083974144
Step 101 time = 0.001350, # ZDD nodes = 1757, # elems = 715730452480
Step 102 time = 0.001460, # ZDD nodes = 1755, # elems = 735821168640
Step 103 time = 0.001462, # ZDD nodes = 1759, # elems = 767093112832
Step 104 time = 0.001528, # ZDD nodes = 1771, # elems = 800518832128
Step 105 time = 0.001681, # ZDD nodes = 1789, # elems = 824280875008
Step 106 time = 0.001895, # ZDD nodes = 1819, # elems = 832728465408
Step 107 time = 0.002179, # ZDD nodes = 1856, # elems = 834262794240
Step 108 time = 0.001995, # ZDD nodes = 1902, # elems = 852566736896
Step 109 time = 0.002296, # ZDD nodes = 1952, # elems = 917262827520
Step 110 time = 0.001888, # ZDD nodes = 2018, # elems = 1046042640384
Step 111 time = 0.001730, # ZDD nodes = 2082, # elems = 1228437192704
Step 112 time = 0.001947, # ZDD nodes = 2128, # elems = 1423807873024
Step 113 time = 0.002253, # ZDD nodes = 2174, # elems = 1577691643904
Step 114 time = 0.001856, # ZDD nodes = 2202, # elems = 1648535535616
Step 115 time = 0.001832, # ZDD nodes = 2218, # elems = 1630104715264
Step 116 time = 0.001841, # ZDD nodes = 2211, # elems = 1555562496000
Step 117 time = 0.001958, # ZDD nodes = 2208, # elems = 1478808829952
Step 118 time = 0.002046, # ZDD nodes = 2198, # elems = 1444033855488
Step 119 time = 0.001828, # ZDD nodes = 2176, # elems = 1463991402496
Step 120 time = 0.001774, # ZDD nodes = 2138, # elems = 1519477850112
Step 121 time = 0.001823, # ZDD nodes = 2096, # elems = 1576287600640
Step 122 time = 0.001832, # ZDD nodes = 2066, # elems = 1606823182336
Step 123 time = 0.001696, # ZDD nodes = 2036, # elems = 1604430331904
Step 124 time = 0.001852, # ZDD nodes = 2024, # elems = 1584027140096
Step 125 time = 0.001905, # ZDD nodes = 2008, # elems = 1571103440896
Step 126 time = 0.001521, # ZDD nodes = 1998, # elems = 1588340981760
Step 127 time = 0.001722, # ZDD nodes = 1992, # elems = 1646834745344
Step 128 time = 0.001734, # ZDD nodes = 1978, # elems = 1742318075904
Step 129 time = 0.001668, # ZDD nodes = 1986, # elems = 1855941771264
Step 130 time = 0.001834, # ZDD nodes = 2008, # elems = 1961671786496
Step 131 time = 0.001861, # ZDD nodes = 2040, # elems = 2038754705408
Step 132 time = 0.002226, # ZDD nodes = 2074, # elems = 2081716961280
Step 133 time = 0.002619, # ZDD nodes = 2110, # elems = 2101535047680
Step 134 time = 0.002376, # ZDD nodes = 2156, # elems = 2118169657344
Step 135 time = 0.002022, # ZDD nodes = 2200, # elems = 2149660491776
Step 136 time = 0.002147, # ZDD nodes = 2234, # elems = 2204417130496
Step 137 time = 0.002174, # ZDD nodes = 2262, # elems = 2282447962112
Step 138 time = 0.002254, # ZDD nodes = 2279, # elems = 2380686950400
Step 139 time = 0.002480, # ZDD nodes = 2292, # elems = 2495636045824
Step 140 time = 0.003133, # ZDD nodes = 2309, # elems = 2616713019392
Step 141 time = 0.002457, # ZDD nodes = 2310, # elems = 2724158504960
Step 142 time = 0.002435, # ZDD nodes = 2305, # elems = 2793687482368
Step 143 time = 0.002804, # ZDD nodes = 2284, # elems = 2812930949120
Step 144 time = 0.002256, # ZDD nodes = 2255, # elems = 2787991617536
Step 145 time = 0.002671, # ZDD nodes = 2211, # elems = 2742105931776
Step 146 time = 0.002129, # ZDD nodes = 2162, # elems = 2699370168320
Step 147 time = 0.002428, # ZDD nodes = 2128, # elems = 2673885577216
Step 148 time = 0.002245, # ZDD nodes = 2124, # elems = 2664020574208
Step 149 time = 0.002800, # ZDD nodes = 2124, # elems = 2661873090560
Step 150 time = 0.002188, # ZDD nodes = 2120, # elems = 2663248822272
Step 151 time = 0.002144, # ZDD nodes = 2118, # elems = 2672241410048
Step 152 time = 0.002218, # ZDD nodes = 2108, # elems = 2694253117440
Step 153 time = 0.001841, # ZDD nodes = 2098, # elems = 2728092762112
Step 154 time = 0.001799, # ZDD nodes = 2088, # elems = 2764365103104
Step 155 time = 0.002145, # ZDD nodes = 2088, # elems = 2791560970240
Step 156 time = 0.001815, # ZDD nodes = 2106, # elems = 2804580089856
Step 157 time = 0.002841, # ZDD nodes = 2132, # elems = 2808405295104
Step 158 time = 0.001926, # ZDD nodes = 2172, # elems = 2813253910528
Step 159 time = 0.001960, # ZDD nodes = 2208, # elems = 2825769713664
Step 160 time = 0.002305, # ZDD nodes = 2240, # elems = 2845180952576
Step 161 time = 0.002035, # ZDD nodes = 2262, # elems = 2866605457408
Step 162 time = 0.002420, # ZDD nodes = 2282, # elems = 2885278498816
Step 163 time = 0.002418, # ZDD nodes = 2309, # elems = 2897878188032
Step 164 time = 0.002432, # ZDD nodes = 2334, # elems = 2903095902208
Step 165 time = 0.002084, # ZDD nodes = 2336, # elems = 2902458368000
Step 166 time = 0.001990, # ZDD nodes = 2326, # elems = 2898566053888
Step 167 time = 0.002289, # ZDD nodes = 2310, # elems = 2890093559808
Step 168 time = 0.002180, # ZDD nodes = 2294, # elems = 2868081852416
Step 169 time = 0.002485, # ZDD nodes = 2266, # elems = 2821390860288
Step 170 time = 0.002343, # ZDD nodes = 2220, # elems = 2748309307392
Step 171 time = 0.001627, # ZDD nodes = 2174, # elems = 2664020574208
Step 172 time = 0.001965, # ZDD nodes = 2134, # elems = 2591073239040
Step 173 time = 0.001543, # ZDD nodes = 2098, # elems = 2542754856960
Step 174 time = 0.001524, # ZDD nodes = 2062, # elems = 2512958521344
Step 175 time = 0.001608, # ZDD nodes = 2024, # elems = 2483564838912
Step 176 time = 0.001542, # ZDD nodes = 1998, # elems = 2439675641856
Step 177 time = 0.002226, # ZDD nodes = 1974, # elems = 2381290930176
Step 178 time = 0.001731, # ZDD nodes = 1952, # elems = 2321899585536
Step 179 time = 0.001541, # ZDD nodes = 1930, # elems = 2277809061888
Step 180 time = 0.001509, # ZDD nodes = 1910, # elems = 2255931572224
Step 181 time = 0.001551, # ZDD nodes = 1890, # elems = 2249086468096
Step 182 time = 0.001446, # ZDD nodes = 1878, # elems = 2241436057600
Step 183 time = 0.001499, # ZDD nodes = 1872, # elems = 2218820370432
Step 184 time = 0.001476, # ZDD nodes = 1880, # elems = 2176072024064
Step 185 time = 0.001498, # ZDD nodes = 1886, # elems = 2117150441472
Step 186 time = 0.001458, # ZDD nodes = 1886, # elems = 2049974468608
Step 187 time = 0.001503, # ZDD nodes = 1888, # elems = 1981657645056
Step 188 time = 0.001848, # ZDD nodes = 1876, # elems = 1918105550848
Step 189 time = 0.001852, # ZDD nodes = 1833, # elems = 1865089548288
Step 190 time = 0.001414, # ZDD nodes = 1782, # elems = 1824824229888
Step 191 time = 0.001343, # ZDD nodes = 1740, # elems = 1790196056064
Step 192 time = 0.001250, # ZDD nodes = 1696, # elems = 1746105532416
Step 193 time = 0.001189, # ZDD nodes = 1646, # elems = 1681211260928
Step 194 time = 0.001135, # ZDD nodes = 1594, # elems = 1599875317760
Step 195 time = 0.001138, # ZDD nodes = 1548, # elems = 1519076245504
Step 196 time = 0.001029, # ZDD nodes = 1512, # elems = 1451967381504
Step 197 time = 0.001014, # ZDD nodes = 1464, # elems = 1399085596672
Step 198 time = 0.000947, # ZDD nodes = 1416, # elems = 1354256875520
Step 199 time = 0.000908, # ZDD nodes = 1374, # elems = 1310770331648
Step 200 time = 0.000907, # ZDD nodes = 1332, # elems = 1261109772288
Step 201 time = 0.000824, # ZDD nodes = 1300, # elems = 1200174923776
Step 202 time = 0.001153, # ZDD nodes = 1282, # elems = 1130113269760
Step 203 time = 0.000819, # ZDD nodes = 1264, # elems = 1058441003008
Step 204 time = 0.000786, # ZDD nodes = 1254, # elems = 994284929024
Step 205 time = 0.000753, # ZDD nodes = 1248, # elems = 947845595136
Step 206 time = 0.000793, # ZDD nodes = 1252, # elems = 925028581376
Step 207 time = 0.000755, # ZDD nodes = 1264, # elems = 918049259520
Step 208 time = 0.000738, # ZDD nodes = 1268, # elems = 908385583104
Step 209 time = 0.000730, # ZDD nodes = 1266, # elems = 881542037504
Step 210 time = 0.000746, # ZDD nodes = 1258, # elems = 833760526336
Step 211 time = 0.000740, # ZDD nodes = 1246, # elems = 768799145984
Step 212 time = 0.000731, # ZDD nodes = 1228, # elems = 698200621056
Step 213 time = 0.000738, # ZDD nodes = 1194, # elems = 639950127104
Step 214 time = 0.000714, # ZDD nodes = 1144, # elems = 603174469632
Step 215 time = 0.000673, # ZDD nodes = 1082, # elems = 576867794944
Step 216 time = 0.000651, # ZDD nodes = 1018, # elems = 545460846592
Step 217 time = 0.000644, # ZDD nodes = 966, # elems = 507074576384
Step 218 time = 0.000622, # ZDD nodes = 915, # elems = 465467080704
Step 219 time = 0.000519, # ZDD nodes = 866, # elems = 420638359552
Step 220 time = 0.000458, # ZDD nodes = 822, # elems = 377957122048
Step 221 time = 0.000393, # ZDD nodes = 786, # elems = 347892350976
Step 222 time = 0.000352, # ZDD nodes = 748, # elems = 331786223616
Step 223 time = 0.000306, # ZDD nodes = 714, # elems = 322122547200
Step 224 time = 0.000286, # ZDD nodes = 678, # elems = 312458870784
Step 225 time = 0.000280, # ZDD nodes = 640, # elems = 296352743424
Step 226 time = 0.000258, # ZDD nodes = 602, # elems = 266287972352
Step 227 time = 0.000272, # ZDD nodes = 556, # elems = 224412041216
Step 228 time = 0.000234, # ZDD nodes = 500, # elems = 184683593728
Step 229 time = 0.000223, # ZDD nodes = 452, # elems = 156766306304
Step 230 time = 0.000212, # ZDD nodes = 410, # elems = 138512695296
Step 231 time = 0.000210, # ZDD nodes = 372, # elems = 127775277056
Step 232 time = 0.000203, # ZDD nodes = 354, # elems = 126701535232
Step 233 time = 0.000205, # ZDD nodes = 346, # elems = 130996502528
Step 234 time = 0.000196, # ZDD nodes = 340, # elems = 129922760704
Step 235 time = 0.000195, # ZDD nodes = 334, # elems = 119185342464
Step 236 time = 0.000374, # ZDD nodes = 320, # elems = 102005473280
Step 237 time = 0.000197, # ZDD nodes = 294, # elems = 80530636800
Step 238 time = 0.000182, # ZDD nodes = 274, # elems = 59055800320
Step 239 time = 0.000179, # ZDD nodes = 256, # elems = 48318382080
Step 240 time = 0.000174, # ZDD nodes = 254, # elems = 52613349376
Step 241 time = 0.000174, # ZDD nodes = 254, # elems = 62277025792
Step 242 time = 0.000175, # ZDD nodes = 252, # elems = 66571993088
Step 243 time = 0.000169, # ZDD nodes = 242, # elems = 61203283968
Step 244 time = 0.000163, # ZDD nodes = 216, # elems = 45097156608
Step 245 time = 0.000194, # ZDD nodes = 172, # elems = 23622320128
Step 246 time = 0.000143, # ZDD nodes = 120, # elems = 7516192768
Step 247 time = 0.000130, # ZDD nodes = 60, # elems = 1073741824
Step 248 time = 0.000016, # ZDD nodes = 0, # elems = 0
a 4 8 12 18 22 28 32 38 42 48 52 58 62 68 72 78 82 88 92 98 102 108 112 118 122 128 132 138 142 148
a 1 8 12 18 22 28 32 38 42 48 52 58 62 68 72 78 82 88 92 98 102 108 112 118 122 128 132 138 142 148
a 1 5 12 18 22 28 32 38 42 48 52 58 62 68 72 78 82 88 92 98 102 108 112 118 122 128 132 138 142 148
a 1 5 9 18 22 28 32 38 42 48 52 58 62 68 72 78 82 88 92 98 102 108 112 118 122 128 132 138 142 148
a 1 5 9 15 22 28 32 38 42 48 52 58 62 68 72 78 82 88 92 98 102 108 112 118 122 128 132 138 142 148
a 1 5 13 15 22 28 32 38 42 48 52 58 62 68 72 78 82 88 92 98 102 108 112 118 122 128 132 138 142 148
a 1 7 13 15 22 28 32 38 42 48 52 58 62 68 72 78 82 88 92 98 102 108 112 118 122 128 132 138 142 148
a 3 7 13 15 22 28 32 38 42 48 52 58 62 68 72 78 82 88 92 98 102 108 112 118 122 128 132 138 142 148
a 3 7 13 15 19 28 32 38 42 48 52 58 62 68 72 78 82 88 92 98 102 108 112 118 122 128 132 138 142 148
a 3 7 13 15 19 25 32 38 42 48 52 58 62 68 72 78 82 88 92 98 102 108 112 118 122 128 132 138 142 148
a 3 7 13 15 19 25 29 38 42 48 52 58 62 68 72 78 82 88 92 98 102 108 112 118 122 128 132 138 142 148
a 3 7 13 15 19 25 29 35 42 48 52 58 62 68 72 78 82 88 92 98 102 108 112 118 122 128 132 138 142 148
a 3 7 13 15 19 25 33 35 42 48 52 58 62 68 72 78 82 88 92 98 102 108 112 118 122 128 132 138 142 148
a 3 7 13 15 19 27 33 35 42 48 52 58 62 68 72 78 82 88 92 98 102 108 112 118 122 128 132 138 142 148
a 3 7 13 15 21 27 33 35 42 48 52 58 62 68 72 78 82 88 92 98 102 108 112 118 122 128 132 138 142 148
a 1 7 13 15 21 27 33 35 42 48 52 58 62 68 72 78 82 88 92 98 102 108 112 118 122 128 132 138 142 148
a 1 5 13 15 21 27 33 35 42 48 52 58 62 68 72 78 82 88 92 98 102 108 112 118 122 128 132 138 142 148
a 1 5 9 15 21 27 33 35 42 48 52 58 62 68 72 78 82 88 92 98 102 108 112 118 122 128 132 138 142 148
a 1 5 9 17 21 27 33 35 42 48 52 58 62 68 72 78 82 88 92 98 102 108 112 118 122 128 132 138 142 148
a 1 5 9 17 21 27 33 35 39 48 52 58 62 68 72 78 82 88 92 98 102 108 112 118 122 128 132 138 142 148
a 1 5 9 17 21 27 33 35 39 45 52 58 62 68 72 78 82 88 92 98 102 108 112 118 122 128 132 138 142 148
a 1 5 9 17 21 27 33 35 39 45 49 58 62 68 72 78 82 88 92 98 102 108 112 118 122 128 132 138 142 148
a 1 5 9 17 21 27 33 35 39 45 49 55 62 68 72 78 82 88 92 98 102 108 112 118 122 128 132 138 142 148
a 1 5 9 17 21 27 33 35 39 45 53 55 62 68 72 78 82 88 92 98 102 108 112 118 122 128 132 138 142 148
a 1 5 9 17 21 27 33 35 39 47 53 55 62 68 72 78 82 88 92 98 102 108 112 118 122 128 132 138 142 148
a 1 5 9 17 21 27 33 35 41 47 53 55 62 68 72 78 82 88 92 98 102 108 112 118 122 128 132 138 142 148
a 1 5 9 15 21 27 33 35 41 47 53 55 62 68 72 78 82 88 92 98 102 108 112 118 122 128 132 138 142 148
a 1 5 13 15 21 27 33 35 41 47 53 55 62 68 72 78 82 88 92 98 102 108 112 118 122 128 132 138 142 148
a 1 7 13 15 21 27 33 35 41 47 53 55 62 68 72 78 82 88 92 98 102 108 112 118 122 128 132 138 142 148
a 3 7 13 15 21 27 33 35 41 47 53 55 62 68 72 78 82 88 92 98 102 108 112 118 122 128 132 138 142 148
a 3 7 13 15 19 27 33 35 41 47 53 55 62 68 72 78 82 88 92 98 102 108 112 118 122 128 132 138 142 148
a 3 7 13 15 19 25 33 35 41 47 53 55 62 68 72 78 82 88 92 98 102 108 112 118 122 128 132 138 142 148
a 3 7 13 15 19 25 29 35 41 47 53 55 62 68 72 78 82 88 92 98 102 108 112 118 122 128 132 138 142 148
a 3 7 13 15 19 25 29 37 41 47 53 55 62 68 72 78 82 88 92 98 102 108 112 118 122 128 132 138 142 148
a 3 7 13 15 19 25 29 37 41 47 53 55 59 68 72 78 82 88 92 98 102 108 112 118 122 128 132 138 142 148
a 3 7 13 15 19 25 29 37 41 47 53 55 59 65 72 78 82 88 92 98 102 108 112 118 122 128 132 138 142 148
a 3 7 13 15 19 25 29 37 41 47 53 55 59 65 69 78 82 88 92 98 102 108 112 118 122 128 132 138 142 148
a 3 7 13 15 19 25 29 37 41 47 53 55 59 65 69 75 82 88 92 98 102 108 112 118 122 128 132 138 142 148
a 3 7 13 15 19 25 29 37 41 47 53 55 59 65 73 75 82 88 92 98 102 108 112 118 122 128 132 138 142 148
a 3 7 13 15 19 25 29 37 41 47 53 55 59 67 73 75 82 88 92 98 102 108 112 118 122 128 132 138 142 148
a 3 7 13 15 19 25 29 37 41 47 53 55 61 67 73 75 82 88 92 98 102 108 112 118 122 128 132 138 142 148
a 3 7 13 15 19 25 29 35 41 47 53 55 61 67 73 75 82 88 92 98 102 108 112 118 122 128 132 138 142 148
a 3 7 13 15 19 25 33 35 41 47 53 55 61 67 73 75 82 88 92 98 102 108 112 118 122 128 132 138 142 148
a 3 7 13 15 19 27 33 35 41 47 53 55 61 67 73 75 82 88 92 98 102 108 112 118 122 128 132 138 142 148
a 3 7 13 15 21 27 33 35 41 47 53 55 61 67 73 75 82 88 92 98 102 108 112 118 122 128 132 138 142 148
a 1 7 13 15 21 27 33 35 41 47 53 55 61 67 73 75 82 88 92 98 102 108 112 118 122 128 132 138 142 148
a 1 5 13 15 21 27 33 35 41 47 53 55 61 67 73 75 82 88 92 98 102 108 112 118 122 128 132 138 142 148
a 1 5 9 15 21 27 33 35 41 47 53 55 61 67 73 75 82 88 92 98 102 108 112 118 122 128 132 138 142 148
a 1 5 9 17 21 27 33 35 41 47 53 55 61 67 73 75 82 88 92 98 102 108 112 118 122 128 132 138 142 148
a 1 5 9 17 21 27 33 35 39 47 53 55 61 67 73 75 82 88 92 98 102 108 112 118 122 128 132 138 142 148
a 1 5 9 17 21 27 33 35 39 45 53 55 61 67 73 75 82 88 92 98 102 108 112 118 122 128 132 138 142 148
a 1 5 9 17 21 27 33 35 39 45 49 55 61 67 73 75 82 88 92 98 102 108 112 118 122 128 132 138 142 148
a 1 5 9 17 21 27 33 35 39 45 49 57 61 67 73 75 82 88 92 98 102 108 112 118 122 128 132 138 142 148
a 1 5 9 17 21 27 33 35 39 45 49 57 61 67 73 75 79 88 92 98 102 108 112 118 122 128 132 138 142 148
a 1 5 9 17 21 27 33 35 39 45 49 57 61 67 73 75 79 85 92 98 102 108 112 118 122 128 132 138 142 148
a 1 5 9 17 21 27 33 35 39 45 49 57 61 67 73 75 79 85 89 98 102 108 112 118 122 128 132 138 142 148
a 1 5 9 17 21 27 33 35 39 45 49 57 61 67 73 75 79 85 89 95 102 108 112 118 122 128 132 138 142 148
a 1 5 9 17 21 27 33 35 39 45 49 57 61 67 73 75 79 85 93 95 102 108 112 118 122 128 132 138 142 148
a 1 5 9 17 21 27 33 35 39 45 49 57 61 67 73 75 79 87 93 95 102 108 112 118 122 128 132 138 142 148
a 1 5 9 17 21 27 33 35 39 45 49 57 61 67 73 75 81 87 93 95 102 108 112 118 122 128 132 138 142 148
a 1 5 9 17 21 27 33 35 39 45 49 55 61 67 73 75 81 87 93 95 102 108 112 118 122 128 132 138 142 148
a 1 5 9 17 21 27 33 35 39 45 53 55 61 67 73 75 81 87 93 95 102 108 112 118 122 128 132 138 142 148
a 1 5 9 17 21 27 33 35 39 47 53 55 61 67 73 75 81 87 93 95 102 108 112 118 122 128 132 138 142 148
a 1 5 9 17 21 27 33 35 41 47 53 55 61 67 73 75 81 87 93 95 102 108 112 118 122 128 132 138 142 148
a 1 5 9 15 21 27 33 35 41 47 53 55 61 67 73 75 81 87 93 95 102 108 112 118 122 128 132 138 142 148
a 1 5 13 15 21 27 33 35 41 47 53 55 61 67 73 75 81 87 93 95 102 108 112 118 122 128 132 138 142 148
a 1 7 13 15 21 27 33 35 41 47 53 55 61 67 73 75 81 87 93 95 102 108 112 118 122 128 132 138 142 148
a 3 7 13 15 21 27 33 35 41 47 53 55 61 67 73 75 81 87 93 95 102 108 112 118 122 128 132 138 142 148
a 3 7 13 15 19 27 33 35 41 47 53 55 61 67 73 75 81 87 93 95 102 108 112 118 122 128 132 138 142 148
a 3 7 13 15 19 25 33 35 41 47 53 55 61 67 73 75 81 87 93 95 102 108 112 118 122 128 132 138 142 148
a 3 7 13 15 19 25 29 35 41 47 53 55 61 67 73 75 81 87 93 95 102 108 112 118 122 128 132 138 142 148
a 3 7 13 15 19 25 29 37 41 47 53 55 61 67 73 75 81 87 93 95 102 108 112 118 122 128 132 138 142 148
a 3 7 13 15 19 25 29 37 41 47 53 55 59 67 73 75 81 87 93 95 102 108 112 118 122 128 132 138 142 148
a 3 7 13 15 19 25 29 37 41 47 53 55 59 65 73 75 81 87 93 95 102 108 112 118 122 128 132 138 142 148
a 3 7 13 15 19 25 29 37 41 47 53 55 59 65 69 75 81 87 93 95 102 108 112 118 122 128 132 138 142 148
a 3 7 13 15 19 25 29 37 41 47 53 55 59 65 69 77 81 87 93 95 102 108 112 118 122 128 132 138 142 148
a 3 7 13 15 19 25 29 37 41 47 53 55 59 65 69 77 81 87 93 95 99 108 112 118 122 128 132 138 142 148
a 3 7 13 15 19 25 29 37 41 47 53 55 59 65 69 77 81 87 93 95 99 105 112 118 122 128 132 138 142 148
a 3 7 13 15 19 25 29 37 41 47 53 55 59 65 69 77 81 87 93 95 99 105 109 118 122 128 132 138 142 148
a 3 7 13 15 19 25 29 37 41 47 53 55 59 65 69 77 81 87 93 95 99 105 109 115 122 128 132 138 142 148
a 3 7 13 15 19 25 29 37 41 47 53 55 59 65 69 77 81 87 93 95 99 105 113 115 122 128 132 138 142 148
a 3 7 13 15 19 25 29 37 41 47 53 55 59 65 69 77 81 87 93 95 99 107 113 115 122 128 132 138 142 148
a 3 7 13 15 19 25 29 37 41 47 53 55 59 65 69 77 81 87 93 95 101 107 113 115 122 128 132 138 142 148
a 3 7 13 15 19 25 29 37 41 47 53 55 59 65 69 75 81 87 93 95 101 107 113 115 122 128 132 138 142 148
a 3 7 13 15 19 25 29 37 41 47 53 55 59 65 73 75 81 87 93 95 101 107 113 115 122 128 132 138 142 148
a 3 7 13 15 19 25 29 37 41 47 53 55 59 67 73 75 81 87 93 95 101 107 113 115 122 128 132 138 142 148
a 3 7 13 15 19 25 29 37 41 47 53 55 61 67 73 75 81 87 93 95 101 107 113 115 122 128 132 138 142 148
a 3 7 13 15 19 25 29 35 41 47 53 55 61 67 73 75 81 87 93 95 101 107 113 115 122 128 132 138 142 148
a 3 7 13 15 19 25 33 35 41 47 53 55 61 67 73 75 81 87 93 95 101 107 113 115 122 128 132 138 142 148
a 3 7 13 15 19 27 33 35 41 47 53 55 61 67 73 75 81 87 93 95 101 107 113 115 122 128 132 138 142 148
a 3 7 13 15 21 27 33 35 41 47 53 55 61 67 73 75 81 87 93 95 101 107 113 115 122 128 132 138 142 148
a 1 7 13 15 21 27 33 35 41 47 53 55 61 67 73 75 81 87 93 95 101 107 113 115 122 128 132 138 142 148
a 1 5 13 15 21 27 33 35 41 47 53 55 61 67 73 75 81 87 93 95 101 107 113 115 122 128 132 138 142 148
a 1 5 9 15 21 27 33 35 41 47 53 55 61 67 73 75 81 87 93 95 101 107 113 115 122 128 132 138 142 148
a 1 5 9 17 21 27 33 35 41 47 53 55 61 67 73 75 81 87 93 95 101 107 113 115 122 128 132 138 142 148
a 1 5 9 17 21 27 33 35 39 47 53 55 61 67 73 75 81 87 93 95 101 107 113 115 122 128 132 138 142 148
a 1 5 9 17 21 27 33 35 39 45 53 55 61 67 73 75 81 87 93 95 101 107 113 115 122 128 132 138 142 148
a 1 5 9 17 21 27 33 35 39 45 49 55 61 67 73 75 81 87 93 95 101 107 113 115 122 128 132 138 142 148
a 1 5 9 17 21 27 33 35 39 45 49 57 61 67 73 75 81 87 93 95 101 107 113 115 122 128 132 138 142 148
a 1 5 9 17 21 27 33 35 39 45 49 57 61 67 73 75 79 87 93 95 101 107 113 115 122 128 132 138 142 148
a 1 5 9 17 21 27 33 35 39 45 49 57 61 67 73 75 79 85 93 95 101 107 113 115 122 128 132 138 142 148
a 1 5 9 17 21 27 33 35 39 45 49 57 61 67 73 75 79 85 89 95 101 107 113 115 122 128 132 138 142 148
a 1 5 9 17 21 27 33 35 39 45 49 57 61 67 73 75 79 85 89 97 101 107 113 115 122 128 132 138 142 148
a 1 5 9 17 21 27 33 35 39 45 49 57 61 67 73 75 79 85 89 97 101 107 113 115 119 128 132 138 142 148
a 1 5 9 17 21 27 33 35 39 45 49 57 61 67 73 75 79 85 89 97 101 107 113 115 119 125 132 138 142 148
a 1 5 9 17 21 27 33 35 39 45 49 57 61 67 73 75 79 85 89 97 101 107 113 115 119 125 129 138 142 148
a 1 5 9 17 21 27 33 35 39 45 49 57 61 67 73 75 79 85 89 97 101 107 113 115 119 125 129 135 142 148
a 1 5 9 17 21 27 33 35 39 45 49 57 61 67 73 75 79 85 89 97 101 107 113 115 119 125 133 135 142 148
a 1 5 9 17 21 27 33 35 39 45 49 57 61 67 73 75 79 85 89 97 101 107 113 115 119 127 133 135 142 148
a 1 5 9 17 21 27 33 35 39 45 49 57 61 67 73 75 79 85 89 97 101 107 113 115 121 127 133 135 142 148
a 1 5 9 17 21 27 33 35 39 45 49 57 61 67 73 75 79 85 89 95 101 107 113 115 121 127 133 135 142 148
a 1 5 9 17 21 27 33 35 39 45 49 57 61 67 73 75 79 85 93 95 101 107 113 115 121 127 133 135 142 148
a 1 5 9 17 21 27 33 35 39 45 49 57 61 67 73 75 79 87 93 95 101 107 113 115 121 127 133 135 142 148
a 1 5 9 17 21 27 33 35 39 45 49 57 61 67 73 75 81 87 93 95 101 107 113 115 121 127 133 135 142 148
a 1 5 9 17 21 27 33 35 39 45 49 55 61 67 73 75 81 87 93 95 101 107 113 115 121 127 133 135 142 148
a 1 5 9 17 21 27 33 35 39 45 53 55 61 67 73 75 81 87 93 95 101 107 113 115 121 127 133 135 142 148
a 1 5 9 17 21 27 33 35 39 47 53 55 61 67 73 75 81 87 93 95 101 107 113 115 121 127 133 135 142 148
a 1 5 9 17 21 27 33 35 41 47 53 55 61 67 73 75 81 87 93 95 101 107 113 115 121 127 133 135 142 148
a 1 5 9 15 21 27 33 35 41 47 53 55 61 67 73 75 81 87 93 95 101 107 113 115 121 127 133 135 142 148
a 1 5 13 15 21 27 33 35 41 47 53 55 61 67 73 75 81 87 93 95 101 107 113 115 121 127 133 135 142 148
a 1 7 13 15 21 27 33 35 41 47 53 55 61 67 73 75 81 87 93 95 101 107 113 115 121 127 133 135 142 148
a 3 7 13 15 21 27 33 35 41 47 53 55 61 67 73 75 81 87 93 95 101 107 113 115 121 127 133 135 142 148
a 3 7 13 15 19 27 33 35 41 47 53 55 61 67 73 75 81 87 93 95 101 107 113 115 121 127 133 135 142 148
a 3 7 13 15 19 25 33 35 41 47 53 55 61 67 73 75 81 87 93 95 101 107 113 115 121 127 133 135 142 148
a 3 7 13 15 19 25 29 35 41 47 53 55 61 67 73 75 81 87 93 95 101 107 113 115 121 127 133 135 142 148
a 3 7 13 15 19 25 29 37 41 47 53 55 61 67 73 75 81 87 93 95 101 107 113 115 121 127 133 135 142 148
a 3 7 13 15 19 25 29 37 41 47 53 55 59 67 73 75 81 87 93 95 101 107 113 115 121 127 133 135 142 148
a 3 7 13 15 19 25 29 37 41 47 53 55 59 65 73 75 81 87 93 95 101 107 113 115 121 127 133 135 142 148
a 3 7 13 15 19 25 29 37 41 47 53 55 59 65 69 75 81 87 93 95 101 107 113 115 121 127 133 135 142 148
a 3 7 13 15 19 25 29 37 41 47 53 55 59 65 69 77 81 87 93 95 101 107 113 115 121 127 133 135 142 148
a 3 7 13 15 19 25 29 37 41 47 53 55 59 65 69 77 81 87 93 95 99 107 113 115 121 127 133 135 142 148
a 3 7 13 15 19 25 29 37 41 47 53 55 59 65 69 77 81 87 93 95 99 105 113 115 121 127 133 135 142 148
a 3 7 13 15 19 25 29 37 41 47 53 55 59 65 69 77 81 87 93 95 99 105 109 115 121 127 133 135 142 148
a 3 7 13 15 19 25 29 37 41 47 53 55 59 65 69 77 81 87 93 95 99 105 109 117 121 127 133 135 142 148
a 3 7 13 15 19 25 29 37 41 47 53 55 59 65 69 77 81 87 93 95 99 105 109 117 121 127 133 135 139 148
a 3 7 13 15 19 25 29 37 41 47 53 55 59 65 69 77 81 87 93 95 99 105 109 117 121 127 133 135 139 145
a 3 7 13 15 19 25 29 37 41 47 53 55 59 65 69 77 81 87 93 95 99 105 109 117 121 127 133 135 144 145
a 3 7 13 15 19 25 29 37 41 47 53 55 59 65 69 77 81 87 93 95 99 105 109 116 121 127 133 135 144 145
a 3 7 13 15 19 25 29 37 41 47 53 55 59 65 69 77 81 87 93 95 99 105 113 116 121 127 133 135 144 145
a 3 7 13 15 19 25 29 37 41 47 53 55 59 65 69 77 81 87 93 95 99 107 113 116 121 127 133 135 144 145
a 3 7 13 15 19 25 29 37 41 47 53 55 59 65 69 77 81 87 93 95 101 107 113 116 121 127 133 135 144 145
a 3 7 13 15 19 25 29 37 41 47 53 55 59 65 69 75 81 87 93 95 101 107 113 116 121 127 133 135 144 145
a 3 7 13 15 19 25 29 37 41 47 53 55 59 65 73 75 81 87 93 95 101 107 113 116 121 127 133 135 144 145
a 3 7 13 15 19 25 29 37 41 47 53 55 59 67 73 75 81 87 93 95 101 107 113 116 121 127 133 135 144 145
a 3 7 13 15 19 25 29 37 41 47 53 55 61 67 73 75 81 87 93 95 101 107 113 116 121 127 133 135 144 145
a 3 7 13 15 19 25 29 35 41 47 53 55 61 67 73 75 81 87 93 95 101 107 113 116 121 127 133 135 144 145
a 3 7 13 15 19 25 33 35 41 47 53 55 61 67 73 75 81 87 93 95 101 107 113 116 121 127 133 135 144 145
a 3 7 13 15 19 27 33 35 41 47 53 55 61 67 73 75 81 87 93 95 101 107 113 116 121 127 133 135 144 145
a 3 7 13 15 21 27 33 35 41 47 53 55 61 67 73 75 81 87 93 95 101 107 113 116 121 127 133 135 144 145
a 1 7 13 15 21 27 33 35 41 47 53 55 61 67 73 75 81 87 93 95 101 107 113 116 121 127 133 135 144 145
a 1 5 13 15 21 27 33 35 41 47 53 55 61 67 73 75 81 87 93 95 101 107 113 116 121 127 133 135 144 145
a 1 5 9 15 21 27 33 35 41 47 53 55 61 67 73 75 81 87 93 95 101 107 113 116 121 127 133 135 144 145
a 1 5 9 17 21 27 33 35 41 47 53 55 61 67 73 75 81 87 93 95 101 107 113 116 121 127 133 135 144 145
a 1 5 9 17 21 27 33 35 39 47 53 55 61 67 73 75 81 87 93 95 101 107 113 116 121 127 133 135 144 145
a 1 5 9 17 21 27 33 35 39 45 53 55 61 67 73 75 81 87 93 95 101 107 113 116 121 127 133 135 144 145
a 1 5 9 17 21 27 33 35 39 45 49 55 61 67 73 75 81 87 93 95 101 107 113 116 121 127 133 135 144 145
a 1 5 9 17 21 27 33 35 39 45 49 57 61 67 73 75 81 87 93 95 101 107 113 116 121 127 133 135 144 145
a 1 5 9 17 21 27 33 35 39 45 49 57 61 67 73 75 79 87 93 95 101 107 113 116 121 127 133 135 144 145
a 1 5 9 17 21 27 33 35 39 45 49 57 61 67 73 75 79 85 93 95 101 107 113 116 121 127 133 135 144 145
a 1 5 9 17 21 27 33 35 39 45 49 57 61 67 73 75 79 85 89 95 101 107 113 116 121 127 133 135 144 145
a 1 5 9 17 21 27 33 35 39 45 49 57 61 67 73 75 79 85 89 97 101 107 113 116 121 127 133 135 144 145
a 1 5 9 17 21 27 33 35 39 45 49 57 61 67 73 75 79 85 89 97 101 107 113 116 119 127 133 135 144 145
a 1 5 9 17 21 27 33 35 39 45 49 57 61 67 73 75 79 85 89 97 101 107 113 116 119 125 133 135 144 145
a 1 5 9 17 21 27 33 35 39 45 49 57 61 67 73 75 79 85 89 97 101 107 113 116 119 125 130 135 144 145
a 1 5 9 17 21 27 33 35 39 45 49 57 61 67 73 75 79 85 89 97 101 107 113 116 124 125 130 135 144 145
a 1 5 9 17 21 27 33 35 39 45 49 57 61 67 73 75 79 85 89 95 101 107 113 116 124 125 130 135 144 145
a 1 5 9 17 21 27 33 35 39 45 49 57 61 67 73 75 79 85 93 95 101 107 113 116 124 125 130 135 144 145
a 1 5 9 17 21 27 33 35 39 45 49 57 61 67 73 75 79 87 93 95 101 107 113 116 124 125 130 135 144 145
a 1 5 9 17 21 27 33 35 39 45 49 57 61 67 73 75 81 87 93 95 101 107 113 116 124 125 130 135 144 145
a 1 5 9 17 21 27 33 35 39 45 49 55 61 67 73 75 81 87 93 95 101 107 113 116 124 125 130 135 144 145
a 1 5 9 17 21 27 33 35 39 45 53 55 61 67 73 75 81 87 93 95 101 107 113 116 124 125 130 135 144 145
a 1 5 9 17 21 27 33 35 39 47 53 55 61 67 73 75 81 87 93 95 101 107 113 116 124 125 130 135 144 145
a 1 5 9 17 21 27 33 35 41 47 53 55 61 67 73 75 81 87 93 95 101 107 113 116 124 125 130 135 144 145
a 1 5 9 15 21 27 33 35 41 47 53 55 61 67 73 75 81 87 93 95 101 107 113 116 124 125 130 135 144 145
a 1 5 13 15 21 27 33 35 41 47 53 55 61 67 73 75 81 87 93 95 101 107 113 116 124 125 130 135 144 145
a 1 7 13 15 21 27 33 35 41 47 53 55 61 67 73 75 81 87 93 95 101 107 113 116 124 125 130 135 144 145
a 3 7 13 15 21 27 33 35 41 47 53 55 61 67 73 75 81 87 93 95 101 107 113 116 124 125 130 135 144 145
a 3 7 13 15 19 27 33 35 41 47 53 55 61 67 73 75 81 87 93 95 101 107 113 116 124 125 130 135 144 145
a 3 7 13 15 19 25 33 35 41 47 53 55 61 67 73 75 81 87 93 95 101 107 113 116 124 125 130 135 144 145
a 3 7 13 15 19 25 29 35 41 47 53 55 61 67 73 75 81 87 93 95 101 107 113 116 124 125 130 135 144 145
a 3 7 13 15 19 25 29 37 41 47 53 55 61 67 73 75 81 87 93 95 101 107 113 116 124 125 130 135 144 145
a 3 7 13 15 19 25 29 37 41 47 53 55 59 67 73 75 81 87 93 95 101 107 113 116 124 125 130 135 144 145
a 3 7 13 15 19 25 29 37 41 47 53 55 59 65 73 75 81 87 93 95 101 107 113 116 124 125 130 135 144 145
a 3 7 13 15 19 25 29 37 41 47 53 55 59 65 69 75 81 87 93 95 101 107 113 116 124 125 130 135 144 145
a 3 7 13 15 19 25 29 37 41 47 53 55 59 65 69 77 81 87 93 95 101 107 113 116 124 125 130 135 144 145
a 3 7 13 15 19 25 29 37 41 47 53 55 59 65 69 77 81 87 93 95 99 107 113 116 124 125 130 135 144 145
a 3 7 13 15 19 25 29 37 41 47 53 55 59 65 69 77 81 87 93 95 99 106 113 116 124 125 130 135 144 145
a 3 7 13 15 19 25 29 37 41 47 53 55 59 65 69 77 81 87 93 95 99 106 110 116 124 125 130 135 144 145
a 3 7 13 15 19 25 29 37 41 47 53 55 59 65 69 77 81 87 93 95 104 106 110 116 124 125 130 135 144 145
a 3 7 13 15 19 25 29 37 41 47 53 55 59 65 69 75 81 87 93 95 104 106 110 116 124 125 130 135 144 145
a 3 7 13 15 19 25 29 37 41 47 53 55 59 65 73 75 81 87 93 95 104 106 110 116 124 125 130 135 144 145
a 3 7 13 15 19 25 29 37 41 47 53 55 59 67 73 75 81 87 93 95 104 106 110 116 124 125 130 135 144 145
a 3 7 13 15 19 25 29 37 41 47 53 55 61 67 73 75 81 87 93 95 104 106 110 116 124 125 130 135 144 145
a 3 7 13 15 19 25 29 35 41 47 53 55 61 67 73 75 81 87 93 95 104 106 110 116 124 125 130 135 144 145
a 3 7 13 15 19 25 33 35 41 47 53 55 61 67 73 75 81 87 93 95 104 106 110 116 124 125 130 135 144 145
a 3 7 13 15 19 27 33 35 41 47 53 55 61 67 73 75 81 87 93 95 104 106 110 116 124 125 130 135 144 145
a 3 7 13 15 21 27 33 35 41 47 53 55 61 67 73 75 81 87 93 95 104 106 110 116 124 125 130 135 144 145
a 1 7 13 15 21 27 33 35 41 47 53 55 61 67 73 75 81 87 93 95 104 106 110 116 124 125 130 135 144 145
a 1 5 13 15 21 27 33 35 41 47 53 55 61 67 73 75 81 87 93 95 104 106 110 116 124 125 130 135 144 145
a 1 5 9 15 21 27 33 35 41 47 53 55 61 67 73 75 81 87 93 95 104 106 110 116 124 125 130 135 144 145
a 1 5 9 17 21 27 33 35 41 47 53 55 61 67 73 75 81 87 93 95 104 106 110 116 124 125 130 135 144 145
a 1 5 9 17 21 27 33 35 39 47 53 55 61 67 73 75 81 87 93 95 104 106 110 116 124 125 130 135 144 145
a 1 5 9 17 21 27 33 35 39 45 53 55 61 67 73 75 81 87 93 95 104 106 110 116 124 125 130 135 144 145
a 1 5 9 17 21 27 33 35 39 45 49 55 61 67 73 75 81 87 93 95 104 106 110 116 124 125 130 135 144 145
a 1 5 9 17 21 27 33 35 39 45 49 57 61 67 73 75 81 87 93 95 104 106 110 116 124 125 130 135 144 145
a 1 5 9 17 21 27 33 35 39 45 49 57 61 67 73 75 79 87 93 95 104 106 110 116 124 125 130 135 144 145
a 1 5 9 17 21 27 33 35 39 45 49 57 61 67 73 75 79 86 93 95 104 106 110 116 124 125 130 135 144 145
a 1 5 9 17 21 27 33 35 39 45 49 57 61 67 73 75 79 86 90 95 104 106 110 116 124 125 130 135 144 145
a 1 5 9 17 21 27 33 35 39 45 49 57 61 67 73 75 83 86 90 95 104 106 110 116 124 125 130 135 144 145
a 1 5 9 17 21 27 33 35 39 45 49 56 61 67 73 75 83 86 90 95 104 106 110 116 124 125 130 135 144 145
a 1 5 9 17 21 27 33 35 39 45 53 56 61 67 73 75 83 86 90 95 104 106 110 116 124 125 130 135 144 145
a 1 5 9 17 21 27 33 35 39 47 53 56 61 67 73 75 83 86 90 95 104 106 110 116 124 125 130 135 144 145
a 1 5 9 17 21 27 33 35 41 47 53 56 61 67 73 75 83 86 90 95 104 106 110 116 124 125 130 135 144 145
a 1 5 9 15 21 27 33 35 41 47 53 56 61 67 73 75 83 86 90 95 104 106 110 116 124 125 130 135 144 145
a 1 5 13 15 21 27 33 35 41 47 53 56 61 67 73 75 83 86 90 95 104 106 110 116 124 125 130 135 144 145
a 1 7 13 15 21 27 33 35 41 47 53 56 61 67 73 75 83 86 90 95 104 106 110 116 124 125 130 135 144 145
a 3 7 13 15 21 27 33 35 41 47 53 56 61 67 73 75 83 86 90 95 104 106 110 116 124 125 130 135 144 145
a 3 7 13 15 19 27 33 35 41 47 53 56 61 67 73 75 83 86 90 95 104 106 110 116 124 125 130 135 144 145
a 3 7 13 15 19 25 33 35 41 47 53 56 61 67 73 75 83 86 90 95 104 106 110 116 124 125 130 135 144 145
a 3 7 13 15 19 25 29 35 41 47 53 56 61 67 73 75 83 86 90 95 104 106 110 116 124 125 130 135 144 145
a 3 7 13 15 19 25 29 37 41 47 53 56 61 67 73 75 83 86 90 95 104 106 110 116 124 125 130 135 144 145
a 3 7 13 15 19 25 29 37 41 47 53 56 59 67 73 75 83 86 90 95 104 106 110 116 124 125 130 135 144 145
a 3 7 13 15 19 25 29 37 41 47 53 56 59 66 73 75 83 86 90 95 104 106 110 116 124 125 130 135 144 145
a 3 7 13 15 19 25 29 37 41 47 53 56 59 66 69 75 83 86 90 95 104 106 110 116 124 125 130 135 144 145
a 3 7 13 15 19 25 29 37 41 47 53 56 63 66 69 75 83 86 90 95 104 106 110 116 124 125 130 135 144 145
a 3 7 13 15 19 25 29 36 41 47 53 56 63 66 69 75 83 86 90 95 104 106 110 116 124 125 130 135 144 145
a 3 7 13 15 19 25 33 36 41 47 53 56 63 66 69 75 83 86 90 95 104 106 110 116 124 125 130 135 144 145
a 3 7 13 15 19 27 33 36 41 47 53 56 63 66 69 75 83 86 90 95 104 106 110 116 124 125 130 135 144 145
a 3 7 13 15 21 27 33 36 41 47 53 56 63 66 69 75 83 86 90 95 104 106 110 116 124 125 130 135 144 145
a 1 7 13 15 21 27 33 36 41 47 53 56 63 66 69 75 83 86 90 95 104 106 110 116 124 125 130 135 144 145
a 1 5 13 15 21 27 33 36 41 47 53 56 63 66 69 75 83 86 90 95 104 106 110 116 124 125 130 135 144 145
a 1 5 9 15 21 27 33 36 41 47 53 56 63 66 69 75 83 86 90 95 104 106 110 116 124 125 130 135 144 145
a 1 5 9 17 21 27 33 36 41 47 53 56 63 66 69 75 83 86 90 95 104 106 110 116 124 125 130 135 144 145
a 1 5 9 17 21 27 33 36 39 47 53 56 63 66 69 75 83 86 90 95 104 106 110 116 124 125 130 135 144 145
a 1 5 9 17 21 27 33 36 39 45 53 56 63 66 69 75 83 86 90 95 104 106 110 116 124 125 130 135 144 145
a 1 5 9 17 21 27 33 36 39 45 50 56 63 66 69 75 83 86 90 95 104 106 110 116 124 125 130 135 144 145
a 1 5 9 17 21 27 33 36 44 45 50 56 63 66 69 75 83 86 90 95 104 106 110 116 124 125 130 135 144 145
a 1 5 9 15 21 27 33 36 44 45 50 56 63 66 69 75 83 86 90 95 104 106 110 116 124 125 130 135 144 145
a 1 5 13 15 21 27 33 36 44 45 50 56 63 66 69 75 83 86 90 95 104 106 110 116 124 125 130 135 144 145
a 1 7 13 15 21 27 33 36 44 45 50 56 63 66 69 75 83 86 90 95 104 106 110 116 124 125 130 135 144 145
a 3 7 13 15 21 27 33 36 44 45 50 56 63 66 69 75 83 86 90 95 104 106 110 116 124 125 130 135 144 145
a 3 7 13 15 19 27 33 36 44 45 50 56 63 66 69 75 83 86 90 95 104 106 110 116 124 125 130 135 144 145
a 3 7 13 15 19 25 33 36 44 45 50 56 63 66 69 75 83 86 90 95 104 106 110 116 124 125 130 135 144 145
a 3 7 13 15 19 25 29 36 44 45 50 56 63 66 69 75 83 86 90 95 104 106 110 116 124 125 130 135 144 145
a 3 7 13 15 23 25 29 36 44 45 50 56 63 66 69 75 83 86 90 95 104 106 110 116 124 125 130 135 144 145
a 2 7 13 15 23 25 29 36 44 45 50 56 63 66 69 75 83 86 90 95 104 106 110 116 124 125 130 135 144 145
a 2 5 13 15 23 25 29 36 44 45 50 56 63 66 69 75 83 86 90 95 104 106 110 116 124 125 130 135 144 145
a 2 5 9 15 23 25 29 36 44 45 50 56 63 66 69 75 83 86 90 95 104 106 110 116 124 125 130 135 144 145
Reconfiguration time = 0.904575
	Command being timed: "timeout 20m ../ddreconf/ddreconf ../instances_pw_col/suzuki_instance_2_7_2_2.pw.col --stfile=../benchmark_instances/2023result/docs/solver/benchmark/hand_made_wide/square_wide/suzuki_instance_2_7_2_2_01.dat --tj --indset --longest"
	User time (seconds): 0.92
	System time (seconds): 0.04
	Percent of CPU this job got: 99%
	Elapsed (wall clock) time (h:mm:ss or m:ss): 0:00.97
	Average shared text size (kbytes): 0
	Average unshared data size (kbytes): 0
	Average stack size (kbytes): 0
	Average total size (kbytes): 0
	Maximum resident set size (kbytes): 38132
	Average resident set size (kbytes): 0
	Major (requiring I/O) page faults: 0
	Minor (reclaiming a frame) page faults: 17915
	Voluntary context switches: 5
	Involuntary context switches: 17
	Swaps: 0
	File system inputs: 24
	File system outputs: 88
	Socket messages sent: 0
	Socket messages received: 0
	Signals delivered: 0
	Page size (bytes): 4096
	Exit status: 0
