Input graph file parsed. # of vertices = 212, # of edges = 1621
s 157 169 193 194 170 158 195 196 171 172 159 160 197 198 201 199 200 202 203 204 207 173 174 177 175 176 178 179 180 161 162 165 163 164 166 167 168 206 181 182 183 184 185 186 189 187 188 190 191 192 205 208 211 53 54 65 66 89 90 77 78 91 92 67 68 55 56 79 80 93 94 97 96 98 99 100 103 101 104 69 70 73 71 72 74 75 76 83 84 87 59 60 63 86 62 57 81 58 61 64 82 85 88 102
Solution space ZDD construction start
Command exited with non-zero status 124
	Command being timed: "timeout 30m ../ddreconf/ddreconf ../instances_pwwt_from_heur_col/2-FullIns_4.pwwt.col --stfile=../benchmark_instances/2023result/docs/solver/benchmark/2022benchmark/benchmark/color04/2-FullIns_4_01.dat --tj --indset --longest"
	User time (seconds): 1759.60
	System time (seconds): 36.98
	Percent of CPU this job got: 99%
	Elapsed (wall clock) time (h:mm:ss or m:ss): 30:00.21
	Average shared text size (kbytes): 0
	Average unshared data size (kbytes): 0
	Average stack size (kbytes): 0
	Average total size (kbytes): 0
	Maximum resident set size (kbytes): 72852956
	Average resident set size (kbytes): 0
	Major (requiring I/O) page faults: 0
	Minor (reclaiming a frame) page faults: 817622
	Voluntary context switches: 47
	Involuntary context switches: 1077
	Swaps: 0
	File system inputs: 0
	File system outputs: 8
	Socket messages sent: 0
	Socket messages received: 0
	Signals delivered: 0
	Page size (bytes): 4096
	Exit status: 124
