Input graph file parsed. # of vertices = 1406, # of edges = 9695
s 1393 1395 1397 1399 1401 1402 1398 1394 1396 1400 1403 1371 1373 1375 1377 1379 1380 1376 1372 1374 1378 1381 1349 1351 1353 1355 1357 1358 1354 1350 1352 1356 1359 1360 1362 1364 1366 1368 1369 1365 1361 1363 1367 1370 1382 1384 1386 1388 1390 1391 1387 1383 1385 1389 1392 1404 1281 1283 1285 1287 1289 1290 1286 1282 1284 1288 1291 1259 1261 1263 1265 1267 1268 1264 1260 1262 1266 1269 1237 1239 1241 1243 1245 1246 1242 1238 1240 1244 1247 1248 1250 1252 1254 1256 1257 1253 1249 1251 1255 1258 1270 1272 1274 1276 1278 1279 1275 1271 1273 1277 1280 1292 1169 1171 1173 1175 1177 1178 1174 1170 1172 1176 1179 1147 1149 1151 1153 1155 1156 1152 1148 1150 1154 1157 1125 1127 1129 1133 1134 1130 1126 1128 1132 1135 1136 1138 1140 1142 1144 1145 1141 1137 1139 1143 1146 1158 1160 1162 1164 1166 1167 1163 1159 1161 1165 1168 1180 1225 1227 1229 1231 1233 1234 1230 1226 1228 1232 1235 1203 1205 1207 1209 1211 1212 1208 1204 1206 1210 1213 1181 1183 1185 1187 1189 1190 1186 1182 1184 1188 1191 1192 1194 1196 1198 1200 1201 1197 1193 1195 1199 1202 1214 1216 1218 1220 1222 1223 1219 1215 1217 1221 1224 1236 1337 1339 1341 1343 1345 1346 1342 1338 1340 1344 1347 1315 1317 1319 1321 1323 1324 1320 1316 1318 1322 1325 1293 1295 1297 1299 1301 1302 1298 1294 1296 1300 1303 1304 1306 1308 1310 1312 1313 1309 1305 1307 1311 1314 1326 1328 1330 1332 1334 1335 1331 1327 1329 1333 1336 1348 1405 831 833 835 837 839 840 836 832 834 838 841 809 811 813 815 817 818 814 810 812 816 819 787 789 791 793 795 796 792 788 790 794 797 798 800 802 804 806 807 803 799 801 805 808 820 822 824 826 828 829 825 821 823 827 830 842 719 721 723 725 727 728 724 720 722 726 729 697 699 701 703 705 706 702 698 700 704 707 675 677 679 681 683 684 680 676 678 682 685 686 688 690 692 694 695 691 687 689 693 696 708 710 712 714 716 717 713 709 711 715 718 730 607 609 611 613 615 616 612 608 610 614 617 585 587 589 591 593 594 590 586 588 592 595 563 565 567 569 571 572 568 564 566 570 573 574 576 578 580 582 583 579 575 577 581 584 596 598 600 602 604 605 601 597 599 603 606 618 663 665 667 669 671 672 668 664 666 670 673 641 643 645 647 649 650 646 642 644 648 651 619 621 623 625 627 628 624 620 622 626 629 630 632 634 636 638 639 635 631 633 637 640 652 654 656 658 660 661 657 653 655 659 662 674 775 777 779 781 783 784 780 776 778 782 785 753 755 757 759 761 762 758 754 756 760 763 731 733 735 737 739 740 736 732 734 738 741 742 744 746 748 750 751 747 743 745 749 752 764 766 768 770 772 773 769 765 767 771 774 786 843 269 271 273 275 277 278 274 270 272 276 279 247 249 251 253 255 256 252 248 250 254 257 225 227 229 231 233 234 230 226 228 232 235 236 238 240 242 244 245 241 237 239 243 246 258 260 262 264 266 267 263 259 261 265 268 280 157 159 161 163 165 166 162 158 160 164 167 135 137 139 141 143 144 140 136 138 142 145 113 115 117 119 121 122 118 114 116 120 123 124 126 128 130 132 133 129 125 127 131 134 146 148 150 152 154 155 151 147 149 153 156 168 45 47 49 51 53 54 50 46 48 52 55 23 25 27 29 31 32 28 24 26 30 33 1 3 5 7 11
Solution space ZDD construction start
Command exited with non-zero status 124
	Command being timed: "timeout 30m ../ddreconf/ddreconf ../instances_pwwt_from_heur_col/3-Insertions_5.pwwt.col --stfile=../benchmark_instances/2023result/docs/solver/benchmark/2022benchmark/benchmark/color04/3-Insertions_5_02.dat --tj --indset --longest"
	User time (seconds): 1730.03
	System time (seconds): 65.79
	Percent of CPU this job got: 99%
	Elapsed (wall clock) time (h:mm:ss or m:ss): 30:00.47
	Average shared text size (kbytes): 0
	Average unshared data size (kbytes): 0
	Average stack size (kbytes): 0
	Average total size (kbytes): 0
	Maximum resident set size (kbytes): 133311492
	Average resident set size (kbytes): 0
	Major (requiring I/O) page faults: 0
	Minor (reclaiming a frame) page faults: 1709229
	Voluntary context switches: 347
	Involuntary context switches: 1205
	Swaps: 0
	File system inputs: 0
	File system outputs: 8
	Socket messages sent: 0
	Socket messages received: 0
	Signals delivered: 0
	Page size (bytes): 4096
	Exit status: 124
