Input graph file parsed. # of vertices = 500, # of edges = 3555
s 255 465 26 81 460 425 409 114 169 331 235 53 1 59 223 230 481 52 269 249 262 20 185 492 165 326 332 415 470 198 453 416 22 298 488 88 498 132 55 99 92 193 148 186 407 203 493 306 309 202 44 349 399 301 174 394 138 421 324 155 47 434 343 489 206 376 443 370 437 215 445 323 408 429 19 64 180 167 359 319 78 115
Solution space ZDD construction start
Command exited with non-zero status 124
	Command being timed: "timeout 30m ../ddreconf/ddreconf ../instances_pwwt_from_heur_col/DSJR500.1.pwwt.col --stfile=../benchmark_instances/2023result/docs/solver/benchmark/2022benchmark/benchmark/color04/DSJR500.1_01.dat --tj --indset --longest"
	User time (seconds): 1726.42
	System time (seconds): 70.00
	Percent of CPU this job got: 99%
	Elapsed (wall clock) time (h:mm:ss or m:ss): 30:00.41
	Average shared text size (kbytes): 0
	Average unshared data size (kbytes): 0
	Average stack size (kbytes): 0
	Average total size (kbytes): 0
	Maximum resident set size (kbytes): 138117672
	Average resident set size (kbytes): 0
	Major (requiring I/O) page faults: 0
	Minor (reclaiming a frame) page faults: 1357632
	Voluntary context switches: 43
	Involuntary context switches: 1322
	Swaps: 0
	File system inputs: 0
	File system outputs: 8
	Socket messages sent: 0
	Socket messages received: 0
	Signals delivered: 0
	Page size (bytes): 4096
	Exit status: 124
