Input graph file parsed. # of vertices = 900, # of edges = 1740
s 1 3 32 61 5 34 63 92 121 7 36 65 94 123 152 181 9 38 67 96 125 154 183 212 241 11 40 69 98 127 156 185 214 243 272 301 13 42 71 100 129 158 187 216 245 274 303 332 361 15 44 73 102 131 160 189 218 247 276 305 334 363 392 421 17 46 75 104 133 162 191 220 249 278 307 336 365 394 423 452 481 19 48 77 106 135 164 193 222 251 280 309 338 367 396 425 454 483 512 541 21 50 79 108 137 166 195 224 253 282 311 340 369 398 427 456 485 514 543 572 601 23 52 81 110 139 168 197 226 255 284 313 342 371 400 429 458 487 516 545 574 603 632 661 25 54 83 112 141 170 199 228 257 286 315 344 373 402 431 460 489 518 547 576 605 634 663 692 721 27 56 85 114 143 172 201 230 259 288 317 346 375 404 433 491 520 549 578 607 636 665 694 723 752 781 29 58 60 87 89 116 118 120 145 147 149 174 176 178 180 203 205 207 209 232 234 236 238 240 261 263 265 267 269 290 292 294 296 298 300 319 321 323 325 327 329 348 350 352 354 356 358 360 377 379 381 383 385 387 389 406 408 410 412 414 416 418 420 435 437 439 441 443 445 447 449 464 466 468 470 472 474 476 478 480 493 495 497 499 501 503 505 507 509 522 524 526 528 530 532 534 536 538 540 551 553 555 557 559 561 563 565 567 569 580 582 584 586 588 590 592 594 596 598 600 609 611 613 615 617 619 621 623 625 627 629 638 640 642 644 646 648 650 652 654 656 658 660 667 669 671 673 675 677 679 681 683 685 687 689 696 698 700 702 704 706 708 710 712 714 716 718 720 725 727 729 731 733 735 737 739 741 743 745 747 749 754 756 758 760 762 764 766 768 770 772 774 776 778 780 783 785 787 789 791 793 795 797 799 801 803 805 807 809 812 814 816 818 820 822 824 826 828 830 832 834 836 838 840 841 843 872 845 874 847 876 849 878 851 880 853 882 855 884 857 886 859 888 861 890 863 892 865 894 867 896 869 898 900
Solution space ZDD construction start
Command exited with non-zero status 124
	Command being timed: "timeout 30m ../ddreconf/ddreconf ../instances_pwwt_from_heur_col/grid030x030.pwwt.col --stfile=../benchmark_instances/2023result/docs/solver/benchmark/2022benchmark/benchmark/grid/grid030x030_03_4248.dat --tj --indset --longest"
	User time (seconds): 1778.27
	System time (seconds): 17.88
	Percent of CPU this job got: 99%
	Elapsed (wall clock) time (h:mm:ss or m:ss): 30:00.12
	Average shared text size (kbytes): 0
	Average unshared data size (kbytes): 0
	Average stack size (kbytes): 0
	Average total size (kbytes): 0
	Maximum resident set size (kbytes): 36562464
	Average resident set size (kbytes): 0
	Major (requiring I/O) page faults: 0
	Minor (reclaiming a frame) page faults: 461073
	Voluntary context switches: 142
	Involuntary context switches: 1167
	Swaps: 0
	File system inputs: 0
	File system outputs: 8
	Socket messages sent: 0
	Socket messages received: 0
	Signals delivered: 0
	Page size (bytes): 4096
	Exit status: 124
