Input graph file parsed. # of vertices = 1600, # of edges = 3120
s 1 3 42 81 5 44 83 122 161 7 46 85 124 163 202 241 9 48 87 126 165 204 243 282 321 11 50 89 128 167 206 245 284 323 362 401 13 52 91 130 169 208 247 286 325 364 403 442 481 15 54 93 132 171 210 249 288 327 366 405 444 483 522 561 17 56 95 134 173 212 251 290 329 368 407 446 485 524 563 602 641 19 58 97 136 175 214 253 292 331 370 409 448 487 526 565 604 643 682 721 21 60 99 138 177 216 255 294 333 372 411 450 489 528 567 606 645 684 723 762 801 23 62 101 140 179 218 257 296 335 374 413 452 491 530 569 608 647 686 725 764 803 842 881 25 64 103 142 181 220 259 298 337 376 415 454 493 532 571 610 649 688 727 766 805 844 883 922 961 27 66 105 144 183 222 261 300 339 378 417 456 495 534 573 612 651 690 729 768 807 846 885 924 963 1002 1041 29 68 107 146 185 224 263 302 341 380 419 458 497 536 575 614 653 692 731 770 809 848 887 926 965 1004 1043 1082 1121 31 70 109 148 187 226 265 304 343 382 421 460 499 538 577 616 655 694 733 772 811 850 889 928 967 1006 1045 1084 1123 1162 1201 33 72 111 150 189 228 267 306 345 384 423 462 501 540 579 618 657 696 735 774 813 852 891 930 969 1008 1047 1086 1125 1164 1203 1242 1281 35 74 113 152 191 230 269 308 347 386 425 464 503 542 581 620 659 698 737 776 815 854 893 932 971 1010 1049 1088 1127 1166 1205 1244 1283 1322 1361 37 76 115 154 193 232 271 310 349 388 427 466 505 544 583 622 661 700 739 778 817 856 895 934 973 1012 1051 1090 1129 1168 1246 1285 1324 1363 1402 1441 39 78 80 117 119 156 158 160 195 197 199 234 236 238 240 273 275 277 279 312 314 316 318 320 351 353 355 357 359 390 392 394 396 398 400 429 431 433 435 437 439 468 470 472 474 476 478 480 507 509 511 513 515 517 519 546 548 550 552 554 556 558 560 585 587 589 591 593 595 597 599 624 626 628 630 632 634 636 638 640 663 665 667 669 671 673 675 677 679 702 704 706 708 710 712 714 716 718 720 741 743 745 747 749 751 753 755 757 759 780 782 784 786 788 790 792 794 796 798 800 819 821 823 825 827 829 831 833 835 837 839 858 860 862 864 866 868 870 872 874 876 878 880 897 899 901 903 905 907 909 911 913 915 917 919 936 938 940 942 944 946 948 950 952 954 956 958 960 975 977 979 981 983 985 987 989 991 993 995 997 999 1014 1016 1018 1020 1022 1024 1026 1028 1030 1032 1034 1036 1038 1040 1053 1055 1057 1059 1061 1063 1065 1067 1069 1071 1073 1075 1077 1079 1092 1094 1096 1098 1100 1102 1104 1106 1108 1110 1112 1114 1116 1118 1120 1131 1133 1135 1137 1139 1141 1143 1145 1147 1149 1151 1153 1155 1157 1159 1170 1172 1174 1176 1178 1180 1182 1184 1186 1188 1190 1192 1194 1196 1198 1200 1209 1211 1213 1215 1217 1219 1221 1223 1225 1227 1229 1231 1233 1235 1237 1239 1248 1250 1252 1254 1256 1258 1260 1262 1264 1266 1268 1270 1272 1274 1276 1278 1280 1287 1289 1291 1293 1295 1297 1299 1301 1303 1305 1307 1309 1311 1313 1315 1317 1319 1326 1328 1330 1332 1334 1336 1338 1340 1342 1344 1346 1348 1350 1352 1354 1356 1358 1360 1365 1367 1369 1371 1373 1375 1377 1379 1381 1383 1385 1387 1389 1391 1393 1395 1397 1399 1404 1406 1408 1410 1412 1414 1416 1418 1420 1422 1424 1426 1428 1430 1432 1434 1436 1438 1440 1443 1445 1447 1449 1451 1453 1455 1457 1459 1461 1463 1465 1467 1469 1471 1473 1475 1477 1479 1482 1484 1486 1488 1490 1492 1494 1496 1498 1500 1502 1504 1506 1508 1510 1512 1514 1516 1518 1520 1521 1523 1562 1525 1564 1527 1566 1529 1568 1531 1570 1533 1572 1535 1574 1537 1576 1539 1578 1541 1580 1543 1582 1545 1584 1547 1586 1549 1588 1551 1590 1553 1592 1555 1594 1557 1596 1559 1598 1600
Solution space ZDD construction start
Command exited with non-zero status 124
	Command being timed: "timeout 30m ../ddreconf/ddreconf ../instances_pwwt_from_heur_col/grid040x040.pwwt.col --stfile=../benchmark_instances/2023result/docs/solver/benchmark/2022benchmark/benchmark/grid/grid040x040_02_3552.dat --tj --indset --longest"
	User time (seconds): 1787.08
	System time (seconds): 8.96
	Percent of CPU this job got: 99%
	Elapsed (wall clock) time (h:mm:ss or m:ss): 30:00.06
	Average shared text size (kbytes): 0
	Average unshared data size (kbytes): 0
	Average stack size (kbytes): 0
	Average total size (kbytes): 0
	Maximum resident set size (kbytes): 18551908
	Average resident set size (kbytes): 0
	Major (requiring I/O) page faults: 0
	Minor (reclaiming a frame) page faults: 346860
	Voluntary context switches: 133
	Involuntary context switches: 994
	Swaps: 0
	File system inputs: 0
	File system outputs: 8
	Socket messages sent: 0
	Socket messages received: 0
	Signals delivered: 0
	Page size (bytes): 4096
	Exit status: 124
