Input graph file parsed. # of vertices = 400, # of edges = 760
s 1 3 22 41 5 24 43 62 81 7 26 45 64 83 102 121 9 28 47 66 85 104 123 142 161 11 30 49 68 87 106 125 144 163 182 201 13 32 51 70 89 108 127 146 165 184 203 222 241 15 34 53 72 91 110 129 148 167 186 205 224 243 262 281 17 36 55 74 93 112 131 150 169 188 207 226 245 264 283 302 321 19 38 40 57 59 76 78 80 95 97 99 114 116 118 120 133 135 137 139 152 154 156 158 160 171 173 175 177 179 190 192 194 196 198 200 209 211 213 215 217 219 228 230 232 234 236 238 240 247 249 251 253 255 257 259 266 268 270 272 274 276 278 280 285 287 289 291 293 295 297 299 304 306 308 310 312 314 316 318 320 323 325 327 329 331 333 335 337 339 342 344 346 350 352 354 356 358 360 361 363 382 365 384 367 386 369 388 371 390 373 392 375 394 377 396 379 398 400
Solution space ZDD construction start
Solution space ZDD construction end
Solution space ZDD construction time = 63.023012
Solution space ZDD size = 2921661
# of elements in the solution space = 958979036662929619406859624886958746851620546557485230898539651354907499
Start searching the longest reconfiguration sequence
Step 1 time = 0.000799, # ZDD nodes = 398, # elems = 199
Step 2 time = 0.003282, # ZDD nodes = 300, # elems = 2
Step 3 time = 0.000450, # ZDD nodes = 0, # elems = 0
a 1 3 5 7 9 11 13 15 17 19 22 24 26 28 30 32 34 36 38 40 41 43 45 47 49 51 53 55 57 59 62 64 66 68 70 72 74 76 78 80 81 83 85 87 89 91 93 95 97 99 102 104 106 108 110 112 114 116 118 120 121 123 125 127 129 131 133 135 137 139 142 144 146 148 150 152 154 156 158 160 161 163 165 167 169 171 173 175 177 179 182 184 186 188 190 192 194 196 198 200 201 203 205 207 209 211 213 215 217 219 222 224 226 228 230 232 234 236 238 240 241 243 245 247 249 251 253 255 257 259 262 264 266 268 270 272 274 276 278 280 281 283 285 287 289 291 293 295 297 299 302 304 306 308 310 312 314 316 318 320 321 323 325 327 329 331 333 335 337 339 342 344 346 350 352 354 356 358 360 361 363 365 367 369 371 373 375 377 379 382 384 386 388 390 392 394 396 398 400
a 1 3 5 7 9 11 13 15 17 19 22 24 26 28 30 32 34 36 38 40 41 43 45 47 49 51 53 55 57 59 62 64 66 68 70 72 74 76 78 80 81 83 85 87 89 91 93 95 97 99 102 104 106 108 110 112 114 116 118 120 121 123 125 127 129 131 133 135 137 139 142 144 146 148 150 152 154 156 158 160 161 163 165 167 169 171 173 175 177 179 182 184 186 188 190 192 194 196 198 200 201 203 205 207 209 211 213 215 217 219 222 224 226 228 230 232 234 236 238 240 241 243 245 247 249 251 253 255 257 259 262 264 266 268 270 272 274 276 278 280 281 283 285 287 289 291 293 295 297 299 302 304 306 308 310 312 314 316 318 320 321 323 325 327 329 331 333 335 337 339 342 344 346 348 350 352 354 356 358 360 361 363 365 367 369 371 373 375 377 379 384 386 388 390 392 394 396 398 400
a 1 3 5 7 9 11 13 15 17 19 22 24 26 28 30 32 34 36 38 40 41 43 45 47 49 51 53 55 57 59 62 64 66 68 70 72 74 76 78 80 81 83 85 87 89 91 93 95 97 99 102 104 106 108 110 112 114 116 118 120 121 123 125 127 129 131 133 135 137 139 142 144 146 148 150 152 154 156 158 160 161 163 165 167 169 171 173 175 177 179 182 184 186 188 190 192 194 196 198 200 201 203 205 207 209 211 213 215 217 219 222 224 226 228 230 232 234 236 238 240 241 243 245 247 249 251 253 255 257 259 262 264 266 268 270 272 274 276 278 280 281 283 285 287 289 291 293 295 297 299 302 304 306 308 310 312 314 316 318 320 321 323 325 327 329 331 333 335 337 339 342 344 346 348 350 352 354 356 358 360 363 365 367 369 371 373 375 377 379 381 384 386 388 390 392 394 396 398 400
Reconfiguration time = 0.742946
	Command being timed: "timeout 30m ../ddreconf/ddreconf ../instances_pwwt_from_heur_col/grid020x020.pwwt.col --stfile=../benchmark_instances/2023result/docs/solver/benchmark/2022benchmark/benchmark/grid/grid020x020_02_7550.dat --tj --indset --longest"
	User time (seconds): 62.33
	System time (seconds): 2.16
	Percent of CPU this job got: 99%
	Elapsed (wall clock) time (h:mm:ss or m:ss): 1:04.64
	Average shared text size (kbytes): 0
	Average unshared data size (kbytes): 0
	Average stack size (kbytes): 0
	Average total size (kbytes): 0
	Maximum resident set size (kbytes): 4518536
	Average resident set size (kbytes): 0
	Major (requiring I/O) page faults: 0
	Minor (reclaiming a frame) page faults: 59809
	Voluntary context switches: 17
	Involuntary context switches: 83
	Swaps: 0
	File system inputs: 0
	File system outputs: 16
	Socket messages sent: 0
	Socket messages received: 0
	Signals delivered: 0
	Page size (bytes): 4096
	Exit status: 0
