Input graph file parsed. # of vertices = 450, # of edges = 16680
s 20 25 26 33 40 58 68 86 89 90 99 104 144 169 171 192 199 200 202 207 221 227 245 258 269 278 290 303 304 311 314 324 328 335 404 419 432 437 449 444
Solution space ZDD construction start
Command exited with non-zero status 124
	Command being timed: "timeout 30m ../ddreconf/ddreconf ../benchmark_instances/2023result/docs/solver/benchmark/2022benchmark/benchmark/color04/le450_15c.col --stfile=../benchmark_instances/2023result/docs/solver/benchmark/2022benchmark/benchmark/color04/le450_15c_02.dat --tj --indset --longest"
	User time (seconds): 1725.57
	System time (seconds): 70.69
	Percent of CPU this job got: 99%
	Elapsed (wall clock) time (h:mm:ss or m:ss): 30:00.48
	Average shared text size (kbytes): 0
	Average unshared data size (kbytes): 0
	Average stack size (kbytes): 0
	Average total size (kbytes): 0
	Maximum resident set size (kbytes): 144215276
	Average resident set size (kbytes): 0
	Major (requiring I/O) page faults: 0
	Minor (reclaiming a frame) page faults: 2120290
	Voluntary context switches: 97
	Involuntary context switches: 1715
	Swaps: 0
	File system inputs: 0
	File system outputs: 8
	Socket messages sent: 0
	Socket messages received: 0
	Signals delivered: 0
	Page size (bytes): 4096
	Exit status: 124
