Input graph file parsed. # of vertices = 670, # of edges = 780
s 1 4 6 8 10 12 14 17 19 21 23 25 27 30 32 34 36 38 40 43 45 47 49 51 53 56 58 60 62 64 66 69 71 73 75 77 79 82 84 86 88 90 92 95 97 99 101 103 105 108 110 112 114 116 118 121 123 125 127 129 132 134 136 137 139 141 144 146 148 149 151 153 156 158 160 161 163 165 168 170 172 173 175 177 180 182 184 185 187 189 192 194 196 197 199 201 204 206 208 209 211 213 216 218 220 221 223 225 228 230 232 233 235 237 240 242 244 245 247 249 252 254 256 257 259 261 264 266 268 269 271 273 276 278 280 281 283 285 288 290 292 293 295 297 300 302 304 305 307 309 312 314 316 317 319 321 324 326 328 329 331 333 336 338 340 341 343 345 348 350 352 353 355 357 360 362 364 365 367 369 372 374 376 377 379 381 384 386 388 389 391 393 396 398 400 401 403 405 408 410 412 413 415 417 420 422 424 425 427 429 432 434 436 437 439 441 444 446 448 449 451 453 456 458 460 461 463 465 468 470 472 473 475 477 480 482 484 485 487 489 492 494 496 497 499 501 504 506 508 509 511 513 516 518 520 521 523 525 528 530 532 533 535 537 540 542 544 545 547 549 552 554 556 557 559 561 564 566 568 569 571 573 576 578 580 581 583 585 588 590 592 593 595 597 600 602 604 605 607 609 612 614 616 617 619 621 624 626 628 629 631 633 636 638 640 641 643 645 648 650 652 653 655 657 660 662 664 665 667 669
Solution space ZDD construction start
Command exited with non-zero status 124
	Command being timed: "timeout 30m ../ddreconf/ddreconf ../benchmark_instances/2023result/docs/solver/benchmark/exp_instance/LGC_exp_instance010.col --stfile=../benchmark_instances/2023result/docs/solver/benchmark/exp_instance/LGC_exp_instance010_01.dat --tj --indset --longest"
	User time (seconds): 1719.22
	System time (seconds): 77.11
	Percent of CPU this job got: 99%
	Elapsed (wall clock) time (h:mm:ss or m:ss): 30:00.46
	Average shared text size (kbytes): 0
	Average unshared data size (kbytes): 0
	Average stack size (kbytes): 0
	Average total size (kbytes): 0
	Maximum resident set size (kbytes): 153021024
	Average resident set size (kbytes): 0
	Major (requiring I/O) page faults: 0
	Minor (reclaiming a frame) page faults: 1848719
	Voluntary context switches: 72
	Involuntary context switches: 1508
	Swaps: 0
	File system inputs: 0
	File system outputs: 8
	Socket messages sent: 0
	Socket messages received: 0
	Signals delivered: 0
	Page size (bytes): 4096
	Exit status: 124
