Input graph file parsed. # of vertices = 1600, # of edges = 62400
s 7 42 114 141 171 231 263 305 323 379 410 464 516 525 573 614 648 710 726 764 822 860 917 936 986 1017 1069 1113 1158 1175 1218 1319 1347 1372 1401 1472 1520 1548 1595
Solution space ZDD construction start
Command exited with non-zero status 124
	Command being timed: "timeout 30m ../ddreconf/ddreconf ../benchmark_instances/2023result/docs/solver/benchmark/2022benchmark/benchmark/color04/qg.order40.col --stfile=../benchmark_instances/2023result/docs/solver/benchmark/2022benchmark/benchmark/color04/qg.order40_01.dat --tj --indset --longest"
	User time (seconds): 1664.72
	System time (seconds): 132.16
	Percent of CPU this job got: 99%
	Elapsed (wall clock) time (h:mm:ss or m:ss): 30:01.11
	Average shared text size (kbytes): 0
	Average unshared data size (kbytes): 0
	Average stack size (kbytes): 0
	Average total size (kbytes): 0
	Maximum resident set size (kbytes): 265572972
	Average resident set size (kbytes): 0
	Major (requiring I/O) page faults: 0
	Minor (reclaiming a frame) page faults: 3887767
	Voluntary context switches: 49
	Involuntary context switches: 2008
	Swaps: 0
	File system inputs: 0
	File system outputs: 8
	Socket messages sent: 0
	Socket messages received: 0
	Signals delivered: 0
	Page size (bytes): 4096
	Exit status: 124
