Input graph file parsed. # of vertices = 8100, # of edges = 1198830
s 2357 1309 71 3417 2814 2620 3769 1469 1663 2444 989 7116 7834 519 2523 5598 5704 756 2965 1225 7479 7303 1750 6949 3683 1577 3853 4041 6065 3014 4971 676 572 4385 1842 5358 4642 5889 3585 4887 6804 5093 5240 4127 866 4828 5438 1052 6447 1414 5801 2107 426 6633 5535 158 5956 250 3082 342 6153 1108 6330 4304 5181 6271 7717 6492 4488 6719 3470 6847 4220 3181 7028 4740 3322 7215 7391 8094 2273 2786 7565 1915 2068 7741 2186 4590 7922
Solution space ZDD construction start
Command exited with non-zero status 124
	Command being timed: "timeout 30m ../ddreconf/ddreconf ../instances_pwwt_from_heur_col/queen090x090.pwwt.col --stfile=../benchmark_instances/2023result/docs/solver/benchmark/2022benchmark/benchmark/queen/queen090x090_03_9570.dat --tj --indset --longest"
	User time (seconds): 1725.39
	System time (seconds): 71.76
	Percent of CPU this job got: 99%
	Elapsed (wall clock) time (h:mm:ss or m:ss): 30:01.08
	Average shared text size (kbytes): 0
	Average unshared data size (kbytes): 0
	Average stack size (kbytes): 0
	Average total size (kbytes): 0
	Maximum resident set size (kbytes): 136078900
	Average resident set size (kbytes): 0
	Major (requiring I/O) page faults: 0
	Minor (reclaiming a frame) page faults: 5456590
	Voluntary context switches: 44
	Involuntary context switches: 2331
	Swaps: 0
	File system inputs: 0
	File system outputs: 8
	Socket messages sent: 0
	Socket messages received: 0
	Signals delivered: 0
	Page size (bytes): 4096
	Exit status: 124
