Input graph file parsed. # of vertices = 2500, # of edges = 203350
s 40 85 132 186 233 280 321 374 434 469 528 553 606 670 716 764 847 950 977 1044 1091 1149 1196 1243 1257 1348 1389 1437 1462 1515 1579 1625 1672 1710 1773 1842 1888 1918 1954 2011 2063 2117 2159 2205 2281 2301 2376 2402 2495
Solution space ZDD construction start
Command exited with non-zero status 124
	Command being timed: "timeout 30m ../ddreconf/ddreconf ../benchmark_instances/2023result/docs/solver/benchmark/2022benchmark/benchmark/queen/queen050x050.col --stfile=../benchmark_instances/2023result/docs/solver/benchmark/2022benchmark/benchmark/queen/queen050x050_04_9047.dat --tj --indset --longest"
	User time (seconds): 1663.05
	System time (seconds): 134.12
	Percent of CPU this job got: 99%
	Elapsed (wall clock) time (h:mm:ss or m:ss): 30:01.24
	Average shared text size (kbytes): 0
	Average unshared data size (kbytes): 0
	Average stack size (kbytes): 0
	Average total size (kbytes): 0
	Maximum resident set size (kbytes): 268941836
	Average resident set size (kbytes): 0
	Major (requiring I/O) page faults: 0
	Minor (reclaiming a frame) page faults: 4781609
	Voluntary context switches: 68
	Involuntary context switches: 2028
	Swaps: 0
	File system inputs: 0
	File system outputs: 8
	Socket messages sent: 0
	Socket messages received: 0
	Signals delivered: 0
	Page size (bytes): 4096
	Exit status: 124
