Input graph file parsed. # of vertices = 4900, # of edges = 561890
s 55 122 196 231 330 372 539 589 691 736 818 859 937 1000 1073 1146 1220 1267 1392 1460 1472 1610 1677 1697 1791 1851 1958 2011 2089 2163 2184 2297 2354 2449 2516 2578 2655 2713 2754 2810 2873 2958 3043 3088 3189 3257 3325 3376 3442 3554 3617 3674 3735 3826 3882 3963 4018 4098 4136 4215 4283 4351 4419 4485 4590 4621 4694 4802 4894
Solution space ZDD construction start
Command exited with non-zero status 124
	Command being timed: "timeout 30m ../ddreconf/ddreconf ../benchmark_instances/2023result/docs/solver/benchmark/2022benchmark/benchmark/queen/queen070x070.col --stfile=../benchmark_instances/2023result/docs/solver/benchmark/2022benchmark/benchmark/queen/queen070x070_03_1545.dat --tj --indset --longest"
	User time (seconds): 1660.80
	System time (seconds): 136.73
	Percent of CPU this job got: 99%
	Elapsed (wall clock) time (h:mm:ss or m:ss): 30:01.56
	Average shared text size (kbytes): 0
	Average unshared data size (kbytes): 0
	Average stack size (kbytes): 0
	Average total size (kbytes): 0
	Maximum resident set size (kbytes): 269603388
	Average resident set size (kbytes): 0
	Major (requiring I/O) page faults: 0
	Minor (reclaiming a frame) page faults: 6729022
	Voluntary context switches: 26
	Involuntary context switches: 2318
	Swaps: 0
	File system inputs: 0
	File system outputs: 8
	Socket messages sent: 0
	Socket messages received: 0
	Signals delivered: 0
	Page size (bytes): 4096
	Exit status: 124
