Input graph file parsed. # of vertices = 4900, # of edges = 561890
s 55 122 196 213 330 393 465 539 589 691 723 787 860 941 1008 1064 1147 1223 1267 1392 1460 1472 1610 1677 1690 1782 1839 1958 2011 2089 2163 2191 2297 2345 2449 2516 2578 2655 2713 2754 2836 2878 2958 3054 3102 3189 3257 3320 3376 3442 3618 3674 3735 3826 3892 3946 4031 4098 4136 4215 4283 4351 4419 4485 4590 4621 4694 4807 4894
Solution space ZDD construction start
Command exited with non-zero status 124
	Command being timed: "timeout 30m ../ddreconf/ddreconf ../benchmark_instances/2023result/docs/solver/benchmark/2022benchmark/benchmark/queen/queen070x070.col --stfile=../benchmark_instances/2023result/docs/solver/benchmark/2022benchmark/benchmark/queen/queen070x070_02_8683.dat --tj --indset --longest"
	User time (seconds): 1660.48
	System time (seconds): 137.11
	Percent of CPU this job got: 99%
	Elapsed (wall clock) time (h:mm:ss or m:ss): 30:01.59
	Average shared text size (kbytes): 0
	Average unshared data size (kbytes): 0
	Average stack size (kbytes): 0
	Average total size (kbytes): 0
	Maximum resident set size (kbytes): 269680976
	Average resident set size (kbytes): 0
	Major (requiring I/O) page faults: 0
	Minor (reclaiming a frame) page faults: 6732423
	Voluntary context switches: 15
	Involuntary context switches: 2322
	Swaps: 0
	File system inputs: 0
	File system outputs: 8
	Socket messages sent: 0
	Socket messages received: 0
	Signals delivered: 0
	Page size (bytes): 4096
	Exit status: 124
