Input graph file parsed. # of vertices = 6400, # of edges = 840560
s 695 219 3117 301 1475 1623 1937 1844 769 1023 819 1534 4096 505 4742 2471 3944 5386 947 2030 5849 4432 5693 1076 4909 4600 5227 3265 2362 3621 3804 6046 2235 3686 1762 3029 610 1687 3860 1233 1412 4039 3193 2693 4178 454 4283 6201 4365 378 4518 60 3471 5102 4677 2608 4812 144 5007 3576 3426 5154 6377 5290 2868 1128 3350 5615 5771 5599 2954 2556 2268 5925 5512 2158 6081 2800 6291
Solution space ZDD construction start
Command exited with non-zero status 124
	Command being timed: "timeout 30m ../ddreconf/ddreconf ../instances_pwwt_from_heur_col/queen080x080.pwwt.col --stfile=../benchmark_instances/2023result/docs/solver/benchmark/2022benchmark/benchmark/queen/queen080x080_04_4954.dat --tj --indset --longest"
	User time (seconds): 1724.52
	System time (seconds): 72.75
	Percent of CPU this job got: 99%
	Elapsed (wall clock) time (h:mm:ss or m:ss): 30:01.07
	Average shared text size (kbytes): 0
	Average unshared data size (kbytes): 0
	Average stack size (kbytes): 0
	Average total size (kbytes): 0
	Maximum resident set size (kbytes): 139462084
	Average resident set size (kbytes): 0
	Major (requiring I/O) page faults: 0
	Minor (reclaiming a frame) page faults: 5681854
	Voluntary context switches: 83
	Involuntary context switches: 2365
	Swaps: 0
	File system inputs: 0
	File system outputs: 8
	Socket messages sent: 0
	Socket messages received: 0
	Signals delivered: 0
	Page size (bytes): 4096
	Exit status: 124
