Input graph file parsed. # of vertices = 312, # of edges = 936
s 57 58 145 157 163 183 238 127 211 216 224 308 7 26 71 41 5 47 51 301 213 253 168 118 87 303 293 10 106 123 136 125 33 140 226 230 30 62 116 197 73 97 225 12 3 217 277 307 181 249 250 1 175 202 204 239 172 222 93 120 110 201 268 203 298 299 66 281 289 257 24 169 143 50 108 13 61 88 101 122 232 206 96 294 310 236 246 309 275 269 264 312 261 273 244 72 166 151 286 274 306 272 278 242
Solution space ZDD construction start
Command exited with non-zero status 124
	Command being timed: "timeout 30m ../ddreconf/ddreconf ../instances_pwwt_from_heur_col/random_instance024_graph005.pwwt.col --stfile=../benchmark_instances/2023result/docs/solver/benchmark/random_instance/random_instance024_graph005_01.dat --tj --indset --longest"
	User time (seconds): 1727.23
	System time (seconds): 69.37
	Percent of CPU this job got: 99%
	Elapsed (wall clock) time (h:mm:ss or m:ss): 30:00.41
	Average shared text size (kbytes): 0
	Average unshared data size (kbytes): 0
	Average stack size (kbytes): 0
	Average total size (kbytes): 0
	Maximum resident set size (kbytes): 137144060
	Average resident set size (kbytes): 0
	Major (requiring I/O) page faults: 0
	Minor (reclaiming a frame) page faults: 1255773
	Voluntary context switches: 87
	Involuntary context switches: 1265
	Swaps: 0
	File system inputs: 0
	File system outputs: 8
	Socket messages sent: 0
	Socket messages received: 0
	Signals delivered: 0
	Page size (bytes): 4096
	Exit status: 124
