Input graph file parsed. # of vertices = 169, # of edges = 507
s 64 86 105 136 125 163 79 63 94 154 135 12 3 112 9 143 17 1 169 20 6 148 74 51 13 45 72 16 99 61 70 76 113 84 34 109 132 121 152 134 110 28 164 49 40 146 98 57 166 15 150 147
Solution space ZDD construction start
Command exited with non-zero status 124
	Command being timed: "timeout 30m ../ddreconf/ddreconf ../instances_pwwt_from_heur_col/random_instance013_graph004.pwwt.col --stfile=../benchmark_instances/2023result/docs/solver/benchmark/random_instance/random_instance013_graph004_01.dat --tj --indset --longest"
	User time (seconds): 1760.62
	System time (seconds): 36.23
	Percent of CPU this job got: 99%
	Elapsed (wall clock) time (h:mm:ss or m:ss): 30:00.21
	Average shared text size (kbytes): 0
	Average unshared data size (kbytes): 0
	Average stack size (kbytes): 0
	Average total size (kbytes): 0
	Maximum resident set size (kbytes): 70972180
	Average resident set size (kbytes): 0
	Major (requiring I/O) page faults: 0
	Minor (reclaiming a frame) page faults: 788211
	Voluntary context switches: 46
	Involuntary context switches: 981
	Swaps: 0
	File system inputs: 0
	File system outputs: 8
	Socket messages sent: 0
	Socket messages received: 0
	Signals delivered: 0
	Page size (bytes): 4096
	Exit status: 124
