Input graph file parsed. # of vertices = 91, # of edges = 273
s 57 12 13 18 20 21 25 27 28 29 32 36 39 43 44 50 54 55 81 58 62 63 86 68 74 70 72 75 87 85
Solution space ZDD construction start
Command exited with non-zero status 124
	Command being timed: "timeout 30m ../ddreconf/ddreconf ../benchmark_instances/2023result/docs/solver/benchmark/random_instance/random_instance007_graph004.col --stfile=../benchmark_instances/2023result/docs/solver/benchmark/random_instance/random_instance007_graph004_01.dat --tj --indset --longest"
	User time (seconds): 1759.27
	System time (seconds): 37.01
	Percent of CPU this job got: 99%
	Elapsed (wall clock) time (h:mm:ss or m:ss): 30:00.22
	Average shared text size (kbytes): 0
	Average unshared data size (kbytes): 0
	Average stack size (kbytes): 0
	Average total size (kbytes): 0
	Maximum resident set size (kbytes): 72854516
	Average resident set size (kbytes): 0
	Major (requiring I/O) page faults: 0
	Minor (reclaiming a frame) page faults: 767843
	Voluntary context switches: 45
	Involuntary context switches: 1083
	Swaps: 0
	File system inputs: 0
	File system outputs: 8
	Socket messages sent: 0
	Socket messages received: 0
	Signals delivered: 0
	Page size (bytes): 4096
	Exit status: 124
