Input graph file parsed. # of vertices = 247, # of edges = 741
s 31 71 191 1 90 49 146 65 76 91 245 164 123 157 6 87 202 212 206 175 68 57 46 158 182 37 67 184 82 195 100 112 205 77 233 125 120 84 167 203 220 241 119 211 94 131 185 36 229 85 128 16 136 25 18 56 13 142 28 218 70 72 118 155 238 234 54 12 17 240 201 148 187 223 188 193 156 194 222
Solution space ZDD construction start
Command exited with non-zero status 124
	Command being timed: "timeout 30m ../ddreconf/ddreconf ../instances_pwwt_from_heur_col/random_instance019_graph005.pwwt.col --stfile=../benchmark_instances/2023result/docs/solver/benchmark/random_instance/random_instance019_graph005_01.dat --tj --indset --longest"
	User time (seconds): 1727.75
	System time (seconds): 68.99
	Percent of CPU this job got: 99%
	Elapsed (wall clock) time (h:mm:ss or m:ss): 30:00.40
	Average shared text size (kbytes): 0
	Average unshared data size (kbytes): 0
	Average stack size (kbytes): 0
	Average total size (kbytes): 0
	Maximum resident set size (kbytes): 135841188
	Average resident set size (kbytes): 0
	Major (requiring I/O) page faults: 0
	Minor (reclaiming a frame) page faults: 1331733
	Voluntary context switches: 103
	Involuntary context switches: 1222
	Swaps: 0
	File system inputs: 0
	File system outputs: 8
	Socket messages sent: 0
	Socket messages received: 0
	Signals delivered: 0
	Page size (bytes): 4096
	Exit status: 124
