Input graph file parsed. # of vertices = 130, # of edges = 390
s 2 4 6 9 14 21 25 31 34 35 39 41 43 112 47 52 56 57 60 61 62 64 65 67 71 76 105 80 82 103 123 110 130 102 114 125 113 119 126 128 121
Solution space ZDD construction start
Command exited with non-zero status 124
	Command being timed: "timeout 30m ../ddreconf/ddreconf ../benchmark_instances/2023result/docs/solver/benchmark/random_instance/random_instance010_graph001.col --stfile=../benchmark_instances/2023result/docs/solver/benchmark/random_instance/random_instance010_graph001_01.dat --tj --indset --longest"
	User time (seconds): 1758.57
	System time (seconds): 37.73
	Percent of CPU this job got: 99%
	Elapsed (wall clock) time (h:mm:ss or m:ss): 30:00.22
	Average shared text size (kbytes): 0
	Average unshared data size (kbytes): 0
	Average stack size (kbytes): 0
	Average total size (kbytes): 0
	Maximum resident set size (kbytes): 74641920
	Average resident set size (kbytes): 0
	Major (requiring I/O) page faults: 0
	Minor (reclaiming a frame) page faults: 834938
	Voluntary context switches: 68
	Involuntary context switches: 1102
	Swaps: 0
	File system inputs: 0
	File system outputs: 8
	Socket messages sent: 0
	Socket messages received: 0
	Signals delivered: 0
	Page size (bytes): 4096
	Exit status: 124
