Input graph file parsed. # of vertices = 156, # of edges = 468
s 4 7 12 16 19 20 21 24 30 32 36 37 65 42 43 50 51 52 53 57 64 61 62 72 76 79 80 83 112 87 121 108 100 101 102 103 104 142 109 114 117 118 138 125 126 129 154 151 145 152 150 149 148 155
Solution space ZDD construction start
Command exited with non-zero status 124
	Command being timed: "timeout 30m ../ddreconf/ddreconf ../benchmark_instances/2023result/docs/solver/benchmark/random_instance/random_instance012_graph001.col --stfile=../benchmark_instances/2023result/docs/solver/benchmark/random_instance/random_instance012_graph001_01.dat --tj --indset --longest"
	User time (seconds): 1759.79
	System time (seconds): 36.60
	Percent of CPU this job got: 99%
	Elapsed (wall clock) time (h:mm:ss or m:ss): 30:00.22
	Average shared text size (kbytes): 0
	Average unshared data size (kbytes): 0
	Average stack size (kbytes): 0
	Average total size (kbytes): 0
	Maximum resident set size (kbytes): 72591672
	Average resident set size (kbytes): 0
	Major (requiring I/O) page faults: 0
	Minor (reclaiming a frame) page faults: 840843
	Voluntary context switches: 56
	Involuntary context switches: 1065
	Swaps: 0
	File system inputs: 0
	File system outputs: 8
	Socket messages sent: 0
	Socket messages received: 0
	Signals delivered: 0
	Page size (bytes): 4096
	Exit status: 124
