Input graph file parsed. # of vertices = 156, # of edges = 468
s 2 4 6 9 11 15 21 27 30 33 34 39 42 47 52 53 54 62 63 69 73 76 77 85 82 87 102 121 95 101 141 106 146 110 114 124 154 122 130 126 129 131 132 147 148 153
Solution space ZDD construction start
Command exited with non-zero status 124
	Command being timed: "timeout 30m ../ddreconf/ddreconf ../benchmark_instances/2023result/docs/solver/benchmark/random_instance/random_instance012_graph003.col --stfile=../benchmark_instances/2023result/docs/solver/benchmark/random_instance/random_instance012_graph003_01.dat --tj --indset --longest"
	User time (seconds): 1728.29
	System time (seconds): 68.15
	Percent of CPU this job got: 99%
	Elapsed (wall clock) time (h:mm:ss or m:ss): 30:00.40
	Average shared text size (kbytes): 0
	Average unshared data size (kbytes): 0
	Average stack size (kbytes): 0
	Average total size (kbytes): 0
	Maximum resident set size (kbytes): 134928244
	Average resident set size (kbytes): 0
	Major (requiring I/O) page faults: 0
	Minor (reclaiming a frame) page faults: 1064949
	Voluntary context switches: 65
	Involuntary context switches: 1210
	Swaps: 0
	File system inputs: 0
	File system outputs: 8
	Socket messages sent: 0
	Socket messages received: 0
	Signals delivered: 0
	Page size (bytes): 4096
	Exit status: 124
