Input graph file parsed. # of vertices = 91, # of edges = 273
s 13 6 20 15 46 45 56 33 29 18 31 43 79 12 17 86 50 87 77 76 88 11 85 58 9 34 72 81 36 82 47 91
Solution space ZDD construction start
Solution space ZDD construction end
Solution space ZDD construction time = 163.985152
Solution space ZDD size = 3334915
# of elements in the solution space = 942068520920506
Start searching the longest reconfiguration sequence
Step 1 time = 0.000268, # ZDD nodes = 164, # elems = 17
Step 2 time = 0.001771, # ZDD nodes = 676, # elems = 499
Step 3 time = 0.012182, # ZDD nodes = 2540, # elems = 7491
Step 4 time = 0.060803, # ZDD nodes = 7928, # elems = 77118
Step 5 time = 0.228016, # ZDD nodes = 21029, # elems = 587400
Step 6 time = 0.795549, # ZDD nodes = 48859, # elems = 3318459
Step 7 time = 2.434318, # ZDD nodes = 101592, # elems = 14261577
Step 8 time = 8.619729, # ZDD nodes = 190985, # elems = 46904466
Step 9 time = 16.243786, # ZDD nodes = 324590, # elems = 117199890
Step 10 time = 34.365425, # ZDD nodes = 499886, # elems = 220038882
Step 11 time = 63.517982, # ZDD nodes = 697771, # elems = 308371406
Step 12 time = 84.892590, # ZDD nodes = 879457, # elems = 323213025
Step 13 time = 120.151507, # ZDD nodes = 998887, # elems = 256508338
Step 14 time = 158.804009, # ZDD nodes = 1018415, # elems = 157938684
Step 15 time = 115.328305, # ZDD nodes = 927689, # elems = 78154245
Step 16 time = 91.029070, # ZDD nodes = 750498, # elems = 32307276
Step 17 time = 58.960067, # ZDD nodes = 535519, # elems = 11531795
Step 18 time = 33.209919, # ZDD nodes = 333911, # elems = 3643272
Step 19 time = 14.716831, # ZDD nodes = 179753, # elems = 1025772
Step 20 time = 8.290577, # ZDD nodes = 83187, # elems = 249054
Step 21 time = 1.887915, # ZDD nodes = 32742, # elems = 48053
Step 22 time = 0.475716, # ZDD nodes = 10540, # elems = 6478
Step 23 time = 0.097420, # ZDD nodes = 2354, # elems = 493
Step 24 time = 0.010787, # ZDD nodes = 207, # elems = 16
Step 25 time = 0.000416, # ZDD nodes = 0, # elems = 0
a 6 9 11 12 13 15 17 18 20 29 31 33 34 36 43 45 46 47 50 56 58 72 76 77 79 81 82 85 86 87 88 91
a 6 11 12 13 15 17 18 20 29 31 33 34 36 43 45 46 47 50 56 58 65 72 76 77 79 81 82 85 86 87 88 91
a 11 12 13 15 17 18 20 29 31 33 34 36 43 45 46 47 50 56 58 62 65 72 76 77 79 81 82 85 86 87 88 91
a 12 13 15 17 18 20 27 29 31 33 34 36 43 45 46 47 50 56 58 62 65 72 76 77 79 81 82 85 86 87 88 91
a 13 15 17 18 20 27 29 31 33 34 36 43 45 46 47 50 56 58 62 65 70 72 76 77 79 81 82 85 86 87 88 91
a 13 15 17 18 20 27 29 31 33 34 36 43 45 46 47 50 56 57 58 62 65 70 76 77 79 81 82 85 86 87 88 91
a 13 15 17 18 20 27 29 33 34 36 43 45 46 47 49 50 56 57 58 62 65 70 76 77 79 81 82 85 86 87 88 91
a 13 15 17 18 20 27 29 33 34 36 43 45 46 47 49 50 56 57 60 62 65 70 76 77 79 81 82 85 86 87 88 91
a 13 15 17 18 20 21 27 29 33 34 36 43 45 46 47 49 50 56 57 60 62 65 70 76 77 79 81 82 86 87 88 91
a 13 15 17 18 20 21 27 29 33 34 36 43 45 46 47 49 50 56 57 60 62 65 70 76 79 81 82 86 87 88 90 91
a 13 15 17 18 20 21 22 27 29 33 34 36 43 45 46 47 49 50 56 57 60 62 65 70 76 79 81 82 86 88 90 91
a 3 13 15 18 20 21 22 27 29 33 34 36 43 45 46 47 49 50 56 57 60 62 65 70 76 79 81 82 86 88 90 91
a 3 13 15 18 20 21 22 27 29 32 33 34 36 43 45 46 47 49 50 56 57 60 62 65 70 76 79 81 82 88 90 91
a 3 13 15 18 19 20 21 22 27 32 33 34 36 43 45 46 47 49 50 56 57 60 62 65 70 76 79 81 82 88 90 91
a 3 13 14 15 19 20 21 22 27 32 33 34 36 43 45 46 47 49 50 56 57 60 62 65 70 76 79 81 82 88 90 91
a 3 4 13 14 15 19 20 21 22 27 32 33 34 43 45 46 47 49 50 56 57 60 62 65 70 76 79 81 82 88 90 91
a 3 4 10 13 14 15 19 20 21 22 27 32 34 43 45 46 47 49 50 56 57 60 62 65 70 76 79 81 82 88 90 91
a 3 4 10 13 14 15 19 20 21 22 27 32 34 40 43 45 46 47 49 56 57 60 62 65 70 76 79 81 82 88 90 91
a 3 4 10 13 14 15 19 20 21 22 27 32 34 40 43 45 46 47 49 54 56 57 60 62 65 70 76 81 82 88 90 91
a 3 4 10 13 14 15 19 20 21 22 27 32 34 40 43 45 46 47 48 49 54 57 60 62 65 70 76 81 82 88 90 91
a 3 4 10 13 14 15 19 20 21 22 27 32 34 40 42 43 45 46 47 48 49 54 57 60 62 65 70 76 81 88 90 91
a 3 4 10 13 14 19 20 21 22 27 32 34 40 42 43 45 46 47 48 49 51 54 57 60 62 65 70 76 81 88 90 91
a 3 4 10 13 14 19 20 21 22 27 32 34 40 42 43 45 47 48 49 51 54 57 60 62 65 69 70 76 81 88 90 91
a 3 4 10 13 14 19 21 22 25 27 32 34 40 42 43 45 47 48 49 51 54 57 60 62 65 69 70 76 81 88 90 91
a 3 4 10 14 19 21 22 25 27 28 32 34 40 42 43 45 47 48 49 51 54 57 60 62 65 69 70 76 81 88 90 91
Reconfiguration time = 816.306499
	Command being timed: "timeout 30m ../ddreconf/ddreconf ../instances_pwwt_from_heur_col/random_instance007_graph003.pwwt.col --stfile=../benchmark_instances/2023result/docs/solver/benchmark/random_instance/random_instance007_graph003_01.dat --tj --indset --longest"
	User time (seconds): 961.62
	System time (seconds): 18.06
	Percent of CPU this job got: 99%
	Elapsed (wall clock) time (h:mm:ss or m:ss): 16:21.79
	Average shared text size (kbytes): 0
	Average unshared data size (kbytes): 0
	Average stack size (kbytes): 0
	Average total size (kbytes): 0
	Maximum resident set size (kbytes): 36223636
	Average resident set size (kbytes): 0
	Major (requiring I/O) page faults: 0
	Minor (reclaiming a frame) page faults: 310570
	Voluntary context switches: 64
	Involuntary context switches: 731
	Swaps: 0
	File system inputs: 0
	File system outputs: 128
	Socket messages sent: 0
	Socket messages received: 0
	Signals delivered: 0
	Page size (bytes): 4096
	Exit status: 0
