Input graph file parsed. # of vertices = 234, # of edges = 702
s 63 101 187 198 223 2 102 115 27 124 60 61 40 104 113 23 175 15 216 33 86 14 200 1 137 29 79 195 74 157 181 9 184 188 25 225 41 98 156 46 93 155 139 65 108 204 176 22 4 105 152 217 126 135 141 131 67 186 221 193 133 32 199 11 42 90 224 172 122 149 170 177 220 120
Solution space ZDD construction start
Command exited with non-zero status 124
	Command being timed: "timeout 30m ../ddreconf/ddreconf ../instances_pwwt_from_heur_col/random_instance018_graph003.pwwt.col --stfile=../benchmark_instances/2023result/docs/solver/benchmark/random_instance/random_instance018_graph003_01.dat --tj --indset --longest"
	User time (seconds): 1728.74
	System time (seconds): 68.20
	Percent of CPU this job got: 99%
	Elapsed (wall clock) time (h:mm:ss or m:ss): 30:00.39
	Average shared text size (kbytes): 0
	Average unshared data size (kbytes): 0
	Average stack size (kbytes): 0
	Average total size (kbytes): 0
	Maximum resident set size (kbytes): 133598976
	Average resident set size (kbytes): 0
	Major (requiring I/O) page faults: 0
	Minor (reclaiming a frame) page faults: 985443
	Voluntary context switches: 45
	Involuntary context switches: 1080
	Swaps: 0
	File system inputs: 0
	File system outputs: 8
	Socket messages sent: 0
	Socket messages received: 0
	Signals delivered: 0
	Page size (bytes): 4096
	Exit status: 124
