Input graph file parsed. # of vertices = 117, # of edges = 351
s 85 10 11 12 20 21 26 28 29 109 35 36 39 43 47 48 51 55 58 63 91 65 69 70 73 75 79 113 86 92 93 117 106 112 99 102 114 116
Solution space ZDD construction start
Command exited with non-zero status 124
	Command being timed: "timeout 30m ../ddreconf/ddreconf ../benchmark_instances/2023result/docs/solver/benchmark/random_instance/random_instance009_graph002.col --stfile=../benchmark_instances/2023result/docs/solver/benchmark/random_instance/random_instance009_graph002_01.dat --tj --indset --longest"
	User time (seconds): 1727.29
	System time (seconds): 69.15
	Percent of CPU this job got: 99%
	Elapsed (wall clock) time (h:mm:ss or m:ss): 30:00.40
	Average shared text size (kbytes): 0
	Average unshared data size (kbytes): 0
	Average stack size (kbytes): 0
	Average total size (kbytes): 0
	Maximum resident set size (kbytes): 136281376
	Average resident set size (kbytes): 0
	Major (requiring I/O) page faults: 0
	Minor (reclaiming a frame) page faults: 1060127
	Voluntary context switches: 82
	Involuntary context switches: 1335
	Swaps: 0
	File system inputs: 0
	File system outputs: 8
	Socket messages sent: 0
	Socket messages received: 0
	Signals delivered: 0
	Page size (bytes): 4096
	Exit status: 124
