Input graph file parsed. # of vertices = 468, # of edges = 1404
s 15 73 186 364 16 20 43 313 108 156 250 158 130 167 397 19 233 195 242 59 277 28 346 83 86 93 109 447 131 46 52 71 68 40 96 304 11 137 173 229 274 154 415 263 355 155 438 133 352 371 273 366 399 45 132 197 208 74 449 468 57 162 199 460 6 152 36 223 63 129 102 248 254 296 431 105 341 343 188 56 76 210 423 377 435 153 247 14 5 310 106 266 161 416 218 281 4 269 286 395 297 27 311 325 193 251 17 320 349 428 24 291 446 456 1 306 265 388 331 452 135 441 282 119 295 398 194 244 436 467 294 35 450 212 334 329 386 92 444 459 396 451 279 379 410 411 88 419 461 287 365 373
Solution space ZDD construction start
Command exited with non-zero status 124
	Command being timed: "timeout 30m ../ddreconf/ddreconf ../instances_pwwt_from_heur_col/random_instance036_graph004.pwwt.col --stfile=../benchmark_instances/2023result/docs/solver/benchmark/random_instance/random_instance036_graph004_01.dat --tj --indset --longest"
	User time (seconds): 1724.05
	System time (seconds): 72.32
	Percent of CPU this job got: 99%
	Elapsed (wall clock) time (h:mm:ss or m:ss): 30:00.43
	Average shared text size (kbytes): 0
	Average unshared data size (kbytes): 0
	Average stack size (kbytes): 0
	Average total size (kbytes): 0
	Maximum resident set size (kbytes): 143848492
	Average resident set size (kbytes): 0
	Major (requiring I/O) page faults: 0
	Minor (reclaiming a frame) page faults: 1392821
	Voluntary context switches: 131
	Involuntary context switches: 1342
	Swaps: 0
	File system inputs: 0
	File system outputs: 8
	Socket messages sent: 0
	Socket messages received: 0
	Signals delivered: 0
	Page size (bytes): 4096
	Exit status: 124
