Input graph file parsed. # of vertices = 325, # of edges = 975
s 195 3 4 6 7 8 11 12 13 19 20 21 28 29 31 34 35 39 45 48 55 59 62 71 76 80 81 84 85 89 91 92 94 96 97 99 103 106 292 110 118 119 249 128 158 130 136 138 144 147 149 151 193 302 160 161 163 187 169 172 174 175 176 178 179 181 185 191 262 243 277 201 202 207 208 220 221 223 225 228 306 237 239 293 244 246 251 311 258 266 323 322 269 273 274 319 280 281 287 308 289 297 298 301 307 318
Solution space ZDD construction start
Command exited with non-zero status 124
	Command being timed: "timeout 30m ../ddreconf/ddreconf ../benchmark_instances/2023result/docs/solver/benchmark/random_instance/random_instance025_graph001.col --stfile=../benchmark_instances/2023result/docs/solver/benchmark/random_instance/random_instance025_graph001_01.dat --tj --indset --longest"
	User time (seconds): 1728.86
	System time (seconds): 67.53
	Percent of CPU this job got: 99%
	Elapsed (wall clock) time (h:mm:ss or m:ss): 30:00.41
	Average shared text size (kbytes): 0
	Average unshared data size (kbytes): 0
	Average stack size (kbytes): 0
	Average total size (kbytes): 0
	Maximum resident set size (kbytes): 135250280
	Average resident set size (kbytes): 0
	Major (requiring I/O) page faults: 0
	Minor (reclaiming a frame) page faults: 1219137
	Voluntary context switches: 85
	Involuntary context switches: 1233
	Swaps: 0
	File system inputs: 0
	File system outputs: 8
	Socket messages sent: 0
	Socket messages received: 0
	Signals delivered: 0
	Page size (bytes): 4096
	Exit status: 124
