Input graph file parsed. # of vertices = 156, # of edges = 468
s 145 6 10 11 12 15 19 20 23 24 27 29 40 46 47 49 149 62 150 81 65 66 70 72 73 74 76 83 93 112 98 104 105 106 138 108 115 116 142 121 126 152 148 133 135 137 144
Solution space ZDD construction start
Command exited with non-zero status 124
	Command being timed: "timeout 30m ../ddreconf/ddreconf ../benchmark_instances/2023result/docs/solver/benchmark/random_instance/random_instance012_graph004.col --stfile=../benchmark_instances/2023result/docs/solver/benchmark/random_instance/random_instance012_graph004_01.dat --tj --indset --longest"
	User time (seconds): 1758.92
	System time (seconds): 37.44
	Percent of CPU this job got: 99%
	Elapsed (wall clock) time (h:mm:ss or m:ss): 30:00.23
	Average shared text size (kbytes): 0
	Average unshared data size (kbytes): 0
	Average stack size (kbytes): 0
	Average total size (kbytes): 0
	Maximum resident set size (kbytes): 74690728
	Average resident set size (kbytes): 0
	Major (requiring I/O) page faults: 0
	Minor (reclaiming a frame) page faults: 980436
	Voluntary context switches: 68
	Involuntary context switches: 1138
	Swaps: 0
	File system inputs: 0
	File system outputs: 8
	Socket messages sent: 0
	Socket messages received: 0
	Signals delivered: 0
	Page size (bytes): 4096
	Exit status: 124
