Input graph file parsed. # of vertices = 364, # of edges = 1092
s 3 7 8 9 12 13 14 20 25 26 29 30 32 33 36 42 46 48 176 51 360 65 66 68 208 73 77 78 85 86 87 88 95 96 99 102 104 106 107 108 111 114 189 117 118 119 121 122 123 128 131 132 133 205 137 143 145 150 153 162 165 168 170 175 185 183 336 186 192 195 201 295 215 216 255 249 223 224 225 230 231 240 241 244 245 246 354 298 259 260 319 270 297 274 317 282 281 283 311 305 289 290 293 296 359 316 327 309 310 338 337 356 352 333 334 345
Solution space ZDD construction start
Command exited with non-zero status 124
	Command being timed: "timeout 30m ../ddreconf/ddreconf ../benchmark_instances/2023result/docs/solver/benchmark/random_instance/random_instance028_graph003.col --stfile=../benchmark_instances/2023result/docs/solver/benchmark/random_instance/random_instance028_graph003_01.dat --tj --indset --longest"
	User time (seconds): 1730.03
	System time (seconds): 66.25
	Percent of CPU this job got: 99%
	Elapsed (wall clock) time (h:mm:ss or m:ss): 30:00.41
	Average shared text size (kbytes): 0
	Average unshared data size (kbytes): 0
	Average stack size (kbytes): 0
	Average total size (kbytes): 0
	Maximum resident set size (kbytes): 132975724
	Average resident set size (kbytes): 0
	Major (requiring I/O) page faults: 0
	Minor (reclaiming a frame) page faults: 1263889
	Voluntary context switches: 83
	Involuntary context switches: 1203
	Swaps: 0
	File system inputs: 0
	File system outputs: 8
	Socket messages sent: 0
	Socket messages received: 0
	Signals delivered: 0
	Page size (bytes): 4096
	Exit status: 124
