Input graph file parsed. # of vertices = 481, # of edges = 1443
s 1 3 311 8 9 11 14 16 17 20 24 25 27 28 30 32 37 39 42 44 45 49 50 53 55 56 57 60 62 63 64 65 66 68 71 73 75 76 78 80 84 88 89 92 93 94 95 98 99 100 103 109 112 115 121 322 137 247 144 147 148 155 156 157 160 434 166 169 170 171 175 177 180 182 184 195 196 202 205 208 209 210 212 215 216 217 221 224 226 287 233 235 241 242 244 455 354 257 325 274 275 381 277 278 279 280 281 480 293 294 424 297 302 303 304 305 308 309 312 314 316 317 319 320 321 323 324 330 445 340 343 426 347 352 357 364 385 368 369 479 400 377 380 384 453 478 398 475 458 449 457 461 423 428 435 437 474 443 456 463
Solution space ZDD construction start
Command exited with non-zero status 124
	Command being timed: "timeout 30m ../ddreconf/ddreconf ../benchmark_instances/2023result/docs/solver/benchmark/random_instance/random_instance037_graph003.col --stfile=../benchmark_instances/2023result/docs/solver/benchmark/random_instance/random_instance037_graph003_01.dat --tj --indset --longest"
	User time (seconds): 1728.82
	System time (seconds): 67.51
	Percent of CPU this job got: 99%
	Elapsed (wall clock) time (h:mm:ss or m:ss): 30:00.46
	Average shared text size (kbytes): 0
	Average unshared data size (kbytes): 0
	Average stack size (kbytes): 0
	Average total size (kbytes): 0
	Maximum resident set size (kbytes): 136937472
	Average resident set size (kbytes): 0
	Major (requiring I/O) page faults: 0
	Minor (reclaiming a frame) page faults: 1693066
	Voluntary context switches: 90
	Involuntary context switches: 1308
	Swaps: 0
	File system inputs: 0
	File system outputs: 8
	Socket messages sent: 0
	Socket messages received: 0
	Signals delivered: 0
	Page size (bytes): 4096
	Exit status: 124
