Input graph file parsed. # of vertices = 247, # of edges = 741
s 71 150 200 240 23 218 120 68 97 15 91 133 112 30 5 166 74 123 26 119 167 32 104 50 16 179 58 28 175 134 210 19 152 149 231 118 234 212 113 229 173 192 180 107 31 59 99 43 37 185 106 9 14 81 230 162 193 238 116 228 207 67 142 233 111 168 183 76 172 219 153 213 78 165 187 190 217 205 164
Solution space ZDD construction start
Command exited with non-zero status 124
	Command being timed: "timeout 30m ../ddreconf/ddreconf ../instances_pwwt_from_heur_col/random_instance019_graph003.pwwt.col --stfile=../benchmark_instances/2023result/docs/solver/benchmark/random_instance/random_instance019_graph003_01.dat --tj --indset --longest"
	User time (seconds): 1727.51
	System time (seconds): 69.39
	Percent of CPU this job got: 99%
	Elapsed (wall clock) time (h:mm:ss or m:ss): 30:00.40
	Average shared text size (kbytes): 0
	Average unshared data size (kbytes): 0
	Average stack size (kbytes): 0
	Average total size (kbytes): 0
	Maximum resident set size (kbytes): 136332944
	Average resident set size (kbytes): 0
	Major (requiring I/O) page faults: 0
	Minor (reclaiming a frame) page faults: 1187620
	Voluntary context switches: 82
	Involuntary context switches: 1193
	Swaps: 0
	File system inputs: 0
	File system outputs: 8
	Socket messages sent: 0
	Socket messages received: 0
	Signals delivered: 0
	Page size (bytes): 4096
	Exit status: 124
