Input graph file parsed. # of vertices = 104, # of edges = 312
s 1 2 5 14 16 18 27 28 29 30 33 35 36 70 40 41 44 67 47 48 53 54 57 58 63 64 71 76 78 92 83 91 90 93 97 104 103
Solution space ZDD construction start
Command exited with non-zero status 124
	Command being timed: "timeout 30m ../ddreconf/ddreconf ../benchmark_instances/2023result/docs/solver/benchmark/random_instance/random_instance008_graph005.col --stfile=../benchmark_instances/2023result/docs/solver/benchmark/random_instance/random_instance008_graph005_01.dat --tj --indset --longest"
	User time (seconds): 1727.96
	System time (seconds): 68.52
	Percent of CPU this job got: 99%
	Elapsed (wall clock) time (h:mm:ss or m:ss): 30:00.40
	Average shared text size (kbytes): 0
	Average unshared data size (kbytes): 0
	Average stack size (kbytes): 0
	Average total size (kbytes): 0
	Maximum resident set size (kbytes): 134880568
	Average resident set size (kbytes): 0
	Major (requiring I/O) page faults: 0
	Minor (reclaiming a frame) page faults: 955330
	Voluntary context switches: 36
	Involuntary context switches: 1228
	Swaps: 0
	File system inputs: 0
	File system outputs: 8
	Socket messages sent: 0
	Socket messages received: 0
	Signals delivered: 0
	Page size (bytes): 4096
	Exit status: 124
