Input graph file parsed. # of vertices = 117, # of edges = 351
s 16 76 72 39 3 8 114 34 20 14 55 15 32 69 112 117 60 104 99 2 19 70 50 85 24 102 77 68 106 116 95 92 63 80 83 94 108 75
Solution space ZDD construction start
Command exited with non-zero status 124
	Command being timed: "timeout 30m ../ddreconf/ddreconf ../instances_pwwt_from_heur_col/random_instance009_graph005.pwwt.col --stfile=../benchmark_instances/2023result/docs/solver/benchmark/random_instance/random_instance009_graph005_01.dat --tj --indset --longest"
	User time (seconds): 1759.94
	System time (seconds): 36.77
	Percent of CPU this job got: 99%
	Elapsed (wall clock) time (h:mm:ss or m:ss): 30:00.21
	Average shared text size (kbytes): 0
	Average unshared data size (kbytes): 0
	Average stack size (kbytes): 0
	Average total size (kbytes): 0
	Maximum resident set size (kbytes): 72033516
	Average resident set size (kbytes): 0
	Major (requiring I/O) page faults: 0
	Minor (reclaiming a frame) page faults: 693741
	Voluntary context switches: 40
	Involuntary context switches: 1045
	Swaps: 0
	File system inputs: 0
	File system outputs: 8
	Socket messages sent: 0
	Socket messages received: 0
	Signals delivered: 0
	Page size (bytes): 4096
	Exit status: 124
