Input graph file parsed. # of vertices = 455, # of edges = 1365
s 1 253 266 286 5 255 43 123 167 34 229 282 180 217 294 179 415 334 307 45 19 121 50 192 174 25 134 251 329 267 189 292 233 199 332 242 170 17 9 21 182 258 6 396 157 140 162 209 38 181 335 264 354 155 328 395 404 356 316 355 318 4 381 166 270 107 438 296 370 211 171 437 95 435 243 275 35 125 48 85 444 234 172 240 259 151 137 387 285 128 110 327 414 419 271 60 3 105 203 313 194 62 15 102 452 449 280 400 361 331 168 261 76 447 358 429 139 385 402 269 69 190 87 322 349 40 436 408 59 236 314 390 75 375 333 216 165 409 250
Solution space ZDD construction start
Command exited with non-zero status 124
	Command being timed: "timeout 30m ../ddreconf/ddreconf ../instances_pwwt_from_heur_col/random_instance035_graph003.pwwt.col --stfile=../benchmark_instances/2023result/docs/solver/benchmark/random_instance/random_instance035_graph003_01.dat --tj --indset --longest"
	User time (seconds): 1727.69
	System time (seconds): 68.82
	Percent of CPU this job got: 99%
	Elapsed (wall clock) time (h:mm:ss or m:ss): 30:00.41
	Average shared text size (kbytes): 0
	Average unshared data size (kbytes): 0
	Average stack size (kbytes): 0
	Average total size (kbytes): 0
	Maximum resident set size (kbytes): 136908436
	Average resident set size (kbytes): 0
	Major (requiring I/O) page faults: 0
	Minor (reclaiming a frame) page faults: 1223774
	Voluntary context switches: 108
	Involuntary context switches: 1085
	Swaps: 0
	File system inputs: 0
	File system outputs: 8
	Socket messages sent: 0
	Socket messages received: 0
	Signals delivered: 0
	Page size (bytes): 4096
	Exit status: 124
