Input graph file parsed. # of vertices = 273, # of edges = 819
s 157 195 213 23 32 37 38 51 69 70 126 267 75 215 114 3 190 200 80 120 182 199 78 91 85 273 88 58 98 168 19 256 186 264 90 205 143 176 183 225 235 13 175 24 73 97 20 48 270 255 84 104 83 203 56 193 50 72 44 112 251 265 148 59 127 241 52 239 170 233 154 95 257 212 228 252 132 147 144 229 63 218 237 223 173 234 240 245
Solution space ZDD construction start
Command exited with non-zero status 124
	Command being timed: "timeout 30m ../ddreconf/ddreconf ../instances_pwwt_from_heur_col/random_instance021_graph003.pwwt.col --stfile=../benchmark_instances/2023result/docs/solver/benchmark/random_instance/random_instance021_graph003_01.dat --tj --indset --longest"
	User time (seconds): 1725.28
	System time (seconds): 71.54
	Percent of CPU this job got: 99%
	Elapsed (wall clock) time (h:mm:ss or m:ss): 30:00.41
	Average shared text size (kbytes): 0
	Average unshared data size (kbytes): 0
	Average stack size (kbytes): 0
	Average total size (kbytes): 0
	Maximum resident set size (kbytes): 140380712
	Average resident set size (kbytes): 0
	Major (requiring I/O) page faults: 0
	Minor (reclaiming a frame) page faults: 1472883
	Voluntary context switches: 83
	Involuntary context switches: 1291
	Swaps: 0
	File system inputs: 0
	File system outputs: 8
	Socket messages sent: 0
	Socket messages received: 0
	Signals delivered: 0
	Page size (bytes): 4096
	Exit status: 124
