Input graph file parsed. # of vertices = 117, # of edges = 351
s 2 3 8 9 18 19 20 21 22 23 25 31 32 33 34 36 38 108 42 43 45 46 47 50 53 59 60 65 71 85 86 76 78 82 104 98 99 100
Solution space ZDD construction start
Command exited with non-zero status 124
	Command being timed: "timeout 30m ../ddreconf/ddreconf ../benchmark_instances/2023result/docs/solver/benchmark/random_instance/random_instance009_graph003.col --stfile=../benchmark_instances/2023result/docs/solver/benchmark/random_instance/random_instance009_graph003_01.dat --tj --indset --longest"
	User time (seconds): 1759.01
	System time (seconds): 37.32
	Percent of CPU this job got: 99%
	Elapsed (wall clock) time (h:mm:ss or m:ss): 30:00.22
	Average shared text size (kbytes): 0
	Average unshared data size (kbytes): 0
	Average stack size (kbytes): 0
	Average total size (kbytes): 0
	Maximum resident set size (kbytes): 73485808
	Average resident set size (kbytes): 0
	Major (requiring I/O) page faults: 0
	Minor (reclaiming a frame) page faults: 863083
	Voluntary context switches: 69
	Involuntary context switches: 1124
	Swaps: 0
	File system inputs: 0
	File system outputs: 8
	Socket messages sent: 0
	Socket messages received: 0
	Signals delivered: 0
	Page size (bytes): 4096
	Exit status: 124
