Input graph file parsed. # of vertices = 377, # of edges = 1131
s 4 9 11 14 23 30 31 38 40 41 43 45 46 52 57 58 59 63 144 72 75 78 79 81 86 91 92 94 95 98 113 102 106 112 117 120 121 123 125 126 127 130 133 134 140 143 145 147 148 150 152 349 156 162 163 165 168 175 251 177 179 182 185 193 195 196 198 202 203 205 214 215 218 219 221 223 224 225 226 346 231 238 239 241 243 244 245 365 253 334 256 257 374 263 266 272 277 278 279 281 284 289 330 293 314 337 341 301 299 306 308 317 320 369 375 357 327 355 329 331 335 343 338 358 377
Solution space ZDD construction start
Command exited with non-zero status 124
	Command being timed: "timeout 30m ../ddreconf/ddreconf ../benchmark_instances/2023result/docs/solver/benchmark/random_instance/random_instance029_graph002.col --stfile=../benchmark_instances/2023result/docs/solver/benchmark/random_instance/random_instance029_graph002_01.dat --tj --indset --longest"
	User time (seconds): 1730.19
	System time (seconds): 66.28
	Percent of CPU this job got: 99%
	Elapsed (wall clock) time (h:mm:ss or m:ss): 30:00.41
	Average shared text size (kbytes): 0
	Average unshared data size (kbytes): 0
	Average stack size (kbytes): 0
	Average total size (kbytes): 0
	Maximum resident set size (kbytes): 134584980
	Average resident set size (kbytes): 0
	Major (requiring I/O) page faults: 0
	Minor (reclaiming a frame) page faults: 1088886
	Voluntary context switches: 63
	Involuntary context switches: 1156
	Swaps: 0
	File system inputs: 0
	File system outputs: 8
	Socket messages sent: 0
	Socket messages received: 0
	Signals delivered: 0
	Page size (bytes): 4096
	Exit status: 124
