Input graph file parsed. # of vertices = 117, # of edges = 351
s 8 47 29 94 18 69 102 86 2 23 85 82 53 92 76 20 40 39 93 58 26 96 21 68 38 7 81 13 117 79 91 5 112 115
Solution space ZDD construction start
Command exited with non-zero status 124
	Command being timed: "timeout 30m ../ddreconf/ddreconf ../instances_pwwt_from_heur_col/random_instance009_graph004.pwwt.col --stfile=../benchmark_instances/2023result/docs/solver/benchmark/random_instance/random_instance009_graph004_01.dat --tj --indset --longest"
	User time (seconds): 1759.35
	System time (seconds): 37.45
	Percent of CPU this job got: 99%
	Elapsed (wall clock) time (h:mm:ss or m:ss): 30:00.21
	Average shared text size (kbytes): 0
	Average unshared data size (kbytes): 0
	Average stack size (kbytes): 0
	Average total size (kbytes): 0
	Maximum resident set size (kbytes): 73186968
	Average resident set size (kbytes): 0
	Major (requiring I/O) page faults: 0
	Minor (reclaiming a frame) page faults: 770823
	Voluntary context switches: 47
	Involuntary context switches: 1058
	Swaps: 0
	File system inputs: 0
	File system outputs: 8
	Socket messages sent: 0
	Socket messages received: 0
	Signals delivered: 0
	Page size (bytes): 4096
	Exit status: 124
