Input graph file parsed. # of vertices = 442, # of edges = 1326
s 1 5 9 10 12 13 23 24 27 38 41 44 45 49 52 54 55 56 57 58 61 64 69 70 81 83 84 85 88 90 99 106 107 110 111 112 117 121 124 125 128 131 136 140 145 168 148 149 182 156 157 158 384 169 435 176 175 177 178 188 189 194 196 197 199 298 205 210 216 222 223 246 226 229 230 231 234 243 327 252 255 258 366 262 263 265 270 344 380 273 274 277 280 281 282 284 285 289 290 294 295 438 299 431 305 364 307 311 318 417 324 391 332 333 347 337 401 343 348 350 410 411 397 422 355 365 360 442 416 372 424 385 398 433 412 407 419 428 432
Solution space ZDD construction start
Command exited with non-zero status 124
	Command being timed: "timeout 30m ../ddreconf/ddreconf ../benchmark_instances/2023result/docs/solver/benchmark/random_instance/random_instance034_graph005.col --stfile=../benchmark_instances/2023result/docs/solver/benchmark/random_instance/random_instance034_graph005_01.dat --tj --indset --longest"
	User time (seconds): 1729.09
	System time (seconds): 67.11
	Percent of CPU this job got: 99%
	Elapsed (wall clock) time (h:mm:ss or m:ss): 30:00.44
	Average shared text size (kbytes): 0
	Average unshared data size (kbytes): 0
	Average stack size (kbytes): 0
	Average total size (kbytes): 0
	Maximum resident set size (kbytes): 136004824
	Average resident set size (kbytes): 0
	Major (requiring I/O) page faults: 0
	Minor (reclaiming a frame) page faults: 1566483
	Voluntary context switches: 158
	Involuntary context switches: 1352
	Swaps: 0
	File system inputs: 0
	File system outputs: 8
	Socket messages sent: 0
	Socket messages received: 0
	Signals delivered: 0
	Page size (bytes): 4096
	Exit status: 124
