Input graph file parsed. # of vertices = 377, # of edges = 1131
s 1 3 10 12 15 18 86 24 26 32 43 44 47 55 58 59 64 65 70 72 74 75 76 78 82 83 85 87 89 91 94 95 100 102 179 108 115 118 119 122 249 127 128 131 132 134 135 139 141 144 322 156 346 163 197 168 276 173 311 369 186 189 190 191 192 222 340 199 200 203 204 207 279 209 210 211 366 213 216 221 272 229 352 231 235 238 242 247 246 248 250 335 258 334 267 264 271 274 330 278 280 281 289 296 285 301 304 297 298 300 310 314 324 356 367 358 341 342 344 347 360 353 374 370 359
Solution space ZDD construction start
Command exited with non-zero status 124
	Command being timed: "timeout 30m ../ddreconf/ddreconf ../benchmark_instances/2023result/docs/solver/benchmark/random_instance/random_instance029_graph004.col --stfile=../benchmark_instances/2023result/docs/solver/benchmark/random_instance/random_instance029_graph004_01.dat --tj --indset --longest"
	User time (seconds): 1729.66
	System time (seconds): 66.67
	Percent of CPU this job got: 99%
	Elapsed (wall clock) time (h:mm:ss or m:ss): 30:00.42
	Average shared text size (kbytes): 0
	Average unshared data size (kbytes): 0
	Average stack size (kbytes): 0
	Average total size (kbytes): 0
	Maximum resident set size (kbytes): 134222268
	Average resident set size (kbytes): 0
	Major (requiring I/O) page faults: 0
	Minor (reclaiming a frame) page faults: 1403751
	Voluntary context switches: 132
	Involuntary context switches: 1322
	Swaps: 0
	File system inputs: 0
	File system outputs: 8
	Socket messages sent: 0
	Socket messages received: 0
	Signals delivered: 0
	Page size (bytes): 4096
	Exit status: 124
