Input graph file parsed. # of vertices = 481, # of edges = 1443
s 6 11 15 16 18 20 22 26 29 30 37 38 303 48 52 53 296 55 57 58 61 63 64 75 78 79 81 84 85 86 88 90 92 177 95 100 163 458 109 114 117 118 120 123 129 312 133 140 144 146 147 156 462 160 164 167 388 172 173 175 180 185 187 190 192 194 196 337 200 203 209 356 215 373 271 218 222 223 457 230 231 237 238 242 243 249 250 254 255 409 262 273 274 275 276 280 284 286 287 288 289 293 295 297 329 301 334 308 326 323 315 316 318 320 321 328 359 430 391 347 348 349 350 361 470 452 357 360 363 368 369 376 378 387 389 390 392 436 474 401 450 404 410 413 434 418 428 435 433 427 440 445 476 481 473
Solution space ZDD construction start
Command exited with non-zero status 124
	Command being timed: "timeout 30m ../ddreconf/ddreconf ../benchmark_instances/2023result/docs/solver/benchmark/random_instance/random_instance037_graph004.col --stfile=../benchmark_instances/2023result/docs/solver/benchmark/random_instance/random_instance037_graph004_01.dat --tj --indset --longest"
	User time (seconds): 1730.06
	System time (seconds): 66.26
	Percent of CPU this job got: 99%
	Elapsed (wall clock) time (h:mm:ss or m:ss): 30:00.43
	Average shared text size (kbytes): 0
	Average unshared data size (kbytes): 0
	Average stack size (kbytes): 0
	Average total size (kbytes): 0
	Maximum resident set size (kbytes): 134653356
	Average resident set size (kbytes): 0
	Major (requiring I/O) page faults: 0
	Minor (reclaiming a frame) page faults: 1447210
	Voluntary context switches: 107
	Involuntary context switches: 1277
	Swaps: 0
	File system inputs: 0
	File system outputs: 8
	Socket messages sent: 0
	Socket messages received: 0
	Signals delivered: 0
	Page size (bytes): 4096
	Exit status: 124
