Input graph file parsed. # of vertices = 143, # of edges = 429
s 2 3 4 9 12 15 17 18 20 21 30 32 33 35 38 73 134 50 51 54 97 62 60 63 67 132 69 70 72 77 81 83 141 98 127 101 118 105 107 108 112 115 138 142 130 137 122 139
Solution space ZDD construction start
Command exited with non-zero status 124
	Command being timed: "timeout 30m ../ddreconf/ddreconf ../benchmark_instances/2023result/docs/solver/benchmark/random_instance/random_instance011_graph005.col --stfile=../benchmark_instances/2023result/docs/solver/benchmark/random_instance/random_instance011_graph005_01.dat --tj --indset --longest"
	User time (seconds): 1729.43
	System time (seconds): 67.05
	Percent of CPU this job got: 99%
	Elapsed (wall clock) time (h:mm:ss or m:ss): 30:00.40
	Average shared text size (kbytes): 0
	Average unshared data size (kbytes): 0
	Average stack size (kbytes): 0
	Average total size (kbytes): 0
	Maximum resident set size (kbytes): 133026252
	Average resident set size (kbytes): 0
	Major (requiring I/O) page faults: 0
	Minor (reclaiming a frame) page faults: 1141597
	Voluntary context switches: 78
	Involuntary context switches: 1214
	Swaps: 0
	File system inputs: 0
	File system outputs: 8
	Socket messages sent: 0
	Socket messages received: 0
	Signals delivered: 0
	Page size (bytes): 4096
	Exit status: 124
