Input graph file parsed. # of vertices = 143, # of edges = 429
s 1 3 8 11 13 19 21 26 28 29 33 43 80 49 53 130 63 65 79 69 70 72 77 78 83 85 86 87 143 92 131 135 97 98 100 101 102 105 106 107 136 113 119 126 134 142
Solution space ZDD construction start
Command exited with non-zero status 124
	Command being timed: "timeout 30m ../ddreconf/ddreconf ../benchmark_instances/2023result/docs/solver/benchmark/random_instance/random_instance011_graph004.col --stfile=../benchmark_instances/2023result/docs/solver/benchmark/random_instance/random_instance011_graph004_01.dat --tj --indset --longest"
	User time (seconds): 1728.86
	System time (seconds): 67.58
	Percent of CPU this job got: 99%
	Elapsed (wall clock) time (h:mm:ss or m:ss): 30:00.39
	Average shared text size (kbytes): 0
	Average unshared data size (kbytes): 0
	Average stack size (kbytes): 0
	Average total size (kbytes): 0
	Maximum resident set size (kbytes): 132877232
	Average resident set size (kbytes): 0
	Major (requiring I/O) page faults: 0
	Minor (reclaiming a frame) page faults: 969626
	Voluntary context switches: 41
	Involuntary context switches: 1195
	Swaps: 0
	File system inputs: 0
	File system outputs: 8
	Socket messages sent: 0
	Socket messages received: 0
	Signals delivered: 0
	Page size (bytes): 4096
	Exit status: 124
