Input graph file parsed. # of vertices = 403, # of edges = 1209
s 153 251 268 30 182 76 233 63 96 184 104 110 193 119 127 164 174 400 144 130 36 49 91 258 272 350 70 166 299 305 59 87 352 181 326 170 306 336 5 92 20 77 165 187 33 66 56 2 25 53 341 131 26 172 235 263 24 217 362 347 256 126 337 248 318 234 55 116 209 113 292 282 402 304 139 67 10 369 45 128 190 313 177 370 141 325 214 6 13 273 99 105 136 57 354 353 3 68 137 373 151 264 194 107 80 401 118 385 232 330 142 252 281 387 173 188 244 185 403 191 307 199 226 381 302 334 111 274 393
Solution space ZDD construction start
Command exited with non-zero status 124
	Command being timed: "timeout 30m ../ddreconf/ddreconf ../instances_pwwt_from_heur_col/random_instance031_graph005.pwwt.col --stfile=../benchmark_instances/2023result/docs/solver/benchmark/random_instance/random_instance031_graph005_01.dat --tj --indset --longest"
	User time (seconds): 1728.69
	System time (seconds): 68.10
	Percent of CPU this job got: 99%
	Elapsed (wall clock) time (h:mm:ss or m:ss): 30:00.40
	Average shared text size (kbytes): 0
	Average unshared data size (kbytes): 0
	Average stack size (kbytes): 0
	Average total size (kbytes): 0
	Maximum resident set size (kbytes): 133909004
	Average resident set size (kbytes): 0
	Major (requiring I/O) page faults: 0
	Minor (reclaiming a frame) page faults: 1125515
	Voluntary context switches: 62
	Involuntary context switches: 1146
	Swaps: 0
	File system inputs: 0
	File system outputs: 8
	Socket messages sent: 0
	Socket messages received: 0
	Signals delivered: 0
	Page size (bytes): 4096
	Exit status: 124
