Input graph file parsed. # of vertices = 377, # of edges = 1131
s 24 82 86 340 72 87 127 141 179 197 342 204 352 246 267 341 330 91 100 285 374 43 258 334 249 1 47 264 335 359 272 189 281 238 102 192 163 15 76 132 221 250 298 271 356 135 242 247 191 85 119 59 370 95 58 118 213 173 134 222 207 156 190 229 311 276 200 122 75 168 366 12 274 65 369 360 70 108 74 89 210 3 26 186 139 32 358 18 211 44 78 83 324 346 216 128 131 289 322 235 10 367 248 144 209 115 203 344 347 314 278 94 199 55 231 300 280 297 296 310 279 353 64 301 304
Solution space ZDD construction start
Command exited with non-zero status 124
	Command being timed: "timeout 30m ../ddreconf/ddreconf ../instances_pwwt_from_heur_col/random_instance029_graph004.pwwt.col --stfile=../benchmark_instances/2023result/docs/solver/benchmark/random_instance/random_instance029_graph004_01.dat --tj --indset --longest"
	User time (seconds): 1727.87
	System time (seconds): 68.76
	Percent of CPU this job got: 99%
	Elapsed (wall clock) time (h:mm:ss or m:ss): 30:00.41
	Average shared text size (kbytes): 0
	Average unshared data size (kbytes): 0
	Average stack size (kbytes): 0
	Average total size (kbytes): 0
	Maximum resident set size (kbytes): 136172840
	Average resident set size (kbytes): 0
	Major (requiring I/O) page faults: 0
	Minor (reclaiming a frame) page faults: 1311793
	Voluntary context switches: 110
	Involuntary context switches: 1178
	Swaps: 0
	File system inputs: 0
	File system outputs: 8
	Socket messages sent: 0
	Socket messages received: 0
	Signals delivered: 0
	Page size (bytes): 4096
	Exit status: 124
