Input graph file parsed. # of vertices = 104, # of edges = 312
s 48 1 61 21 100 60 30 17 81 67 70 12 50 49 103 13 32 80 2 47 44 15 23 94 99 7 25 36 83 9 87 24 38
Solution space ZDD construction start
Command exited with non-zero status 124
	Command being timed: "timeout 30m ../ddreconf/ddreconf ../instances_pwwt_from_heur_col/random_instance008_graph002.pwwt.col --stfile=../benchmark_instances/2023result/docs/solver/benchmark/random_instance/random_instance008_graph002_01.dat --tj --indset --longest"
	User time (seconds): 1728.41
	System time (seconds): 68.53
	Percent of CPU this job got: 99%
	Elapsed (wall clock) time (h:mm:ss or m:ss): 30:00.39
	Average shared text size (kbytes): 0
	Average unshared data size (kbytes): 0
	Average stack size (kbytes): 0
	Average total size (kbytes): 0
	Maximum resident set size (kbytes): 134003196
	Average resident set size (kbytes): 0
	Major (requiring I/O) page faults: 0
	Minor (reclaiming a frame) page faults: 939954
	Voluntary context switches: 47
	Involuntary context switches: 1214
	Swaps: 0
	File system inputs: 0
	File system outputs: 8
	Socket messages sent: 0
	Socket messages received: 0
	Signals delivered: 0
	Page size (bytes): 4096
	Exit status: 124
