Input graph file parsed. # of vertices = 364, # of edges = 1092
s 119 207 355 44 70 73 90 83 127 133 147 132 206 23 72 361 153 276 33 40 85 187 309 293 191 194 156 268 166 204 68 226 286 346 53 135 9 54 271 19 233 340 224 12 319 92 168 26 122 185 137 229 232 69 102 3 28 165 45 197 146 118 96 52 314 170 244 25 139 43 103 108 120 351 17 198 110 1 237 49 341 123 241 325 89 335 247 354 253 279 179 134 37 283 277 274 284 358 148 65 145 113 267 342 172 222 313 320 235 160 273 292 177 175 275 189 328 195 282 318
Solution space ZDD construction start
Command exited with non-zero status 124
	Command being timed: "timeout 30m ../ddreconf/ddreconf ../instances_pwwt_from_heur_col/random_instance028_graph002.pwwt.col --stfile=../benchmark_instances/2023result/docs/solver/benchmark/random_instance/random_instance028_graph002_01.dat --tj --indset --longest"
	User time (seconds): 1727.90
	System time (seconds): 68.69
	Percent of CPU this job got: 99%
	Elapsed (wall clock) time (h:mm:ss or m:ss): 30:00.42
	Average shared text size (kbytes): 0
	Average unshared data size (kbytes): 0
	Average stack size (kbytes): 0
	Average total size (kbytes): 0
	Maximum resident set size (kbytes): 137297820
	Average resident set size (kbytes): 0
	Major (requiring I/O) page faults: 0
	Minor (reclaiming a frame) page faults: 1355851
	Voluntary context switches: 91
	Involuntary context switches: 1179
	Swaps: 0
	File system inputs: 0
	File system outputs: 8
	Socket messages sent: 0
	Socket messages received: 0
	Signals delivered: 0
	Page size (bytes): 4096
	Exit status: 124
