Input graph file parsed. # of vertices = 156, # of edges = 468
s 145 6 49 29 138 148 70 72 98 20 24 73 81 47 106 23 11 27 40 65 105 12 10 66 116 150 74 104 108 19 126 46 62 142 115 15 83 135 93 144 76 112 121 149 137 133 152
Solution space ZDD construction start
Command exited with non-zero status 124
	Command being timed: "timeout 30m ../ddreconf/ddreconf ../instances_pwwt_from_heur_col/random_instance012_graph004.pwwt.col --stfile=../benchmark_instances/2023result/docs/solver/benchmark/random_instance/random_instance012_graph004_01.dat --tj --indset --longest"
	User time (seconds): 1728.76
	System time (seconds): 68.15
	Percent of CPU this job got: 99%
	Elapsed (wall clock) time (h:mm:ss or m:ss): 30:00.39
	Average shared text size (kbytes): 0
	Average unshared data size (kbytes): 0
	Average stack size (kbytes): 0
	Average total size (kbytes): 0
	Maximum resident set size (kbytes): 133327880
	Average resident set size (kbytes): 0
	Major (requiring I/O) page faults: 0
	Minor (reclaiming a frame) page faults: 874019
	Voluntary context switches: 33
	Involuntary context switches: 1115
	Swaps: 0
	File system inputs: 0
	File system outputs: 8
	Socket messages sent: 0
	Socket messages received: 0
	Signals delivered: 0
	Page size (bytes): 4096
	Exit status: 124
