Input graph file parsed. # of vertices = 91, # of edges = 273
s 9 35 11 12 13 17 21 22 36 24 25 28 30 31 33 40 42 46 48 62 72 70 76 84 78 80 88 82 83
Solution space ZDD construction start
Command exited with non-zero status 124
	Command being timed: "timeout 30m ../ddreconf/ddreconf ../benchmark_instances/2023result/docs/solver/benchmark/random_instance/random_instance007_graph001.col --stfile=../benchmark_instances/2023result/docs/solver/benchmark/random_instance/random_instance007_graph001_01.dat --tj --indset --longest"
	User time (seconds): 1729.70
	System time (seconds): 66.93
	Percent of CPU this job got: 99%
	Elapsed (wall clock) time (h:mm:ss or m:ss): 30:00.38
	Average shared text size (kbytes): 0
	Average unshared data size (kbytes): 0
	Average stack size (kbytes): 0
	Average total size (kbytes): 0
	Maximum resident set size (kbytes): 131426316
	Average resident set size (kbytes): 0
	Major (requiring I/O) page faults: 0
	Minor (reclaiming a frame) page faults: 862285
	Voluntary context switches: 42
	Involuntary context switches: 1161
	Swaps: 0
	File system inputs: 0
	File system outputs: 8
	Socket messages sent: 0
	Socket messages received: 0
	Signals delivered: 0
	Page size (bytes): 4096
	Exit status: 124
