Input graph file parsed. # of vertices = 195, # of edges = 585
s 186 102 32 71 72 175 50 188 64 136 139 162 147 3 29 126 83 55 47 11 27 154 194 171 5 108 167 153 106 7 48 93 84 115 52 123 87 68 195 94 103 185 59 60 91 166 40 86 165 79 150 170 144 157 187 22 152 184 149 69 155
Solution space ZDD construction start
Command exited with non-zero status 124
	Command being timed: "timeout 30m ../ddreconf/ddreconf ../instances_pwwt_from_heur_col/random_instance015_graph003.pwwt.col --stfile=../benchmark_instances/2023result/docs/solver/benchmark/random_instance/random_instance015_graph003_01.dat --tj --indset --longest"
	User time (seconds): 1728.99
	System time (seconds): 68.01
	Percent of CPU this job got: 99%
	Elapsed (wall clock) time (h:mm:ss or m:ss): 30:00.40
	Average shared text size (kbytes): 0
	Average unshared data size (kbytes): 0
	Average stack size (kbytes): 0
	Average total size (kbytes): 0
	Maximum resident set size (kbytes): 133183836
	Average resident set size (kbytes): 0
	Major (requiring I/O) page faults: 0
	Minor (reclaiming a frame) page faults: 889189
	Voluntary context switches: 40
	Involuntary context switches: 1191
	Swaps: 0
	File system inputs: 0
	File system outputs: 8
	Socket messages sent: 0
	Socket messages received: 0
	Signals delivered: 0
	Page size (bytes): 4096
	Exit status: 124
