Input graph file parsed. # of vertices = 286, # of edges = 858
s 1 4 5 6 7 9 13 14 15 17 19 20 22 23 24 27 135 35 38 45 50 53 56 59 62 65 67 70 71 74 80 81 83 84 258 86 91 94 95 96 98 99 102 103 104 107 109 111 114 224 116 117 118 120 122 164 125 127 129 132 133 136 137 141 147 149 153 166 167 170 254 260 194 198 199 221 203 204 206 208 210 276 213 215 251 220 226 227 235 238 241 242 248 263 282
Solution space ZDD construction start
Command exited with non-zero status 124
	Command being timed: "timeout 30m ../ddreconf/ddreconf ../benchmark_instances/2023result/docs/solver/benchmark/random_instance/random_instance022_graph002.col --stfile=../benchmark_instances/2023result/docs/solver/benchmark/random_instance/random_instance022_graph002_01.dat --tj --indset --longest"
	User time (seconds): 1730.07
	System time (seconds): 66.44
	Percent of CPU this job got: 99%
	Elapsed (wall clock) time (h:mm:ss or m:ss): 30:00.41
	Average shared text size (kbytes): 0
	Average unshared data size (kbytes): 0
	Average stack size (kbytes): 0
	Average total size (kbytes): 0
	Maximum resident set size (kbytes): 133232584
	Average resident set size (kbytes): 0
	Major (requiring I/O) page faults: 0
	Minor (reclaiming a frame) page faults: 1372134
	Voluntary context switches: 74
	Involuntary context switches: 1257
	Swaps: 0
	File system inputs: 0
	File system outputs: 8
	Socket messages sent: 0
	Socket messages received: 0
	Signals delivered: 0
	Page size (bytes): 4096
	Exit status: 124
