Input graph file parsed. # of vertices = 117, # of edges = 351
s 2 5 7 8 13 18 20 21 23 26 29 38 39 40 53 92 47 69 94 58 68 115 86 76 91 79 102 81 82 85 93 96 117 112
Solution space ZDD construction start
Command exited with non-zero status 124
	Command being timed: "timeout 30m ../ddreconf/ddreconf ../benchmark_instances/2023result/docs/solver/benchmark/random_instance/random_instance009_graph004.col --stfile=../benchmark_instances/2023result/docs/solver/benchmark/random_instance/random_instance009_graph004_01.dat --tj --indset --longest"
	User time (seconds): 1759.98
	System time (seconds): 36.38
	Percent of CPU this job got: 99%
	Elapsed (wall clock) time (h:mm:ss or m:ss): 30:00.22
	Average shared text size (kbytes): 0
	Average unshared data size (kbytes): 0
	Average stack size (kbytes): 0
	Average total size (kbytes): 0
	Maximum resident set size (kbytes): 72034884
	Average resident set size (kbytes): 0
	Major (requiring I/O) page faults: 0
	Minor (reclaiming a frame) page faults: 795876
	Voluntary context switches: 59
	Involuntary context switches: 1083
	Swaps: 0
	File system inputs: 0
	File system outputs: 8
	Socket messages sent: 0
	Socket messages received: 0
	Signals delivered: 0
	Page size (bytes): 4096
	Exit status: 124
