Input graph file parsed. # of vertices = 351, # of edges = 1053
s 1 3 5 14 16 18 20 23 25 27 28 29 30 42 45 46 49 54 200 58 61 64 65 74 81 100 84 85 88 90 91 213 97 99 344 336 111 318 113 124 129 239 321 134 135 138 323 144 146 147 310 154 156 342 159 224 167 168 180 182 183 189 191 192 197 198 317 207 208 211 215 287 219 294 223 231 288 241 245 251 247 248 281 331 252 326 260 263 265 276 267 270 271 273 274 298 346 339 283 322 286 338 307 299 300 306 348 341 304 349 314 330 333 340
Solution space ZDD construction start
Command exited with non-zero status 124
	Command being timed: "timeout 30m ../ddreconf/ddreconf ../benchmark_instances/2023result/docs/solver/benchmark/random_instance/random_instance027_graph003.col --stfile=../benchmark_instances/2023result/docs/solver/benchmark/random_instance/random_instance027_graph003_01.dat --tj --indset --longest"
	User time (seconds): 1728.02
	System time (seconds): 68.32
	Percent of CPU this job got: 99%
	Elapsed (wall clock) time (h:mm:ss or m:ss): 30:00.43
	Average shared text size (kbytes): 0
	Average unshared data size (kbytes): 0
	Average stack size (kbytes): 0
	Average total size (kbytes): 0
	Maximum resident set size (kbytes): 137598472
	Average resident set size (kbytes): 0
	Major (requiring I/O) page faults: 0
	Minor (reclaiming a frame) page faults: 1481973
	Voluntary context switches: 99
	Involuntary context switches: 1328
	Swaps: 0
	File system inputs: 0
	File system outputs: 8
	Socket messages sent: 0
	Socket messages received: 0
	Signals delivered: 0
	Page size (bytes): 4096
	Exit status: 124
