Input graph file parsed. # of vertices = 260, # of edges = 780
s 3 4 5 9 10 15 20 24 26 28 34 36 42 45 52 54 60 64 65 70 71 76 77 78 82 84 85 86 87 88 92 95 211 104 105 107 108 113 117 119 122 123 247 131 245 215 134 203 140 144 145 152 167 157 162 182 231 254 176 178 179 181 184 185 188 191 192 213 195 200 206 205 207 209 251 212 241 246 242 249 258
Solution space ZDD construction start
Command exited with non-zero status 124
	Command being timed: "timeout 30m ../ddreconf/ddreconf ../benchmark_instances/2023result/docs/solver/benchmark/random_instance/random_instance020_graph005.col --stfile=../benchmark_instances/2023result/docs/solver/benchmark/random_instance/random_instance020_graph005_01.dat --tj --indset --longest"
	User time (seconds): 1728.68
	System time (seconds): 67.84
	Percent of CPU this job got: 99%
	Elapsed (wall clock) time (h:mm:ss or m:ss): 30:00.41
	Average shared text size (kbytes): 0
	Average unshared data size (kbytes): 0
	Average stack size (kbytes): 0
	Average total size (kbytes): 0
	Maximum resident set size (kbytes): 135956252
	Average resident set size (kbytes): 0
	Major (requiring I/O) page faults: 0
	Minor (reclaiming a frame) page faults: 1292856
	Voluntary context switches: 88
	Involuntary context switches: 1272
	Swaps: 0
	File system inputs: 0
	File system outputs: 8
	Socket messages sent: 0
	Socket messages received: 0
	Signals delivered: 0
	Page size (bytes): 4096
	Exit status: 124
