Input graph file parsed. # of vertices = 947, # of edges = 43571
s 128 200 111 237 134 84 185 90 188 47 89 49 919 100 135 160 183 83 82 934 94 945 940 85 922 86 101 131 127 229 110 364 199 228 166 194 920 121 258 171 193 173 132 147 99 170 334 167 370 174 243 102 189 190 207 192 254 148 925 161 256 916 918 942 947 239 248 168 915 929 61 165 220 242 276 58 80 225 914 944 928 159 224 79
Solution space ZDD construction start
Command exited with non-zero status 124
	Command being timed: "timeout 30m ../ddreconf/ddreconf ../instances_pwwt_from_heur_col/wap06a.pwwt.col --stfile=../benchmark_instances/2023result/docs/solver/benchmark/2022benchmark/benchmark/color04/wap06a_02.dat --tj --indset --longest"
	User time (seconds): 1728.81
	System time (seconds): 67.74
	Percent of CPU this job got: 99%
	Elapsed (wall clock) time (h:mm:ss or m:ss): 30:00.54
	Average shared text size (kbytes): 0
	Average unshared data size (kbytes): 0
	Average stack size (kbytes): 0
	Average total size (kbytes): 0
	Maximum resident set size (kbytes): 139166108
	Average resident set size (kbytes): 0
	Major (requiring I/O) page faults: 0
	Minor (reclaiming a frame) page faults: 2226454
	Voluntary context switches: 109
	Involuntary context switches: 1606
	Swaps: 0
	File system inputs: 0
	File system outputs: 8
	Socket messages sent: 0
	Socket messages received: 0
	Signals delivered: 0
	Page size (bytes): 4096
	Exit status: 124
