Input graph file parsed. # of vertices = 5231, # of edges = 294902
s 1076 1077 1789 1793 2640 1977 1451 1284 1252 1137 1554 1753 1305 239 1933 851 1061 1452 2310 1408 2641 1790 883 1446 1432 2311 1794 1290 1302 2496 1138 1303 2289 1306 331 2291 2145 2529 2805 848 2146 1287 5065 4823 841 1288 5003 2643 1078 1936 1935 3903 5115 3142 2074 5116 2462 1937 2864 1435 5069 5193 3383 5192 2075 5058 850 1062 1409 1433 5228 1434 3262 5004 5117 1932 2645 5124 5195 1514 1894 1934 5041 5095 1320 3475 5120 5183 5216 5088 5188 5121 5184 4884 2770 200 5187 334 5168 333 4809 4887 5089 199 4808 1759 4806 1002 5085 5086 1154 1732 5211 786 2850 1758 1829 785 5160 5209 5210 5046 1858 4882 1153 5200 4877 195 5153 1263 5158 4872 1810 5143 5123 5040 2182 1152 1828 135 5155 788 1423 787 876 784 877 5208 628 5119 5217 4805 805 525 763 803 1422 5154 5231 5229 1001 773 5045 804 524 762 523 2188 4911 2189 1378 1684 1782 1377 2897 1376 1683 1375 1000 5227 998 4962 999 4850 997 435 526 627 582 5221 581 5225 337 757 892 626 772 891 771 890 756 770 1809 394 625 4815 1394 889 580 4936 1210 1180 1034 1159 4816 4961 1160 4960 709 1183 1033 1066 1158 4937 1207 2410 5133 1342 1472 5167 4956 1486 2305 873 5166 4812 5138 4963 4950 5134 5135 5056 4965 4966 5129 1172 4814 802 1065 1427 1052 4907 4955 708 820 1293 4835 1637 2570 751 4849 4954 4958 2569 1244 745 1268 799 1057 1887 1267 279 1292 750 818 1636 819 5130 1635 5223 798 1886 1056 1266 1426 872 1051 1176 1171 311 387 346 1341 1696 1157 309 310 5226 906 707 1469 902 705 440 706 579 704 1468 901 437 749 1291 817 1368 5112 1633 1634 1676 1484 5111 1465 1248 1213 5114 703 404 900 578 438 402 461 1464 1247 1631 1632 5106 282 1675 4922 1325
Solution space ZDD construction start
Command exited with non-zero status 124
	Command being timed: "timeout 30m ../ddreconf/ddreconf ../instances_pwwt_from_heur_col/wap04a.pwwt.col --stfile=../benchmark_instances/2023result/docs/solver/benchmark/2022benchmark/benchmark/color04/wap04a_02.dat --tj --indset --longest"
	User time (seconds): 1724.94
	System time (seconds): 72.16
	Percent of CPU this job got: 99%
	Elapsed (wall clock) time (h:mm:ss or m:ss): 30:01.07
	Average shared text size (kbytes): 0
	Average unshared data size (kbytes): 0
	Average stack size (kbytes): 0
	Average total size (kbytes): 0
	Maximum resident set size (kbytes): 140068284
	Average resident set size (kbytes): 0
	Major (requiring I/O) page faults: 0
	Minor (reclaiming a frame) page faults: 5393343
	Voluntary context switches: 107
	Involuntary context switches: 2144
	Swaps: 0
	File system inputs: 0
	File system outputs: 8
	Socket messages sent: 0
	Socket messages received: 0
	Signals delivered: 0
	Page size (bytes): 4096
	Exit status: 124
