Input graph file parsed. # of vertices = 4730, # of edges = 286722
s 641 329 878 846 719 25 307 1416 1858 899 1663 1478 1608 396 626 733 395 2163 730 391 1863 1859 2006 896 720 900 897 1664 642 1455 2460 1459 380 1864 727 1456 881 2613 381 882 2292 2299 2806 547 1611 2463 1612 2464 3579 1048 1533 2461 643 1610 1128 1567 1609 2230 3109 3269 4492 1534 1607 2465 2233 1059 3005 1460 3375 1578 4330 4098 3374 678 1168 1020 2032 1065 1064 1532 2031 428 1792 1046 1047 1793 4426 1381 1045 1035 677 546 2597 1577 2276 1387 747 1386 1652 1036 2240 2441 2687 1500 1424 3558 2420 746 469 15 2093 2678 24 666 349 422 332 333 421 84 290 776 318 1004 2792 1003 1385 745 1810 1423 1499 127 83 857 1531 1900 1906 1907 988 987 1448 1335 2738 986 2791 1002 1480 23 350 308 22 192 545 2364 1099 2025 1370 1077 841 1369 1086 418 1040 348 191 437 302 212 3352 793 631 1085 544 792 211 1732 450 365 1250 791 210 616 938 1348 887 1944 2368 1251 296 862 621 1560 344 1414 295 364 886 1781 838 2367 363 452 755 861 1736 2818 801 209 1249 208 770 713 754 126 82 317 436 1930 753 207 2817 315 301 435 316 125 343 1559 620 804 434 1161 81 124 206 451 294 978 885 362 860 766 2502 347 630 1039 417 615 937 1347 1334 985 1078 842 1247 1248 584 752 774 205 1082 447 289 80 807 1479 543 1368 1097 1327 1312 1005 204 446 1081 1413 79 765 1105 1245 1246 914 777 583 751 203 445 78 542 1367 1326 919 202 608 77
Solution space ZDD construction start
Command exited with non-zero status 124
	Command being timed: "timeout 30m ../ddreconf/ddreconf ../instances_pwwt_from_heur_col/wap03a.pwwt.col --stfile=../benchmark_instances/2023result/docs/solver/benchmark/2022benchmark/benchmark/color04/wap03a_02.dat --tj --indset --longest"
	User time (seconds): 1725.04
	System time (seconds): 71.92
	Percent of CPU this job got: 99%
	Elapsed (wall clock) time (h:mm:ss or m:ss): 30:01.01
	Average shared text size (kbytes): 0
	Average unshared data size (kbytes): 0
	Average stack size (kbytes): 0
	Average total size (kbytes): 0
	Maximum resident set size (kbytes): 139069980
	Average resident set size (kbytes): 0
	Major (requiring I/O) page faults: 0
	Minor (reclaiming a frame) page faults: 5204123
	Voluntary context switches: 138
	Involuntary context switches: 1931
	Swaps: 0
	File system inputs: 0
	File system outputs: 8
	Socket messages sent: 0
	Socket messages received: 0
	Signals delivered: 0
	Page size (bytes): 4096
	Exit status: 124
