Input graph file parsed. # of vertices = 2464, # of edges = 111742
s 500 246 594 544 615 545 282 531 501 245 1153 2443 721 607 717 720 398 589 350 518 596 718 845 384 407 719 519 597 385 406 601 2415 273 383 447 746 382 272 405 600 381 252 396 459 409 2382 2416 533 413 534 68 535 523 829 298 536 833 414 42 70 2418 2451 842 841 69 516 763 310 309 891 521 517 520 47 2426 2404 65 2405 835 1193 791 834 1192 595 2436 2456 2455 2454 732 751 2453 2435 2459 803 2376 2464 463 731 771 750 164 2374 515 404 801 2425 160 155 2410 248 2377 283 284 890 1345 797 759 256 2452 703 904 2411 2397 2394 2407 497 2406 496 306 261 58 495 1081 305 267 340 1344 795 702 926 577 925 576 514 240 526 247 258 163 154 162 153 701 494 239 467 2399 468 238 472 121 251 304 700 120 237 152 236 699
Solution space ZDD construction start
Command exited with non-zero status 124
	Command being timed: "timeout 30m ../ddreconf/ddreconf ../instances_pwwt_from_heur_col/wap02a.pwwt.col --stfile=../benchmark_instances/2023result/docs/solver/benchmark/2022benchmark/benchmark/color04/wap02a_02.dat --tj --indset --longest"
	User time (seconds): 1727.42
	System time (seconds): 69.18
	Percent of CPU this job got: 99%
	Elapsed (wall clock) time (h:mm:ss or m:ss): 30:00.70
	Average shared text size (kbytes): 0
	Average unshared data size (kbytes): 0
	Average stack size (kbytes): 0
	Average total size (kbytes): 0
	Maximum resident set size (kbytes): 139729552
	Average resident set size (kbytes): 0
	Major (requiring I/O) page faults: 0
	Minor (reclaiming a frame) page faults: 3127453
	Voluntary context switches: 211
	Involuntary context switches: 1758
	Swaps: 0
	File system inputs: 0
	File system outputs: 8
	Socket messages sent: 0
	Socket messages received: 0
	Signals delivered: 0
	Page size (bytes): 4096
	Exit status: 124
