Input graph file parsed. # of vertices = 2368, # of edges = 110871
s 24 25 43 56 57 58 59 64 66 67 68 140 141 142 143 144 146 149 150 152 155 156 160 161 162 165 171 173 176 177 186 187 188 202 208 209 210 213 214 244 254 285 286 287 288 289 300 302 310 313 314 315 317 322 355 367 368 371 375 376 380 402 403 404 405 408 409 422 423 424 425 426 427 428 429 431 434 439 441 442 443 444 452 453 484 485 495 497 502 503 504 505 507 508 509 516 520 524 609 610 611 612 613 627 628 629 632 633 643 644 658 659 663 671 675 685 705 709 711 715 716 717 743 747 748 749 755 756 759 790 820 821 835 861 862 1023 1052 1103 1143 1144 1145 1171 1248 1307 1308 1315 1359 1394 1395 1581 1983
Solution space ZDD construction start
Command exited with non-zero status 124
	Command being timed: "timeout 30m ../ddreconf/ddreconf ../benchmark_instances/2023result/docs/solver/benchmark/2022benchmark/benchmark/color04/wap01a.col --stfile=../benchmark_instances/2023result/docs/solver/benchmark/2022benchmark/benchmark/color04/wap01a_02.dat --tj --indset --longest"
	User time (seconds): 1665.10
	System time (seconds): 131.49
	Percent of CPU this job got: 99%
	Elapsed (wall clock) time (h:mm:ss or m:ss): 30:01.09
	Average shared text size (kbytes): 0
	Average unshared data size (kbytes): 0
	Average stack size (kbytes): 0
	Average total size (kbytes): 0
	Maximum resident set size (kbytes): 263187484
	Average resident set size (kbytes): 0
	Major (requiring I/O) page faults: 0
	Minor (reclaiming a frame) page faults: 3886231
	Voluntary context switches: 110
	Involuntary context switches: 1909
	Swaps: 0
	File system inputs: 0
	File system outputs: 8
	Socket messages sent: 0
	Socket messages received: 0
	Signals delivered: 0
	Page size (bytes): 4096
	Exit status: 124
