# [run] timeout 1h java -Xms1024g -Xmx1024g -Xss134m -cp ../src/pathwidth.jar Pathwidth ../benchmark_instances/2023result/docs/solver/benchmark/2022benchmark/benchmark/color04/DSJC125.1.col
# [date -Iseconds] 2025-07-30T11:04:48+09:00
../benchmark_instances/2023result/docs/solver/benchmark/2022benchmark/benchmark/color04/DSJC125.1.col
125
108, 74, 17, 33, 89, 43, 0, 22, 70, 59, 94, 100, 95, 4, 52, 18, 67, 14, 7, 3, 55, 124, 42, 77, 31, 5, 1, 112, 29, 37, 10, 69, 98, 118, 63, 114, 57, 120, 11, 8, 99, 13, 23, 119, 20, 91, 27, 28, 111, 30, 86, 117, 9, 24, 110, 2, 79, 6, 40, 47, 72, 88, 105, 16, 51, 83, 85, 21, 61, 65, 66, 12, 49, 53, 97, 107, 113, 122, 32, 39, 54, 109, 26, 34, 60, 90, 19, 35, 46, 80, 96, 123, 36, 58, 68, 102, 15, 75, 82, 84, 101, 103, 41, 44, 48, 50, 76, 106, 121, 45, 56, 64, 81, 87, 92, 115, 116, 25, 38, 62, 71, 73, 78, 93, 104
124
108, 74, 17, 33, 89, 43, 0, 22, 70, 59, 94, 100, 95, 4, 52, 18, 67, 14, 7, 3, 55, 124, 42, 77, 31, 5, 1, 112, 29, 37, 10, 69, 98, 118, 63, 114, 57, 120, 11, 8, 99, 13, 23, 119, 20, 91, 27, 28, 111, 30, 86, 117, 9, 24, 110, 2, 79, 6, 40, 47, 72, 88, 105, 16, 51, 83, 85, 21, 61, 65, 66, 12, 49, 53, 97, 107, 113, 122, 32, 39, 54, 109, 26, 34, 60, 90, 19, 35, 46, 80, 96, 123, 36, 58, 68, 102, 15, 75, 82, 84, 101, 103, 41, 44, 48, 50, 76, 106, 121, 45, 56, 64, 81, 87, 92, 115, 116, 25, 38, 62, 71, 73, 78, 93, 104
123
108, 74, 17, 33, 89, 43, 0, 22, 70, 59, 94, 100, 95, 4, 52, 18, 67, 14, 7, 3, 55, 124, 42, 77, 31, 5, 1, 112, 29, 37, 10, 69, 98, 118, 63, 114, 57, 120, 11, 8, 99, 13, 23, 119, 20, 91, 27, 28, 111, 30, 86, 117, 9, 24, 110, 2, 79, 6, 40, 47, 72, 88, 105, 16, 51, 83, 85, 21, 61, 65, 66, 12, 49, 53, 97, 107, 113, 122, 32, 39, 54, 109, 26, 34, 60, 90, 19, 35, 46, 80, 96, 123, 36, 58, 68, 102, 15, 75, 82, 84, 101, 103, 41, 44, 48, 50, 76, 106, 121, 45, 56, 64, 81, 87, 92, 115, 116, 25, 38, 62, 71, 73, 78, 93, 104
122
108, 74, 17, 33, 89, 43, 0, 22, 70, 59, 94, 100, 95, 4, 52, 18, 67, 14, 7, 3, 55, 124, 42, 77, 31, 5, 1, 112, 29, 37, 10, 69, 98, 118, 63, 114, 57, 120, 11, 8, 99, 13, 23, 119, 20, 91, 27, 28, 111, 30, 86, 117, 9, 24, 110, 2, 79, 6, 40, 47, 72, 88, 105, 16, 51, 83, 85, 21, 61, 65, 66, 12, 49, 53, 97, 107, 113, 122, 32, 39, 54, 109, 26, 34, 60, 90, 19, 35, 46, 80, 96, 123, 36, 58, 68, 102, 15, 75, 82, 84, 101, 103, 41, 44, 48, 50, 76, 106, 121, 45, 56, 64, 81, 87, 92, 115, 116, 25, 38, 62, 71, 73, 78, 93, 104
121
108, 74, 17, 33, 89, 43, 0, 22, 70, 59, 94, 100, 95, 4, 52, 18, 67, 14, 7, 3, 55, 124, 42, 77, 31, 5, 1, 112, 29, 37, 10, 69, 98, 118, 63, 114, 57, 120, 11, 8, 99, 13, 23, 119, 20, 91, 27, 28, 111, 30, 86, 117, 9, 24, 110, 2, 79, 6, 40, 47, 72, 88, 105, 16, 51, 83, 85, 21, 61, 65, 66, 12, 49, 53, 97, 107, 113, 122, 32, 39, 54, 109, 26, 34, 60, 90, 19, 35, 46, 80, 96, 123, 36, 58, 68, 102, 15, 75, 82, 84, 101, 103, 41, 44, 48, 50, 76, 106, 121, 45, 56, 64, 81, 87, 92, 115, 116, 25, 38, 62, 71, 73, 78, 93, 104
120
108, 74, 17, 33, 89, 43, 0, 22, 70, 59, 94, 100, 95, 4, 52, 18, 67, 14, 7, 3, 55, 124, 42, 77, 31, 5, 1, 112, 29, 37, 10, 69, 98, 118, 63, 114, 57, 120, 11, 8, 99, 13, 23, 119, 20, 91, 27, 28, 111, 30, 86, 117, 9, 24, 110, 2, 79, 6, 40, 47, 72, 88, 105, 16, 51, 83, 85, 21, 61, 65, 66, 12, 49, 53, 97, 107, 113, 122, 32, 39, 54, 109, 26, 34, 60, 90, 19, 35, 46, 80, 96, 123, 36, 58, 68, 102, 15, 75, 82, 84, 101, 103, 41, 44, 48, 50, 76, 106, 121, 45, 56, 64, 81, 87, 92, 115, 116, 25, 38, 62, 71, 73, 78, 93, 104
119
108, 74, 17, 33, 89, 43, 0, 22, 70, 59, 94, 100, 95, 4, 52, 18, 67, 14, 7, 3, 55, 124, 42, 77, 31, 5, 1, 112, 29, 37, 10, 69, 98, 118, 63, 114, 57, 120, 11, 8, 99, 13, 23, 119, 20, 91, 27, 28, 111, 30, 86, 117, 9, 24, 110, 2, 79, 6, 40, 47, 72, 88, 105, 16, 51, 83, 85, 21, 61, 65, 66, 12, 49, 53, 97, 107, 113, 122, 32, 39, 54, 109, 26, 34, 60, 90, 19, 35, 46, 80, 96, 123, 36, 58, 68, 102, 15, 75, 82, 84, 101, 103, 41, 44, 48, 50, 76, 106, 121, 45, 56, 64, 81, 87, 92, 115, 116, 25, 38, 62, 71, 73, 78, 93, 104
118
108, 74, 17, 33, 89, 43, 0, 22, 70, 59, 94, 100, 95, 4, 52, 18, 67, 14, 7, 3, 55, 124, 42, 77, 31, 5, 1, 112, 29, 37, 10, 69, 98, 118, 63, 114, 57, 120, 11, 8, 99, 13, 23, 119, 20, 91, 27, 28, 111, 30, 86, 117, 9, 24, 110, 2, 79, 6, 40, 47, 72, 88, 105, 16, 51, 83, 85, 21, 61, 65, 66, 12, 49, 53, 97, 107, 113, 122, 32, 39, 54, 109, 26, 34, 60, 90, 19, 35, 46, 80, 96, 123, 36, 58, 68, 102, 15, 75, 82, 84, 101, 103, 41, 44, 48, 50, 76, 106, 121, 45, 56, 64, 81, 87, 92, 115, 116, 25, 38, 62, 71, 73, 78, 93, 104
117
108, 74, 17, 33, 89, 43, 0, 22, 70, 59, 94, 100, 95, 4, 52, 18, 67, 14, 7, 3, 55, 124, 42, 77, 31, 5, 1, 112, 29, 37, 10, 69, 98, 118, 63, 114, 57, 120, 11, 8, 99, 13, 23, 119, 20, 91, 27, 28, 111, 30, 86, 117, 9, 24, 110, 2, 79, 6, 40, 47, 72, 88, 105, 16, 51, 83, 85, 21, 61, 65, 66, 12, 49, 53, 97, 107, 113, 122, 32, 39, 54, 109, 26, 34, 60, 90, 19, 35, 46, 80, 96, 123, 36, 58, 68, 102, 15, 75, 82, 84, 101, 103, 41, 44, 48, 50, 76, 106, 121, 45, 56, 64, 81, 87, 92, 115, 116, 25, 38, 62, 71, 73, 78, 93, 104
116
108, 74, 17, 33, 89, 43, 0, 22, 70, 59, 94, 100, 95, 4, 52, 18, 67, 14, 7, 3, 55, 124, 42, 77, 31, 5, 1, 112, 29, 37, 10, 69, 98, 118, 63, 114, 57, 120, 11, 8, 99, 13, 23, 119, 20, 91, 27, 28, 111, 30, 86, 117, 9, 24, 110, 2, 79, 6, 40, 47, 72, 88, 105, 16, 51, 83, 85, 21, 61, 65, 66, 12, 49, 53, 97, 107, 113, 122, 32, 39, 54, 109, 26, 34, 60, 90, 19, 35, 46, 80, 96, 123, 36, 58, 68, 102, 15, 75, 82, 84, 101, 103, 41, 44, 48, 50, 76, 106, 121, 45, 56, 64, 81, 87, 92, 115, 116, 25, 38, 62, 71, 73, 78, 93, 104
115
108, 74, 17, 33, 89, 43, 0, 22, 70, 59, 94, 100, 95, 4, 52, 18, 67, 14, 7, 3, 55, 124, 42, 77, 31, 5, 1, 112, 29, 37, 10, 69, 98, 118, 63, 114, 57, 120, 11, 8, 99, 13, 23, 119, 20, 91, 27, 28, 111, 30, 86, 117, 9, 24, 110, 2, 79, 6, 40, 47, 72, 88, 105, 16, 51, 83, 85, 21, 61, 65, 66, 12, 49, 53, 97, 107, 113, 122, 32, 39, 54, 109, 26, 34, 60, 90, 19, 35, 46, 80, 96, 123, 36, 58, 68, 102, 15, 75, 82, 84, 101, 103, 41, 44, 48, 50, 76, 106, 121, 45, 56, 64, 81, 87, 92, 115, 116, 25, 38, 62, 71, 73, 78, 93, 104
114
108, 74, 17, 33, 89, 43, 0, 22, 70, 59, 94, 100, 95, 4, 52, 18, 67, 14, 7, 3, 55, 124, 42, 77, 31, 5, 1, 112, 29, 37, 10, 69, 98, 118, 63, 114, 57, 120, 11, 8, 99, 13, 23, 119, 20, 91, 27, 28, 111, 30, 86, 117, 9, 24, 110, 2, 79, 6, 40, 47, 72, 88, 105, 16, 51, 83, 85, 21, 61, 65, 66, 12, 49, 53, 97, 107, 113, 122, 32, 39, 54, 109, 26, 34, 60, 90, 19, 35, 46, 80, 96, 123, 36, 58, 68, 102, 15, 75, 82, 84, 101, 103, 41, 44, 48, 50, 76, 106, 121, 45, 56, 64, 81, 87, 92, 115, 116, 25, 38, 62, 71, 73, 78, 93, 104
113
108, 74, 17, 33, 89, 43, 0, 22, 70, 59, 94, 100, 95, 4, 52, 18, 67, 14, 7, 3, 55, 124, 42, 77, 31, 5, 1, 112, 29, 37, 10, 69, 98, 118, 63, 114, 57, 120, 11, 8, 99, 13, 23, 119, 20, 91, 27, 28, 111, 30, 86, 117, 9, 24, 110, 2, 79, 6, 40, 47, 72, 88, 105, 16, 51, 83, 85, 21, 61, 65, 66, 12, 49, 53, 97, 107, 113, 122, 32, 39, 54, 109, 26, 34, 60, 90, 19, 35, 46, 80, 96, 123, 36, 58, 68, 102, 15, 75, 82, 84, 101, 103, 41, 44, 48, 50, 76, 106, 121, 45, 56, 64, 81, 87, 92, 115, 116, 25, 38, 62, 71, 73, 78, 93, 104
112
108, 74, 17, 33, 89, 43, 0, 22, 70, 59, 94, 100, 95, 4, 52, 18, 67, 14, 7, 3, 55, 124, 42, 77, 31, 5, 1, 112, 29, 37, 10, 69, 98, 118, 63, 114, 57, 120, 11, 8, 99, 13, 23, 119, 20, 91, 27, 28, 111, 30, 86, 117, 9, 24, 110, 2, 79, 6, 40, 47, 72, 88, 105, 16, 51, 83, 85, 21, 61, 65, 66, 12, 49, 53, 97, 107, 113, 122, 32, 39, 54, 109, 26, 34, 60, 90, 19, 35, 46, 80, 96, 123, 36, 58, 68, 102, 15, 75, 82, 84, 101, 103, 41, 44, 48, 50, 76, 106, 121, 45, 56, 64, 81, 87, 92, 115, 116, 25, 38, 62, 71, 73, 78, 93, 104
111
108, 74, 17, 33, 89, 43, 0, 22, 70, 59, 94, 100, 95, 4, 52, 18, 67, 14, 7, 3, 55, 124, 42, 77, 31, 5, 1, 112, 29, 37, 10, 69, 98, 118, 63, 114, 57, 120, 11, 8, 99, 13, 23, 119, 20, 91, 27, 28, 111, 30, 86, 117, 9, 24, 110, 2, 79, 6, 40, 47, 72, 88, 105, 16, 51, 83, 85, 21, 61, 65, 66, 12, 49, 53, 97, 107, 113, 122, 32, 39, 54, 109, 26, 34, 60, 90, 19, 35, 46, 80, 96, 123, 36, 58, 68, 102, 15, 75, 82, 84, 101, 103, 41, 44, 48, 50, 76, 106, 121, 45, 56, 64, 81, 87, 92, 115, 116, 25, 38, 62, 71, 73, 78, 93, 104
110
108, 74, 17, 33, 89, 43, 0, 22, 70, 59, 94, 100, 95, 4, 52, 18, 67, 14, 7, 3, 55, 124, 42, 77, 31, 5, 1, 112, 29, 37, 10, 69, 98, 118, 63, 114, 57, 120, 11, 8, 99, 13, 23, 119, 20, 91, 27, 28, 111, 30, 86, 117, 9, 24, 110, 2, 79, 6, 40, 47, 72, 88, 105, 16, 51, 83, 85, 21, 61, 65, 66, 12, 49, 53, 97, 107, 113, 122, 32, 39, 54, 109, 26, 34, 60, 90, 19, 35, 46, 80, 96, 123, 36, 58, 68, 102, 15, 75, 82, 84, 101, 103, 41, 44, 48, 50, 76, 106, 121, 45, 56, 64, 81, 87, 92, 115, 116, 25, 38, 62, 71, 73, 78, 93, 104
109
108, 74, 17, 33, 89, 43, 0, 22, 70, 59, 94, 100, 95, 4, 52, 18, 67, 14, 7, 3, 55, 124, 42, 77, 31, 5, 1, 112, 29, 37, 10, 69, 98, 118, 63, 114, 57, 120, 11, 8, 99, 13, 23, 119, 20, 91, 27, 28, 111, 30, 86, 117, 9, 24, 110, 2, 79, 6, 40, 47, 72, 88, 105, 16, 51, 83, 85, 21, 61, 65, 66, 12, 49, 53, 97, 107, 113, 122, 32, 39, 54, 109, 26, 34, 60, 90, 19, 35, 46, 80, 96, 123, 36, 58, 68, 102, 15, 75, 82, 84, 101, 103, 41, 44, 48, 50, 76, 106, 121, 45, 56, 64, 81, 87, 92, 115, 116, 25, 38, 62, 71, 73, 78, 93, 104
108
108, 74, 17, 33, 89, 43, 0, 22, 70, 59, 94, 100, 95, 4, 52, 18, 67, 14, 7, 3, 55, 124, 42, 77, 31, 5, 1, 112, 29, 37, 10, 69, 98, 118, 63, 114, 57, 120, 11, 8, 99, 13, 23, 119, 20, 91, 27, 28, 111, 30, 86, 117, 9, 24, 110, 2, 79, 6, 40, 47, 72, 88, 105, 16, 51, 83, 85, 21, 61, 65, 66, 12, 49, 53, 97, 107, 113, 122, 32, 39, 54, 109, 26, 34, 60, 90, 19, 35, 46, 80, 96, 123, 36, 58, 68, 102, 15, 75, 82, 84, 101, 103, 41, 44, 48, 50, 76, 106, 121, 45, 56, 64, 81, 87, 92, 115, 116, 25, 38, 62, 71, 73, 78, 93, 104
107
108, 74, 17, 33, 89, 43, 0, 22, 70, 59, 94, 100, 95, 4, 52, 18, 67, 14, 7, 3, 55, 124, 42, 77, 31, 5, 1, 112, 29, 37, 10, 69, 98, 118, 63, 114, 57, 120, 11, 8, 99, 13, 23, 119, 20, 91, 27, 28, 111, 30, 86, 117, 9, 24, 110, 2, 79, 6, 40, 47, 72, 88, 105, 16, 51, 83, 85, 21, 61, 65, 66, 12, 49, 53, 97, 107, 113, 122, 32, 39, 54, 109, 26, 34, 60, 90, 19, 35, 46, 80, 96, 123, 36, 58, 68, 102, 15, 75, 82, 84, 101, 103, 41, 44, 48, 50, 76, 106, 121, 45, 56, 64, 81, 87, 92, 115, 116, 25, 38, 62, 71, 73, 78, 93, 104
106
108, 74, 17, 33, 89, 43, 0, 22, 70, 59, 94, 100, 95, 4, 52, 18, 67, 14, 7, 3, 55, 124, 42, 77, 31, 5, 1, 112, 29, 37, 10, 69, 98, 118, 63, 114, 57, 120, 11, 8, 99, 13, 23, 119, 20, 91, 27, 28, 111, 30, 86, 117, 9, 24, 110, 2, 79, 6, 40, 47, 72, 88, 105, 16, 51, 83, 85, 21, 61, 65, 66, 12, 49, 53, 97, 107, 113, 122, 32, 39, 54, 109, 26, 34, 60, 90, 19, 35, 46, 80, 96, 123, 36, 58, 68, 102, 15, 75, 82, 84, 101, 103, 41, 44, 48, 50, 76, 106, 121, 45, 56, 64, 81, 87, 92, 115, 116, 25, 38, 62, 71, 73, 78, 93, 104
105
108, 74, 17, 33, 89, 43, 0, 22, 70, 59, 94, 100, 95, 4, 52, 18, 67, 14, 7, 3, 55, 124, 42, 77, 31, 5, 1, 112, 29, 37, 10, 69, 98, 118, 63, 114, 57, 120, 11, 8, 99, 13, 23, 119, 20, 91, 27, 28, 111, 30, 86, 117, 9, 24, 110, 2, 79, 6, 40, 47, 72, 88, 105, 16, 51, 83, 85, 21, 61, 65, 66, 12, 49, 53, 97, 107, 113, 122, 32, 39, 54, 109, 26, 34, 60, 90, 19, 35, 46, 80, 96, 123, 36, 58, 68, 102, 15, 75, 82, 84, 101, 103, 41, 44, 48, 50, 76, 106, 121, 45, 56, 64, 81, 87, 92, 115, 116, 25, 38, 62, 71, 73, 78, 93, 104
104
108, 74, 17, 33, 89, 43, 0, 22, 70, 59, 94, 100, 95, 4, 52, 18, 67, 14, 7, 3, 55, 124, 42, 77, 31, 5, 1, 112, 29, 37, 10, 69, 98, 118, 63, 114, 57, 120, 11, 8, 99, 13, 23, 119, 20, 91, 27, 28, 111, 30, 86, 117, 9, 24, 110, 2, 79, 6, 40, 47, 72, 88, 105, 16, 51, 83, 85, 21, 61, 65, 66, 12, 49, 53, 97, 107, 113, 122, 32, 39, 54, 109, 26, 34, 60, 90, 19, 35, 46, 80, 96, 123, 36, 58, 68, 102, 15, 75, 82, 84, 101, 103, 41, 44, 48, 50, 76, 106, 121, 45, 56, 64, 81, 87, 92, 115, 116, 25, 38, 62, 71, 73, 78, 93, 104
103
108, 74, 17, 33, 89, 43, 0, 22, 70, 59, 94, 100, 95, 4, 52, 18, 67, 14, 7, 3, 55, 124, 42, 77, 31, 5, 1, 112, 29, 37, 10, 69, 98, 118, 63, 114, 57, 120, 11, 8, 99, 13, 23, 119, 20, 91, 27, 28, 111, 30, 86, 117, 9, 24, 110, 2, 79, 6, 40, 47, 72, 88, 105, 16, 51, 83, 85, 21, 61, 65, 66, 12, 49, 53, 97, 107, 113, 122, 32, 39, 54, 109, 26, 34, 60, 90, 19, 35, 46, 80, 96, 123, 36, 58, 68, 102, 15, 75, 82, 84, 101, 103, 41, 44, 48, 50, 76, 106, 121, 45, 56, 64, 81, 87, 92, 115, 116, 25, 38, 62, 71, 73, 78, 93, 104
102
108, 74, 17, 33, 89, 43, 0, 22, 70, 59, 94, 100, 95, 4, 52, 18, 67, 14, 7, 3, 55, 124, 42, 77, 31, 5, 1, 112, 29, 37, 10, 69, 98, 118, 63, 114, 57, 120, 11, 8, 99, 13, 23, 119, 20, 91, 27, 28, 111, 30, 86, 117, 9, 24, 110, 2, 79, 6, 40, 47, 72, 88, 105, 16, 51, 83, 85, 21, 61, 65, 66, 12, 49, 53, 97, 107, 113, 122, 32, 39, 54, 109, 26, 34, 60, 90, 19, 35, 46, 80, 96, 123, 36, 58, 68, 102, 15, 75, 82, 84, 101, 103, 41, 44, 48, 50, 76, 106, 121, 45, 56, 64, 81, 87, 92, 115, 116, 25, 38, 62, 71, 73, 78, 93, 104
101
108, 74, 17, 33, 89, 43, 0, 22, 70, 59, 94, 100, 95, 4, 52, 18, 67, 14, 7, 3, 55, 124, 42, 77, 31, 5, 1, 112, 29, 37, 10, 69, 98, 118, 63, 114, 57, 120, 11, 8, 99, 13, 23, 119, 20, 91, 27, 28, 111, 30, 86, 117, 9, 24, 110, 2, 79, 6, 40, 47, 72, 88, 105, 16, 51, 83, 85, 21, 61, 65, 66, 12, 49, 53, 97, 107, 113, 122, 32, 39, 54, 109, 26, 34, 60, 90, 19, 35, 46, 80, 96, 123, 36, 58, 68, 102, 15, 75, 82, 84, 101, 103, 41, 44, 48, 50, 76, 106, 121, 45, 56, 64, 81, 87, 92, 115, 116, 25, 38, 62, 71, 73, 78, 93, 104
100
108, 74, 17, 33, 89, 43, 0, 22, 70, 59, 94, 100, 95, 4, 52, 18, 67, 14, 7, 3, 55, 124, 42, 77, 31, 5, 1, 112, 29, 37, 10, 69, 98, 118, 63, 114, 57, 120, 11, 8, 99, 13, 23, 119, 20, 91, 27, 28, 111, 30, 86, 117, 9, 24, 110, 2, 79, 6, 40, 47, 72, 88, 105, 16, 51, 83, 85, 21, 61, 65, 66, 12, 49, 53, 97, 107, 113, 122, 32, 39, 54, 109, 26, 34, 60, 90, 19, 35, 46, 80, 96, 123, 36, 58, 68, 102, 15, 75, 82, 84, 101, 103, 41, 44, 48, 50, 76, 106, 121, 45, 56, 64, 81, 87, 92, 115, 116, 25, 38, 62, 71, 73, 78, 93, 104
99
108, 74, 17, 33, 89, 43, 0, 22, 70, 59, 94, 100, 95, 4, 52, 18, 67, 14, 7, 3, 55, 124, 42, 77, 31, 5, 1, 112, 29, 37, 10, 69, 98, 118, 63, 114, 57, 120, 11, 8, 99, 13, 23, 119, 20, 91, 27, 28, 111, 30, 86, 117, 9, 24, 110, 2, 79, 6, 40, 47, 72, 88, 105, 16, 51, 83, 85, 21, 61, 65, 66, 12, 49, 53, 97, 107, 113, 122, 32, 39, 54, 109, 26, 34, 60, 90, 19, 35, 46, 80, 96, 123, 36, 58, 68, 102, 15, 75, 82, 84, 101, 103, 41, 44, 48, 50, 76, 106, 121, 45, 56, 64, 81, 87, 92, 115, 116, 25, 38, 62, 71, 73, 78, 93, 104
98
108, 74, 17, 33, 89, 43, 0, 22, 70, 59, 94, 100, 95, 4, 52, 18, 67, 14, 7, 3, 55, 124, 42, 77, 31, 5, 1, 112, 29, 37, 10, 69, 98, 118, 63, 114, 57, 120, 11, 8, 99, 13, 23, 119, 20, 91, 27, 28, 111, 30, 86, 117, 9, 24, 110, 2, 79, 6, 40, 47, 72, 88, 105, 16, 51, 83, 85, 21, 61, 65, 66, 12, 49, 53, 97, 107, 113, 122, 32, 39, 54, 109, 26, 34, 60, 90, 19, 35, 46, 80, 96, 123, 36, 58, 68, 102, 15, 75, 82, 84, 101, 103, 41, 44, 48, 50, 76, 106, 121, 45, 56, 64, 81, 87, 92, 115, 116, 25, 38, 62, 71, 73, 78, 93, 104
97
108, 74, 17, 33, 89, 43, 0, 22, 70, 59, 94, 100, 95, 4, 52, 18, 67, 14, 7, 3, 55, 124, 42, 77, 31, 5, 1, 112, 29, 37, 10, 69, 98, 118, 63, 114, 57, 120, 11, 8, 99, 13, 23, 119, 20, 91, 27, 28, 111, 30, 86, 117, 9, 24, 110, 2, 79, 6, 40, 47, 72, 88, 105, 16, 51, 83, 85, 21, 61, 65, 66, 12, 49, 53, 97, 107, 113, 122, 32, 39, 54, 109, 26, 34, 60, 90, 19, 35, 46, 80, 96, 123, 36, 58, 68, 102, 15, 75, 82, 84, 101, 103, 41, 44, 48, 50, 76, 106, 121, 45, 56, 64, 81, 87, 92, 115, 116, 25, 38, 62, 71, 73, 78, 93, 104
96
108, 74, 17, 33, 89, 43, 0, 22, 70, 59, 94, 100, 95, 4, 52, 18, 67, 14, 7, 3, 55, 124, 42, 77, 31, 5, 1, 112, 29, 37, 10, 69, 98, 118, 63, 114, 57, 120, 11, 8, 99, 13, 23, 119, 20, 91, 27, 28, 111, 30, 86, 117, 9, 24, 110, 2, 79, 6, 40, 47, 72, 88, 105, 16, 51, 83, 85, 21, 61, 65, 66, 12, 49, 53, 97, 107, 113, 122, 32, 39, 54, 109, 26, 34, 60, 90, 19, 35, 46, 80, 96, 123, 36, 58, 68, 102, 15, 75, 82, 84, 101, 103, 41, 44, 48, 50, 76, 106, 121, 45, 56, 64, 81, 87, 92, 115, 116, 25, 38, 62, 71, 73, 78, 93, 104
95
108, 74, 17, 33, 89, 43, 0, 22, 70, 59, 94, 100, 95, 4, 52, 18, 67, 14, 7, 3, 55, 124, 42, 77, 31, 5, 1, 112, 29, 37, 10, 69, 98, 118, 63, 114, 57, 120, 11, 8, 99, 13, 23, 119, 20, 91, 27, 28, 111, 30, 86, 117, 9, 24, 110, 2, 79, 6, 40, 47, 72, 88, 105, 16, 51, 83, 85, 21, 61, 65, 66, 12, 49, 53, 97, 107, 113, 122, 32, 39, 54, 109, 26, 34, 60, 90, 19, 35, 46, 80, 96, 123, 36, 58, 68, 102, 15, 75, 82, 84, 101, 103, 41, 44, 48, 50, 76, 106, 121, 45, 56, 64, 81, 87, 92, 115, 116, 25, 38, 62, 71, 73, 78, 93, 104
94
108, 74, 17, 33, 89, 43, 0, 22, 70, 59, 94, 100, 95, 4, 52, 18, 67, 14, 7, 3, 55, 124, 42, 77, 31, 5, 1, 112, 29, 37, 10, 69, 98, 118, 63, 114, 57, 120, 11, 8, 99, 13, 23, 119, 20, 91, 27, 28, 111, 30, 86, 117, 9, 24, 110, 2, 79, 6, 40, 47, 72, 88, 105, 16, 51, 83, 85, 21, 61, 65, 66, 12, 49, 53, 97, 107, 113, 122, 32, 39, 54, 109, 26, 34, 60, 90, 19, 35, 46, 80, 96, 123, 36, 58, 68, 102, 15, 75, 82, 84, 101, 103, 41, 44, 48, 50, 76, 106, 121, 45, 56, 64, 81, 87, 92, 115, 116, 25, 38, 62, 71, 73, 78, 93, 104
93
108, 74, 17, 33, 89, 43, 0, 22, 70, 59, 94, 100, 95, 4, 52, 18, 67, 14, 7, 3, 55, 124, 42, 77, 31, 5, 1, 112, 29, 37, 10, 69, 98, 118, 63, 114, 57, 120, 11, 8, 99, 13, 23, 119, 20, 91, 27, 28, 111, 30, 86, 117, 9, 24, 110, 2, 79, 6, 40, 47, 72, 88, 105, 16, 51, 83, 85, 21, 61, 65, 66, 12, 49, 53, 97, 107, 113, 122, 32, 39, 54, 109, 26, 34, 60, 90, 19, 35, 46, 80, 96, 123, 36, 58, 68, 102, 15, 75, 82, 84, 101, 103, 41, 44, 48, 50, 76, 106, 121, 45, 56, 64, 81, 87, 92, 115, 116, 25, 38, 62, 71, 73, 78, 93, 104
92
108, 74, 17, 33, 89, 43, 0, 22, 70, 59, 94, 100, 95, 4, 52, 18, 67, 14, 7, 3, 55, 124, 42, 77, 31, 5, 1, 112, 29, 37, 10, 69, 98, 118, 63, 114, 57, 120, 11, 8, 99, 13, 23, 119, 20, 91, 27, 28, 111, 30, 86, 117, 9, 24, 110, 2, 79, 6, 40, 47, 72, 88, 105, 16, 51, 83, 85, 21, 61, 65, 66, 12, 49, 53, 97, 107, 113, 122, 32, 39, 54, 109, 26, 34, 60, 90, 19, 35, 46, 80, 96, 123, 36, 58, 68, 102, 15, 75, 82, 84, 101, 103, 41, 44, 48, 50, 76, 106, 121, 45, 56, 64, 81, 87, 92, 115, 116, 25, 38, 62, 71, 73, 78, 93, 104
91
108, 74, 17, 33, 89, 43, 0, 22, 70, 59, 94, 100, 95, 4, 52, 18, 67, 14, 7, 3, 55, 124, 42, 77, 31, 5, 1, 112, 29, 37, 10, 69, 98, 118, 63, 114, 57, 120, 11, 8, 99, 13, 23, 119, 20, 91, 27, 28, 111, 30, 86, 117, 9, 24, 110, 2, 79, 6, 40, 47, 72, 88, 105, 16, 51, 83, 85, 21, 61, 65, 66, 12, 49, 53, 97, 107, 113, 122, 32, 39, 54, 109, 26, 34, 60, 90, 19, 35, 46, 80, 96, 123, 36, 58, 68, 102, 15, 75, 82, 84, 101, 103, 41, 44, 48, 50, 76, 106, 121, 45, 56, 64, 81, 87, 92, 115, 116, 25, 38, 62, 71, 73, 78, 93, 104
90
108, 74, 17, 33, 89, 43, 0, 22, 70, 59, 94, 100, 95, 4, 52, 18, 67, 14, 7, 3, 55, 124, 42, 77, 31, 5, 1, 112, 29, 37, 10, 69, 98, 118, 63, 114, 57, 120, 11, 8, 99, 13, 23, 119, 20, 91, 27, 28, 111, 30, 86, 117, 9, 24, 110, 2, 79, 6, 40, 47, 72, 88, 105, 16, 51, 83, 85, 21, 61, 65, 66, 12, 49, 53, 97, 107, 113, 122, 32, 39, 54, 109, 26, 34, 60, 90, 19, 35, 46, 80, 96, 123, 36, 58, 68, 102, 15, 75, 82, 84, 101, 103, 41, 44, 48, 50, 76, 106, 121, 45, 56, 64, 81, 87, 92, 115, 116, 25, 38, 62, 71, 73, 78, 93, 104
89
108, 74, 17, 33, 89, 43, 0, 22, 70, 59, 94, 100, 95, 4, 52, 18, 67, 14, 7, 3, 55, 124, 42, 77, 31, 5, 1, 112, 29, 37, 10, 69, 98, 118, 63, 114, 57, 120, 11, 8, 99, 13, 23, 119, 20, 91, 27, 28, 111, 30, 86, 117, 9, 24, 110, 2, 79, 6, 40, 47, 72, 88, 105, 16, 51, 83, 85, 21, 61, 65, 66, 12, 49, 53, 97, 107, 113, 122, 32, 39, 54, 109, 26, 34, 60, 90, 19, 35, 46, 80, 96, 123, 36, 58, 68, 102, 15, 75, 82, 84, 101, 103, 41, 44, 48, 50, 76, 106, 121, 45, 56, 64, 81, 87, 92, 115, 116, 25, 38, 62, 71, 73, 78, 93, 104
88
108, 74, 17, 33, 89, 43, 0, 22, 70, 59, 94, 100, 95, 4, 52, 18, 67, 14, 7, 3, 55, 124, 42, 77, 31, 5, 1, 112, 29, 37, 10, 69, 98, 118, 63, 114, 57, 120, 11, 8, 99, 13, 23, 119, 20, 91, 27, 28, 111, 30, 86, 117, 9, 24, 110, 2, 79, 6, 40, 47, 72, 88, 105, 16, 51, 83, 85, 21, 61, 65, 66, 12, 49, 53, 97, 107, 113, 122, 32, 39, 54, 109, 26, 34, 60, 90, 19, 35, 46, 80, 96, 123, 36, 58, 68, 102, 15, 75, 82, 84, 101, 103, 41, 44, 48, 50, 76, 106, 121, 45, 56, 64, 81, 87, 92, 115, 116, 25, 38, 62, 71, 73, 78, 93, 104
87
108, 74, 17, 33, 89, 43, 0, 22, 70, 59, 94, 100, 95, 4, 52, 18, 67, 14, 7, 3, 55, 124, 42, 77, 31, 5, 1, 112, 29, 37, 10, 69, 98, 118, 63, 114, 57, 120, 11, 8, 99, 13, 23, 119, 20, 91, 27, 28, 111, 30, 86, 117, 9, 24, 110, 2, 79, 6, 40, 47, 72, 88, 105, 16, 51, 83, 85, 21, 61, 65, 66, 12, 49, 53, 97, 107, 113, 122, 32, 39, 54, 109, 26, 34, 60, 90, 19, 35, 46, 80, 96, 123, 36, 58, 68, 102, 15, 75, 82, 84, 101, 103, 41, 44, 48, 50, 76, 106, 121, 45, 56, 64, 81, 87, 92, 115, 116, 25, 38, 62, 71, 73, 78, 93, 104
86
108, 74, 17, 33, 89, 43, 0, 22, 70, 59, 94, 100, 95, 4, 52, 18, 67, 14, 7, 3, 55, 124, 42, 77, 31, 5, 1, 112, 29, 37, 10, 69, 98, 118, 63, 114, 57, 120, 11, 8, 99, 13, 23, 119, 20, 91, 27, 28, 111, 30, 86, 117, 9, 24, 110, 2, 79, 6, 40, 47, 72, 88, 105, 16, 51, 83, 85, 21, 61, 65, 66, 12, 49, 53, 97, 107, 113, 122, 32, 39, 54, 109, 26, 34, 60, 90, 19, 35, 46, 80, 96, 123, 36, 58, 68, 102, 15, 75, 82, 84, 101, 103, 41, 44, 48, 50, 76, 106, 121, 45, 56, 64, 81, 87, 92, 115, 116, 25, 38, 62, 71, 73, 78, 93, 104
85
108, 74, 17, 33, 89, 43, 0, 22, 70, 59, 94, 100, 95, 4, 52, 18, 67, 14, 7, 3, 55, 124, 42, 77, 31, 5, 1, 112, 29, 37, 10, 69, 98, 118, 63, 114, 57, 120, 11, 8, 99, 13, 23, 119, 20, 91, 27, 28, 111, 30, 86, 117, 9, 24, 110, 2, 79, 6, 40, 47, 72, 88, 105, 16, 51, 83, 85, 21, 61, 65, 66, 12, 49, 53, 97, 107, 113, 122, 32, 39, 54, 109, 26, 34, 60, 90, 19, 35, 46, 80, 96, 123, 36, 58, 68, 102, 15, 75, 82, 84, 101, 103, 41, 44, 48, 50, 76, 106, 121, 45, 56, 64, 81, 87, 92, 115, 116, 25, 38, 62, 71, 73, 78, 93, 104
84
108, 74, 17, 33, 89, 43, 0, 22, 70, 59, 94, 100, 95, 4, 52, 18, 67, 14, 7, 3, 55, 124, 42, 77, 31, 5, 1, 112, 29, 37, 10, 69, 98, 118, 63, 114, 57, 120, 11, 8, 99, 13, 23, 119, 20, 91, 27, 28, 111, 30, 86, 117, 9, 24, 110, 2, 79, 6, 40, 47, 72, 88, 105, 16, 51, 83, 85, 21, 61, 65, 66, 12, 49, 53, 97, 107, 113, 122, 32, 39, 54, 109, 26, 34, 60, 90, 19, 35, 46, 80, 96, 123, 36, 58, 68, 102, 15, 75, 82, 84, 101, 103, 41, 44, 48, 50, 76, 106, 121, 45, 56, 64, 81, 87, 92, 115, 116, 25, 38, 62, 71, 73, 78, 93, 104
83
108, 74, 17, 33, 89, 43, 0, 22, 70, 59, 94, 100, 95, 4, 52, 18, 67, 14, 7, 3, 55, 124, 42, 77, 31, 5, 1, 112, 29, 37, 10, 69, 98, 118, 63, 114, 57, 120, 11, 8, 99, 13, 23, 119, 20, 91, 27, 28, 111, 30, 86, 117, 9, 24, 110, 2, 79, 6, 40, 47, 72, 88, 105, 16, 51, 83, 85, 21, 61, 65, 66, 12, 49, 53, 97, 107, 113, 122, 32, 39, 54, 109, 26, 34, 60, 90, 19, 35, 46, 80, 96, 123, 36, 58, 68, 102, 15, 75, 82, 84, 101, 103, 41, 44, 48, 50, 76, 106, 121, 45, 56, 64, 81, 87, 92, 115, 116, 25, 38, 62, 71, 73, 78, 93, 104
82
108, 74, 17, 33, 89, 43, 0, 22, 70, 59, 94, 100, 95, 4, 52, 18, 67, 14, 7, 3, 55, 124, 42, 77, 31, 5, 1, 112, 29, 37, 10, 69, 98, 118, 63, 114, 57, 120, 11, 8, 99, 13, 23, 119, 20, 91, 27, 28, 111, 30, 86, 117, 9, 24, 110, 2, 79, 6, 40, 47, 72, 88, 105, 16, 51, 83, 85, 21, 61, 65, 66, 12, 49, 53, 97, 107, 113, 122, 32, 39, 54, 109, 26, 34, 60, 90, 19, 35, 46, 80, 96, 123, 36, 58, 68, 102, 15, 75, 82, 84, 101, 103, 41, 44, 48, 50, 76, 106, 121, 45, 56, 64, 81, 87, 92, 115, 116, 25, 38, 62, 71, 73, 78, 93, 104
81
108, 74, 17, 33, 89, 43, 0, 22, 70, 59, 94, 100, 95, 4, 52, 18, 67, 14, 7, 3, 55, 124, 42, 77, 31, 5, 1, 112, 29, 37, 10, 69, 98, 118, 63, 114, 57, 120, 11, 8, 99, 13, 23, 119, 20, 91, 27, 28, 111, 30, 86, 117, 9, 24, 110, 2, 79, 6, 40, 47, 72, 88, 105, 16, 51, 83, 85, 21, 61, 65, 66, 12, 49, 53, 97, 107, 113, 122, 32, 39, 54, 109, 26, 34, 60, 90, 19, 35, 46, 80, 96, 123, 36, 58, 68, 102, 15, 75, 82, 84, 101, 103, 41, 44, 48, 50, 76, 106, 121, 45, 56, 64, 81, 87, 92, 115, 116, 25, 38, 62, 71, 73, 78, 93, 104
80
108, 74, 17, 33, 89, 43, 0, 22, 70, 59, 94, 100, 95, 4, 52, 18, 67, 14, 7, 3, 55, 124, 42, 77, 31, 5, 1, 112, 29, 37, 10, 69, 98, 118, 63, 114, 57, 120, 11, 8, 99, 13, 23, 119, 20, 91, 27, 28, 111, 30, 86, 117, 9, 24, 110, 2, 79, 6, 40, 47, 72, 88, 105, 16, 51, 83, 85, 21, 61, 65, 66, 12, 49, 53, 97, 107, 113, 122, 32, 39, 54, 109, 26, 34, 60, 90, 19, 35, 46, 80, 96, 123, 36, 58, 68, 102, 15, 75, 82, 84, 101, 103, 41, 44, 48, 50, 76, 106, 121, 45, 56, 64, 81, 87, 92, 115, 116, 25, 38, 62, 71, 73, 78, 93, 104
79
108, 74, 17, 33, 89, 43, 0, 22, 70, 59, 94, 100, 95, 4, 52, 18, 67, 14, 7, 3, 55, 124, 42, 77, 31, 5, 1, 112, 29, 37, 10, 69, 98, 118, 63, 114, 57, 120, 11, 8, 99, 13, 23, 119, 20, 91, 27, 28, 111, 30, 86, 117, 9, 24, 110, 2, 79, 6, 40, 47, 72, 88, 105, 16, 51, 83, 85, 21, 61, 65, 66, 12, 49, 53, 97, 107, 113, 122, 32, 39, 54, 109, 26, 34, 60, 90, 19, 35, 46, 80, 96, 123, 36, 58, 68, 102, 15, 75, 82, 84, 101, 103, 41, 44, 48, 50, 76, 106, 121, 45, 56, 64, 81, 87, 92, 115, 116, 25, 38, 62, 71, 73, 78, 93, 104
78
108, 74, 17, 33, 89, 43, 0, 22, 70, 59, 94, 100, 95, 4, 52, 18, 67, 14, 7, 3, 55, 124, 42, 77, 31, 5, 1, 112, 29, 37, 10, 69, 98, 118, 63, 114, 57, 120, 11, 8, 99, 13, 23, 119, 20, 91, 27, 28, 111, 30, 86, 117, 9, 24, 110, 2, 79, 6, 40, 47, 72, 88, 105, 16, 51, 83, 85, 21, 61, 65, 66, 12, 49, 53, 97, 107, 113, 122, 32, 39, 54, 109, 26, 34, 60, 90, 19, 35, 46, 80, 96, 123, 36, 58, 68, 102, 15, 75, 82, 84, 101, 103, 41, 44, 48, 50, 76, 106, 121, 45, 56, 64, 81, 87, 92, 115, 116, 25, 38, 62, 71, 73, 78, 93, 104
77
108, 74, 17, 33, 89, 43, 0, 22, 70, 59, 94, 100, 95, 4, 52, 18, 67, 14, 7, 3, 55, 124, 42, 77, 31, 5, 1, 112, 29, 37, 10, 69, 98, 118, 63, 114, 57, 120, 11, 8, 99, 13, 23, 119, 20, 91, 27, 28, 111, 30, 86, 117, 9, 24, 110, 2, 79, 6, 40, 47, 72, 88, 105, 16, 51, 83, 85, 21, 61, 65, 66, 12, 49, 53, 97, 107, 113, 122, 32, 39, 54, 109, 26, 34, 60, 90, 19, 35, 46, 80, 96, 123, 36, 58, 68, 102, 15, 75, 82, 84, 101, 103, 41, 44, 48, 50, 76, 106, 121, 45, 56, 64, 81, 87, 92, 115, 116, 25, 38, 62, 71, 73, 78, 93, 104
76
108, 74, 17, 33, 89, 43, 0, 22, 70, 59, 94, 100, 95, 4, 52, 18, 67, 14, 7, 3, 55, 124, 42, 77, 31, 5, 1, 112, 29, 37, 10, 69, 98, 118, 63, 114, 57, 120, 11, 8, 99, 13, 23, 119, 20, 91, 27, 28, 111, 30, 86, 117, 9, 24, 110, 2, 79, 6, 40, 47, 72, 88, 105, 16, 51, 83, 85, 21, 61, 65, 66, 12, 49, 53, 97, 107, 113, 122, 32, 39, 54, 109, 26, 34, 60, 90, 19, 35, 46, 80, 96, 123, 36, 58, 68, 102, 15, 75, 82, 84, 101, 103, 41, 44, 48, 50, 76, 106, 121, 45, 56, 64, 81, 87, 92, 115, 116, 25, 38, 62, 71, 73, 78, 93, 104
75
108, 74, 17, 33, 89, 43, 0, 22, 70, 59, 94, 100, 95, 4, 52, 18, 67, 14, 7, 3, 55, 124, 42, 77, 31, 5, 1, 112, 29, 37, 10, 69, 98, 118, 63, 114, 57, 120, 11, 8, 99, 13, 23, 119, 20, 91, 27, 28, 111, 30, 86, 117, 9, 24, 110, 2, 79, 6, 40, 47, 72, 88, 105, 16, 51, 83, 85, 21, 61, 65, 66, 12, 49, 53, 97, 107, 113, 122, 32, 39, 54, 109, 26, 34, 60, 90, 19, 35, 46, 80, 96, 123, 36, 58, 68, 102, 15, 75, 82, 84, 101, 103, 41, 44, 48, 50, 76, 106, 121, 45, 56, 64, 81, 87, 92, 115, 116, 25, 38, 62, 71, 73, 78, 93, 104
74
108, 74, 17, 33, 89, 43, 0, 22, 70, 59, 94, 100, 95, 4, 52, 18, 67, 14, 7, 3, 55, 124, 42, 77, 31, 5, 1, 112, 29, 37, 10, 69, 98, 118, 63, 114, 57, 120, 11, 8, 99, 13, 23, 119, 20, 91, 27, 28, 111, 30, 86, 117, 9, 24, 110, 2, 79, 6, 40, 47, 72, 88, 105, 16, 51, 83, 85, 21, 61, 65, 66, 12, 49, 53, 97, 107, 113, 122, 32, 39, 54, 109, 26, 34, 60, 90, 19, 35, 46, 80, 96, 123, 36, 58, 68, 102, 15, 75, 82, 84, 101, 103, 41, 44, 48, 50, 76, 106, 121, 45, 56, 64, 81, 87, 92, 115, 116, 25, 38, 62, 71, 73, 78, 93, 104
73
108, 74, 17, 33, 89, 43, 0, 22, 70, 59, 94, 100, 95, 4, 52, 18, 67, 14, 7, 3, 55, 124, 42, 77, 31, 5, 1, 112, 29, 37, 10, 69, 98, 118, 63, 114, 57, 120, 11, 8, 99, 13, 23, 119, 20, 91, 27, 28, 111, 30, 86, 117, 9, 24, 110, 2, 79, 6, 40, 47, 72, 88, 105, 16, 51, 83, 85, 21, 61, 65, 66, 12, 49, 53, 97, 107, 113, 122, 32, 39, 54, 109, 26, 34, 60, 90, 19, 35, 46, 80, 96, 123, 36, 58, 68, 102, 15, 75, 82, 84, 101, 103, 41, 44, 48, 50, 76, 106, 121, 45, 56, 64, 81, 87, 92, 115, 116, 25, 38, 62, 71, 73, 78, 93, 104
72
108, 74, 17, 33, 89, 43, 0, 22, 70, 59, 94, 100, 95, 4, 52, 18, 67, 14, 7, 3, 55, 124, 42, 77, 31, 5, 1, 112, 29, 37, 10, 69, 98, 118, 63, 114, 57, 120, 11, 8, 99, 13, 23, 119, 20, 91, 27, 28, 111, 30, 86, 117, 9, 24, 110, 2, 79, 6, 40, 47, 72, 88, 105, 16, 51, 83, 85, 21, 61, 65, 66, 12, 49, 53, 97, 107, 113, 122, 32, 39, 54, 109, 26, 34, 60, 90, 19, 35, 46, 80, 96, 123, 36, 58, 68, 102, 15, 75, 82, 84, 101, 103, 41, 44, 48, 50, 76, 106, 121, 45, 56, 64, 81, 87, 92, 115, 116, 25, 38, 62, 71, 73, 78, 93, 104
71
108, 74, 17, 33, 89, 43, 0, 22, 70, 59, 94, 100, 95, 4, 52, 18, 67, 14, 7, 3, 55, 124, 42, 77, 31, 5, 1, 112, 29, 37, 10, 69, 98, 118, 63, 114, 57, 120, 11, 8, 99, 13, 23, 119, 20, 91, 27, 28, 111, 30, 86, 117, 9, 24, 110, 2, 79, 6, 40, 47, 72, 88, 105, 16, 51, 83, 85, 21, 61, 65, 66, 12, 49, 53, 97, 107, 113, 122, 32, 39, 54, 109, 26, 34, 60, 90, 19, 35, 46, 80, 96, 123, 36, 58, 68, 102, 15, 75, 82, 84, 101, 103, 41, 44, 48, 50, 76, 106, 121, 45, 56, 64, 81, 87, 92, 115, 116, 25, 38, 62, 71, 73, 78, 93, 104
70
108, 74, 17, 33, 89, 43, 0, 22, 70, 59, 94, 100, 95, 4, 52, 18, 67, 14, 7, 3, 55, 124, 42, 77, 31, 5, 1, 112, 29, 37, 10, 69, 98, 118, 63, 114, 57, 120, 11, 8, 99, 13, 23, 119, 20, 91, 27, 28, 111, 30, 86, 117, 9, 24, 110, 2, 79, 6, 40, 47, 72, 88, 105, 16, 51, 83, 85, 21, 61, 65, 66, 12, 49, 53, 97, 107, 113, 122, 32, 39, 54, 109, 26, 34, 60, 90, 19, 35, 46, 80, 96, 123, 36, 58, 68, 102, 15, 75, 82, 84, 101, 103, 41, 44, 48, 50, 76, 106, 121, 45, 56, 64, 81, 87, 92, 115, 116, 25, 38, 62, 71, 73, 78, 93, 104
69
108, 74, 17, 33, 89, 43, 0, 22, 70, 59, 94, 100, 95, 4, 52, 18, 67, 14, 7, 3, 55, 124, 42, 77, 31, 5, 1, 112, 29, 37, 10, 69, 98, 118, 63, 114, 57, 120, 11, 8, 99, 13, 23, 119, 20, 91, 27, 28, 111, 30, 86, 117, 9, 24, 110, 2, 79, 6, 40, 47, 72, 88, 105, 16, 51, 83, 85, 21, 61, 65, 66, 12, 49, 53, 97, 107, 113, 122, 32, 39, 54, 109, 26, 34, 60, 90, 19, 35, 46, 80, 96, 123, 36, 58, 68, 102, 15, 75, 82, 84, 101, 103, 41, 44, 48, 50, 76, 106, 121, 45, 56, 64, 81, 87, 92, 115, 116, 25, 38, 62, 71, 73, 78, 93, 104
68
108, 74, 17, 33, 89, 43, 0, 22, 70, 59, 94, 100, 95, 4, 52, 18, 67, 14, 7, 3, 55, 124, 42, 77, 31, 5, 1, 112, 29, 37, 10, 69, 98, 118, 63, 114, 57, 120, 11, 8, 99, 13, 23, 119, 20, 91, 27, 28, 111, 30, 86, 117, 9, 24, 110, 2, 79, 6, 40, 47, 72, 88, 105, 16, 51, 83, 85, 21, 61, 65, 66, 12, 49, 53, 97, 107, 113, 122, 32, 39, 54, 109, 26, 34, 60, 90, 19, 35, 46, 80, 96, 123, 36, 58, 68, 102, 15, 75, 82, 84, 101, 103, 41, 44, 48, 50, 76, 106, 121, 45, 56, 64, 81, 87, 92, 115, 116, 25, 38, 62, 71, 73, 78, 93, 104
67
108, 74, 17, 33, 89, 43, 0, 22, 70, 59, 94, 100, 95, 4, 52, 18, 67, 14, 7, 3, 55, 124, 42, 77, 31, 5, 1, 112, 29, 37, 10, 69, 98, 118, 63, 114, 57, 120, 11, 8, 99, 13, 23, 119, 20, 91, 27, 28, 111, 30, 86, 117, 9, 24, 110, 2, 79, 6, 40, 47, 72, 88, 105, 16, 51, 83, 85, 21, 61, 65, 66, 12, 49, 53, 97, 107, 113, 122, 32, 39, 54, 109, 26, 34, 60, 90, 19, 35, 46, 80, 96, 123, 36, 58, 68, 102, 15, 75, 82, 84, 101, 103, 41, 44, 48, 50, 76, 106, 121, 45, 56, 64, 81, 87, 92, 115, 116, 25, 38, 62, 71, 73, 78, 93, 104
66
108, 74, 17, 33, 89, 43, 0, 22, 70, 59, 94, 100, 95, 4, 52, 18, 67, 14, 7, 3, 55, 124, 42, 77, 31, 5, 1, 112, 29, 37, 10, 69, 98, 118, 63, 114, 57, 120, 11, 8, 99, 13, 23, 119, 20, 91, 27, 28, 111, 30, 86, 117, 9, 24, 110, 2, 79, 6, 40, 47, 72, 88, 105, 16, 51, 83, 85, 21, 61, 65, 66, 12, 49, 53, 97, 107, 113, 122, 32, 39, 54, 109, 26, 34, 60, 90, 19, 35, 46, 80, 96, 123, 36, 58, 68, 102, 15, 75, 82, 84, 101, 103, 41, 44, 48, 50, 76, 106, 121, 45, 56, 64, 81, 87, 92, 115, 116, 25, 38, 62, 71, 73, 78, 93, 104
65
108, 74, 17, 33, 89, 43, 0, 22, 70, 59, 94, 100, 95, 4, 52, 18, 67, 14, 7, 3, 55, 124, 42, 77, 112, 37, 111, 28, 118, 120, 57, 117, 53, 113, 47, 8, 99, 69, 63, 23, 31, 5, 1, 29, 10, 98, 114, 11, 13, 119, 20, 91, 27, 30, 86, 9, 24, 110, 2, 79, 6, 40, 72, 88, 105, 16, 51, 83, 85, 21, 61, 65, 66, 12, 49, 97, 107, 122, 32, 39, 54, 109, 26, 34, 60, 90, 19, 35, 46, 80, 96, 123, 36, 58, 68, 102, 15, 75, 82, 84, 101, 103, 41, 44, 48, 50, 76, 106, 121, 45, 56, 64, 81, 87, 92, 115, 116, 25, 38, 62, 71, 73, 78, 93, 104
64
108, 74, 17, 33, 89, 43, 0, 22, 70, 59, 94, 100, 95, 4, 52, 18, 67, 14, 7, 3, 55, 124, 8, 99, 13, 79, 6, 72, 47, 117, 20, 91, 69, 119, 29, 28, 118, 120, 42, 63, 114, 98, 112, 77, 37, 111, 57, 53, 113, 23, 31, 5, 1, 10, 11, 27, 30, 86, 9, 24, 110, 2, 40, 88, 105, 16, 51, 83, 85, 21, 61, 65, 66, 12, 49, 97, 107, 122, 32, 39, 54, 109, 26, 34, 60, 90, 19, 35, 46, 80, 96, 123, 36, 58, 68, 102, 15, 75, 82, 84, 101, 103, 41, 44, 48, 50, 76, 106, 121, 45, 56, 64, 81, 87, 92, 115, 116, 25, 38, 62, 71, 73, 78, 93, 104
63
108, 74, 17, 33, 89, 43, 0, 22, 70, 59, 94, 100, 95, 4, 52, 18, 67, 14, 47, 117, 96, 80, 28, 120, 32, 116, 42, 54, 110, 53, 113, 77, 11, 29, 86, 8, 13, 72, 7, 6, 79, 99, 124, 3, 55, 20, 91, 69, 119, 118, 63, 114, 98, 112, 37, 111, 57, 23, 31, 5, 1, 10, 27, 30, 9, 24, 2, 40, 88, 105, 16, 51, 83, 85, 21, 61, 65, 66, 12, 49, 97, 107, 122, 39, 109, 26, 34, 60, 90, 19, 35, 46, 123, 36, 58, 68, 102, 15, 75, 82, 84, 101, 103, 41, 44, 48, 50, 76, 106, 121, 45, 56, 64, 81, 87, 92, 115, 25, 38, 62, 71, 73, 78, 93, 104
62
108, 74, 17, 33, 89, 43, 0, 22, 70, 59, 94, 100, 95, 18, 110, 113, 11, 86, 8, 13, 72, 7, 6, 20, 91, 119, 124, 99, 3, 55, 24, 49, 52, 29, 79, 4, 75, 103, 51, 98, 1, 31, 53, 47, 14, 67, 117, 96, 80, 28, 120, 32, 116, 42, 54, 77, 69, 118, 63, 114, 112, 37, 111, 57, 23, 5, 10, 27, 30, 9, 2, 40, 88, 105, 16, 83, 85, 21, 61, 65, 66, 12, 97, 107, 122, 39, 109, 26, 34, 60, 90, 19, 35, 46, 123, 36, 58, 68, 102, 15, 82, 84, 101, 41, 44, 48, 50, 76, 106, 121, 45, 56, 64, 81, 87, 92, 115, 25, 38, 62, 71, 73, 78, 93, 104
# [date -Iseconds] 2025-07-30T12:04:48+09:00
# [timeout] 124
