# [run] timeout 1h java -Xms1024g -Xmx1024g -Xss134m -cp ../src/pathwidth.jar Pathwidth ../benchmark_instances/2023result/docs/solver/benchmark/2022benchmark/benchmark/color04/queen12_12.col
# [date -Iseconds] 2025-07-31T02:05:26+09:00
../benchmark_instances/2023result/docs/solver/benchmark/2022benchmark/benchmark/color04/queen12_12.col
144
0, 2, 26, 24, 28, 4, 50, 52, 48, 30, 6, 54, 60, 61, 13, 18, 37, 5, 17, 41, 65, 11, 71, 23, 47, 15, 39, 63, 35, 72, 73, 74, 76, 78, 3, 16, 29, 42, 84, 85, 86, 87, 89, 95, 59, 7, 19, 31, 43, 55, 67, 91, 36, 49, 62, 75, 88, 8, 20, 32, 44, 56, 68, 80, 83, 96, 97, 98, 99, 100, 101, 102, 104, 1, 14, 27, 40, 53, 66, 79, 92, 108, 109, 110, 111, 112, 113, 114, 115, 119, 9, 21, 33, 45, 57, 69, 81, 93, 105, 107, 117, 120, 121, 122, 123, 124, 125, 126, 127, 128, 10, 12, 22, 25, 34, 38, 46, 51, 58, 64, 70, 77, 82, 90, 94, 103, 106, 116, 118, 129, 130, 131, 132, 133, 134, 135, 136, 137, 138, 139, 140, 141, 142, 143
143
0, 2, 26, 24, 28, 4, 50, 52, 48, 30, 6, 54, 60, 61, 13, 18, 37, 5, 17, 41, 65, 11, 71, 23, 47, 15, 39, 63, 35, 72, 73, 74, 76, 78, 3, 16, 29, 42, 84, 85, 86, 87, 89, 95, 59, 7, 19, 31, 43, 55, 67, 91, 36, 49, 62, 75, 88, 8, 20, 32, 44, 56, 68, 80, 83, 96, 97, 98, 99, 100, 101, 102, 104, 1, 14, 27, 40, 53, 66, 79, 92, 108, 109, 110, 111, 112, 113, 114, 115, 119, 9, 21, 33, 45, 57, 69, 81, 93, 105, 107, 117, 120, 121, 122, 123, 124, 125, 126, 127, 128, 10, 12, 22, 25, 34, 38, 46, 51, 58, 64, 70, 77, 82, 90, 94, 103, 106, 116, 118, 129, 130, 131, 132, 133, 134, 135, 136, 137, 138, 139, 140, 141, 142, 143
142
0, 2, 26, 24, 28, 4, 50, 52, 48, 30, 6, 54, 60, 61, 13, 18, 37, 5, 17, 41, 65, 11, 71, 23, 47, 15, 39, 63, 35, 72, 73, 74, 76, 78, 3, 16, 29, 42, 84, 85, 86, 87, 89, 95, 59, 7, 19, 31, 43, 55, 67, 91, 36, 49, 62, 75, 88, 8, 20, 32, 44, 56, 68, 80, 83, 96, 97, 98, 99, 100, 101, 102, 104, 1, 14, 27, 40, 53, 66, 79, 92, 108, 109, 110, 111, 112, 113, 114, 115, 119, 9, 21, 33, 45, 57, 69, 81, 93, 105, 107, 117, 120, 121, 122, 123, 124, 125, 126, 127, 128, 10, 12, 22, 25, 34, 38, 46, 51, 58, 64, 70, 77, 82, 90, 94, 103, 106, 116, 118, 129, 130, 131, 132, 133, 134, 135, 136, 137, 138, 139, 140, 141, 142, 143
141
0, 2, 26, 24, 28, 4, 50, 52, 48, 30, 6, 54, 60, 61, 13, 18, 37, 5, 17, 41, 65, 11, 71, 23, 47, 15, 39, 63, 35, 72, 73, 74, 76, 78, 3, 16, 29, 42, 84, 85, 86, 87, 89, 95, 59, 7, 19, 31, 43, 55, 67, 91, 36, 49, 62, 75, 88, 8, 20, 32, 44, 56, 68, 80, 83, 96, 97, 98, 99, 100, 101, 102, 104, 1, 14, 27, 40, 53, 66, 79, 92, 108, 109, 110, 111, 112, 113, 114, 115, 119, 9, 21, 33, 45, 57, 69, 81, 93, 105, 107, 117, 120, 121, 122, 123, 124, 125, 126, 127, 128, 10, 12, 22, 25, 34, 38, 46, 51, 58, 64, 70, 77, 82, 90, 94, 103, 106, 116, 118, 129, 130, 131, 132, 133, 134, 135, 136, 137, 138, 139, 140, 141, 142, 143
140
0, 2, 26, 24, 28, 4, 50, 52, 48, 30, 6, 54, 60, 61, 13, 18, 37, 5, 17, 41, 65, 11, 71, 23, 47, 15, 39, 63, 35, 72, 73, 74, 76, 78, 3, 16, 29, 42, 84, 85, 86, 87, 89, 95, 59, 7, 19, 31, 43, 55, 67, 91, 36, 49, 62, 75, 88, 8, 20, 32, 44, 56, 68, 80, 83, 96, 97, 98, 99, 100, 101, 102, 104, 1, 14, 27, 40, 53, 66, 79, 92, 108, 109, 110, 111, 112, 113, 114, 115, 119, 9, 21, 33, 45, 57, 69, 81, 93, 105, 107, 117, 120, 121, 122, 123, 124, 125, 126, 127, 128, 10, 12, 22, 25, 34, 38, 46, 51, 58, 64, 70, 77, 82, 90, 94, 103, 106, 116, 118, 129, 130, 131, 132, 133, 134, 135, 136, 137, 138, 139, 140, 141, 142, 143
139
0, 2, 26, 24, 28, 4, 50, 52, 48, 30, 6, 54, 60, 61, 13, 18, 37, 5, 17, 41, 65, 11, 71, 23, 47, 15, 39, 63, 35, 72, 73, 74, 76, 78, 3, 16, 29, 42, 84, 85, 86, 87, 89, 95, 59, 7, 19, 31, 43, 55, 67, 91, 36, 49, 62, 75, 88, 8, 20, 32, 44, 56, 68, 80, 83, 96, 97, 98, 99, 100, 101, 102, 104, 1, 14, 27, 40, 53, 66, 79, 92, 108, 109, 110, 111, 112, 113, 114, 115, 119, 9, 21, 33, 45, 57, 69, 81, 93, 105, 107, 117, 120, 121, 122, 123, 124, 125, 126, 127, 128, 10, 12, 22, 25, 34, 38, 46, 51, 58, 64, 70, 77, 82, 90, 94, 103, 106, 116, 118, 129, 130, 131, 132, 133, 134, 135, 136, 137, 138, 139, 140, 141, 142, 143
138
0, 2, 26, 24, 28, 4, 50, 52, 48, 30, 6, 54, 60, 61, 13, 18, 37, 5, 17, 41, 65, 11, 71, 23, 47, 15, 39, 63, 35, 72, 73, 74, 76, 78, 3, 16, 29, 42, 84, 85, 86, 87, 89, 95, 59, 7, 19, 31, 43, 55, 67, 91, 36, 49, 62, 75, 88, 8, 20, 32, 44, 56, 68, 80, 83, 96, 97, 98, 99, 100, 101, 102, 104, 1, 14, 27, 40, 53, 66, 79, 92, 108, 109, 110, 111, 112, 113, 114, 115, 119, 9, 21, 33, 45, 57, 69, 81, 93, 105, 107, 117, 120, 121, 122, 123, 124, 125, 126, 127, 128, 10, 12, 22, 25, 34, 38, 46, 51, 58, 64, 70, 77, 82, 90, 94, 103, 106, 116, 118, 129, 130, 131, 132, 133, 134, 135, 136, 137, 138, 139, 140, 141, 142, 143
137
0, 2, 26, 24, 28, 4, 50, 52, 48, 30, 6, 54, 60, 61, 13, 18, 37, 5, 17, 41, 65, 11, 71, 23, 47, 15, 39, 63, 35, 72, 73, 74, 76, 78, 3, 16, 29, 42, 84, 85, 86, 87, 89, 95, 59, 7, 19, 31, 43, 55, 67, 91, 36, 49, 62, 75, 88, 8, 20, 32, 44, 56, 68, 80, 83, 96, 97, 98, 99, 100, 101, 102, 104, 1, 14, 27, 40, 53, 66, 79, 92, 108, 109, 110, 111, 112, 113, 114, 115, 119, 9, 21, 33, 45, 57, 69, 81, 93, 105, 107, 117, 120, 121, 122, 123, 124, 125, 126, 127, 128, 10, 12, 22, 25, 34, 38, 46, 51, 58, 64, 70, 77, 82, 90, 94, 103, 106, 116, 118, 129, 130, 131, 132, 133, 134, 135, 136, 137, 138, 139, 140, 141, 142, 143
136
0, 2, 26, 24, 28, 4, 50, 52, 48, 30, 6, 54, 60, 61, 13, 18, 37, 5, 17, 41, 65, 11, 71, 23, 47, 15, 39, 63, 35, 72, 73, 74, 76, 78, 3, 16, 29, 42, 84, 85, 86, 87, 89, 95, 59, 7, 19, 31, 43, 55, 67, 91, 36, 49, 62, 75, 88, 8, 20, 32, 44, 56, 68, 80, 83, 96, 97, 98, 99, 100, 101, 102, 104, 1, 14, 27, 40, 53, 66, 79, 92, 108, 109, 110, 111, 112, 113, 114, 115, 119, 9, 21, 33, 45, 57, 69, 81, 93, 105, 107, 117, 120, 121, 122, 123, 124, 125, 126, 127, 128, 10, 12, 22, 25, 34, 38, 46, 51, 58, 64, 70, 77, 82, 90, 94, 103, 106, 116, 118, 129, 130, 131, 132, 133, 134, 135, 136, 137, 138, 139, 140, 141, 142, 143
135
0, 2, 26, 24, 28, 4, 50, 52, 48, 30, 6, 54, 60, 61, 13, 18, 37, 5, 17, 41, 65, 11, 71, 23, 47, 15, 39, 63, 35, 72, 73, 74, 76, 78, 3, 16, 29, 42, 84, 85, 86, 87, 89, 95, 59, 7, 19, 31, 43, 55, 67, 91, 36, 49, 62, 75, 88, 8, 20, 32, 44, 56, 68, 80, 83, 96, 97, 98, 99, 100, 101, 102, 104, 1, 14, 27, 40, 53, 66, 79, 92, 108, 109, 110, 111, 112, 113, 114, 115, 119, 9, 21, 33, 45, 57, 69, 81, 93, 105, 107, 117, 120, 121, 122, 123, 124, 125, 126, 127, 128, 10, 12, 22, 25, 34, 38, 46, 51, 58, 64, 70, 77, 82, 90, 94, 103, 106, 116, 118, 129, 130, 131, 132, 133, 134, 135, 136, 137, 138, 139, 140, 141, 142, 143
134
0, 2, 26, 24, 28, 4, 50, 52, 48, 30, 6, 54, 60, 61, 13, 18, 37, 5, 17, 41, 65, 11, 71, 23, 47, 15, 39, 63, 35, 72, 73, 74, 76, 78, 3, 16, 29, 42, 84, 85, 86, 87, 89, 95, 59, 7, 19, 31, 43, 55, 67, 91, 36, 49, 62, 75, 88, 8, 20, 32, 44, 56, 68, 80, 83, 96, 97, 98, 99, 100, 101, 102, 104, 1, 14, 27, 40, 53, 66, 79, 92, 108, 109, 110, 111, 112, 113, 114, 115, 119, 9, 21, 33, 45, 57, 69, 81, 93, 105, 107, 117, 120, 121, 122, 123, 124, 125, 126, 127, 128, 10, 12, 22, 25, 34, 38, 46, 51, 58, 64, 70, 77, 82, 90, 94, 103, 106, 116, 118, 129, 130, 131, 132, 133, 134, 135, 136, 137, 138, 139, 140, 141, 142, 143
133
0, 2, 26, 24, 28, 4, 50, 52, 48, 30, 6, 54, 60, 61, 13, 18, 37, 5, 17, 41, 65, 11, 71, 23, 47, 15, 39, 63, 35, 72, 73, 74, 76, 78, 3, 16, 29, 42, 84, 85, 86, 87, 89, 95, 59, 7, 19, 31, 43, 55, 67, 91, 36, 49, 62, 75, 88, 8, 20, 32, 44, 56, 68, 80, 83, 96, 97, 98, 99, 100, 101, 102, 104, 1, 14, 27, 40, 53, 66, 79, 92, 108, 109, 110, 111, 112, 113, 114, 115, 119, 9, 21, 33, 45, 57, 69, 81, 93, 105, 107, 117, 120, 121, 122, 123, 124, 125, 126, 127, 128, 10, 12, 22, 25, 34, 38, 46, 51, 58, 64, 70, 77, 82, 90, 94, 103, 106, 116, 118, 129, 130, 131, 132, 133, 134, 135, 136, 137, 138, 139, 140, 141, 142, 143
132
0, 2, 26, 24, 28, 4, 50, 52, 48, 30, 6, 54, 60, 61, 13, 18, 37, 5, 17, 41, 65, 11, 71, 23, 47, 15, 39, 63, 35, 72, 73, 74, 76, 78, 3, 16, 29, 42, 84, 85, 86, 87, 89, 95, 59, 7, 19, 31, 43, 55, 67, 91, 36, 49, 62, 75, 88, 8, 20, 32, 44, 56, 68, 80, 83, 96, 97, 98, 99, 100, 101, 102, 104, 1, 14, 27, 40, 53, 66, 79, 92, 108, 109, 110, 111, 112, 113, 114, 115, 119, 9, 21, 33, 45, 57, 69, 81, 93, 105, 107, 117, 120, 121, 122, 123, 124, 125, 126, 127, 128, 10, 12, 22, 25, 34, 38, 46, 51, 58, 64, 70, 77, 82, 90, 94, 103, 106, 116, 118, 129, 130, 131, 132, 133, 134, 135, 136, 137, 138, 139, 140, 141, 142, 143
131
0, 2, 26, 24, 28, 4, 50, 52, 48, 30, 6, 54, 60, 61, 13, 18, 37, 5, 17, 41, 65, 11, 71, 23, 47, 15, 39, 63, 35, 72, 73, 74, 76, 78, 3, 16, 29, 42, 84, 85, 86, 87, 89, 95, 59, 7, 19, 31, 43, 55, 67, 91, 36, 49, 62, 75, 88, 8, 20, 32, 44, 56, 68, 80, 83, 96, 97, 98, 99, 100, 101, 102, 104, 1, 14, 27, 40, 53, 66, 79, 92, 108, 109, 110, 111, 112, 113, 114, 115, 119, 9, 21, 33, 45, 57, 69, 81, 93, 105, 107, 117, 120, 121, 122, 123, 124, 125, 126, 127, 128, 10, 12, 22, 25, 34, 38, 46, 51, 58, 64, 70, 77, 82, 90, 94, 103, 106, 116, 118, 129, 130, 131, 132, 133, 134, 135, 136, 137, 138, 139, 140, 141, 142, 143
130
0, 2, 26, 24, 28, 4, 50, 52, 48, 30, 6, 54, 60, 61, 13, 18, 37, 5, 17, 41, 65, 11, 71, 23, 47, 15, 39, 63, 35, 72, 73, 74, 76, 78, 3, 16, 29, 42, 84, 85, 86, 87, 89, 95, 59, 7, 19, 31, 43, 55, 67, 91, 36, 49, 62, 75, 88, 8, 20, 32, 44, 56, 68, 80, 83, 96, 97, 98, 99, 100, 101, 102, 104, 1, 14, 27, 40, 53, 66, 79, 92, 108, 109, 110, 111, 112, 113, 114, 115, 119, 9, 21, 33, 45, 57, 69, 81, 93, 105, 107, 117, 120, 121, 122, 123, 124, 125, 126, 127, 128, 10, 12, 22, 25, 34, 38, 46, 51, 58, 64, 70, 77, 82, 90, 94, 103, 106, 116, 118, 129, 130, 131, 132, 133, 134, 135, 136, 137, 138, 139, 140, 141, 142, 143
129
0, 2, 26, 24, 28, 4, 50, 52, 48, 30, 6, 54, 60, 61, 13, 18, 37, 5, 17, 41, 65, 11, 71, 23, 47, 15, 39, 63, 35, 72, 73, 74, 76, 78, 3, 16, 29, 42, 84, 85, 86, 87, 89, 95, 59, 7, 19, 31, 43, 55, 67, 91, 36, 49, 62, 75, 88, 8, 20, 32, 44, 56, 68, 80, 83, 96, 97, 98, 99, 100, 101, 102, 104, 1, 14, 27, 40, 53, 66, 79, 92, 108, 109, 110, 111, 112, 113, 114, 115, 119, 9, 21, 33, 45, 57, 69, 81, 93, 105, 107, 117, 120, 121, 122, 123, 124, 125, 126, 127, 128, 10, 12, 22, 25, 34, 38, 46, 51, 58, 64, 70, 77, 82, 90, 94, 103, 106, 116, 118, 129, 130, 131, 132, 133, 134, 135, 136, 137, 138, 139, 140, 141, 142, 143
128
0, 2, 26, 24, 28, 4, 50, 52, 48, 30, 6, 54, 60, 61, 13, 18, 37, 5, 17, 41, 65, 11, 71, 23, 47, 15, 39, 63, 35, 72, 73, 74, 76, 78, 3, 16, 29, 42, 84, 85, 86, 87, 89, 95, 59, 7, 19, 31, 43, 55, 67, 91, 36, 49, 62, 75, 88, 8, 20, 32, 44, 56, 68, 80, 83, 96, 97, 98, 99, 100, 101, 102, 104, 1, 14, 27, 40, 53, 66, 79, 92, 108, 109, 110, 111, 112, 113, 114, 115, 119, 9, 21, 33, 45, 57, 69, 81, 93, 105, 107, 117, 120, 121, 122, 123, 124, 125, 126, 127, 128, 10, 12, 22, 25, 34, 38, 46, 51, 58, 64, 70, 77, 82, 90, 94, 103, 106, 116, 118, 129, 130, 131, 132, 133, 134, 135, 136, 137, 138, 139, 140, 141, 142, 143
127
0, 2, 26, 24, 28, 4, 50, 52, 48, 30, 6, 54, 60, 61, 13, 18, 37, 5, 17, 41, 65, 11, 71, 23, 47, 15, 39, 63, 35, 72, 73, 74, 76, 78, 3, 16, 29, 42, 84, 85, 86, 87, 89, 95, 59, 7, 19, 31, 43, 55, 67, 91, 36, 49, 62, 75, 88, 8, 20, 32, 44, 56, 68, 80, 83, 96, 97, 98, 99, 100, 101, 102, 104, 1, 14, 27, 40, 53, 66, 79, 92, 108, 109, 110, 111, 112, 113, 114, 115, 119, 9, 21, 33, 45, 57, 69, 81, 93, 105, 107, 117, 120, 121, 122, 123, 124, 125, 126, 127, 128, 10, 12, 22, 25, 34, 38, 46, 51, 58, 64, 70, 77, 82, 90, 94, 103, 106, 116, 118, 129, 130, 131, 132, 133, 134, 135, 136, 137, 138, 139, 140, 141, 142, 143
126
0, 2, 26, 24, 28, 4, 50, 52, 48, 30, 6, 54, 60, 61, 13, 18, 37, 5, 17, 41, 65, 11, 71, 23, 47, 15, 39, 63, 35, 72, 73, 74, 76, 78, 3, 16, 29, 42, 84, 85, 86, 87, 89, 95, 59, 7, 19, 31, 43, 55, 67, 91, 36, 49, 62, 75, 88, 8, 20, 32, 44, 56, 68, 80, 83, 96, 97, 98, 99, 100, 101, 102, 104, 1, 14, 27, 40, 53, 66, 79, 92, 108, 109, 110, 111, 112, 113, 114, 115, 119, 9, 21, 33, 45, 57, 69, 81, 93, 105, 107, 117, 120, 121, 122, 123, 124, 125, 126, 127, 128, 10, 12, 22, 25, 34, 38, 46, 51, 58, 64, 70, 77, 82, 90, 94, 103, 106, 116, 118, 129, 130, 131, 132, 133, 134, 135, 136, 137, 138, 139, 140, 141, 142, 143
125
0, 2, 26, 24, 28, 4, 50, 52, 48, 30, 6, 54, 60, 61, 13, 18, 37, 5, 17, 41, 65, 11, 71, 23, 47, 15, 39, 63, 35, 72, 73, 74, 76, 78, 3, 16, 29, 42, 84, 85, 86, 87, 89, 95, 59, 7, 19, 31, 43, 55, 67, 91, 36, 49, 62, 75, 88, 8, 20, 32, 44, 56, 68, 80, 83, 96, 97, 98, 99, 100, 101, 102, 104, 1, 14, 27, 40, 53, 66, 79, 92, 108, 109, 110, 111, 112, 113, 114, 115, 119, 9, 21, 33, 45, 57, 69, 81, 93, 105, 107, 117, 120, 121, 122, 123, 124, 125, 126, 127, 128, 10, 12, 22, 25, 34, 38, 46, 51, 58, 64, 70, 77, 82, 90, 94, 103, 106, 116, 118, 129, 130, 131, 132, 133, 134, 135, 136, 137, 138, 139, 140, 141, 142, 143
124
0, 2, 26, 24, 28, 4, 50, 52, 48, 30, 6, 54, 60, 61, 13, 18, 37, 5, 17, 41, 65, 11, 71, 23, 47, 15, 39, 63, 35, 72, 73, 74, 76, 78, 3, 16, 29, 42, 84, 85, 86, 87, 89, 95, 59, 7, 19, 31, 43, 55, 67, 91, 36, 49, 62, 75, 88, 8, 20, 32, 44, 56, 68, 80, 83, 96, 97, 98, 99, 100, 101, 102, 104, 1, 14, 27, 40, 53, 66, 79, 92, 108, 109, 110, 111, 112, 113, 114, 115, 119, 9, 21, 33, 45, 57, 69, 81, 93, 105, 107, 117, 120, 121, 122, 123, 124, 125, 126, 127, 128, 10, 12, 22, 25, 34, 38, 46, 51, 58, 64, 70, 77, 82, 90, 94, 103, 106, 116, 118, 129, 130, 131, 132, 133, 134, 135, 136, 137, 138, 139, 140, 141, 142, 143
123
0, 2, 26, 24, 28, 4, 50, 52, 48, 30, 6, 54, 60, 61, 13, 18, 37, 5, 17, 41, 65, 11, 71, 23, 47, 15, 39, 63, 35, 72, 73, 74, 76, 78, 3, 16, 29, 42, 84, 85, 86, 87, 89, 95, 59, 7, 19, 31, 43, 55, 67, 91, 36, 49, 62, 75, 88, 8, 20, 32, 44, 56, 68, 80, 83, 96, 97, 98, 99, 100, 101, 102, 104, 1, 14, 27, 40, 53, 66, 79, 92, 108, 109, 110, 111, 112, 113, 114, 115, 119, 9, 21, 33, 45, 57, 69, 81, 93, 105, 107, 117, 120, 121, 122, 123, 124, 125, 126, 127, 128, 10, 12, 22, 25, 34, 38, 46, 51, 58, 64, 70, 77, 82, 90, 94, 103, 106, 116, 118, 129, 130, 131, 132, 133, 134, 135, 136, 137, 138, 139, 140, 141, 142, 143
122
0, 2, 26, 24, 28, 4, 50, 52, 48, 30, 6, 54, 60, 61, 13, 18, 37, 5, 17, 41, 65, 11, 71, 23, 47, 15, 39, 63, 35, 72, 73, 74, 76, 78, 3, 16, 29, 42, 84, 85, 86, 87, 89, 95, 59, 7, 19, 31, 43, 55, 67, 91, 36, 49, 62, 75, 88, 8, 20, 32, 44, 56, 68, 80, 83, 96, 97, 98, 99, 100, 101, 102, 104, 1, 14, 27, 40, 53, 66, 79, 92, 108, 109, 110, 111, 112, 113, 114, 115, 119, 9, 21, 33, 45, 57, 69, 81, 93, 105, 107, 117, 120, 121, 122, 123, 124, 125, 126, 127, 128, 10, 12, 22, 25, 34, 38, 46, 51, 58, 64, 70, 77, 82, 90, 94, 103, 106, 116, 118, 129, 130, 131, 132, 133, 134, 135, 136, 137, 138, 139, 140, 141, 142, 143
121
0, 2, 26, 24, 28, 4, 50, 52, 48, 30, 6, 54, 60, 61, 13, 18, 37, 5, 17, 41, 65, 11, 71, 23, 47, 15, 39, 63, 35, 72, 73, 74, 76, 78, 3, 16, 29, 42, 84, 85, 86, 87, 89, 95, 59, 7, 19, 31, 43, 55, 67, 91, 36, 49, 62, 75, 88, 8, 20, 32, 44, 56, 68, 80, 83, 96, 97, 98, 99, 100, 101, 102, 104, 1, 14, 27, 40, 53, 66, 79, 92, 108, 109, 110, 111, 112, 113, 114, 115, 119, 9, 21, 33, 45, 57, 69, 81, 93, 105, 107, 117, 120, 121, 122, 123, 124, 125, 126, 127, 128, 10, 12, 22, 25, 34, 38, 46, 51, 58, 64, 70, 77, 82, 90, 94, 103, 106, 116, 118, 129, 130, 131, 132, 133, 134, 135, 136, 137, 138, 139, 140, 141, 142, 143
120
0, 2, 26, 24, 28, 4, 50, 52, 48, 30, 6, 54, 60, 61, 13, 18, 37, 5, 17, 41, 65, 11, 71, 23, 47, 15, 39, 63, 35, 72, 73, 74, 76, 78, 3, 16, 29, 42, 84, 85, 86, 87, 89, 95, 59, 7, 19, 31, 43, 55, 67, 91, 36, 49, 62, 75, 88, 8, 20, 32, 44, 56, 68, 80, 83, 96, 97, 98, 99, 100, 101, 102, 104, 1, 14, 27, 40, 53, 66, 79, 92, 108, 109, 110, 111, 112, 113, 114, 115, 119, 9, 21, 33, 45, 57, 69, 81, 93, 105, 107, 117, 120, 121, 122, 123, 124, 125, 126, 127, 128, 10, 12, 22, 25, 34, 38, 46, 51, 58, 64, 70, 77, 82, 90, 94, 103, 106, 116, 118, 129, 130, 131, 132, 133, 134, 135, 136, 137, 138, 139, 140, 141, 142, 143
119
0, 2, 26, 24, 28, 4, 50, 52, 48, 30, 6, 54, 60, 61, 13, 18, 37, 5, 17, 41, 65, 11, 71, 23, 47, 15, 39, 63, 35, 72, 73, 74, 76, 78, 3, 16, 29, 42, 84, 85, 86, 87, 89, 95, 59, 7, 19, 31, 43, 55, 67, 91, 36, 49, 62, 75, 88, 8, 20, 32, 44, 56, 68, 80, 83, 96, 97, 98, 99, 100, 101, 102, 104, 1, 14, 27, 40, 53, 66, 79, 92, 108, 109, 110, 111, 112, 113, 114, 115, 119, 9, 21, 33, 45, 57, 69, 81, 93, 105, 107, 117, 120, 121, 122, 123, 124, 125, 126, 127, 128, 10, 12, 22, 25, 34, 38, 46, 51, 58, 64, 70, 77, 82, 90, 94, 103, 106, 116, 118, 129, 130, 131, 132, 133, 134, 135, 136, 137, 138, 139, 140, 141, 142, 143
118
0, 2, 26, 24, 28, 4, 50, 52, 48, 30, 6, 54, 60, 61, 13, 18, 37, 5, 17, 41, 65, 11, 71, 23, 47, 15, 39, 63, 35, 72, 73, 74, 76, 78, 3, 16, 29, 42, 84, 85, 86, 87, 89, 95, 59, 7, 19, 31, 43, 55, 67, 91, 36, 49, 62, 75, 88, 8, 20, 32, 44, 56, 68, 80, 83, 96, 97, 98, 99, 100, 101, 102, 104, 1, 14, 27, 40, 53, 66, 79, 92, 108, 109, 110, 111, 112, 113, 114, 115, 119, 9, 21, 33, 45, 57, 69, 81, 93, 105, 107, 117, 120, 121, 122, 123, 124, 125, 126, 127, 128, 10, 12, 22, 25, 34, 38, 46, 51, 58, 64, 70, 77, 82, 90, 94, 103, 106, 116, 118, 129, 130, 131, 132, 133, 134, 135, 136, 137, 138, 139, 140, 141, 142, 143
117
0, 2, 26, 24, 28, 4, 50, 52, 48, 30, 6, 54, 60, 61, 13, 18, 37, 5, 17, 41, 65, 11, 71, 23, 47, 15, 39, 63, 35, 72, 73, 74, 76, 78, 3, 16, 29, 42, 84, 85, 86, 87, 89, 95, 59, 7, 19, 31, 43, 55, 67, 91, 36, 49, 62, 75, 88, 8, 20, 32, 44, 56, 68, 80, 83, 96, 97, 98, 99, 100, 101, 102, 104, 1, 14, 27, 40, 53, 66, 79, 92, 108, 109, 110, 111, 112, 113, 114, 115, 119, 9, 21, 33, 45, 57, 69, 81, 93, 105, 107, 117, 120, 121, 122, 123, 124, 125, 126, 127, 128, 10, 12, 22, 25, 34, 38, 46, 51, 58, 64, 70, 77, 82, 90, 94, 103, 106, 116, 118, 129, 130, 131, 132, 133, 134, 135, 136, 137, 138, 139, 140, 141, 142, 143
116
0, 2, 26, 24, 28, 4, 50, 52, 48, 30, 6, 54, 60, 61, 13, 18, 37, 5, 17, 41, 65, 11, 71, 23, 47, 15, 39, 63, 35, 72, 73, 74, 76, 78, 3, 16, 29, 42, 84, 85, 86, 87, 89, 95, 59, 7, 19, 31, 43, 55, 67, 91, 36, 49, 62, 75, 88, 8, 20, 32, 44, 56, 68, 80, 83, 96, 97, 98, 99, 100, 101, 102, 104, 1, 14, 27, 40, 53, 66, 79, 92, 108, 109, 110, 111, 112, 113, 114, 115, 119, 9, 21, 33, 45, 57, 69, 81, 93, 105, 107, 117, 120, 121, 122, 123, 124, 125, 126, 127, 128, 10, 12, 22, 25, 34, 38, 46, 51, 58, 64, 70, 77, 82, 90, 94, 103, 106, 116, 118, 129, 130, 131, 132, 133, 134, 135, 136, 137, 138, 139, 140, 141, 142, 143
115
0, 2, 26, 24, 28, 4, 50, 52, 48, 30, 6, 54, 60, 61, 13, 18, 37, 5, 17, 41, 65, 11, 71, 23, 47, 15, 39, 63, 35, 72, 73, 74, 76, 78, 3, 16, 29, 42, 84, 85, 86, 87, 89, 95, 59, 7, 19, 31, 43, 55, 67, 91, 36, 49, 62, 75, 88, 8, 20, 32, 44, 56, 68, 80, 83, 96, 97, 98, 99, 100, 101, 102, 104, 1, 14, 27, 40, 53, 66, 79, 92, 108, 109, 110, 111, 112, 113, 114, 115, 119, 9, 21, 33, 45, 57, 69, 81, 93, 105, 107, 117, 120, 121, 122, 123, 124, 125, 126, 127, 128, 10, 12, 22, 25, 34, 38, 46, 51, 58, 64, 70, 77, 82, 90, 94, 103, 106, 116, 118, 129, 130, 131, 132, 133, 134, 135, 136, 137, 138, 139, 140, 141, 142, 143
114
0, 2, 26, 24, 28, 4, 50, 52, 48, 30, 6, 54, 60, 61, 13, 18, 37, 5, 17, 41, 65, 11, 71, 23, 47, 15, 39, 63, 35, 72, 73, 74, 76, 78, 3, 16, 29, 42, 84, 85, 86, 87, 89, 95, 59, 7, 19, 31, 43, 55, 67, 91, 36, 49, 62, 75, 88, 8, 20, 32, 44, 56, 68, 80, 83, 96, 97, 98, 99, 100, 101, 102, 104, 1, 14, 27, 40, 53, 66, 79, 92, 108, 109, 110, 111, 112, 113, 114, 115, 119, 9, 21, 33, 45, 57, 69, 81, 93, 105, 107, 117, 120, 121, 122, 123, 124, 125, 126, 127, 128, 10, 12, 22, 25, 34, 38, 46, 51, 58, 64, 70, 77, 82, 90, 94, 103, 106, 116, 118, 129, 130, 131, 132, 133, 134, 135, 136, 137, 138, 139, 140, 141, 142, 143
113
0, 2, 26, 24, 28, 4, 50, 52, 48, 30, 6, 54, 60, 61, 13, 18, 37, 5, 17, 41, 65, 11, 71, 23, 47, 15, 39, 63, 35, 72, 73, 74, 76, 78, 3, 16, 29, 42, 84, 85, 86, 87, 89, 95, 59, 7, 19, 31, 43, 55, 67, 91, 36, 49, 62, 75, 88, 8, 20, 32, 44, 56, 68, 80, 83, 96, 97, 98, 99, 100, 101, 102, 104, 1, 14, 27, 40, 53, 66, 79, 92, 108, 109, 110, 111, 112, 113, 114, 115, 119, 9, 21, 33, 45, 57, 69, 81, 93, 105, 107, 117, 120, 121, 122, 123, 124, 125, 126, 127, 128, 10, 12, 22, 25, 34, 38, 46, 51, 58, 64, 70, 77, 82, 90, 94, 103, 106, 116, 118, 129, 130, 131, 132, 133, 134, 135, 136, 137, 138, 139, 140, 141, 142, 143
112
0, 2, 26, 24, 28, 4, 50, 52, 48, 30, 6, 54, 60, 61, 13, 18, 37, 5, 17, 41, 65, 11, 71, 23, 47, 15, 39, 63, 35, 72, 73, 74, 76, 78, 3, 16, 29, 42, 84, 85, 86, 87, 89, 95, 59, 7, 19, 31, 43, 55, 67, 91, 36, 49, 62, 75, 88, 8, 20, 32, 44, 56, 68, 80, 83, 96, 97, 98, 99, 100, 101, 102, 104, 1, 14, 27, 40, 53, 66, 79, 92, 108, 109, 110, 111, 112, 113, 114, 115, 119, 9, 21, 33, 45, 57, 69, 81, 93, 105, 107, 117, 120, 121, 122, 123, 124, 125, 126, 127, 128, 10, 12, 22, 25, 34, 38, 46, 51, 58, 64, 70, 77, 82, 90, 94, 103, 106, 116, 118, 129, 130, 131, 132, 133, 134, 135, 136, 137, 138, 139, 140, 141, 142, 143
111
0, 2, 26, 24, 28, 4, 50, 52, 48, 30, 6, 54, 60, 61, 13, 18, 37, 5, 17, 41, 65, 11, 71, 23, 47, 15, 39, 63, 35, 72, 73, 74, 76, 78, 3, 16, 29, 42, 84, 85, 86, 87, 89, 95, 59, 7, 19, 31, 43, 55, 67, 91, 36, 49, 62, 75, 88, 8, 20, 32, 44, 56, 68, 80, 83, 96, 97, 98, 99, 100, 101, 102, 104, 1, 14, 27, 40, 53, 66, 79, 92, 108, 109, 110, 111, 112, 113, 114, 115, 119, 9, 21, 33, 45, 57, 69, 81, 93, 105, 107, 117, 120, 121, 122, 123, 124, 125, 126, 127, 128, 10, 12, 22, 25, 34, 38, 46, 51, 58, 64, 70, 77, 82, 90, 94, 103, 106, 116, 118, 129, 130, 131, 132, 133, 134, 135, 136, 137, 138, 139, 140, 141, 142, 143
110
0, 2, 26, 24, 28, 4, 50, 52, 48, 30, 6, 54, 60, 61, 13, 18, 37, 5, 17, 41, 65, 11, 71, 23, 47, 15, 39, 63, 35, 72, 73, 74, 76, 78, 3, 16, 29, 42, 84, 85, 86, 87, 89, 95, 59, 7, 19, 31, 43, 55, 67, 91, 36, 49, 62, 75, 88, 8, 20, 32, 44, 56, 68, 80, 83, 96, 97, 98, 99, 100, 101, 102, 104, 1, 14, 27, 40, 53, 66, 79, 92, 108, 109, 110, 111, 112, 113, 114, 115, 119, 9, 21, 33, 45, 57, 69, 81, 93, 105, 107, 117, 120, 121, 122, 123, 124, 125, 126, 127, 128, 10, 12, 22, 25, 34, 38, 46, 51, 58, 64, 70, 77, 82, 90, 94, 103, 106, 116, 118, 129, 130, 131, 132, 133, 134, 135, 136, 137, 138, 139, 140, 141, 142, 143
109
0, 2, 26, 24, 28, 4, 50, 52, 48, 30, 6, 54, 60, 61, 13, 18, 37, 5, 17, 41, 65, 11, 71, 23, 47, 15, 39, 63, 35, 72, 73, 74, 76, 78, 3, 16, 29, 42, 84, 85, 86, 87, 89, 95, 59, 7, 19, 31, 43, 55, 67, 91, 36, 49, 62, 75, 88, 8, 20, 32, 44, 56, 68, 80, 83, 96, 97, 98, 99, 100, 101, 102, 104, 1, 14, 27, 40, 53, 66, 79, 92, 108, 109, 110, 111, 112, 113, 114, 115, 119, 9, 21, 33, 45, 57, 69, 81, 93, 105, 107, 117, 120, 121, 122, 123, 124, 125, 126, 127, 128, 10, 12, 22, 25, 34, 38, 46, 51, 58, 64, 70, 77, 82, 90, 94, 103, 106, 116, 118, 129, 130, 131, 132, 133, 134, 135, 136, 137, 138, 139, 140, 141, 142, 143
108
0, 2, 26, 24, 28, 4, 50, 52, 48, 30, 6, 54, 60, 61, 13, 18, 37, 5, 17, 41, 65, 11, 71, 23, 47, 15, 39, 63, 35, 72, 73, 74, 76, 78, 3, 16, 29, 42, 84, 85, 86, 87, 89, 95, 59, 7, 19, 31, 43, 55, 67, 91, 36, 49, 62, 75, 88, 8, 20, 32, 44, 56, 68, 80, 83, 96, 97, 98, 99, 100, 101, 102, 104, 1, 14, 27, 40, 53, 66, 79, 92, 108, 109, 110, 111, 112, 113, 114, 115, 119, 9, 21, 33, 45, 57, 69, 81, 93, 105, 107, 117, 120, 121, 122, 123, 124, 125, 126, 127, 128, 10, 12, 22, 25, 34, 38, 46, 51, 58, 64, 70, 77, 82, 90, 94, 103, 106, 116, 118, 129, 130, 131, 132, 133, 134, 135, 136, 137, 138, 139, 140, 141, 142, 143
107
0, 2, 26, 24, 28, 4, 50, 52, 48, 30, 6, 54, 60, 61, 13, 18, 5, 17, 65, 37, 41, 11, 71, 23, 47, 15, 39, 63, 35, 72, 73, 74, 76, 78, 3, 16, 29, 42, 84, 85, 86, 87, 89, 95, 59, 7, 19, 31, 43, 55, 67, 91, 36, 49, 62, 75, 88, 8, 20, 32, 44, 56, 68, 80, 83, 96, 97, 98, 99, 100, 101, 102, 104, 1, 14, 27, 40, 53, 66, 79, 92, 108, 109, 110, 111, 112, 113, 114, 115, 119, 9, 21, 33, 45, 57, 69, 81, 93, 105, 107, 117, 120, 121, 122, 123, 124, 125, 126, 127, 128, 10, 12, 22, 25, 34, 38, 46, 51, 58, 64, 70, 77, 82, 90, 94, 103, 106, 116, 118, 129, 130, 131, 132, 133, 134, 135, 136, 137, 138, 139, 140, 141, 142, 143
106
0, 2, 26, 24, 28, 4, 50, 52, 48, 30, 6, 54, 60, 61, 13, 17, 65, 18, 5, 37, 41, 11, 71, 23, 47, 15, 39, 63, 35, 72, 73, 74, 76, 78, 3, 16, 29, 42, 84, 85, 86, 87, 89, 95, 59, 7, 19, 31, 43, 55, 67, 91, 36, 49, 62, 75, 88, 8, 20, 32, 44, 56, 68, 80, 83, 96, 97, 98, 99, 100, 101, 102, 104, 1, 14, 27, 40, 53, 66, 79, 92, 108, 109, 110, 111, 112, 113, 114, 115, 119, 9, 21, 33, 45, 57, 69, 81, 93, 105, 107, 117, 120, 121, 122, 123, 124, 125, 126, 127, 128, 10, 12, 22, 25, 34, 38, 46, 51, 58, 64, 70, 77, 82, 90, 94, 103, 106, 116, 118, 129, 130, 131, 132, 133, 134, 135, 136, 137, 138, 139, 140, 141, 142, 143
105
0, 2, 26, 24, 28, 4, 50, 52, 13, 37, 7, 19, 43, 8, 20, 32, 56, 36, 49, 31, 67, 62, 48, 61, 108, 109, 115, 30, 6, 54, 18, 85, 84, 15, 60, 17, 65, 5, 41, 39, 63, 72, 73, 74, 76, 78, 3, 11, 71, 23, 47, 35, 16, 29, 42, 86, 87, 89, 95, 59, 55, 91, 75, 88, 44, 68, 80, 83, 96, 97, 98, 99, 100, 101, 102, 104, 1, 14, 27, 40, 53, 66, 79, 92, 110, 111, 112, 113, 114, 119, 9, 21, 33, 45, 57, 69, 81, 93, 105, 107, 117, 120, 121, 122, 123, 124, 125, 126, 127, 128, 10, 12, 22, 25, 34, 38, 46, 51, 58, 64, 70, 77, 82, 90, 94, 103, 106, 116, 118, 129, 130, 131, 132, 133, 134, 135, 136, 137, 138, 139, 140, 141, 142, 143
104
0, 2, 26, 24, 28, 13, 37, 108, 109, 15, 39, 1, 14, 27, 40, 36, 96, 97, 98, 111, 8, 20, 7, 100, 110, 41, 99, 120, 121, 122, 128, 132, 12, 85, 84, 3, 16, 29, 42, 86, 87, 89, 88, 101, 50, 52, 19, 32, 49, 48, 115, 4, 43, 56, 67, 31, 62, 61, 30, 6, 54, 18, 60, 17, 65, 5, 63, 72, 73, 74, 76, 78, 11, 71, 23, 47, 35, 95, 59, 55, 91, 75, 44, 68, 80, 83, 102, 104, 53, 66, 79, 92, 112, 113, 114, 119, 9, 21, 33, 45, 57, 69, 81, 93, 105, 107, 117, 123, 124, 125, 126, 127, 10, 22, 25, 34, 38, 46, 51, 58, 64, 70, 77, 82, 90, 94, 103, 106, 116, 118, 129, 130, 131, 133, 134, 135, 136, 137, 138, 139, 140, 141, 142, 143
103
0, 2, 26, 28, 13, 108, 109, 15, 1, 14, 27, 96, 97, 98, 85, 84, 3, 16, 110, 29, 99, 86, 12, 25, 72, 73, 77, 24, 76, 37, 39, 40, 111, 8, 36, 20, 7, 100, 41, 120, 121, 122, 128, 132, 42, 87, 89, 88, 101, 50, 52, 19, 32, 49, 48, 115, 4, 43, 56, 67, 31, 62, 61, 30, 6, 54, 18, 60, 17, 65, 5, 63, 74, 78, 11, 71, 23, 47, 35, 95, 59, 55, 91, 75, 44, 68, 80, 83, 102, 104, 53, 66, 79, 92, 112, 113, 114, 119, 9, 21, 33, 45, 57, 69, 81, 93, 105, 107, 117, 123, 124, 125, 126, 127, 10, 22, 34, 38, 46, 51, 58, 64, 70, 82, 90, 94, 103, 106, 116, 118, 129, 130, 131, 133, 134, 135, 136, 137, 138, 139, 140, 141, 142, 143
# [date -Iseconds] 2025-07-31T03:05:27+09:00
# [timeout] 124
