# [run] timeout 1h java -Xms1024g -Xmx1024g -Xss134m -cp ../src/pathwidth.jar Pathwidth ../benchmark_instances/2023result/docs/solver/benchmark/random_instance/random_instance011_graph004.col
# [date -Iseconds] 2025-10-04T18:39:07+09:00
../benchmark_instances/2023result/docs/solver/benchmark/random_instance/random_instance011_graph004.col
143
0, 2, 98, 99, 57, 130, 86, 117, 89, 97, 102, 68, 80, 65, 19, 11, 48, 10, 14, 52, 82, 83, 41, 141, 138, 39, 28, 46, 131, 70, 58, 75, 77, 93, 36, 13, 61, 6, 125, 12, 123, 29, 7, 34, 60, 54, 16, 38, 40, 47, 49, 66, 91, 26, 134, 105, 101, 3, 20, 116, 64, 18, 56, 63, 35, 139, 62, 24, 103, 104, 53, 78, 25, 51, 50, 1, 9, 44, 118, 15, 135, 31, 43, 45, 100, 55, 76, 79, 17, 21, 32, 81, 23, 109, 22, 120, 69, 127, 4, 132, 42, 95, 111, 114, 8, 107, 122, 137, 5, 92, 94, 96, 110, 112, 128, 30, 59, 129, 37, 72, 115, 142, 67, 124, 133, 27, 74, 121, 126, 140, 33, 88, 106, 71, 84, 87, 108, 119, 136, 73, 85, 90, 113
142
0, 2, 98, 99, 57, 130, 86, 117, 89, 97, 102, 68, 80, 65, 19, 11, 48, 10, 14, 52, 82, 83, 41, 141, 138, 39, 28, 46, 131, 70, 58, 75, 77, 93, 36, 13, 61, 6, 125, 12, 123, 29, 7, 34, 60, 54, 16, 38, 40, 47, 49, 66, 91, 26, 134, 105, 101, 3, 20, 116, 64, 18, 56, 63, 35, 139, 62, 24, 103, 104, 53, 78, 25, 51, 50, 1, 9, 44, 118, 15, 135, 31, 43, 45, 100, 55, 76, 79, 17, 21, 32, 81, 23, 109, 22, 120, 69, 127, 4, 132, 42, 95, 111, 114, 8, 107, 122, 137, 5, 92, 94, 96, 110, 112, 128, 30, 59, 129, 37, 72, 115, 142, 67, 124, 133, 27, 74, 121, 126, 140, 33, 88, 106, 71, 84, 87, 108, 119, 136, 73, 85, 90, 113
141
0, 2, 98, 99, 57, 130, 86, 117, 89, 97, 102, 68, 80, 65, 19, 11, 48, 10, 14, 52, 82, 83, 41, 141, 138, 39, 28, 46, 131, 70, 58, 75, 77, 93, 36, 13, 61, 6, 125, 12, 123, 29, 7, 34, 60, 54, 16, 38, 40, 47, 49, 66, 91, 26, 134, 105, 101, 3, 20, 116, 64, 18, 56, 63, 35, 139, 62, 24, 103, 104, 53, 78, 25, 51, 50, 1, 9, 44, 118, 15, 135, 31, 43, 45, 100, 55, 76, 79, 17, 21, 32, 81, 23, 109, 22, 120, 69, 127, 4, 132, 42, 95, 111, 114, 8, 107, 122, 137, 5, 92, 94, 96, 110, 112, 128, 30, 59, 129, 37, 72, 115, 142, 67, 124, 133, 27, 74, 121, 126, 140, 33, 88, 106, 71, 84, 87, 108, 119, 136, 73, 85, 90, 113
140
0, 2, 98, 99, 57, 130, 86, 117, 89, 97, 102, 68, 80, 65, 19, 11, 48, 10, 14, 52, 82, 83, 41, 141, 138, 39, 28, 46, 131, 70, 58, 75, 77, 93, 36, 13, 61, 6, 125, 12, 123, 29, 7, 34, 60, 54, 16, 38, 40, 47, 49, 66, 91, 26, 134, 105, 101, 3, 20, 116, 64, 18, 56, 63, 35, 139, 62, 24, 103, 104, 53, 78, 25, 51, 50, 1, 9, 44, 118, 15, 135, 31, 43, 45, 100, 55, 76, 79, 17, 21, 32, 81, 23, 109, 22, 120, 69, 127, 4, 132, 42, 95, 111, 114, 8, 107, 122, 137, 5, 92, 94, 96, 110, 112, 128, 30, 59, 129, 37, 72, 115, 142, 67, 124, 133, 27, 74, 121, 126, 140, 33, 88, 106, 71, 84, 87, 108, 119, 136, 73, 85, 90, 113
139
0, 2, 98, 99, 57, 130, 86, 117, 89, 97, 102, 68, 80, 65, 19, 11, 48, 10, 14, 52, 82, 83, 41, 141, 138, 39, 28, 46, 131, 70, 58, 75, 77, 93, 36, 13, 61, 6, 125, 12, 123, 29, 7, 34, 60, 54, 16, 38, 40, 47, 49, 66, 91, 26, 134, 105, 101, 3, 20, 116, 64, 18, 56, 63, 35, 139, 62, 24, 103, 104, 53, 78, 25, 51, 50, 1, 9, 44, 118, 15, 135, 31, 43, 45, 100, 55, 76, 79, 17, 21, 32, 81, 23, 109, 22, 120, 69, 127, 4, 132, 42, 95, 111, 114, 8, 107, 122, 137, 5, 92, 94, 96, 110, 112, 128, 30, 59, 129, 37, 72, 115, 142, 67, 124, 133, 27, 74, 121, 126, 140, 33, 88, 106, 71, 84, 87, 108, 119, 136, 73, 85, 90, 113
138
0, 2, 98, 99, 57, 130, 86, 117, 89, 97, 102, 68, 80, 65, 19, 11, 48, 10, 14, 52, 82, 83, 41, 141, 138, 39, 28, 46, 131, 70, 58, 75, 77, 93, 36, 13, 61, 6, 125, 12, 123, 29, 7, 34, 60, 54, 16, 38, 40, 47, 49, 66, 91, 26, 134, 105, 101, 3, 20, 116, 64, 18, 56, 63, 35, 139, 62, 24, 103, 104, 53, 78, 25, 51, 50, 1, 9, 44, 118, 15, 135, 31, 43, 45, 100, 55, 76, 79, 17, 21, 32, 81, 23, 109, 22, 120, 69, 127, 4, 132, 42, 95, 111, 114, 8, 107, 122, 137, 5, 92, 94, 96, 110, 112, 128, 30, 59, 129, 37, 72, 115, 142, 67, 124, 133, 27, 74, 121, 126, 140, 33, 88, 106, 71, 84, 87, 108, 119, 136, 73, 85, 90, 113
137
0, 2, 98, 99, 57, 130, 86, 117, 89, 97, 102, 68, 80, 65, 19, 11, 48, 10, 14, 52, 82, 83, 41, 141, 138, 39, 28, 46, 131, 70, 58, 75, 77, 93, 36, 13, 61, 6, 125, 12, 123, 29, 7, 34, 60, 54, 16, 38, 40, 47, 49, 66, 91, 26, 134, 105, 101, 3, 20, 116, 64, 18, 56, 63, 35, 139, 62, 24, 103, 104, 53, 78, 25, 51, 50, 1, 9, 44, 118, 15, 135, 31, 43, 45, 100, 55, 76, 79, 17, 21, 32, 81, 23, 109, 22, 120, 69, 127, 4, 132, 42, 95, 111, 114, 8, 107, 122, 137, 5, 92, 94, 96, 110, 112, 128, 30, 59, 129, 37, 72, 115, 142, 67, 124, 133, 27, 74, 121, 126, 140, 33, 88, 106, 71, 84, 87, 108, 119, 136, 73, 85, 90, 113
136
0, 2, 98, 99, 57, 130, 86, 117, 89, 97, 102, 68, 80, 65, 19, 11, 48, 10, 14, 52, 82, 83, 41, 141, 138, 39, 28, 46, 131, 70, 58, 75, 77, 93, 36, 13, 61, 6, 125, 12, 123, 29, 7, 34, 60, 54, 16, 38, 40, 47, 49, 66, 91, 26, 134, 105, 101, 3, 20, 116, 64, 18, 56, 63, 35, 139, 62, 24, 103, 104, 53, 78, 25, 51, 50, 1, 9, 44, 118, 15, 135, 31, 43, 45, 100, 55, 76, 79, 17, 21, 32, 81, 23, 109, 22, 120, 69, 127, 4, 132, 42, 95, 111, 114, 8, 107, 122, 137, 5, 92, 94, 96, 110, 112, 128, 30, 59, 129, 37, 72, 115, 142, 67, 124, 133, 27, 74, 121, 126, 140, 33, 88, 106, 71, 84, 87, 108, 119, 136, 73, 85, 90, 113
135
0, 2, 98, 99, 57, 130, 86, 117, 89, 97, 102, 68, 80, 65, 19, 11, 48, 10, 14, 52, 82, 83, 41, 141, 138, 39, 28, 46, 131, 70, 58, 75, 77, 93, 36, 13, 61, 6, 125, 12, 123, 29, 7, 34, 60, 54, 16, 38, 40, 47, 49, 66, 91, 26, 134, 105, 101, 3, 20, 116, 64, 18, 56, 63, 35, 139, 62, 24, 103, 104, 53, 78, 25, 51, 50, 1, 9, 44, 118, 15, 135, 31, 43, 45, 100, 55, 76, 79, 17, 21, 32, 81, 23, 109, 22, 120, 69, 127, 4, 132, 42, 95, 111, 114, 8, 107, 122, 137, 5, 92, 94, 96, 110, 112, 128, 30, 59, 129, 37, 72, 115, 142, 67, 124, 133, 27, 74, 121, 126, 140, 33, 88, 106, 71, 84, 87, 108, 119, 136, 73, 85, 90, 113
134
0, 2, 98, 99, 57, 130, 86, 117, 89, 97, 102, 68, 80, 65, 19, 11, 48, 10, 14, 52, 82, 83, 41, 141, 138, 39, 28, 46, 131, 70, 58, 75, 77, 93, 36, 13, 61, 6, 125, 12, 123, 29, 7, 34, 60, 54, 16, 38, 40, 47, 49, 66, 91, 26, 134, 105, 101, 3, 20, 116, 64, 18, 56, 63, 35, 139, 62, 24, 103, 104, 53, 78, 25, 51, 50, 1, 9, 44, 118, 15, 135, 31, 43, 45, 100, 55, 76, 79, 17, 21, 32, 81, 23, 109, 22, 120, 69, 127, 4, 132, 42, 95, 111, 114, 8, 107, 122, 137, 5, 92, 94, 96, 110, 112, 128, 30, 59, 129, 37, 72, 115, 142, 67, 124, 133, 27, 74, 121, 126, 140, 33, 88, 106, 71, 84, 87, 108, 119, 136, 73, 85, 90, 113
133
0, 2, 98, 99, 57, 130, 86, 117, 89, 97, 102, 68, 80, 65, 19, 11, 48, 10, 14, 52, 82, 83, 41, 141, 138, 39, 28, 46, 131, 70, 58, 75, 77, 93, 36, 13, 61, 6, 125, 12, 123, 29, 7, 34, 60, 54, 16, 38, 40, 47, 49, 66, 91, 26, 134, 105, 101, 3, 20, 116, 64, 18, 56, 63, 35, 139, 62, 24, 103, 104, 53, 78, 25, 51, 50, 1, 9, 44, 118, 15, 135, 31, 43, 45, 100, 55, 76, 79, 17, 21, 32, 81, 23, 109, 22, 120, 69, 127, 4, 132, 42, 95, 111, 114, 8, 107, 122, 137, 5, 92, 94, 96, 110, 112, 128, 30, 59, 129, 37, 72, 115, 142, 67, 124, 133, 27, 74, 121, 126, 140, 33, 88, 106, 71, 84, 87, 108, 119, 136, 73, 85, 90, 113
132
0, 2, 98, 99, 57, 130, 86, 117, 89, 97, 102, 68, 80, 65, 19, 11, 48, 10, 14, 52, 82, 83, 41, 141, 138, 39, 28, 46, 131, 70, 58, 75, 77, 93, 36, 13, 61, 6, 125, 12, 123, 29, 7, 34, 60, 54, 16, 38, 40, 47, 49, 66, 91, 26, 134, 105, 101, 3, 20, 116, 64, 18, 56, 63, 35, 139, 62, 24, 103, 104, 53, 78, 25, 51, 50, 1, 9, 44, 118, 15, 135, 31, 43, 45, 100, 55, 76, 79, 17, 21, 32, 81, 23, 109, 22, 120, 69, 127, 4, 132, 42, 95, 111, 114, 8, 107, 122, 137, 5, 92, 94, 96, 110, 112, 128, 30, 59, 129, 37, 72, 115, 142, 67, 124, 133, 27, 74, 121, 126, 140, 33, 88, 106, 71, 84, 87, 108, 119, 136, 73, 85, 90, 113
131
0, 2, 98, 99, 57, 130, 86, 117, 89, 97, 102, 68, 80, 65, 19, 11, 48, 10, 14, 52, 82, 83, 41, 141, 138, 39, 28, 46, 131, 70, 58, 75, 77, 93, 36, 13, 61, 6, 125, 12, 123, 29, 7, 34, 60, 54, 16, 38, 40, 47, 49, 66, 91, 26, 134, 105, 101, 3, 20, 116, 64, 18, 56, 63, 35, 139, 62, 24, 103, 104, 53, 78, 25, 51, 50, 1, 9, 44, 118, 15, 135, 31, 43, 45, 100, 55, 76, 79, 17, 21, 32, 81, 23, 109, 22, 120, 69, 127, 4, 132, 42, 95, 111, 114, 8, 107, 122, 137, 5, 92, 94, 96, 110, 112, 128, 30, 59, 129, 37, 72, 115, 142, 67, 124, 133, 27, 74, 121, 126, 140, 33, 88, 106, 71, 84, 87, 108, 119, 136, 73, 85, 90, 113
130
0, 2, 98, 99, 57, 130, 86, 117, 89, 97, 102, 68, 80, 65, 19, 11, 48, 10, 14, 52, 82, 83, 41, 141, 138, 39, 28, 46, 131, 70, 58, 75, 77, 93, 36, 13, 61, 6, 125, 12, 123, 29, 7, 34, 60, 54, 16, 38, 40, 47, 49, 66, 91, 26, 134, 105, 101, 3, 20, 116, 64, 18, 56, 63, 35, 139, 62, 24, 103, 104, 53, 78, 25, 51, 50, 1, 9, 44, 118, 15, 135, 31, 43, 45, 100, 55, 76, 79, 17, 21, 32, 81, 23, 109, 22, 120, 69, 127, 4, 132, 42, 95, 111, 114, 8, 107, 122, 137, 5, 92, 94, 96, 110, 112, 128, 30, 59, 129, 37, 72, 115, 142, 67, 124, 133, 27, 74, 121, 126, 140, 33, 88, 106, 71, 84, 87, 108, 119, 136, 73, 85, 90, 113
129
0, 2, 98, 99, 57, 130, 86, 117, 89, 97, 102, 68, 80, 65, 19, 11, 48, 10, 14, 52, 82, 83, 41, 141, 138, 39, 28, 46, 131, 70, 58, 75, 77, 93, 36, 13, 61, 6, 125, 12, 123, 29, 7, 34, 60, 54, 16, 38, 40, 47, 49, 66, 91, 26, 134, 105, 101, 3, 20, 116, 64, 18, 56, 63, 35, 139, 62, 24, 103, 104, 53, 78, 25, 51, 50, 1, 9, 44, 118, 15, 135, 31, 43, 45, 100, 55, 76, 79, 17, 21, 32, 81, 23, 109, 22, 120, 69, 127, 4, 132, 42, 95, 111, 114, 8, 107, 122, 137, 5, 92, 94, 96, 110, 112, 128, 30, 59, 129, 37, 72, 115, 142, 67, 124, 133, 27, 74, 121, 126, 140, 33, 88, 106, 71, 84, 87, 108, 119, 136, 73, 85, 90, 113
128
0, 2, 98, 99, 57, 130, 86, 117, 89, 97, 102, 68, 80, 65, 19, 11, 48, 10, 14, 52, 82, 83, 41, 141, 138, 39, 28, 46, 131, 70, 58, 75, 77, 93, 36, 13, 61, 6, 125, 12, 123, 29, 7, 34, 60, 54, 16, 38, 40, 47, 49, 66, 91, 26, 134, 105, 101, 3, 20, 116, 64, 18, 56, 63, 35, 139, 62, 24, 103, 104, 53, 78, 25, 51, 50, 1, 9, 44, 118, 15, 135, 31, 43, 45, 100, 55, 76, 79, 17, 21, 32, 81, 23, 109, 22, 120, 69, 127, 4, 132, 42, 95, 111, 114, 8, 107, 122, 137, 5, 92, 94, 96, 110, 112, 128, 30, 59, 129, 37, 72, 115, 142, 67, 124, 133, 27, 74, 121, 126, 140, 33, 88, 106, 71, 84, 87, 108, 119, 136, 73, 85, 90, 113
127
0, 2, 98, 99, 57, 130, 86, 117, 89, 97, 102, 68, 80, 65, 19, 11, 48, 10, 14, 52, 82, 83, 41, 141, 138, 39, 28, 46, 131, 70, 58, 75, 77, 93, 36, 13, 61, 6, 125, 12, 123, 29, 7, 34, 60, 54, 16, 38, 40, 47, 49, 66, 91, 26, 134, 105, 101, 3, 20, 116, 64, 18, 56, 63, 35, 139, 62, 24, 103, 104, 53, 78, 25, 51, 50, 1, 9, 44, 118, 15, 135, 31, 43, 45, 100, 55, 76, 79, 17, 21, 32, 81, 23, 109, 22, 120, 69, 127, 4, 132, 42, 95, 111, 114, 8, 107, 122, 137, 5, 92, 94, 96, 110, 112, 128, 30, 59, 129, 37, 72, 115, 142, 67, 124, 133, 27, 74, 121, 126, 140, 33, 88, 106, 71, 84, 87, 108, 119, 136, 73, 85, 90, 113
126
0, 2, 98, 99, 57, 130, 86, 117, 89, 97, 102, 68, 80, 65, 19, 11, 48, 10, 14, 52, 82, 83, 41, 141, 138, 39, 28, 46, 131, 70, 58, 75, 77, 93, 36, 13, 61, 6, 125, 12, 123, 29, 7, 34, 60, 54, 16, 38, 40, 47, 49, 66, 91, 26, 134, 105, 101, 3, 20, 116, 64, 18, 56, 63, 35, 139, 62, 24, 103, 104, 53, 78, 25, 51, 50, 1, 9, 44, 118, 15, 135, 31, 43, 45, 100, 55, 76, 79, 17, 21, 32, 81, 23, 109, 22, 120, 69, 127, 4, 132, 42, 95, 111, 114, 8, 107, 122, 137, 5, 92, 94, 96, 110, 112, 128, 30, 59, 129, 37, 72, 115, 142, 67, 124, 133, 27, 74, 121, 126, 140, 33, 88, 106, 71, 84, 87, 108, 119, 136, 73, 85, 90, 113
125
0, 2, 98, 99, 57, 130, 86, 117, 89, 97, 102, 68, 80, 65, 19, 11, 48, 10, 14, 52, 82, 83, 41, 141, 138, 39, 28, 46, 131, 70, 58, 75, 77, 93, 36, 13, 61, 6, 125, 12, 123, 29, 7, 34, 60, 54, 16, 38, 40, 47, 49, 66, 91, 26, 134, 105, 101, 3, 20, 116, 64, 18, 56, 63, 35, 139, 62, 24, 103, 104, 53, 78, 25, 51, 50, 1, 9, 44, 118, 15, 135, 31, 43, 45, 100, 55, 76, 79, 17, 21, 32, 81, 23, 109, 22, 120, 69, 127, 4, 132, 42, 95, 111, 114, 8, 107, 122, 137, 5, 92, 94, 96, 110, 112, 128, 30, 59, 129, 37, 72, 115, 142, 67, 124, 133, 27, 74, 121, 126, 140, 33, 88, 106, 71, 84, 87, 108, 119, 136, 73, 85, 90, 113
124
0, 2, 98, 99, 57, 130, 86, 117, 89, 97, 102, 68, 80, 65, 19, 11, 48, 10, 14, 52, 82, 83, 41, 141, 138, 39, 28, 46, 131, 70, 58, 75, 77, 93, 36, 13, 61, 6, 125, 12, 123, 29, 7, 34, 60, 54, 16, 38, 40, 47, 49, 66, 91, 26, 134, 105, 101, 3, 20, 116, 64, 18, 56, 63, 35, 139, 62, 24, 103, 104, 53, 78, 25, 51, 50, 1, 9, 44, 118, 15, 135, 31, 43, 45, 100, 55, 76, 79, 17, 21, 32, 81, 23, 109, 22, 120, 69, 127, 4, 132, 42, 95, 111, 114, 8, 107, 122, 137, 5, 92, 94, 96, 110, 112, 128, 30, 59, 129, 37, 72, 115, 142, 67, 124, 133, 27, 74, 121, 126, 140, 33, 88, 106, 71, 84, 87, 108, 119, 136, 73, 85, 90, 113
123
0, 2, 98, 99, 57, 130, 86, 117, 89, 97, 102, 68, 80, 65, 19, 11, 48, 10, 14, 52, 82, 83, 41, 141, 138, 39, 28, 46, 131, 70, 58, 75, 77, 93, 36, 13, 61, 6, 125, 12, 123, 29, 7, 34, 60, 54, 16, 38, 40, 47, 49, 66, 91, 26, 134, 105, 101, 3, 20, 116, 64, 18, 56, 63, 35, 139, 62, 24, 103, 104, 53, 78, 25, 51, 50, 1, 9, 44, 118, 15, 135, 31, 43, 45, 100, 55, 76, 79, 17, 21, 32, 81, 23, 109, 22, 120, 69, 127, 4, 132, 42, 95, 111, 114, 8, 107, 122, 137, 5, 92, 94, 96, 110, 112, 128, 30, 59, 129, 37, 72, 115, 142, 67, 124, 133, 27, 74, 121, 126, 140, 33, 88, 106, 71, 84, 87, 108, 119, 136, 73, 85, 90, 113
122
0, 2, 98, 99, 57, 130, 86, 117, 89, 97, 102, 68, 80, 65, 19, 11, 48, 10, 14, 52, 82, 83, 41, 141, 138, 39, 28, 46, 131, 70, 58, 75, 77, 93, 36, 13, 61, 6, 125, 12, 123, 29, 7, 34, 60, 54, 16, 38, 40, 47, 49, 66, 91, 26, 134, 105, 101, 3, 20, 116, 64, 18, 56, 63, 35, 139, 62, 24, 103, 104, 53, 78, 25, 51, 50, 1, 9, 44, 118, 15, 135, 31, 43, 45, 100, 55, 76, 79, 17, 21, 32, 81, 23, 109, 22, 120, 69, 127, 4, 132, 42, 95, 111, 114, 8, 107, 122, 137, 5, 92, 94, 96, 110, 112, 128, 30, 59, 129, 37, 72, 115, 142, 67, 124, 133, 27, 74, 121, 126, 140, 33, 88, 106, 71, 84, 87, 108, 119, 136, 73, 85, 90, 113
121
0, 2, 98, 99, 57, 130, 86, 117, 89, 97, 102, 68, 80, 65, 19, 11, 48, 10, 14, 52, 82, 83, 41, 141, 138, 39, 28, 46, 131, 70, 58, 75, 77, 93, 36, 13, 61, 6, 125, 12, 123, 29, 7, 34, 60, 54, 16, 38, 40, 47, 49, 66, 91, 26, 134, 105, 101, 3, 20, 116, 64, 18, 56, 63, 35, 139, 62, 24, 103, 104, 53, 78, 25, 51, 50, 1, 9, 44, 118, 15, 135, 31, 43, 45, 100, 55, 76, 79, 17, 21, 32, 81, 23, 109, 22, 120, 69, 127, 4, 132, 42, 95, 111, 114, 8, 107, 122, 137, 5, 92, 94, 96, 110, 112, 128, 30, 59, 129, 37, 72, 115, 142, 67, 124, 133, 27, 74, 121, 126, 140, 33, 88, 106, 71, 84, 87, 108, 119, 136, 73, 85, 90, 113
120
0, 2, 98, 99, 57, 130, 86, 117, 89, 97, 102, 68, 80, 65, 19, 11, 48, 10, 14, 52, 82, 83, 41, 141, 138, 39, 28, 46, 131, 70, 58, 75, 77, 93, 36, 13, 61, 6, 125, 12, 123, 29, 7, 34, 60, 54, 16, 38, 40, 47, 49, 66, 91, 26, 134, 105, 101, 3, 20, 116, 64, 18, 56, 63, 35, 139, 62, 24, 103, 104, 53, 78, 25, 51, 50, 1, 9, 44, 118, 15, 135, 31, 43, 45, 100, 55, 76, 79, 17, 21, 32, 81, 23, 109, 22, 120, 69, 127, 4, 132, 42, 95, 111, 114, 8, 107, 122, 137, 5, 92, 94, 96, 110, 112, 128, 30, 59, 129, 37, 72, 115, 142, 67, 124, 133, 27, 74, 121, 126, 140, 33, 88, 106, 71, 84, 87, 108, 119, 136, 73, 85, 90, 113
119
0, 2, 98, 99, 57, 130, 86, 117, 89, 97, 102, 68, 80, 65, 19, 11, 48, 10, 14, 52, 82, 83, 41, 141, 138, 39, 28, 46, 131, 70, 58, 75, 77, 93, 36, 13, 61, 6, 125, 12, 123, 29, 7, 34, 60, 54, 16, 38, 40, 47, 49, 66, 91, 26, 134, 105, 101, 3, 20, 116, 64, 18, 56, 63, 35, 139, 62, 24, 103, 104, 53, 78, 25, 51, 50, 1, 9, 44, 118, 15, 135, 31, 43, 45, 100, 55, 76, 79, 17, 21, 32, 81, 23, 109, 22, 120, 69, 127, 4, 132, 42, 95, 111, 114, 8, 107, 122, 137, 5, 92, 94, 96, 110, 112, 128, 30, 59, 129, 37, 72, 115, 142, 67, 124, 133, 27, 74, 121, 126, 140, 33, 88, 106, 71, 84, 87, 108, 119, 136, 73, 85, 90, 113
118
0, 2, 98, 99, 57, 130, 86, 117, 89, 97, 102, 68, 80, 65, 19, 11, 48, 10, 14, 52, 82, 83, 41, 141, 138, 39, 28, 46, 131, 70, 58, 75, 77, 93, 36, 13, 61, 6, 125, 12, 123, 29, 7, 34, 60, 54, 16, 38, 40, 47, 49, 66, 91, 26, 134, 105, 101, 3, 20, 116, 64, 18, 56, 63, 35, 139, 62, 24, 103, 104, 53, 78, 25, 51, 50, 1, 9, 44, 118, 15, 135, 31, 43, 45, 100, 55, 76, 79, 17, 21, 32, 81, 23, 109, 22, 120, 69, 127, 4, 132, 42, 95, 111, 114, 8, 107, 122, 137, 5, 92, 94, 96, 110, 112, 128, 30, 59, 129, 37, 72, 115, 142, 67, 124, 133, 27, 74, 121, 126, 140, 33, 88, 106, 71, 84, 87, 108, 119, 136, 73, 85, 90, 113
117
0, 2, 98, 99, 57, 130, 86, 117, 89, 97, 102, 68, 80, 65, 19, 11, 48, 10, 14, 52, 82, 83, 41, 141, 138, 39, 28, 46, 131, 70, 58, 75, 77, 93, 36, 13, 61, 6, 125, 12, 123, 29, 7, 34, 60, 54, 16, 38, 40, 47, 49, 66, 91, 26, 134, 105, 101, 3, 20, 116, 64, 18, 56, 63, 35, 139, 62, 24, 103, 104, 53, 78, 25, 51, 50, 1, 9, 44, 118, 15, 135, 31, 43, 45, 100, 55, 76, 79, 17, 21, 32, 81, 23, 109, 22, 120, 69, 127, 4, 132, 42, 95, 111, 114, 8, 107, 122, 137, 5, 92, 94, 96, 110, 112, 128, 30, 59, 129, 37, 72, 115, 142, 67, 124, 133, 27, 74, 121, 126, 140, 33, 88, 106, 71, 84, 87, 108, 119, 136, 73, 85, 90, 113
116
0, 2, 98, 99, 57, 130, 86, 117, 89, 97, 102, 68, 80, 65, 19, 11, 48, 10, 14, 52, 82, 83, 41, 141, 138, 39, 28, 46, 131, 70, 58, 75, 77, 93, 36, 13, 61, 6, 125, 12, 123, 29, 7, 34, 60, 54, 16, 38, 40, 47, 49, 66, 91, 26, 134, 105, 101, 3, 20, 116, 64, 18, 56, 63, 35, 139, 62, 24, 103, 104, 53, 78, 25, 51, 50, 1, 9, 44, 118, 15, 135, 31, 43, 45, 100, 55, 76, 79, 17, 21, 32, 81, 23, 109, 22, 120, 69, 127, 4, 132, 42, 95, 111, 114, 8, 107, 122, 137, 5, 92, 94, 96, 110, 112, 128, 30, 59, 129, 37, 72, 115, 142, 67, 124, 133, 27, 74, 121, 126, 140, 33, 88, 106, 71, 84, 87, 108, 119, 136, 73, 85, 90, 113
115
0, 2, 98, 99, 57, 130, 86, 117, 89, 97, 102, 68, 80, 65, 19, 11, 48, 10, 14, 52, 82, 83, 41, 141, 138, 39, 28, 46, 131, 70, 58, 75, 77, 93, 36, 13, 61, 6, 125, 12, 123, 29, 7, 34, 60, 54, 16, 38, 40, 47, 49, 66, 91, 26, 134, 105, 101, 3, 20, 116, 64, 18, 56, 63, 35, 139, 62, 24, 103, 104, 53, 78, 25, 51, 50, 1, 9, 44, 118, 15, 135, 31, 43, 45, 100, 55, 76, 79, 17, 21, 32, 81, 23, 109, 22, 120, 69, 127, 4, 132, 42, 95, 111, 114, 8, 107, 122, 137, 5, 92, 94, 96, 110, 112, 128, 30, 59, 129, 37, 72, 115, 142, 67, 124, 133, 27, 74, 121, 126, 140, 33, 88, 106, 71, 84, 87, 108, 119, 136, 73, 85, 90, 113
114
0, 2, 98, 99, 57, 130, 86, 117, 89, 97, 102, 68, 80, 65, 19, 11, 48, 10, 14, 52, 82, 83, 41, 141, 138, 39, 28, 46, 131, 70, 58, 75, 77, 93, 36, 13, 61, 6, 125, 12, 123, 29, 7, 34, 60, 54, 16, 38, 40, 47, 49, 66, 91, 26, 134, 105, 101, 3, 20, 116, 64, 18, 56, 63, 35, 139, 62, 24, 103, 104, 53, 78, 25, 51, 50, 1, 9, 44, 118, 15, 135, 31, 43, 45, 100, 55, 76, 79, 17, 21, 32, 81, 23, 109, 22, 120, 69, 127, 4, 132, 42, 95, 111, 114, 8, 107, 122, 137, 5, 92, 94, 96, 110, 112, 128, 30, 59, 129, 37, 72, 115, 142, 67, 124, 133, 27, 74, 121, 126, 140, 33, 88, 106, 71, 84, 87, 108, 119, 136, 73, 85, 90, 113
113
0, 2, 98, 99, 57, 130, 86, 117, 89, 97, 102, 68, 80, 65, 19, 11, 48, 10, 14, 52, 82, 83, 41, 141, 138, 39, 28, 46, 131, 70, 58, 75, 77, 93, 36, 13, 61, 6, 125, 12, 123, 29, 7, 34, 60, 54, 16, 38, 40, 47, 49, 66, 91, 26, 134, 105, 101, 3, 20, 116, 64, 18, 56, 63, 35, 139, 62, 24, 103, 104, 53, 78, 25, 51, 50, 1, 9, 44, 118, 15, 135, 31, 43, 45, 100, 55, 76, 79, 17, 21, 32, 81, 23, 109, 22, 120, 69, 127, 4, 132, 42, 95, 111, 114, 8, 107, 122, 137, 5, 92, 94, 96, 110, 112, 128, 30, 59, 129, 37, 72, 115, 142, 67, 124, 133, 27, 74, 121, 126, 140, 33, 88, 106, 71, 84, 87, 108, 119, 136, 73, 85, 90, 113
112
0, 2, 98, 99, 57, 130, 86, 117, 89, 97, 102, 68, 80, 65, 19, 11, 48, 10, 14, 52, 82, 83, 41, 141, 138, 39, 28, 46, 131, 70, 58, 75, 77, 93, 36, 13, 61, 6, 125, 12, 123, 29, 7, 34, 60, 54, 16, 38, 40, 47, 49, 66, 91, 26, 134, 105, 101, 3, 20, 116, 64, 18, 56, 63, 35, 139, 62, 24, 103, 104, 53, 78, 25, 51, 50, 1, 9, 44, 118, 15, 135, 31, 43, 45, 100, 55, 76, 79, 17, 21, 32, 81, 23, 109, 22, 120, 69, 127, 4, 132, 42, 95, 111, 114, 8, 107, 122, 137, 5, 92, 94, 96, 110, 112, 128, 30, 59, 129, 37, 72, 115, 142, 67, 124, 133, 27, 74, 121, 126, 140, 33, 88, 106, 71, 84, 87, 108, 119, 136, 73, 85, 90, 113
111
0, 2, 98, 99, 57, 130, 86, 117, 89, 97, 102, 68, 80, 65, 19, 11, 48, 10, 14, 52, 82, 83, 41, 141, 138, 39, 28, 46, 131, 70, 58, 75, 77, 93, 36, 13, 61, 6, 125, 12, 123, 29, 7, 34, 60, 54, 16, 38, 40, 47, 49, 66, 91, 26, 134, 105, 101, 3, 20, 116, 64, 18, 56, 63, 35, 139, 62, 24, 103, 104, 53, 78, 25, 51, 50, 1, 9, 44, 118, 15, 135, 31, 43, 45, 100, 55, 76, 79, 17, 21, 32, 81, 23, 109, 22, 120, 69, 127, 4, 132, 42, 95, 111, 114, 8, 107, 122, 137, 5, 92, 94, 96, 110, 112, 128, 30, 59, 129, 37, 72, 115, 142, 67, 124, 133, 27, 74, 121, 126, 140, 33, 88, 106, 71, 84, 87, 108, 119, 136, 73, 85, 90, 113
110
0, 2, 98, 99, 57, 130, 86, 117, 89, 97, 102, 68, 80, 65, 19, 11, 48, 10, 14, 52, 82, 83, 41, 141, 138, 39, 28, 46, 131, 70, 58, 75, 77, 93, 36, 13, 61, 6, 125, 12, 123, 29, 7, 34, 60, 54, 16, 38, 40, 47, 49, 66, 91, 26, 134, 105, 101, 3, 20, 116, 64, 18, 56, 63, 35, 139, 62, 24, 103, 104, 53, 78, 25, 51, 50, 1, 9, 44, 118, 15, 135, 31, 43, 45, 100, 55, 76, 79, 17, 21, 32, 81, 23, 109, 22, 120, 69, 127, 4, 132, 42, 95, 111, 114, 8, 107, 122, 137, 5, 92, 94, 96, 110, 112, 128, 30, 59, 129, 37, 72, 115, 142, 67, 124, 133, 27, 74, 121, 126, 140, 33, 88, 106, 71, 84, 87, 108, 119, 136, 73, 85, 90, 113
109
0, 2, 98, 99, 57, 130, 86, 117, 89, 97, 102, 68, 80, 65, 19, 11, 48, 10, 14, 52, 82, 83, 41, 141, 138, 39, 28, 46, 131, 70, 58, 75, 77, 93, 36, 13, 61, 6, 125, 12, 123, 29, 7, 34, 60, 54, 16, 38, 40, 47, 49, 66, 91, 26, 134, 105, 101, 3, 20, 116, 64, 18, 56, 63, 35, 139, 62, 24, 103, 104, 53, 78, 25, 51, 50, 1, 9, 44, 118, 15, 135, 31, 43, 45, 100, 55, 76, 79, 17, 21, 32, 81, 23, 109, 22, 120, 69, 127, 4, 132, 42, 95, 111, 114, 8, 107, 122, 137, 5, 92, 94, 96, 110, 112, 128, 30, 59, 129, 37, 72, 115, 142, 67, 124, 133, 27, 74, 121, 126, 140, 33, 88, 106, 71, 84, 87, 108, 119, 136, 73, 85, 90, 113
108
0, 2, 98, 99, 57, 130, 86, 117, 89, 97, 102, 68, 80, 65, 19, 11, 48, 10, 14, 52, 82, 83, 41, 141, 138, 39, 28, 46, 131, 70, 58, 75, 77, 93, 36, 13, 61, 6, 125, 12, 123, 29, 7, 34, 60, 54, 16, 38, 40, 47, 49, 66, 91, 26, 134, 105, 101, 3, 20, 116, 64, 18, 56, 63, 35, 139, 62, 24, 103, 104, 53, 78, 25, 51, 50, 1, 9, 44, 118, 15, 135, 31, 43, 45, 100, 55, 76, 79, 17, 21, 32, 81, 23, 109, 22, 120, 69, 127, 4, 132, 42, 95, 111, 114, 8, 107, 122, 137, 5, 92, 94, 96, 110, 112, 128, 30, 59, 129, 37, 72, 115, 142, 67, 124, 133, 27, 74, 121, 126, 140, 33, 88, 106, 71, 84, 87, 108, 119, 136, 73, 85, 90, 113
107
0, 2, 98, 99, 57, 130, 86, 117, 89, 97, 102, 68, 80, 65, 19, 11, 48, 10, 14, 52, 82, 83, 41, 141, 138, 39, 28, 46, 131, 70, 58, 75, 77, 93, 36, 13, 61, 6, 125, 12, 123, 29, 7, 34, 60, 54, 16, 38, 40, 47, 49, 66, 91, 26, 134, 105, 101, 3, 20, 116, 64, 18, 56, 63, 35, 139, 62, 24, 103, 104, 53, 78, 25, 51, 50, 1, 9, 44, 118, 15, 135, 31, 43, 45, 100, 55, 76, 79, 17, 21, 32, 81, 23, 109, 22, 120, 69, 127, 4, 132, 42, 95, 111, 114, 8, 107, 122, 137, 5, 92, 94, 96, 110, 112, 128, 30, 59, 129, 37, 72, 115, 142, 67, 124, 133, 27, 74, 121, 126, 140, 33, 88, 106, 71, 84, 87, 108, 119, 136, 73, 85, 90, 113
106
0, 2, 98, 99, 57, 130, 86, 117, 89, 97, 102, 68, 80, 65, 19, 11, 48, 10, 14, 52, 82, 83, 41, 141, 138, 39, 28, 46, 131, 70, 58, 75, 77, 93, 36, 13, 61, 6, 125, 12, 123, 29, 7, 34, 60, 54, 16, 38, 40, 47, 49, 66, 91, 26, 134, 105, 101, 3, 20, 116, 64, 18, 56, 63, 35, 139, 62, 24, 103, 104, 53, 78, 25, 51, 50, 1, 9, 44, 118, 15, 135, 31, 43, 45, 100, 55, 76, 79, 17, 21, 32, 81, 23, 109, 22, 120, 69, 127, 4, 132, 42, 95, 111, 114, 8, 107, 122, 137, 5, 92, 94, 96, 110, 112, 128, 30, 59, 129, 37, 72, 115, 142, 67, 124, 133, 27, 74, 121, 126, 140, 33, 88, 106, 71, 84, 87, 108, 119, 136, 73, 85, 90, 113
105
0, 2, 98, 99, 57, 130, 86, 117, 89, 97, 102, 68, 80, 65, 19, 11, 48, 10, 14, 52, 82, 83, 41, 141, 138, 39, 28, 46, 131, 70, 58, 75, 77, 93, 36, 13, 61, 6, 125, 12, 123, 29, 7, 34, 60, 54, 16, 38, 40, 47, 49, 66, 91, 26, 134, 105, 101, 3, 20, 116, 64, 18, 56, 63, 35, 139, 62, 24, 103, 104, 53, 78, 25, 51, 50, 1, 9, 44, 118, 15, 135, 31, 43, 45, 100, 55, 76, 79, 17, 21, 32, 81, 23, 109, 22, 120, 69, 127, 4, 132, 42, 95, 111, 114, 8, 107, 122, 137, 5, 92, 94, 96, 110, 112, 128, 30, 59, 129, 37, 72, 115, 142, 67, 124, 133, 27, 74, 121, 126, 140, 33, 88, 106, 71, 84, 87, 108, 119, 136, 73, 85, 90, 113
104
0, 2, 98, 99, 57, 130, 86, 117, 89, 97, 102, 68, 80, 65, 19, 11, 48, 10, 14, 52, 82, 83, 41, 141, 138, 39, 28, 46, 131, 70, 58, 75, 77, 93, 36, 13, 61, 6, 125, 12, 123, 29, 7, 34, 60, 54, 16, 38, 40, 47, 49, 66, 91, 26, 134, 105, 101, 3, 20, 116, 64, 18, 56, 63, 35, 139, 62, 24, 103, 104, 53, 78, 25, 51, 50, 1, 9, 44, 118, 15, 135, 31, 43, 45, 100, 55, 76, 79, 17, 21, 32, 81, 23, 109, 22, 120, 69, 127, 4, 132, 42, 95, 111, 114, 8, 107, 122, 137, 5, 92, 94, 96, 110, 112, 128, 30, 59, 129, 37, 72, 115, 142, 67, 124, 133, 27, 74, 121, 126, 140, 33, 88, 106, 71, 84, 87, 108, 119, 136, 73, 85, 90, 113
103
0, 2, 98, 99, 57, 130, 86, 117, 89, 97, 102, 68, 80, 65, 19, 11, 48, 10, 14, 52, 82, 83, 41, 141, 138, 39, 28, 46, 131, 70, 58, 75, 77, 93, 36, 13, 61, 6, 125, 12, 123, 29, 7, 34, 60, 54, 16, 38, 40, 47, 49, 66, 91, 26, 134, 105, 101, 3, 20, 116, 64, 18, 56, 63, 35, 139, 62, 24, 103, 104, 53, 78, 25, 51, 50, 1, 9, 44, 118, 15, 135, 31, 43, 45, 100, 55, 76, 79, 17, 21, 32, 81, 23, 109, 22, 120, 69, 127, 4, 132, 42, 95, 111, 114, 8, 107, 122, 137, 5, 92, 94, 96, 110, 112, 128, 30, 59, 129, 37, 72, 115, 142, 67, 124, 133, 27, 74, 121, 126, 140, 33, 88, 106, 71, 84, 87, 108, 119, 136, 73, 85, 90, 113
102
0, 2, 98, 99, 57, 130, 86, 117, 89, 97, 102, 68, 80, 65, 19, 11, 48, 10, 14, 52, 82, 83, 41, 141, 138, 39, 28, 46, 131, 70, 58, 75, 77, 93, 36, 13, 61, 6, 125, 12, 123, 29, 7, 34, 60, 54, 16, 38, 40, 47, 49, 66, 91, 26, 134, 105, 101, 3, 20, 116, 64, 18, 56, 63, 35, 139, 62, 24, 103, 104, 53, 78, 25, 51, 50, 1, 9, 44, 118, 15, 135, 31, 43, 45, 100, 55, 76, 79, 17, 21, 32, 81, 23, 109, 22, 120, 69, 127, 4, 132, 42, 95, 111, 114, 8, 107, 122, 137, 5, 92, 94, 96, 110, 112, 128, 30, 59, 129, 37, 72, 115, 142, 67, 124, 133, 27, 74, 121, 126, 140, 33, 88, 106, 71, 84, 87, 108, 119, 136, 73, 85, 90, 113
101
0, 2, 98, 99, 57, 130, 86, 117, 89, 97, 102, 68, 80, 65, 19, 11, 48, 10, 14, 52, 82, 83, 41, 141, 138, 39, 28, 46, 131, 70, 58, 75, 77, 93, 36, 13, 61, 6, 125, 12, 123, 29, 7, 34, 60, 54, 16, 38, 40, 47, 49, 66, 91, 26, 134, 105, 101, 3, 20, 116, 64, 18, 56, 63, 35, 139, 62, 24, 103, 104, 53, 78, 25, 51, 50, 1, 9, 44, 118, 15, 135, 31, 43, 45, 100, 55, 76, 79, 17, 21, 32, 81, 23, 109, 22, 120, 69, 127, 4, 132, 42, 95, 111, 114, 8, 107, 122, 137, 5, 92, 94, 96, 110, 112, 128, 30, 59, 129, 37, 72, 115, 142, 67, 124, 133, 27, 74, 121, 126, 140, 33, 88, 106, 71, 84, 87, 108, 119, 136, 73, 85, 90, 113
100
0, 2, 98, 99, 57, 130, 86, 117, 89, 97, 102, 68, 80, 65, 19, 11, 48, 10, 14, 52, 82, 83, 41, 141, 138, 39, 28, 46, 131, 70, 58, 75, 77, 93, 36, 13, 61, 6, 125, 12, 123, 29, 7, 34, 60, 54, 16, 38, 40, 47, 49, 66, 91, 26, 134, 105, 101, 3, 20, 116, 64, 18, 56, 63, 35, 139, 62, 24, 103, 104, 53, 78, 25, 51, 50, 1, 9, 44, 118, 15, 135, 31, 43, 45, 100, 55, 76, 79, 17, 21, 32, 81, 23, 109, 22, 120, 69, 127, 4, 132, 42, 95, 111, 114, 8, 107, 122, 137, 5, 92, 94, 96, 110, 112, 128, 30, 59, 129, 37, 72, 115, 142, 67, 124, 133, 27, 74, 121, 126, 140, 33, 88, 106, 71, 84, 87, 108, 119, 136, 73, 85, 90, 113
99
0, 2, 98, 99, 57, 130, 86, 117, 89, 97, 102, 68, 80, 65, 19, 11, 48, 10, 14, 52, 82, 83, 41, 141, 138, 39, 28, 46, 131, 70, 58, 75, 77, 93, 36, 13, 61, 6, 125, 12, 123, 29, 7, 34, 60, 54, 16, 38, 40, 47, 49, 66, 91, 26, 134, 105, 101, 3, 20, 116, 64, 18, 56, 63, 35, 139, 62, 24, 103, 104, 53, 78, 25, 51, 50, 1, 9, 44, 118, 15, 135, 31, 43, 45, 100, 55, 76, 79, 17, 21, 32, 81, 23, 109, 22, 120, 69, 127, 4, 132, 42, 95, 111, 114, 8, 107, 122, 137, 5, 92, 94, 96, 110, 112, 128, 30, 59, 129, 37, 72, 115, 142, 67, 124, 133, 27, 74, 121, 126, 140, 33, 88, 106, 71, 84, 87, 108, 119, 136, 73, 85, 90, 113
98
0, 2, 98, 99, 57, 130, 86, 117, 89, 97, 102, 68, 80, 65, 19, 11, 48, 10, 14, 52, 82, 83, 41, 141, 138, 39, 28, 46, 131, 70, 58, 75, 77, 93, 36, 13, 61, 6, 125, 12, 123, 29, 7, 34, 60, 54, 16, 38, 40, 47, 49, 66, 91, 26, 134, 105, 101, 3, 20, 116, 64, 18, 56, 63, 35, 139, 62, 24, 103, 104, 53, 78, 25, 51, 50, 1, 9, 44, 118, 15, 135, 31, 43, 45, 100, 55, 76, 79, 17, 21, 32, 81, 23, 109, 22, 120, 69, 127, 4, 132, 42, 95, 111, 114, 8, 107, 122, 137, 5, 92, 94, 96, 110, 112, 128, 30, 59, 129, 37, 72, 115, 142, 67, 124, 133, 27, 74, 121, 126, 140, 33, 88, 106, 71, 84, 87, 108, 119, 136, 73, 85, 90, 113
97
0, 2, 98, 99, 57, 130, 86, 117, 89, 97, 102, 68, 80, 65, 19, 11, 48, 10, 14, 52, 82, 83, 41, 141, 138, 39, 28, 46, 131, 70, 58, 75, 77, 93, 36, 13, 61, 6, 125, 12, 123, 29, 7, 34, 60, 54, 16, 38, 40, 47, 49, 66, 91, 26, 134, 105, 101, 3, 20, 116, 64, 18, 56, 63, 35, 139, 62, 24, 103, 104, 53, 78, 25, 51, 50, 1, 9, 44, 118, 15, 135, 31, 43, 45, 100, 55, 76, 79, 17, 21, 32, 81, 23, 109, 22, 120, 69, 127, 4, 132, 42, 95, 111, 114, 8, 107, 122, 137, 5, 92, 94, 96, 110, 112, 128, 30, 59, 129, 37, 72, 115, 142, 67, 124, 133, 27, 74, 121, 126, 140, 33, 88, 106, 71, 84, 87, 108, 119, 136, 73, 85, 90, 113
96
0, 2, 98, 99, 57, 130, 86, 117, 89, 97, 102, 68, 80, 65, 19, 11, 48, 10, 14, 52, 82, 83, 41, 141, 138, 39, 28, 46, 131, 70, 58, 75, 77, 93, 36, 13, 61, 6, 125, 12, 123, 29, 7, 34, 60, 54, 16, 38, 40, 47, 49, 66, 91, 26, 134, 105, 101, 3, 20, 116, 64, 18, 56, 63, 35, 139, 62, 24, 103, 104, 53, 78, 25, 51, 50, 1, 9, 44, 118, 15, 135, 31, 43, 45, 100, 55, 76, 79, 17, 21, 32, 81, 23, 109, 22, 120, 69, 127, 4, 132, 42, 95, 111, 114, 8, 107, 122, 137, 5, 92, 94, 96, 110, 112, 128, 30, 59, 129, 37, 72, 115, 142, 67, 124, 133, 27, 74, 121, 126, 140, 33, 88, 106, 71, 84, 87, 108, 119, 136, 73, 85, 90, 113
95
0, 2, 98, 99, 57, 130, 86, 117, 89, 97, 102, 68, 80, 65, 19, 11, 48, 10, 14, 52, 82, 83, 41, 141, 138, 39, 28, 46, 131, 70, 58, 75, 77, 93, 36, 13, 61, 6, 125, 12, 123, 29, 7, 34, 60, 54, 16, 38, 40, 47, 49, 66, 91, 26, 134, 105, 101, 3, 20, 116, 64, 18, 56, 63, 35, 139, 62, 24, 103, 104, 53, 78, 25, 51, 50, 1, 9, 44, 118, 15, 135, 31, 43, 45, 100, 55, 76, 79, 17, 21, 32, 81, 23, 109, 22, 120, 69, 127, 4, 132, 42, 95, 111, 114, 8, 107, 122, 137, 5, 92, 94, 96, 110, 112, 128, 30, 59, 129, 37, 72, 115, 142, 67, 124, 133, 27, 74, 121, 126, 140, 33, 88, 106, 71, 84, 87, 108, 119, 136, 73, 85, 90, 113
94
0, 2, 98, 99, 57, 130, 86, 117, 89, 97, 102, 68, 80, 65, 19, 11, 48, 10, 14, 52, 82, 83, 41, 141, 138, 39, 28, 46, 131, 70, 58, 75, 77, 93, 36, 13, 61, 6, 125, 12, 123, 29, 7, 34, 60, 54, 16, 38, 40, 47, 49, 66, 91, 26, 134, 105, 101, 3, 20, 116, 64, 18, 56, 63, 35, 139, 62, 24, 103, 104, 53, 78, 25, 51, 50, 1, 9, 44, 118, 15, 135, 31, 43, 45, 100, 55, 76, 79, 17, 21, 32, 81, 23, 109, 22, 120, 69, 127, 4, 132, 42, 95, 111, 114, 8, 107, 122, 137, 5, 92, 94, 96, 110, 112, 128, 30, 59, 129, 37, 72, 115, 142, 67, 124, 133, 27, 74, 121, 126, 140, 33, 88, 106, 71, 84, 87, 108, 119, 136, 73, 85, 90, 113
93
0, 2, 98, 99, 57, 130, 86, 117, 89, 97, 102, 68, 80, 65, 19, 11, 48, 10, 14, 52, 82, 83, 41, 141, 138, 39, 28, 46, 131, 70, 58, 75, 77, 93, 36, 13, 61, 6, 125, 12, 123, 29, 7, 34, 60, 54, 16, 38, 40, 47, 49, 66, 91, 26, 134, 105, 101, 3, 20, 116, 64, 18, 56, 63, 35, 139, 62, 24, 103, 104, 53, 78, 25, 51, 50, 1, 9, 44, 118, 15, 135, 31, 43, 45, 100, 55, 76, 79, 17, 21, 32, 81, 23, 109, 22, 120, 69, 127, 4, 132, 42, 95, 111, 114, 8, 107, 122, 137, 5, 92, 94, 96, 110, 112, 128, 30, 59, 129, 37, 72, 115, 142, 67, 124, 133, 27, 74, 121, 126, 140, 33, 88, 106, 71, 84, 87, 108, 119, 136, 73, 85, 90, 113
92
0, 2, 98, 99, 57, 130, 86, 117, 89, 97, 102, 68, 80, 65, 19, 11, 48, 10, 14, 52, 82, 83, 41, 141, 138, 39, 28, 46, 131, 70, 58, 75, 77, 93, 36, 13, 61, 6, 125, 12, 123, 29, 7, 34, 60, 54, 16, 38, 40, 47, 49, 66, 91, 26, 134, 105, 101, 3, 20, 116, 64, 18, 56, 63, 35, 139, 62, 24, 103, 104, 53, 78, 25, 51, 50, 1, 9, 44, 118, 15, 135, 31, 43, 45, 100, 55, 76, 79, 17, 21, 32, 81, 23, 109, 22, 120, 69, 127, 4, 132, 42, 95, 111, 114, 8, 107, 122, 137, 5, 92, 94, 96, 110, 112, 128, 30, 59, 129, 37, 72, 115, 142, 67, 124, 133, 27, 74, 121, 126, 140, 33, 88, 106, 71, 84, 87, 108, 119, 136, 73, 85, 90, 113
91
0, 2, 98, 99, 57, 130, 86, 117, 89, 97, 102, 68, 80, 65, 19, 11, 48, 10, 14, 52, 82, 83, 41, 141, 138, 39, 28, 46, 131, 70, 58, 75, 77, 93, 36, 13, 61, 6, 125, 12, 123, 29, 7, 34, 60, 54, 16, 38, 40, 47, 49, 66, 91, 26, 134, 105, 101, 3, 20, 116, 64, 18, 56, 63, 35, 139, 62, 24, 103, 104, 53, 78, 25, 51, 50, 1, 9, 44, 118, 15, 135, 31, 43, 45, 100, 55, 76, 79, 17, 21, 32, 81, 23, 109, 22, 120, 69, 127, 4, 132, 42, 95, 111, 114, 8, 107, 122, 137, 5, 92, 94, 96, 110, 112, 128, 30, 59, 129, 37, 72, 115, 142, 67, 124, 133, 27, 74, 121, 126, 140, 33, 88, 106, 71, 84, 87, 108, 119, 136, 73, 85, 90, 113
90
0, 2, 98, 99, 57, 130, 86, 117, 89, 97, 102, 68, 80, 65, 19, 11, 48, 10, 14, 52, 82, 83, 41, 141, 138, 39, 28, 46, 131, 70, 58, 75, 77, 93, 36, 13, 61, 6, 125, 12, 123, 29, 7, 34, 60, 54, 16, 38, 40, 47, 49, 66, 91, 26, 134, 105, 101, 3, 20, 116, 64, 18, 56, 63, 35, 139, 62, 24, 103, 104, 53, 78, 25, 51, 50, 1, 9, 44, 118, 15, 135, 31, 43, 45, 100, 55, 76, 79, 17, 21, 32, 81, 23, 109, 22, 120, 69, 127, 4, 132, 42, 95, 111, 114, 8, 107, 122, 137, 5, 92, 94, 96, 110, 112, 128, 30, 59, 129, 37, 72, 115, 142, 67, 124, 133, 27, 74, 121, 126, 140, 33, 88, 106, 71, 84, 87, 108, 119, 136, 73, 85, 90, 113
89
0, 2, 98, 99, 57, 130, 86, 117, 89, 97, 102, 68, 80, 65, 19, 11, 48, 10, 14, 52, 82, 83, 41, 141, 138, 39, 28, 46, 131, 70, 58, 75, 77, 93, 36, 13, 61, 6, 125, 12, 123, 29, 7, 34, 60, 54, 16, 38, 40, 47, 49, 66, 91, 26, 134, 105, 101, 3, 20, 116, 64, 18, 56, 63, 35, 139, 62, 24, 103, 104, 53, 78, 25, 51, 50, 1, 9, 44, 118, 15, 135, 31, 43, 45, 100, 55, 76, 79, 17, 21, 32, 81, 23, 109, 22, 120, 69, 127, 4, 132, 42, 95, 111, 114, 8, 107, 122, 137, 5, 92, 94, 96, 110, 112, 128, 30, 59, 129, 37, 72, 115, 142, 67, 124, 133, 27, 74, 121, 126, 140, 33, 88, 106, 71, 84, 87, 108, 119, 136, 73, 85, 90, 113
88
0, 2, 98, 99, 57, 130, 86, 117, 89, 97, 102, 68, 80, 65, 19, 11, 48, 10, 14, 52, 82, 83, 41, 141, 138, 39, 28, 46, 131, 70, 58, 75, 77, 93, 36, 13, 61, 6, 125, 12, 123, 29, 7, 34, 60, 54, 16, 38, 40, 47, 49, 66, 91, 26, 134, 105, 101, 3, 20, 116, 64, 18, 56, 63, 35, 139, 62, 24, 103, 104, 53, 78, 25, 51, 50, 1, 9, 44, 118, 15, 135, 31, 43, 45, 100, 55, 76, 79, 17, 21, 32, 81, 23, 109, 22, 120, 69, 127, 4, 132, 42, 95, 111, 114, 8, 107, 122, 137, 5, 92, 94, 96, 110, 112, 128, 30, 59, 129, 37, 72, 115, 142, 67, 124, 133, 27, 74, 121, 126, 140, 33, 88, 106, 71, 84, 87, 108, 119, 136, 73, 85, 90, 113
87
0, 2, 98, 99, 57, 130, 86, 117, 89, 97, 102, 68, 80, 65, 19, 11, 48, 10, 14, 52, 82, 83, 41, 141, 138, 39, 28, 46, 131, 70, 58, 75, 77, 93, 36, 13, 61, 6, 125, 12, 123, 29, 7, 34, 60, 54, 16, 38, 40, 47, 49, 66, 91, 26, 134, 105, 101, 3, 20, 116, 64, 18, 56, 63, 35, 139, 62, 24, 103, 104, 53, 78, 25, 51, 50, 1, 9, 44, 118, 15, 135, 31, 43, 45, 100, 55, 76, 79, 17, 21, 32, 81, 23, 109, 22, 120, 69, 127, 4, 132, 42, 95, 111, 114, 8, 107, 122, 137, 5, 92, 94, 96, 110, 112, 128, 30, 59, 129, 37, 72, 115, 142, 67, 124, 133, 27, 74, 121, 126, 140, 33, 88, 106, 71, 84, 87, 108, 119, 136, 73, 85, 90, 113
86
0, 2, 98, 99, 57, 130, 86, 117, 89, 97, 102, 68, 80, 65, 19, 11, 48, 10, 14, 52, 82, 83, 41, 141, 138, 39, 28, 46, 131, 70, 58, 75, 77, 93, 36, 13, 61, 6, 125, 12, 123, 29, 7, 34, 60, 54, 16, 38, 40, 47, 49, 66, 91, 26, 134, 105, 101, 3, 20, 116, 64, 18, 56, 63, 35, 139, 62, 24, 103, 104, 53, 78, 25, 51, 50, 1, 9, 44, 118, 15, 135, 31, 43, 45, 100, 55, 76, 79, 17, 21, 32, 81, 23, 109, 22, 120, 69, 127, 4, 132, 42, 95, 111, 114, 8, 107, 122, 137, 5, 92, 94, 96, 110, 112, 128, 30, 59, 129, 37, 72, 115, 142, 67, 124, 133, 27, 74, 121, 126, 140, 33, 88, 106, 71, 84, 87, 108, 119, 136, 73, 85, 90, 113
85
0, 2, 98, 99, 57, 130, 86, 117, 89, 97, 102, 68, 80, 65, 19, 11, 48, 10, 14, 52, 82, 83, 41, 141, 138, 39, 28, 46, 131, 70, 58, 75, 77, 93, 36, 13, 61, 6, 125, 12, 123, 29, 7, 34, 60, 54, 16, 38, 40, 47, 49, 66, 91, 26, 134, 105, 101, 3, 20, 116, 64, 18, 56, 63, 35, 139, 62, 24, 103, 104, 53, 78, 25, 51, 50, 1, 9, 44, 118, 15, 135, 31, 43, 45, 100, 55, 76, 79, 17, 21, 32, 81, 23, 109, 22, 120, 69, 127, 4, 132, 42, 95, 111, 114, 8, 107, 122, 137, 5, 92, 94, 96, 110, 112, 128, 30, 59, 129, 37, 72, 115, 142, 67, 124, 133, 27, 74, 121, 126, 140, 33, 88, 106, 71, 84, 87, 108, 119, 136, 73, 85, 90, 113
84
0, 2, 98, 99, 57, 130, 86, 117, 89, 97, 102, 68, 80, 65, 19, 11, 48, 10, 14, 52, 82, 83, 41, 141, 138, 39, 28, 46, 131, 70, 58, 75, 77, 93, 36, 13, 61, 6, 125, 12, 123, 29, 7, 34, 60, 54, 16, 38, 40, 47, 49, 66, 91, 26, 134, 105, 101, 3, 20, 116, 64, 18, 56, 63, 35, 139, 62, 24, 103, 104, 53, 78, 25, 51, 50, 1, 9, 44, 118, 15, 135, 31, 43, 45, 100, 55, 76, 79, 17, 21, 32, 81, 23, 109, 22, 120, 69, 127, 4, 132, 42, 95, 111, 114, 8, 107, 122, 137, 5, 92, 94, 96, 110, 112, 128, 30, 59, 129, 37, 72, 115, 142, 67, 124, 133, 27, 74, 121, 126, 140, 33, 88, 106, 71, 84, 87, 108, 119, 136, 73, 85, 90, 113
83
0, 2, 98, 99, 57, 130, 86, 117, 89, 97, 102, 68, 80, 65, 19, 11, 48, 10, 14, 52, 82, 83, 41, 141, 138, 39, 28, 46, 131, 70, 58, 75, 77, 93, 36, 13, 61, 6, 125, 12, 123, 29, 7, 34, 60, 54, 16, 38, 40, 47, 49, 66, 91, 26, 134, 105, 101, 3, 20, 116, 64, 18, 56, 63, 35, 139, 62, 24, 103, 104, 53, 78, 25, 51, 50, 1, 9, 44, 118, 15, 135, 31, 43, 45, 100, 55, 76, 79, 17, 21, 32, 81, 23, 109, 22, 120, 69, 127, 4, 132, 42, 95, 111, 114, 8, 107, 122, 137, 5, 92, 94, 96, 110, 112, 128, 30, 59, 129, 37, 72, 115, 142, 67, 124, 133, 27, 74, 121, 126, 140, 33, 88, 106, 71, 84, 87, 108, 119, 136, 73, 85, 90, 113
82
0, 2, 98, 99, 57, 130, 86, 117, 89, 97, 102, 68, 80, 65, 19, 11, 48, 10, 14, 52, 82, 83, 41, 141, 138, 39, 28, 46, 131, 70, 58, 75, 77, 93, 36, 13, 61, 6, 125, 12, 123, 29, 7, 34, 60, 54, 16, 38, 40, 47, 49, 66, 91, 26, 134, 105, 101, 3, 20, 116, 64, 18, 56, 63, 35, 139, 62, 24, 103, 104, 53, 78, 25, 51, 50, 1, 9, 44, 118, 15, 135, 31, 43, 45, 100, 55, 76, 79, 17, 21, 32, 81, 23, 109, 22, 120, 69, 127, 4, 132, 42, 95, 111, 114, 8, 107, 122, 137, 5, 92, 94, 96, 110, 112, 128, 30, 59, 129, 37, 72, 115, 142, 67, 124, 133, 27, 74, 121, 126, 140, 33, 88, 106, 71, 84, 87, 108, 119, 136, 73, 85, 90, 113
81
0, 2, 98, 99, 57, 130, 86, 117, 89, 97, 102, 68, 80, 65, 19, 11, 48, 10, 14, 52, 82, 83, 41, 141, 138, 39, 28, 46, 131, 70, 58, 75, 77, 93, 36, 13, 61, 6, 125, 12, 123, 29, 7, 34, 60, 54, 16, 38, 40, 47, 49, 66, 91, 26, 134, 105, 101, 3, 20, 116, 64, 18, 56, 63, 35, 139, 62, 24, 103, 104, 53, 78, 25, 51, 50, 1, 9, 44, 118, 15, 135, 31, 43, 45, 100, 55, 76, 79, 17, 21, 32, 81, 23, 109, 22, 120, 69, 127, 4, 132, 42, 95, 111, 114, 8, 107, 122, 137, 5, 92, 94, 96, 110, 112, 128, 30, 59, 129, 37, 72, 115, 142, 67, 124, 133, 27, 74, 121, 126, 140, 33, 88, 106, 71, 84, 87, 108, 119, 136, 73, 85, 90, 113
80
0, 2, 98, 99, 57, 130, 86, 117, 89, 97, 102, 68, 80, 65, 19, 11, 48, 10, 14, 52, 82, 83, 41, 141, 138, 39, 28, 46, 131, 70, 58, 75, 77, 93, 36, 13, 61, 6, 125, 12, 123, 29, 7, 34, 60, 54, 16, 38, 40, 47, 49, 66, 91, 26, 134, 105, 101, 3, 20, 116, 64, 18, 56, 63, 35, 139, 62, 24, 103, 104, 53, 78, 25, 51, 50, 1, 9, 44, 118, 15, 135, 31, 43, 45, 100, 55, 76, 79, 17, 21, 32, 81, 23, 109, 22, 120, 69, 127, 4, 132, 42, 95, 111, 114, 8, 107, 122, 137, 5, 92, 94, 96, 110, 112, 128, 30, 59, 129, 37, 72, 115, 142, 67, 124, 133, 27, 74, 121, 126, 140, 33, 88, 106, 71, 84, 87, 108, 119, 136, 73, 85, 90, 113
79
0, 2, 98, 99, 57, 130, 86, 117, 89, 97, 102, 68, 80, 65, 19, 11, 48, 10, 14, 52, 82, 83, 41, 141, 138, 39, 28, 46, 131, 70, 58, 75, 77, 93, 36, 13, 61, 6, 125, 12, 123, 29, 7, 34, 60, 54, 16, 38, 40, 47, 49, 66, 91, 26, 134, 105, 101, 3, 20, 116, 64, 18, 56, 63, 35, 139, 62, 24, 103, 104, 53, 78, 25, 51, 50, 1, 9, 44, 118, 15, 135, 31, 43, 45, 100, 55, 76, 79, 17, 21, 32, 81, 23, 109, 22, 120, 69, 127, 4, 132, 42, 95, 111, 114, 8, 107, 122, 137, 5, 92, 94, 96, 110, 112, 128, 30, 59, 129, 37, 72, 115, 142, 67, 124, 133, 27, 74, 121, 126, 140, 33, 88, 106, 71, 84, 87, 108, 119, 136, 73, 85, 90, 113
78
0, 2, 98, 99, 57, 130, 86, 117, 89, 97, 102, 68, 80, 65, 19, 11, 48, 10, 14, 52, 82, 83, 41, 141, 138, 39, 28, 46, 131, 70, 58, 75, 77, 93, 36, 13, 61, 6, 125, 12, 123, 29, 7, 34, 60, 54, 16, 38, 40, 47, 49, 66, 91, 26, 134, 105, 101, 3, 20, 116, 64, 18, 56, 63, 35, 139, 62, 24, 103, 104, 53, 78, 25, 51, 50, 1, 9, 44, 118, 15, 135, 31, 43, 45, 100, 55, 76, 79, 17, 21, 32, 81, 23, 109, 22, 120, 69, 127, 4, 132, 42, 95, 111, 114, 8, 107, 122, 137, 5, 92, 94, 96, 110, 112, 128, 30, 59, 129, 37, 72, 115, 142, 67, 124, 133, 27, 74, 121, 126, 140, 33, 88, 106, 71, 84, 87, 108, 119, 136, 73, 85, 90, 113
77
0, 2, 98, 99, 57, 130, 86, 117, 89, 97, 102, 68, 80, 65, 19, 11, 48, 10, 14, 52, 82, 83, 41, 141, 138, 39, 28, 46, 131, 70, 58, 75, 77, 93, 36, 13, 61, 6, 125, 12, 123, 29, 7, 34, 60, 54, 16, 38, 40, 47, 49, 66, 91, 26, 134, 105, 101, 3, 20, 116, 64, 18, 56, 63, 35, 139, 62, 24, 103, 104, 53, 78, 25, 51, 50, 1, 9, 44, 118, 15, 135, 31, 43, 45, 100, 55, 76, 79, 17, 21, 32, 81, 23, 109, 22, 120, 69, 127, 4, 132, 42, 95, 111, 114, 8, 107, 122, 137, 5, 92, 94, 96, 110, 112, 128, 30, 59, 129, 37, 72, 115, 142, 67, 124, 133, 27, 74, 121, 126, 140, 33, 88, 106, 71, 84, 87, 108, 119, 136, 73, 85, 90, 113
76
0, 2, 98, 99, 57, 130, 86, 117, 89, 97, 102, 68, 80, 65, 19, 11, 48, 10, 14, 52, 82, 83, 41, 141, 138, 39, 28, 46, 131, 70, 58, 75, 77, 93, 36, 13, 61, 6, 125, 12, 123, 29, 7, 34, 60, 54, 16, 38, 40, 47, 49, 66, 91, 26, 134, 105, 101, 3, 20, 116, 64, 18, 56, 63, 35, 139, 62, 24, 103, 104, 53, 78, 25, 51, 50, 1, 9, 44, 118, 15, 135, 31, 43, 45, 100, 55, 76, 79, 17, 21, 32, 81, 23, 109, 22, 120, 69, 127, 4, 132, 42, 95, 111, 114, 8, 107, 122, 137, 5, 92, 94, 96, 110, 112, 128, 30, 59, 129, 37, 72, 115, 142, 67, 124, 133, 27, 74, 121, 126, 140, 33, 88, 106, 71, 84, 87, 108, 119, 136, 73, 85, 90, 113
75
0, 2, 98, 99, 57, 130, 86, 117, 89, 97, 102, 68, 80, 65, 19, 11, 48, 10, 14, 52, 82, 83, 41, 141, 138, 39, 28, 46, 131, 70, 58, 75, 77, 93, 36, 13, 61, 6, 125, 12, 123, 29, 7, 34, 60, 54, 16, 38, 40, 47, 49, 66, 91, 26, 134, 105, 101, 3, 20, 116, 64, 18, 56, 63, 35, 139, 62, 24, 103, 104, 53, 78, 25, 51, 50, 1, 9, 44, 118, 15, 135, 31, 43, 45, 100, 55, 76, 79, 17, 21, 32, 81, 23, 109, 22, 120, 69, 127, 4, 132, 42, 95, 111, 114, 8, 107, 122, 137, 5, 92, 94, 96, 110, 112, 128, 30, 59, 129, 37, 72, 115, 142, 67, 124, 133, 27, 74, 121, 126, 140, 33, 88, 106, 71, 84, 87, 108, 119, 136, 73, 85, 90, 113
74
0, 2, 98, 99, 57, 130, 86, 117, 89, 97, 102, 68, 80, 65, 19, 11, 48, 10, 14, 52, 82, 83, 41, 141, 138, 39, 28, 46, 131, 70, 58, 75, 77, 93, 36, 13, 61, 6, 125, 12, 123, 29, 7, 34, 60, 54, 16, 38, 40, 47, 49, 66, 91, 26, 134, 105, 101, 3, 20, 116, 64, 18, 56, 63, 35, 139, 62, 24, 103, 104, 53, 78, 25, 51, 50, 1, 9, 44, 118, 15, 135, 31, 43, 45, 100, 55, 76, 79, 17, 21, 32, 81, 23, 109, 22, 120, 69, 127, 4, 132, 42, 95, 111, 114, 8, 107, 122, 137, 5, 92, 94, 96, 110, 112, 128, 30, 59, 129, 37, 72, 115, 142, 67, 124, 133, 27, 74, 121, 126, 140, 33, 88, 106, 71, 84, 87, 108, 119, 136, 73, 85, 90, 113
73
0, 2, 98, 99, 57, 130, 86, 117, 89, 97, 102, 68, 80, 65, 19, 11, 48, 10, 14, 52, 82, 83, 41, 141, 138, 39, 28, 46, 131, 70, 58, 75, 77, 93, 36, 13, 61, 6, 125, 12, 123, 29, 7, 34, 60, 54, 16, 38, 40, 47, 49, 66, 91, 26, 134, 105, 101, 3, 20, 116, 64, 18, 56, 63, 35, 139, 62, 24, 103, 104, 53, 78, 25, 51, 50, 1, 9, 44, 118, 15, 135, 31, 43, 45, 100, 55, 76, 79, 17, 21, 32, 81, 23, 109, 22, 120, 69, 127, 4, 132, 42, 95, 111, 114, 8, 107, 122, 137, 5, 92, 94, 96, 110, 112, 128, 30, 59, 129, 37, 72, 115, 142, 67, 124, 133, 27, 74, 121, 126, 140, 33, 88, 106, 71, 84, 87, 108, 119, 136, 73, 85, 90, 113
72
0, 2, 98, 99, 57, 130, 86, 117, 89, 97, 102, 68, 80, 65, 19, 11, 48, 10, 14, 52, 82, 83, 41, 141, 138, 39, 28, 46, 131, 70, 58, 75, 77, 93, 36, 13, 61, 6, 125, 12, 123, 29, 7, 34, 60, 54, 16, 38, 40, 47, 49, 66, 91, 26, 134, 105, 101, 3, 20, 116, 64, 18, 56, 63, 35, 139, 62, 24, 103, 104, 53, 78, 25, 51, 50, 1, 9, 44, 118, 15, 135, 31, 43, 45, 100, 55, 76, 79, 17, 21, 32, 81, 23, 109, 22, 120, 69, 127, 4, 132, 42, 95, 111, 114, 8, 107, 122, 137, 5, 92, 94, 96, 110, 112, 128, 30, 59, 129, 37, 72, 115, 142, 67, 124, 133, 27, 74, 121, 126, 140, 33, 88, 106, 71, 84, 87, 108, 119, 136, 73, 85, 90, 113
71
0, 2, 98, 99, 57, 130, 86, 117, 89, 97, 102, 68, 80, 65, 19, 11, 48, 10, 14, 52, 82, 83, 41, 141, 138, 39, 28, 46, 131, 70, 58, 75, 77, 93, 36, 13, 61, 6, 125, 12, 123, 29, 7, 34, 60, 54, 16, 38, 40, 47, 49, 66, 91, 26, 134, 105, 101, 3, 20, 116, 64, 18, 56, 63, 35, 139, 62, 24, 103, 104, 53, 78, 25, 51, 50, 1, 9, 44, 118, 15, 135, 31, 43, 45, 100, 55, 76, 79, 17, 21, 32, 81, 23, 109, 22, 120, 69, 127, 4, 132, 42, 95, 111, 114, 8, 107, 122, 137, 5, 92, 94, 96, 110, 112, 128, 30, 59, 129, 37, 72, 115, 142, 67, 124, 133, 27, 74, 121, 126, 140, 33, 88, 106, 71, 84, 87, 108, 119, 136, 73, 85, 90, 113
70
0, 2, 98, 99, 57, 130, 86, 117, 89, 97, 102, 68, 80, 65, 19, 11, 48, 10, 14, 52, 82, 83, 41, 141, 138, 39, 28, 46, 131, 70, 58, 75, 77, 93, 36, 13, 61, 6, 125, 12, 123, 29, 7, 34, 60, 54, 16, 38, 40, 47, 49, 66, 91, 26, 134, 105, 101, 3, 20, 116, 64, 18, 56, 63, 35, 139, 62, 24, 103, 104, 53, 78, 25, 51, 50, 1, 9, 44, 118, 15, 135, 31, 43, 45, 100, 55, 76, 79, 17, 21, 32, 81, 23, 109, 22, 120, 69, 127, 4, 132, 42, 95, 111, 114, 8, 107, 122, 137, 5, 92, 94, 96, 110, 112, 128, 30, 59, 129, 37, 72, 115, 142, 67, 124, 133, 27, 74, 121, 126, 140, 33, 88, 106, 71, 84, 87, 108, 119, 136, 73, 85, 90, 113
69
0, 2, 98, 99, 57, 130, 86, 117, 89, 97, 102, 68, 80, 65, 19, 11, 48, 10, 14, 52, 82, 83, 41, 141, 138, 39, 28, 46, 131, 70, 58, 75, 77, 93, 36, 13, 61, 6, 125, 12, 123, 29, 7, 34, 60, 54, 16, 38, 40, 47, 49, 66, 91, 26, 134, 105, 101, 3, 20, 116, 64, 18, 56, 63, 35, 139, 62, 24, 103, 104, 53, 78, 25, 51, 50, 1, 9, 44, 118, 15, 135, 31, 43, 45, 100, 55, 76, 79, 17, 21, 32, 81, 23, 109, 22, 120, 69, 127, 4, 132, 42, 95, 111, 114, 8, 107, 122, 137, 5, 92, 94, 96, 110, 112, 128, 30, 59, 129, 37, 72, 115, 142, 67, 124, 133, 27, 74, 121, 126, 140, 33, 88, 106, 71, 84, 87, 108, 119, 136, 73, 85, 90, 113
68
0, 2, 98, 99, 57, 130, 86, 117, 89, 97, 102, 68, 80, 65, 19, 11, 48, 10, 14, 52, 82, 83, 41, 141, 138, 39, 28, 46, 131, 70, 58, 75, 77, 93, 36, 13, 61, 6, 125, 12, 123, 29, 7, 34, 60, 54, 16, 38, 40, 47, 49, 66, 91, 26, 134, 105, 101, 3, 20, 116, 64, 18, 56, 63, 35, 139, 62, 24, 103, 104, 53, 78, 25, 51, 50, 1, 9, 44, 118, 15, 135, 31, 43, 45, 100, 55, 76, 79, 17, 21, 32, 81, 23, 109, 22, 120, 69, 127, 4, 132, 42, 95, 111, 114, 8, 107, 122, 137, 5, 92, 94, 96, 110, 112, 128, 30, 59, 129, 37, 72, 115, 142, 67, 124, 133, 27, 74, 121, 126, 140, 33, 88, 106, 71, 84, 87, 108, 119, 136, 73, 85, 90, 113
67
0, 2, 98, 99, 57, 130, 86, 117, 89, 97, 102, 68, 80, 65, 19, 11, 48, 10, 14, 52, 82, 83, 41, 141, 138, 39, 28, 46, 131, 70, 58, 75, 77, 93, 36, 13, 61, 6, 125, 12, 123, 29, 7, 34, 60, 54, 16, 38, 40, 47, 49, 66, 91, 26, 134, 105, 101, 3, 20, 116, 64, 18, 56, 63, 35, 139, 62, 24, 103, 104, 53, 78, 25, 51, 50, 1, 9, 44, 118, 15, 135, 31, 43, 45, 100, 55, 76, 79, 17, 21, 32, 81, 23, 109, 22, 120, 69, 127, 4, 132, 42, 95, 111, 114, 8, 107, 122, 137, 5, 92, 94, 96, 110, 112, 128, 30, 59, 129, 37, 72, 115, 142, 67, 124, 133, 27, 74, 121, 126, 140, 33, 88, 106, 71, 84, 87, 108, 119, 136, 73, 85, 90, 113
66
0, 2, 98, 99, 57, 130, 86, 117, 89, 97, 102, 68, 80, 65, 19, 11, 48, 10, 14, 52, 82, 83, 41, 141, 138, 39, 28, 46, 131, 70, 58, 75, 77, 93, 36, 13, 61, 6, 125, 12, 123, 29, 7, 34, 60, 54, 16, 38, 40, 47, 49, 66, 91, 26, 134, 105, 101, 3, 20, 116, 64, 18, 56, 63, 35, 139, 62, 24, 103, 104, 53, 78, 25, 51, 50, 1, 9, 44, 118, 15, 135, 31, 43, 45, 100, 55, 76, 79, 17, 21, 32, 81, 23, 109, 22, 120, 69, 127, 4, 132, 42, 95, 111, 114, 8, 107, 122, 137, 5, 92, 94, 96, 110, 112, 128, 30, 59, 129, 37, 72, 115, 142, 67, 124, 133, 27, 74, 121, 126, 140, 33, 88, 106, 71, 84, 87, 108, 119, 136, 73, 85, 90, 113
65
0, 2, 98, 99, 57, 130, 86, 117, 89, 97, 102, 68, 80, 65, 19, 11, 48, 10, 14, 52, 82, 83, 41, 141, 138, 39, 28, 46, 131, 70, 58, 75, 77, 93, 36, 13, 61, 6, 125, 12, 123, 29, 7, 34, 60, 54, 16, 38, 40, 47, 49, 66, 91, 26, 134, 105, 101, 3, 20, 116, 64, 18, 56, 63, 35, 139, 62, 24, 103, 104, 53, 78, 25, 51, 50, 1, 9, 44, 118, 15, 135, 31, 43, 45, 100, 55, 76, 79, 17, 21, 32, 81, 23, 109, 22, 120, 69, 127, 4, 132, 42, 95, 111, 114, 8, 107, 122, 137, 5, 92, 94, 96, 110, 112, 128, 30, 59, 129, 37, 72, 115, 142, 67, 124, 133, 27, 74, 121, 126, 140, 33, 88, 106, 71, 84, 87, 108, 119, 136, 73, 85, 90, 113
64
0, 2, 98, 99, 57, 130, 86, 117, 89, 97, 102, 68, 80, 65, 19, 11, 48, 10, 14, 52, 82, 83, 41, 141, 138, 39, 28, 46, 131, 70, 58, 75, 77, 93, 36, 13, 61, 6, 125, 12, 123, 29, 7, 34, 60, 54, 16, 38, 40, 47, 49, 66, 91, 26, 134, 105, 101, 3, 20, 116, 64, 18, 56, 63, 35, 139, 62, 24, 103, 104, 53, 78, 25, 51, 50, 1, 9, 44, 118, 15, 135, 31, 43, 45, 100, 55, 76, 79, 17, 21, 32, 81, 23, 109, 22, 120, 69, 127, 4, 132, 42, 95, 111, 114, 8, 107, 122, 137, 5, 92, 94, 96, 110, 112, 128, 30, 59, 129, 37, 72, 115, 142, 67, 124, 133, 27, 74, 121, 126, 140, 33, 88, 106, 71, 84, 87, 108, 119, 136, 73, 85, 90, 113
63
0, 2, 98, 99, 57, 130, 86, 117, 89, 97, 102, 68, 80, 65, 19, 11, 48, 10, 14, 52, 82, 83, 41, 141, 138, 39, 28, 46, 131, 70, 58, 75, 77, 93, 36, 13, 61, 6, 125, 12, 123, 29, 7, 34, 60, 54, 16, 38, 40, 47, 49, 66, 91, 26, 134, 105, 101, 3, 20, 116, 64, 18, 56, 63, 35, 139, 62, 24, 103, 104, 53, 78, 25, 51, 50, 1, 9, 44, 118, 15, 135, 31, 43, 45, 100, 55, 76, 79, 17, 21, 32, 81, 23, 109, 22, 120, 69, 127, 4, 132, 42, 95, 111, 114, 8, 107, 122, 137, 5, 92, 94, 96, 110, 112, 128, 30, 59, 129, 37, 72, 115, 142, 67, 124, 133, 27, 74, 121, 126, 140, 33, 88, 106, 71, 84, 87, 108, 119, 136, 73, 85, 90, 113
62
0, 2, 98, 99, 57, 130, 86, 117, 89, 97, 102, 68, 80, 65, 19, 11, 48, 10, 14, 52, 82, 83, 41, 141, 138, 39, 28, 46, 131, 70, 58, 75, 77, 93, 36, 13, 61, 6, 125, 12, 123, 29, 7, 34, 60, 54, 16, 38, 40, 47, 49, 66, 91, 26, 134, 105, 101, 3, 20, 116, 64, 18, 56, 63, 35, 139, 62, 24, 103, 104, 53, 78, 25, 51, 50, 1, 9, 44, 118, 15, 135, 31, 43, 45, 100, 55, 76, 79, 17, 21, 32, 81, 23, 109, 22, 120, 69, 127, 4, 132, 42, 95, 111, 114, 8, 107, 122, 137, 5, 92, 94, 96, 110, 112, 128, 30, 59, 129, 37, 72, 115, 142, 67, 124, 133, 27, 74, 121, 126, 140, 33, 88, 106, 71, 84, 87, 108, 119, 136, 73, 85, 90, 113
61
0, 2, 98, 99, 57, 130, 86, 117, 89, 97, 102, 68, 80, 65, 19, 11, 48, 10, 14, 52, 82, 83, 41, 141, 138, 39, 28, 46, 131, 70, 58, 75, 77, 93, 36, 13, 61, 6, 125, 12, 123, 29, 7, 34, 60, 54, 16, 38, 40, 47, 49, 66, 91, 26, 134, 105, 101, 3, 20, 116, 64, 18, 56, 63, 35, 139, 62, 24, 103, 104, 53, 78, 25, 51, 50, 1, 9, 44, 118, 15, 135, 31, 43, 45, 100, 55, 76, 79, 17, 21, 32, 81, 23, 109, 22, 120, 69, 127, 4, 132, 42, 95, 111, 114, 8, 107, 122, 137, 5, 92, 94, 96, 110, 112, 128, 30, 59, 129, 37, 72, 115, 142, 67, 124, 133, 27, 74, 121, 126, 140, 33, 88, 106, 71, 84, 87, 108, 119, 136, 73, 85, 90, 113
60
0, 2, 98, 99, 57, 130, 86, 117, 89, 97, 102, 68, 80, 65, 19, 11, 48, 10, 14, 52, 82, 83, 41, 141, 138, 39, 28, 46, 131, 70, 58, 75, 77, 93, 36, 13, 61, 6, 125, 12, 123, 29, 7, 34, 60, 54, 16, 38, 40, 47, 49, 66, 91, 26, 134, 105, 101, 3, 20, 116, 64, 18, 56, 63, 35, 139, 62, 24, 103, 104, 53, 78, 25, 51, 50, 1, 9, 44, 118, 15, 135, 31, 43, 45, 100, 55, 76, 79, 17, 21, 32, 81, 23, 109, 22, 120, 69, 127, 4, 132, 42, 95, 111, 114, 8, 107, 122, 137, 5, 92, 94, 96, 110, 112, 128, 30, 59, 129, 37, 72, 115, 142, 67, 124, 133, 27, 74, 121, 126, 140, 33, 88, 106, 71, 84, 87, 108, 119, 136, 73, 85, 90, 113
59
0, 2, 98, 99, 57, 130, 86, 117, 89, 97, 102, 68, 80, 65, 19, 11, 48, 10, 14, 52, 82, 83, 41, 141, 138, 39, 28, 46, 131, 70, 58, 75, 77, 93, 36, 13, 61, 6, 125, 12, 123, 29, 7, 34, 60, 54, 16, 38, 40, 47, 49, 66, 91, 26, 134, 105, 101, 3, 20, 116, 64, 18, 56, 63, 35, 139, 62, 24, 103, 104, 53, 78, 25, 51, 50, 1, 9, 44, 118, 15, 135, 31, 43, 45, 100, 55, 76, 79, 17, 21, 32, 81, 23, 109, 22, 120, 69, 127, 4, 132, 42, 95, 111, 114, 8, 107, 122, 137, 5, 92, 94, 96, 110, 112, 128, 30, 59, 129, 37, 72, 115, 142, 67, 124, 133, 27, 74, 121, 126, 140, 33, 88, 106, 71, 84, 87, 108, 119, 136, 73, 85, 90, 113
58
0, 2, 98, 99, 57, 130, 86, 117, 89, 97, 102, 68, 80, 65, 19, 11, 48, 10, 14, 52, 82, 83, 41, 141, 138, 39, 28, 46, 131, 70, 58, 75, 77, 93, 36, 13, 61, 6, 125, 12, 123, 29, 7, 34, 60, 54, 16, 38, 40, 47, 49, 66, 91, 26, 134, 105, 101, 3, 20, 116, 64, 18, 56, 63, 35, 139, 62, 24, 103, 104, 53, 78, 25, 51, 50, 1, 9, 44, 118, 15, 135, 31, 43, 45, 100, 55, 76, 79, 17, 21, 32, 81, 23, 109, 22, 120, 69, 127, 4, 132, 42, 95, 111, 114, 8, 107, 122, 137, 5, 92, 94, 96, 110, 112, 128, 30, 59, 129, 37, 72, 115, 142, 67, 124, 133, 27, 74, 121, 126, 140, 33, 88, 106, 71, 84, 87, 108, 119, 136, 73, 85, 90, 113
57
0, 2, 98, 99, 57, 130, 86, 117, 89, 97, 102, 68, 80, 65, 19, 11, 48, 10, 14, 52, 82, 83, 41, 141, 138, 39, 28, 46, 131, 70, 58, 75, 77, 93, 36, 13, 61, 6, 125, 12, 123, 29, 7, 34, 60, 54, 16, 38, 40, 47, 49, 66, 91, 26, 134, 105, 101, 3, 20, 116, 64, 18, 56, 63, 35, 139, 62, 24, 103, 104, 53, 78, 25, 51, 50, 1, 9, 44, 118, 15, 135, 31, 43, 45, 100, 55, 76, 79, 17, 21, 32, 81, 23, 109, 22, 120, 69, 127, 4, 132, 42, 95, 111, 114, 8, 107, 122, 137, 5, 92, 94, 96, 110, 112, 128, 30, 59, 129, 37, 72, 115, 142, 67, 124, 133, 27, 74, 121, 126, 140, 33, 88, 106, 71, 84, 87, 108, 119, 136, 73, 85, 90, 113
56
0, 2, 98, 99, 57, 130, 86, 117, 89, 97, 102, 68, 80, 65, 19, 11, 48, 10, 14, 52, 82, 83, 41, 141, 138, 39, 28, 46, 131, 70, 58, 75, 77, 93, 36, 13, 61, 6, 125, 12, 123, 29, 7, 34, 60, 54, 16, 38, 40, 47, 49, 66, 91, 26, 134, 105, 101, 3, 20, 116, 64, 18, 56, 63, 35, 139, 62, 24, 103, 104, 53, 78, 25, 51, 50, 1, 9, 44, 118, 15, 135, 31, 43, 45, 100, 55, 76, 79, 17, 21, 32, 81, 23, 109, 22, 120, 69, 127, 4, 132, 42, 95, 111, 114, 8, 107, 122, 137, 5, 92, 94, 96, 110, 112, 128, 30, 59, 129, 37, 72, 115, 142, 67, 124, 133, 27, 74, 121, 126, 140, 33, 88, 106, 71, 84, 87, 108, 119, 136, 73, 85, 90, 113
55
0, 2, 98, 99, 57, 130, 86, 117, 89, 97, 102, 68, 80, 65, 19, 11, 48, 10, 14, 52, 82, 83, 41, 141, 138, 39, 28, 46, 131, 70, 58, 75, 77, 93, 36, 13, 61, 6, 125, 12, 123, 29, 7, 34, 60, 54, 16, 38, 40, 47, 49, 66, 91, 26, 134, 105, 101, 3, 20, 116, 64, 18, 56, 63, 35, 139, 62, 24, 103, 104, 53, 78, 25, 51, 50, 1, 9, 44, 118, 15, 135, 31, 43, 45, 100, 55, 76, 79, 17, 21, 32, 81, 23, 109, 22, 120, 69, 127, 4, 132, 42, 95, 111, 114, 8, 107, 122, 137, 5, 92, 94, 96, 110, 112, 128, 30, 59, 129, 37, 72, 115, 142, 67, 124, 133, 27, 74, 121, 126, 140, 33, 88, 106, 71, 84, 87, 108, 119, 136, 73, 85, 90, 113
54
0, 2, 98, 99, 57, 130, 86, 117, 89, 97, 102, 68, 80, 65, 19, 11, 48, 10, 14, 52, 82, 83, 41, 141, 138, 39, 28, 46, 131, 70, 58, 75, 77, 93, 36, 13, 61, 6, 125, 12, 123, 29, 7, 34, 60, 54, 16, 38, 40, 47, 49, 66, 91, 26, 134, 105, 101, 3, 20, 116, 64, 18, 56, 63, 35, 139, 62, 24, 103, 104, 53, 78, 25, 51, 50, 1, 9, 44, 118, 15, 135, 31, 43, 45, 100, 55, 76, 79, 17, 21, 32, 81, 23, 109, 22, 120, 69, 127, 4, 132, 42, 95, 111, 114, 8, 107, 122, 137, 5, 92, 94, 96, 110, 112, 128, 30, 59, 129, 37, 72, 115, 142, 67, 124, 133, 27, 74, 121, 126, 140, 33, 88, 106, 71, 84, 87, 108, 119, 136, 73, 85, 90, 113
53
0, 2, 98, 99, 57, 130, 86, 117, 89, 97, 102, 68, 80, 65, 19, 11, 48, 10, 14, 52, 82, 83, 41, 141, 138, 39, 28, 46, 131, 70, 58, 75, 77, 93, 36, 13, 61, 6, 125, 12, 123, 29, 7, 34, 60, 54, 16, 38, 40, 47, 49, 66, 91, 26, 134, 105, 101, 3, 20, 116, 64, 18, 56, 63, 35, 139, 62, 24, 103, 104, 53, 78, 25, 51, 50, 1, 9, 44, 118, 15, 135, 31, 43, 45, 100, 55, 76, 79, 17, 21, 32, 81, 23, 109, 22, 120, 69, 127, 4, 132, 42, 95, 111, 114, 8, 107, 122, 137, 5, 92, 94, 96, 110, 112, 128, 30, 59, 129, 37, 72, 115, 142, 67, 124, 133, 27, 74, 121, 126, 140, 33, 88, 106, 71, 84, 87, 108, 119, 136, 73, 85, 90, 113
52
0, 2, 98, 99, 57, 130, 86, 117, 89, 97, 102, 68, 80, 65, 19, 11, 48, 10, 14, 52, 82, 83, 41, 141, 138, 39, 28, 46, 131, 70, 58, 75, 77, 93, 36, 13, 61, 6, 125, 12, 123, 29, 7, 34, 60, 54, 16, 38, 40, 47, 49, 66, 91, 26, 134, 105, 101, 3, 20, 116, 64, 18, 56, 63, 35, 139, 62, 24, 103, 104, 53, 78, 25, 51, 50, 1, 9, 44, 118, 15, 135, 31, 43, 45, 100, 55, 76, 79, 17, 21, 32, 81, 23, 109, 22, 120, 69, 127, 4, 132, 42, 95, 111, 114, 8, 107, 122, 137, 5, 92, 94, 96, 110, 112, 128, 30, 59, 129, 37, 72, 115, 142, 67, 124, 133, 27, 74, 121, 126, 140, 33, 88, 106, 71, 84, 87, 108, 119, 136, 73, 85, 90, 113
51
0, 2, 98, 99, 57, 130, 86, 117, 89, 97, 102, 68, 80, 65, 19, 11, 48, 10, 14, 52, 82, 83, 41, 141, 138, 39, 28, 46, 131, 70, 58, 75, 77, 93, 36, 13, 61, 6, 125, 12, 123, 29, 7, 34, 60, 54, 16, 38, 40, 47, 49, 66, 91, 26, 134, 105, 101, 3, 20, 116, 64, 18, 56, 63, 35, 139, 62, 24, 103, 104, 53, 78, 25, 51, 50, 1, 9, 44, 118, 15, 135, 31, 43, 45, 100, 55, 76, 79, 17, 21, 32, 81, 23, 109, 22, 120, 69, 127, 4, 132, 42, 95, 111, 114, 8, 107, 122, 137, 5, 92, 94, 96, 110, 112, 128, 30, 59, 129, 37, 72, 115, 142, 67, 124, 133, 27, 74, 121, 126, 140, 33, 88, 106, 71, 84, 87, 108, 119, 136, 73, 85, 90, 113
50
0, 2, 98, 99, 57, 130, 86, 117, 89, 97, 102, 68, 80, 65, 19, 11, 48, 10, 14, 52, 82, 83, 41, 141, 138, 39, 28, 46, 131, 70, 58, 75, 77, 93, 36, 13, 61, 6, 125, 12, 123, 29, 7, 34, 60, 54, 38, 40, 47, 49, 66, 91, 26, 134, 105, 101, 3, 116, 20, 16, 64, 18, 56, 63, 35, 139, 62, 24, 103, 104, 53, 78, 25, 51, 50, 1, 9, 44, 118, 15, 135, 31, 43, 45, 100, 55, 76, 79, 17, 21, 32, 81, 23, 109, 22, 120, 69, 127, 4, 132, 42, 95, 111, 114, 8, 107, 122, 137, 5, 92, 94, 96, 110, 112, 128, 30, 59, 129, 37, 72, 115, 142, 67, 124, 133, 27, 74, 121, 126, 140, 33, 88, 106, 71, 84, 87, 108, 119, 136, 73, 85, 90, 113
49
0, 2, 98, 99, 57, 130, 86, 117, 89, 97, 102, 68, 80, 65, 19, 11, 48, 10, 14, 52, 82, 83, 41, 141, 138, 39, 28, 46, 131, 70, 58, 75, 77, 93, 36, 13, 61, 6, 125, 12, 123, 29, 47, 49, 134, 105, 101, 103, 126, 140, 124, 27, 139, 104, 3, 66, 40, 38, 91, 54, 7, 34, 60, 26, 116, 20, 16, 64, 18, 56, 63, 35, 62, 24, 53, 78, 25, 51, 50, 1, 9, 44, 118, 15, 135, 31, 43, 45, 100, 55, 76, 79, 17, 21, 32, 81, 23, 109, 22, 120, 69, 127, 4, 132, 42, 95, 111, 114, 8, 107, 122, 137, 5, 92, 94, 96, 110, 112, 128, 30, 59, 129, 37, 72, 115, 142, 67, 133, 74, 121, 33, 88, 106, 71, 84, 87, 108, 119, 136, 73, 85, 90, 113
48
0, 2, 98, 99, 57, 130, 86, 117, 89, 97, 102, 68, 80, 65, 19, 11, 48, 10, 14, 52, 82, 83, 41, 141, 138, 39, 28, 46, 131, 70, 58, 75, 77, 93, 36, 13, 61, 47, 49, 134, 105, 101, 103, 126, 3, 26, 91, 116, 20, 16, 139, 104, 6, 125, 29, 64, 53, 78, 118, 15, 135, 63, 35, 18, 34, 54, 40, 66, 12, 123, 140, 124, 27, 38, 7, 60, 56, 62, 24, 25, 51, 50, 1, 9, 44, 31, 43, 45, 100, 55, 76, 79, 17, 21, 32, 81, 23, 109, 22, 120, 69, 127, 4, 132, 42, 95, 111, 114, 8, 107, 122, 137, 5, 92, 94, 96, 110, 112, 128, 30, 59, 129, 37, 72, 115, 142, 67, 133, 74, 121, 33, 88, 106, 71, 84, 87, 108, 119, 136, 73, 85, 90, 113
47
0, 2, 98, 99, 57, 130, 86, 117, 89, 97, 102, 68, 80, 65, 19, 11, 48, 10, 14, 52, 82, 83, 41, 141, 138, 39, 28, 46, 131, 70, 58, 77, 93, 36, 47, 49, 134, 85, 90, 26, 91, 116, 69, 127, 92, 94, 75, 120, 3, 126, 20, 16, 64, 63, 112, 104, 103, 105, 13, 61, 101, 139, 6, 125, 29, 53, 78, 118, 15, 135, 35, 18, 34, 54, 40, 66, 12, 123, 140, 124, 27, 38, 7, 60, 56, 62, 24, 25, 51, 50, 1, 9, 44, 31, 43, 45, 100, 55, 76, 79, 17, 21, 32, 81, 23, 109, 22, 4, 132, 42, 95, 111, 114, 8, 107, 122, 137, 5, 96, 110, 128, 30, 59, 129, 37, 72, 115, 142, 67, 133, 74, 121, 33, 88, 106, 71, 84, 87, 108, 119, 136, 73, 113
46
0, 2, 98, 99, 57, 130, 86, 117, 89, 97, 102, 68, 80, 65, 19, 11, 48, 14, 52, 82, 83, 41, 58, 93, 47, 49, 85, 90, 16, 103, 105, 139, 53, 22, 129, 59, 30, 73, 104, 111, 40, 6, 36, 13, 29, 8, 87, 108, 132, 4, 10, 77, 131, 46, 69, 84, 5, 127, 134, 92, 116, 26, 91, 3, 20, 141, 28, 70, 138, 39, 94, 75, 120, 126, 64, 63, 112, 61, 101, 125, 78, 118, 15, 135, 35, 18, 34, 54, 66, 12, 123, 140, 124, 27, 38, 7, 60, 56, 62, 24, 25, 51, 50, 1, 9, 44, 31, 43, 45, 100, 55, 76, 79, 17, 21, 32, 81, 23, 109, 42, 95, 114, 107, 122, 137, 96, 110, 128, 37, 72, 115, 142, 67, 133, 74, 121, 33, 88, 106, 71, 119, 136, 113
# [date -Iseconds] 2025-10-04T19:39:07+09:00
# [timeout] 124
