# [run] timeout 1h java -Xms1024g -Xmx1024g -Xss134m -cp ../src/pathwidth.jar Pathwidth ../benchmark_instances/2023result/docs/solver/benchmark/random_instance/random_instance007_graph001.col
# [date -Iseconds] 2025-10-03T19:38:59+09:00
../benchmark_instances/2023result/docs/solver/benchmark/random_instance/random_instance007_graph001.col
91
16, 34, 35, 15, 62, 80, 87, 82, 0, 19, 20, 55, 30, 33, 11, 60, 61, 69, 86, 51, 25, 53, 17, 49, 41, 56, 47, 54, 71, 7, 63, 75, 83, 90, 13, 48, 67, 77, 10, 18, 64, 22, 8, 26, 42, 27, 4, 59, 2, 14, 6, 9, 72, 21, 46, 81, 29, 37, 31, 57, 78, 32, 52, 58, 73, 36, 39, 76, 1, 38, 88, 3, 28, 40, 45, 23, 68, 5, 24, 50, 65, 84, 43, 70, 79, 12, 44, 66, 74, 85, 89
90
16, 34, 35, 15, 62, 80, 87, 82, 0, 19, 20, 55, 30, 33, 11, 60, 61, 69, 86, 51, 25, 53, 17, 49, 41, 56, 47, 54, 71, 7, 63, 75, 83, 90, 13, 48, 67, 77, 10, 18, 64, 22, 8, 26, 42, 27, 4, 59, 2, 14, 6, 9, 72, 21, 46, 81, 29, 37, 31, 57, 78, 32, 52, 58, 73, 36, 39, 76, 1, 38, 88, 3, 28, 40, 45, 23, 68, 5, 24, 50, 65, 84, 43, 70, 79, 12, 44, 66, 74, 85, 89
89
16, 34, 35, 15, 62, 80, 87, 82, 0, 19, 20, 55, 30, 33, 11, 60, 61, 69, 86, 51, 25, 53, 17, 49, 41, 56, 47, 54, 71, 7, 63, 75, 83, 90, 13, 48, 67, 77, 10, 18, 64, 22, 8, 26, 42, 27, 4, 59, 2, 14, 6, 9, 72, 21, 46, 81, 29, 37, 31, 57, 78, 32, 52, 58, 73, 36, 39, 76, 1, 38, 88, 3, 28, 40, 45, 23, 68, 5, 24, 50, 65, 84, 43, 70, 79, 12, 44, 66, 74, 85, 89
88
16, 34, 35, 15, 62, 80, 87, 82, 0, 19, 20, 55, 30, 33, 11, 60, 61, 69, 86, 51, 25, 53, 17, 49, 41, 56, 47, 54, 71, 7, 63, 75, 83, 90, 13, 48, 67, 77, 10, 18, 64, 22, 8, 26, 42, 27, 4, 59, 2, 14, 6, 9, 72, 21, 46, 81, 29, 37, 31, 57, 78, 32, 52, 58, 73, 36, 39, 76, 1, 38, 88, 3, 28, 40, 45, 23, 68, 5, 24, 50, 65, 84, 43, 70, 79, 12, 44, 66, 74, 85, 89
87
16, 34, 35, 15, 62, 80, 87, 82, 0, 19, 20, 55, 30, 33, 11, 60, 61, 69, 86, 51, 25, 53, 17, 49, 41, 56, 47, 54, 71, 7, 63, 75, 83, 90, 13, 48, 67, 77, 10, 18, 64, 22, 8, 26, 42, 27, 4, 59, 2, 14, 6, 9, 72, 21, 46, 81, 29, 37, 31, 57, 78, 32, 52, 58, 73, 36, 39, 76, 1, 38, 88, 3, 28, 40, 45, 23, 68, 5, 24, 50, 65, 84, 43, 70, 79, 12, 44, 66, 74, 85, 89
86
16, 34, 35, 15, 62, 80, 87, 82, 0, 19, 20, 55, 30, 33, 11, 60, 61, 69, 86, 51, 25, 53, 17, 49, 41, 56, 47, 54, 71, 7, 63, 75, 83, 90, 13, 48, 67, 77, 10, 18, 64, 22, 8, 26, 42, 27, 4, 59, 2, 14, 6, 9, 72, 21, 46, 81, 29, 37, 31, 57, 78, 32, 52, 58, 73, 36, 39, 76, 1, 38, 88, 3, 28, 40, 45, 23, 68, 5, 24, 50, 65, 84, 43, 70, 79, 12, 44, 66, 74, 85, 89
85
16, 34, 35, 15, 62, 80, 87, 82, 0, 19, 20, 55, 30, 33, 11, 60, 61, 69, 86, 51, 25, 53, 17, 49, 41, 56, 47, 54, 71, 7, 63, 75, 83, 90, 13, 48, 67, 77, 10, 18, 64, 22, 8, 26, 42, 27, 4, 59, 2, 14, 6, 9, 72, 21, 46, 81, 29, 37, 31, 57, 78, 32, 52, 58, 73, 36, 39, 76, 1, 38, 88, 3, 28, 40, 45, 23, 68, 5, 24, 50, 65, 84, 43, 70, 79, 12, 44, 66, 74, 85, 89
84
16, 34, 35, 15, 62, 80, 87, 82, 0, 19, 20, 55, 30, 33, 11, 60, 61, 69, 86, 51, 25, 53, 17, 49, 41, 56, 47, 54, 71, 7, 63, 75, 83, 90, 13, 48, 67, 77, 10, 18, 64, 22, 8, 26, 42, 27, 4, 59, 2, 14, 6, 9, 72, 21, 46, 81, 29, 37, 31, 57, 78, 32, 52, 58, 73, 36, 39, 76, 1, 38, 88, 3, 28, 40, 45, 23, 68, 5, 24, 50, 65, 84, 43, 70, 79, 12, 44, 66, 74, 85, 89
83
16, 34, 35, 15, 62, 80, 87, 82, 0, 19, 20, 55, 30, 33, 11, 60, 61, 69, 86, 51, 25, 53, 17, 49, 41, 56, 47, 54, 71, 7, 63, 75, 83, 90, 13, 48, 67, 77, 10, 18, 64, 22, 8, 26, 42, 27, 4, 59, 2, 14, 6, 9, 72, 21, 46, 81, 29, 37, 31, 57, 78, 32, 52, 58, 73, 36, 39, 76, 1, 38, 88, 3, 28, 40, 45, 23, 68, 5, 24, 50, 65, 84, 43, 70, 79, 12, 44, 66, 74, 85, 89
82
16, 34, 35, 15, 62, 80, 87, 82, 0, 19, 20, 55, 30, 33, 11, 60, 61, 69, 86, 51, 25, 53, 17, 49, 41, 56, 47, 54, 71, 7, 63, 75, 83, 90, 13, 48, 67, 77, 10, 18, 64, 22, 8, 26, 42, 27, 4, 59, 2, 14, 6, 9, 72, 21, 46, 81, 29, 37, 31, 57, 78, 32, 52, 58, 73, 36, 39, 76, 1, 38, 88, 3, 28, 40, 45, 23, 68, 5, 24, 50, 65, 84, 43, 70, 79, 12, 44, 66, 74, 85, 89
81
16, 34, 35, 15, 62, 80, 87, 82, 0, 19, 20, 55, 30, 33, 11, 60, 61, 69, 86, 51, 25, 53, 17, 49, 41, 56, 47, 54, 71, 7, 63, 75, 83, 90, 13, 48, 67, 77, 10, 18, 64, 22, 8, 26, 42, 27, 4, 59, 2, 14, 6, 9, 72, 21, 46, 81, 29, 37, 31, 57, 78, 32, 52, 58, 73, 36, 39, 76, 1, 38, 88, 3, 28, 40, 45, 23, 68, 5, 24, 50, 65, 84, 43, 70, 79, 12, 44, 66, 74, 85, 89
80
16, 34, 35, 15, 62, 80, 87, 82, 0, 19, 20, 55, 30, 33, 11, 60, 61, 69, 86, 51, 25, 53, 17, 49, 41, 56, 47, 54, 71, 7, 63, 75, 83, 90, 13, 48, 67, 77, 10, 18, 64, 22, 8, 26, 42, 27, 4, 59, 2, 14, 6, 9, 72, 21, 46, 81, 29, 37, 31, 57, 78, 32, 52, 58, 73, 36, 39, 76, 1, 38, 88, 3, 28, 40, 45, 23, 68, 5, 24, 50, 65, 84, 43, 70, 79, 12, 44, 66, 74, 85, 89
79
16, 34, 35, 15, 62, 80, 87, 82, 0, 19, 20, 55, 30, 33, 11, 60, 61, 69, 86, 51, 25, 53, 17, 49, 41, 56, 47, 54, 71, 7, 63, 75, 83, 90, 13, 48, 67, 77, 10, 18, 64, 22, 8, 26, 42, 27, 4, 59, 2, 14, 6, 9, 72, 21, 46, 81, 29, 37, 31, 57, 78, 32, 52, 58, 73, 36, 39, 76, 1, 38, 88, 3, 28, 40, 45, 23, 68, 5, 24, 50, 65, 84, 43, 70, 79, 12, 44, 66, 74, 85, 89
78
16, 34, 35, 15, 62, 80, 87, 82, 0, 19, 20, 55, 30, 33, 11, 60, 61, 69, 86, 51, 25, 53, 17, 49, 41, 56, 47, 54, 71, 7, 63, 75, 83, 90, 13, 48, 67, 77, 10, 18, 64, 22, 8, 26, 42, 27, 4, 59, 2, 14, 6, 9, 72, 21, 46, 81, 29, 37, 31, 57, 78, 32, 52, 58, 73, 36, 39, 76, 1, 38, 88, 3, 28, 40, 45, 23, 68, 5, 24, 50, 65, 84, 43, 70, 79, 12, 44, 66, 74, 85, 89
77
16, 34, 35, 15, 62, 80, 87, 82, 0, 19, 20, 55, 30, 33, 11, 60, 61, 69, 86, 51, 25, 53, 17, 49, 41, 56, 47, 54, 71, 7, 63, 75, 83, 90, 13, 48, 67, 77, 10, 18, 64, 22, 8, 26, 42, 27, 4, 59, 2, 14, 6, 9, 72, 21, 46, 81, 29, 37, 31, 57, 78, 32, 52, 58, 73, 36, 39, 76, 1, 38, 88, 3, 28, 40, 45, 23, 68, 5, 24, 50, 65, 84, 43, 70, 79, 12, 44, 66, 74, 85, 89
76
16, 34, 35, 15, 62, 80, 87, 82, 0, 19, 20, 55, 30, 33, 11, 60, 61, 69, 86, 51, 25, 53, 17, 49, 41, 56, 47, 54, 71, 7, 63, 75, 83, 90, 13, 48, 67, 77, 10, 18, 64, 22, 8, 26, 42, 27, 4, 59, 2, 14, 6, 9, 72, 21, 46, 81, 29, 37, 31, 57, 78, 32, 52, 58, 73, 36, 39, 76, 1, 38, 88, 3, 28, 40, 45, 23, 68, 5, 24, 50, 65, 84, 43, 70, 79, 12, 44, 66, 74, 85, 89
75
16, 34, 35, 15, 62, 80, 87, 82, 0, 19, 20, 55, 30, 33, 11, 60, 61, 69, 86, 51, 25, 53, 17, 49, 41, 56, 47, 54, 71, 7, 63, 75, 83, 90, 13, 48, 67, 77, 10, 18, 64, 22, 8, 26, 42, 27, 4, 59, 2, 14, 6, 9, 72, 21, 46, 81, 29, 37, 31, 57, 78, 32, 52, 58, 73, 36, 39, 76, 1, 38, 88, 3, 28, 40, 45, 23, 68, 5, 24, 50, 65, 84, 43, 70, 79, 12, 44, 66, 74, 85, 89
74
16, 34, 35, 15, 62, 80, 87, 82, 0, 19, 20, 55, 30, 33, 11, 60, 61, 69, 86, 51, 25, 53, 17, 49, 41, 56, 47, 54, 71, 7, 63, 75, 83, 90, 13, 48, 67, 77, 10, 18, 64, 22, 8, 26, 42, 27, 4, 59, 2, 14, 6, 9, 72, 21, 46, 81, 29, 37, 31, 57, 78, 32, 52, 58, 73, 36, 39, 76, 1, 38, 88, 3, 28, 40, 45, 23, 68, 5, 24, 50, 65, 84, 43, 70, 79, 12, 44, 66, 74, 85, 89
73
16, 34, 35, 15, 62, 80, 87, 82, 0, 19, 20, 55, 30, 33, 11, 60, 61, 69, 86, 51, 25, 53, 17, 49, 41, 56, 47, 54, 71, 7, 63, 75, 83, 90, 13, 48, 67, 77, 10, 18, 64, 22, 8, 26, 42, 27, 4, 59, 2, 14, 6, 9, 72, 21, 46, 81, 29, 37, 31, 57, 78, 32, 52, 58, 73, 36, 39, 76, 1, 38, 88, 3, 28, 40, 45, 23, 68, 5, 24, 50, 65, 84, 43, 70, 79, 12, 44, 66, 74, 85, 89
72
16, 34, 35, 15, 62, 80, 87, 82, 0, 19, 20, 55, 30, 33, 11, 60, 61, 69, 86, 51, 25, 53, 17, 49, 41, 56, 47, 54, 71, 7, 63, 75, 83, 90, 13, 48, 67, 77, 10, 18, 64, 22, 8, 26, 42, 27, 4, 59, 2, 14, 6, 9, 72, 21, 46, 81, 29, 37, 31, 57, 78, 32, 52, 58, 73, 36, 39, 76, 1, 38, 88, 3, 28, 40, 45, 23, 68, 5, 24, 50, 65, 84, 43, 70, 79, 12, 44, 66, 74, 85, 89
71
16, 34, 35, 15, 62, 80, 87, 82, 0, 19, 20, 55, 30, 33, 11, 60, 61, 69, 86, 51, 25, 53, 17, 49, 41, 56, 47, 54, 71, 7, 63, 75, 83, 90, 13, 48, 67, 77, 10, 18, 64, 22, 8, 26, 42, 27, 4, 59, 2, 14, 6, 9, 72, 21, 46, 81, 29, 37, 31, 57, 78, 32, 52, 58, 73, 36, 39, 76, 1, 38, 88, 3, 28, 40, 45, 23, 68, 5, 24, 50, 65, 84, 43, 70, 79, 12, 44, 66, 74, 85, 89
70
16, 34, 35, 15, 62, 80, 87, 82, 0, 19, 20, 55, 30, 33, 11, 60, 61, 69, 86, 51, 25, 53, 17, 49, 41, 56, 47, 54, 71, 7, 63, 75, 83, 90, 13, 48, 67, 77, 10, 18, 64, 22, 8, 26, 42, 27, 4, 59, 2, 14, 6, 9, 72, 21, 46, 81, 29, 37, 31, 57, 78, 32, 52, 58, 73, 36, 39, 76, 1, 38, 88, 3, 28, 40, 45, 23, 68, 5, 24, 50, 65, 84, 43, 70, 79, 12, 44, 66, 74, 85, 89
69
16, 34, 35, 15, 62, 80, 87, 82, 0, 19, 20, 55, 30, 33, 11, 60, 61, 69, 86, 51, 25, 53, 17, 49, 41, 56, 47, 54, 71, 7, 63, 75, 83, 90, 13, 48, 67, 77, 10, 18, 64, 22, 8, 26, 42, 27, 4, 59, 2, 14, 6, 9, 72, 21, 46, 81, 29, 37, 31, 57, 78, 32, 52, 58, 73, 36, 39, 76, 1, 38, 88, 3, 28, 40, 45, 23, 68, 5, 24, 50, 65, 84, 43, 70, 79, 12, 44, 66, 74, 85, 89
68
16, 34, 35, 15, 62, 80, 87, 82, 0, 19, 20, 55, 30, 33, 11, 60, 61, 69, 86, 51, 25, 53, 17, 49, 41, 56, 47, 54, 71, 7, 63, 75, 83, 90, 13, 48, 67, 77, 10, 18, 64, 22, 8, 26, 42, 27, 4, 59, 2, 14, 6, 9, 72, 21, 46, 81, 29, 37, 31, 57, 78, 32, 52, 58, 73, 36, 39, 76, 1, 38, 88, 3, 28, 40, 45, 23, 68, 5, 24, 50, 65, 84, 43, 70, 79, 12, 44, 66, 74, 85, 89
67
16, 34, 35, 15, 62, 80, 87, 82, 0, 19, 20, 55, 30, 33, 11, 60, 61, 69, 86, 51, 25, 53, 17, 49, 41, 56, 47, 54, 71, 7, 63, 75, 83, 90, 13, 48, 67, 77, 10, 18, 64, 22, 8, 26, 42, 27, 4, 59, 2, 14, 6, 9, 72, 21, 46, 81, 29, 37, 31, 57, 78, 32, 52, 58, 73, 36, 39, 76, 1, 38, 88, 3, 28, 40, 45, 23, 68, 5, 24, 50, 65, 84, 43, 70, 79, 12, 44, 66, 74, 85, 89
66
16, 34, 35, 15, 62, 80, 87, 82, 0, 19, 20, 55, 30, 33, 11, 60, 61, 69, 86, 51, 25, 53, 17, 49, 41, 56, 47, 54, 71, 7, 63, 75, 83, 90, 13, 48, 67, 77, 10, 18, 64, 22, 8, 26, 42, 27, 4, 59, 2, 14, 6, 9, 72, 21, 46, 81, 29, 37, 31, 57, 78, 32, 52, 58, 73, 36, 39, 76, 1, 38, 88, 3, 28, 40, 45, 23, 68, 5, 24, 50, 65, 84, 43, 70, 79, 12, 44, 66, 74, 85, 89
65
16, 34, 35, 15, 62, 80, 87, 82, 0, 19, 20, 55, 30, 33, 11, 60, 61, 69, 86, 51, 25, 53, 17, 49, 41, 56, 47, 54, 71, 7, 63, 75, 83, 90, 13, 48, 67, 77, 10, 18, 64, 22, 8, 26, 42, 27, 4, 59, 2, 14, 6, 9, 72, 21, 46, 81, 29, 37, 31, 57, 78, 32, 52, 58, 73, 36, 39, 76, 1, 38, 88, 3, 28, 40, 45, 23, 68, 5, 24, 50, 65, 84, 43, 70, 79, 12, 44, 66, 74, 85, 89
64
16, 34, 35, 15, 62, 80, 87, 82, 0, 19, 20, 55, 30, 33, 11, 60, 61, 69, 86, 51, 25, 53, 17, 49, 41, 56, 47, 54, 71, 7, 63, 75, 83, 90, 13, 48, 67, 77, 10, 18, 64, 22, 8, 26, 42, 27, 4, 59, 2, 14, 6, 9, 72, 21, 46, 81, 29, 37, 31, 57, 78, 32, 52, 58, 73, 36, 39, 76, 1, 38, 88, 3, 28, 40, 45, 23, 68, 5, 24, 50, 65, 84, 43, 70, 79, 12, 44, 66, 74, 85, 89
63
16, 34, 35, 15, 62, 80, 87, 82, 0, 19, 20, 55, 30, 33, 11, 60, 61, 69, 86, 51, 25, 53, 17, 49, 41, 56, 47, 54, 71, 7, 63, 75, 83, 90, 13, 48, 67, 77, 10, 18, 64, 22, 8, 26, 42, 27, 4, 59, 2, 14, 6, 9, 72, 21, 46, 81, 29, 37, 31, 57, 78, 32, 52, 58, 73, 36, 39, 76, 1, 38, 88, 3, 28, 40, 45, 23, 68, 5, 24, 50, 65, 84, 43, 70, 79, 12, 44, 66, 74, 85, 89
62
16, 34, 35, 15, 62, 80, 87, 82, 0, 19, 20, 55, 30, 33, 11, 60, 61, 69, 86, 51, 25, 53, 17, 49, 41, 56, 47, 54, 71, 7, 63, 75, 83, 90, 13, 48, 67, 77, 10, 18, 64, 22, 8, 26, 42, 27, 4, 59, 2, 14, 6, 9, 72, 21, 46, 81, 29, 37, 31, 57, 78, 32, 52, 58, 73, 36, 39, 76, 1, 38, 88, 3, 28, 40, 45, 23, 68, 5, 24, 50, 65, 84, 43, 70, 79, 12, 44, 66, 74, 85, 89
61
16, 34, 35, 15, 62, 80, 87, 82, 0, 19, 20, 55, 30, 33, 11, 60, 61, 69, 86, 51, 25, 53, 17, 49, 41, 56, 47, 54, 71, 7, 63, 75, 83, 90, 13, 48, 67, 77, 10, 18, 64, 22, 8, 26, 42, 27, 4, 59, 2, 14, 6, 9, 72, 21, 46, 81, 29, 37, 31, 57, 78, 32, 52, 58, 73, 36, 39, 76, 1, 38, 88, 3, 28, 40, 45, 23, 68, 5, 24, 50, 65, 84, 43, 70, 79, 12, 44, 66, 74, 85, 89
60
16, 34, 35, 15, 62, 80, 87, 82, 0, 19, 20, 55, 30, 33, 11, 60, 61, 69, 86, 51, 25, 53, 17, 49, 41, 56, 47, 54, 71, 7, 63, 75, 83, 90, 13, 48, 67, 77, 10, 18, 64, 22, 8, 26, 42, 27, 4, 59, 2, 14, 6, 9, 72, 21, 46, 81, 29, 37, 31, 57, 78, 32, 52, 58, 73, 36, 39, 76, 1, 38, 88, 3, 28, 40, 45, 23, 68, 5, 24, 50, 65, 84, 43, 70, 79, 12, 44, 66, 74, 85, 89
59
16, 34, 35, 15, 62, 80, 87, 82, 0, 19, 20, 55, 30, 33, 11, 60, 61, 69, 86, 51, 25, 53, 17, 49, 41, 56, 47, 54, 71, 7, 63, 75, 83, 90, 13, 48, 67, 77, 10, 18, 64, 22, 8, 26, 42, 27, 4, 59, 2, 14, 6, 9, 72, 21, 46, 81, 29, 37, 31, 57, 78, 32, 52, 58, 73, 36, 39, 76, 1, 38, 88, 3, 28, 40, 45, 23, 68, 5, 24, 50, 65, 84, 43, 70, 79, 12, 44, 66, 74, 85, 89
58
16, 34, 35, 15, 62, 80, 87, 82, 0, 19, 20, 55, 30, 33, 11, 60, 61, 69, 86, 51, 25, 53, 17, 49, 41, 56, 47, 54, 71, 7, 63, 75, 83, 90, 13, 48, 67, 77, 10, 18, 64, 22, 8, 26, 42, 27, 4, 59, 2, 14, 6, 9, 72, 21, 46, 81, 29, 37, 31, 57, 78, 32, 52, 58, 73, 36, 39, 76, 1, 38, 88, 3, 28, 40, 45, 23, 68, 5, 24, 50, 65, 84, 43, 70, 79, 12, 44, 66, 74, 85, 89
57
16, 34, 35, 15, 62, 80, 87, 82, 0, 19, 20, 55, 30, 33, 11, 60, 61, 69, 86, 51, 25, 53, 17, 49, 41, 56, 47, 54, 71, 7, 63, 75, 83, 90, 13, 48, 67, 77, 10, 18, 64, 22, 8, 26, 42, 27, 4, 59, 2, 14, 6, 9, 72, 21, 46, 81, 29, 37, 31, 57, 78, 32, 52, 58, 73, 36, 39, 76, 1, 38, 88, 3, 28, 40, 45, 23, 68, 5, 24, 50, 65, 84, 43, 70, 79, 12, 44, 66, 74, 85, 89
56
16, 34, 35, 15, 62, 80, 87, 82, 0, 19, 20, 55, 30, 33, 11, 60, 61, 69, 86, 51, 25, 53, 17, 49, 41, 56, 47, 54, 71, 7, 63, 75, 83, 90, 13, 48, 67, 77, 10, 18, 64, 22, 8, 26, 42, 27, 4, 59, 2, 14, 6, 9, 72, 21, 46, 81, 29, 37, 31, 57, 78, 32, 52, 58, 73, 36, 39, 76, 1, 38, 88, 3, 28, 40, 45, 23, 68, 5, 24, 50, 65, 84, 43, 70, 79, 12, 44, 66, 74, 85, 89
55
16, 34, 35, 15, 62, 80, 87, 82, 0, 19, 20, 55, 30, 33, 11, 60, 61, 69, 86, 51, 25, 53, 17, 49, 41, 56, 47, 54, 71, 7, 63, 75, 83, 90, 13, 48, 67, 77, 10, 18, 64, 22, 8, 26, 42, 27, 4, 59, 2, 14, 6, 9, 72, 21, 46, 81, 29, 37, 31, 57, 78, 32, 52, 58, 73, 36, 39, 76, 1, 38, 88, 3, 28, 40, 45, 23, 68, 5, 24, 50, 65, 84, 43, 70, 79, 12, 44, 66, 74, 85, 89
54
16, 34, 35, 15, 62, 80, 87, 82, 0, 19, 20, 55, 30, 33, 11, 60, 61, 69, 86, 51, 25, 53, 17, 49, 41, 56, 47, 54, 71, 7, 63, 75, 83, 90, 13, 48, 67, 77, 10, 18, 64, 22, 8, 26, 42, 27, 4, 59, 2, 14, 6, 9, 72, 21, 46, 81, 29, 37, 31, 57, 78, 32, 52, 58, 73, 36, 39, 76, 1, 38, 88, 3, 28, 40, 45, 23, 68, 5, 24, 50, 65, 84, 43, 70, 79, 12, 44, 66, 74, 85, 89
53
16, 34, 35, 15, 62, 80, 87, 82, 0, 19, 20, 55, 30, 33, 11, 60, 61, 69, 86, 51, 25, 53, 17, 49, 41, 56, 47, 54, 71, 7, 63, 75, 83, 90, 13, 48, 67, 77, 10, 18, 64, 22, 8, 26, 42, 27, 4, 59, 2, 14, 6, 9, 72, 21, 46, 81, 29, 37, 31, 57, 78, 32, 52, 58, 73, 36, 39, 76, 1, 38, 88, 3, 28, 40, 45, 23, 68, 5, 24, 50, 65, 84, 43, 70, 79, 12, 44, 66, 74, 85, 89
52
16, 34, 35, 15, 62, 80, 87, 82, 0, 19, 20, 55, 30, 33, 11, 60, 61, 69, 86, 51, 25, 53, 17, 49, 41, 56, 47, 54, 71, 7, 63, 75, 83, 90, 13, 48, 67, 77, 10, 18, 64, 22, 8, 26, 42, 27, 4, 59, 2, 14, 6, 9, 72, 21, 46, 81, 29, 37, 31, 57, 78, 32, 52, 58, 73, 36, 39, 76, 1, 38, 88, 3, 28, 40, 45, 23, 68, 5, 24, 50, 65, 84, 43, 70, 79, 12, 44, 66, 74, 85, 89
51
16, 34, 35, 15, 62, 80, 87, 82, 0, 19, 20, 55, 30, 33, 11, 60, 61, 69, 86, 51, 25, 53, 17, 49, 41, 56, 47, 54, 71, 7, 63, 75, 83, 90, 13, 48, 67, 77, 10, 18, 64, 22, 8, 26, 42, 27, 4, 59, 2, 14, 6, 9, 72, 21, 46, 81, 29, 37, 31, 57, 78, 32, 52, 58, 73, 36, 39, 76, 1, 38, 88, 3, 28, 40, 45, 23, 68, 5, 24, 50, 65, 84, 43, 70, 79, 12, 44, 66, 74, 85, 89
50
16, 34, 35, 15, 62, 80, 87, 82, 0, 19, 20, 55, 30, 33, 11, 60, 61, 69, 86, 51, 25, 53, 17, 49, 41, 56, 47, 54, 71, 7, 63, 75, 83, 90, 13, 48, 67, 77, 10, 18, 64, 22, 8, 26, 42, 27, 4, 59, 2, 14, 6, 9, 72, 21, 46, 81, 29, 37, 31, 57, 78, 32, 52, 58, 73, 36, 39, 76, 1, 38, 88, 3, 28, 40, 45, 23, 68, 5, 24, 50, 65, 84, 43, 70, 79, 12, 44, 66, 74, 85, 89
49
16, 34, 35, 15, 62, 80, 87, 82, 0, 19, 20, 55, 30, 33, 11, 60, 61, 69, 86, 51, 25, 53, 17, 49, 41, 56, 47, 54, 71, 7, 63, 75, 83, 90, 13, 48, 67, 77, 10, 18, 64, 22, 8, 26, 42, 27, 4, 59, 2, 14, 6, 9, 72, 21, 46, 81, 29, 37, 31, 57, 78, 32, 52, 58, 73, 36, 39, 76, 1, 38, 88, 3, 28, 40, 45, 23, 68, 5, 24, 50, 65, 84, 43, 70, 79, 12, 44, 66, 74, 85, 89
48
16, 34, 35, 15, 62, 80, 87, 82, 0, 19, 20, 55, 30, 33, 11, 60, 61, 69, 86, 51, 25, 53, 17, 49, 41, 56, 47, 54, 71, 7, 63, 75, 83, 90, 13, 48, 67, 77, 10, 18, 64, 22, 8, 26, 42, 27, 4, 59, 2, 14, 6, 9, 72, 21, 46, 81, 29, 37, 31, 57, 78, 32, 52, 58, 73, 36, 39, 76, 1, 38, 88, 3, 28, 40, 45, 23, 68, 5, 24, 50, 65, 84, 43, 70, 79, 12, 44, 66, 74, 85, 89
47
16, 34, 35, 15, 62, 80, 87, 82, 0, 19, 20, 55, 30, 33, 11, 60, 61, 69, 86, 51, 25, 53, 17, 49, 41, 56, 47, 54, 71, 7, 63, 75, 83, 90, 13, 48, 67, 77, 10, 18, 64, 22, 8, 26, 42, 27, 4, 59, 2, 14, 6, 9, 72, 21, 46, 81, 29, 37, 31, 57, 78, 32, 52, 58, 73, 36, 39, 76, 1, 38, 88, 3, 28, 40, 45, 23, 68, 5, 24, 50, 65, 84, 43, 70, 79, 12, 44, 66, 74, 85, 89
46
16, 34, 35, 15, 62, 80, 87, 82, 0, 19, 20, 55, 30, 33, 11, 60, 61, 69, 86, 51, 25, 53, 17, 49, 41, 56, 47, 54, 71, 7, 63, 75, 83, 90, 13, 48, 67, 77, 10, 18, 64, 22, 8, 26, 42, 27, 4, 59, 2, 14, 6, 9, 72, 21, 46, 81, 29, 37, 31, 57, 78, 32, 52, 58, 73, 36, 39, 76, 1, 38, 88, 3, 28, 40, 45, 23, 68, 5, 24, 50, 65, 84, 43, 70, 79, 12, 44, 66, 74, 85, 89
45
16, 34, 35, 15, 62, 80, 87, 82, 0, 19, 20, 55, 30, 33, 11, 60, 61, 69, 86, 51, 25, 53, 17, 49, 41, 56, 47, 54, 71, 7, 63, 75, 83, 90, 13, 48, 67, 77, 10, 18, 64, 22, 8, 26, 42, 27, 4, 59, 2, 14, 6, 9, 72, 21, 46, 81, 29, 37, 31, 57, 78, 32, 52, 58, 73, 36, 39, 76, 1, 38, 88, 3, 28, 40, 45, 23, 68, 5, 24, 50, 65, 84, 43, 70, 79, 12, 44, 66, 74, 85, 89
44
16, 34, 35, 15, 62, 80, 87, 82, 0, 19, 20, 55, 30, 33, 11, 60, 61, 69, 86, 51, 25, 53, 17, 49, 41, 56, 47, 54, 71, 7, 63, 75, 83, 90, 13, 48, 67, 77, 10, 18, 64, 22, 8, 26, 42, 27, 4, 59, 2, 14, 6, 9, 72, 21, 46, 81, 29, 37, 31, 57, 78, 32, 52, 58, 73, 36, 39, 76, 1, 38, 88, 3, 28, 40, 45, 23, 68, 5, 24, 50, 65, 84, 43, 70, 79, 12, 44, 66, 74, 85, 89
43
16, 34, 35, 15, 62, 80, 87, 82, 0, 19, 20, 55, 30, 33, 11, 60, 61, 69, 86, 51, 25, 53, 17, 49, 41, 56, 47, 54, 71, 7, 63, 75, 83, 90, 13, 48, 67, 77, 10, 18, 64, 22, 8, 26, 42, 27, 4, 59, 2, 14, 6, 9, 72, 21, 46, 81, 29, 37, 31, 57, 78, 32, 52, 58, 73, 36, 39, 76, 1, 38, 88, 3, 28, 40, 45, 23, 68, 5, 24, 50, 65, 84, 43, 70, 79, 12, 44, 66, 74, 85, 89
42
16, 34, 35, 15, 62, 80, 87, 82, 0, 19, 20, 55, 30, 33, 11, 60, 61, 69, 86, 51, 25, 53, 17, 49, 41, 56, 47, 54, 71, 7, 63, 75, 83, 90, 13, 48, 67, 77, 10, 18, 64, 22, 8, 26, 42, 27, 4, 59, 2, 14, 6, 9, 72, 21, 46, 81, 29, 37, 31, 57, 78, 32, 52, 58, 73, 36, 39, 76, 1, 38, 88, 3, 28, 40, 45, 23, 68, 5, 24, 50, 65, 84, 43, 70, 79, 12, 44, 66, 74, 85, 89
41
16, 34, 35, 15, 62, 80, 87, 82, 0, 19, 20, 55, 30, 33, 11, 60, 61, 69, 86, 51, 25, 53, 17, 49, 41, 56, 47, 54, 71, 7, 63, 75, 83, 90, 13, 48, 67, 77, 10, 18, 64, 22, 8, 26, 42, 27, 4, 59, 2, 14, 6, 9, 72, 21, 46, 81, 29, 37, 31, 57, 78, 32, 52, 58, 73, 36, 39, 76, 1, 38, 88, 3, 28, 40, 45, 23, 68, 5, 24, 50, 65, 84, 43, 70, 79, 12, 44, 66, 74, 85, 89
40
16, 34, 35, 15, 62, 80, 87, 82, 0, 19, 20, 55, 30, 33, 11, 60, 61, 69, 86, 51, 25, 53, 17, 49, 41, 56, 47, 54, 71, 7, 63, 75, 83, 90, 13, 48, 67, 77, 10, 18, 64, 22, 8, 26, 42, 27, 4, 59, 2, 14, 6, 9, 72, 21, 46, 81, 29, 37, 31, 57, 78, 32, 52, 58, 73, 36, 39, 76, 1, 38, 88, 3, 28, 40, 45, 23, 68, 5, 24, 50, 65, 84, 43, 70, 79, 12, 44, 66, 74, 85, 89
39
16, 34, 35, 15, 62, 80, 87, 82, 0, 19, 20, 55, 30, 33, 11, 60, 61, 69, 86, 51, 25, 53, 17, 49, 41, 56, 47, 54, 71, 7, 63, 75, 83, 90, 13, 48, 67, 77, 10, 18, 64, 22, 8, 26, 42, 27, 4, 59, 2, 14, 6, 9, 72, 21, 46, 81, 29, 37, 31, 57, 78, 32, 52, 58, 73, 36, 39, 76, 1, 38, 88, 3, 28, 40, 45, 23, 68, 5, 24, 50, 65, 84, 43, 70, 79, 12, 44, 66, 74, 85, 89
38
16, 34, 35, 15, 62, 80, 87, 82, 0, 19, 20, 55, 30, 33, 11, 60, 61, 69, 86, 51, 25, 53, 17, 49, 41, 56, 47, 54, 71, 7, 63, 75, 83, 90, 13, 48, 67, 77, 10, 18, 64, 22, 8, 26, 42, 27, 4, 59, 2, 14, 6, 9, 72, 21, 46, 81, 29, 37, 31, 57, 78, 32, 52, 58, 73, 36, 39, 76, 1, 38, 88, 3, 28, 40, 45, 23, 68, 5, 24, 50, 65, 84, 43, 70, 79, 12, 44, 66, 74, 85, 89
37
16, 34, 35, 15, 62, 80, 87, 82, 0, 19, 20, 55, 30, 33, 11, 60, 61, 69, 86, 51, 25, 53, 17, 49, 41, 56, 47, 54, 71, 7, 63, 75, 83, 90, 13, 48, 67, 77, 10, 18, 64, 22, 8, 26, 42, 27, 4, 59, 2, 14, 6, 9, 72, 21, 46, 81, 29, 37, 31, 57, 78, 32, 52, 58, 73, 36, 39, 76, 1, 38, 88, 3, 28, 40, 45, 23, 68, 5, 24, 50, 65, 84, 43, 70, 79, 12, 44, 66, 74, 85, 89
36
16, 34, 35, 15, 62, 80, 87, 82, 0, 19, 20, 55, 30, 33, 11, 60, 61, 69, 86, 51, 25, 53, 17, 49, 41, 56, 47, 54, 71, 7, 63, 75, 83, 90, 13, 48, 67, 77, 10, 18, 64, 22, 8, 26, 42, 27, 4, 59, 2, 14, 6, 9, 72, 21, 46, 81, 29, 37, 31, 57, 78, 32, 52, 58, 73, 36, 39, 76, 1, 38, 88, 3, 28, 40, 45, 23, 68, 5, 24, 50, 65, 84, 43, 70, 79, 12, 44, 66, 74, 85, 89
35
16, 34, 35, 15, 62, 80, 87, 82, 0, 19, 20, 55, 30, 33, 11, 60, 61, 69, 86, 51, 25, 53, 17, 49, 41, 56, 47, 54, 71, 7, 63, 75, 83, 90, 13, 48, 67, 77, 10, 18, 64, 22, 8, 26, 42, 27, 4, 59, 2, 14, 6, 9, 72, 21, 46, 81, 29, 37, 31, 57, 78, 32, 52, 58, 73, 36, 39, 76, 1, 38, 88, 3, 28, 40, 45, 23, 68, 5, 24, 50, 65, 84, 43, 70, 79, 12, 44, 66, 74, 85, 89
34
16, 34, 35, 15, 62, 80, 87, 82, 0, 19, 20, 55, 30, 33, 11, 60, 61, 69, 86, 51, 25, 53, 17, 49, 41, 56, 47, 54, 71, 7, 63, 75, 83, 90, 13, 48, 67, 77, 10, 18, 64, 22, 8, 26, 42, 27, 4, 59, 2, 14, 6, 9, 72, 21, 46, 81, 29, 37, 31, 57, 78, 32, 52, 58, 73, 36, 39, 76, 1, 38, 88, 3, 28, 40, 45, 23, 68, 5, 24, 50, 65, 84, 43, 70, 79, 12, 44, 66, 74, 85, 89
33
16, 34, 35, 15, 62, 80, 87, 82, 0, 19, 20, 55, 30, 33, 11, 60, 61, 69, 86, 51, 25, 53, 17, 49, 41, 56, 47, 54, 71, 7, 63, 75, 83, 90, 13, 48, 67, 77, 10, 18, 64, 22, 8, 26, 42, 27, 4, 59, 2, 14, 6, 9, 72, 21, 46, 81, 29, 37, 31, 57, 78, 32, 52, 58, 73, 36, 39, 76, 1, 38, 88, 3, 28, 40, 45, 23, 68, 5, 24, 50, 65, 84, 43, 70, 79, 12, 44, 66, 74, 85, 89
32
16, 34, 35, 15, 62, 80, 87, 82, 0, 19, 20, 55, 30, 33, 11, 60, 61, 69, 86, 51, 25, 53, 17, 49, 41, 56, 47, 54, 71, 7, 63, 75, 83, 90, 13, 48, 67, 77, 10, 18, 64, 22, 8, 26, 42, 27, 4, 59, 2, 14, 6, 9, 72, 21, 46, 81, 29, 37, 31, 57, 78, 32, 52, 58, 73, 36, 39, 76, 1, 38, 88, 3, 28, 40, 45, 23, 68, 5, 24, 50, 65, 84, 43, 70, 79, 12, 44, 66, 74, 85, 89
31
16, 34, 35, 15, 62, 80, 87, 82, 0, 19, 20, 55, 30, 33, 11, 60, 61, 69, 86, 51, 25, 53, 17, 49, 41, 56, 47, 54, 71, 7, 63, 75, 83, 90, 13, 48, 67, 77, 10, 18, 64, 22, 8, 26, 42, 27, 4, 59, 2, 14, 6, 9, 72, 21, 46, 81, 29, 37, 31, 57, 78, 32, 52, 58, 73, 36, 39, 76, 1, 38, 88, 3, 28, 40, 45, 23, 68, 5, 24, 50, 65, 84, 43, 70, 79, 12, 44, 66, 74, 85, 89
30
16, 34, 35, 15, 62, 80, 87, 82, 0, 19, 20, 55, 30, 33, 11, 60, 61, 69, 86, 51, 25, 53, 17, 49, 41, 56, 47, 54, 71, 7, 63, 75, 83, 90, 13, 48, 67, 77, 10, 18, 64, 22, 8, 26, 42, 27, 4, 59, 2, 14, 6, 9, 72, 21, 46, 81, 29, 37, 31, 57, 78, 32, 52, 58, 73, 36, 39, 76, 1, 38, 88, 3, 28, 40, 45, 23, 68, 5, 24, 50, 65, 84, 43, 70, 79, 12, 44, 66, 74, 85, 89
29
16, 34, 35, 15, 62, 80, 87, 82, 0, 19, 20, 55, 30, 33, 11, 60, 69, 71, 7, 63, 90, 83, 18, 27, 4, 14, 6, 21, 29, 57, 78, 58, 65, 24, 28, 40, 88, 50, 32, 25, 61, 56, 86, 51, 53, 41, 47, 17, 49, 54, 75, 59, 2, 81, 37, 48, 13, 67, 77, 10, 64, 22, 8, 26, 42, 9, 72, 46, 31, 52, 73, 36, 39, 76, 1, 38, 3, 45, 23, 68, 5, 84, 43, 70, 79, 12, 44, 66, 74, 85, 89
28
16, 34, 35, 15, 62, 80, 87, 82, 0, 19, 20, 11, 60, 71, 7, 63, 90, 18, 75, 76, 89, 3, 44, 12, 85, 79, 22, 39, 42, 27, 45, 23, 57, 29, 4, 59, 64, 31, 8, 9, 38, 28, 77, 78, 33, 55, 69, 14, 21, 58, 24, 65, 30, 6, 83, 40, 88, 50, 32, 25, 61, 56, 86, 51, 53, 41, 47, 17, 49, 54, 2, 81, 37, 48, 13, 67, 10, 26, 72, 46, 52, 73, 36, 1, 68, 5, 84, 43, 70, 66, 74
# [date -Iseconds] 2025-10-03T20:39:00+09:00
# [timeout] 124
