# [run] timeout 1h java -Xms1024g -Xmx1024g -Xss134m -cp ../src/pathwidth.jar Pathwidth ../benchmark_instances/2023result/docs/solver/benchmark/random_instance/random_instance008_graph001.col
# [date -Iseconds] 2025-10-04T00:39:01+09:00
../benchmark_instances/2023result/docs/solver/benchmark/random_instance/random_instance008_graph001.col
104
102, 4, 95, 15, 68, 8, 3, 78, 67, 7, 49, 51, 72, 20, 54, 81, 50, 56, 41, 96, 22, 62, 47, 77, 28, 35, 46, 40, 6, 14, 11, 31, 79, 17, 82, 13, 19, 21, 80, 55, 75, 16, 27, 43, 44, 48, 10, 26, 57, 0, 2, 58, 1, 63, 9, 74, 103, 12, 60, 66, 84, 23, 52, 18, 85, 24, 69, 25, 87, 32, 99, 33, 34, 83, 90, 5, 45, 92, 36, 42, 65, 94, 37, 59, 64, 100, 29, 39, 53, 61, 70, 71, 91, 93, 97, 30, 73, 86, 101, 38, 76, 88, 89, 98
103
102, 4, 95, 15, 68, 8, 3, 78, 67, 7, 49, 51, 72, 20, 54, 81, 50, 56, 41, 96, 22, 62, 47, 77, 28, 35, 46, 40, 6, 14, 11, 31, 79, 17, 82, 13, 19, 21, 80, 55, 75, 16, 27, 43, 44, 48, 10, 26, 57, 0, 2, 58, 1, 63, 9, 74, 103, 12, 60, 66, 84, 23, 52, 18, 85, 24, 69, 25, 87, 32, 99, 33, 34, 83, 90, 5, 45, 92, 36, 42, 65, 94, 37, 59, 64, 100, 29, 39, 53, 61, 70, 71, 91, 93, 97, 30, 73, 86, 101, 38, 76, 88, 89, 98
102
102, 4, 95, 15, 68, 8, 3, 78, 67, 7, 49, 51, 72, 20, 54, 81, 50, 56, 41, 96, 22, 62, 47, 77, 28, 35, 46, 40, 6, 14, 11, 31, 79, 17, 82, 13, 19, 21, 80, 55, 75, 16, 27, 43, 44, 48, 10, 26, 57, 0, 2, 58, 1, 63, 9, 74, 103, 12, 60, 66, 84, 23, 52, 18, 85, 24, 69, 25, 87, 32, 99, 33, 34, 83, 90, 5, 45, 92, 36, 42, 65, 94, 37, 59, 64, 100, 29, 39, 53, 61, 70, 71, 91, 93, 97, 30, 73, 86, 101, 38, 76, 88, 89, 98
101
102, 4, 95, 15, 68, 8, 3, 78, 67, 7, 49, 51, 72, 20, 54, 81, 50, 56, 41, 96, 22, 62, 47, 77, 28, 35, 46, 40, 6, 14, 11, 31, 79, 17, 82, 13, 19, 21, 80, 55, 75, 16, 27, 43, 44, 48, 10, 26, 57, 0, 2, 58, 1, 63, 9, 74, 103, 12, 60, 66, 84, 23, 52, 18, 85, 24, 69, 25, 87, 32, 99, 33, 34, 83, 90, 5, 45, 92, 36, 42, 65, 94, 37, 59, 64, 100, 29, 39, 53, 61, 70, 71, 91, 93, 97, 30, 73, 86, 101, 38, 76, 88, 89, 98
100
102, 4, 95, 15, 68, 8, 3, 78, 67, 7, 49, 51, 72, 20, 54, 81, 50, 56, 41, 96, 22, 62, 47, 77, 28, 35, 46, 40, 6, 14, 11, 31, 79, 17, 82, 13, 19, 21, 80, 55, 75, 16, 27, 43, 44, 48, 10, 26, 57, 0, 2, 58, 1, 63, 9, 74, 103, 12, 60, 66, 84, 23, 52, 18, 85, 24, 69, 25, 87, 32, 99, 33, 34, 83, 90, 5, 45, 92, 36, 42, 65, 94, 37, 59, 64, 100, 29, 39, 53, 61, 70, 71, 91, 93, 97, 30, 73, 86, 101, 38, 76, 88, 89, 98
99
102, 4, 95, 15, 68, 8, 3, 78, 67, 7, 49, 51, 72, 20, 54, 81, 50, 56, 41, 96, 22, 62, 47, 77, 28, 35, 46, 40, 6, 14, 11, 31, 79, 17, 82, 13, 19, 21, 80, 55, 75, 16, 27, 43, 44, 48, 10, 26, 57, 0, 2, 58, 1, 63, 9, 74, 103, 12, 60, 66, 84, 23, 52, 18, 85, 24, 69, 25, 87, 32, 99, 33, 34, 83, 90, 5, 45, 92, 36, 42, 65, 94, 37, 59, 64, 100, 29, 39, 53, 61, 70, 71, 91, 93, 97, 30, 73, 86, 101, 38, 76, 88, 89, 98
98
102, 4, 95, 15, 68, 8, 3, 78, 67, 7, 49, 51, 72, 20, 54, 81, 50, 56, 41, 96, 22, 62, 47, 77, 28, 35, 46, 40, 6, 14, 11, 31, 79, 17, 82, 13, 19, 21, 80, 55, 75, 16, 27, 43, 44, 48, 10, 26, 57, 0, 2, 58, 1, 63, 9, 74, 103, 12, 60, 66, 84, 23, 52, 18, 85, 24, 69, 25, 87, 32, 99, 33, 34, 83, 90, 5, 45, 92, 36, 42, 65, 94, 37, 59, 64, 100, 29, 39, 53, 61, 70, 71, 91, 93, 97, 30, 73, 86, 101, 38, 76, 88, 89, 98
97
102, 4, 95, 15, 68, 8, 3, 78, 67, 7, 49, 51, 72, 20, 54, 81, 50, 56, 41, 96, 22, 62, 47, 77, 28, 35, 46, 40, 6, 14, 11, 31, 79, 17, 82, 13, 19, 21, 80, 55, 75, 16, 27, 43, 44, 48, 10, 26, 57, 0, 2, 58, 1, 63, 9, 74, 103, 12, 60, 66, 84, 23, 52, 18, 85, 24, 69, 25, 87, 32, 99, 33, 34, 83, 90, 5, 45, 92, 36, 42, 65, 94, 37, 59, 64, 100, 29, 39, 53, 61, 70, 71, 91, 93, 97, 30, 73, 86, 101, 38, 76, 88, 89, 98
96
102, 4, 95, 15, 68, 8, 3, 78, 67, 7, 49, 51, 72, 20, 54, 81, 50, 56, 41, 96, 22, 62, 47, 77, 28, 35, 46, 40, 6, 14, 11, 31, 79, 17, 82, 13, 19, 21, 80, 55, 75, 16, 27, 43, 44, 48, 10, 26, 57, 0, 2, 58, 1, 63, 9, 74, 103, 12, 60, 66, 84, 23, 52, 18, 85, 24, 69, 25, 87, 32, 99, 33, 34, 83, 90, 5, 45, 92, 36, 42, 65, 94, 37, 59, 64, 100, 29, 39, 53, 61, 70, 71, 91, 93, 97, 30, 73, 86, 101, 38, 76, 88, 89, 98
95
102, 4, 95, 15, 68, 8, 3, 78, 67, 7, 49, 51, 72, 20, 54, 81, 50, 56, 41, 96, 22, 62, 47, 77, 28, 35, 46, 40, 6, 14, 11, 31, 79, 17, 82, 13, 19, 21, 80, 55, 75, 16, 27, 43, 44, 48, 10, 26, 57, 0, 2, 58, 1, 63, 9, 74, 103, 12, 60, 66, 84, 23, 52, 18, 85, 24, 69, 25, 87, 32, 99, 33, 34, 83, 90, 5, 45, 92, 36, 42, 65, 94, 37, 59, 64, 100, 29, 39, 53, 61, 70, 71, 91, 93, 97, 30, 73, 86, 101, 38, 76, 88, 89, 98
94
102, 4, 95, 15, 68, 8, 3, 78, 67, 7, 49, 51, 72, 20, 54, 81, 50, 56, 41, 96, 22, 62, 47, 77, 28, 35, 46, 40, 6, 14, 11, 31, 79, 17, 82, 13, 19, 21, 80, 55, 75, 16, 27, 43, 44, 48, 10, 26, 57, 0, 2, 58, 1, 63, 9, 74, 103, 12, 60, 66, 84, 23, 52, 18, 85, 24, 69, 25, 87, 32, 99, 33, 34, 83, 90, 5, 45, 92, 36, 42, 65, 94, 37, 59, 64, 100, 29, 39, 53, 61, 70, 71, 91, 93, 97, 30, 73, 86, 101, 38, 76, 88, 89, 98
93
102, 4, 95, 15, 68, 8, 3, 78, 67, 7, 49, 51, 72, 20, 54, 81, 50, 56, 41, 96, 22, 62, 47, 77, 28, 35, 46, 40, 6, 14, 11, 31, 79, 17, 82, 13, 19, 21, 80, 55, 75, 16, 27, 43, 44, 48, 10, 26, 57, 0, 2, 58, 1, 63, 9, 74, 103, 12, 60, 66, 84, 23, 52, 18, 85, 24, 69, 25, 87, 32, 99, 33, 34, 83, 90, 5, 45, 92, 36, 42, 65, 94, 37, 59, 64, 100, 29, 39, 53, 61, 70, 71, 91, 93, 97, 30, 73, 86, 101, 38, 76, 88, 89, 98
92
102, 4, 95, 15, 68, 8, 3, 78, 67, 7, 49, 51, 72, 20, 54, 81, 50, 56, 41, 96, 22, 62, 47, 77, 28, 35, 46, 40, 6, 14, 11, 31, 79, 17, 82, 13, 19, 21, 80, 55, 75, 16, 27, 43, 44, 48, 10, 26, 57, 0, 2, 58, 1, 63, 9, 74, 103, 12, 60, 66, 84, 23, 52, 18, 85, 24, 69, 25, 87, 32, 99, 33, 34, 83, 90, 5, 45, 92, 36, 42, 65, 94, 37, 59, 64, 100, 29, 39, 53, 61, 70, 71, 91, 93, 97, 30, 73, 86, 101, 38, 76, 88, 89, 98
91
102, 4, 95, 15, 68, 8, 3, 78, 67, 7, 49, 51, 72, 20, 54, 81, 50, 56, 41, 96, 22, 62, 47, 77, 28, 35, 46, 40, 6, 14, 11, 31, 79, 17, 82, 13, 19, 21, 80, 55, 75, 16, 27, 43, 44, 48, 10, 26, 57, 0, 2, 58, 1, 63, 9, 74, 103, 12, 60, 66, 84, 23, 52, 18, 85, 24, 69, 25, 87, 32, 99, 33, 34, 83, 90, 5, 45, 92, 36, 42, 65, 94, 37, 59, 64, 100, 29, 39, 53, 61, 70, 71, 91, 93, 97, 30, 73, 86, 101, 38, 76, 88, 89, 98
90
102, 4, 95, 15, 68, 8, 3, 78, 67, 7, 49, 51, 72, 20, 54, 81, 50, 56, 41, 96, 22, 62, 47, 77, 28, 35, 46, 40, 6, 14, 11, 31, 79, 17, 82, 13, 19, 21, 80, 55, 75, 16, 27, 43, 44, 48, 10, 26, 57, 0, 2, 58, 1, 63, 9, 74, 103, 12, 60, 66, 84, 23, 52, 18, 85, 24, 69, 25, 87, 32, 99, 33, 34, 83, 90, 5, 45, 92, 36, 42, 65, 94, 37, 59, 64, 100, 29, 39, 53, 61, 70, 71, 91, 93, 97, 30, 73, 86, 101, 38, 76, 88, 89, 98
89
102, 4, 95, 15, 68, 8, 3, 78, 67, 7, 49, 51, 72, 20, 54, 81, 50, 56, 41, 96, 22, 62, 47, 77, 28, 35, 46, 40, 6, 14, 11, 31, 79, 17, 82, 13, 19, 21, 80, 55, 75, 16, 27, 43, 44, 48, 10, 26, 57, 0, 2, 58, 1, 63, 9, 74, 103, 12, 60, 66, 84, 23, 52, 18, 85, 24, 69, 25, 87, 32, 99, 33, 34, 83, 90, 5, 45, 92, 36, 42, 65, 94, 37, 59, 64, 100, 29, 39, 53, 61, 70, 71, 91, 93, 97, 30, 73, 86, 101, 38, 76, 88, 89, 98
88
102, 4, 95, 15, 68, 8, 3, 78, 67, 7, 49, 51, 72, 20, 54, 81, 50, 56, 41, 96, 22, 62, 47, 77, 28, 35, 46, 40, 6, 14, 11, 31, 79, 17, 82, 13, 19, 21, 80, 55, 75, 16, 27, 43, 44, 48, 10, 26, 57, 0, 2, 58, 1, 63, 9, 74, 103, 12, 60, 66, 84, 23, 52, 18, 85, 24, 69, 25, 87, 32, 99, 33, 34, 83, 90, 5, 45, 92, 36, 42, 65, 94, 37, 59, 64, 100, 29, 39, 53, 61, 70, 71, 91, 93, 97, 30, 73, 86, 101, 38, 76, 88, 89, 98
87
102, 4, 95, 15, 68, 8, 3, 78, 67, 7, 49, 51, 72, 20, 54, 81, 50, 56, 41, 96, 22, 62, 47, 77, 28, 35, 46, 40, 6, 14, 11, 31, 79, 17, 82, 13, 19, 21, 80, 55, 75, 16, 27, 43, 44, 48, 10, 26, 57, 0, 2, 58, 1, 63, 9, 74, 103, 12, 60, 66, 84, 23, 52, 18, 85, 24, 69, 25, 87, 32, 99, 33, 34, 83, 90, 5, 45, 92, 36, 42, 65, 94, 37, 59, 64, 100, 29, 39, 53, 61, 70, 71, 91, 93, 97, 30, 73, 86, 101, 38, 76, 88, 89, 98
86
102, 4, 95, 15, 68, 8, 3, 78, 67, 7, 49, 51, 72, 20, 54, 81, 50, 56, 41, 96, 22, 62, 47, 77, 28, 35, 46, 40, 6, 14, 11, 31, 79, 17, 82, 13, 19, 21, 80, 55, 75, 16, 27, 43, 44, 48, 10, 26, 57, 0, 2, 58, 1, 63, 9, 74, 103, 12, 60, 66, 84, 23, 52, 18, 85, 24, 69, 25, 87, 32, 99, 33, 34, 83, 90, 5, 45, 92, 36, 42, 65, 94, 37, 59, 64, 100, 29, 39, 53, 61, 70, 71, 91, 93, 97, 30, 73, 86, 101, 38, 76, 88, 89, 98
85
102, 4, 95, 15, 68, 8, 3, 78, 67, 7, 49, 51, 72, 20, 54, 81, 50, 56, 41, 96, 22, 62, 47, 77, 28, 35, 46, 40, 6, 14, 11, 31, 79, 17, 82, 13, 19, 21, 80, 55, 75, 16, 27, 43, 44, 48, 10, 26, 57, 0, 2, 58, 1, 63, 9, 74, 103, 12, 60, 66, 84, 23, 52, 18, 85, 24, 69, 25, 87, 32, 99, 33, 34, 83, 90, 5, 45, 92, 36, 42, 65, 94, 37, 59, 64, 100, 29, 39, 53, 61, 70, 71, 91, 93, 97, 30, 73, 86, 101, 38, 76, 88, 89, 98
84
102, 4, 95, 15, 68, 8, 3, 78, 67, 7, 49, 51, 72, 20, 54, 81, 50, 56, 41, 96, 22, 62, 47, 77, 28, 35, 46, 40, 6, 14, 11, 31, 79, 17, 82, 13, 19, 21, 80, 55, 75, 16, 27, 43, 44, 48, 10, 26, 57, 0, 2, 58, 1, 63, 9, 74, 103, 12, 60, 66, 84, 23, 52, 18, 85, 24, 69, 25, 87, 32, 99, 33, 34, 83, 90, 5, 45, 92, 36, 42, 65, 94, 37, 59, 64, 100, 29, 39, 53, 61, 70, 71, 91, 93, 97, 30, 73, 86, 101, 38, 76, 88, 89, 98
83
102, 4, 95, 15, 68, 8, 3, 78, 67, 7, 49, 51, 72, 20, 54, 81, 50, 56, 41, 96, 22, 62, 47, 77, 28, 35, 46, 40, 6, 14, 11, 31, 79, 17, 82, 13, 19, 21, 80, 55, 75, 16, 27, 43, 44, 48, 10, 26, 57, 0, 2, 58, 1, 63, 9, 74, 103, 12, 60, 66, 84, 23, 52, 18, 85, 24, 69, 25, 87, 32, 99, 33, 34, 83, 90, 5, 45, 92, 36, 42, 65, 94, 37, 59, 64, 100, 29, 39, 53, 61, 70, 71, 91, 93, 97, 30, 73, 86, 101, 38, 76, 88, 89, 98
82
102, 4, 95, 15, 68, 8, 3, 78, 67, 7, 49, 51, 72, 20, 54, 81, 50, 56, 41, 96, 22, 62, 47, 77, 28, 35, 46, 40, 6, 14, 11, 31, 79, 17, 82, 13, 19, 21, 80, 55, 75, 16, 27, 43, 44, 48, 10, 26, 57, 0, 2, 58, 1, 63, 9, 74, 103, 12, 60, 66, 84, 23, 52, 18, 85, 24, 69, 25, 87, 32, 99, 33, 34, 83, 90, 5, 45, 92, 36, 42, 65, 94, 37, 59, 64, 100, 29, 39, 53, 61, 70, 71, 91, 93, 97, 30, 73, 86, 101, 38, 76, 88, 89, 98
81
102, 4, 95, 15, 68, 8, 3, 78, 67, 7, 49, 51, 72, 20, 54, 81, 50, 56, 41, 96, 22, 62, 47, 77, 28, 35, 46, 40, 6, 14, 11, 31, 79, 17, 82, 13, 19, 21, 80, 55, 75, 16, 27, 43, 44, 48, 10, 26, 57, 0, 2, 58, 1, 63, 9, 74, 103, 12, 60, 66, 84, 23, 52, 18, 85, 24, 69, 25, 87, 32, 99, 33, 34, 83, 90, 5, 45, 92, 36, 42, 65, 94, 37, 59, 64, 100, 29, 39, 53, 61, 70, 71, 91, 93, 97, 30, 73, 86, 101, 38, 76, 88, 89, 98
80
102, 4, 95, 15, 68, 8, 3, 78, 67, 7, 49, 51, 72, 20, 54, 81, 50, 56, 41, 96, 22, 62, 47, 77, 28, 35, 46, 40, 6, 14, 11, 31, 79, 17, 82, 13, 19, 21, 80, 55, 75, 16, 27, 43, 44, 48, 10, 26, 57, 0, 2, 58, 1, 63, 9, 74, 103, 12, 60, 66, 84, 23, 52, 18, 85, 24, 69, 25, 87, 32, 99, 33, 34, 83, 90, 5, 45, 92, 36, 42, 65, 94, 37, 59, 64, 100, 29, 39, 53, 61, 70, 71, 91, 93, 97, 30, 73, 86, 101, 38, 76, 88, 89, 98
79
102, 4, 95, 15, 68, 8, 3, 78, 67, 7, 49, 51, 72, 20, 54, 81, 50, 56, 41, 96, 22, 62, 47, 77, 28, 35, 46, 40, 6, 14, 11, 31, 79, 17, 82, 13, 19, 21, 80, 55, 75, 16, 27, 43, 44, 48, 10, 26, 57, 0, 2, 58, 1, 63, 9, 74, 103, 12, 60, 66, 84, 23, 52, 18, 85, 24, 69, 25, 87, 32, 99, 33, 34, 83, 90, 5, 45, 92, 36, 42, 65, 94, 37, 59, 64, 100, 29, 39, 53, 61, 70, 71, 91, 93, 97, 30, 73, 86, 101, 38, 76, 88, 89, 98
78
102, 4, 95, 15, 68, 8, 3, 78, 67, 7, 49, 51, 72, 20, 54, 81, 50, 56, 41, 96, 22, 62, 47, 77, 28, 35, 46, 40, 6, 14, 11, 31, 79, 17, 82, 13, 19, 21, 80, 55, 75, 16, 27, 43, 44, 48, 10, 26, 57, 0, 2, 58, 1, 63, 9, 74, 103, 12, 60, 66, 84, 23, 52, 18, 85, 24, 69, 25, 87, 32, 99, 33, 34, 83, 90, 5, 45, 92, 36, 42, 65, 94, 37, 59, 64, 100, 29, 39, 53, 61, 70, 71, 91, 93, 97, 30, 73, 86, 101, 38, 76, 88, 89, 98
77
102, 4, 95, 15, 68, 8, 3, 78, 67, 7, 49, 51, 72, 20, 54, 81, 50, 56, 41, 96, 22, 62, 47, 77, 28, 35, 46, 40, 6, 14, 11, 31, 79, 17, 82, 13, 19, 21, 80, 55, 75, 16, 27, 43, 44, 48, 10, 26, 57, 0, 2, 58, 1, 63, 9, 74, 103, 12, 60, 66, 84, 23, 52, 18, 85, 24, 69, 25, 87, 32, 99, 33, 34, 83, 90, 5, 45, 92, 36, 42, 65, 94, 37, 59, 64, 100, 29, 39, 53, 61, 70, 71, 91, 93, 97, 30, 73, 86, 101, 38, 76, 88, 89, 98
76
102, 4, 95, 15, 68, 8, 3, 78, 67, 7, 49, 51, 72, 20, 54, 81, 50, 56, 41, 96, 22, 62, 47, 77, 28, 35, 46, 40, 6, 14, 11, 31, 79, 17, 82, 13, 19, 21, 80, 55, 75, 16, 27, 43, 44, 48, 10, 26, 57, 0, 2, 58, 1, 63, 9, 74, 103, 12, 60, 66, 84, 23, 52, 18, 85, 24, 69, 25, 87, 32, 99, 33, 34, 83, 90, 5, 45, 92, 36, 42, 65, 94, 37, 59, 64, 100, 29, 39, 53, 61, 70, 71, 91, 93, 97, 30, 73, 86, 101, 38, 76, 88, 89, 98
75
102, 4, 95, 15, 68, 8, 3, 78, 67, 7, 49, 51, 72, 20, 54, 81, 50, 56, 41, 96, 22, 62, 47, 77, 28, 35, 46, 40, 6, 14, 11, 31, 79, 17, 82, 13, 19, 21, 80, 55, 75, 16, 27, 43, 44, 48, 10, 26, 57, 0, 2, 58, 1, 63, 9, 74, 103, 12, 60, 66, 84, 23, 52, 18, 85, 24, 69, 25, 87, 32, 99, 33, 34, 83, 90, 5, 45, 92, 36, 42, 65, 94, 37, 59, 64, 100, 29, 39, 53, 61, 70, 71, 91, 93, 97, 30, 73, 86, 101, 38, 76, 88, 89, 98
74
102, 4, 95, 15, 68, 8, 3, 78, 67, 7, 49, 51, 72, 20, 54, 81, 50, 56, 41, 96, 22, 62, 47, 77, 28, 35, 46, 40, 6, 14, 11, 31, 79, 17, 82, 13, 19, 21, 80, 55, 75, 16, 27, 43, 44, 48, 10, 26, 57, 0, 2, 58, 1, 63, 9, 74, 103, 12, 60, 66, 84, 23, 52, 18, 85, 24, 69, 25, 87, 32, 99, 33, 34, 83, 90, 5, 45, 92, 36, 42, 65, 94, 37, 59, 64, 100, 29, 39, 53, 61, 70, 71, 91, 93, 97, 30, 73, 86, 101, 38, 76, 88, 89, 98
73
102, 4, 95, 15, 68, 8, 3, 78, 67, 7, 49, 51, 72, 20, 54, 81, 50, 56, 41, 96, 22, 62, 47, 77, 28, 35, 46, 40, 6, 14, 11, 31, 79, 17, 82, 13, 19, 21, 80, 55, 75, 16, 27, 43, 44, 48, 10, 26, 57, 0, 2, 58, 1, 63, 9, 74, 103, 12, 60, 66, 84, 23, 52, 18, 85, 24, 69, 25, 87, 32, 99, 33, 34, 83, 90, 5, 45, 92, 36, 42, 65, 94, 37, 59, 64, 100, 29, 39, 53, 61, 70, 71, 91, 93, 97, 30, 73, 86, 101, 38, 76, 88, 89, 98
72
102, 4, 95, 15, 68, 8, 3, 78, 67, 7, 49, 51, 72, 20, 54, 81, 50, 56, 41, 96, 22, 62, 47, 77, 28, 35, 46, 40, 6, 14, 11, 31, 79, 17, 82, 13, 19, 21, 80, 55, 75, 16, 27, 43, 44, 48, 10, 26, 57, 0, 2, 58, 1, 63, 9, 74, 103, 12, 60, 66, 84, 23, 52, 18, 85, 24, 69, 25, 87, 32, 99, 33, 34, 83, 90, 5, 45, 92, 36, 42, 65, 94, 37, 59, 64, 100, 29, 39, 53, 61, 70, 71, 91, 93, 97, 30, 73, 86, 101, 38, 76, 88, 89, 98
71
102, 4, 95, 15, 68, 8, 3, 78, 67, 7, 49, 51, 72, 20, 54, 81, 50, 56, 41, 96, 22, 62, 47, 77, 28, 35, 46, 40, 6, 14, 11, 31, 79, 17, 82, 13, 19, 21, 80, 55, 75, 16, 27, 43, 44, 48, 10, 26, 57, 0, 2, 58, 1, 63, 9, 74, 103, 12, 60, 66, 84, 23, 52, 18, 85, 24, 69, 25, 87, 32, 99, 33, 34, 83, 90, 5, 45, 92, 36, 42, 65, 94, 37, 59, 64, 100, 29, 39, 53, 61, 70, 71, 91, 93, 97, 30, 73, 86, 101, 38, 76, 88, 89, 98
70
102, 4, 95, 15, 68, 8, 3, 78, 67, 7, 49, 51, 72, 20, 54, 81, 50, 56, 41, 96, 22, 62, 47, 77, 28, 35, 46, 40, 6, 14, 11, 31, 79, 17, 82, 13, 19, 21, 80, 55, 75, 16, 27, 43, 44, 48, 10, 26, 57, 0, 2, 58, 1, 63, 9, 74, 103, 12, 60, 66, 84, 23, 52, 18, 85, 24, 69, 25, 87, 32, 99, 33, 34, 83, 90, 5, 45, 92, 36, 42, 65, 94, 37, 59, 64, 100, 29, 39, 53, 61, 70, 71, 91, 93, 97, 30, 73, 86, 101, 38, 76, 88, 89, 98
69
102, 4, 95, 15, 68, 8, 3, 78, 67, 7, 49, 51, 72, 20, 54, 81, 50, 56, 41, 96, 22, 62, 47, 77, 28, 35, 46, 40, 6, 14, 11, 31, 79, 17, 82, 13, 19, 21, 80, 55, 75, 16, 27, 43, 44, 48, 10, 26, 57, 0, 2, 58, 1, 63, 9, 74, 103, 12, 60, 66, 84, 23, 52, 18, 85, 24, 69, 25, 87, 32, 99, 33, 34, 83, 90, 5, 45, 92, 36, 42, 65, 94, 37, 59, 64, 100, 29, 39, 53, 61, 70, 71, 91, 93, 97, 30, 73, 86, 101, 38, 76, 88, 89, 98
68
102, 4, 95, 15, 68, 8, 3, 78, 67, 7, 49, 51, 72, 20, 54, 81, 50, 56, 41, 96, 22, 62, 47, 77, 28, 35, 46, 40, 6, 14, 11, 31, 79, 17, 82, 13, 19, 21, 80, 55, 75, 16, 27, 43, 44, 48, 10, 26, 57, 0, 2, 58, 1, 63, 9, 74, 103, 12, 60, 66, 84, 23, 52, 18, 85, 24, 69, 25, 87, 32, 99, 33, 34, 83, 90, 5, 45, 92, 36, 42, 65, 94, 37, 59, 64, 100, 29, 39, 53, 61, 70, 71, 91, 93, 97, 30, 73, 86, 101, 38, 76, 88, 89, 98
67
102, 4, 95, 15, 68, 8, 3, 78, 67, 7, 49, 51, 72, 20, 54, 81, 50, 56, 41, 96, 22, 62, 47, 77, 28, 35, 46, 40, 6, 14, 11, 31, 79, 17, 82, 13, 19, 21, 80, 55, 75, 16, 27, 43, 44, 48, 10, 26, 57, 0, 2, 58, 1, 63, 9, 74, 103, 12, 60, 66, 84, 23, 52, 18, 85, 24, 69, 25, 87, 32, 99, 33, 34, 83, 90, 5, 45, 92, 36, 42, 65, 94, 37, 59, 64, 100, 29, 39, 53, 61, 70, 71, 91, 93, 97, 30, 73, 86, 101, 38, 76, 88, 89, 98
66
102, 4, 95, 15, 68, 8, 3, 78, 67, 7, 49, 51, 72, 20, 54, 81, 50, 56, 41, 96, 22, 62, 47, 77, 28, 35, 46, 40, 6, 14, 11, 31, 79, 17, 82, 13, 19, 21, 80, 55, 75, 16, 27, 43, 44, 48, 10, 26, 57, 0, 2, 58, 1, 63, 9, 74, 103, 12, 60, 66, 84, 23, 52, 18, 85, 24, 69, 25, 87, 32, 99, 33, 34, 83, 90, 5, 45, 92, 36, 42, 65, 94, 37, 59, 64, 100, 29, 39, 53, 61, 70, 71, 91, 93, 97, 30, 73, 86, 101, 38, 76, 88, 89, 98
65
102, 4, 95, 15, 68, 8, 3, 78, 67, 7, 49, 51, 72, 20, 54, 81, 50, 56, 41, 96, 22, 62, 47, 77, 28, 35, 46, 40, 6, 14, 11, 31, 79, 17, 82, 13, 19, 21, 80, 55, 75, 16, 27, 43, 44, 48, 10, 26, 57, 0, 2, 58, 1, 63, 9, 74, 103, 12, 60, 66, 84, 23, 52, 18, 85, 24, 69, 25, 87, 32, 99, 33, 34, 83, 90, 5, 45, 92, 36, 42, 65, 94, 37, 59, 64, 100, 29, 39, 53, 61, 70, 71, 91, 93, 97, 30, 73, 86, 101, 38, 76, 88, 89, 98
64
102, 4, 95, 15, 68, 8, 3, 78, 67, 7, 49, 51, 72, 20, 54, 81, 50, 56, 41, 96, 22, 62, 47, 77, 28, 35, 46, 40, 6, 14, 11, 31, 79, 17, 82, 13, 19, 21, 80, 55, 75, 16, 27, 43, 44, 48, 10, 26, 57, 0, 2, 58, 1, 63, 9, 74, 103, 12, 60, 66, 84, 23, 52, 18, 85, 24, 69, 25, 87, 32, 99, 33, 34, 83, 90, 5, 45, 92, 36, 42, 65, 94, 37, 59, 64, 100, 29, 39, 53, 61, 70, 71, 91, 93, 97, 30, 73, 86, 101, 38, 76, 88, 89, 98
63
102, 4, 95, 15, 68, 8, 3, 78, 67, 7, 49, 51, 72, 20, 54, 81, 50, 56, 41, 96, 22, 62, 47, 77, 28, 35, 46, 40, 6, 14, 11, 31, 79, 17, 82, 13, 19, 21, 80, 55, 75, 16, 27, 43, 44, 48, 10, 26, 57, 0, 2, 58, 1, 63, 9, 74, 103, 12, 60, 66, 84, 23, 52, 18, 85, 24, 69, 25, 87, 32, 99, 33, 34, 83, 90, 5, 45, 92, 36, 42, 65, 94, 37, 59, 64, 100, 29, 39, 53, 61, 70, 71, 91, 93, 97, 30, 73, 86, 101, 38, 76, 88, 89, 98
62
102, 4, 95, 15, 68, 8, 3, 78, 67, 7, 49, 51, 72, 20, 54, 81, 50, 56, 41, 96, 22, 62, 47, 77, 28, 35, 46, 40, 6, 14, 11, 31, 79, 17, 82, 13, 19, 21, 80, 55, 75, 16, 27, 43, 44, 48, 10, 26, 57, 0, 2, 58, 1, 63, 9, 74, 103, 12, 60, 66, 84, 23, 52, 18, 85, 24, 69, 25, 87, 32, 99, 33, 34, 83, 90, 5, 45, 92, 36, 42, 65, 94, 37, 59, 64, 100, 29, 39, 53, 61, 70, 71, 91, 93, 97, 30, 73, 86, 101, 38, 76, 88, 89, 98
61
102, 4, 95, 15, 68, 8, 3, 78, 67, 7, 49, 51, 72, 20, 54, 81, 50, 56, 41, 96, 22, 62, 47, 77, 28, 35, 46, 40, 6, 14, 11, 31, 79, 17, 82, 13, 19, 21, 80, 55, 75, 16, 27, 43, 44, 48, 10, 26, 57, 0, 2, 58, 1, 63, 9, 74, 103, 12, 60, 66, 84, 23, 52, 18, 85, 24, 69, 25, 87, 32, 99, 33, 34, 83, 90, 5, 45, 92, 36, 42, 65, 94, 37, 59, 64, 100, 29, 39, 53, 61, 70, 71, 91, 93, 97, 30, 73, 86, 101, 38, 76, 88, 89, 98
60
102, 4, 95, 15, 68, 8, 3, 78, 67, 7, 49, 51, 72, 20, 54, 81, 50, 56, 41, 96, 22, 62, 47, 77, 28, 35, 46, 40, 6, 14, 11, 31, 79, 17, 82, 13, 19, 21, 80, 55, 75, 16, 27, 43, 44, 48, 10, 26, 57, 0, 2, 58, 1, 63, 9, 74, 103, 12, 60, 66, 84, 23, 52, 18, 85, 24, 69, 25, 87, 32, 99, 33, 34, 83, 90, 5, 45, 92, 36, 42, 65, 94, 37, 59, 64, 100, 29, 39, 53, 61, 70, 71, 91, 93, 97, 30, 73, 86, 101, 38, 76, 88, 89, 98
59
102, 4, 95, 15, 68, 8, 3, 78, 67, 7, 49, 51, 72, 20, 54, 81, 50, 56, 41, 96, 22, 62, 47, 77, 28, 35, 46, 40, 6, 14, 11, 31, 79, 17, 82, 13, 19, 21, 80, 55, 75, 16, 27, 43, 44, 48, 10, 26, 57, 0, 2, 58, 1, 63, 9, 74, 103, 12, 60, 66, 84, 23, 52, 18, 85, 24, 69, 25, 87, 32, 99, 33, 34, 83, 90, 5, 45, 92, 36, 42, 65, 94, 37, 59, 64, 100, 29, 39, 53, 61, 70, 71, 91, 93, 97, 30, 73, 86, 101, 38, 76, 88, 89, 98
58
102, 4, 95, 15, 68, 8, 3, 78, 67, 7, 49, 51, 72, 20, 54, 81, 50, 56, 41, 96, 22, 62, 47, 77, 28, 35, 46, 40, 6, 14, 11, 31, 79, 17, 82, 13, 19, 21, 80, 55, 75, 16, 27, 43, 44, 48, 10, 26, 57, 0, 2, 58, 1, 63, 9, 74, 103, 12, 60, 66, 84, 23, 52, 18, 85, 24, 69, 25, 87, 32, 99, 33, 34, 83, 90, 5, 45, 92, 36, 42, 65, 94, 37, 59, 64, 100, 29, 39, 53, 61, 70, 71, 91, 93, 97, 30, 73, 86, 101, 38, 76, 88, 89, 98
57
102, 4, 95, 15, 68, 8, 3, 78, 67, 7, 49, 51, 72, 20, 54, 81, 50, 56, 41, 96, 22, 62, 47, 77, 28, 35, 46, 40, 6, 14, 11, 31, 79, 17, 82, 13, 19, 21, 80, 55, 75, 16, 27, 43, 44, 48, 10, 26, 57, 0, 2, 58, 1, 63, 9, 74, 103, 12, 60, 66, 84, 23, 52, 18, 85, 24, 69, 25, 87, 32, 99, 33, 34, 83, 90, 5, 45, 92, 36, 42, 65, 94, 37, 59, 64, 100, 29, 39, 53, 61, 70, 71, 91, 93, 97, 30, 73, 86, 101, 38, 76, 88, 89, 98
56
102, 4, 95, 15, 68, 8, 3, 78, 67, 7, 49, 51, 72, 20, 54, 81, 50, 56, 41, 96, 22, 62, 47, 77, 28, 35, 46, 40, 6, 14, 11, 31, 79, 17, 82, 13, 19, 21, 80, 55, 75, 16, 27, 43, 44, 48, 10, 26, 57, 0, 2, 58, 1, 63, 9, 74, 103, 12, 60, 66, 84, 23, 52, 18, 85, 24, 69, 25, 87, 32, 99, 33, 34, 83, 90, 5, 45, 92, 36, 42, 65, 94, 37, 59, 64, 100, 29, 39, 53, 61, 70, 71, 91, 93, 97, 30, 73, 86, 101, 38, 76, 88, 89, 98
55
102, 4, 95, 15, 68, 8, 3, 78, 67, 7, 49, 51, 72, 20, 54, 81, 50, 56, 41, 96, 22, 62, 47, 77, 28, 35, 46, 40, 6, 14, 11, 31, 79, 17, 82, 13, 19, 21, 80, 55, 75, 16, 27, 43, 44, 48, 10, 26, 57, 0, 2, 58, 1, 63, 9, 74, 103, 12, 60, 66, 84, 23, 52, 18, 85, 24, 69, 25, 87, 32, 99, 33, 34, 83, 90, 5, 45, 92, 36, 42, 65, 94, 37, 59, 64, 100, 29, 39, 53, 61, 70, 71, 91, 93, 97, 30, 73, 86, 101, 38, 76, 88, 89, 98
54
102, 4, 95, 15, 68, 8, 3, 78, 67, 7, 49, 51, 72, 20, 54, 81, 50, 56, 41, 96, 22, 62, 47, 77, 28, 35, 46, 40, 6, 14, 11, 31, 79, 17, 82, 13, 19, 21, 80, 55, 75, 16, 27, 43, 44, 48, 10, 26, 57, 0, 2, 58, 1, 63, 9, 74, 103, 12, 60, 66, 84, 23, 52, 18, 85, 24, 69, 25, 87, 32, 99, 33, 34, 83, 90, 5, 45, 92, 36, 42, 65, 94, 37, 59, 64, 100, 29, 39, 53, 61, 70, 71, 91, 93, 97, 30, 73, 86, 101, 38, 76, 88, 89, 98
53
102, 4, 95, 15, 68, 8, 3, 78, 67, 7, 49, 51, 72, 20, 54, 81, 50, 56, 41, 96, 22, 62, 47, 77, 28, 35, 46, 40, 6, 14, 11, 31, 79, 17, 82, 13, 19, 21, 80, 55, 75, 16, 27, 43, 44, 48, 10, 26, 57, 0, 2, 58, 1, 63, 9, 74, 103, 12, 60, 66, 84, 23, 52, 18, 85, 24, 69, 25, 87, 32, 99, 33, 34, 83, 90, 5, 45, 92, 36, 42, 65, 94, 37, 59, 64, 100, 29, 39, 53, 61, 70, 71, 91, 93, 97, 30, 73, 86, 101, 38, 76, 88, 89, 98
52
102, 4, 95, 15, 68, 8, 3, 78, 67, 7, 49, 51, 72, 20, 54, 81, 50, 56, 41, 96, 22, 62, 47, 77, 28, 35, 46, 40, 6, 14, 11, 31, 79, 17, 82, 13, 19, 21, 80, 55, 75, 16, 27, 43, 44, 48, 10, 26, 57, 0, 2, 58, 1, 63, 9, 74, 103, 12, 60, 66, 84, 23, 52, 18, 85, 24, 69, 25, 87, 32, 99, 33, 34, 83, 90, 5, 45, 92, 36, 42, 65, 94, 37, 59, 64, 100, 29, 39, 53, 61, 70, 71, 91, 93, 97, 30, 73, 86, 101, 38, 76, 88, 89, 98
51
102, 4, 95, 15, 68, 8, 3, 78, 67, 7, 49, 51, 72, 20, 54, 81, 50, 56, 41, 96, 22, 62, 47, 77, 28, 35, 46, 40, 6, 14, 11, 31, 79, 17, 82, 13, 19, 21, 80, 55, 75, 16, 27, 43, 44, 48, 10, 26, 57, 0, 2, 58, 1, 63, 9, 74, 103, 12, 60, 66, 84, 23, 52, 18, 85, 24, 69, 25, 87, 32, 99, 33, 34, 83, 90, 5, 45, 92, 36, 42, 65, 94, 37, 59, 64, 100, 29, 39, 53, 61, 70, 71, 91, 93, 97, 30, 73, 86, 101, 38, 76, 88, 89, 98
50
102, 4, 95, 15, 68, 8, 3, 78, 67, 7, 49, 51, 72, 20, 54, 81, 50, 56, 41, 96, 22, 62, 47, 77, 28, 35, 46, 40, 6, 14, 11, 31, 79, 17, 82, 13, 19, 21, 80, 55, 75, 16, 27, 43, 44, 48, 10, 26, 57, 0, 2, 58, 1, 63, 9, 74, 103, 12, 60, 66, 84, 23, 52, 18, 85, 24, 69, 25, 87, 32, 99, 33, 34, 83, 90, 5, 45, 92, 36, 42, 65, 94, 37, 59, 64, 100, 29, 39, 53, 61, 70, 71, 91, 93, 97, 30, 73, 86, 101, 38, 76, 88, 89, 98
49
102, 4, 95, 15, 68, 8, 3, 78, 67, 7, 49, 51, 72, 20, 54, 81, 50, 56, 41, 96, 22, 62, 47, 77, 28, 35, 46, 40, 6, 14, 11, 31, 79, 17, 82, 13, 19, 21, 80, 55, 75, 16, 27, 43, 44, 48, 10, 26, 57, 0, 2, 58, 1, 63, 9, 74, 103, 12, 60, 66, 84, 23, 52, 18, 85, 24, 69, 25, 87, 32, 99, 33, 34, 83, 90, 5, 45, 92, 36, 42, 65, 94, 37, 59, 64, 100, 29, 39, 53, 61, 70, 71, 91, 93, 97, 30, 73, 86, 101, 38, 76, 88, 89, 98
48
102, 4, 95, 15, 68, 8, 3, 78, 67, 7, 49, 51, 72, 20, 54, 81, 50, 56, 41, 96, 22, 62, 47, 77, 28, 35, 46, 40, 6, 14, 11, 31, 79, 17, 82, 13, 19, 21, 80, 55, 75, 16, 27, 43, 44, 48, 10, 26, 57, 0, 2, 58, 1, 63, 9, 74, 103, 12, 60, 66, 84, 23, 52, 18, 85, 24, 69, 25, 87, 32, 99, 33, 34, 83, 90, 5, 45, 92, 36, 42, 65, 94, 37, 59, 64, 100, 29, 39, 53, 61, 70, 71, 91, 93, 97, 30, 73, 86, 101, 38, 76, 88, 89, 98
47
102, 4, 95, 15, 68, 8, 3, 78, 67, 7, 49, 51, 72, 20, 54, 81, 50, 56, 41, 96, 22, 62, 47, 77, 28, 35, 46, 40, 6, 14, 11, 31, 79, 17, 82, 13, 19, 21, 80, 55, 75, 16, 27, 43, 44, 48, 10, 26, 57, 0, 2, 58, 1, 63, 9, 74, 103, 12, 60, 66, 84, 23, 52, 18, 85, 24, 69, 25, 87, 32, 99, 33, 34, 83, 90, 5, 45, 92, 36, 42, 65, 94, 37, 59, 64, 100, 29, 39, 53, 61, 70, 71, 91, 93, 97, 30, 73, 86, 101, 38, 76, 88, 89, 98
46
102, 4, 95, 15, 68, 8, 3, 78, 67, 7, 49, 51, 72, 20, 54, 81, 50, 56, 41, 96, 22, 62, 47, 77, 28, 35, 46, 40, 6, 14, 11, 31, 79, 17, 82, 13, 19, 21, 80, 55, 75, 16, 27, 43, 44, 48, 10, 26, 57, 0, 2, 58, 1, 63, 9, 74, 103, 12, 60, 66, 84, 23, 52, 18, 85, 24, 69, 25, 87, 32, 99, 33, 34, 83, 90, 5, 45, 92, 36, 42, 65, 94, 37, 59, 64, 100, 29, 39, 53, 61, 70, 71, 91, 93, 97, 30, 73, 86, 101, 38, 76, 88, 89, 98
45
102, 4, 95, 15, 68, 8, 3, 78, 67, 7, 49, 51, 72, 20, 54, 81, 50, 56, 41, 96, 22, 62, 47, 77, 28, 35, 46, 40, 6, 14, 11, 31, 79, 17, 82, 13, 19, 21, 80, 55, 75, 16, 27, 43, 44, 48, 10, 26, 57, 0, 2, 58, 1, 63, 9, 74, 103, 12, 60, 66, 84, 23, 52, 18, 85, 24, 69, 25, 87, 32, 99, 33, 34, 83, 90, 5, 45, 92, 36, 42, 65, 94, 37, 59, 64, 100, 29, 39, 53, 61, 70, 71, 91, 93, 97, 30, 73, 86, 101, 38, 76, 88, 89, 98
44
102, 4, 95, 15, 68, 8, 3, 78, 67, 7, 49, 51, 72, 20, 54, 81, 50, 56, 41, 96, 22, 62, 47, 77, 28, 35, 46, 40, 6, 14, 11, 31, 79, 17, 82, 13, 19, 21, 80, 55, 75, 16, 27, 43, 44, 48, 10, 26, 57, 0, 2, 58, 1, 63, 9, 74, 103, 12, 60, 66, 84, 23, 52, 18, 85, 24, 69, 25, 87, 32, 99, 33, 34, 83, 90, 5, 45, 92, 36, 42, 65, 94, 37, 59, 64, 100, 29, 39, 53, 61, 70, 71, 91, 93, 97, 30, 73, 86, 101, 38, 76, 88, 89, 98
43
102, 4, 95, 15, 68, 8, 3, 78, 67, 7, 49, 51, 72, 20, 54, 81, 50, 56, 41, 96, 22, 62, 47, 77, 28, 35, 46, 40, 6, 14, 11, 31, 79, 17, 82, 13, 19, 21, 80, 55, 75, 16, 27, 43, 44, 48, 10, 26, 57, 0, 2, 58, 1, 63, 9, 74, 103, 12, 60, 66, 84, 23, 52, 18, 85, 24, 69, 25, 87, 32, 99, 33, 34, 83, 90, 5, 45, 92, 36, 42, 65, 94, 37, 59, 64, 100, 29, 39, 53, 61, 70, 71, 91, 93, 97, 30, 73, 86, 101, 38, 76, 88, 89, 98
42
102, 4, 95, 15, 68, 8, 3, 78, 67, 7, 49, 51, 72, 20, 54, 81, 50, 56, 41, 96, 22, 62, 47, 77, 28, 35, 46, 40, 6, 14, 11, 31, 79, 17, 82, 13, 19, 21, 80, 55, 75, 16, 27, 43, 44, 48, 10, 26, 57, 0, 2, 58, 1, 63, 9, 74, 103, 12, 60, 66, 84, 23, 52, 18, 85, 24, 69, 25, 87, 32, 99, 33, 34, 83, 90, 5, 45, 92, 36, 42, 65, 94, 37, 59, 64, 100, 29, 39, 53, 61, 70, 71, 91, 93, 97, 30, 73, 86, 101, 38, 76, 88, 89, 98
41
102, 4, 95, 15, 68, 8, 3, 78, 67, 7, 49, 51, 72, 20, 54, 81, 50, 56, 41, 96, 22, 62, 47, 77, 28, 35, 46, 40, 6, 14, 11, 31, 79, 17, 82, 13, 19, 21, 80, 55, 75, 16, 27, 43, 44, 48, 10, 26, 57, 0, 2, 58, 1, 63, 9, 74, 103, 12, 60, 66, 84, 23, 52, 18, 85, 24, 69, 25, 87, 32, 99, 33, 34, 83, 90, 5, 45, 92, 36, 42, 65, 94, 37, 59, 64, 100, 29, 39, 53, 61, 70, 71, 91, 93, 97, 30, 73, 86, 101, 38, 76, 88, 89, 98
40
102, 4, 95, 15, 68, 8, 3, 78, 67, 7, 49, 51, 72, 20, 54, 81, 50, 56, 41, 96, 22, 62, 47, 77, 28, 35, 46, 40, 6, 14, 11, 31, 79, 17, 82, 13, 19, 21, 80, 55, 75, 16, 27, 43, 44, 48, 10, 26, 57, 0, 2, 58, 1, 63, 9, 74, 103, 12, 60, 66, 84, 23, 52, 18, 85, 24, 69, 25, 87, 32, 99, 33, 34, 83, 90, 5, 45, 92, 36, 42, 65, 94, 37, 59, 64, 100, 29, 39, 53, 61, 70, 71, 91, 93, 97, 30, 73, 86, 101, 38, 76, 88, 89, 98
39
102, 4, 95, 15, 68, 8, 3, 78, 67, 7, 49, 51, 72, 20, 54, 81, 50, 56, 41, 96, 22, 62, 47, 77, 28, 35, 46, 40, 6, 14, 11, 31, 79, 17, 82, 13, 19, 21, 80, 55, 75, 16, 27, 43, 44, 48, 10, 26, 57, 0, 2, 58, 1, 63, 9, 74, 103, 12, 60, 66, 84, 23, 52, 18, 85, 24, 69, 25, 87, 32, 99, 33, 34, 83, 90, 5, 45, 92, 36, 42, 65, 94, 37, 59, 64, 100, 29, 39, 53, 61, 70, 71, 91, 93, 97, 30, 73, 86, 101, 38, 76, 88, 89, 98
38
102, 4, 95, 15, 68, 8, 3, 78, 67, 7, 49, 51, 72, 20, 54, 81, 50, 56, 41, 96, 22, 62, 47, 77, 28, 35, 46, 40, 6, 14, 11, 31, 79, 17, 82, 13, 19, 21, 80, 55, 75, 16, 27, 43, 44, 48, 10, 26, 57, 0, 2, 58, 1, 63, 9, 74, 103, 12, 60, 66, 84, 23, 52, 18, 85, 24, 69, 25, 87, 32, 99, 33, 34, 83, 90, 5, 45, 92, 36, 42, 65, 94, 37, 59, 64, 100, 29, 39, 53, 61, 70, 71, 91, 93, 97, 30, 73, 86, 101, 38, 76, 88, 89, 98
37
102, 4, 95, 15, 68, 8, 3, 78, 67, 7, 49, 51, 72, 20, 54, 81, 50, 56, 41, 96, 22, 62, 47, 77, 28, 35, 46, 40, 6, 14, 11, 31, 79, 17, 82, 13, 44, 48, 10, 58, 63, 103, 74, 24, 69, 43, 27, 16, 75, 26, 0, 57, 19, 21, 80, 55, 2, 1, 9, 12, 60, 66, 84, 23, 52, 18, 85, 25, 87, 32, 99, 33, 34, 83, 90, 5, 45, 92, 36, 42, 65, 94, 37, 59, 64, 100, 29, 39, 53, 61, 70, 71, 91, 93, 97, 30, 73, 86, 101, 38, 76, 88, 89, 98
36
102, 4, 95, 15, 68, 8, 3, 78, 67, 7, 49, 51, 72, 20, 54, 81, 50, 56, 41, 96, 22, 62, 47, 77, 28, 35, 46, 40, 6, 14, 11, 31, 79, 17, 82, 44, 48, 10, 58, 63, 103, 87, 25, 80, 55, 43, 69, 24, 74, 13, 27, 16, 75, 26, 0, 57, 19, 21, 2, 1, 9, 12, 60, 66, 84, 23, 52, 18, 85, 32, 99, 33, 34, 83, 90, 5, 45, 92, 36, 42, 65, 94, 37, 59, 64, 100, 29, 39, 53, 61, 70, 71, 91, 93, 97, 30, 73, 86, 101, 38, 76, 88, 89, 98
35
102, 4, 95, 15, 68, 8, 3, 78, 67, 7, 49, 51, 72, 20, 54, 81, 50, 56, 41, 96, 22, 62, 47, 77, 28, 35, 46, 40, 6, 14, 11, 31, 79, 44, 48, 103, 87, 25, 80, 55, 43, 69, 24, 74, 27, 16, 75, 0, 57, 9, 63, 2, 17, 82, 10, 58, 13, 26, 19, 21, 1, 12, 60, 66, 84, 23, 52, 18, 85, 32, 99, 33, 34, 83, 90, 5, 45, 92, 36, 42, 65, 94, 37, 59, 64, 100, 29, 39, 53, 61, 70, 71, 91, 93, 97, 30, 73, 86, 101, 38, 76, 88, 89, 98
34
102, 4, 95, 15, 68, 8, 3, 78, 67, 7, 49, 51, 72, 20, 54, 81, 50, 56, 41, 96, 22, 62, 47, 77, 28, 35, 46, 40, 6, 14, 37, 59, 97, 101, 30, 16, 27, 44, 103, 75, 0, 24, 74, 85, 32, 90, 34, 87, 48, 31, 11, 79, 25, 80, 55, 43, 69, 57, 9, 63, 2, 17, 82, 10, 58, 13, 26, 19, 21, 1, 12, 60, 66, 84, 23, 52, 18, 99, 33, 83, 5, 45, 92, 36, 42, 65, 94, 64, 100, 29, 39, 53, 61, 70, 71, 91, 93, 73, 86, 38, 76, 88, 89, 98
33
102, 4, 95, 15, 68, 8, 3, 78, 67, 7, 49, 51, 72, 20, 54, 81, 50, 56, 41, 96, 22, 62, 47, 77, 28, 35, 97, 80, 55, 57, 98, 76, 82, 91, 9, 2, 17, 58, 99, 88, 46, 103, 87, 34, 25, 83, 26, 10, 44, 0, 101, 24, 48, 11, 31, 14, 27, 30, 59, 40, 6, 37, 16, 75, 74, 85, 32, 90, 79, 43, 69, 63, 13, 19, 21, 1, 12, 60, 66, 84, 23, 52, 18, 33, 5, 45, 92, 36, 42, 65, 94, 64, 100, 29, 39, 53, 61, 70, 71, 93, 73, 86, 38, 89
32
102, 4, 95, 15, 68, 8, 3, 78, 67, 7, 49, 51, 72, 20, 54, 81, 50, 56, 41, 96, 22, 62, 77, 28, 35, 97, 80, 55, 57, 98, 76, 82, 91, 9, 2, 17, 58, 99, 88, 25, 87, 103, 47, 46, 34, 83, 26, 10, 44, 0, 101, 24, 48, 11, 31, 14, 27, 30, 59, 40, 6, 37, 16, 75, 74, 85, 32, 90, 79, 43, 69, 63, 13, 19, 21, 1, 12, 60, 66, 84, 23, 52, 18, 33, 5, 45, 92, 36, 42, 65, 94, 64, 100, 29, 39, 53, 61, 70, 71, 93, 73, 86, 38, 89
# [date -Iseconds] 2025-10-04T01:39:02+09:00
# [timeout] 124
