# [run] timeout 1h java -Xms1024g -Xmx1024g -Xss134m -cp ../src/pathwidth.jar Pathwidth ../benchmark_instances/2023result/docs/solver/benchmark/random_instance/random_instance010_graph005.col
# [date -Iseconds] 2025-10-04T14:39:06+09:00
../benchmark_instances/2023result/docs/solver/benchmark/random_instance/random_instance010_graph005.col
130
86, 101, 109, 10, 25, 34, 56, 69, 100, 105, 30, 9, 5, 27, 117, 43, 58, 108, 14, 124, 64, 72, 120, 7, 52, 53, 95, 41, 22, 36, 88, 96, 28, 66, 35, 122, 127, 20, 54, 123, 119, 104, 128, 19, 87, 125, 118, 3, 12, 26, 65, 42, 76, 89, 48, 49, 99, 47, 16, 29, 55, 61, 57, 4, 121, 13, 73, 1, 106, 18, 0, 39, 45, 82, 23, 31, 60, 2, 15, 40, 98, 24, 62, 46, 51, 67, 107, 6, 85, 90, 92, 111, 21, 110, 112, 115, 38, 71, 97, 44, 77, 79, 103, 59, 83, 84, 126, 63, 91, 129, 33, 113, 11, 93, 94, 114, 17, 68, 75, 116, 32, 50, 80, 37, 70, 74, 78, 8, 81, 102
129
86, 101, 109, 10, 25, 34, 56, 69, 100, 105, 30, 9, 5, 27, 117, 43, 58, 108, 14, 124, 64, 72, 120, 7, 52, 53, 95, 41, 22, 36, 88, 96, 28, 66, 35, 122, 127, 20, 54, 123, 119, 104, 128, 19, 87, 125, 118, 3, 12, 26, 65, 42, 76, 89, 48, 49, 99, 47, 16, 29, 55, 61, 57, 4, 121, 13, 73, 1, 106, 18, 0, 39, 45, 82, 23, 31, 60, 2, 15, 40, 98, 24, 62, 46, 51, 67, 107, 6, 85, 90, 92, 111, 21, 110, 112, 115, 38, 71, 97, 44, 77, 79, 103, 59, 83, 84, 126, 63, 91, 129, 33, 113, 11, 93, 94, 114, 17, 68, 75, 116, 32, 50, 80, 37, 70, 74, 78, 8, 81, 102
128
86, 101, 109, 10, 25, 34, 56, 69, 100, 105, 30, 9, 5, 27, 117, 43, 58, 108, 14, 124, 64, 72, 120, 7, 52, 53, 95, 41, 22, 36, 88, 96, 28, 66, 35, 122, 127, 20, 54, 123, 119, 104, 128, 19, 87, 125, 118, 3, 12, 26, 65, 42, 76, 89, 48, 49, 99, 47, 16, 29, 55, 61, 57, 4, 121, 13, 73, 1, 106, 18, 0, 39, 45, 82, 23, 31, 60, 2, 15, 40, 98, 24, 62, 46, 51, 67, 107, 6, 85, 90, 92, 111, 21, 110, 112, 115, 38, 71, 97, 44, 77, 79, 103, 59, 83, 84, 126, 63, 91, 129, 33, 113, 11, 93, 94, 114, 17, 68, 75, 116, 32, 50, 80, 37, 70, 74, 78, 8, 81, 102
127
86, 101, 109, 10, 25, 34, 56, 69, 100, 105, 30, 9, 5, 27, 117, 43, 58, 108, 14, 124, 64, 72, 120, 7, 52, 53, 95, 41, 22, 36, 88, 96, 28, 66, 35, 122, 127, 20, 54, 123, 119, 104, 128, 19, 87, 125, 118, 3, 12, 26, 65, 42, 76, 89, 48, 49, 99, 47, 16, 29, 55, 61, 57, 4, 121, 13, 73, 1, 106, 18, 0, 39, 45, 82, 23, 31, 60, 2, 15, 40, 98, 24, 62, 46, 51, 67, 107, 6, 85, 90, 92, 111, 21, 110, 112, 115, 38, 71, 97, 44, 77, 79, 103, 59, 83, 84, 126, 63, 91, 129, 33, 113, 11, 93, 94, 114, 17, 68, 75, 116, 32, 50, 80, 37, 70, 74, 78, 8, 81, 102
126
86, 101, 109, 10, 25, 34, 56, 69, 100, 105, 30, 9, 5, 27, 117, 43, 58, 108, 14, 124, 64, 72, 120, 7, 52, 53, 95, 41, 22, 36, 88, 96, 28, 66, 35, 122, 127, 20, 54, 123, 119, 104, 128, 19, 87, 125, 118, 3, 12, 26, 65, 42, 76, 89, 48, 49, 99, 47, 16, 29, 55, 61, 57, 4, 121, 13, 73, 1, 106, 18, 0, 39, 45, 82, 23, 31, 60, 2, 15, 40, 98, 24, 62, 46, 51, 67, 107, 6, 85, 90, 92, 111, 21, 110, 112, 115, 38, 71, 97, 44, 77, 79, 103, 59, 83, 84, 126, 63, 91, 129, 33, 113, 11, 93, 94, 114, 17, 68, 75, 116, 32, 50, 80, 37, 70, 74, 78, 8, 81, 102
125
86, 101, 109, 10, 25, 34, 56, 69, 100, 105, 30, 9, 5, 27, 117, 43, 58, 108, 14, 124, 64, 72, 120, 7, 52, 53, 95, 41, 22, 36, 88, 96, 28, 66, 35, 122, 127, 20, 54, 123, 119, 104, 128, 19, 87, 125, 118, 3, 12, 26, 65, 42, 76, 89, 48, 49, 99, 47, 16, 29, 55, 61, 57, 4, 121, 13, 73, 1, 106, 18, 0, 39, 45, 82, 23, 31, 60, 2, 15, 40, 98, 24, 62, 46, 51, 67, 107, 6, 85, 90, 92, 111, 21, 110, 112, 115, 38, 71, 97, 44, 77, 79, 103, 59, 83, 84, 126, 63, 91, 129, 33, 113, 11, 93, 94, 114, 17, 68, 75, 116, 32, 50, 80, 37, 70, 74, 78, 8, 81, 102
124
86, 101, 109, 10, 25, 34, 56, 69, 100, 105, 30, 9, 5, 27, 117, 43, 58, 108, 14, 124, 64, 72, 120, 7, 52, 53, 95, 41, 22, 36, 88, 96, 28, 66, 35, 122, 127, 20, 54, 123, 119, 104, 128, 19, 87, 125, 118, 3, 12, 26, 65, 42, 76, 89, 48, 49, 99, 47, 16, 29, 55, 61, 57, 4, 121, 13, 73, 1, 106, 18, 0, 39, 45, 82, 23, 31, 60, 2, 15, 40, 98, 24, 62, 46, 51, 67, 107, 6, 85, 90, 92, 111, 21, 110, 112, 115, 38, 71, 97, 44, 77, 79, 103, 59, 83, 84, 126, 63, 91, 129, 33, 113, 11, 93, 94, 114, 17, 68, 75, 116, 32, 50, 80, 37, 70, 74, 78, 8, 81, 102
123
86, 101, 109, 10, 25, 34, 56, 69, 100, 105, 30, 9, 5, 27, 117, 43, 58, 108, 14, 124, 64, 72, 120, 7, 52, 53, 95, 41, 22, 36, 88, 96, 28, 66, 35, 122, 127, 20, 54, 123, 119, 104, 128, 19, 87, 125, 118, 3, 12, 26, 65, 42, 76, 89, 48, 49, 99, 47, 16, 29, 55, 61, 57, 4, 121, 13, 73, 1, 106, 18, 0, 39, 45, 82, 23, 31, 60, 2, 15, 40, 98, 24, 62, 46, 51, 67, 107, 6, 85, 90, 92, 111, 21, 110, 112, 115, 38, 71, 97, 44, 77, 79, 103, 59, 83, 84, 126, 63, 91, 129, 33, 113, 11, 93, 94, 114, 17, 68, 75, 116, 32, 50, 80, 37, 70, 74, 78, 8, 81, 102
122
86, 101, 109, 10, 25, 34, 56, 69, 100, 105, 30, 9, 5, 27, 117, 43, 58, 108, 14, 124, 64, 72, 120, 7, 52, 53, 95, 41, 22, 36, 88, 96, 28, 66, 35, 122, 127, 20, 54, 123, 119, 104, 128, 19, 87, 125, 118, 3, 12, 26, 65, 42, 76, 89, 48, 49, 99, 47, 16, 29, 55, 61, 57, 4, 121, 13, 73, 1, 106, 18, 0, 39, 45, 82, 23, 31, 60, 2, 15, 40, 98, 24, 62, 46, 51, 67, 107, 6, 85, 90, 92, 111, 21, 110, 112, 115, 38, 71, 97, 44, 77, 79, 103, 59, 83, 84, 126, 63, 91, 129, 33, 113, 11, 93, 94, 114, 17, 68, 75, 116, 32, 50, 80, 37, 70, 74, 78, 8, 81, 102
121
86, 101, 109, 10, 25, 34, 56, 69, 100, 105, 30, 9, 5, 27, 117, 43, 58, 108, 14, 124, 64, 72, 120, 7, 52, 53, 95, 41, 22, 36, 88, 96, 28, 66, 35, 122, 127, 20, 54, 123, 119, 104, 128, 19, 87, 125, 118, 3, 12, 26, 65, 42, 76, 89, 48, 49, 99, 47, 16, 29, 55, 61, 57, 4, 121, 13, 73, 1, 106, 18, 0, 39, 45, 82, 23, 31, 60, 2, 15, 40, 98, 24, 62, 46, 51, 67, 107, 6, 85, 90, 92, 111, 21, 110, 112, 115, 38, 71, 97, 44, 77, 79, 103, 59, 83, 84, 126, 63, 91, 129, 33, 113, 11, 93, 94, 114, 17, 68, 75, 116, 32, 50, 80, 37, 70, 74, 78, 8, 81, 102
120
86, 101, 109, 10, 25, 34, 56, 69, 100, 105, 30, 9, 5, 27, 117, 43, 58, 108, 14, 124, 64, 72, 120, 7, 52, 53, 95, 41, 22, 36, 88, 96, 28, 66, 35, 122, 127, 20, 54, 123, 119, 104, 128, 19, 87, 125, 118, 3, 12, 26, 65, 42, 76, 89, 48, 49, 99, 47, 16, 29, 55, 61, 57, 4, 121, 13, 73, 1, 106, 18, 0, 39, 45, 82, 23, 31, 60, 2, 15, 40, 98, 24, 62, 46, 51, 67, 107, 6, 85, 90, 92, 111, 21, 110, 112, 115, 38, 71, 97, 44, 77, 79, 103, 59, 83, 84, 126, 63, 91, 129, 33, 113, 11, 93, 94, 114, 17, 68, 75, 116, 32, 50, 80, 37, 70, 74, 78, 8, 81, 102
119
86, 101, 109, 10, 25, 34, 56, 69, 100, 105, 30, 9, 5, 27, 117, 43, 58, 108, 14, 124, 64, 72, 120, 7, 52, 53, 95, 41, 22, 36, 88, 96, 28, 66, 35, 122, 127, 20, 54, 123, 119, 104, 128, 19, 87, 125, 118, 3, 12, 26, 65, 42, 76, 89, 48, 49, 99, 47, 16, 29, 55, 61, 57, 4, 121, 13, 73, 1, 106, 18, 0, 39, 45, 82, 23, 31, 60, 2, 15, 40, 98, 24, 62, 46, 51, 67, 107, 6, 85, 90, 92, 111, 21, 110, 112, 115, 38, 71, 97, 44, 77, 79, 103, 59, 83, 84, 126, 63, 91, 129, 33, 113, 11, 93, 94, 114, 17, 68, 75, 116, 32, 50, 80, 37, 70, 74, 78, 8, 81, 102
118
86, 101, 109, 10, 25, 34, 56, 69, 100, 105, 30, 9, 5, 27, 117, 43, 58, 108, 14, 124, 64, 72, 120, 7, 52, 53, 95, 41, 22, 36, 88, 96, 28, 66, 35, 122, 127, 20, 54, 123, 119, 104, 128, 19, 87, 125, 118, 3, 12, 26, 65, 42, 76, 89, 48, 49, 99, 47, 16, 29, 55, 61, 57, 4, 121, 13, 73, 1, 106, 18, 0, 39, 45, 82, 23, 31, 60, 2, 15, 40, 98, 24, 62, 46, 51, 67, 107, 6, 85, 90, 92, 111, 21, 110, 112, 115, 38, 71, 97, 44, 77, 79, 103, 59, 83, 84, 126, 63, 91, 129, 33, 113, 11, 93, 94, 114, 17, 68, 75, 116, 32, 50, 80, 37, 70, 74, 78, 8, 81, 102
117
86, 101, 109, 10, 25, 34, 56, 69, 100, 105, 30, 9, 5, 27, 117, 43, 58, 108, 14, 124, 64, 72, 120, 7, 52, 53, 95, 41, 22, 36, 88, 96, 28, 66, 35, 122, 127, 20, 54, 123, 119, 104, 128, 19, 87, 125, 118, 3, 12, 26, 65, 42, 76, 89, 48, 49, 99, 47, 16, 29, 55, 61, 57, 4, 121, 13, 73, 1, 106, 18, 0, 39, 45, 82, 23, 31, 60, 2, 15, 40, 98, 24, 62, 46, 51, 67, 107, 6, 85, 90, 92, 111, 21, 110, 112, 115, 38, 71, 97, 44, 77, 79, 103, 59, 83, 84, 126, 63, 91, 129, 33, 113, 11, 93, 94, 114, 17, 68, 75, 116, 32, 50, 80, 37, 70, 74, 78, 8, 81, 102
116
86, 101, 109, 10, 25, 34, 56, 69, 100, 105, 30, 9, 5, 27, 117, 43, 58, 108, 14, 124, 64, 72, 120, 7, 52, 53, 95, 41, 22, 36, 88, 96, 28, 66, 35, 122, 127, 20, 54, 123, 119, 104, 128, 19, 87, 125, 118, 3, 12, 26, 65, 42, 76, 89, 48, 49, 99, 47, 16, 29, 55, 61, 57, 4, 121, 13, 73, 1, 106, 18, 0, 39, 45, 82, 23, 31, 60, 2, 15, 40, 98, 24, 62, 46, 51, 67, 107, 6, 85, 90, 92, 111, 21, 110, 112, 115, 38, 71, 97, 44, 77, 79, 103, 59, 83, 84, 126, 63, 91, 129, 33, 113, 11, 93, 94, 114, 17, 68, 75, 116, 32, 50, 80, 37, 70, 74, 78, 8, 81, 102
115
86, 101, 109, 10, 25, 34, 56, 69, 100, 105, 30, 9, 5, 27, 117, 43, 58, 108, 14, 124, 64, 72, 120, 7, 52, 53, 95, 41, 22, 36, 88, 96, 28, 66, 35, 122, 127, 20, 54, 123, 119, 104, 128, 19, 87, 125, 118, 3, 12, 26, 65, 42, 76, 89, 48, 49, 99, 47, 16, 29, 55, 61, 57, 4, 121, 13, 73, 1, 106, 18, 0, 39, 45, 82, 23, 31, 60, 2, 15, 40, 98, 24, 62, 46, 51, 67, 107, 6, 85, 90, 92, 111, 21, 110, 112, 115, 38, 71, 97, 44, 77, 79, 103, 59, 83, 84, 126, 63, 91, 129, 33, 113, 11, 93, 94, 114, 17, 68, 75, 116, 32, 50, 80, 37, 70, 74, 78, 8, 81, 102
114
86, 101, 109, 10, 25, 34, 56, 69, 100, 105, 30, 9, 5, 27, 117, 43, 58, 108, 14, 124, 64, 72, 120, 7, 52, 53, 95, 41, 22, 36, 88, 96, 28, 66, 35, 122, 127, 20, 54, 123, 119, 104, 128, 19, 87, 125, 118, 3, 12, 26, 65, 42, 76, 89, 48, 49, 99, 47, 16, 29, 55, 61, 57, 4, 121, 13, 73, 1, 106, 18, 0, 39, 45, 82, 23, 31, 60, 2, 15, 40, 98, 24, 62, 46, 51, 67, 107, 6, 85, 90, 92, 111, 21, 110, 112, 115, 38, 71, 97, 44, 77, 79, 103, 59, 83, 84, 126, 63, 91, 129, 33, 113, 11, 93, 94, 114, 17, 68, 75, 116, 32, 50, 80, 37, 70, 74, 78, 8, 81, 102
113
86, 101, 109, 10, 25, 34, 56, 69, 100, 105, 30, 9, 5, 27, 117, 43, 58, 108, 14, 124, 64, 72, 120, 7, 52, 53, 95, 41, 22, 36, 88, 96, 28, 66, 35, 122, 127, 20, 54, 123, 119, 104, 128, 19, 87, 125, 118, 3, 12, 26, 65, 42, 76, 89, 48, 49, 99, 47, 16, 29, 55, 61, 57, 4, 121, 13, 73, 1, 106, 18, 0, 39, 45, 82, 23, 31, 60, 2, 15, 40, 98, 24, 62, 46, 51, 67, 107, 6, 85, 90, 92, 111, 21, 110, 112, 115, 38, 71, 97, 44, 77, 79, 103, 59, 83, 84, 126, 63, 91, 129, 33, 113, 11, 93, 94, 114, 17, 68, 75, 116, 32, 50, 80, 37, 70, 74, 78, 8, 81, 102
112
86, 101, 109, 10, 25, 34, 56, 69, 100, 105, 30, 9, 5, 27, 117, 43, 58, 108, 14, 124, 64, 72, 120, 7, 52, 53, 95, 41, 22, 36, 88, 96, 28, 66, 35, 122, 127, 20, 54, 123, 119, 104, 128, 19, 87, 125, 118, 3, 12, 26, 65, 42, 76, 89, 48, 49, 99, 47, 16, 29, 55, 61, 57, 4, 121, 13, 73, 1, 106, 18, 0, 39, 45, 82, 23, 31, 60, 2, 15, 40, 98, 24, 62, 46, 51, 67, 107, 6, 85, 90, 92, 111, 21, 110, 112, 115, 38, 71, 97, 44, 77, 79, 103, 59, 83, 84, 126, 63, 91, 129, 33, 113, 11, 93, 94, 114, 17, 68, 75, 116, 32, 50, 80, 37, 70, 74, 78, 8, 81, 102
111
86, 101, 109, 10, 25, 34, 56, 69, 100, 105, 30, 9, 5, 27, 117, 43, 58, 108, 14, 124, 64, 72, 120, 7, 52, 53, 95, 41, 22, 36, 88, 96, 28, 66, 35, 122, 127, 20, 54, 123, 119, 104, 128, 19, 87, 125, 118, 3, 12, 26, 65, 42, 76, 89, 48, 49, 99, 47, 16, 29, 55, 61, 57, 4, 121, 13, 73, 1, 106, 18, 0, 39, 45, 82, 23, 31, 60, 2, 15, 40, 98, 24, 62, 46, 51, 67, 107, 6, 85, 90, 92, 111, 21, 110, 112, 115, 38, 71, 97, 44, 77, 79, 103, 59, 83, 84, 126, 63, 91, 129, 33, 113, 11, 93, 94, 114, 17, 68, 75, 116, 32, 50, 80, 37, 70, 74, 78, 8, 81, 102
110
86, 101, 109, 10, 25, 34, 56, 69, 100, 105, 30, 9, 5, 27, 117, 43, 58, 108, 14, 124, 64, 72, 120, 7, 52, 53, 95, 41, 22, 36, 88, 96, 28, 66, 35, 122, 127, 20, 54, 123, 119, 104, 128, 19, 87, 125, 118, 3, 12, 26, 65, 42, 76, 89, 48, 49, 99, 47, 16, 29, 55, 61, 57, 4, 121, 13, 73, 1, 106, 18, 0, 39, 45, 82, 23, 31, 60, 2, 15, 40, 98, 24, 62, 46, 51, 67, 107, 6, 85, 90, 92, 111, 21, 110, 112, 115, 38, 71, 97, 44, 77, 79, 103, 59, 83, 84, 126, 63, 91, 129, 33, 113, 11, 93, 94, 114, 17, 68, 75, 116, 32, 50, 80, 37, 70, 74, 78, 8, 81, 102
109
86, 101, 109, 10, 25, 34, 56, 69, 100, 105, 30, 9, 5, 27, 117, 43, 58, 108, 14, 124, 64, 72, 120, 7, 52, 53, 95, 41, 22, 36, 88, 96, 28, 66, 35, 122, 127, 20, 54, 123, 119, 104, 128, 19, 87, 125, 118, 3, 12, 26, 65, 42, 76, 89, 48, 49, 99, 47, 16, 29, 55, 61, 57, 4, 121, 13, 73, 1, 106, 18, 0, 39, 45, 82, 23, 31, 60, 2, 15, 40, 98, 24, 62, 46, 51, 67, 107, 6, 85, 90, 92, 111, 21, 110, 112, 115, 38, 71, 97, 44, 77, 79, 103, 59, 83, 84, 126, 63, 91, 129, 33, 113, 11, 93, 94, 114, 17, 68, 75, 116, 32, 50, 80, 37, 70, 74, 78, 8, 81, 102
108
86, 101, 109, 10, 25, 34, 56, 69, 100, 105, 30, 9, 5, 27, 117, 43, 58, 108, 14, 124, 64, 72, 120, 7, 52, 53, 95, 41, 22, 36, 88, 96, 28, 66, 35, 122, 127, 20, 54, 123, 119, 104, 128, 19, 87, 125, 118, 3, 12, 26, 65, 42, 76, 89, 48, 49, 99, 47, 16, 29, 55, 61, 57, 4, 121, 13, 73, 1, 106, 18, 0, 39, 45, 82, 23, 31, 60, 2, 15, 40, 98, 24, 62, 46, 51, 67, 107, 6, 85, 90, 92, 111, 21, 110, 112, 115, 38, 71, 97, 44, 77, 79, 103, 59, 83, 84, 126, 63, 91, 129, 33, 113, 11, 93, 94, 114, 17, 68, 75, 116, 32, 50, 80, 37, 70, 74, 78, 8, 81, 102
107
86, 101, 109, 10, 25, 34, 56, 69, 100, 105, 30, 9, 5, 27, 117, 43, 58, 108, 14, 124, 64, 72, 120, 7, 52, 53, 95, 41, 22, 36, 88, 96, 28, 66, 35, 122, 127, 20, 54, 123, 119, 104, 128, 19, 87, 125, 118, 3, 12, 26, 65, 42, 76, 89, 48, 49, 99, 47, 16, 29, 55, 61, 57, 4, 121, 13, 73, 1, 106, 18, 0, 39, 45, 82, 23, 31, 60, 2, 15, 40, 98, 24, 62, 46, 51, 67, 107, 6, 85, 90, 92, 111, 21, 110, 112, 115, 38, 71, 97, 44, 77, 79, 103, 59, 83, 84, 126, 63, 91, 129, 33, 113, 11, 93, 94, 114, 17, 68, 75, 116, 32, 50, 80, 37, 70, 74, 78, 8, 81, 102
106
86, 101, 109, 10, 25, 34, 56, 69, 100, 105, 30, 9, 5, 27, 117, 43, 58, 108, 14, 124, 64, 72, 120, 7, 52, 53, 95, 41, 22, 36, 88, 96, 28, 66, 35, 122, 127, 20, 54, 123, 119, 104, 128, 19, 87, 125, 118, 3, 12, 26, 65, 42, 76, 89, 48, 49, 99, 47, 16, 29, 55, 61, 57, 4, 121, 13, 73, 1, 106, 18, 0, 39, 45, 82, 23, 31, 60, 2, 15, 40, 98, 24, 62, 46, 51, 67, 107, 6, 85, 90, 92, 111, 21, 110, 112, 115, 38, 71, 97, 44, 77, 79, 103, 59, 83, 84, 126, 63, 91, 129, 33, 113, 11, 93, 94, 114, 17, 68, 75, 116, 32, 50, 80, 37, 70, 74, 78, 8, 81, 102
105
86, 101, 109, 10, 25, 34, 56, 69, 100, 105, 30, 9, 5, 27, 117, 43, 58, 108, 14, 124, 64, 72, 120, 7, 52, 53, 95, 41, 22, 36, 88, 96, 28, 66, 35, 122, 127, 20, 54, 123, 119, 104, 128, 19, 87, 125, 118, 3, 12, 26, 65, 42, 76, 89, 48, 49, 99, 47, 16, 29, 55, 61, 57, 4, 121, 13, 73, 1, 106, 18, 0, 39, 45, 82, 23, 31, 60, 2, 15, 40, 98, 24, 62, 46, 51, 67, 107, 6, 85, 90, 92, 111, 21, 110, 112, 115, 38, 71, 97, 44, 77, 79, 103, 59, 83, 84, 126, 63, 91, 129, 33, 113, 11, 93, 94, 114, 17, 68, 75, 116, 32, 50, 80, 37, 70, 74, 78, 8, 81, 102
104
86, 101, 109, 10, 25, 34, 56, 69, 100, 105, 30, 9, 5, 27, 117, 43, 58, 108, 14, 124, 64, 72, 120, 7, 52, 53, 95, 41, 22, 36, 88, 96, 28, 66, 35, 122, 127, 20, 54, 123, 119, 104, 128, 19, 87, 125, 118, 3, 12, 26, 65, 42, 76, 89, 48, 49, 99, 47, 16, 29, 55, 61, 57, 4, 121, 13, 73, 1, 106, 18, 0, 39, 45, 82, 23, 31, 60, 2, 15, 40, 98, 24, 62, 46, 51, 67, 107, 6, 85, 90, 92, 111, 21, 110, 112, 115, 38, 71, 97, 44, 77, 79, 103, 59, 83, 84, 126, 63, 91, 129, 33, 113, 11, 93, 94, 114, 17, 68, 75, 116, 32, 50, 80, 37, 70, 74, 78, 8, 81, 102
103
86, 101, 109, 10, 25, 34, 56, 69, 100, 105, 30, 9, 5, 27, 117, 43, 58, 108, 14, 124, 64, 72, 120, 7, 52, 53, 95, 41, 22, 36, 88, 96, 28, 66, 35, 122, 127, 20, 54, 123, 119, 104, 128, 19, 87, 125, 118, 3, 12, 26, 65, 42, 76, 89, 48, 49, 99, 47, 16, 29, 55, 61, 57, 4, 121, 13, 73, 1, 106, 18, 0, 39, 45, 82, 23, 31, 60, 2, 15, 40, 98, 24, 62, 46, 51, 67, 107, 6, 85, 90, 92, 111, 21, 110, 112, 115, 38, 71, 97, 44, 77, 79, 103, 59, 83, 84, 126, 63, 91, 129, 33, 113, 11, 93, 94, 114, 17, 68, 75, 116, 32, 50, 80, 37, 70, 74, 78, 8, 81, 102
102
86, 101, 109, 10, 25, 34, 56, 69, 100, 105, 30, 9, 5, 27, 117, 43, 58, 108, 14, 124, 64, 72, 120, 7, 52, 53, 95, 41, 22, 36, 88, 96, 28, 66, 35, 122, 127, 20, 54, 123, 119, 104, 128, 19, 87, 125, 118, 3, 12, 26, 65, 42, 76, 89, 48, 49, 99, 47, 16, 29, 55, 61, 57, 4, 121, 13, 73, 1, 106, 18, 0, 39, 45, 82, 23, 31, 60, 2, 15, 40, 98, 24, 62, 46, 51, 67, 107, 6, 85, 90, 92, 111, 21, 110, 112, 115, 38, 71, 97, 44, 77, 79, 103, 59, 83, 84, 126, 63, 91, 129, 33, 113, 11, 93, 94, 114, 17, 68, 75, 116, 32, 50, 80, 37, 70, 74, 78, 8, 81, 102
101
86, 101, 109, 10, 25, 34, 56, 69, 100, 105, 30, 9, 5, 27, 117, 43, 58, 108, 14, 124, 64, 72, 120, 7, 52, 53, 95, 41, 22, 36, 88, 96, 28, 66, 35, 122, 127, 20, 54, 123, 119, 104, 128, 19, 87, 125, 118, 3, 12, 26, 65, 42, 76, 89, 48, 49, 99, 47, 16, 29, 55, 61, 57, 4, 121, 13, 73, 1, 106, 18, 0, 39, 45, 82, 23, 31, 60, 2, 15, 40, 98, 24, 62, 46, 51, 67, 107, 6, 85, 90, 92, 111, 21, 110, 112, 115, 38, 71, 97, 44, 77, 79, 103, 59, 83, 84, 126, 63, 91, 129, 33, 113, 11, 93, 94, 114, 17, 68, 75, 116, 32, 50, 80, 37, 70, 74, 78, 8, 81, 102
100
86, 101, 109, 10, 25, 34, 56, 69, 100, 105, 30, 9, 5, 27, 117, 43, 58, 108, 14, 124, 64, 72, 120, 7, 52, 53, 95, 41, 22, 36, 88, 96, 28, 66, 35, 122, 127, 20, 54, 123, 119, 104, 128, 19, 87, 125, 118, 3, 12, 26, 65, 42, 76, 89, 48, 49, 99, 47, 16, 29, 55, 61, 57, 4, 121, 13, 73, 1, 106, 18, 0, 39, 45, 82, 23, 31, 60, 2, 15, 40, 98, 24, 62, 46, 51, 67, 107, 6, 85, 90, 92, 111, 21, 110, 112, 115, 38, 71, 97, 44, 77, 79, 103, 59, 83, 84, 126, 63, 91, 129, 33, 113, 11, 93, 94, 114, 17, 68, 75, 116, 32, 50, 80, 37, 70, 74, 78, 8, 81, 102
99
86, 101, 109, 10, 25, 34, 56, 69, 100, 105, 30, 9, 5, 27, 117, 43, 58, 108, 14, 124, 64, 72, 120, 7, 52, 53, 95, 41, 22, 36, 88, 96, 28, 66, 35, 122, 127, 20, 54, 123, 119, 104, 128, 19, 87, 125, 118, 3, 12, 26, 65, 42, 76, 89, 48, 49, 99, 47, 16, 29, 55, 61, 57, 4, 121, 13, 73, 1, 106, 18, 0, 39, 45, 82, 23, 31, 60, 2, 15, 40, 98, 24, 62, 46, 51, 67, 107, 6, 85, 90, 92, 111, 21, 110, 112, 115, 38, 71, 97, 44, 77, 79, 103, 59, 83, 84, 126, 63, 91, 129, 33, 113, 11, 93, 94, 114, 17, 68, 75, 116, 32, 50, 80, 37, 70, 74, 78, 8, 81, 102
98
86, 101, 109, 10, 25, 34, 56, 69, 100, 105, 30, 9, 5, 27, 117, 43, 58, 108, 14, 124, 64, 72, 120, 7, 52, 53, 95, 41, 22, 36, 88, 96, 28, 66, 35, 122, 127, 20, 54, 123, 119, 104, 128, 19, 87, 125, 118, 3, 12, 26, 65, 42, 76, 89, 48, 49, 99, 47, 16, 29, 55, 61, 57, 4, 121, 13, 73, 1, 106, 18, 0, 39, 45, 82, 23, 31, 60, 2, 15, 40, 98, 24, 62, 46, 51, 67, 107, 6, 85, 90, 92, 111, 21, 110, 112, 115, 38, 71, 97, 44, 77, 79, 103, 59, 83, 84, 126, 63, 91, 129, 33, 113, 11, 93, 94, 114, 17, 68, 75, 116, 32, 50, 80, 37, 70, 74, 78, 8, 81, 102
97
86, 101, 109, 10, 25, 34, 56, 69, 100, 105, 30, 9, 5, 27, 117, 43, 58, 108, 14, 124, 64, 72, 120, 7, 52, 53, 95, 41, 22, 36, 88, 96, 28, 66, 35, 122, 127, 20, 54, 123, 119, 104, 128, 19, 87, 125, 118, 3, 12, 26, 65, 42, 76, 89, 48, 49, 99, 47, 16, 29, 55, 61, 57, 4, 121, 13, 73, 1, 106, 18, 0, 39, 45, 82, 23, 31, 60, 2, 15, 40, 98, 24, 62, 46, 51, 67, 107, 6, 85, 90, 92, 111, 21, 110, 112, 115, 38, 71, 97, 44, 77, 79, 103, 59, 83, 84, 126, 63, 91, 129, 33, 113, 11, 93, 94, 114, 17, 68, 75, 116, 32, 50, 80, 37, 70, 74, 78, 8, 81, 102
96
86, 101, 109, 10, 25, 34, 56, 69, 100, 105, 30, 9, 5, 27, 117, 43, 58, 108, 14, 124, 64, 72, 120, 7, 52, 53, 95, 41, 22, 36, 88, 96, 28, 66, 35, 122, 127, 20, 54, 123, 119, 104, 128, 19, 87, 125, 118, 3, 12, 26, 65, 42, 76, 89, 48, 49, 99, 47, 16, 29, 55, 61, 57, 4, 121, 13, 73, 1, 106, 18, 0, 39, 45, 82, 23, 31, 60, 2, 15, 40, 98, 24, 62, 46, 51, 67, 107, 6, 85, 90, 92, 111, 21, 110, 112, 115, 38, 71, 97, 44, 77, 79, 103, 59, 83, 84, 126, 63, 91, 129, 33, 113, 11, 93, 94, 114, 17, 68, 75, 116, 32, 50, 80, 37, 70, 74, 78, 8, 81, 102
95
86, 101, 109, 10, 25, 34, 56, 69, 100, 105, 30, 9, 5, 27, 117, 43, 58, 108, 14, 124, 64, 72, 120, 7, 52, 53, 95, 41, 22, 36, 88, 96, 28, 66, 35, 122, 127, 20, 54, 123, 119, 104, 128, 19, 87, 125, 118, 3, 12, 26, 65, 42, 76, 89, 48, 49, 99, 47, 16, 29, 55, 61, 57, 4, 121, 13, 73, 1, 106, 18, 0, 39, 45, 82, 23, 31, 60, 2, 15, 40, 98, 24, 62, 46, 51, 67, 107, 6, 85, 90, 92, 111, 21, 110, 112, 115, 38, 71, 97, 44, 77, 79, 103, 59, 83, 84, 126, 63, 91, 129, 33, 113, 11, 93, 94, 114, 17, 68, 75, 116, 32, 50, 80, 37, 70, 74, 78, 8, 81, 102
94
86, 101, 109, 10, 25, 34, 56, 69, 100, 105, 30, 9, 5, 27, 117, 43, 58, 108, 14, 124, 64, 72, 120, 7, 52, 53, 95, 41, 22, 36, 88, 96, 28, 66, 35, 122, 127, 20, 54, 123, 119, 104, 128, 19, 87, 125, 118, 3, 12, 26, 65, 42, 76, 89, 48, 49, 99, 47, 16, 29, 55, 61, 57, 4, 121, 13, 73, 1, 106, 18, 0, 39, 45, 82, 23, 31, 60, 2, 15, 40, 98, 24, 62, 46, 51, 67, 107, 6, 85, 90, 92, 111, 21, 110, 112, 115, 38, 71, 97, 44, 77, 79, 103, 59, 83, 84, 126, 63, 91, 129, 33, 113, 11, 93, 94, 114, 17, 68, 75, 116, 32, 50, 80, 37, 70, 74, 78, 8, 81, 102
93
86, 101, 109, 10, 25, 34, 56, 69, 100, 105, 30, 9, 5, 27, 117, 43, 58, 108, 14, 124, 64, 72, 120, 7, 52, 53, 95, 41, 22, 36, 88, 96, 28, 66, 35, 122, 127, 20, 54, 123, 119, 104, 128, 19, 87, 125, 118, 3, 12, 26, 65, 42, 76, 89, 48, 49, 99, 47, 16, 29, 55, 61, 57, 4, 121, 13, 73, 1, 106, 18, 0, 39, 45, 82, 23, 31, 60, 2, 15, 40, 98, 24, 62, 46, 51, 67, 107, 6, 85, 90, 92, 111, 21, 110, 112, 115, 38, 71, 97, 44, 77, 79, 103, 59, 83, 84, 126, 63, 91, 129, 33, 113, 11, 93, 94, 114, 17, 68, 75, 116, 32, 50, 80, 37, 70, 74, 78, 8, 81, 102
92
86, 101, 109, 10, 25, 34, 56, 69, 100, 105, 30, 9, 5, 27, 117, 43, 58, 108, 14, 124, 64, 72, 120, 7, 52, 53, 95, 41, 22, 36, 88, 96, 28, 66, 35, 122, 127, 20, 54, 123, 119, 104, 128, 19, 87, 125, 118, 3, 12, 26, 65, 42, 76, 89, 48, 49, 99, 47, 16, 29, 55, 61, 57, 4, 121, 13, 73, 1, 106, 18, 0, 39, 45, 82, 23, 31, 60, 2, 15, 40, 98, 24, 62, 46, 51, 67, 107, 6, 85, 90, 92, 111, 21, 110, 112, 115, 38, 71, 97, 44, 77, 79, 103, 59, 83, 84, 126, 63, 91, 129, 33, 113, 11, 93, 94, 114, 17, 68, 75, 116, 32, 50, 80, 37, 70, 74, 78, 8, 81, 102
91
86, 101, 109, 10, 25, 34, 56, 69, 100, 105, 30, 9, 5, 27, 117, 43, 58, 108, 14, 124, 64, 72, 120, 7, 52, 53, 95, 41, 22, 36, 88, 96, 28, 66, 35, 122, 127, 20, 54, 123, 119, 104, 128, 19, 87, 125, 118, 3, 12, 26, 65, 42, 76, 89, 48, 49, 99, 47, 16, 29, 55, 61, 57, 4, 121, 13, 73, 1, 106, 18, 0, 39, 45, 82, 23, 31, 60, 2, 15, 40, 98, 24, 62, 46, 51, 67, 107, 6, 85, 90, 92, 111, 21, 110, 112, 115, 38, 71, 97, 44, 77, 79, 103, 59, 83, 84, 126, 63, 91, 129, 33, 113, 11, 93, 94, 114, 17, 68, 75, 116, 32, 50, 80, 37, 70, 74, 78, 8, 81, 102
90
86, 101, 109, 10, 25, 34, 56, 69, 100, 105, 30, 9, 5, 27, 117, 43, 58, 108, 14, 124, 64, 72, 120, 7, 52, 53, 95, 41, 22, 36, 88, 96, 28, 66, 35, 122, 127, 20, 54, 123, 119, 104, 128, 19, 87, 125, 118, 3, 12, 26, 65, 42, 76, 89, 48, 49, 99, 47, 16, 29, 55, 61, 57, 4, 121, 13, 73, 1, 106, 18, 0, 39, 45, 82, 23, 31, 60, 2, 15, 40, 98, 24, 62, 46, 51, 67, 107, 6, 85, 90, 92, 111, 21, 110, 112, 115, 38, 71, 97, 44, 77, 79, 103, 59, 83, 84, 126, 63, 91, 129, 33, 113, 11, 93, 94, 114, 17, 68, 75, 116, 32, 50, 80, 37, 70, 74, 78, 8, 81, 102
89
86, 101, 109, 10, 25, 34, 56, 69, 100, 105, 30, 9, 5, 27, 117, 43, 58, 108, 14, 124, 64, 72, 120, 7, 52, 53, 95, 41, 22, 36, 88, 96, 28, 66, 35, 122, 127, 20, 54, 123, 119, 104, 128, 19, 87, 125, 118, 3, 12, 26, 65, 42, 76, 89, 48, 49, 99, 47, 16, 29, 55, 61, 57, 4, 121, 13, 73, 1, 106, 18, 0, 39, 45, 82, 23, 31, 60, 2, 15, 40, 98, 24, 62, 46, 51, 67, 107, 6, 85, 90, 92, 111, 21, 110, 112, 115, 38, 71, 97, 44, 77, 79, 103, 59, 83, 84, 126, 63, 91, 129, 33, 113, 11, 93, 94, 114, 17, 68, 75, 116, 32, 50, 80, 37, 70, 74, 78, 8, 81, 102
88
86, 101, 109, 10, 25, 34, 56, 69, 100, 105, 30, 9, 5, 27, 117, 43, 58, 108, 14, 124, 64, 72, 120, 7, 52, 53, 95, 41, 22, 36, 88, 96, 28, 66, 35, 122, 127, 20, 54, 123, 119, 104, 128, 19, 87, 125, 118, 3, 12, 26, 65, 42, 76, 89, 48, 49, 99, 47, 16, 29, 55, 61, 57, 4, 121, 13, 73, 1, 106, 18, 0, 39, 45, 82, 23, 31, 60, 2, 15, 40, 98, 24, 62, 46, 51, 67, 107, 6, 85, 90, 92, 111, 21, 110, 112, 115, 38, 71, 97, 44, 77, 79, 103, 59, 83, 84, 126, 63, 91, 129, 33, 113, 11, 93, 94, 114, 17, 68, 75, 116, 32, 50, 80, 37, 70, 74, 78, 8, 81, 102
87
86, 101, 109, 10, 25, 34, 56, 69, 100, 105, 30, 9, 5, 27, 117, 43, 58, 108, 14, 124, 64, 72, 120, 7, 52, 53, 95, 41, 22, 36, 88, 96, 28, 66, 35, 122, 127, 20, 54, 123, 119, 104, 128, 19, 87, 125, 118, 3, 12, 26, 65, 42, 76, 89, 48, 49, 99, 47, 16, 29, 55, 61, 57, 4, 121, 13, 73, 1, 106, 18, 0, 39, 45, 82, 23, 31, 60, 2, 15, 40, 98, 24, 62, 46, 51, 67, 107, 6, 85, 90, 92, 111, 21, 110, 112, 115, 38, 71, 97, 44, 77, 79, 103, 59, 83, 84, 126, 63, 91, 129, 33, 113, 11, 93, 94, 114, 17, 68, 75, 116, 32, 50, 80, 37, 70, 74, 78, 8, 81, 102
86
86, 101, 109, 10, 25, 34, 56, 69, 100, 105, 30, 9, 5, 27, 117, 43, 58, 108, 14, 124, 64, 72, 120, 7, 52, 53, 95, 41, 22, 36, 88, 96, 28, 66, 35, 122, 127, 20, 54, 123, 119, 104, 128, 19, 87, 125, 118, 3, 12, 26, 65, 42, 76, 89, 48, 49, 99, 47, 16, 29, 55, 61, 57, 4, 121, 13, 73, 1, 106, 18, 0, 39, 45, 82, 23, 31, 60, 2, 15, 40, 98, 24, 62, 46, 51, 67, 107, 6, 85, 90, 92, 111, 21, 110, 112, 115, 38, 71, 97, 44, 77, 79, 103, 59, 83, 84, 126, 63, 91, 129, 33, 113, 11, 93, 94, 114, 17, 68, 75, 116, 32, 50, 80, 37, 70, 74, 78, 8, 81, 102
85
86, 101, 109, 10, 25, 34, 56, 69, 100, 105, 30, 9, 5, 27, 117, 43, 58, 108, 14, 124, 64, 72, 120, 7, 52, 53, 95, 41, 22, 36, 88, 96, 28, 66, 35, 122, 127, 20, 54, 123, 119, 104, 128, 19, 87, 125, 118, 3, 12, 26, 65, 42, 76, 89, 48, 49, 99, 47, 16, 29, 55, 61, 57, 4, 121, 13, 73, 1, 106, 18, 0, 39, 45, 82, 23, 31, 60, 2, 15, 40, 98, 24, 62, 46, 51, 67, 107, 6, 85, 90, 92, 111, 21, 110, 112, 115, 38, 71, 97, 44, 77, 79, 103, 59, 83, 84, 126, 63, 91, 129, 33, 113, 11, 93, 94, 114, 17, 68, 75, 116, 32, 50, 80, 37, 70, 74, 78, 8, 81, 102
84
86, 101, 109, 10, 25, 34, 56, 69, 100, 105, 30, 9, 5, 27, 117, 43, 58, 108, 14, 124, 64, 72, 120, 7, 52, 53, 95, 41, 22, 36, 88, 96, 28, 66, 35, 122, 127, 20, 54, 123, 119, 104, 128, 19, 87, 125, 118, 3, 12, 26, 65, 42, 76, 89, 48, 49, 99, 47, 16, 29, 55, 61, 57, 4, 121, 13, 73, 1, 106, 18, 0, 39, 45, 82, 23, 31, 60, 2, 15, 40, 98, 24, 62, 46, 51, 67, 107, 6, 85, 90, 92, 111, 21, 110, 112, 115, 38, 71, 97, 44, 77, 79, 103, 59, 83, 84, 126, 63, 91, 129, 33, 113, 11, 93, 94, 114, 17, 68, 75, 116, 32, 50, 80, 37, 70, 74, 78, 8, 81, 102
83
86, 101, 109, 10, 25, 34, 56, 69, 100, 105, 30, 9, 5, 27, 117, 43, 58, 108, 14, 124, 64, 72, 120, 7, 52, 53, 95, 41, 22, 36, 88, 96, 28, 66, 35, 122, 127, 20, 54, 123, 119, 104, 128, 19, 87, 125, 118, 3, 12, 26, 65, 42, 76, 89, 48, 49, 99, 47, 16, 29, 55, 61, 57, 4, 121, 13, 73, 1, 106, 18, 0, 39, 45, 82, 23, 31, 60, 2, 15, 40, 98, 24, 62, 46, 51, 67, 107, 6, 85, 90, 92, 111, 21, 110, 112, 115, 38, 71, 97, 44, 77, 79, 103, 59, 83, 84, 126, 63, 91, 129, 33, 113, 11, 93, 94, 114, 17, 68, 75, 116, 32, 50, 80, 37, 70, 74, 78, 8, 81, 102
82
86, 101, 109, 10, 25, 34, 56, 69, 100, 105, 30, 9, 5, 27, 117, 43, 58, 108, 14, 124, 64, 72, 120, 7, 52, 53, 95, 41, 22, 36, 88, 96, 28, 66, 35, 122, 127, 20, 54, 123, 119, 104, 128, 19, 87, 125, 118, 3, 12, 26, 65, 42, 76, 89, 48, 49, 99, 47, 16, 29, 55, 61, 57, 4, 121, 13, 73, 1, 106, 18, 0, 39, 45, 82, 23, 31, 60, 2, 15, 40, 98, 24, 62, 46, 51, 67, 107, 6, 85, 90, 92, 111, 21, 110, 112, 115, 38, 71, 97, 44, 77, 79, 103, 59, 83, 84, 126, 63, 91, 129, 33, 113, 11, 93, 94, 114, 17, 68, 75, 116, 32, 50, 80, 37, 70, 74, 78, 8, 81, 102
81
86, 101, 109, 10, 25, 34, 56, 69, 100, 105, 30, 9, 5, 27, 117, 43, 58, 108, 14, 124, 64, 72, 120, 7, 52, 53, 95, 41, 22, 36, 88, 96, 28, 66, 35, 122, 127, 20, 54, 123, 119, 104, 128, 19, 87, 125, 118, 3, 12, 26, 65, 42, 76, 89, 48, 49, 99, 47, 16, 29, 55, 61, 57, 4, 121, 13, 73, 1, 106, 18, 0, 39, 45, 82, 23, 31, 60, 2, 15, 40, 98, 24, 62, 46, 51, 67, 107, 6, 85, 90, 92, 111, 21, 110, 112, 115, 38, 71, 97, 44, 77, 79, 103, 59, 83, 84, 126, 63, 91, 129, 33, 113, 11, 93, 94, 114, 17, 68, 75, 116, 32, 50, 80, 37, 70, 74, 78, 8, 81, 102
80
86, 101, 109, 10, 25, 34, 56, 69, 100, 105, 30, 9, 5, 27, 117, 43, 58, 108, 14, 124, 64, 72, 120, 7, 52, 53, 95, 41, 22, 36, 88, 96, 28, 66, 35, 122, 127, 20, 54, 123, 119, 104, 128, 19, 87, 125, 118, 3, 12, 26, 65, 42, 76, 89, 48, 49, 99, 47, 16, 29, 55, 61, 57, 4, 121, 13, 73, 1, 106, 18, 0, 39, 45, 82, 23, 31, 60, 2, 15, 40, 98, 24, 62, 46, 51, 67, 107, 6, 85, 90, 92, 111, 21, 110, 112, 115, 38, 71, 97, 44, 77, 79, 103, 59, 83, 84, 126, 63, 91, 129, 33, 113, 11, 93, 94, 114, 17, 68, 75, 116, 32, 50, 80, 37, 70, 74, 78, 8, 81, 102
79
86, 101, 109, 10, 25, 34, 56, 69, 100, 105, 30, 9, 5, 27, 117, 43, 58, 108, 14, 124, 64, 72, 120, 7, 52, 53, 95, 41, 22, 36, 88, 96, 28, 66, 35, 122, 127, 20, 54, 123, 119, 104, 128, 19, 87, 125, 118, 3, 12, 26, 65, 42, 76, 89, 48, 49, 99, 47, 16, 29, 55, 61, 57, 4, 121, 13, 73, 1, 106, 18, 0, 39, 45, 82, 23, 31, 60, 2, 15, 40, 98, 24, 62, 46, 51, 67, 107, 6, 85, 90, 92, 111, 21, 110, 112, 115, 38, 71, 97, 44, 77, 79, 103, 59, 83, 84, 126, 63, 91, 129, 33, 113, 11, 93, 94, 114, 17, 68, 75, 116, 32, 50, 80, 37, 70, 74, 78, 8, 81, 102
78
86, 101, 109, 10, 25, 34, 56, 69, 100, 105, 30, 9, 5, 27, 117, 43, 58, 108, 14, 124, 64, 72, 120, 7, 52, 53, 95, 41, 22, 36, 88, 96, 28, 66, 35, 122, 127, 20, 54, 123, 119, 104, 128, 19, 87, 125, 118, 3, 12, 26, 65, 42, 76, 89, 48, 49, 99, 47, 16, 29, 55, 61, 57, 4, 121, 13, 73, 1, 106, 18, 0, 39, 45, 82, 23, 31, 60, 2, 15, 40, 98, 24, 62, 46, 51, 67, 107, 6, 85, 90, 92, 111, 21, 110, 112, 115, 38, 71, 97, 44, 77, 79, 103, 59, 83, 84, 126, 63, 91, 129, 33, 113, 11, 93, 94, 114, 17, 68, 75, 116, 32, 50, 80, 37, 70, 74, 78, 8, 81, 102
77
86, 101, 109, 10, 25, 34, 56, 69, 100, 105, 30, 9, 5, 27, 117, 43, 58, 108, 14, 124, 64, 72, 120, 7, 52, 53, 95, 41, 22, 36, 88, 96, 28, 66, 35, 122, 127, 20, 54, 123, 119, 104, 128, 19, 87, 125, 118, 3, 12, 26, 65, 42, 76, 89, 48, 49, 99, 47, 16, 29, 55, 61, 57, 4, 121, 13, 73, 1, 106, 18, 0, 39, 45, 82, 23, 31, 60, 2, 15, 40, 98, 24, 62, 46, 51, 67, 107, 6, 85, 90, 92, 111, 21, 110, 112, 115, 38, 71, 97, 44, 77, 79, 103, 59, 83, 84, 126, 63, 91, 129, 33, 113, 11, 93, 94, 114, 17, 68, 75, 116, 32, 50, 80, 37, 70, 74, 78, 8, 81, 102
76
86, 101, 109, 10, 25, 34, 56, 69, 100, 105, 30, 9, 5, 27, 117, 43, 58, 108, 14, 124, 64, 72, 120, 7, 52, 53, 95, 41, 22, 36, 88, 96, 28, 66, 35, 122, 127, 20, 54, 123, 119, 104, 128, 19, 87, 125, 118, 3, 12, 26, 65, 42, 76, 89, 48, 49, 99, 47, 16, 29, 55, 61, 57, 4, 121, 13, 73, 1, 106, 18, 0, 39, 45, 82, 23, 31, 60, 2, 15, 40, 98, 24, 62, 46, 51, 67, 107, 6, 85, 90, 92, 111, 21, 110, 112, 115, 38, 71, 97, 44, 77, 79, 103, 59, 83, 84, 126, 63, 91, 129, 33, 113, 11, 93, 94, 114, 17, 68, 75, 116, 32, 50, 80, 37, 70, 74, 78, 8, 81, 102
75
86, 101, 109, 10, 25, 34, 56, 69, 100, 105, 30, 9, 5, 27, 117, 43, 58, 108, 14, 124, 64, 72, 120, 7, 52, 53, 95, 41, 22, 36, 88, 96, 28, 66, 35, 122, 127, 20, 54, 123, 119, 104, 128, 19, 87, 125, 118, 3, 12, 26, 65, 42, 76, 89, 48, 49, 99, 47, 16, 29, 55, 61, 57, 4, 121, 13, 73, 1, 106, 18, 0, 39, 45, 82, 23, 31, 60, 2, 15, 40, 98, 24, 62, 46, 51, 67, 107, 6, 85, 90, 92, 111, 21, 110, 112, 115, 38, 71, 97, 44, 77, 79, 103, 59, 83, 84, 126, 63, 91, 129, 33, 113, 11, 93, 94, 114, 17, 68, 75, 116, 32, 50, 80, 37, 70, 74, 78, 8, 81, 102
74
86, 101, 109, 10, 25, 34, 56, 69, 100, 105, 30, 9, 5, 27, 117, 43, 58, 108, 14, 124, 64, 72, 120, 7, 52, 53, 95, 41, 22, 36, 88, 96, 28, 66, 35, 122, 127, 20, 54, 123, 119, 104, 128, 19, 87, 125, 118, 3, 12, 26, 65, 42, 76, 89, 48, 49, 99, 47, 16, 29, 55, 61, 57, 4, 121, 13, 73, 1, 106, 18, 0, 39, 45, 82, 23, 31, 60, 2, 15, 40, 98, 24, 62, 46, 51, 67, 107, 6, 85, 90, 92, 111, 21, 110, 112, 115, 38, 71, 97, 44, 77, 79, 103, 59, 83, 84, 126, 63, 91, 129, 33, 113, 11, 93, 94, 114, 17, 68, 75, 116, 32, 50, 80, 37, 70, 74, 78, 8, 81, 102
73
86, 101, 109, 10, 25, 34, 56, 69, 100, 105, 30, 9, 5, 27, 117, 43, 58, 108, 14, 124, 64, 72, 120, 7, 52, 53, 95, 41, 22, 36, 88, 96, 28, 66, 35, 122, 127, 20, 54, 123, 119, 104, 128, 19, 87, 125, 118, 3, 12, 26, 65, 42, 76, 89, 48, 49, 99, 47, 16, 29, 55, 61, 57, 4, 121, 13, 73, 1, 106, 18, 0, 39, 45, 82, 23, 31, 60, 2, 15, 40, 98, 24, 62, 46, 51, 67, 107, 6, 85, 90, 92, 111, 21, 110, 112, 115, 38, 71, 97, 44, 77, 79, 103, 59, 83, 84, 126, 63, 91, 129, 33, 113, 11, 93, 94, 114, 17, 68, 75, 116, 32, 50, 80, 37, 70, 74, 78, 8, 81, 102
72
86, 101, 109, 10, 25, 34, 56, 69, 100, 105, 30, 9, 5, 27, 117, 43, 58, 108, 14, 124, 64, 72, 120, 7, 52, 53, 95, 41, 22, 36, 88, 96, 28, 66, 35, 122, 127, 20, 54, 123, 119, 104, 128, 19, 87, 125, 118, 3, 12, 26, 65, 42, 76, 89, 48, 49, 99, 47, 16, 29, 55, 61, 57, 4, 121, 13, 73, 1, 106, 18, 0, 39, 45, 82, 23, 31, 60, 2, 15, 40, 98, 24, 62, 46, 51, 67, 107, 6, 85, 90, 92, 111, 21, 110, 112, 115, 38, 71, 97, 44, 77, 79, 103, 59, 83, 84, 126, 63, 91, 129, 33, 113, 11, 93, 94, 114, 17, 68, 75, 116, 32, 50, 80, 37, 70, 74, 78, 8, 81, 102
71
86, 101, 109, 10, 25, 34, 56, 69, 100, 105, 30, 9, 5, 27, 117, 43, 58, 108, 14, 124, 64, 72, 120, 7, 52, 53, 95, 41, 22, 36, 88, 96, 28, 66, 35, 122, 127, 20, 54, 123, 119, 104, 128, 19, 87, 125, 118, 3, 12, 26, 65, 42, 76, 89, 48, 49, 99, 47, 16, 29, 55, 61, 57, 4, 121, 13, 73, 1, 106, 18, 0, 39, 45, 82, 23, 31, 60, 2, 15, 40, 98, 24, 62, 46, 51, 67, 107, 6, 85, 90, 92, 111, 21, 110, 112, 115, 38, 71, 97, 44, 77, 79, 103, 59, 83, 84, 126, 63, 91, 129, 33, 113, 11, 93, 94, 114, 17, 68, 75, 116, 32, 50, 80, 37, 70, 74, 78, 8, 81, 102
70
86, 101, 109, 10, 25, 34, 56, 69, 100, 105, 30, 9, 5, 27, 117, 43, 58, 108, 14, 124, 64, 72, 120, 7, 52, 53, 95, 41, 22, 36, 88, 96, 28, 66, 35, 122, 127, 20, 54, 123, 119, 104, 128, 19, 87, 125, 118, 3, 12, 26, 65, 42, 76, 89, 48, 49, 99, 47, 16, 29, 55, 61, 57, 4, 121, 13, 73, 1, 106, 18, 0, 39, 45, 82, 23, 31, 60, 2, 15, 40, 98, 24, 62, 46, 51, 67, 107, 6, 85, 90, 92, 111, 21, 110, 112, 115, 38, 71, 97, 44, 77, 79, 103, 59, 83, 84, 126, 63, 91, 129, 33, 113, 11, 93, 94, 114, 17, 68, 75, 116, 32, 50, 80, 37, 70, 74, 78, 8, 81, 102
69
86, 101, 109, 10, 25, 34, 56, 69, 100, 105, 30, 9, 5, 27, 117, 43, 58, 108, 14, 124, 64, 72, 120, 7, 52, 53, 95, 41, 22, 36, 88, 96, 28, 66, 35, 122, 127, 20, 54, 123, 119, 104, 128, 19, 87, 125, 118, 3, 12, 26, 65, 42, 76, 89, 48, 49, 99, 47, 16, 29, 55, 61, 57, 4, 121, 13, 73, 1, 106, 18, 0, 39, 45, 82, 23, 31, 60, 2, 15, 40, 98, 24, 62, 46, 51, 67, 107, 6, 85, 90, 92, 111, 21, 110, 112, 115, 38, 71, 97, 44, 77, 79, 103, 59, 83, 84, 126, 63, 91, 129, 33, 113, 11, 93, 94, 114, 17, 68, 75, 116, 32, 50, 80, 37, 70, 74, 78, 8, 81, 102
68
86, 101, 109, 10, 25, 34, 56, 69, 100, 105, 30, 9, 5, 27, 117, 43, 58, 108, 14, 124, 64, 72, 120, 7, 52, 53, 95, 41, 22, 36, 88, 96, 28, 66, 35, 122, 127, 20, 54, 123, 119, 104, 128, 19, 87, 125, 118, 3, 12, 26, 65, 42, 76, 89, 48, 49, 99, 47, 16, 29, 55, 61, 57, 4, 121, 13, 73, 1, 106, 18, 0, 39, 45, 82, 23, 31, 60, 2, 15, 40, 98, 24, 62, 46, 51, 67, 107, 6, 85, 90, 92, 111, 21, 110, 112, 115, 38, 71, 97, 44, 77, 79, 103, 59, 83, 84, 126, 63, 91, 129, 33, 113, 11, 93, 94, 114, 17, 68, 75, 116, 32, 50, 80, 37, 70, 74, 78, 8, 81, 102
67
86, 101, 109, 10, 25, 34, 56, 69, 100, 105, 30, 9, 5, 27, 117, 43, 58, 108, 14, 124, 64, 72, 120, 7, 52, 53, 95, 41, 22, 36, 88, 96, 28, 66, 35, 122, 127, 20, 54, 123, 119, 104, 128, 19, 87, 125, 118, 3, 12, 26, 65, 42, 76, 89, 48, 49, 99, 47, 16, 29, 55, 61, 57, 4, 121, 13, 73, 1, 106, 18, 0, 39, 45, 82, 23, 31, 60, 2, 15, 40, 98, 24, 62, 46, 51, 67, 107, 6, 85, 90, 92, 111, 21, 110, 112, 115, 38, 71, 97, 44, 77, 79, 103, 59, 83, 84, 126, 63, 91, 129, 33, 113, 11, 93, 94, 114, 17, 68, 75, 116, 32, 50, 80, 37, 70, 74, 78, 8, 81, 102
66
86, 101, 109, 10, 25, 34, 56, 69, 100, 105, 30, 9, 5, 27, 117, 43, 58, 108, 14, 124, 64, 72, 120, 7, 52, 53, 95, 41, 22, 36, 88, 96, 28, 66, 35, 122, 127, 20, 54, 123, 119, 104, 128, 19, 87, 125, 118, 3, 12, 26, 65, 42, 76, 89, 48, 49, 99, 47, 16, 29, 55, 61, 57, 4, 121, 13, 73, 1, 106, 18, 0, 39, 45, 82, 23, 31, 60, 2, 15, 40, 98, 24, 62, 46, 51, 67, 107, 6, 85, 90, 92, 111, 21, 110, 112, 115, 38, 71, 97, 44, 77, 79, 103, 59, 83, 84, 126, 63, 91, 129, 33, 113, 11, 93, 94, 114, 17, 68, 75, 116, 32, 50, 80, 37, 70, 74, 78, 8, 81, 102
65
86, 101, 109, 10, 25, 34, 56, 69, 100, 105, 30, 9, 5, 27, 117, 43, 58, 108, 14, 124, 64, 72, 120, 7, 52, 53, 95, 41, 22, 36, 88, 96, 28, 66, 35, 122, 127, 20, 54, 123, 119, 104, 128, 19, 87, 125, 118, 3, 12, 26, 65, 42, 76, 89, 48, 49, 99, 47, 16, 29, 55, 61, 57, 4, 121, 13, 73, 1, 106, 18, 0, 39, 45, 82, 23, 31, 60, 2, 15, 40, 98, 24, 62, 46, 51, 67, 107, 6, 85, 90, 92, 111, 21, 110, 112, 115, 38, 71, 97, 44, 77, 79, 103, 59, 83, 84, 126, 63, 91, 129, 33, 113, 11, 93, 94, 114, 17, 68, 75, 116, 32, 50, 80, 37, 70, 74, 78, 8, 81, 102
64
86, 101, 109, 10, 25, 34, 56, 69, 100, 105, 30, 9, 5, 27, 117, 43, 58, 108, 14, 124, 64, 72, 120, 7, 52, 53, 95, 41, 22, 36, 88, 96, 28, 66, 35, 122, 127, 20, 54, 123, 119, 104, 128, 19, 87, 125, 118, 3, 12, 26, 65, 42, 76, 89, 48, 49, 99, 47, 16, 29, 55, 61, 57, 4, 121, 13, 73, 1, 106, 18, 0, 39, 45, 82, 23, 31, 60, 2, 15, 40, 98, 24, 62, 46, 51, 67, 107, 6, 85, 90, 92, 111, 21, 110, 112, 115, 38, 71, 97, 44, 77, 79, 103, 59, 83, 84, 126, 63, 91, 129, 33, 113, 11, 93, 94, 114, 17, 68, 75, 116, 32, 50, 80, 37, 70, 74, 78, 8, 81, 102
63
86, 101, 109, 10, 25, 34, 56, 69, 100, 105, 30, 9, 5, 27, 117, 43, 58, 108, 14, 124, 64, 72, 120, 7, 52, 53, 95, 41, 22, 36, 88, 96, 28, 66, 35, 122, 127, 20, 54, 123, 119, 104, 128, 19, 87, 125, 118, 3, 12, 26, 65, 42, 76, 89, 48, 49, 99, 47, 16, 29, 55, 61, 57, 4, 121, 13, 73, 1, 106, 18, 0, 39, 45, 82, 23, 31, 60, 2, 15, 40, 98, 24, 62, 46, 51, 67, 107, 6, 85, 90, 92, 111, 21, 110, 112, 115, 38, 71, 97, 44, 77, 79, 103, 59, 83, 84, 126, 63, 91, 129, 33, 113, 11, 93, 94, 114, 17, 68, 75, 116, 32, 50, 80, 37, 70, 74, 78, 8, 81, 102
62
86, 101, 109, 10, 25, 34, 56, 69, 100, 105, 30, 9, 5, 27, 117, 43, 58, 108, 14, 124, 64, 72, 120, 7, 52, 53, 95, 41, 22, 36, 88, 96, 28, 66, 35, 122, 127, 20, 54, 123, 119, 104, 128, 19, 87, 125, 118, 3, 12, 26, 65, 42, 76, 89, 48, 49, 99, 47, 16, 29, 55, 61, 57, 4, 121, 13, 73, 1, 106, 18, 0, 39, 45, 82, 23, 31, 60, 2, 15, 40, 98, 24, 62, 46, 51, 67, 107, 6, 85, 90, 92, 111, 21, 110, 112, 115, 38, 71, 97, 44, 77, 79, 103, 59, 83, 84, 126, 63, 91, 129, 33, 113, 11, 93, 94, 114, 17, 68, 75, 116, 32, 50, 80, 37, 70, 74, 78, 8, 81, 102
61
86, 101, 109, 10, 25, 34, 56, 69, 100, 105, 30, 9, 5, 27, 117, 43, 58, 108, 14, 124, 64, 72, 120, 7, 52, 53, 95, 41, 22, 36, 88, 96, 28, 66, 35, 122, 127, 20, 54, 123, 119, 104, 128, 19, 87, 125, 118, 3, 12, 26, 65, 42, 76, 89, 48, 49, 99, 47, 16, 29, 55, 61, 57, 4, 121, 13, 73, 1, 106, 18, 0, 39, 45, 82, 23, 31, 60, 2, 15, 40, 98, 24, 62, 46, 51, 67, 107, 6, 85, 90, 92, 111, 21, 110, 112, 115, 38, 71, 97, 44, 77, 79, 103, 59, 83, 84, 126, 63, 91, 129, 33, 113, 11, 93, 94, 114, 17, 68, 75, 116, 32, 50, 80, 37, 70, 74, 78, 8, 81, 102
60
86, 101, 109, 10, 25, 34, 56, 69, 100, 105, 30, 9, 5, 27, 117, 43, 58, 108, 14, 124, 64, 72, 120, 7, 52, 53, 95, 41, 22, 36, 88, 96, 28, 66, 35, 122, 127, 20, 54, 123, 119, 104, 128, 19, 87, 125, 118, 3, 12, 26, 65, 42, 76, 89, 48, 49, 99, 47, 16, 29, 55, 61, 57, 4, 121, 13, 73, 1, 106, 18, 0, 39, 45, 82, 23, 31, 60, 2, 15, 40, 98, 24, 62, 46, 51, 67, 107, 6, 85, 90, 92, 111, 21, 110, 112, 115, 38, 71, 97, 44, 77, 79, 103, 59, 83, 84, 126, 63, 91, 129, 33, 113, 11, 93, 94, 114, 17, 68, 75, 116, 32, 50, 80, 37, 70, 74, 78, 8, 81, 102
59
86, 101, 109, 10, 25, 34, 56, 69, 100, 105, 30, 9, 5, 27, 117, 43, 58, 108, 14, 124, 64, 72, 120, 7, 52, 53, 95, 41, 22, 36, 88, 96, 28, 66, 35, 122, 127, 20, 54, 123, 119, 104, 128, 19, 87, 125, 118, 3, 12, 26, 65, 42, 76, 89, 48, 49, 99, 47, 16, 29, 55, 61, 57, 4, 121, 13, 73, 1, 106, 18, 0, 39, 45, 82, 23, 31, 60, 2, 15, 40, 98, 24, 62, 46, 51, 67, 107, 6, 85, 90, 92, 111, 21, 110, 112, 115, 38, 71, 97, 44, 77, 79, 103, 59, 83, 84, 126, 63, 91, 129, 33, 113, 11, 93, 94, 114, 17, 68, 75, 116, 32, 50, 80, 37, 70, 74, 78, 8, 81, 102
58
86, 101, 109, 10, 25, 34, 56, 69, 100, 105, 30, 9, 5, 27, 117, 43, 58, 108, 14, 124, 64, 72, 120, 7, 52, 53, 95, 41, 22, 36, 88, 96, 28, 66, 35, 122, 127, 20, 54, 123, 119, 104, 128, 19, 87, 125, 118, 3, 12, 26, 65, 42, 76, 89, 48, 49, 99, 47, 16, 29, 55, 61, 57, 4, 121, 13, 73, 1, 106, 18, 0, 39, 45, 82, 23, 31, 60, 2, 15, 40, 98, 24, 62, 46, 51, 67, 107, 6, 85, 90, 92, 111, 21, 110, 112, 115, 38, 71, 97, 44, 77, 79, 103, 59, 83, 84, 126, 63, 91, 129, 33, 113, 11, 93, 94, 114, 17, 68, 75, 116, 32, 50, 80, 37, 70, 74, 78, 8, 81, 102
57
86, 101, 109, 10, 25, 34, 56, 69, 100, 105, 30, 9, 5, 27, 117, 43, 58, 108, 14, 124, 64, 72, 120, 7, 52, 53, 95, 41, 22, 36, 88, 96, 28, 66, 35, 122, 127, 20, 54, 123, 119, 104, 128, 19, 87, 125, 118, 3, 12, 26, 65, 42, 76, 89, 48, 49, 99, 47, 16, 29, 55, 61, 57, 4, 121, 13, 73, 1, 106, 18, 0, 39, 45, 82, 23, 31, 60, 2, 15, 40, 98, 24, 62, 46, 51, 67, 107, 6, 85, 90, 92, 111, 21, 110, 112, 115, 38, 71, 97, 44, 77, 79, 103, 59, 83, 84, 126, 63, 91, 129, 33, 113, 11, 93, 94, 114, 17, 68, 75, 116, 32, 50, 80, 37, 70, 74, 78, 8, 81, 102
56
86, 101, 109, 10, 25, 34, 56, 69, 100, 105, 30, 9, 5, 27, 117, 43, 58, 108, 14, 124, 64, 72, 120, 7, 52, 53, 95, 41, 22, 36, 88, 96, 28, 66, 35, 122, 127, 20, 54, 123, 119, 104, 128, 19, 87, 125, 118, 3, 12, 26, 65, 42, 76, 89, 48, 49, 99, 47, 16, 29, 55, 61, 57, 4, 121, 13, 73, 1, 106, 18, 0, 39, 45, 82, 23, 31, 60, 2, 15, 40, 98, 24, 62, 46, 51, 67, 107, 6, 85, 90, 92, 111, 21, 110, 112, 115, 38, 71, 97, 44, 77, 79, 103, 59, 83, 84, 126, 63, 91, 129, 33, 113, 11, 93, 94, 114, 17, 68, 75, 116, 32, 50, 80, 37, 70, 74, 78, 8, 81, 102
55
86, 101, 109, 10, 25, 34, 56, 69, 100, 105, 30, 9, 5, 27, 117, 43, 58, 108, 14, 124, 64, 72, 120, 7, 52, 53, 95, 41, 22, 36, 88, 96, 28, 66, 35, 122, 127, 20, 54, 123, 119, 104, 128, 19, 87, 125, 118, 3, 12, 26, 65, 42, 76, 89, 48, 49, 99, 47, 16, 29, 55, 61, 57, 4, 121, 13, 73, 1, 106, 18, 0, 39, 45, 82, 23, 31, 60, 2, 15, 40, 98, 24, 62, 46, 51, 67, 107, 6, 85, 90, 92, 111, 21, 110, 112, 115, 38, 71, 97, 44, 77, 79, 103, 59, 83, 84, 126, 63, 91, 129, 33, 113, 11, 93, 94, 114, 17, 68, 75, 116, 32, 50, 80, 37, 70, 74, 78, 8, 81, 102
54
86, 101, 109, 10, 25, 34, 56, 69, 100, 105, 30, 9, 5, 27, 117, 43, 58, 108, 14, 124, 64, 72, 120, 7, 52, 53, 95, 41, 22, 36, 88, 96, 28, 66, 35, 122, 127, 20, 54, 123, 119, 104, 128, 19, 87, 125, 118, 3, 12, 26, 65, 42, 76, 89, 48, 49, 99, 47, 16, 29, 55, 61, 57, 4, 121, 13, 73, 1, 106, 18, 0, 39, 45, 82, 23, 31, 60, 2, 15, 40, 98, 24, 62, 46, 51, 67, 107, 6, 85, 90, 92, 111, 21, 110, 112, 115, 38, 71, 97, 44, 77, 79, 103, 59, 83, 84, 126, 63, 91, 129, 33, 113, 11, 93, 94, 114, 17, 68, 75, 116, 32, 50, 80, 37, 70, 74, 78, 8, 81, 102
53
86, 101, 109, 10, 25, 34, 56, 69, 100, 105, 30, 9, 5, 27, 117, 43, 58, 108, 14, 124, 64, 72, 120, 7, 52, 53, 95, 41, 22, 36, 88, 96, 28, 66, 35, 122, 127, 20, 54, 123, 119, 104, 128, 19, 87, 125, 118, 3, 12, 26, 65, 42, 76, 89, 48, 49, 99, 47, 16, 29, 55, 61, 57, 4, 121, 13, 73, 1, 106, 18, 0, 39, 45, 82, 23, 31, 60, 2, 15, 40, 98, 24, 62, 46, 51, 67, 107, 6, 85, 90, 92, 111, 21, 110, 112, 115, 38, 71, 97, 44, 77, 79, 103, 59, 83, 84, 126, 63, 91, 129, 33, 113, 11, 93, 94, 114, 17, 68, 75, 116, 32, 50, 80, 37, 70, 74, 78, 8, 81, 102
52
86, 101, 109, 10, 25, 34, 56, 69, 100, 105, 30, 9, 5, 27, 117, 43, 58, 108, 14, 124, 64, 72, 120, 7, 52, 53, 95, 41, 22, 36, 88, 96, 28, 66, 35, 122, 127, 20, 54, 123, 119, 104, 128, 19, 87, 125, 118, 3, 12, 26, 65, 42, 76, 89, 48, 49, 99, 47, 16, 29, 55, 61, 57, 4, 121, 13, 73, 1, 106, 18, 0, 39, 45, 82, 23, 31, 60, 2, 15, 40, 98, 24, 62, 46, 51, 67, 107, 6, 85, 90, 92, 111, 21, 110, 112, 115, 38, 71, 97, 44, 77, 79, 103, 59, 83, 84, 126, 63, 91, 129, 33, 113, 11, 93, 94, 114, 17, 68, 75, 116, 32, 50, 80, 37, 70, 74, 78, 8, 81, 102
51
86, 101, 109, 10, 25, 34, 56, 69, 100, 105, 30, 9, 5, 27, 117, 43, 58, 108, 14, 124, 64, 72, 120, 7, 52, 53, 95, 41, 22, 36, 88, 96, 28, 66, 35, 122, 127, 20, 54, 123, 119, 104, 128, 19, 87, 125, 118, 3, 12, 26, 65, 42, 76, 89, 48, 49, 99, 47, 16, 29, 55, 61, 57, 4, 121, 13, 73, 1, 106, 18, 0, 39, 45, 82, 23, 31, 60, 2, 15, 40, 98, 24, 62, 46, 51, 67, 107, 6, 85, 90, 92, 111, 21, 110, 112, 115, 38, 71, 97, 44, 77, 79, 103, 59, 83, 84, 126, 63, 91, 129, 33, 113, 11, 93, 94, 114, 17, 68, 75, 116, 32, 50, 80, 37, 70, 74, 78, 8, 81, 102
50
86, 101, 109, 10, 25, 34, 56, 69, 100, 105, 30, 9, 5, 27, 117, 43, 58, 108, 14, 124, 64, 72, 120, 7, 52, 53, 95, 41, 22, 36, 88, 96, 28, 66, 35, 122, 127, 20, 54, 123, 119, 104, 128, 19, 87, 125, 118, 3, 12, 26, 65, 42, 76, 89, 48, 49, 99, 47, 16, 29, 55, 61, 57, 4, 121, 13, 73, 1, 106, 18, 0, 39, 45, 82, 23, 31, 60, 2, 15, 40, 98, 24, 62, 46, 51, 67, 107, 6, 85, 90, 92, 111, 21, 110, 112, 115, 38, 71, 97, 44, 77, 79, 103, 59, 83, 84, 126, 63, 91, 129, 33, 113, 11, 93, 94, 114, 17, 68, 75, 116, 32, 50, 80, 37, 70, 74, 78, 8, 81, 102
49
86, 101, 109, 10, 25, 34, 56, 69, 100, 105, 30, 9, 5, 27, 117, 43, 58, 108, 14, 124, 64, 72, 120, 7, 52, 53, 95, 41, 22, 36, 88, 96, 28, 66, 35, 122, 127, 20, 54, 123, 119, 104, 128, 19, 87, 125, 118, 3, 12, 26, 65, 42, 76, 89, 48, 49, 99, 47, 16, 29, 55, 61, 57, 4, 121, 13, 73, 1, 106, 18, 0, 39, 45, 82, 23, 31, 60, 2, 15, 40, 98, 24, 62, 46, 51, 67, 107, 6, 85, 90, 92, 111, 21, 110, 112, 115, 38, 71, 97, 44, 77, 79, 103, 59, 83, 84, 126, 63, 91, 129, 33, 113, 11, 93, 94, 114, 17, 68, 75, 116, 32, 50, 80, 37, 70, 74, 78, 8, 81, 102
48
86, 101, 109, 10, 25, 34, 56, 69, 100, 105, 30, 9, 5, 27, 117, 43, 58, 108, 14, 124, 64, 72, 120, 7, 52, 53, 95, 41, 22, 36, 88, 96, 28, 66, 35, 122, 127, 20, 54, 123, 119, 104, 128, 19, 87, 125, 118, 3, 12, 26, 65, 42, 76, 89, 48, 49, 99, 47, 16, 29, 55, 61, 57, 4, 121, 13, 73, 1, 106, 18, 0, 39, 45, 82, 23, 31, 60, 2, 15, 40, 98, 24, 62, 46, 51, 67, 107, 6, 85, 90, 92, 111, 21, 110, 112, 115, 38, 71, 97, 44, 77, 79, 103, 59, 83, 84, 126, 63, 91, 129, 33, 113, 11, 93, 94, 114, 17, 68, 75, 116, 32, 50, 80, 37, 70, 74, 78, 8, 81, 102
47
86, 101, 109, 10, 25, 34, 56, 69, 100, 105, 30, 9, 5, 27, 117, 43, 58, 108, 14, 124, 64, 72, 120, 7, 52, 53, 95, 41, 22, 36, 88, 96, 28, 66, 35, 122, 127, 20, 54, 123, 119, 104, 128, 19, 87, 125, 118, 3, 12, 26, 65, 42, 76, 89, 48, 49, 99, 47, 16, 29, 55, 61, 57, 4, 121, 13, 73, 1, 106, 18, 0, 39, 45, 82, 23, 31, 60, 2, 15, 40, 98, 24, 62, 46, 51, 67, 107, 6, 85, 90, 92, 111, 21, 110, 112, 115, 38, 71, 97, 44, 77, 79, 103, 59, 83, 84, 126, 63, 91, 129, 33, 113, 11, 93, 94, 114, 17, 68, 75, 116, 32, 50, 80, 37, 70, 74, 78, 8, 81, 102
46
86, 101, 109, 10, 25, 34, 56, 69, 100, 105, 30, 9, 5, 27, 117, 43, 58, 108, 14, 124, 64, 72, 120, 7, 52, 53, 95, 41, 22, 36, 88, 96, 28, 66, 35, 122, 127, 20, 54, 123, 119, 104, 128, 19, 87, 125, 118, 3, 12, 26, 65, 42, 76, 89, 48, 49, 99, 47, 16, 29, 55, 61, 57, 4, 121, 13, 73, 1, 106, 18, 0, 39, 45, 82, 23, 31, 60, 2, 15, 40, 98, 24, 62, 46, 51, 67, 107, 6, 85, 90, 92, 111, 21, 110, 112, 115, 38, 71, 97, 44, 77, 79, 103, 59, 83, 84, 126, 63, 91, 129, 33, 113, 11, 93, 94, 114, 17, 68, 75, 116, 32, 50, 80, 37, 70, 74, 78, 8, 81, 102
45
86, 101, 109, 10, 25, 34, 56, 69, 100, 105, 30, 9, 5, 27, 117, 43, 58, 108, 14, 124, 64, 72, 120, 7, 52, 53, 95, 41, 22, 36, 88, 96, 28, 66, 35, 122, 127, 20, 54, 123, 119, 104, 128, 19, 87, 125, 118, 3, 12, 26, 65, 42, 76, 89, 48, 49, 99, 47, 16, 29, 55, 61, 57, 4, 121, 13, 73, 1, 106, 18, 0, 39, 45, 82, 23, 31, 60, 2, 15, 40, 98, 24, 62, 46, 51, 67, 107, 6, 85, 90, 92, 111, 21, 110, 112, 115, 38, 71, 97, 44, 77, 79, 103, 59, 83, 84, 126, 63, 91, 129, 33, 113, 11, 93, 94, 114, 17, 68, 75, 116, 32, 50, 80, 37, 70, 74, 78, 8, 81, 102
44
86, 101, 109, 10, 25, 34, 56, 69, 100, 105, 30, 9, 5, 27, 117, 43, 58, 108, 14, 124, 64, 72, 120, 7, 52, 53, 95, 41, 22, 36, 88, 96, 28, 66, 35, 122, 127, 20, 54, 123, 119, 104, 128, 19, 87, 125, 118, 3, 12, 26, 65, 42, 76, 89, 48, 49, 99, 47, 16, 29, 55, 61, 57, 4, 121, 13, 73, 1, 106, 18, 0, 39, 45, 82, 23, 31, 60, 2, 15, 40, 98, 24, 62, 46, 51, 67, 107, 6, 85, 90, 92, 111, 21, 110, 112, 115, 38, 71, 97, 44, 77, 79, 103, 59, 83, 84, 126, 63, 91, 129, 33, 113, 11, 93, 94, 114, 17, 68, 75, 116, 32, 50, 80, 37, 70, 74, 78, 8, 81, 102
43
86, 101, 109, 10, 25, 34, 56, 69, 100, 105, 30, 9, 5, 27, 117, 43, 58, 108, 14, 124, 64, 72, 120, 7, 52, 53, 95, 41, 22, 36, 88, 96, 28, 66, 35, 122, 127, 20, 54, 123, 119, 104, 128, 19, 87, 125, 118, 3, 12, 26, 65, 42, 76, 89, 48, 49, 99, 47, 16, 29, 55, 61, 57, 4, 121, 13, 73, 1, 106, 18, 0, 39, 45, 82, 23, 31, 60, 2, 15, 40, 98, 24, 62, 46, 51, 67, 107, 6, 85, 90, 92, 111, 21, 110, 112, 115, 38, 71, 97, 44, 77, 79, 103, 59, 83, 84, 126, 63, 91, 129, 33, 113, 11, 93, 94, 114, 17, 68, 75, 116, 32, 50, 80, 37, 70, 74, 78, 8, 81, 102
42
86, 101, 109, 10, 25, 34, 56, 69, 100, 105, 30, 9, 5, 27, 117, 43, 58, 108, 14, 124, 64, 72, 120, 7, 52, 53, 95, 41, 22, 36, 88, 96, 28, 66, 35, 122, 127, 20, 54, 123, 119, 104, 128, 19, 87, 125, 118, 3, 46, 107, 51, 38, 71, 97, 26, 65, 76, 89, 48, 24, 12, 42, 49, 99, 47, 16, 29, 55, 61, 57, 4, 121, 13, 73, 1, 106, 18, 0, 39, 45, 82, 23, 31, 60, 2, 15, 40, 98, 62, 67, 6, 85, 90, 92, 111, 21, 110, 112, 115, 44, 77, 79, 103, 59, 83, 84, 126, 63, 91, 129, 33, 113, 11, 93, 94, 114, 17, 68, 75, 116, 32, 50, 80, 37, 70, 74, 78, 8, 81, 102
41
86, 101, 109, 10, 25, 34, 56, 69, 100, 105, 30, 9, 5, 27, 117, 43, 58, 108, 14, 124, 64, 72, 120, 7, 52, 53, 95, 41, 22, 36, 88, 96, 28, 66, 35, 122, 127, 20, 54, 123, 119, 104, 128, 19, 87, 125, 118, 46, 107, 51, 38, 71, 97, 26, 65, 76, 6, 90, 92, 112, 110, 98, 4, 121, 24, 89, 3, 48, 12, 42, 49, 99, 47, 16, 29, 55, 61, 57, 13, 73, 1, 106, 18, 0, 39, 45, 82, 23, 31, 60, 2, 15, 40, 62, 67, 85, 111, 21, 115, 44, 77, 79, 103, 59, 83, 84, 126, 63, 91, 129, 33, 113, 11, 93, 94, 114, 17, 68, 75, 116, 32, 50, 80, 37, 70, 74, 78, 8, 81, 102
40
86, 101, 109, 10, 25, 34, 56, 69, 100, 105, 30, 9, 5, 27, 117, 43, 58, 108, 14, 124, 64, 72, 120, 7, 52, 53, 95, 41, 22, 36, 88, 96, 66, 127, 54, 123, 119, 104, 17, 75, 116, 68, 106, 1, 39, 40, 114, 51, 38, 71, 97, 118, 62, 98, 13, 4, 73, 45, 28, 35, 122, 20, 128, 125, 87, 19, 46, 107, 90, 6, 76, 26, 65, 92, 112, 110, 121, 24, 89, 3, 48, 12, 42, 49, 99, 47, 16, 29, 55, 61, 57, 18, 0, 82, 23, 31, 60, 2, 15, 67, 85, 111, 21, 115, 44, 77, 79, 103, 59, 83, 84, 126, 63, 91, 129, 33, 113, 11, 93, 94, 32, 50, 80, 37, 70, 74, 78, 8, 81, 102
39
86, 101, 109, 10, 25, 34, 56, 69, 100, 105, 30, 9, 5, 27, 117, 43, 58, 108, 14, 124, 72, 120, 7, 52, 53, 95, 41, 22, 36, 88, 96, 66, 127, 54, 123, 119, 104, 17, 75, 116, 68, 106, 1, 39, 40, 114, 51, 38, 71, 97, 118, 62, 13, 45, 20, 125, 46, 107, 48, 24, 67, 15, 83, 59, 6, 112, 121, 87, 122, 64, 98, 4, 73, 35, 28, 128, 19, 90, 76, 26, 65, 92, 110, 89, 3, 12, 42, 49, 99, 47, 16, 29, 55, 61, 57, 18, 0, 82, 23, 31, 60, 2, 85, 111, 21, 115, 44, 77, 79, 103, 84, 126, 63, 91, 129, 33, 113, 11, 93, 94, 32, 50, 80, 37, 70, 74, 78, 8, 81, 102
# [date -Iseconds] 2025-10-04T15:39:06+09:00
# [timeout] 124
