# [run] timeout 1h java -Xms1024g -Xmx1024g -Xss134m -cp ../src/pathwidth.jar Pathwidth ../benchmark_instances/2023result/docs/solver/benchmark/random_instance/random_instance006_graph005.col
# [date -Iseconds] 2025-10-03T18:56:13+09:00
../benchmark_instances/2023result/docs/solver/benchmark/random_instance/random_instance006_graph005.col
78
30, 5, 8, 15, 17, 1, 41, 47, 58, 7, 14, 67, 63, 27, 65, 42, 18, 54, 10, 24, 26, 6, 33, 77, 12, 38, 25, 37, 34, 43, 45, 16, 55, 39, 20, 36, 2, 51, 22, 23, 28, 40, 50, 11, 31, 52, 9, 60, 29, 4, 46, 19, 71, 74, 3, 57, 61, 75, 13, 59, 72, 0, 66, 70, 76, 21, 48, 35, 56, 68, 44, 64, 69, 32, 49, 53, 62, 73
77
30, 5, 8, 15, 17, 1, 41, 47, 58, 7, 14, 67, 63, 27, 65, 42, 18, 54, 10, 24, 26, 6, 33, 77, 12, 38, 25, 37, 34, 43, 45, 16, 55, 39, 20, 36, 2, 51, 22, 23, 28, 40, 50, 11, 31, 52, 9, 60, 29, 4, 46, 19, 71, 74, 3, 57, 61, 75, 13, 59, 72, 0, 66, 70, 76, 21, 48, 35, 56, 68, 44, 64, 69, 32, 49, 53, 62, 73
76
30, 5, 8, 15, 17, 1, 41, 47, 58, 7, 14, 67, 63, 27, 65, 42, 18, 54, 10, 24, 26, 6, 33, 77, 12, 38, 25, 37, 34, 43, 45, 16, 55, 39, 20, 36, 2, 51, 22, 23, 28, 40, 50, 11, 31, 52, 9, 60, 29, 4, 46, 19, 71, 74, 3, 57, 61, 75, 13, 59, 72, 0, 66, 70, 76, 21, 48, 35, 56, 68, 44, 64, 69, 32, 49, 53, 62, 73
75
30, 5, 8, 15, 17, 1, 41, 47, 58, 7, 14, 67, 63, 27, 65, 42, 18, 54, 10, 24, 26, 6, 33, 77, 12, 38, 25, 37, 34, 43, 45, 16, 55, 39, 20, 36, 2, 51, 22, 23, 28, 40, 50, 11, 31, 52, 9, 60, 29, 4, 46, 19, 71, 74, 3, 57, 61, 75, 13, 59, 72, 0, 66, 70, 76, 21, 48, 35, 56, 68, 44, 64, 69, 32, 49, 53, 62, 73
74
30, 5, 8, 15, 17, 1, 41, 47, 58, 7, 14, 67, 63, 27, 65, 42, 18, 54, 10, 24, 26, 6, 33, 77, 12, 38, 25, 37, 34, 43, 45, 16, 55, 39, 20, 36, 2, 51, 22, 23, 28, 40, 50, 11, 31, 52, 9, 60, 29, 4, 46, 19, 71, 74, 3, 57, 61, 75, 13, 59, 72, 0, 66, 70, 76, 21, 48, 35, 56, 68, 44, 64, 69, 32, 49, 53, 62, 73
73
30, 5, 8, 15, 17, 1, 41, 47, 58, 7, 14, 67, 63, 27, 65, 42, 18, 54, 10, 24, 26, 6, 33, 77, 12, 38, 25, 37, 34, 43, 45, 16, 55, 39, 20, 36, 2, 51, 22, 23, 28, 40, 50, 11, 31, 52, 9, 60, 29, 4, 46, 19, 71, 74, 3, 57, 61, 75, 13, 59, 72, 0, 66, 70, 76, 21, 48, 35, 56, 68, 44, 64, 69, 32, 49, 53, 62, 73
72
30, 5, 8, 15, 17, 1, 41, 47, 58, 7, 14, 67, 63, 27, 65, 42, 18, 54, 10, 24, 26, 6, 33, 77, 12, 38, 25, 37, 34, 43, 45, 16, 55, 39, 20, 36, 2, 51, 22, 23, 28, 40, 50, 11, 31, 52, 9, 60, 29, 4, 46, 19, 71, 74, 3, 57, 61, 75, 13, 59, 72, 0, 66, 70, 76, 21, 48, 35, 56, 68, 44, 64, 69, 32, 49, 53, 62, 73
71
30, 5, 8, 15, 17, 1, 41, 47, 58, 7, 14, 67, 63, 27, 65, 42, 18, 54, 10, 24, 26, 6, 33, 77, 12, 38, 25, 37, 34, 43, 45, 16, 55, 39, 20, 36, 2, 51, 22, 23, 28, 40, 50, 11, 31, 52, 9, 60, 29, 4, 46, 19, 71, 74, 3, 57, 61, 75, 13, 59, 72, 0, 66, 70, 76, 21, 48, 35, 56, 68, 44, 64, 69, 32, 49, 53, 62, 73
70
30, 5, 8, 15, 17, 1, 41, 47, 58, 7, 14, 67, 63, 27, 65, 42, 18, 54, 10, 24, 26, 6, 33, 77, 12, 38, 25, 37, 34, 43, 45, 16, 55, 39, 20, 36, 2, 51, 22, 23, 28, 40, 50, 11, 31, 52, 9, 60, 29, 4, 46, 19, 71, 74, 3, 57, 61, 75, 13, 59, 72, 0, 66, 70, 76, 21, 48, 35, 56, 68, 44, 64, 69, 32, 49, 53, 62, 73
69
30, 5, 8, 15, 17, 1, 41, 47, 58, 7, 14, 67, 63, 27, 65, 42, 18, 54, 10, 24, 26, 6, 33, 77, 12, 38, 25, 37, 34, 43, 45, 16, 55, 39, 20, 36, 2, 51, 22, 23, 28, 40, 50, 11, 31, 52, 9, 60, 29, 4, 46, 19, 71, 74, 3, 57, 61, 75, 13, 59, 72, 0, 66, 70, 76, 21, 48, 35, 56, 68, 44, 64, 69, 32, 49, 53, 62, 73
68
30, 5, 8, 15, 17, 1, 41, 47, 58, 7, 14, 67, 63, 27, 65, 42, 18, 54, 10, 24, 26, 6, 33, 77, 12, 38, 25, 37, 34, 43, 45, 16, 55, 39, 20, 36, 2, 51, 22, 23, 28, 40, 50, 11, 31, 52, 9, 60, 29, 4, 46, 19, 71, 74, 3, 57, 61, 75, 13, 59, 72, 0, 66, 70, 76, 21, 48, 35, 56, 68, 44, 64, 69, 32, 49, 53, 62, 73
67
30, 5, 8, 15, 17, 1, 41, 47, 58, 7, 14, 67, 63, 27, 65, 42, 18, 54, 10, 24, 26, 6, 33, 77, 12, 38, 25, 37, 34, 43, 45, 16, 55, 39, 20, 36, 2, 51, 22, 23, 28, 40, 50, 11, 31, 52, 9, 60, 29, 4, 46, 19, 71, 74, 3, 57, 61, 75, 13, 59, 72, 0, 66, 70, 76, 21, 48, 35, 56, 68, 44, 64, 69, 32, 49, 53, 62, 73
66
30, 5, 8, 15, 17, 1, 41, 47, 58, 7, 14, 67, 63, 27, 65, 42, 18, 54, 10, 24, 26, 6, 33, 77, 12, 38, 25, 37, 34, 43, 45, 16, 55, 39, 20, 36, 2, 51, 22, 23, 28, 40, 50, 11, 31, 52, 9, 60, 29, 4, 46, 19, 71, 74, 3, 57, 61, 75, 13, 59, 72, 0, 66, 70, 76, 21, 48, 35, 56, 68, 44, 64, 69, 32, 49, 53, 62, 73
65
30, 5, 8, 15, 17, 1, 41, 47, 58, 7, 14, 67, 63, 27, 65, 42, 18, 54, 10, 24, 26, 6, 33, 77, 12, 38, 25, 37, 34, 43, 45, 16, 55, 39, 20, 36, 2, 51, 22, 23, 28, 40, 50, 11, 31, 52, 9, 60, 29, 4, 46, 19, 71, 74, 3, 57, 61, 75, 13, 59, 72, 0, 66, 70, 76, 21, 48, 35, 56, 68, 44, 64, 69, 32, 49, 53, 62, 73
64
30, 5, 8, 15, 17, 1, 41, 47, 58, 7, 14, 67, 63, 27, 65, 42, 18, 54, 10, 24, 26, 6, 33, 77, 12, 38, 25, 37, 34, 43, 45, 16, 55, 39, 20, 36, 2, 51, 22, 23, 28, 40, 50, 11, 31, 52, 9, 60, 29, 4, 46, 19, 71, 74, 3, 57, 61, 75, 13, 59, 72, 0, 66, 70, 76, 21, 48, 35, 56, 68, 44, 64, 69, 32, 49, 53, 62, 73
63
30, 5, 8, 15, 17, 1, 41, 47, 58, 7, 14, 67, 63, 27, 65, 42, 18, 54, 10, 24, 26, 6, 33, 77, 12, 38, 25, 37, 34, 43, 45, 16, 55, 39, 20, 36, 2, 51, 22, 23, 28, 40, 50, 11, 31, 52, 9, 60, 29, 4, 46, 19, 71, 74, 3, 57, 61, 75, 13, 59, 72, 0, 66, 70, 76, 21, 48, 35, 56, 68, 44, 64, 69, 32, 49, 53, 62, 73
62
30, 5, 8, 15, 17, 1, 41, 47, 58, 7, 14, 67, 63, 27, 65, 42, 18, 54, 10, 24, 26, 6, 33, 77, 12, 38, 25, 37, 34, 43, 45, 16, 55, 39, 20, 36, 2, 51, 22, 23, 28, 40, 50, 11, 31, 52, 9, 60, 29, 4, 46, 19, 71, 74, 3, 57, 61, 75, 13, 59, 72, 0, 66, 70, 76, 21, 48, 35, 56, 68, 44, 64, 69, 32, 49, 53, 62, 73
61
30, 5, 8, 15, 17, 1, 41, 47, 58, 7, 14, 67, 63, 27, 65, 42, 18, 54, 10, 24, 26, 6, 33, 77, 12, 38, 25, 37, 34, 43, 45, 16, 55, 39, 20, 36, 2, 51, 22, 23, 28, 40, 50, 11, 31, 52, 9, 60, 29, 4, 46, 19, 71, 74, 3, 57, 61, 75, 13, 59, 72, 0, 66, 70, 76, 21, 48, 35, 56, 68, 44, 64, 69, 32, 49, 53, 62, 73
60
30, 5, 8, 15, 17, 1, 41, 47, 58, 7, 14, 67, 63, 27, 65, 42, 18, 54, 10, 24, 26, 6, 33, 77, 12, 38, 25, 37, 34, 43, 45, 16, 55, 39, 20, 36, 2, 51, 22, 23, 28, 40, 50, 11, 31, 52, 9, 60, 29, 4, 46, 19, 71, 74, 3, 57, 61, 75, 13, 59, 72, 0, 66, 70, 76, 21, 48, 35, 56, 68, 44, 64, 69, 32, 49, 53, 62, 73
59
30, 5, 8, 15, 17, 1, 41, 47, 58, 7, 14, 67, 63, 27, 65, 42, 18, 54, 10, 24, 26, 6, 33, 77, 12, 38, 25, 37, 34, 43, 45, 16, 55, 39, 20, 36, 2, 51, 22, 23, 28, 40, 50, 11, 31, 52, 9, 60, 29, 4, 46, 19, 71, 74, 3, 57, 61, 75, 13, 59, 72, 0, 66, 70, 76, 21, 48, 35, 56, 68, 44, 64, 69, 32, 49, 53, 62, 73
58
30, 5, 8, 15, 17, 1, 41, 47, 58, 7, 14, 67, 63, 27, 65, 42, 18, 54, 10, 24, 26, 6, 33, 77, 12, 38, 25, 37, 34, 43, 45, 16, 55, 39, 20, 36, 2, 51, 22, 23, 28, 40, 50, 11, 31, 52, 9, 60, 29, 4, 46, 19, 71, 74, 3, 57, 61, 75, 13, 59, 72, 0, 66, 70, 76, 21, 48, 35, 56, 68, 44, 64, 69, 32, 49, 53, 62, 73
57
30, 5, 8, 15, 17, 1, 41, 47, 58, 7, 14, 67, 63, 27, 65, 42, 18, 54, 10, 24, 26, 6, 33, 77, 12, 38, 25, 37, 34, 43, 45, 16, 55, 39, 20, 36, 2, 51, 22, 23, 28, 40, 50, 11, 31, 52, 9, 60, 29, 4, 46, 19, 71, 74, 3, 57, 61, 75, 13, 59, 72, 0, 66, 70, 76, 21, 48, 35, 56, 68, 44, 64, 69, 32, 49, 53, 62, 73
56
30, 5, 8, 15, 17, 1, 41, 47, 58, 7, 14, 67, 63, 27, 65, 42, 18, 54, 10, 24, 26, 6, 33, 77, 12, 38, 25, 37, 34, 43, 45, 16, 55, 39, 20, 36, 2, 51, 22, 23, 28, 40, 50, 11, 31, 52, 9, 60, 29, 4, 46, 19, 71, 74, 3, 57, 61, 75, 13, 59, 72, 0, 66, 70, 76, 21, 48, 35, 56, 68, 44, 64, 69, 32, 49, 53, 62, 73
55
30, 5, 8, 15, 17, 1, 41, 47, 58, 7, 14, 67, 63, 27, 65, 42, 18, 54, 10, 24, 26, 6, 33, 77, 12, 38, 25, 37, 34, 43, 45, 16, 55, 39, 20, 36, 2, 51, 22, 23, 28, 40, 50, 11, 31, 52, 9, 60, 29, 4, 46, 19, 71, 74, 3, 57, 61, 75, 13, 59, 72, 0, 66, 70, 76, 21, 48, 35, 56, 68, 44, 64, 69, 32, 49, 53, 62, 73
54
30, 5, 8, 15, 17, 1, 41, 47, 58, 7, 14, 67, 63, 27, 65, 42, 18, 54, 10, 24, 26, 6, 33, 77, 12, 38, 25, 37, 34, 43, 45, 16, 55, 39, 20, 36, 2, 51, 22, 23, 28, 40, 50, 11, 31, 52, 9, 60, 29, 4, 46, 19, 71, 74, 3, 57, 61, 75, 13, 59, 72, 0, 66, 70, 76, 21, 48, 35, 56, 68, 44, 64, 69, 32, 49, 53, 62, 73
53
30, 5, 8, 15, 17, 1, 41, 47, 58, 7, 14, 67, 63, 27, 65, 42, 18, 54, 10, 24, 26, 6, 33, 77, 12, 38, 25, 37, 34, 43, 45, 16, 55, 39, 20, 36, 2, 51, 22, 23, 28, 40, 50, 11, 31, 52, 9, 60, 29, 4, 46, 19, 71, 74, 3, 57, 61, 75, 13, 59, 72, 0, 66, 70, 76, 21, 48, 35, 56, 68, 44, 64, 69, 32, 49, 53, 62, 73
52
30, 5, 8, 15, 17, 1, 41, 47, 58, 7, 14, 67, 63, 27, 65, 42, 18, 54, 10, 24, 26, 6, 33, 77, 12, 38, 25, 37, 34, 43, 45, 16, 55, 39, 20, 36, 2, 51, 22, 23, 28, 40, 50, 11, 31, 52, 9, 60, 29, 4, 46, 19, 71, 74, 3, 57, 61, 75, 13, 59, 72, 0, 66, 70, 76, 21, 48, 35, 56, 68, 44, 64, 69, 32, 49, 53, 62, 73
51
30, 5, 8, 15, 17, 1, 41, 47, 58, 7, 14, 67, 63, 27, 65, 42, 18, 54, 10, 24, 26, 6, 33, 77, 12, 38, 25, 37, 34, 43, 45, 16, 55, 39, 20, 36, 2, 51, 22, 23, 28, 40, 50, 11, 31, 52, 9, 60, 29, 4, 46, 19, 71, 74, 3, 57, 61, 75, 13, 59, 72, 0, 66, 70, 76, 21, 48, 35, 56, 68, 44, 64, 69, 32, 49, 53, 62, 73
50
30, 5, 8, 15, 17, 1, 41, 47, 58, 7, 14, 67, 63, 27, 65, 42, 18, 54, 10, 24, 26, 6, 33, 77, 12, 38, 25, 37, 34, 43, 45, 16, 55, 39, 20, 36, 2, 51, 22, 23, 28, 40, 50, 11, 31, 52, 9, 60, 29, 4, 46, 19, 71, 74, 3, 57, 61, 75, 13, 59, 72, 0, 66, 70, 76, 21, 48, 35, 56, 68, 44, 64, 69, 32, 49, 53, 62, 73
49
30, 5, 8, 15, 17, 1, 41, 47, 58, 7, 14, 67, 63, 27, 65, 42, 18, 54, 10, 24, 26, 6, 33, 77, 12, 38, 25, 37, 34, 43, 45, 16, 55, 39, 20, 36, 2, 51, 22, 23, 28, 40, 50, 11, 31, 52, 9, 60, 29, 4, 46, 19, 71, 74, 3, 57, 61, 75, 13, 59, 72, 0, 66, 70, 76, 21, 48, 35, 56, 68, 44, 64, 69, 32, 49, 53, 62, 73
48
30, 5, 8, 15, 17, 1, 41, 47, 58, 7, 14, 67, 63, 27, 65, 42, 18, 54, 10, 24, 26, 6, 33, 77, 12, 38, 25, 37, 34, 43, 45, 16, 55, 39, 20, 36, 2, 51, 22, 23, 28, 40, 50, 11, 31, 52, 9, 60, 29, 4, 46, 19, 71, 74, 3, 57, 61, 75, 13, 59, 72, 0, 66, 70, 76, 21, 48, 35, 56, 68, 44, 64, 69, 32, 49, 53, 62, 73
47
30, 5, 8, 15, 17, 1, 41, 47, 58, 7, 14, 67, 63, 27, 65, 42, 18, 54, 10, 24, 26, 6, 33, 77, 12, 38, 25, 37, 34, 43, 45, 16, 55, 39, 20, 36, 2, 51, 22, 23, 28, 40, 50, 11, 31, 52, 9, 60, 29, 4, 46, 19, 71, 74, 3, 57, 61, 75, 13, 59, 72, 0, 66, 70, 76, 21, 48, 35, 56, 68, 44, 64, 69, 32, 49, 53, 62, 73
46
30, 5, 8, 15, 17, 1, 41, 47, 58, 7, 14, 67, 63, 27, 65, 42, 18, 54, 10, 24, 26, 6, 33, 77, 12, 38, 25, 37, 34, 43, 45, 16, 55, 39, 20, 36, 2, 51, 22, 23, 28, 40, 50, 11, 31, 52, 9, 60, 29, 4, 46, 19, 71, 74, 3, 57, 61, 75, 13, 59, 72, 0, 66, 70, 76, 21, 48, 35, 56, 68, 44, 64, 69, 32, 49, 53, 62, 73
45
30, 5, 8, 15, 17, 1, 41, 47, 58, 7, 14, 67, 63, 27, 65, 42, 18, 54, 10, 24, 26, 6, 33, 77, 12, 38, 25, 37, 34, 43, 45, 16, 55, 39, 20, 36, 2, 51, 22, 23, 28, 40, 50, 11, 31, 52, 9, 60, 29, 4, 46, 19, 71, 74, 3, 57, 61, 75, 13, 59, 72, 0, 66, 70, 76, 21, 48, 35, 56, 68, 44, 64, 69, 32, 49, 53, 62, 73
44
30, 5, 8, 15, 17, 1, 41, 47, 58, 7, 14, 67, 63, 27, 65, 42, 18, 54, 10, 24, 26, 6, 33, 77, 12, 38, 25, 37, 34, 43, 45, 16, 55, 39, 20, 36, 2, 51, 22, 23, 28, 40, 50, 11, 31, 52, 9, 60, 29, 4, 46, 19, 71, 74, 3, 57, 61, 75, 13, 59, 72, 0, 66, 70, 76, 21, 48, 35, 56, 68, 44, 64, 69, 32, 49, 53, 62, 73
43
30, 5, 8, 15, 17, 1, 41, 47, 58, 7, 14, 67, 63, 27, 65, 42, 18, 54, 10, 24, 26, 6, 33, 77, 12, 38, 25, 37, 34, 43, 45, 16, 55, 39, 20, 36, 2, 51, 22, 23, 28, 40, 50, 11, 31, 52, 9, 60, 29, 4, 46, 19, 71, 74, 3, 57, 61, 75, 13, 59, 72, 0, 66, 70, 76, 21, 48, 35, 56, 68, 44, 64, 69, 32, 49, 53, 62, 73
42
30, 5, 8, 15, 17, 1, 41, 47, 58, 7, 14, 67, 63, 27, 65, 42, 18, 54, 10, 24, 26, 6, 33, 77, 12, 38, 25, 37, 34, 43, 45, 16, 55, 39, 20, 36, 2, 51, 22, 23, 28, 40, 50, 11, 31, 52, 9, 60, 29, 4, 46, 19, 71, 74, 3, 57, 61, 75, 13, 59, 72, 0, 66, 70, 76, 21, 48, 35, 56, 68, 44, 64, 69, 32, 49, 53, 62, 73
41
30, 5, 8, 15, 17, 1, 41, 47, 58, 7, 14, 67, 63, 27, 65, 42, 18, 54, 10, 24, 26, 6, 33, 77, 12, 38, 25, 37, 34, 43, 45, 16, 55, 39, 20, 36, 2, 51, 22, 23, 28, 40, 50, 11, 31, 52, 9, 60, 29, 4, 46, 19, 71, 74, 3, 57, 61, 75, 13, 59, 72, 0, 66, 70, 76, 21, 48, 35, 56, 68, 44, 64, 69, 32, 49, 53, 62, 73
40
30, 5, 8, 15, 17, 1, 41, 47, 58, 7, 14, 67, 63, 27, 65, 42, 18, 54, 10, 24, 26, 6, 33, 77, 12, 38, 25, 37, 34, 43, 45, 16, 55, 39, 20, 36, 2, 51, 22, 23, 28, 40, 50, 11, 31, 52, 9, 60, 29, 4, 46, 19, 71, 74, 3, 57, 61, 75, 13, 59, 72, 0, 66, 70, 76, 21, 48, 35, 56, 68, 44, 64, 69, 32, 49, 53, 62, 73
39
30, 5, 8, 15, 17, 1, 41, 47, 58, 7, 14, 67, 63, 27, 65, 42, 18, 54, 10, 24, 26, 6, 33, 77, 12, 38, 25, 37, 34, 43, 45, 16, 55, 39, 20, 36, 2, 51, 22, 23, 28, 40, 50, 11, 31, 52, 9, 60, 29, 4, 46, 19, 71, 74, 3, 57, 61, 75, 13, 59, 72, 0, 66, 70, 76, 21, 48, 35, 56, 68, 44, 64, 69, 32, 49, 53, 62, 73
38
30, 5, 8, 15, 17, 1, 41, 47, 58, 7, 14, 67, 63, 27, 65, 42, 18, 54, 10, 24, 26, 6, 33, 77, 12, 38, 25, 37, 34, 43, 45, 16, 55, 39, 20, 36, 2, 51, 22, 23, 28, 40, 50, 11, 31, 52, 9, 60, 29, 4, 46, 19, 71, 74, 3, 57, 61, 75, 13, 59, 72, 0, 66, 70, 76, 21, 48, 35, 56, 68, 44, 64, 69, 32, 49, 53, 62, 73
37
30, 5, 8, 15, 17, 1, 41, 47, 58, 7, 14, 67, 63, 27, 65, 42, 18, 54, 10, 24, 26, 6, 33, 77, 12, 38, 25, 37, 34, 43, 45, 16, 55, 39, 20, 36, 2, 51, 22, 23, 28, 40, 50, 11, 31, 52, 9, 60, 29, 4, 46, 19, 71, 74, 3, 57, 61, 75, 13, 59, 72, 0, 66, 70, 76, 21, 48, 35, 56, 68, 44, 64, 69, 32, 49, 53, 62, 73
36
30, 5, 8, 15, 17, 1, 41, 47, 58, 7, 14, 67, 63, 27, 65, 42, 18, 54, 10, 24, 26, 6, 33, 77, 12, 38, 25, 37, 34, 43, 45, 16, 55, 39, 20, 36, 2, 51, 22, 23, 28, 40, 50, 11, 31, 52, 9, 60, 29, 4, 46, 19, 71, 74, 3, 57, 61, 75, 13, 59, 72, 0, 66, 70, 76, 21, 48, 35, 56, 68, 44, 64, 69, 32, 49, 53, 62, 73
35
30, 5, 8, 15, 17, 1, 41, 47, 58, 7, 14, 67, 63, 27, 65, 42, 18, 54, 10, 24, 26, 6, 33, 77, 12, 38, 25, 37, 34, 43, 45, 16, 55, 39, 20, 36, 2, 51, 22, 23, 28, 40, 50, 11, 31, 52, 9, 60, 29, 4, 46, 19, 71, 74, 3, 57, 61, 75, 13, 59, 72, 0, 66, 70, 76, 21, 48, 35, 56, 68, 44, 64, 69, 32, 49, 53, 62, 73
34
30, 5, 8, 15, 17, 1, 41, 47, 58, 7, 14, 67, 63, 27, 65, 42, 18, 54, 10, 24, 26, 6, 33, 77, 12, 38, 25, 37, 34, 43, 45, 16, 55, 39, 20, 36, 2, 51, 22, 23, 28, 40, 50, 11, 31, 52, 9, 60, 29, 4, 46, 19, 71, 74, 3, 57, 61, 75, 13, 59, 72, 0, 66, 70, 76, 21, 48, 35, 56, 68, 44, 64, 69, 32, 49, 53, 62, 73
33
30, 5, 8, 15, 17, 1, 41, 47, 58, 7, 14, 67, 63, 27, 65, 42, 18, 54, 10, 24, 26, 6, 33, 77, 12, 38, 25, 37, 34, 43, 45, 16, 55, 39, 20, 36, 2, 51, 22, 23, 28, 40, 50, 11, 31, 52, 9, 60, 29, 4, 46, 19, 71, 74, 3, 57, 61, 75, 13, 59, 72, 0, 66, 70, 76, 21, 48, 35, 56, 68, 44, 64, 69, 32, 49, 53, 62, 73
32
30, 5, 8, 15, 17, 1, 41, 47, 58, 7, 14, 67, 63, 27, 65, 42, 18, 54, 10, 24, 26, 6, 33, 77, 12, 38, 25, 37, 34, 43, 45, 16, 55, 39, 20, 36, 2, 51, 22, 23, 28, 40, 50, 11, 31, 52, 9, 60, 29, 4, 46, 19, 71, 74, 3, 57, 61, 75, 13, 59, 72, 0, 66, 70, 76, 21, 48, 35, 56, 68, 44, 64, 69, 32, 49, 53, 62, 73
31
30, 5, 8, 15, 17, 1, 41, 47, 58, 7, 14, 67, 63, 27, 65, 42, 18, 54, 10, 24, 26, 6, 33, 77, 12, 38, 25, 37, 34, 43, 45, 16, 55, 39, 20, 36, 2, 51, 22, 23, 28, 40, 50, 11, 31, 52, 9, 60, 29, 4, 46, 19, 71, 74, 3, 57, 61, 75, 13, 59, 72, 0, 66, 70, 76, 21, 48, 35, 56, 68, 44, 64, 69, 32, 49, 53, 62, 73
30
30, 5, 8, 15, 17, 1, 41, 47, 58, 7, 14, 67, 63, 27, 65, 42, 18, 54, 10, 24, 26, 6, 33, 77, 12, 38, 25, 37, 34, 43, 45, 16, 55, 39, 20, 36, 2, 51, 22, 23, 28, 40, 50, 11, 31, 52, 9, 60, 29, 4, 46, 19, 71, 74, 3, 57, 61, 75, 13, 59, 72, 0, 66, 70, 76, 21, 48, 35, 56, 68, 44, 64, 69, 32, 49, 53, 62, 73
29
30, 5, 8, 15, 17, 1, 41, 47, 58, 7, 14, 67, 63, 27, 65, 42, 18, 54, 10, 24, 26, 6, 33, 77, 12, 38, 25, 37, 34, 43, 45, 16, 55, 39, 20, 36, 2, 51, 22, 23, 28, 40, 50, 11, 31, 52, 9, 60, 29, 4, 46, 19, 71, 74, 3, 57, 61, 75, 13, 59, 72, 0, 66, 70, 76, 21, 48, 35, 56, 68, 44, 64, 69, 32, 49, 53, 62, 73
28
30, 5, 8, 15, 17, 1, 41, 47, 58, 7, 14, 67, 63, 27, 65, 42, 18, 54, 10, 24, 26, 6, 33, 77, 12, 38, 25, 37, 34, 43, 45, 16, 55, 39, 20, 36, 2, 51, 22, 23, 28, 40, 50, 11, 31, 52, 9, 60, 29, 4, 46, 19, 71, 74, 3, 57, 61, 75, 13, 59, 72, 0, 66, 70, 76, 21, 48, 35, 56, 68, 44, 64, 69, 32, 49, 53, 62, 73
27
30, 5, 8, 15, 17, 1, 41, 47, 58, 7, 14, 67, 63, 27, 65, 42, 18, 54, 10, 24, 26, 6, 33, 77, 12, 38, 25, 37, 34, 43, 45, 16, 55, 39, 20, 36, 2, 51, 22, 23, 28, 40, 50, 11, 31, 52, 9, 60, 29, 4, 46, 19, 71, 74, 3, 57, 61, 75, 13, 59, 72, 0, 66, 70, 76, 21, 48, 35, 56, 68, 44, 64, 69, 32, 49, 53, 62, 73
26
30, 5, 8, 15, 17, 1, 41, 47, 58, 7, 14, 67, 63, 27, 65, 42, 18, 54, 10, 24, 26, 6, 33, 77, 12, 38, 25, 37, 34, 43, 45, 16, 55, 39, 20, 36, 2, 51, 22, 23, 28, 40, 50, 11, 31, 52, 9, 60, 29, 4, 46, 19, 71, 74, 3, 57, 61, 75, 13, 59, 72, 0, 66, 70, 76, 21, 48, 35, 56, 68, 44, 64, 69, 32, 49, 53, 62, 73
25
30, 5, 8, 15, 17, 1, 41, 47, 58, 7, 14, 67, 63, 27, 65, 42, 18, 54, 77, 38, 4, 46, 29, 66, 48, 53, 62, 73, 64, 12, 25, 51, 22, 37, 57, 56, 69, 10, 24, 26, 6, 33, 34, 43, 45, 16, 55, 39, 20, 36, 2, 23, 28, 40, 50, 11, 31, 52, 9, 60, 19, 71, 74, 3, 61, 75, 13, 59, 72, 0, 70, 76, 21, 35, 68, 44, 32, 49
24
30, 5, 8, 15, 17, 1, 41, 47, 58, 7, 14, 67, 63, 27, 65, 42, 38, 4, 46, 29, 66, 48, 53, 62, 25, 24, 45, 16, 55, 6, 39, 70, 76, 20, 51, 73, 56, 10, 26, 18, 54, 77, 64, 12, 22, 37, 57, 69, 33, 34, 43, 36, 2, 23, 28, 40, 50, 11, 31, 52, 9, 60, 19, 71, 74, 3, 61, 75, 13, 59, 72, 0, 21, 35, 68, 44, 32, 49
../benchmark_instances/2023result/docs/solver/benchmark/random_instance/random_instance006_graph005.col	78	234	24	2564318
# [date -Iseconds] 2025-10-03T19:38:59+09:00
# [ok] 0
