# [run] timeout 1h java -Xms1024g -Xmx1024g -Xss134m -cp ../src/pathwidth.jar Pathwidth ../benchmark_instances/2023result/docs/solver/benchmark/random_instance/random_instance007_graph005.col
# [date -Iseconds] 2025-10-03T23:39:01+09:00
../benchmark_instances/2023result/docs/solver/benchmark/random_instance/random_instance007_graph005.col
91
21, 15, 66, 17, 10, 64, 16, 45, 8, 50, 43, 57, 9, 30, 46, 19, 5, 1, 39, 27, 62, 36, 38, 48, 33, 14, 11, 41, 88, 12, 90, 20, 28, 22, 23, 76, 26, 3, 58, 35, 24, 47, 4, 32, 81, 29, 61, 6, 34, 49, 51, 63, 59, 65, 86, 70, 55, 78, 25, 18, 13, 87, 31, 84, 7, 56, 0, 40, 77, 89, 2, 67, 69, 37, 44, 52, 60, 71, 80, 42, 53, 54, 72, 73, 83, 85, 68, 74, 75, 79, 82
90
21, 15, 66, 17, 10, 64, 16, 45, 8, 50, 43, 57, 9, 30, 46, 19, 5, 1, 39, 27, 62, 36, 38, 48, 33, 14, 11, 41, 88, 12, 90, 20, 28, 22, 23, 76, 26, 3, 58, 35, 24, 47, 4, 32, 81, 29, 61, 6, 34, 49, 51, 63, 59, 65, 86, 70, 55, 78, 25, 18, 13, 87, 31, 84, 7, 56, 0, 40, 77, 89, 2, 67, 69, 37, 44, 52, 60, 71, 80, 42, 53, 54, 72, 73, 83, 85, 68, 74, 75, 79, 82
89
21, 15, 66, 17, 10, 64, 16, 45, 8, 50, 43, 57, 9, 30, 46, 19, 5, 1, 39, 27, 62, 36, 38, 48, 33, 14, 11, 41, 88, 12, 90, 20, 28, 22, 23, 76, 26, 3, 58, 35, 24, 47, 4, 32, 81, 29, 61, 6, 34, 49, 51, 63, 59, 65, 86, 70, 55, 78, 25, 18, 13, 87, 31, 84, 7, 56, 0, 40, 77, 89, 2, 67, 69, 37, 44, 52, 60, 71, 80, 42, 53, 54, 72, 73, 83, 85, 68, 74, 75, 79, 82
88
21, 15, 66, 17, 10, 64, 16, 45, 8, 50, 43, 57, 9, 30, 46, 19, 5, 1, 39, 27, 62, 36, 38, 48, 33, 14, 11, 41, 88, 12, 90, 20, 28, 22, 23, 76, 26, 3, 58, 35, 24, 47, 4, 32, 81, 29, 61, 6, 34, 49, 51, 63, 59, 65, 86, 70, 55, 78, 25, 18, 13, 87, 31, 84, 7, 56, 0, 40, 77, 89, 2, 67, 69, 37, 44, 52, 60, 71, 80, 42, 53, 54, 72, 73, 83, 85, 68, 74, 75, 79, 82
87
21, 15, 66, 17, 10, 64, 16, 45, 8, 50, 43, 57, 9, 30, 46, 19, 5, 1, 39, 27, 62, 36, 38, 48, 33, 14, 11, 41, 88, 12, 90, 20, 28, 22, 23, 76, 26, 3, 58, 35, 24, 47, 4, 32, 81, 29, 61, 6, 34, 49, 51, 63, 59, 65, 86, 70, 55, 78, 25, 18, 13, 87, 31, 84, 7, 56, 0, 40, 77, 89, 2, 67, 69, 37, 44, 52, 60, 71, 80, 42, 53, 54, 72, 73, 83, 85, 68, 74, 75, 79, 82
86
21, 15, 66, 17, 10, 64, 16, 45, 8, 50, 43, 57, 9, 30, 46, 19, 5, 1, 39, 27, 62, 36, 38, 48, 33, 14, 11, 41, 88, 12, 90, 20, 28, 22, 23, 76, 26, 3, 58, 35, 24, 47, 4, 32, 81, 29, 61, 6, 34, 49, 51, 63, 59, 65, 86, 70, 55, 78, 25, 18, 13, 87, 31, 84, 7, 56, 0, 40, 77, 89, 2, 67, 69, 37, 44, 52, 60, 71, 80, 42, 53, 54, 72, 73, 83, 85, 68, 74, 75, 79, 82
85
21, 15, 66, 17, 10, 64, 16, 45, 8, 50, 43, 57, 9, 30, 46, 19, 5, 1, 39, 27, 62, 36, 38, 48, 33, 14, 11, 41, 88, 12, 90, 20, 28, 22, 23, 76, 26, 3, 58, 35, 24, 47, 4, 32, 81, 29, 61, 6, 34, 49, 51, 63, 59, 65, 86, 70, 55, 78, 25, 18, 13, 87, 31, 84, 7, 56, 0, 40, 77, 89, 2, 67, 69, 37, 44, 52, 60, 71, 80, 42, 53, 54, 72, 73, 83, 85, 68, 74, 75, 79, 82
84
21, 15, 66, 17, 10, 64, 16, 45, 8, 50, 43, 57, 9, 30, 46, 19, 5, 1, 39, 27, 62, 36, 38, 48, 33, 14, 11, 41, 88, 12, 90, 20, 28, 22, 23, 76, 26, 3, 58, 35, 24, 47, 4, 32, 81, 29, 61, 6, 34, 49, 51, 63, 59, 65, 86, 70, 55, 78, 25, 18, 13, 87, 31, 84, 7, 56, 0, 40, 77, 89, 2, 67, 69, 37, 44, 52, 60, 71, 80, 42, 53, 54, 72, 73, 83, 85, 68, 74, 75, 79, 82
83
21, 15, 66, 17, 10, 64, 16, 45, 8, 50, 43, 57, 9, 30, 46, 19, 5, 1, 39, 27, 62, 36, 38, 48, 33, 14, 11, 41, 88, 12, 90, 20, 28, 22, 23, 76, 26, 3, 58, 35, 24, 47, 4, 32, 81, 29, 61, 6, 34, 49, 51, 63, 59, 65, 86, 70, 55, 78, 25, 18, 13, 87, 31, 84, 7, 56, 0, 40, 77, 89, 2, 67, 69, 37, 44, 52, 60, 71, 80, 42, 53, 54, 72, 73, 83, 85, 68, 74, 75, 79, 82
82
21, 15, 66, 17, 10, 64, 16, 45, 8, 50, 43, 57, 9, 30, 46, 19, 5, 1, 39, 27, 62, 36, 38, 48, 33, 14, 11, 41, 88, 12, 90, 20, 28, 22, 23, 76, 26, 3, 58, 35, 24, 47, 4, 32, 81, 29, 61, 6, 34, 49, 51, 63, 59, 65, 86, 70, 55, 78, 25, 18, 13, 87, 31, 84, 7, 56, 0, 40, 77, 89, 2, 67, 69, 37, 44, 52, 60, 71, 80, 42, 53, 54, 72, 73, 83, 85, 68, 74, 75, 79, 82
81
21, 15, 66, 17, 10, 64, 16, 45, 8, 50, 43, 57, 9, 30, 46, 19, 5, 1, 39, 27, 62, 36, 38, 48, 33, 14, 11, 41, 88, 12, 90, 20, 28, 22, 23, 76, 26, 3, 58, 35, 24, 47, 4, 32, 81, 29, 61, 6, 34, 49, 51, 63, 59, 65, 86, 70, 55, 78, 25, 18, 13, 87, 31, 84, 7, 56, 0, 40, 77, 89, 2, 67, 69, 37, 44, 52, 60, 71, 80, 42, 53, 54, 72, 73, 83, 85, 68, 74, 75, 79, 82
80
21, 15, 66, 17, 10, 64, 16, 45, 8, 50, 43, 57, 9, 30, 46, 19, 5, 1, 39, 27, 62, 36, 38, 48, 33, 14, 11, 41, 88, 12, 90, 20, 28, 22, 23, 76, 26, 3, 58, 35, 24, 47, 4, 32, 81, 29, 61, 6, 34, 49, 51, 63, 59, 65, 86, 70, 55, 78, 25, 18, 13, 87, 31, 84, 7, 56, 0, 40, 77, 89, 2, 67, 69, 37, 44, 52, 60, 71, 80, 42, 53, 54, 72, 73, 83, 85, 68, 74, 75, 79, 82
79
21, 15, 66, 17, 10, 64, 16, 45, 8, 50, 43, 57, 9, 30, 46, 19, 5, 1, 39, 27, 62, 36, 38, 48, 33, 14, 11, 41, 88, 12, 90, 20, 28, 22, 23, 76, 26, 3, 58, 35, 24, 47, 4, 32, 81, 29, 61, 6, 34, 49, 51, 63, 59, 65, 86, 70, 55, 78, 25, 18, 13, 87, 31, 84, 7, 56, 0, 40, 77, 89, 2, 67, 69, 37, 44, 52, 60, 71, 80, 42, 53, 54, 72, 73, 83, 85, 68, 74, 75, 79, 82
78
21, 15, 66, 17, 10, 64, 16, 45, 8, 50, 43, 57, 9, 30, 46, 19, 5, 1, 39, 27, 62, 36, 38, 48, 33, 14, 11, 41, 88, 12, 90, 20, 28, 22, 23, 76, 26, 3, 58, 35, 24, 47, 4, 32, 81, 29, 61, 6, 34, 49, 51, 63, 59, 65, 86, 70, 55, 78, 25, 18, 13, 87, 31, 84, 7, 56, 0, 40, 77, 89, 2, 67, 69, 37, 44, 52, 60, 71, 80, 42, 53, 54, 72, 73, 83, 85, 68, 74, 75, 79, 82
77
21, 15, 66, 17, 10, 64, 16, 45, 8, 50, 43, 57, 9, 30, 46, 19, 5, 1, 39, 27, 62, 36, 38, 48, 33, 14, 11, 41, 88, 12, 90, 20, 28, 22, 23, 76, 26, 3, 58, 35, 24, 47, 4, 32, 81, 29, 61, 6, 34, 49, 51, 63, 59, 65, 86, 70, 55, 78, 25, 18, 13, 87, 31, 84, 7, 56, 0, 40, 77, 89, 2, 67, 69, 37, 44, 52, 60, 71, 80, 42, 53, 54, 72, 73, 83, 85, 68, 74, 75, 79, 82
76
21, 15, 66, 17, 10, 64, 16, 45, 8, 50, 43, 57, 9, 30, 46, 19, 5, 1, 39, 27, 62, 36, 38, 48, 33, 14, 11, 41, 88, 12, 90, 20, 28, 22, 23, 76, 26, 3, 58, 35, 24, 47, 4, 32, 81, 29, 61, 6, 34, 49, 51, 63, 59, 65, 86, 70, 55, 78, 25, 18, 13, 87, 31, 84, 7, 56, 0, 40, 77, 89, 2, 67, 69, 37, 44, 52, 60, 71, 80, 42, 53, 54, 72, 73, 83, 85, 68, 74, 75, 79, 82
75
21, 15, 66, 17, 10, 64, 16, 45, 8, 50, 43, 57, 9, 30, 46, 19, 5, 1, 39, 27, 62, 36, 38, 48, 33, 14, 11, 41, 88, 12, 90, 20, 28, 22, 23, 76, 26, 3, 58, 35, 24, 47, 4, 32, 81, 29, 61, 6, 34, 49, 51, 63, 59, 65, 86, 70, 55, 78, 25, 18, 13, 87, 31, 84, 7, 56, 0, 40, 77, 89, 2, 67, 69, 37, 44, 52, 60, 71, 80, 42, 53, 54, 72, 73, 83, 85, 68, 74, 75, 79, 82
74
21, 15, 66, 17, 10, 64, 16, 45, 8, 50, 43, 57, 9, 30, 46, 19, 5, 1, 39, 27, 62, 36, 38, 48, 33, 14, 11, 41, 88, 12, 90, 20, 28, 22, 23, 76, 26, 3, 58, 35, 24, 47, 4, 32, 81, 29, 61, 6, 34, 49, 51, 63, 59, 65, 86, 70, 55, 78, 25, 18, 13, 87, 31, 84, 7, 56, 0, 40, 77, 89, 2, 67, 69, 37, 44, 52, 60, 71, 80, 42, 53, 54, 72, 73, 83, 85, 68, 74, 75, 79, 82
73
21, 15, 66, 17, 10, 64, 16, 45, 8, 50, 43, 57, 9, 30, 46, 19, 5, 1, 39, 27, 62, 36, 38, 48, 33, 14, 11, 41, 88, 12, 90, 20, 28, 22, 23, 76, 26, 3, 58, 35, 24, 47, 4, 32, 81, 29, 61, 6, 34, 49, 51, 63, 59, 65, 86, 70, 55, 78, 25, 18, 13, 87, 31, 84, 7, 56, 0, 40, 77, 89, 2, 67, 69, 37, 44, 52, 60, 71, 80, 42, 53, 54, 72, 73, 83, 85, 68, 74, 75, 79, 82
72
21, 15, 66, 17, 10, 64, 16, 45, 8, 50, 43, 57, 9, 30, 46, 19, 5, 1, 39, 27, 62, 36, 38, 48, 33, 14, 11, 41, 88, 12, 90, 20, 28, 22, 23, 76, 26, 3, 58, 35, 24, 47, 4, 32, 81, 29, 61, 6, 34, 49, 51, 63, 59, 65, 86, 70, 55, 78, 25, 18, 13, 87, 31, 84, 7, 56, 0, 40, 77, 89, 2, 67, 69, 37, 44, 52, 60, 71, 80, 42, 53, 54, 72, 73, 83, 85, 68, 74, 75, 79, 82
71
21, 15, 66, 17, 10, 64, 16, 45, 8, 50, 43, 57, 9, 30, 46, 19, 5, 1, 39, 27, 62, 36, 38, 48, 33, 14, 11, 41, 88, 12, 90, 20, 28, 22, 23, 76, 26, 3, 58, 35, 24, 47, 4, 32, 81, 29, 61, 6, 34, 49, 51, 63, 59, 65, 86, 70, 55, 78, 25, 18, 13, 87, 31, 84, 7, 56, 0, 40, 77, 89, 2, 67, 69, 37, 44, 52, 60, 71, 80, 42, 53, 54, 72, 73, 83, 85, 68, 74, 75, 79, 82
70
21, 15, 66, 17, 10, 64, 16, 45, 8, 50, 43, 57, 9, 30, 46, 19, 5, 1, 39, 27, 62, 36, 38, 48, 33, 14, 11, 41, 88, 12, 90, 20, 28, 22, 23, 76, 26, 3, 58, 35, 24, 47, 4, 32, 81, 29, 61, 6, 34, 49, 51, 63, 59, 65, 86, 70, 55, 78, 25, 18, 13, 87, 31, 84, 7, 56, 0, 40, 77, 89, 2, 67, 69, 37, 44, 52, 60, 71, 80, 42, 53, 54, 72, 73, 83, 85, 68, 74, 75, 79, 82
69
21, 15, 66, 17, 10, 64, 16, 45, 8, 50, 43, 57, 9, 30, 46, 19, 5, 1, 39, 27, 62, 36, 38, 48, 33, 14, 11, 41, 88, 12, 90, 20, 28, 22, 23, 76, 26, 3, 58, 35, 24, 47, 4, 32, 81, 29, 61, 6, 34, 49, 51, 63, 59, 65, 86, 70, 55, 78, 25, 18, 13, 87, 31, 84, 7, 56, 0, 40, 77, 89, 2, 67, 69, 37, 44, 52, 60, 71, 80, 42, 53, 54, 72, 73, 83, 85, 68, 74, 75, 79, 82
68
21, 15, 66, 17, 10, 64, 16, 45, 8, 50, 43, 57, 9, 30, 46, 19, 5, 1, 39, 27, 62, 36, 38, 48, 33, 14, 11, 41, 88, 12, 90, 20, 28, 22, 23, 76, 26, 3, 58, 35, 24, 47, 4, 32, 81, 29, 61, 6, 34, 49, 51, 63, 59, 65, 86, 70, 55, 78, 25, 18, 13, 87, 31, 84, 7, 56, 0, 40, 77, 89, 2, 67, 69, 37, 44, 52, 60, 71, 80, 42, 53, 54, 72, 73, 83, 85, 68, 74, 75, 79, 82
67
21, 15, 66, 17, 10, 64, 16, 45, 8, 50, 43, 57, 9, 30, 46, 19, 5, 1, 39, 27, 62, 36, 38, 48, 33, 14, 11, 41, 88, 12, 90, 20, 28, 22, 23, 76, 26, 3, 58, 35, 24, 47, 4, 32, 81, 29, 61, 6, 34, 49, 51, 63, 59, 65, 86, 70, 55, 78, 25, 18, 13, 87, 31, 84, 7, 56, 0, 40, 77, 89, 2, 67, 69, 37, 44, 52, 60, 71, 80, 42, 53, 54, 72, 73, 83, 85, 68, 74, 75, 79, 82
66
21, 15, 66, 17, 10, 64, 16, 45, 8, 50, 43, 57, 9, 30, 46, 19, 5, 1, 39, 27, 62, 36, 38, 48, 33, 14, 11, 41, 88, 12, 90, 20, 28, 22, 23, 76, 26, 3, 58, 35, 24, 47, 4, 32, 81, 29, 61, 6, 34, 49, 51, 63, 59, 65, 86, 70, 55, 78, 25, 18, 13, 87, 31, 84, 7, 56, 0, 40, 77, 89, 2, 67, 69, 37, 44, 52, 60, 71, 80, 42, 53, 54, 72, 73, 83, 85, 68, 74, 75, 79, 82
65
21, 15, 66, 17, 10, 64, 16, 45, 8, 50, 43, 57, 9, 30, 46, 19, 5, 1, 39, 27, 62, 36, 38, 48, 33, 14, 11, 41, 88, 12, 90, 20, 28, 22, 23, 76, 26, 3, 58, 35, 24, 47, 4, 32, 81, 29, 61, 6, 34, 49, 51, 63, 59, 65, 86, 70, 55, 78, 25, 18, 13, 87, 31, 84, 7, 56, 0, 40, 77, 89, 2, 67, 69, 37, 44, 52, 60, 71, 80, 42, 53, 54, 72, 73, 83, 85, 68, 74, 75, 79, 82
64
21, 15, 66, 17, 10, 64, 16, 45, 8, 50, 43, 57, 9, 30, 46, 19, 5, 1, 39, 27, 62, 36, 38, 48, 33, 14, 11, 41, 88, 12, 90, 20, 28, 22, 23, 76, 26, 3, 58, 35, 24, 47, 4, 32, 81, 29, 61, 6, 34, 49, 51, 63, 59, 65, 86, 70, 55, 78, 25, 18, 13, 87, 31, 84, 7, 56, 0, 40, 77, 89, 2, 67, 69, 37, 44, 52, 60, 71, 80, 42, 53, 54, 72, 73, 83, 85, 68, 74, 75, 79, 82
63
21, 15, 66, 17, 10, 64, 16, 45, 8, 50, 43, 57, 9, 30, 46, 19, 5, 1, 39, 27, 62, 36, 38, 48, 33, 14, 11, 41, 88, 12, 90, 20, 28, 22, 23, 76, 26, 3, 58, 35, 24, 47, 4, 32, 81, 29, 61, 6, 34, 49, 51, 63, 59, 65, 86, 70, 55, 78, 25, 18, 13, 87, 31, 84, 7, 56, 0, 40, 77, 89, 2, 67, 69, 37, 44, 52, 60, 71, 80, 42, 53, 54, 72, 73, 83, 85, 68, 74, 75, 79, 82
62
21, 15, 66, 17, 10, 64, 16, 45, 8, 50, 43, 57, 9, 30, 46, 19, 5, 1, 39, 27, 62, 36, 38, 48, 33, 14, 11, 41, 88, 12, 90, 20, 28, 22, 23, 76, 26, 3, 58, 35, 24, 47, 4, 32, 81, 29, 61, 6, 34, 49, 51, 63, 59, 65, 86, 70, 55, 78, 25, 18, 13, 87, 31, 84, 7, 56, 0, 40, 77, 89, 2, 67, 69, 37, 44, 52, 60, 71, 80, 42, 53, 54, 72, 73, 83, 85, 68, 74, 75, 79, 82
61
21, 15, 66, 17, 10, 64, 16, 45, 8, 50, 43, 57, 9, 30, 46, 19, 5, 1, 39, 27, 62, 36, 38, 48, 33, 14, 11, 41, 88, 12, 90, 20, 28, 22, 23, 76, 26, 3, 58, 35, 24, 47, 4, 32, 81, 29, 61, 6, 34, 49, 51, 63, 59, 65, 86, 70, 55, 78, 25, 18, 13, 87, 31, 84, 7, 56, 0, 40, 77, 89, 2, 67, 69, 37, 44, 52, 60, 71, 80, 42, 53, 54, 72, 73, 83, 85, 68, 74, 75, 79, 82
60
21, 15, 66, 17, 10, 64, 16, 45, 8, 50, 43, 57, 9, 30, 46, 19, 5, 1, 39, 27, 62, 36, 38, 48, 33, 14, 11, 41, 88, 12, 90, 20, 28, 22, 23, 76, 26, 3, 58, 35, 24, 47, 4, 32, 81, 29, 61, 6, 34, 49, 51, 63, 59, 65, 86, 70, 55, 78, 25, 18, 13, 87, 31, 84, 7, 56, 0, 40, 77, 89, 2, 67, 69, 37, 44, 52, 60, 71, 80, 42, 53, 54, 72, 73, 83, 85, 68, 74, 75, 79, 82
59
21, 15, 66, 17, 10, 64, 16, 45, 8, 50, 43, 57, 9, 30, 46, 19, 5, 1, 39, 27, 62, 36, 38, 48, 33, 14, 11, 41, 88, 12, 90, 20, 28, 22, 23, 76, 26, 3, 58, 35, 24, 47, 4, 32, 81, 29, 61, 6, 34, 49, 51, 63, 59, 65, 86, 70, 55, 78, 25, 18, 13, 87, 31, 84, 7, 56, 0, 40, 77, 89, 2, 67, 69, 37, 44, 52, 60, 71, 80, 42, 53, 54, 72, 73, 83, 85, 68, 74, 75, 79, 82
58
21, 15, 66, 17, 10, 64, 16, 45, 8, 50, 43, 57, 9, 30, 46, 19, 5, 1, 39, 27, 62, 36, 38, 48, 33, 14, 11, 41, 88, 12, 90, 20, 28, 22, 23, 76, 26, 3, 58, 35, 24, 47, 4, 32, 81, 29, 61, 6, 34, 49, 51, 63, 59, 65, 86, 70, 55, 78, 25, 18, 13, 87, 31, 84, 7, 56, 0, 40, 77, 89, 2, 67, 69, 37, 44, 52, 60, 71, 80, 42, 53, 54, 72, 73, 83, 85, 68, 74, 75, 79, 82
57
21, 15, 66, 17, 10, 64, 16, 45, 8, 50, 43, 57, 9, 30, 46, 19, 5, 1, 39, 27, 62, 36, 38, 48, 33, 14, 11, 41, 88, 12, 90, 20, 28, 22, 23, 76, 26, 3, 58, 35, 24, 47, 4, 32, 81, 29, 61, 6, 34, 49, 51, 63, 59, 65, 86, 70, 55, 78, 25, 18, 13, 87, 31, 84, 7, 56, 0, 40, 77, 89, 2, 67, 69, 37, 44, 52, 60, 71, 80, 42, 53, 54, 72, 73, 83, 85, 68, 74, 75, 79, 82
56
21, 15, 66, 17, 10, 64, 16, 45, 8, 50, 43, 57, 9, 30, 46, 19, 5, 1, 39, 27, 62, 36, 38, 48, 33, 14, 11, 41, 88, 12, 90, 20, 28, 22, 23, 76, 26, 3, 58, 35, 24, 47, 4, 32, 81, 29, 61, 6, 34, 49, 51, 63, 59, 65, 86, 70, 55, 78, 25, 18, 13, 87, 31, 84, 7, 56, 0, 40, 77, 89, 2, 67, 69, 37, 44, 52, 60, 71, 80, 42, 53, 54, 72, 73, 83, 85, 68, 74, 75, 79, 82
55
21, 15, 66, 17, 10, 64, 16, 45, 8, 50, 43, 57, 9, 30, 46, 19, 5, 1, 39, 27, 62, 36, 38, 48, 33, 14, 11, 41, 88, 12, 90, 20, 28, 22, 23, 76, 26, 3, 58, 35, 24, 47, 4, 32, 81, 29, 61, 6, 34, 49, 51, 63, 59, 65, 86, 70, 55, 78, 25, 18, 13, 87, 31, 84, 7, 56, 0, 40, 77, 89, 2, 67, 69, 37, 44, 52, 60, 71, 80, 42, 53, 54, 72, 73, 83, 85, 68, 74, 75, 79, 82
54
21, 15, 66, 17, 10, 64, 16, 45, 8, 50, 43, 57, 9, 30, 46, 19, 5, 1, 39, 27, 62, 36, 38, 48, 33, 14, 11, 41, 88, 12, 90, 20, 28, 22, 23, 76, 26, 3, 58, 35, 24, 47, 4, 32, 81, 29, 61, 6, 34, 49, 51, 63, 59, 65, 86, 70, 55, 78, 25, 18, 13, 87, 31, 84, 7, 56, 0, 40, 77, 89, 2, 67, 69, 37, 44, 52, 60, 71, 80, 42, 53, 54, 72, 73, 83, 85, 68, 74, 75, 79, 82
53
21, 15, 66, 17, 10, 64, 16, 45, 8, 50, 43, 57, 9, 30, 46, 19, 5, 1, 39, 27, 62, 36, 38, 48, 33, 14, 11, 41, 88, 12, 90, 20, 28, 22, 23, 76, 26, 3, 58, 35, 24, 47, 4, 32, 81, 29, 61, 6, 34, 49, 51, 63, 59, 65, 86, 70, 55, 78, 25, 18, 13, 87, 31, 84, 7, 56, 0, 40, 77, 89, 2, 67, 69, 37, 44, 52, 60, 71, 80, 42, 53, 54, 72, 73, 83, 85, 68, 74, 75, 79, 82
52
21, 15, 66, 17, 10, 64, 16, 45, 8, 50, 43, 57, 9, 30, 46, 19, 5, 1, 39, 27, 62, 36, 38, 48, 33, 14, 11, 41, 88, 12, 90, 20, 28, 22, 23, 76, 26, 3, 58, 35, 24, 47, 4, 32, 81, 29, 61, 6, 34, 49, 51, 63, 59, 65, 86, 70, 55, 78, 25, 18, 13, 87, 31, 84, 7, 56, 0, 40, 77, 89, 2, 67, 69, 37, 44, 52, 60, 71, 80, 42, 53, 54, 72, 73, 83, 85, 68, 74, 75, 79, 82
51
21, 15, 66, 17, 10, 64, 16, 45, 8, 50, 43, 57, 9, 30, 46, 19, 5, 1, 39, 27, 62, 36, 38, 48, 33, 14, 11, 41, 88, 12, 90, 20, 28, 22, 23, 76, 26, 3, 58, 35, 24, 47, 4, 32, 81, 29, 61, 6, 34, 49, 51, 63, 59, 65, 86, 70, 55, 78, 25, 18, 13, 87, 31, 84, 7, 56, 0, 40, 77, 89, 2, 67, 69, 37, 44, 52, 60, 71, 80, 42, 53, 54, 72, 73, 83, 85, 68, 74, 75, 79, 82
50
21, 15, 66, 17, 10, 64, 16, 45, 8, 50, 43, 57, 9, 30, 46, 19, 5, 1, 39, 27, 62, 36, 38, 48, 33, 14, 11, 41, 88, 12, 90, 20, 28, 22, 23, 76, 26, 3, 58, 35, 24, 47, 4, 32, 81, 29, 61, 6, 34, 49, 51, 63, 59, 65, 86, 70, 55, 78, 25, 18, 13, 87, 31, 84, 7, 56, 0, 40, 77, 89, 2, 67, 69, 37, 44, 52, 60, 71, 80, 42, 53, 54, 72, 73, 83, 85, 68, 74, 75, 79, 82
49
21, 15, 66, 17, 10, 64, 16, 45, 8, 50, 43, 57, 9, 30, 46, 19, 5, 1, 39, 27, 62, 36, 38, 48, 33, 14, 11, 41, 88, 12, 90, 20, 28, 22, 23, 76, 26, 3, 58, 35, 24, 47, 4, 32, 81, 29, 61, 6, 34, 49, 51, 63, 59, 65, 86, 70, 55, 78, 25, 18, 13, 87, 31, 84, 7, 56, 0, 40, 77, 89, 2, 67, 69, 37, 44, 52, 60, 71, 80, 42, 53, 54, 72, 73, 83, 85, 68, 74, 75, 79, 82
48
21, 15, 66, 17, 10, 64, 16, 45, 8, 50, 43, 57, 9, 30, 46, 19, 5, 1, 39, 27, 62, 36, 38, 48, 33, 14, 11, 41, 88, 12, 90, 20, 28, 22, 23, 76, 26, 3, 58, 35, 24, 47, 4, 32, 81, 29, 61, 6, 34, 49, 51, 63, 59, 65, 86, 70, 55, 78, 25, 18, 13, 87, 31, 84, 7, 56, 0, 40, 77, 89, 2, 67, 69, 37, 44, 52, 60, 71, 80, 42, 53, 54, 72, 73, 83, 85, 68, 74, 75, 79, 82
47
21, 15, 66, 17, 10, 64, 16, 45, 8, 50, 43, 57, 9, 30, 46, 19, 5, 1, 39, 27, 62, 36, 38, 48, 33, 14, 11, 41, 88, 12, 90, 20, 28, 22, 23, 76, 26, 3, 58, 35, 24, 47, 4, 32, 81, 29, 61, 6, 34, 49, 51, 63, 59, 65, 86, 70, 55, 78, 25, 18, 13, 87, 31, 84, 7, 56, 0, 40, 77, 89, 2, 67, 69, 37, 44, 52, 60, 71, 80, 42, 53, 54, 72, 73, 83, 85, 68, 74, 75, 79, 82
46
21, 15, 66, 17, 10, 64, 16, 45, 8, 50, 43, 57, 9, 30, 46, 19, 5, 1, 39, 27, 62, 36, 38, 48, 33, 14, 11, 41, 88, 12, 90, 20, 28, 22, 23, 76, 26, 3, 58, 35, 24, 47, 4, 32, 81, 29, 61, 6, 34, 49, 51, 63, 59, 65, 86, 70, 55, 78, 25, 18, 13, 87, 31, 84, 7, 56, 0, 40, 77, 89, 2, 67, 69, 37, 44, 52, 60, 71, 80, 42, 53, 54, 72, 73, 83, 85, 68, 74, 75, 79, 82
45
21, 15, 66, 17, 10, 64, 16, 45, 8, 50, 43, 57, 9, 30, 46, 19, 5, 1, 39, 27, 62, 36, 38, 48, 33, 14, 11, 41, 88, 12, 90, 20, 28, 22, 23, 76, 26, 3, 58, 35, 24, 47, 4, 32, 81, 29, 61, 6, 34, 49, 51, 63, 59, 65, 86, 70, 55, 78, 25, 18, 13, 87, 31, 84, 7, 56, 0, 40, 77, 89, 2, 67, 69, 37, 44, 52, 60, 71, 80, 42, 53, 54, 72, 73, 83, 85, 68, 74, 75, 79, 82
44
21, 15, 66, 17, 10, 64, 16, 45, 8, 50, 43, 57, 9, 30, 46, 19, 5, 1, 39, 27, 62, 36, 38, 48, 33, 14, 11, 41, 88, 12, 90, 20, 28, 22, 23, 76, 26, 3, 58, 35, 24, 47, 4, 32, 81, 29, 61, 6, 34, 49, 51, 63, 59, 65, 86, 70, 55, 78, 25, 18, 13, 87, 31, 84, 7, 56, 0, 40, 77, 89, 2, 67, 69, 37, 44, 52, 60, 71, 80, 42, 53, 54, 72, 73, 83, 85, 68, 74, 75, 79, 82
43
21, 15, 66, 17, 10, 64, 16, 45, 8, 50, 43, 57, 9, 30, 46, 19, 5, 1, 39, 27, 62, 36, 38, 48, 33, 14, 11, 41, 88, 12, 90, 20, 28, 22, 23, 76, 26, 3, 58, 35, 24, 47, 4, 32, 81, 29, 61, 6, 34, 49, 51, 63, 59, 65, 86, 70, 55, 78, 25, 18, 13, 87, 31, 84, 7, 56, 0, 40, 77, 89, 2, 67, 69, 37, 44, 52, 60, 71, 80, 42, 53, 54, 72, 73, 83, 85, 68, 74, 75, 79, 82
42
21, 15, 66, 17, 10, 64, 16, 45, 8, 50, 43, 57, 9, 30, 46, 19, 5, 1, 39, 27, 62, 36, 38, 48, 33, 14, 11, 41, 88, 12, 90, 20, 28, 22, 23, 76, 26, 3, 58, 35, 24, 47, 4, 32, 81, 29, 61, 6, 34, 49, 51, 63, 59, 65, 86, 70, 55, 78, 25, 18, 13, 87, 31, 84, 7, 56, 0, 40, 77, 89, 2, 67, 69, 37, 44, 52, 60, 71, 80, 42, 53, 54, 72, 73, 83, 85, 68, 74, 75, 79, 82
41
21, 15, 66, 17, 10, 64, 16, 45, 8, 50, 43, 57, 9, 30, 46, 19, 5, 1, 39, 27, 62, 36, 38, 48, 33, 14, 11, 41, 88, 12, 90, 20, 28, 22, 23, 76, 26, 3, 58, 35, 24, 47, 4, 32, 81, 29, 61, 6, 34, 49, 51, 63, 59, 65, 86, 70, 55, 78, 25, 18, 13, 87, 31, 84, 7, 56, 0, 40, 77, 89, 2, 67, 69, 37, 44, 52, 60, 71, 80, 42, 53, 54, 72, 73, 83, 85, 68, 74, 75, 79, 82
40
21, 15, 66, 17, 10, 64, 16, 45, 8, 50, 43, 57, 9, 30, 46, 19, 5, 1, 39, 27, 62, 36, 38, 48, 33, 14, 11, 41, 88, 12, 90, 20, 28, 22, 23, 76, 26, 3, 58, 35, 24, 47, 4, 32, 81, 29, 61, 6, 34, 49, 51, 63, 59, 65, 86, 70, 55, 78, 25, 18, 13, 87, 31, 84, 7, 56, 0, 40, 77, 89, 2, 67, 69, 37, 44, 52, 60, 71, 80, 42, 53, 54, 72, 73, 83, 85, 68, 74, 75, 79, 82
39
21, 15, 66, 17, 10, 64, 16, 45, 8, 50, 43, 57, 9, 30, 46, 19, 5, 1, 39, 27, 62, 36, 38, 48, 33, 14, 11, 41, 88, 12, 90, 20, 28, 22, 23, 76, 26, 3, 58, 35, 24, 47, 4, 32, 81, 29, 61, 6, 34, 49, 51, 63, 59, 65, 86, 70, 55, 78, 25, 18, 13, 87, 31, 84, 7, 56, 0, 40, 77, 89, 2, 67, 69, 37, 44, 52, 60, 71, 80, 42, 53, 54, 72, 73, 83, 85, 68, 74, 75, 79, 82
38
21, 15, 66, 17, 10, 64, 16, 45, 8, 50, 43, 57, 9, 30, 46, 19, 5, 1, 39, 27, 62, 36, 38, 48, 33, 14, 11, 41, 88, 12, 90, 20, 28, 22, 23, 76, 26, 3, 58, 35, 24, 47, 4, 32, 81, 29, 61, 6, 34, 49, 51, 63, 59, 65, 86, 70, 55, 78, 25, 18, 13, 87, 31, 84, 7, 56, 0, 40, 77, 89, 2, 67, 69, 37, 44, 52, 60, 71, 80, 42, 53, 54, 72, 73, 83, 85, 68, 74, 75, 79, 82
37
21, 15, 66, 17, 10, 64, 16, 45, 8, 50, 43, 57, 9, 30, 46, 19, 5, 1, 39, 27, 62, 36, 38, 48, 33, 14, 11, 41, 88, 12, 90, 20, 28, 22, 23, 76, 26, 3, 58, 35, 24, 47, 4, 32, 81, 29, 61, 6, 34, 49, 51, 63, 59, 65, 86, 70, 55, 78, 25, 18, 13, 87, 31, 84, 7, 56, 0, 40, 77, 89, 2, 67, 69, 37, 44, 52, 60, 71, 80, 42, 53, 54, 72, 73, 83, 85, 68, 74, 75, 79, 82
36
21, 15, 66, 17, 10, 64, 16, 45, 8, 50, 43, 57, 9, 30, 46, 19, 5, 1, 39, 27, 62, 36, 38, 48, 33, 14, 11, 41, 88, 12, 90, 20, 28, 22, 23, 76, 26, 3, 58, 35, 24, 47, 4, 32, 81, 29, 61, 6, 34, 49, 51, 63, 59, 65, 86, 70, 55, 78, 25, 18, 13, 87, 31, 84, 7, 56, 0, 40, 77, 89, 2, 67, 69, 37, 44, 52, 60, 71, 80, 42, 53, 54, 72, 73, 83, 85, 68, 74, 75, 79, 82
35
21, 15, 66, 17, 10, 64, 16, 45, 8, 50, 43, 57, 9, 30, 46, 19, 5, 1, 39, 27, 62, 36, 38, 48, 33, 14, 11, 41, 88, 12, 90, 20, 28, 22, 23, 76, 26, 3, 58, 35, 24, 47, 4, 32, 81, 29, 61, 6, 34, 49, 51, 63, 59, 65, 86, 70, 55, 78, 25, 18, 13, 87, 31, 84, 7, 56, 0, 40, 77, 89, 2, 67, 69, 37, 44, 52, 60, 71, 80, 42, 53, 54, 72, 73, 83, 85, 68, 74, 75, 79, 82
34
21, 15, 66, 17, 10, 64, 16, 45, 8, 50, 43, 57, 9, 30, 46, 19, 5, 1, 39, 27, 62, 36, 38, 48, 33, 14, 11, 41, 88, 12, 90, 20, 28, 22, 23, 76, 26, 3, 58, 35, 24, 47, 4, 32, 81, 29, 61, 6, 34, 49, 51, 63, 59, 65, 86, 70, 55, 78, 25, 18, 13, 87, 31, 84, 7, 56, 0, 40, 77, 89, 2, 67, 69, 37, 44, 52, 60, 71, 80, 42, 53, 54, 72, 73, 83, 85, 68, 74, 75, 79, 82
33
21, 15, 66, 17, 10, 64, 16, 45, 8, 50, 43, 57, 9, 30, 46, 19, 5, 1, 39, 27, 62, 36, 38, 48, 33, 14, 11, 41, 88, 12, 90, 20, 28, 22, 23, 76, 26, 3, 58, 35, 24, 47, 4, 32, 81, 29, 61, 6, 34, 49, 51, 63, 59, 65, 86, 70, 55, 78, 25, 18, 13, 87, 31, 84, 7, 56, 0, 40, 77, 89, 2, 67, 69, 37, 44, 52, 60, 71, 80, 42, 53, 54, 72, 73, 83, 85, 68, 74, 75, 79, 82
32
21, 15, 66, 17, 10, 64, 16, 45, 8, 50, 43, 57, 9, 30, 46, 19, 5, 1, 39, 27, 62, 36, 38, 48, 33, 14, 11, 41, 88, 12, 90, 20, 28, 22, 23, 76, 26, 3, 58, 35, 24, 47, 4, 32, 81, 29, 61, 6, 34, 49, 51, 63, 59, 65, 86, 70, 55, 78, 25, 18, 13, 87, 31, 84, 7, 56, 0, 40, 77, 89, 2, 67, 69, 37, 44, 52, 60, 71, 80, 42, 53, 54, 72, 73, 83, 85, 68, 74, 75, 79, 82
31
21, 15, 66, 17, 10, 64, 16, 45, 8, 50, 43, 57, 9, 30, 46, 19, 5, 1, 39, 27, 62, 36, 38, 48, 33, 14, 11, 41, 88, 12, 90, 20, 28, 22, 23, 76, 26, 3, 58, 35, 24, 47, 4, 32, 81, 29, 61, 6, 34, 49, 51, 63, 59, 65, 86, 70, 55, 78, 25, 18, 13, 87, 31, 84, 7, 56, 0, 40, 77, 89, 2, 67, 69, 37, 44, 52, 60, 71, 80, 42, 53, 54, 72, 73, 83, 85, 68, 74, 75, 79, 82
30
21, 15, 66, 17, 10, 64, 16, 45, 8, 50, 43, 57, 9, 30, 46, 19, 5, 1, 39, 27, 62, 36, 38, 48, 33, 14, 11, 41, 88, 12, 90, 20, 28, 22, 23, 76, 26, 3, 58, 35, 24, 47, 4, 32, 81, 29, 61, 6, 34, 49, 51, 63, 59, 65, 86, 70, 55, 78, 25, 18, 13, 87, 31, 84, 7, 56, 0, 40, 77, 89, 2, 67, 69, 37, 44, 52, 60, 71, 80, 42, 53, 54, 72, 73, 83, 85, 68, 74, 75, 79, 82
29
21, 15, 66, 17, 10, 64, 16, 45, 8, 50, 43, 57, 9, 30, 46, 19, 5, 1, 39, 27, 62, 36, 48, 35, 63, 51, 70, 32, 29, 61, 80, 44, 87, 65, 86, 38, 33, 14, 47, 88, 12, 90, 20, 59, 55, 78, 6, 23, 28, 11, 41, 22, 76, 26, 3, 58, 24, 4, 81, 34, 49, 25, 18, 13, 31, 84, 7, 56, 0, 40, 77, 89, 2, 67, 69, 37, 52, 60, 71, 42, 53, 54, 72, 73, 83, 85, 68, 74, 75, 79, 82
28
21, 15, 66, 17, 10, 64, 16, 45, 8, 50, 43, 57, 9, 30, 46, 19, 5, 1, 39, 27, 62, 48, 35, 63, 51, 70, 32, 29, 61, 80, 44, 87, 65, 86, 38, 33, 14, 47, 88, 12, 90, 20, 59, 13, 18, 25, 55, 36, 78, 6, 23, 28, 11, 41, 22, 76, 26, 3, 58, 24, 4, 81, 34, 49, 31, 84, 7, 56, 0, 40, 77, 89, 2, 67, 69, 37, 52, 60, 71, 42, 53, 54, 72, 73, 83, 85, 68, 74, 75, 79, 82
27
21, 15, 66, 17, 10, 64, 16, 45, 8, 50, 43, 57, 32, 80, 29, 38, 88, 37, 55, 60, 40, 77, 89, 49, 71, 69, 61, 47, 24, 52, 44, 87, 86, 78, 63, 70, 51, 33, 14, 12, 59, 1, 27, 62, 65, 19, 90, 20, 13, 18, 25, 30, 48, 9, 46, 5, 39, 35, 36, 6, 23, 28, 11, 41, 22, 76, 26, 3, 58, 4, 81, 34, 31, 84, 7, 56, 0, 2, 67, 42, 53, 54, 72, 73, 83, 85, 68, 74, 75, 79, 82
# [date -Iseconds] 2025-10-04T00:39:01+09:00
# [timeout] 124
